/app
total 16K
drwxr-xr-x 1 root root 4.0K Sep 21 02:50 GELATO
-rw-rw-r-- 1 1000 1000 1010 Sep 27 11:23 gelato.sh
drwxrwxr-x 2 1000  984 4.0K Sep 30 22:28 input
drwxrwxr-x 2 1000 1000 4.0K Sep 30 01:16 output
GELATO: z=0.34872591495513916  json=my_sdss.json  fits=my_sdss.fits
Welcome to GELATO
Galaxy/AGN Emission Line Analysis TOol
Developed by R. E. Hviding
Started making gelato at 2026-09-30 22:28:23.819117
Making GELATO for my_sdss.fits
Gathering ingredients: my_sdss.fits
Ingredients gathered: my_sdss.fits
Making the base: my_sdss.fits
Base created: my_sdss.fits
Adding flavor: my_sdss.fits
Flavor added: my_sdss.fits
Presenting GELATO: my_sdss.fits
GELATO presented: my_sdss.fits
Measuring texture: my_sdss.fits
Measured texture: my_sdss.fits
Freezing results: my_sdss.fits
Results freezed: my_sdss.fits
GELATO finished for my_sdss.fits
Finished making GELATO at 2026-09-30 22:30:03.892867
Elapsed time: 0:01:40.073734
