patched GLEAM doublet ties
WARNING: AstropyDeprecationWarning: The truth value of a Quantity is ambiguous. In the future this will raise a ValueError. [astropy.units.quantity]
Now working in  on sdss in sdss + fiber1 on source 1 at z=0.175.
Warning: non-constant dispersion
[[Model]]
    (Model(constant) + Model(gaussian, prefix='g0_'))
[[Fit Statistics]]
    # fitting method   = leastsq
    # function evals   = 36
    # data points      = 163
    # variables        = 4
    chi-square         = 1173.29351
    reduced chi-square = 7.37920447
    Akaike info crit   = 329.732634
    Bayesian info crit = 342.107635
    R-squared          = 0.27621865
[[Variables]]
    c:             1109.99051 +/- 4.95043419 (0.45%) (init = 1124.795)
    g0_amplitude:  1298.74427 +/- 207.548247 (15.98%) (init = 1637.179)
    g0_center:     3726.81900 +/- 0.41601525 (0.01%) (init = 3728.48)
    g0_sigma:      2.36291065 +/- 0.42277352 (17.89%) (init = 2.89103)
    g0_fwhm:       5.56422926 +/- 0.99555554 (17.89%) == '2.3548200*g0_sigma'
    g0_height:     219.273643 +/- 33.6113968 (15.33%) == '0.3989423*g0_amplitude/max(1e-15, g0_sigma)'
[[Correlations]] (unreported correlations are < 0.100)
    C(g0_amplitude, g0_sigma) = +0.5955
    C(c, g0_amplitude)        = -0.2997
    C(c, g0_sigma)            = -0.1785
Warning: non-constant dispersion
Warning: non-constant dispersion
[[Model]]
    ((Model(constant) + Model(gaussian, prefix='g0_')) + Model(gaussian, prefix='g1_'))
[[Fit Statistics]]
    # fitting method   = leastsq
    # function evals   = 12778
    # data points      = 125
    # variables        = 7
    chi-square         = 217.741402
    reduced chi-square = 1.84526612
    Akaike info crit   = 83.3742988
    Bayesian info crit = 103.172495
    R-squared          = 0.97845511
[[Variables]]
    c:             224.298898 +/- 60.4418057 (26.95%) (init = 322.8084)
    g0_amplitude:  14603.8555 +/- 13138.6346 (89.97%) (init = 1390.857)
    g0_center:     4865.68000 +/- 0.60191751 (0.01%) (init = 4862.68)
    g0_sigma:      51.7865245 +/- 24.3934042 (47.10%) (init = 2.89103)
    g1_amplitude:  5463.20813 +/- 753.491411 (13.79%) (init = 1390.857)
    g1_center:     4860.84321 +/- 0.42667965 (0.01%) (init = 4862.68)
    g1_sigma:      14.5512065 +/- 0.80982478 (5.57%) (init = 2.89103)
    g0_fwhm:       121.947944 +/- 57.4420762 (47.10%) == '2.3548200*g0_sigma'
    g0_height:     112.502156 +/- 49.1993675 (43.73%) == '0.3989423*g0_amplitude/max(1e-15, g0_sigma)'
    g1_fwhm:       34.2654721 +/- 1.90699158 (5.57%) == '2.3548200*g1_sigma'
    g1_height:     149.781725 +/- 13.2959789 (8.88%) == '0.3989423*g1_amplitude/max(1e-15, g1_sigma)'
[[Correlations]] (unreported correlations are < 0.100)
    C(c, g0_amplitude)            = -0.9997
    C(c, g0_sigma)                = -0.9915
    C(g0_amplitude, g0_sigma)     = +0.9911
    C(g1_amplitude, g1_sigma)     = +0.9276
    C(g0_sigma, g1_amplitude)     = +0.8589
    C(c, g1_amplitude)            = -0.7944
    C(g0_amplitude, g1_amplitude) = +0.7884
    C(g0_sigma, g1_sigma)         = +0.6947
    C(c, g1_sigma)                = -0.6220
    C(g0_amplitude, g1_sigma)     = +0.6134
    C(g0_sigma, g1_center)        = +0.6074
    C(c, g1_center)               = -0.5970
    C(g0_amplitude, g1_center)    = +0.5970
    C(g1_amplitude, g1_center)    = +0.5319
    C(g1_center, g1_sigma)        = +0.4340
    C(g0_center, g1_sigma)        = -0.4161
    C(g0_center, g1_amplitude)    = -0.4111
    C(g0_center, g0_sigma)        = -0.2308
    C(c, g0_center)               = +0.1774
    C(g0_amplitude, g0_center)    = -0.1745
    C(g0_center, g1_center)       = +0.1585
NonDetection when fitting set of lines [4862.68 4862.68] Angstrom, try a simpler model
[[Model]]
    (Model(constant) + Model(gaussian, prefix='g0_'))
[[Fit Statistics]]
    # fitting method   = leastsq
    # function evals   = 46
    # data points      = 125
    # variables        = 4
    chi-square         = 326.211821
    reduced chi-square = 2.69596546
    Akaike info crit   = 127.904149
    Bayesian info crit = 139.217404
    R-squared          = 0.96772227
[[Variables]]
    c:             284.803355 +/- 2.07796358 (0.73%) (init = 322.8084)
    g0_amplitude:  9006.66972 +/- 243.192666 (2.70%) (init = 1390.857)
    g0_center:     4861.63715 +/- 0.31579329 (0.01%) (init = 4862.68)
    g0_sigma:      18.4087726 +/- 0.41933906 (2.28%) (init = 2.89103)
    g0_fwhm:       43.3493459 +/- 0.98746800 (2.28%) == '2.3548200*g0_sigma'
    g0_height:     195.186372 +/- 3.25357801 (1.67%) == '0.3989423*g0_amplitude/max(1e-15, g0_sigma)'
[[Correlations]] (unreported correlations are < 0.100)
    C(c, g0_amplitude)        = -0.8350
    C(g0_amplitude, g0_sigma) = +0.7886
    C(c, g0_sigma)            = -0.6579
Warning: non-constant dispersion
Warning: non-constant dispersion
Warning: non-constant dispersion
Warning: non-constant dispersion
[[Model]]
    ((Model(constant) + Model(gaussian, prefix='g0_')) + Model(gaussian, prefix='g1_'))
[[Fit Statistics]]
    # fitting method   = leastsq
    # function evals   = 64
    # data points      = 163
    # variables        = 6
    chi-square         = 2200.35526
    reduced chi-square = 14.0150017
    Akaike info crit   = 436.227697
    Bayesian info crit = 454.790198
    R-squared          = 0.72754147
[[Variables]]
    c:             338.786168 +/- 3.12211924 (0.92%) (init = 341.1267)
    g0_amplitude:  853.206832 +/- 52.2598487 (6.13%) == 'g1_amplitude / 3.0'
    g0_center:     4957.62244 +/- 0.64136917 (0.01%) (init = 4960.3)
    g0_sigma:      2.98874651 +/- 0.53772046 (17.99%) (init = 2.89103)
    g1_amplitude:  2559.62050 +/- 156.779546 (6.13%) (init = 2774.27)
    g1_center:     5005.57526 +/- 0.19359320 (0.00%) (init = 5008.24)
    g1_sigma:      2.78873084 +/- 0.19484635 (6.99%) (init = 2.89103)
    g0_fwhm:       7.03796006 +/- 1.26623489 (17.99%) == '2.3548200*g0_sigma'
    g0_height:     113.887308 +/- 20.0904975 (17.64%) == '0.3989423*g0_amplitude/max(1e-15, g0_sigma)'
    g1_fwhm:       6.56695916 +/- 0.45882809 (6.99%) == '2.3548200*g1_sigma'
    g1_height:     366.166885 +/- 22.0659241 (6.03%) == '0.3989423*g1_amplitude/max(1e-15, g1_sigma)'
[[Correlations]] (unreported correlations are < 0.100)
    C(g1_amplitude, g1_sigma) = +0.5844
    C(c, g1_amplitude)        = -0.3573
    C(g0_sigma, g1_amplitude) = +0.2269
    C(c, g1_sigma)            = -0.2088
    C(g0_sigma, g1_sigma)     = +0.1326
Warning: non-constant dispersion
Warning: non-constant dispersion
[[Model]]
    (((Model(constant) + Model(gaussian, prefix='g0_')) + Model(gaussian, prefix='g1_')) + Model(gaussian, prefix='g2_'))
[[Fit Statistics]]
    # fitting method   = leastsq
    # function evals   = 337
    # data points      = 91
    # variables        = 10
    chi-square         = 168.564494
    reduced chi-square = 2.08104313
    Akaike info crit   = 76.0977620
    Bayesian info crit = 101.206357
    R-squared          = 0.99783057
[[Variables]]
    c:             77.6998765 +/- 0.80120814 (1.03%) (init = 140.7018)
    g0_amplitude:  10220.5181 +/- 123.485997 (1.21%) (init = 1305.424)
    g0_center:     6561.60000 +/- 0.01606353 (0.00%) (init = 6564.6)
    g0_sigma:      24.4135359 +/- 0.23745411 (0.97%) (init = 2.89103)
    g1_amplitude:  587.877871 +/- 30.1508265 (5.13%) (init = 1305.424)
    g1_center:     6561.87733 +/- 0.10589761 (0.00%) (init = 6564.6)
    g1_sigma:      3.08612988 +/- 0.13256103 (4.30%) (init = 2.89103)
    g2_amplitude:  372.511756 +/- 33.0542046 (8.87%) (init = 1305.424)
    g2_center:     6582.30164 +/- 0.23633070 (0.00%) (init = 6585.27)
    g2_sigma:      3.80966860 +/- 0.28550543 (7.49%) (init = 2.89103)
    g0_fwhm:       57.4894826 +/- 0.55916170 (0.97%) == '2.3548200*g0_sigma'
    g0_height:     167.013784 +/- 1.66186871 (1.00%) == '0.3989423*g0_amplitude/max(1e-15, g0_sigma)'
    g1_fwhm:       7.26728038 +/- 0.31215736 (4.30%) == '2.3548200*g1_sigma'
    g1_height:     75.9946466 +/- 2.52153114 (3.32%) == '0.3989423*g1_amplitude/max(1e-15, g1_sigma)'
    g2_fwhm:       8.97108381 +/- 0.67231391 (7.49%) == '2.3548200*g2_sigma'
    g2_height:     39.0088252 +/- 2.25813120 (5.79%) == '0.3989423*g2_amplitude/max(1e-15, g2_sigma)'
[[Correlations]] (unreported correlations are < 0.100)
    C(c, g0_amplitude)            = -0.8180
    C(g1_amplitude, g1_sigma)     = +0.7659
    C(g2_amplitude, g2_sigma)     = +0.7623
    C(g0_center, g2_amplitude)    = +0.6929
    C(c, g0_sigma)                = -0.6600
    C(g0_amplitude, g0_sigma)     = +0.6023
    C(g0_center, g2_sigma)        = +0.5137
    C(g0_amplitude, g2_amplitude) = -0.4908
    C(g1_amplitude, g2_amplitude) = +0.4907
    C(g0_sigma, g1_amplitude)     = +0.4737
    C(g1_amplitude, g2_sigma)     = +0.3709
    C(g1_sigma, g2_amplitude)     = +0.3699
    C(g0_amplitude, g0_center)    = -0.3671
    C(g0_center, g1_amplitude)    = +0.3626
    C(g0_amplitude, g2_sigma)     = -0.3611
    C(g0_sigma, g1_sigma)         = +0.3435
    C(g1_sigma, g2_sigma)         = +0.2747
    C(g0_center, g1_sigma)        = +0.2731
    C(g0_sigma, g2_center)        = -0.2500
    C(g0_amplitude, g1_amplitude) = -0.2169
    C(g1_amplitude, g2_center)    = -0.2021
    C(g0_amplitude, g1_sigma)     = -0.1758
    C(g0_center, g1_center)       = +0.1691
    C(c, g0_center)               = +0.1491
    C(g1_sigma, g2_center)        = -0.1466
    C(c, g2_amplitude)            = +0.1387
    C(g1_center, g2_amplitude)    = +0.1117
    C(c, g1_amplitude)            = -0.1056
Warning: non-constant dispersion
Warning: non-constant dispersion
[[Model]]
    ((Model(constant) + Model(gaussian, prefix='g0_')) + Model(gaussian, prefix='g1_'))
[[Fit Statistics]]
    # fitting method   = leastsq
    # function evals   = 174
    # data points      = 100
    # variables        = 7
    chi-square         = 480.523913
    reduced chi-square = 5.16692379
    Akaike info crit   = 170.970681
    Bayesian info crit = 189.206872
    R-squared          = 0.09238748
[[Variables]]
    c:             771.568238 +/- 7.57096544 (0.98%) (init = 771.1385)
    g0_amplitude:  771.956592 +/- 357.727096 (46.34%) (init = 1161.917)
    g0_center:     6715.65034 +/- 1.47327614 (0.02%) (init = 6718.29)
    g0_sigma:      2.91084682 +/- 1.50139653 (51.58%) (init = 2.89103)
    g1_amplitude:  382.001113 +/- 289.773972 (75.86%) (init = 1161.917)
    g1_center:     6729.67990 +/- 1.70635815 (0.03%) (init = 6732.67)
    g1_sigma:      1.97317705 +/- 1.68491073 (85.39%) (init = 2.89103)
    g0_fwhm:       6.85452032 +/- 3.53551858 (51.58%) == '2.3548200*g0_sigma'
    g0_height:     105.799500 +/- 46.6870627 (44.13%) == '0.3989423*g0_amplitude/max(1e-15, g0_sigma)'
    g1_fwhm:       4.64647678 +/- 3.96766148 (85.39%) == '2.3548200*g1_sigma'
    g1_height:     77.2340235 +/- 56.6709313 (73.38%) == '0.3989423*g1_amplitude/max(1e-15, g1_sigma)'
[[Correlations]] (unreported correlations are < 0.100)
    C(g0_amplitude, g0_sigma) = +0.5984
    C(g1_amplitude, g1_sigma) = +0.5914
    C(c, g0_amplitude)        = -0.3241
    C(c, g1_amplitude)        = -0.2700
    C(c, g0_sigma)            = -0.1906
    C(c, g1_sigma)            = -0.1563
NonDetection when fitting set of lines [6718.29 6732.67] Angstrom, try a simpler model
[[Model]]
    (Model(constant) + Model(gaussian, prefix='g0_'))
[[Fit Statistics]]
    # fitting method   = leastsq
    # function evals   = 61
    # data points      = 100
    # variables        = 4
    chi-square         = 494.351126
    reduced chi-square = 5.14949090
    Akaike info crit   = 167.807586
    Bayesian info crit = 178.228267
    R-squared          = 0.06627067
[[Variables]]
    c:             774.266130 +/- 7.26838172 (0.94%) (init = 771.1385)
    g0_amplitude:  735.909547 +/- 351.646462 (47.78%) (init = 1161.917)
    g0_center:     6715.66473 +/- 1.49033168 (0.02%) (init = 6718.29)
    g0_sigma:      2.84470248 +/- 1.51777845 (53.35%) (init = 2.89103)
    g0_fwhm:       6.69876231 +/- 3.57409503 (53.35%) == '2.3548200*g0_sigma'
    g0_height:     103.204271 +/- 47.1134851 (45.65%) == '0.3989423*g0_amplitude/max(1e-15, g0_sigma)'
[[Correlations]] (unreported correlations are < 0.100)
    C(g0_amplitude, g0_sigma) = +0.5974
    C(c, g0_amplitude)        = -0.3128
    C(c, g0_sigma)            = -0.1868
Warning: non-constant dispersion
Warning: non-constant dispersion
Warning: non-constant dispersion
Matplotlib Version: 3.7.5
total 2824
-rw-r--r-- 1 root root 473895 Sep 29 07:45 linefits.sdss.sdss.fiber1.001.Ha.Ha_broad.NII1.png
-rw-r--r-- 1 root root 469685 Sep 29 07:44 linefits.sdss.sdss.fiber1.001.Hb.Hb_broad.png
-rw-r--r-- 1 root root 480057 Sep 29 07:44 linefits.sdss.sdss.fiber1.001.OII.png
-rw-r--r-- 1 root root 451466 Sep 29 07:45 linefits.sdss.sdss.fiber1.001.OIII4.OIII5.png
-rw-r--r-- 1 root root 467802 Sep 29 07:45 linefits.sdss.sdss.fiber1.001.SII1.SII2.png
-rw-r--r-- 1 root root  20160 Sep 29 07:45 linefits.sdss.sdss.fiber1.001.fits
-rw-r--r-- 1 root root 514224 Sep 29 07:45 linefits.sdss.sdss.fiber1.001.png
total 12K
-rw-r--r-- 1 root root 1.2K Sep 21 02:20 =5.2
drwxr-xr-x 1 root root 4.0K Sep 29 07:43 input
drwxrwxr-x 2 1000 1000 4.0K Sep 29 07:45 output
-rw-r--r-- 1 root root 1.2K Sep 21 02:20 /app/=5.2

/app/input:
total 128K
-rw-rw-r-- 1 1000 1000  12K Aug 28 20:16 Sky_bands.fits
-rw-rw-r-- 1 1000 1000 1.3K Sep 29 07:43 gleam.sh
-rw-rw-r-- 1 1000 1000 2.6K Sep 29 07:43 gleam_doublet_patch.py
-rw-rw-r-- 1 1000 1000 2.5K Sep 29 07:43 gleamconfig.yaml
-rw-rw-r-- 1 1000 1000 8.5K Sep 27 12:39 line_table.fits
-rw-rw-r-- 1 1000 1000  115 Sep 29 07:43 meta.dat
-rw-rw-r-- 1 1000 1000  85K Sep 29 07:43 spec1d.sdss.sdss.fiber1.1.fits

/app/output:
total 2.8M
-rw-r--r-- 1 root root 463K Sep 29 07:45 linefits.sdss.sdss.fiber1.001.Ha.Ha_broad.NII1.png
-rw-r--r-- 1 root root 459K Sep 29 07:44 linefits.sdss.sdss.fiber1.001.Hb.Hb_broad.png
-rw-r--r-- 1 root root 469K Sep 29 07:44 linefits.sdss.sdss.fiber1.001.OII.png
-rw-r--r-- 1 root root 441K Sep 29 07:45 linefits.sdss.sdss.fiber1.001.OIII4.OIII5.png
-rw-r--r-- 1 root root 457K Sep 29 07:45 linefits.sdss.sdss.fiber1.001.SII1.SII2.png
-rw-r--r-- 1 root root  20K Sep 29 07:45 linefits.sdss.sdss.fiber1.001.fits
-rw-r--r-- 1 root root 503K Sep 29 07:45 linefits.sdss.sdss.fiber1.001.png
