my_sdss.fits
[0.8948797 0.8948797 0.8948797 ... 0.8948797 0.8948797 0.8948797]
Directory  my_sdss  Created 
global my_sdss/
Directory  output/  already exists
stati 393052.2516598576
1 iter stat:  784.1090844655955
2 iter stat:  235.34535103894814
3 iter stat:  96.29782425214216
4 iter stat:  59.03140355363939
5 iter stat:  41.03466021776694
6 iter stat:  30.93180184554876
7 iter stat:  24.52247762866682
8 iter stat:  17.361469161438436
9 iter stat:  13.646376828299253
10 iter stat:  11.44981850930344
fit ok
./output/my_sdss_model.csv
brokenpowerlaw + OIIIb5007_br + OIIIa4959_br + OIIIb5007_na + OIIIa4959_na + NII6583_na + NII6548_na + HBeta4863_br + HAlpha6565_br + HBeta4863_na + HAlpha6565_na + feii
   Param        Type          Value          Min          Max      Units
   -----        ----          -----          ---          ---      -----
   brokenpowerlaw.refer thawed      5458.42         5400         7000  angstroms
   brokenpowerlaw.ampl thawed      27.1843      24.7001      27.3001  angstroms
   brokenpowerlaw.index1 thawed     -1.50187           -3            0           
   brokenpowerlaw.index2 thawed     0.626154           -1            1           
   OIIIb5007_br.ampl thawed      3.65928            0           50           
   OIIIb5007_br.pos frozen       5006.8            0  3.40282e+38  angstroms
   OIIIb5007_br.offs_kms thawed        -1500        -1500          500       km/s
   OIIIb5007_br.fwhm thawed       4240.7          700         6000       km/s
   OIIIa4959_br.ampl linked      1.21976 expr: OIIIb5007_br.ampl / 3.0           
   OIIIa4959_br.pos frozen       4958.9            0  3.40282e+38  angstroms
   OIIIa4959_br.offs_kms linked        -1500 expr: OIIIb5007_br.offs_kms       km/s
   OIIIa4959_br.fwhm linked       4240.7  expr: OIIIb5007_br.fwhm       km/s
   OIIIb5007_na.ampl thawed           50            0           50           
   OIIIb5007_na.pos frozen       5006.8            0  3.40282e+38  angstroms
   OIIIb5007_na.offs_kms thawed     -34.0694        -1500          500       km/s
   OIIIb5007_na.fwhm thawed      693.294          100         1500       km/s
   OIIIa4959_na.ampl linked      16.6667 expr: OIIIb5007_na.ampl / 3.0           
   OIIIa4959_na.pos frozen       4958.9            0  3.40282e+38  angstroms
   OIIIa4959_na.offs_kms linked     -34.0694 expr: OIIIb5007_na.offs_kms       km/s
   OIIIa4959_na.fwhm linked      693.294  expr: OIIIb5007_na.fwhm       km/s
   NII6583_na.ampl thawed      17.9969            0           50           
   NII6583_na.pos frozen      6583.46            0  3.40282e+38  angstroms
   NII6583_na.offs_kms linked     -34.0694 expr: OIIIb5007_na.offs_kms       km/s
   NII6583_na.fwhm linked      693.294  expr: OIIIb5007_na.fwhm       km/s
   NII6548_na.ampl linked      5.99896 expr: NII6583_na.ampl / 3.0           
   NII6548_na.pos frozen      6548.05            0  3.40282e+38  angstroms
   NII6548_na.offs_kms linked     -34.0694 expr: OIIIb5007_na.offs_kms       km/s
   NII6548_na.fwhm linked      693.294  expr: OIIIb5007_na.fwhm       km/s
   HBeta4863_br.ampl thawed      21.8804            0           50           
   HBeta4863_br.pos frozen      4862.68            0  3.40282e+38  angstroms
   HBeta4863_br.offs_kms thawed     -61.0607        -1500          500       km/s
   HBeta4863_br.fwhm thawed      5370.76          700         6000       km/s
   HAlpha6565_br.ampl thawed           50            0           50           
   HAlpha6565_br.pos frozen       6564.6            0  3.40282e+38  angstroms
   HAlpha6565_br.offs_kms thawed      29.0352        -1500          500       km/s
   HAlpha6565_br.fwhm thawed         6000          700         6000       km/s
   HBeta4863_na.ampl thawed      8.69043            0           50           
   HBeta4863_na.pos frozen      4862.68            0  3.40282e+38  angstroms
   HBeta4863_na.offs_kms thawed      -292.14        -1500          500       km/s
   HBeta4863_na.fwhm thawed      1104.53          100         1500       km/s
   HAlpha6565_na.ampl thawed      49.4089            0           50           
   HAlpha6565_na.pos frozen       6564.6            0  3.40282e+38  angstroms
   HAlpha6565_na.offs_kms thawed     -325.197        -1500          500       km/s
   HAlpha6565_na.fwhm thawed         1500          100         1500       km/s
   feii.amp_a2D2 thawed            0            0         1000           
   feii.amp_a4G thawed      1.65332            0         1000           
   feii.amp_a4H thawed      3.22583            0         1000           
   feii.amp_a6S thawed      1.99557            0         1000           
   feii.amp_b2H thawed            0            0         1000           
   feii.amp_b4D thawed            0            0         1000           
   feii.amp_b4F thawed      1.28648            0         1000           
   feii.amp_b4P thawed            0            0         1000           
   feii.amp_e4D thawed            0            0         1000           
   feii.amp_z4D thawed      1.83906            0         1000           
   feii.amp_z4F thawed      4.23742            0         1000           
   feii.amp_z4P thawed            0            0         1000           
   feii.amp_y4G thawed            0            0         1000           
   feii.amp_b4G thawed            0            0         1000           
   feii.amp_x4D thawed     0.524794            0         1000           
   feii.amp_y4P thawed            0            0         1000           
   feii.offs_kms thawed      273.383         -800          800           
   feii.fwhm    thawed       5384.9          300         6000           
mcmc ok
