my_sdss.fits
[1.72486183 1.78307867 1.84547186 ... 0.49201706 0.46990442 0.49878567]
Directory  my_sdss  Created 
global my_sdss/
Directory  output/  already exists
stati 317230.2585670232
1 iter stat:  3686.3233437213494
2 iter stat:  751.8215942098541
3 iter stat:  453.4461709300376
4 iter stat:  166.66852635586838
5 iter stat:  167.6837234941122
6 iter stat:  282.5402167549473
7 iter stat:  55.43733734133275
8 iter stat:  45.743501994686085
9 iter stat:  37.45854214357678
10 iter stat:  27.05393058509071
fit ok
./output/my_sdss_model.csv
brokenpowerlaw + OIIIb5007_br + OIIIa4959_br + OIIIb5007_na + OIIIa4959_na + NII6583_na + NII6548_na + HBeta4863_br + HAlpha6565_br + HBeta4863_na + HAlpha6565_na + feii
   Param        Type          Value          Min          Max      Units
   -----        ----          -----          ---          ---      -----
   brokenpowerlaw.refer thawed      5483.39         5400         7000  angstroms
   brokenpowerlaw.ampl thawed      21.6956      19.6294      21.6956  angstroms
   brokenpowerlaw.index1 thawed     -1.93298           -3            0           
   brokenpowerlaw.index2 thawed            1           -1            1           
   OIIIb5007_br.ampl thawed      30.2872            0          200           
   OIIIb5007_br.pos frozen      5006.84            0  3.40282e+38  angstroms
   OIIIb5007_br.offs_kms thawed     -206.316        -1500          500       km/s
   OIIIb5007_br.fwhm thawed          700          700         8000       km/s
   OIIIa4959_br.ampl linked      10.0957 expr: OIIIb5007_br.ampl / 3.0           
   OIIIa4959_br.pos frozen       4958.9            0  3.40282e+38  angstroms
   OIIIa4959_br.offs_kms linked     -206.316 expr: OIIIb5007_br.offs_kms       km/s
   OIIIa4959_br.fwhm linked          700  expr: OIIIb5007_br.fwhm       km/s
   OIIIb5007_na.ampl thawed            0            0          200           
   OIIIb5007_na.pos frozen      5006.84            0  3.40282e+38  angstroms
   OIIIb5007_na.offs_kms thawed        -1500        -1500          500       km/s
   OIIIb5007_na.fwhm thawed         2000          100         2000       km/s
   OIIIa4959_na.ampl linked            0 expr: OIIIb5007_na.ampl / 3.0           
   OIIIa4959_na.pos frozen       4958.9            0  3.40282e+38  angstroms
   OIIIa4959_na.offs_kms linked        -1500 expr: OIIIb5007_na.offs_kms       km/s
   OIIIa4959_na.fwhm linked         2000  expr: OIIIb5007_na.fwhm       km/s
   NII6583_na.ampl thawed      11.5638            0          200           
   NII6583_na.pos frozen      6583.46            0  3.40282e+38  angstroms
   NII6583_na.offs_kms linked        -1500 expr: OIIIb5007_na.offs_kms       km/s
   NII6583_na.fwhm linked         2000  expr: OIIIb5007_na.fwhm       km/s
   NII6548_na.ampl linked      3.85459 expr: NII6583_na.ampl / 3.0           
   NII6548_na.pos frozen      6548.05            0  3.40282e+38  angstroms
   NII6548_na.offs_kms linked        -1500 expr: OIIIb5007_na.offs_kms       km/s
   NII6548_na.fwhm linked         2000  expr: OIIIb5007_na.fwhm       km/s
   HBeta4863_br.ampl thawed      8.30157            0          200           
   HBeta4863_br.pos frozen      4861.33            0  3.40282e+38  angstroms
   HBeta4863_br.offs_kms thawed          500        -1500          500       km/s
   HBeta4863_br.fwhm thawed       7171.8          700         8000       km/s
   HAlpha6565_br.ampl thawed      21.5909            0          200           
   HAlpha6565_br.pos frozen      6562.82            0  3.40282e+38  angstroms
   HAlpha6565_br.offs_kms linked          500 expr: HBeta4863_br.offs_kms       km/s
   HAlpha6565_br.fwhm linked       7171.8  expr: HBeta4863_br.fwhm       km/s
   HBeta4863_na.ampl thawed      28.9283            0          200           
   HBeta4863_na.pos frozen      4861.33            0  3.40282e+38  angstroms
   HBeta4863_na.offs_kms thawed     -32.7389        -1500          500       km/s
   HBeta4863_na.fwhm thawed         2000          100         2000       km/s
   HAlpha6565_na.ampl thawed      79.5595            0          200           
   HAlpha6565_na.pos frozen      6562.82            0  3.40282e+38  angstroms
   HAlpha6565_na.offs_kms linked     -32.7389 expr: HBeta4863_na.offs_kms       km/s
   HAlpha6565_na.fwhm linked         2000  expr: HBeta4863_na.fwhm       km/s
   feii.amp_a2D2 thawed            0            0         1000           
   feii.amp_a4G thawed     0.744048            0         1000           
   feii.amp_a4H thawed      2.14921            0         1000           
   feii.amp_a6S thawed       1.0415            0         1000           
   feii.amp_b2H thawed            0            0         1000           
   feii.amp_b4D thawed  0.000120213            0         1000           
   feii.amp_b4F thawed     0.463384            0         1000           
   feii.amp_b4P thawed            0            0         1000           
   feii.amp_e4D thawed      2.03761            0         1000           
   feii.amp_z4D thawed      3.09233            0         1000           
   feii.amp_z4F thawed      6.66147            0         1000           
   feii.amp_z4P thawed      2.03761            0         1000           
   feii.amp_y4G thawed            0            0         1000           
   feii.amp_b4G thawed            0            0         1000           
   feii.amp_x4D thawed     0.538843            0         1000           
   feii.amp_y4P thawed            0            0         1000           
   feii.offs_kms thawed      400.651         -800          800           
   feii.fwhm    thawed      2503.35          300         6000           
skipping monte_carlo (FANTASY_MC=0)
