<IPython.core.display.HTML object>
/app/BADASS3/example_spectra/2-onur
/app/BADASS3/example_spectra/2-onur/my_sdss.fits
0.37709343433380127
Start process memory: 0.22359245                    
 Folder has not been created.  Creating MCMC_output folder...

 > Starting fit for 2-onur

 Input fitting region exceeds available wavelength range.  BADASS will adjust your fitting range automatically...
		- Input fitting range: (2900, 8000)
		- Available wavelength range: (2590, 7551)
		- New fitting region is (2900, 7552). 


 Input spectrum is not linearly binned. BADASS will linearly rebin and conserve flux...


-----------------------------------------------------------
 file:                        my_sdss.fits                  
 redshift:                    0.37709                       
 fitting region:              (2900,7552) [A]               
 velocity scale:              69.03 [km/s/pixel]            
 Galactic E(B-V):             0.000                         
 Flux Normalization:          1e-17                         
 Fit Normalization:           43.82734                      
-----------------------------------------------------------

 Initializing parameters...
----------------------------------------------------------------------------------------------------
	- Fitting a SSP host-galaxy template.
	- Fitting additive legendre polynomial component.
	- Fitting Simple AGN power-law continuum.
	- Fitting broad and narrow optical FeII using Veron-Cetty et al. (2004) optical FeII templates
	 		* varying optical FeII amplitudes
	 		* varying optical FeII dispersion.
	 		* varying optical FeII voff

 Warning! Peak finding algorithm used for initial guesses of amplitude and velocity failed! Defaulting to user-defined locations...

 Warning! Peak finding algorithm used for initial guesses of amplitude and velocity failed! Defaulting to user-defined locations...

----------------------------------------------------------------------------------------------------------------------------------------

----------------------------------------------------------------------------------------------------------------------------------------

 Line List:

----------------------------------------------------------------------------------------------------------------------------------------
BR_H_ALPHA                                                                                
                              amp                           free                          
                              center                        6564.6                        
                              center_pix                    3548.934645442245             
                              disp                          free                          
                              disp_res_ang                  1.8502644967088868            
                              disp_res_kms                  84.49796505780856             
                              line_profile                  gaussian                      
                              line_type                     br                            
                              ncomp                         1                             
                              voff                          free                          
BR_H_BETA                                                                                 
                              amp                           free                          
                              center                        4862.691                      
                              center_pix                    2245.6758979522447            
                              disp                          BR_H_ALPHA_DISP               
                              disp_res_ang                  1.8502644967088868            
                              disp_res_kms                  114.0716820004582             
                              line_profile                  gaussian                      
                              line_type                     br                            
                              ncomp                         1                             
                              voff                          BR_H_ALPHA_VOFF               
NA_H_ALPHA                                                                                
                              amp                           free                          
                              center                        6564.6                        
                              center_pix                    3548.934645442245             
                              disp                          free                          
                              disp_res_ang                  1.8502644967088868            
                              disp_res_kms                  84.49796505780856             
                              label                         [H$\alpha$]                   
                              line_profile                  gaussian                      
                              line_type                     na                            
                              ncomp                         1                             
                              voff                          free                          
NA_H_BETA                                                                                 
                              amp                           free                          
                              center                        4862.691                      
                              center_pix                    2245.6758979522447            
                              disp                          NA_H_ALPHA_DISP               
                              disp_res_ang                  1.8502644967088868            
                              disp_res_kms                  114.0716820004582             
                              label                         H$\beta$                      
                              line_profile                  gaussian                      
                              line_type                     na                            
                              ncomp                         1                             
                              voff                          NA_H_ALPHA_VOFF               
NA_NII_6549                                                                               
                              amp                           (NA_NII_6585_AMP/3.0)         
                              center                        6549.86                       
                              center_pix                    3539.1725531192455            
                              disp                          NA_H_ALPHA_DISP               
                              disp_res_ang                  1.8502644967088868            
                              disp_res_kms                  84.68812179473915             
                              label                         [NII]                         
                              line_profile                  gaussian                      
                              line_type                     na                            
                              ncomp                         1                             
                              voff                          NA_H_ALPHA_VOFF               
NA_NII_6585                                                                               
                              amp                           free                          
                              center                        6585.27                       
                              center_pix                    3562.587200900373             
                              disp                          NA_H_ALPHA_DISP               
                              disp_res_ang                  1.8502644967088868            
                              disp_res_kms                  84.23274086233215             
                              label                         [NII]                         
                              line_profile                  gaussian                      
                              line_type                     na                            
                              ncomp                         1                             
                              voff                          NA_H_ALPHA_VOFF               
NA_OII                                                                                    
                              amp                           free                          
                              center                        3727.09                       
                              center_pix                    1090.6586798802202            
                              disp                          free                          
                              disp_res_ang                  1.8502644967088868            
                              disp_res_kms                  148.82799755801176            
                              label                         [OII]                         
                              line_profile                  gaussian                      
                              line_type                     na                            
                              ncomp                         1                             
                              voff                          free                          
NA_OIII_a                                                                                 
                              amp                           (NA_OIII_b_AMP/2.98)          
                              center                        4960.295                      
                              center_pix                    2331.9804571452837            
                              disp                          NA_H_ALPHA_DISP               
                              disp_res_ang                  1.8502644967088868            
                              disp_res_kms                  111.82708718301836            
                              label                         [OIIIa]                       
                              line_profile                  gaussian                      
                              line_type                     na                            
                              ncomp                         1                             
                              voff                          NA_H_ALPHA_VOFF               
NA_OIII_b                                                                                 
                              amp                           free                          
                              center                        5008.24                       
                              center_pix                    2373.754871843791             
                              disp                          NA_H_ALPHA_DISP               
                              disp_res_ang                  1.8502644967088868            
                              disp_res_kms                  110.75654150330058            
                              label                         [OIIIb]                       
                              line_profile                  gaussian                      
                              line_type                     na                            
                              ncomp                         1                             
                              voff                          NA_H_ALPHA_VOFF               
NA_SII_6716                                                                               
                              amp                           free                          
                              center                        6718.29                       
                              center_pix                    3649.434992820363             
                              disp                          NA_H_ALPHA_DISP               
                              disp_res_ang                  1.8502644967088868            
                              disp_res_kms                  82.56495944927802             
                              label                         [SII]                         
                              line_profile                  gaussian                      
                              line_type                     na                            
                              ncomp                         1                             
                              voff                          NA_H_ALPHA_VOFF               
NA_SII_6731                                                                               
                              amp                           free                          
                              center                        6732.67                       
                              center_pix                    3658.720406300963             
                              disp                          NA_H_ALPHA_DISP               
                              disp_res_ang                  1.8502644967088868            
                              disp_res_kms                  82.38861275222015             
                              label                         [SII]                         
                              line_profile                  gaussian                      
                              line_type                     na                            
                              ncomp                         1                             
                              voff                          NA_H_ALPHA_VOFF               

----------------------------------------------------------------------------------------------------------------------------------------

 Number of Free Line Parameters: 15

----------------------------------------------------------------------------------------------------------------------------------------

 All Free Parameters:

----------------------------------------------------------------------------------------------------------------------------------------
APOLY_COEFF_1                                                                             
                              init                          0.0                           
                              plim                          (-100.0, 100.0)               
APOLY_COEFF_2                                                                             
                              init                          0.0                           
                              plim                          (-100.0, 100.0)               
APOLY_COEFF_3                                                                             
                              init                          0.0                           
                              plim                          (-100.0, 100.0)               
BR_H_ALPHA_AMP                                                                            
                              init                          0.8533734938267555            
                              plim                          (0, 50)                       
BR_H_ALPHA_DISP                                                                           
                              init                          3300.0                        
                              plim                          (600, 6000)                   
BR_H_ALPHA_VOFF                                                                           
                              init                          0.0                           
                              plim                          (-1500, 1500)                 
                              prior                         {'type': 'gaussian'}          
BR_H_BETA_AMP                                                                             
                              init                          0.6137144115286459            
                              plim                          (0, 50)                       
BR_OPT_FEII_AMP                                                                           
                              init                          0.048338838821703305          
                              plim                          (0, 1.5000001610049987)       
BR_OPT_FEII_DISP                                                                          
                              init                          500.0                         
                              plim                          (500.0, 5000.0)               
BR_OPT_FEII_VOFF                                                                          
                              init                          0.0                           
                              plim                          (-500.0, 500.0)               
HOST_TEMP_DISP                                                                            
                              init                          100.0                         
                              plim                          (0.001, 500.0)                
HOST_TEMP_VEL                                                                             
                              init                          0.0                           
                              plim                          (-500.0, 500)                 
NA_H_ALPHA_AMP                                                                            
                              init                          0.8533734938267555            
                              plim                          (0, 50)                       
NA_H_ALPHA_DISP                                                                           
                              init                          1300.0                        
                              plim                          (100, 2500)                   
NA_H_ALPHA_VOFF                                                                           
                              init                          0.0                           
                              plim                          (-1000, 1000)                 
                              prior                         {'type': 'gaussian'}          
NA_H_BETA_AMP                                                                             
                              init                          0.6137144115286459            
                              plim                          (0, 50)                       
NA_NII_6585_AMP                                                                           
                              init                          0.4004814985845892            
                              plim                          (0, 50)                       
NA_OIII_b_AMP                                                                             
                              init                          0.43623995818376954           
                              plim                          (0, 50)                       
NA_OII_AMP                                                                                
                              init                          0.6286948512291403            
                              plim                          (0, 50)                       
NA_OII_DISP                                                                               
                              init                          1300.0                        
                              plim                          (100, 2500)                   
NA_OII_VOFF                                                                               
                              init                          0.0                           
                              plim                          (-1000, 1000)                 
                              prior                         {'type': 'gaussian'}          
NA_OPT_FEII_AMP                                                                           
                              init                          0.048338838821703305          
                              plim                          (0, 1.5000001610049987)       
NA_OPT_FEII_DISP                                                                          
                              init                          10.0                          
                              plim                          (0.1, 500.0)                  
NA_OPT_FEII_VOFF                                                                          
                              init                          0.0                           
                              plim                          (-500.0, 500.0)               
NA_SII_6716_AMP                                                                           
                              init                          0.22057996439107688           
                              plim                          (0, 50)                       
NA_SII_6731_AMP                                                                           
                              init                          0.2112501576544085            
                              plim                          (0, 50)                       
POWER_AMP                                                                                 
                              init                          0.2416941941085165            
                              plim                          (0, 1.5000001610049987)       
POWER_SLOPE                                                                               
                              init                          -1.0                          
                              plim                          (-6.0, 6.0)                   

----------------------------------------------------------------------------------------------------------------------------------------

 Total number of free parameters: 28

----------------------------------------------------------------------------------------------------------------------------------------

 Soft Constraints:


----------------------------------------------------------------------------------------------------------------------------------------

----------------------------------------------------------------------------------------------------------------------------------------

 Required Maximum Likelihood RMSE threshold: 0.4497 


 Performing max. likelihood fitting.

 Using Basin-hopping algorithm to estimate parameters. niter_success = 5
basinhopping step 0: f 4.73077
 Fit Status: False
 Force threshold: 0.4497
 Lowest RMSE: 0.0698
 Current RMSE: 0.0698
 Accepted count: 1
 Basinhop count: 0


adaptive stepsize: acceptance rate 0.000000 target 0.500000 new stepsize 0.9 old stepsize 1
warning: basinhopping: local minimization failure
basinhopping step 1: f 3.30194 trial_f 3.30194 accepted 1  lowest_f 3.30194
found new global minimum on step 1 with function value 3.30194
 Fit Status: False
 Force threshold: 0.4497
 Lowest RMSE: 0.0583
 Current RMSE: 0.0583
 Accepted count: 2
 Basinhop count: 0


adaptive stepsize: acceptance rate 0.500000 target 0.500000 new stepsize 0.81 old stepsize 0.9
basinhopping step 2: f 3.52341 trial_f 3.52341 accepted 1  lowest_f 3.30194
 Fit Status: False
 Force threshold: 0.4497
 Lowest RMSE: 0.0583
 Current RMSE: 0.0602
 Accepted count: 3
 Basinhop count: 1


adaptive stepsize: acceptance rate 0.666667 target 0.500000 new stepsize 0.9 old stepsize 0.81
basinhopping step 3: f 3.52341 trial_f 13.2085 accepted 0  lowest_f 3.30194
 Fit Status: False
 Force threshold: 0.4497
 Lowest RMSE: 0.0583
 Current RMSE: 0.1166
 Accepted count: 3
 Basinhop count: 2


adaptive stepsize: acceptance rate 0.500000 target 0.500000 new stepsize 0.81 old stepsize 0.9
basinhopping step 4: f 3.52341 trial_f 4.44648 accepted 0  lowest_f 3.30194
 Fit Status: False
 Force threshold: 0.4497
 Lowest RMSE: 0.0583
 Current RMSE: 0.0677
 Accepted count: 3
 Basinhop count: 3


adaptive stepsize: acceptance rate 0.400000 target 0.500000 new stepsize 0.729 old stepsize 0.81
warning: basinhopping: local minimization failure
basinhopping step 5: f 3.52341 trial_f 3.82962 accepted 0  lowest_f 3.30194
 Fit Status: False
 Force threshold: 0.4497
 Lowest RMSE: 0.0583
 Current RMSE: 0.0628
 Accepted count: 3
 Basinhop count: 4


adaptive stepsize: acceptance rate 0.333333 target 0.500000 new stepsize 0.6561 old stepsize 0.729
basinhopping step 6: f 3.51881 trial_f 3.51881 accepted 1  lowest_f 3.30194
 Fit Status: True
 Force threshold: 0.4497
 Lowest RMSE: 0.0583
 Current RMSE: 0.0602
 Accepted count: 4
 Basinhop count: 5



 Maximum Likelihood Best-fit Parameters:
--------------------------------------------------------------------------------------

Parameter                     Best-fit Value                +/- 1-sigma                   Flag                          
--------------------------------------------------------------------------------------
AGN_FRAC_4000                 0.984836                      0.000000                      1.0                           
AGN_FRAC_7000                 0.925851                      0.000000                      1.0                           
APOLY_COEFF_1                 -0.398458                     0.000000                      1.0                           
APOLY_COEFF_2                 0.086036                      0.000000                      1.0                           
APOLY_COEFF_3                 -0.001940                     0.000000                      1.0                           
BR_H_ALPHA_AMP                0.176208                      0.000000                      1.0                           
BR_H_ALPHA_DISP               3301.555000                   0.000000                      1.0                           
BR_H_ALPHA_DISP_CORR          3300.473529                   0.000000                      1.0                           
BR_H_ALPHA_DISP_RES           84.497965                     nan                           nan                           
BR_H_ALPHA_EW                 4.602285                      0.000000                      0.0                           
BR_H_ALPHA_FLUX               -15.356815                    0.000000                      0.0                           
BR_H_ALPHA_FWHM               7774.681151                   0.000000                      0.0                           
BR_H_ALPHA_FWHM_CORR          7772.134560                   0.000000                      0.0                           
BR_H_ALPHA_LUM                41.334652                     0.000000                      0.0                           
BR_H_ALPHA_NPIX               13.000000                     0.000000                      0.0                           
BR_H_ALPHA_SNR                0.213380                      0.000000                      0.0                           
BR_H_ALPHA_VOFF               -3.705019                     0.000000                      1.0                           
BR_H_ALPHA_W80                8659.120778                   0.000000                      0.0                           
BR_H_ALPHA_W80_CORR           8656.403659                   0.000000                      0.0                           
BR_H_BETA_AMP                 0.000659                      0.000000                      1.0                           
BR_H_BETA_DISP                3301.555000                   0.000000                      1.0                           
BR_H_BETA_DISP_CORR           3299.583772                   0.000000                      1.0                           
BR_H_BETA_DISP_RES            114.071682                    nan                           nan                           
BR_H_BETA_EW                  0.006931                      0.000000                      0.0                           
BR_H_BETA_FLUX                -17.923184                    0.000000                      0.0                           
BR_H_BETA_FWHM                7774.806883                   0.000000                      0.0                           
BR_H_BETA_FWHM_CORR           7770.165218                   0.000000                      0.0                           
BR_H_BETA_LUM                 38.768282                     0.000000                      0.0                           
BR_H_BETA_NPIX                13.000000                     0.000000                      0.0                           
BR_H_BETA_SNR                 0.000798                      0.000000                      0.0                           
BR_H_BETA_VOFF                -3.705019                     0.000000                      1.0                           
BR_H_BETA_W80                 8347.267357                   0.000000                      0.0                           
BR_H_BETA_W80_CORR            8342.129681                   0.000000                      0.0                           
BR_OPT_FEII_AMP               48.939954                     0.000000                      1.0                           
BR_OPT_FEII_DISP              567.984575                    0.000000                      1.0                           
BR_OPT_FEII_TEMPLATE_EW       148.716923                    0.000000                      1.0                           
BR_OPT_FEII_TEMPLATE_FLUX     -13.639346                    0.000000                      1.0                           
BR_OPT_FEII_TEMPLATE_LUM      43.052121                     0.000000                      1.0                           
BR_OPT_FEII_VOFF              -21.200735                    0.000000                      1.0                           
HOST_FRAC_4000                0.196016                      0.000000                      1.0                           
HOST_FRAC_7000                -1.416032                     0.000000                      1.0                           
HOST_TEMP_DISP                105.265692                    0.000000                      1.0                           
HOST_TEMP_VEL                 7.101715                      0.000000                      1.0                           
H_ALPHA_COMP_DISP             1163.550591                   0.000000                      0.0                           
H_ALPHA_COMP_DISP_CORR        1160.478381                   0.000000                      0.0                           
H_ALPHA_COMP_DISP_RES         84.497965                     nan                           nan                           
H_ALPHA_COMP_EW               227.446949                    0.000000                      1.0                           
H_ALPHA_COMP_FLUX             -13.661512                    0.000000                      1.0                           
H_ALPHA_COMP_FWHM             2538.033978                   0.000000                      0.0                           
H_ALPHA_COMP_FWHM_CORR        2530.222343                   0.000000                      0.0                           
H_ALPHA_COMP_LUM              43.029955                     0.000000                      1.0                           
H_ALPHA_COMP_NPIX             103.000000                    0.000000                      0.0                           
H_ALPHA_COMP_SNR              32.313693                     0.000000                      0.0                           
H_ALPHA_COMP_VOFF             -540.067627                   0.000000                      0.0                           
H_ALPHA_COMP_W80              2873.706731                   0.000000                      0.0                           
H_ALPHA_COMP_W80_CORR         2865.509037                   0.000000                      0.0                           
H_BETA_COMP_DISP              1074.029074                   0.000000                      0.0                           
H_BETA_COMP_DISP_CORR         1067.954167                   0.000000                      0.0                           
H_BETA_COMP_DISP_RES          114.071682                    nan                           nan                           
H_BETA_COMP_EW                35.308509                     0.000000                      1.0                           
H_BETA_COMP_FLUX              -14.214902                    0.000000                      1.0                           
H_BETA_COMP_FWHM              2527.939694                   0.000000                      0.0                           
H_BETA_COMP_FWHM_CORR         2513.627766                   0.000000                      0.0                           
H_BETA_COMP_LUM               42.476564                     0.000000                      1.0                           
H_BETA_COMP_NPIX              85.000000                     0.000000                      0.0                           
H_BETA_COMP_SNR               12.974288                     0.000000                      0.0                           
H_BETA_COMP_VOFF              -550.981457                   0.000000                      0.0                           
H_BETA_COMP_W80               2809.985205                   0.000000                      0.0                           
H_BETA_COMP_W80_CORR          2794.686409                   0.000000                      0.0                           
LOG_LIKE                      3.301939                      0.000000                      0.0                           
L_CONT_AGN_3000               44.753186                     0.000000                      1.0                           
L_CONT_AGN_5100               44.578425                     0.000000                      1.0                           
L_CONT_HOST_3000              44.454550                     0.000000                      1.0                           
L_CONT_HOST_5100              0.000000                      0.000000                      1.0                           
L_CONT_TOT_3000               44.753777                     0.000000                      1.0                           
L_CONT_TOT_5100               44.594478                     0.000000                      1.0                           
NA_H_ALPHA_AMP                26.381066                     0.000000                      1.0                           
NA_H_ALPHA_DISP               1073.251675                   0.000000                      1.0                           
NA_H_ALPHA_DISP_CORR          1069.920208                   0.000000                      1.0                           
NA_H_ALPHA_DISP_RES           84.497965                     nan                           nan                           
NA_H_ALPHA_EW                 222.844664                    0.000000                      0.0                           
NA_H_ALPHA_FLUX               -13.670361                    0.000000                      0.0                           
NA_H_ALPHA_FWHM               2527.642255                   0.000000                      0.0                           
NA_H_ALPHA_FWHM_CORR          2519.798404                   0.000000                      0.0                           
NA_H_ALPHA_LUM                43.021106                     0.000000                      0.0                           
NA_H_ALPHA_NPIX               99.000000                     0.000000                      0.0                           
NA_H_ALPHA_SNR                31.946216                     0.000000                      0.0                           
NA_H_ALPHA_VOFF               -551.087954                   0.000000                      1.0                           
NA_H_ALPHA_W80                2810.056076                   0.000000                      0.0                           
NA_H_ALPHA_W80_CORR           2801.672147                   0.000000                      0.0                           
NA_H_BETA_AMP                 10.162435                     0.000000                      1.0                           
NA_H_BETA_DISP                1073.251675                   0.000000                      1.0                           
NA_H_BETA_DISP_CORR           1067.172343                   0.000000                      1.0                           
NA_H_BETA_DISP_RES            114.071682                    nan                           nan                           
NA_H_BETA_EW                  35.301577                     0.000000                      0.0                           
NA_H_BETA_FLUX                -14.214987                    0.000000                      0.0                           
NA_H_BETA_FWHM                2527.838673                   0.000000                      0.0                           
NA_H_BETA_FWHM_CORR           2513.526169                   0.000000                      0.0                           
NA_H_BETA_LUM                 42.476479                     0.000000                      0.0                           
NA_H_BETA_NPIX                85.000000                     0.000000                      0.0                           
NA_H_BETA_SNR                 12.303885                     0.000000                      0.0                           
NA_H_BETA_VOFF                -551.087954                   0.000000                      1.0                           
NA_H_BETA_W80                 2809.374279                   0.000000                      0.0                           
NA_H_BETA_W80_CORR            2794.072138                   0.000000                      0.0                           
NA_NII_6549_AMP               0.076126                      0.000000                      1.0                           
NA_NII_6549_DISP              1073.251675                   0.000000                      1.0                           
NA_NII_6549_DISP_CORR         1069.905173                   0.000000                      1.0                           
NA_NII_6549_DISP_RES          84.688122                     nan                           nan                           
NA_NII_6549_EW                0.638133                      0.000000                      0.0                           
NA_NII_6549_FLUX              -16.211148                    0.000000                      0.0                           
NA_NII_6549_FWHM              2527.713990                   0.000000                      0.0                           
NA_NII_6549_FWHM_CORR         2519.834964                   0.000000                      0.0                           
NA_NII_6549_LUM               40.480319                     0.000000                      0.0                           
NA_NII_6549_NPIX              13.000000                     0.000000                      0.0                           
NA_NII_6549_SNR               0.092178                      0.000000                      0.0                           
NA_NII_6549_VOFF              -551.087954                   0.000000                      1.0                           
NA_NII_6549_W80               2809.390724                   0.000000                      0.0                           
NA_NII_6549_W80_CORR          2800.966960                   0.000000                      0.0                           
NA_NII_6585_AMP               0.228377                      0.000000                      1.0                           
NA_NII_6585_DISP              1073.251675                   0.000000                      1.0                           
NA_NII_6585_DISP_CORR         1069.941121                   0.000000                      1.0                           
NA_NII_6585_DISP_RES          84.232741                     nan                           nan                           
NA_NII_6585_EW                1.947979                      0.000000                      0.0                           
NA_NII_6585_FLUX              -15.731652                    0.000000                      0.0                           
NA_NII_6585_FWHM              2528.101577                   0.000000                      0.0                           
NA_NII_6585_FWHM_CORR         2520.308386                   0.000000                      0.0                           
NA_NII_6585_LUM               40.959814                     0.000000                      0.0                           
NA_NII_6585_NPIX              13.000000                     0.000000                      0.0                           
NA_NII_6585_SNR               0.276465                      0.000000                      0.0                           
NA_NII_6585_VOFF              -551.087954                   0.000000                      1.0                           
NA_NII_6585_W80               2809.099675                   0.000000                      0.0                           
NA_NII_6585_W80_CORR          2800.765528                   0.000000                      0.0                           
NA_OIII_a_AMP                 1.278136                      0.000000                      1.0                           
NA_OIII_a_DISP                1073.251675                   0.000000                      1.0                           
NA_OIII_a_DISP_CORR           1067.409884                   0.000000                      1.0                           
NA_OIII_a_DISP_RES            111.827087                    nan                           nan                           
NA_OIII_a_EW                  4.694364                      0.000000                      0.0                           
NA_OIII_a_FLUX                -15.106779                    0.000000                      0.0                           
NA_OIII_a_FWHM                2527.637280                   0.000000                      0.0                           
NA_OIII_a_FWHM_CORR           2513.882914                   0.000000                      0.0                           
NA_OIII_a_LUM                 41.584687                     0.000000                      0.0                           
NA_OIII_a_NPIX                48.000000                     0.000000                      0.0                           
NA_OIII_a_SNR                 1.547769                      0.000000                      0.0                           
NA_OIII_a_VOFF                -551.087954                   0.000000                      1.0                           
NA_OIII_a_W80                 2810.064668                   0.000000                      0.0                           
NA_OIII_a_W80_CORR            2795.364005                   0.000000                      0.0                           
NA_OIII_b_AMP                 3.808844                      0.000000                      1.0                           
NA_OIII_b_DISP                1073.251675                   0.000000                      1.0                           
NA_OIII_b_DISP_CORR           1067.521497                   0.000000                      1.0                           
NA_OIII_b_DISP_RES            110.756542                    nan                           nan                           
NA_OIII_b_EW                  14.422091                     0.000000                      0.0                           
NA_OIII_b_FLUX                -14.628384                    0.000000                      0.0                           
NA_OIII_b_FWHM                2527.748378                   0.000000                      0.0                           
NA_OIII_b_FWHM_CORR           2514.257398                   0.000000                      0.0                           
NA_OIII_b_LUM                 42.063083                     0.000000                      0.0                           
NA_OIII_b_NPIX                71.000000                     0.000000                      0.0                           
NA_OIII_b_SNR                 4.611855                      0.000000                      0.0                           
NA_OIII_b_VOFF                -551.087954                   0.000000                      1.0                           
NA_OIII_b_W80                 2809.659666                   0.000000                      0.0                           
NA_OIII_b_W80_CORR            2795.237754                   0.000000                      0.0                           
NA_OII_AMP                    0.000000                      0.000000                      2.0                           
NA_OII_DISP                   1299.939452                   0.000000                      1.0                           
NA_OII_DISP_CORR              1291.391810                   0.000000                      1.0                           
NA_OII_DISP_RES               148.827998                    nan                           nan                           
NA_OII_EW                     0.000000                      0.000000                      1.0                           
NA_OII_FLUX                   0.000000                      0.000000                      0.0                           
NA_OII_FWHM                   0.000000                      0.000000                      0.0                           
NA_OII_FWHM_CORR              0.000000                      0.000000                      0.0                           
NA_OII_LUM                    0.000000                      0.000000                      1.0                           
NA_OII_NPIX                   13.000000                     0.000000                      0.0                           
NA_OII_SNR                    0.000000                      0.000000                      0.0                           
NA_OII_VOFF                   0.655723                      0.000000                      1.0                           
NA_OII_W80                    0.000000                      0.000000                      0.0                           
NA_OII_W80_CORR               0.000000                      0.000000                      0.0                           
NA_OPT_FEII_AMP               6.462240                      0.000000                      1.0                           
NA_OPT_FEII_DISP              18.566447                     0.000000                      1.0                           
NA_OPT_FEII_TEMPLATE_EW       24.033287                     0.000000                      1.0                           
NA_OPT_FEII_TEMPLATE_FLUX     -14.365866                    0.000000                      1.0                           
NA_OPT_FEII_TEMPLATE_LUM      42.325601                     0.000000                      1.0                           
NA_OPT_FEII_VOFF              -18.255195                    0.000000                      1.0                           
NA_SII_6716_AMP               0.000000                      0.000000                      2.0                           
NA_SII_6716_DISP              1073.251675                   0.000000                      1.0                           
NA_SII_6716_DISP_CORR         1070.071112                   0.000000                      1.0                           
NA_SII_6716_DISP_RES          82.564959                     nan                           nan                           
NA_SII_6716_EW                0.000000                      0.000000                      1.0                           
NA_SII_6716_FLUX              0.000000                      0.000000                      0.0                           
NA_SII_6716_FWHM              0.000000                      0.000000                      0.0                           
NA_SII_6716_FWHM_CORR         0.000000                      0.000000                      0.0                           
NA_SII_6716_LUM               0.000000                      0.000000                      1.0                           
NA_SII_6716_NPIX              13.000000                     0.000000                      0.0                           
NA_SII_6716_SNR               0.000000                      0.000000                      0.0                           
NA_SII_6716_VOFF              -551.087954                   0.000000                      1.0                           
NA_SII_6716_W80               0.000000                      0.000000                      0.0                           
NA_SII_6716_W80_CORR          0.000000                      0.000000                      0.0                           
NA_SII_6731_AMP               1.223391                      0.000000                      1.0                           
NA_SII_6731_DISP              1073.251675                   0.000000                      1.0                           
NA_SII_6731_DISP_CORR         1070.084704                   0.000000                      1.0                           
NA_SII_6731_DISP_RES          82.388613                     nan                           nan                           
NA_SII_6731_EW                11.145893                     0.000000                      0.0                           
NA_SII_6731_FLUX              -14.993111                    0.000000                      0.0                           
NA_SII_6731_FWHM              2527.784502                   0.000000                      0.0                           
NA_SII_6731_FWHM_CORR         2520.328374                   0.000000                      0.0                           
NA_SII_6731_LUM               41.698355                     0.000000                      0.0                           
NA_SII_6731_NPIX              58.000000                     0.000000                      0.0                           
NA_SII_6731_SNR               1.481264                      0.000000                      0.0                           
NA_SII_6731_VOFF              -551.087954                   0.000000                      1.0                           
NA_SII_6731_W80               2809.521801                   0.000000                      0.0                           
NA_SII_6731_W80_CORR          2801.550297                   0.000000                      0.0                           
POWER_AMP                     19.977243                     0.000000                      1.0                           
POWER_SLOPE                   0.075458                      0.000000                      1.0                           
RCHI_SQUARED                  10967.012493                  0.000000                      0.0                           
R_SQUARED                     0.997146                      0.000000                      0.0                           
NOISE_STD                     0.829593                                                                                  
RESID_STD                     1.234893                                                                                  
--------------------------------------------------------------------------------------
 - Done fitting 2-onur! 

End process memory: 0.26069402                    
