patched GLEAM label offsets
patched GLEAM non-fatal plotting
patched GLEAM doublet ties
WARNING: AstropyDeprecationWarning: The truth value of a Quantity is ambiguous. In the future this will raise a ValueError. [astropy.units.quantity]
Now working in  on sdss in sdss + fiber1 on source 1 at z=0.197.
Warning: non-constant dispersion
[[Model]]
    (Model(constant) + Model(gaussian, prefix='g0_'))
[[Fit Statistics]]
    # fitting method   = leastsq
    # function evals   = 41
    # data points      = 93
    # variables        = 4
    chi-square         = 190.352019
    reduced chi-square = 2.13878673
    Akaike info crit   = 74.6136303
    Bayesian info crit = 84.7440283
    R-squared          = 0.94368239
[[Variables]]
    c:             207.659086 +/- 1.08309726 (0.52%) (init = 210.1769)
    g0_amplitude:  1073.62714 +/- 39.6875322 (3.70%) (init = 368.5478)
    g0_center:     3727.59832 +/- 0.09567576 (0.00%) (init = 3728.48)
    g0_sigma:      2.39115742 +/- 0.09496273 (3.97%) (init = 0.8871165)
    g0_fwhm:       5.63074531 +/- 0.22362013 (3.97%) == '2.3548200*g0_sigma'
    g0_height:     179.124669 +/- 6.94130888 (3.88%) == '0.3989423*g0_amplitude/max(1e-15, g0_sigma)'
[[Correlations]] (unreported correlations are < 0.100)
    C(g0_amplitude, g0_sigma) = +0.4911
    C(c, g0_amplitude)        = -0.3513
    C(c, g0_sigma)            = -0.2346
Warning: non-constant dispersion
Warning: non-constant dispersion
[[Model]]
    ((Model(constant) + Model(gaussian, prefix='g0_')) + Model(gaussian, prefix='g1_'))
[[Fit Statistics]]
    # fitting method   = leastsq
    # function evals   = 16000
    # data points      = 72
    # variables        = 7
    chi-square         = 120.570927
    reduced chi-square = 1.85493733
    Akaike info crit   = 51.1211887
    Bayesian info crit = 67.0578515
    R-squared          = 0.95125460
##  Warning: uncertainties could not be estimated:
    g1_center:     at boundary
[[Variables]]
    c:             7.53572861 (init = 266.4395)
    g0_amplitude:  770.144035 (init = 398.0669)
    g0_center:     4861.25831 (init = 4862.68)
    g0_sigma:      2.04477689 (init = 0.8871165)
    g1_amplitude:  42751.4525 (init = 398.0669)
    g1_center:     4865.68000 (init = 4862.68)
    g1_sigma:      62.4300762 (init = 0.8871165)
    g0_fwhm:       4.81508151 == '2.3548200*g0_sigma'
    g0_height:     150.257485 == '0.3989423*g0_amplitude/max(1e-15, g0_sigma)'
    g1_fwhm:       147.011592 == '2.3548200*g1_sigma'
    g1_height:     273.191446 == '0.3989423*g1_amplitude/max(1e-15, g1_sigma)'
NonDetection when fitting set of lines [4862.68 4862.68] Angstrom, try a simpler model
[[Model]]
    (Model(constant) + Model(gaussian, prefix='g0_'))
[[Fit Statistics]]
    # fitting method   = leastsq
    # function evals   = 81
    # data points      = 72
    # variables        = 4
    chi-square         = 486.456717
    reduced chi-square = 7.15377525
    Akaike info crit   = 145.554690
    Bayesian info crit = 154.661355
    R-squared          = 0.82079891
[[Variables]]
    c:             257.958208 +/- 2.23085220 (0.86%) (init = 266.4395)
    g0_amplitude:  1075.16155 +/- 84.9670131 (7.90%) (init = 398.0669)
    g0_center:     4861.08912 +/- 0.23048894 (0.00%) (init = 4862.68)
    g0_sigma:      2.72716807 +/- 0.23245564 (8.52%) (init = 0.8871165)
    g0_fwhm:       6.42198991 +/- 0.54739120 (8.52%) == '2.3548200*g0_sigma'
    g0_height:     157.279424 +/- 12.6383848 (8.04%) == '0.3989423*g0_amplitude/max(1e-15, g0_sigma)'
[[Correlations]] (unreported correlations are < 0.100)
    C(g0_amplitude, g0_sigma) = +0.5236
    C(c, g0_amplitude)        = -0.3810
    C(c, g0_sigma)            = -0.2456
Warning: non-constant dispersion
Warning: non-constant dispersion
Warning: non-constant dispersion
Warning: non-constant dispersion
[[Model]]
    ((Model(constant) + Model(gaussian, prefix='g0_')) + Model(gaussian, prefix='g1_'))
[[Fit Statistics]]
    # fitting method   = leastsq
    # function evals   = 99
    # data points      = 112
    # variables        = 6
    chi-square         = 1560.05039
    reduced chi-square = 14.7174565
    Akaike info crit   = 307.005147
    Bayesian info crit = 323.316140
    R-squared          = 0.96276688
[[Variables]]
    c:             57.6857580 +/- 0.65657591 (1.14%) (init = 59.13763)
    g0_amplitude:  521.374286 +/- 14.8248198 (2.84%) == 'g1_amplitude / 3.0'
    g0_center:     4957.39022 +/- 0.23568487 (0.00%) (init = 4960.3)
    g0_sigma:      3.28170251 +/- 0.21237337 (6.47%) (init = 0.8871165)
    g1_amplitude:  1564.12286 +/- 44.4744598 (2.84%) (init = 437.426)
    g1_center:     5005.24000 +/- 0.09361424 (0.00%) (init = 5008.24)
    g1_sigma:      3.46350834 +/- 0.10531169 (3.04%) (init = 0.8871165)
    g0_fwhm:       7.72781869 +/- 0.50010106 (6.47%) == '2.3548200*g0_sigma'
    g0_height:     63.3812043 +/- 4.07486528 (6.43%) == '0.3989423*g0_amplitude/max(1e-15, g0_sigma)'
    g1_fwhm:       8.15593870 +/- 0.24799008 (3.04%) == '2.3548200*g1_sigma'
    g1_height:     180.162630 +/- 6.70612788 (3.72%) == '0.3989423*g1_amplitude/max(1e-15, g1_sigma)'
[[Correlations]] (unreported correlations are < 0.100)
    C(c, g1_amplitude)        = -0.3619
    C(g0_sigma, g1_amplitude) = +0.2345
    C(c, g1_sigma)            = -0.2268
    C(g1_amplitude, g1_sigma) = +0.2010
    C(c, g0_sigma)            = -0.1653
Warning: non-constant dispersion
Warning: non-constant dispersion
[[Model]]
    ((((Model(constant) + Model(gaussian, prefix='g0_')) + Model(gaussian, prefix='g1_')) + Model(gaussian, prefix='g2_')) + Model(gaussian, prefix='g3_'))
[[Fit Statistics]]
    # fitting method   = leastsq
    # function evals   = 199
    # data points      = 77
    # variables        = 12
    chi-square         = 310.163112
    reduced chi-square = 4.77174019
    Akaike info crit   = 131.283554
    Bayesian info crit = 159.409219
    R-squared          = 0.99419149
[[Variables]]
    c:             38.7425511 +/- 1.11768128 (2.88%) (init = 68.18229)
    g0_amplitude:  179.987126 +/- 7.60658893 (4.23%) == 'g3_amplitude / 3.0'
    g0_center:     6548.66749 +/- 0.25838314 (0.00%) (init = 6549.86)
    g0_sigma:      2.69902218 +/- 0.22082892 (8.18%) (init = 0.8871165)
    g1_amplitude:  3697.93250 +/- 138.987956 (3.76%) (init = 330.0135)
    g1_center:     6566.62861 +/- 0.28101502 (0.00%) (init = 6564.6)
    g1_sigma:      23.6895938 +/- 0.65476826 (2.76%) (init = 0.8871165)
    g2_amplitude:  647.007705 +/- 28.5554921 (4.41%) (init = 330.0135)
    g2_center:     6563.29189 +/- 0.09184819 (0.00%) (init = 6564.6)
    g2_sigma:      2.22849027 +/- 0.08800901 (3.95%) (init = 0.8871165)
    g3_amplitude:  539.961377 +/- 22.8197668 (4.23%) (init = 330.0135)
    g3_center:     6583.95245 +/- 0.10522609 (0.00%) (init = 6585.27)
    g3_sigma:      2.40018066 +/- 0.10555645 (4.40%) (init = 0.8871165)
    g0_fwhm:       6.35571141 +/- 0.52001235 (8.18%) == '2.3548200*g0_sigma'
    g0_height:     26.6038858 +/- 2.09263178 (7.87%) == '0.3989423*g0_amplitude/max(1e-15, g0_sigma)'
    g1_fwhm:       55.7847292 +/- 1.54186139 (2.76%) == '2.3548200*g1_sigma'
    g1_height:     62.2746725 +/- 1.33810186 (2.15%) == '0.3989423*g1_amplitude/max(1e-15, g1_sigma)'
    g2_fwhm:       5.24769347 +/- 0.20724538 (3.95%) == '2.3548200*g2_sigma'
    g2_height:     115.826730 +/- 5.43856620 (4.70%) == '0.3989423*g2_amplitude/max(1e-15, g2_sigma)'
    g3_fwhm:       5.65199341 +/- 0.24856644 (4.40%) == '2.3548200*g3_sigma'
    g3_height:     89.7488417 +/- 4.12688376 (4.60%) == '0.3989423*g3_amplitude/max(1e-15, g3_sigma)'
[[Correlations]] (unreported correlations are < 0.100)
    C(c, g1_amplitude)            = -0.9328
    C(c, g1_sigma)                = -0.8980
    C(g1_amplitude, g1_sigma)     = +0.8254
    C(g3_amplitude, g3_sigma)     = +0.4320
    C(g2_amplitude, g2_sigma)     = +0.3737
    C(g0_sigma, g3_amplitude)     = +0.3316
    C(g1_sigma, g2_amplitude)     = +0.3157
    C(g1_sigma, g2_sigma)         = +0.2747
    C(g2_amplitude, g3_amplitude) = +0.2508
    C(g2_sigma, g3_amplitude)     = +0.2227
    C(g1_amplitude, g3_amplitude) = -0.2066
    C(c, g2_amplitude)            = -0.1873
    C(c, g2_sigma)                = -0.1605
    C(g2_amplitude, g3_sigma)     = +0.1523
    C(g1_center, g3_sigma)        = -0.1440
    C(g0_sigma, g3_sigma)         = +0.1419
    C(g2_amplitude, g2_center)    = +0.1403
    C(g0_center, g1_sigma)        = +0.1403
    C(g1_amplitude, g3_sigma)     = -0.1392
    C(g2_sigma, g3_sigma)         = +0.1362
    C(g2_center, g2_sigma)        = +0.1280
    C(g0_center, g1_center)       = -0.1209
    C(g0_center, g0_sigma)        = +0.1146
    C(g1_sigma, g3_center)        = -0.1095
    C(c, g0_center)               = -0.1084
    C(g0_center, g3_amplitude)    = +0.1052
    C(g0_center, g1_amplitude)    = +0.1006
Warning: non-constant dispersion
Warning: non-constant dispersion
[[Model]]
    ((Model(constant) + Model(gaussian, prefix='g0_')) + Model(gaussian, prefix='g1_'))
[[Fit Statistics]]
    # fitting method   = leastsq
    # function evals   = 113
    # data points      = 61
    # variables        = 7
    chi-square         = 265.387008
    reduced chi-square = 4.91457422
    Akaike info crit   = 103.689234
    Bayesian info crit = 118.465351
    R-squared          = 0.90573771
[[Variables]]
    c:             238.652745 +/- 1.87927112 (0.79%) (init = 248.0705)
    g0_amplitude:  1055.17602 +/- 68.4813427 (6.49%) (init = 353.2941)
    g0_center:     6716.97733 +/- 0.18983559 (0.00%) (init = 6718.29)
    g0_sigma:      2.75464628 +/- 0.19459053 (7.06%) (init = 0.8871165)
    g1_amplitude:  661.864757 +/- 61.5930573 (9.31%) (init = 353.2941)
    g1_center:     6731.97419 +/- 0.21785756 (0.00%) (init = 6732.67)
    g1_sigma:      2.17093565 +/- 0.22228917 (10.24%) (init = 0.8871165)
    g0_fwhm:       6.48669615 +/- 0.45822566 (7.06%) == '2.3548200*g0_sigma'
    g0_height:     152.816117 +/- 9.98431167 (6.53%) == '0.3989423*g0_amplitude/max(1e-15, g0_sigma)'
    g1_fwhm:       5.11216270 +/- 0.52345100 (10.24%) == '2.3548200*g1_sigma'
    g1_height:     121.627671 +/- 12.0834873 (9.93%) == '0.3989423*g1_amplitude/max(1e-15, g1_sigma)'
[[Correlations]] (unreported correlations are < 0.100)
    C(g0_amplitude, g0_sigma)     = +0.5380
    C(g1_amplitude, g1_sigma)     = +0.4867
    C(c, g0_amplitude)            = -0.3919
    C(c, g1_amplitude)            = -0.3440
    C(c, g0_sigma)                = -0.2383
    C(c, g1_sigma)                = -0.2133
    C(g0_amplitude, g1_amplitude) = +0.1303
Warning: non-constant dispersion
multiprocessing.pool.RemoteTraceback: 
"""
Traceback (most recent call last):
  File "/usr/local/lib/python3.8/multiprocessing/pool.py", line 125, in worker
    result = (True, func(*args, **kwds))
  File "/usr/local/lib/python3.8/multiprocessing/pool.py", line 51, in starmapstar
    return list(itertools.starmap(args[0], args[1]))
  File "/usr/local/lib/python3.8/site-packages/gleam/main.py", line 147, in run_main
    print("WARNING: GLEAM plot_line failed:", _e)
  File "/usr/local/lib/python3.8/contextlib.py", line 120, in __exit__
    next(self.gen)
  File "/usr/local/lib/python3.8/site-packages/gleam/plot_gaussian.py", line 401, in overview_plot
    plt.savefig(f"{basename}.png", format="png", bbox_inches="tight")
  File "/usr/local/lib/python3.8/site-packages/matplotlib/pyplot.py", line 1023, in savefig
    res = fig.savefig(*args, **kwargs)
  File "/usr/local/lib/python3.8/site-packages/matplotlib/figure.py", line 3378, in savefig
    self.canvas.print_figure(fname, **kwargs)
  File "/usr/local/lib/python3.8/site-packages/matplotlib/backend_bases.py", line 2342, in print_figure
    self.figure.draw(renderer)
  File "/usr/local/lib/python3.8/site-packages/matplotlib/artist.py", line 95, in draw_wrapper
    result = draw(artist, renderer, *args, **kwargs)
  File "/usr/local/lib/python3.8/site-packages/matplotlib/artist.py", line 72, in draw_wrapper
    return draw(artist, renderer)
  File "/usr/local/lib/python3.8/site-packages/matplotlib/figure.py", line 3175, in draw
    mimage._draw_list_compositing_images(
  File "/usr/local/lib/python3.8/site-packages/matplotlib/image.py", line 131, in _draw_list_compositing_images
    a.draw(renderer)
  File "/usr/local/lib/python3.8/site-packages/matplotlib/artist.py", line 39, in draw_wrapper
    return draw(artist, renderer, *args, **kwargs)
  File "/usr/local/lib/python3.8/site-packages/mpl_toolkits/axes_grid1/parasite_axes.py", line 138, in draw
    super().draw(renderer)
  File "/usr/local/lib/python3.8/site-packages/matplotlib/artist.py", line 72, in draw_wrapper
    return draw(artist, renderer)
  File "/usr/local/lib/python3.8/site-packages/matplotlib/axes/_base.py", line 3064, in draw
    mimage._draw_list_compositing_images(
  File "/usr/local/lib/python3.8/site-packages/matplotlib/image.py", line 131, in _draw_list_compositing_images
    a.draw(renderer)
  File "/usr/local/lib/python3.8/site-packages/matplotlib/artist.py", line 72, in draw_wrapper
    return draw(artist, renderer)
  File "/usr/local/lib/python3.8/site-packages/matplotlib/text.py", line 757, in draw
    posx = float(self.convert_xunits(self._x))
TypeError: only size-1 arrays can be converted to Python scalars
"""

The above exception was the direct cause of the following exception:

Traceback (most recent call last):
  File "/usr/local/bin/gleam", line 8, in <module>
    sys.exit(pipeline())
  File "/usr/local/lib/python3.8/site-packages/click/core.py", line 829, in __call__
    return self.main(*args, **kwargs)
  File "/usr/local/lib/python3.8/site-packages/click/core.py", line 782, in main
    rv = self.invoke(ctx)
  File "/usr/local/lib/python3.8/site-packages/click/core.py", line 1066, in invoke
    return ctx.invoke(self.callback, **ctx.params)
  File "/usr/local/lib/python3.8/site-packages/click/core.py", line 610, in invoke
    return callback(*args, **kwargs)
  File "/usr/local/lib/python3.8/site-packages/gleam/__init__.py", line 136, in pipeline
    p.starmap(gleam.main.run_main, unique_sources)
  File "/usr/local/lib/python3.8/multiprocessing/pool.py", line 372, in starmap
    return self._map_async(func, iterable, starmapstar, chunksize).get()
  File "/usr/local/lib/python3.8/multiprocessing/pool.py", line 771, in get
    raise self._value
TypeError: only size-1 arrays can be converted to Python scalars
Matplotlib Version: 3.7.5
total 5092
-rw-rw-r-- 1 1000 1000  17973 Sep 29 15:46 docker.log
-rw-r--r-- 1 1000 1000 483560 Sep 29 10:26 linefits.sdss.sdss.fiber1.001.Ha.Ha_broad.NII1.png
-rw-rw-r-- 1 1000 1000 466331 Sep 27 23:39 linefits.sdss.sdss.fiber1.001.Ha.NII1.png
-rw-r--r-- 1 root root 455552 Sep 30 01:02 linefits.sdss.sdss.fiber1.001.Hb.Hb_broad.png
-rw-rw-r-- 1 1000 1000 447747 Sep 27 23:39 linefits.sdss.sdss.fiber1.001.Hb.png
-rw-r--r-- 1 root root 497224 Sep 30 01:03 linefits.sdss.sdss.fiber1.001.NII2.Ha.Ha_broad.NII1.png
-rw-r--r-- 1 root root 457241 Sep 30 01:02 linefits.sdss.sdss.fiber1.001.OII.png
-rw-r--r-- 1 root root 469752 Sep 30 01:02 linefits.sdss.sdss.fiber1.001.OIII4.OIII5.png
-rw-r--r-- 1 1000 1000 444449 Sep 29 08:59 linefits.sdss.sdss.fiber1.001.OIII4.png
-rw-r--r-- 1 1000 1000 451590 Sep 29 08:59 linefits.sdss.sdss.fiber1.001.OIII5.png
-rw-r--r-- 1 root root 467329 Sep 30 01:03 linefits.sdss.sdss.fiber1.001.SII1.SII2.png
-rw-r--r-- 1 root root  20160 Sep 30 01:03 linefits.sdss.sdss.fiber1.001.fits
-rw-r--r-- 1 1000 1000 507504 Sep 29 10:26 linefits.sdss.sdss.fiber1.001.png
total 12K
-rw-r--r-- 1 root root 1.2K Sep 21 02:20 =5.2
drwxr-xr-x 1 root root 4.0K Sep 30 01:00 input
drwxrwxr-x 2 1000 1000 4.0K Sep 30 01:03 output
-rw-r--r-- 1 root root 1.2K Sep 21 02:20 /app/=5.2

/app/input:
total 132K
-rw-rw-r-- 1 1000 1000  12K Aug 28 20:16 Sky_bands.fits
-rw-rw-r-- 1 1000 1000 1.3K Sep 29 07:43 gleam.sh
-rw-rw-r-- 1 1000 1000 5.4K Sep 29 15:08 gleam_doublet_patch.py
-rw-rw-r-- 1 1000 1000 2.6K Sep 30 00:15 gleamconfig.yaml
-rw-rw-r-- 1 1000 1000 8.5K Sep 29 14:37 line_table.fits
-rw-rw-r-- 1 1000 1000  115 Sep 30 01:00 meta.dat
-rw-rw-r-- 1 1000 1000  85K Sep 30 01:00 spec1d.sdss.sdss.fiber1.1.fits

/app/output:
total 5.0M
-rw-rw-r-- 1 1000 1000  18K Sep 29 15:46 docker.log
-rw-r--r-- 1 1000 1000 473K Sep 29 10:26 linefits.sdss.sdss.fiber1.001.Ha.Ha_broad.NII1.png
-rw-rw-r-- 1 1000 1000 456K Sep 27 23:39 linefits.sdss.sdss.fiber1.001.Ha.NII1.png
-rw-r--r-- 1 root root 445K Sep 30 01:02 linefits.sdss.sdss.fiber1.001.Hb.Hb_broad.png
-rw-rw-r-- 1 1000 1000 438K Sep 27 23:39 linefits.sdss.sdss.fiber1.001.Hb.png
-rw-r--r-- 1 root root 486K Sep 30 01:03 linefits.sdss.sdss.fiber1.001.NII2.Ha.Ha_broad.NII1.png
-rw-r--r-- 1 root root 447K Sep 30 01:02 linefits.sdss.sdss.fiber1.001.OII.png
-rw-r--r-- 1 root root 459K Sep 30 01:02 linefits.sdss.sdss.fiber1.001.OIII4.OIII5.png
-rw-r--r-- 1 1000 1000 435K Sep 29 08:59 linefits.sdss.sdss.fiber1.001.OIII4.png
-rw-r--r-- 1 1000 1000 442K Sep 29 08:59 linefits.sdss.sdss.fiber1.001.OIII5.png
-rw-r--r-- 1 root root 457K Sep 30 01:03 linefits.sdss.sdss.fiber1.001.SII1.SII2.png
-rw-r--r-- 1 root root  20K Sep 30 01:03 linefits.sdss.sdss.fiber1.001.fits
-rw-r--r-- 1 1000 1000 496K Sep 29 10:26 linefits.sdss.sdss.fiber1.001.png
