patched GLEAM doublet ties
WARNING: AstropyDeprecationWarning: The truth value of a Quantity is ambiguous. In the future this will raise a ValueError. [astropy.units.quantity]
Now working in  on sdss in sdss + fiber1 on source 1 at z=0.091.
Warning: non-constant dispersion
[[Model]]
    (Model(constant) + Model(gaussian, prefix='g0_'))
[[Fit Statistics]]
    # fitting method   = leastsq
    # function evals   = 26
    # data points      = 164
    # variables        = 4
    chi-square         = 601.040351
    reduced chi-square = 3.75650219
    Akaike info crit   = 221.002486
    Bayesian info crit = 233.401951
    R-squared          = 0.96355609
[[Variables]]
    c:             202.778182 +/- 1.10690578 (0.55%) (init = 203.8856)
    g0_amplitude:  2431.32369 +/- 46.5170336 (1.91%) (init = 3152.452)
    g0_center:     3728.89561 +/- 0.04974037 (0.00%) (init = 3728.48)
    g0_sigma:      2.35907348 +/- 0.05054746 (2.14%) (init = 3.114157)
    g0_fwhm:       5.55519340 +/- 0.11903016 (2.14%) == '2.3548200*g0_sigma'
    g0_height:     411.160514 +/- 7.54998123 (1.84%) == '0.3989423*g0_amplitude/max(1e-15, g0_sigma)'
[[Correlations]] (unreported correlations are < 0.100)
    C(g0_amplitude, g0_sigma) = +0.5952
    C(c, g0_amplitude)        = -0.2985
    C(c, g0_sigma)            = -0.1777
Warning: non-constant dispersion
Warning: non-constant dispersion
[[Model]]
    ((Model(constant) + Model(gaussian, prefix='g0_')) + Model(gaussian, prefix='g1_'))
[[Fit Statistics]]
    # fitting method   = leastsq
    # function evals   = 93
    # data points      = 125
    # variables        = 7
    chi-square         = 112.196265
    reduced chi-square = 0.95081581
    Akaike info crit   = 0.49199631
    Bayesian info crit = 20.2901925
    R-squared          = 0.97652959
[[Variables]]
    c:             216.057959 +/- 21.1227632 (9.78%) (init = 354.1483)
    g0_amplitude:  20831.8974 +/- 4165.54970 (20.00%) (init = 2257.804)
    g0_center:     4860.87419 +/- 0.50666213 (0.01%) (init = 4862.68)
    g0_sigma:      45.2687430 +/- 4.24837850 (9.38%) (init = 3.114157)
    g1_amplitude:  1607.93542 +/- 54.8649761 (3.41%) (init = 2257.804)
    g1_center:     4862.71726 +/- 0.08050541 (0.00%) (init = 4862.68)
    g1_sigma:      2.58575321 +/- 0.08782023 (3.40%) (init = 3.114157)
    g0_fwhm:       106.599741 +/- 10.0041667 (9.38%) == '2.3548200*g0_sigma'
    g0_height:     183.586389 +/- 19.7632494 (10.77%) == '0.3989423*g0_amplitude/max(1e-15, g0_sigma)'
    g1_fwhm:       6.08898337 +/- 0.20680084 (3.40%) == '2.3548200*g1_sigma'
    g1_height:     248.079922 +/- 6.92192244 (2.79%) == '0.3989423*g1_amplitude/max(1e-15, g1_sigma)'
[[Correlations]] (unreported correlations are < 0.100)
    C(c, g0_amplitude)            = -0.9985
    C(g0_amplitude, g0_sigma)     = +0.9912
    C(c, g0_sigma)                = -0.9865
    C(g1_amplitude, g1_sigma)     = +0.6641
    C(g0_sigma, g1_amplitude)     = +0.4022
    C(c, g1_amplitude)            = -0.3497
    C(g0_amplitude, g1_amplitude) = +0.3481
    C(g0_sigma, g1_sigma)         = +0.2585
    C(c, g1_sigma)                = -0.2240
    C(g0_amplitude, g1_sigma)     = +0.2228
Warning: non-constant dispersion
Warning: non-constant dispersion
[[Model]]
    ((Model(constant) + Model(gaussian, prefix='g0_')) + Model(gaussian, prefix='g1_'))
[[Fit Statistics]]
    # fitting method   = leastsq
    # function evals   = 29
    # data points      = 164
    # variables        = 6
    chi-square         = 1447.48137
    reduced chi-square = 9.16127447
    Akaike info crit   = 369.145081
    Bayesian info crit = 387.744280
    R-squared          = 0.98870731
[[Variables]]
    c:             61.9987430 +/- 0.62835648 (1.01%) (init = 61.45232)
    g0_amplitude:  937.088710 +/- 9.96291202 (1.06%) == 'g1_amplitude / 3.0'
    g0_center:     4960.29132 +/- 0.08672153 (0.00%) (init = 4960.3)
    g0_sigma:      2.42132340 +/- 0.07283417 (3.01%) (init = 3.114157)
    g1_amplitude:  2811.26613 +/- 29.8887361 (1.06%) (init = 3569.359)
    g1_center:     5008.32215 +/- 0.03068330 (0.00%) (init = 5008.24)
    g1_sigma:      2.51171311 +/- 0.03073566 (1.22%) (init = 3.114157)
    g0_fwhm:       5.70178078 +/- 0.17151136 (3.01%) == '2.3548200*g0_sigma'
    g0_height:     154.396693 +/- 4.54652661 (2.94%) == '0.3989423*g0_amplitude/max(1e-15, g0_sigma)'
    g1_fwhm:       5.91463227 +/- 0.07237695 (1.22%) == '2.3548200*g1_sigma'
    g1_height:     446.521130 +/- 4.72699161 (1.06%) == '0.3989423*g1_amplitude/max(1e-15, g1_sigma)'
[[Correlations]] (unreported correlations are < 0.100)
    C(g1_amplitude, g1_sigma) = +0.5792
    C(c, g1_amplitude)        = -0.3362
    C(g0_sigma, g1_amplitude) = +0.2357
    C(c, g1_sigma)            = -0.1947
    C(g0_sigma, g1_sigma)     = +0.1365
Warning: non-constant dispersion
Warning: non-constant dispersion
[[Model]]
    (((Model(constant) + Model(gaussian, prefix='g0_')) + Model(gaussian, prefix='g1_')) + Model(gaussian, prefix='g2_'))
[[Fit Statistics]]
    # fitting method   = leastsq
    # function evals   = 469
    # data points      = 106
    # variables        = 10
    chi-square         = 705.138956
    reduced chi-square = 7.34519746
    Akaike info crit   = 220.865314
    Bayesian info crit = 247.499705
    R-squared          = 0.98404933
[[Variables]]
    c:             73.7902817 +/- 4.80697224 (6.51%) (init = 148.8956)
    g0_amplitude:  1643.28892 +/- 61.8255651 (3.76%) (init = 2203.643)
    g0_center:     6564.59858 +/- 0.09717325 (0.00%) (init = 6564.6)
    g0_sigma:      3.01603990 +/- 0.10888877 (3.61%) (init = 3.114157)
    g1_amplitude:  13076.0162 +/- 876.240786 (6.70%) (init = 2203.643)
    g1_center:     6562.95693 +/- 0.59293813 (0.01%) (init = 6564.6)
    g1_sigma:      37.5367369 +/- 1.58801787 (4.23%) (init = 3.114157)
    g2_amplitude:  394.318210 +/- 44.9262967 (11.39%) (init = 2203.643)
    g2_center:     6585.72844 +/- 0.23697336 (0.00%) (init = 6585.27)
    g2_sigma:      2.10717594 +/- 0.25050056 (11.89%) (init = 3.114157)
    g0_fwhm:       7.10223107 +/- 0.25641344 (3.61%) == '2.3548200*g0_sigma'
    g0_height:     217.363657 +/- 6.35114574 (2.92%) == '0.3989423*g0_amplitude/max(1e-15, g0_sigma)'
    g1_fwhm:       88.3922587 +/- 3.73949626 (4.23%) == '2.3548200*g1_sigma'
    g1_height:     138.972548 +/- 4.47969964 (3.22%) == '0.3989423*g1_amplitude/max(1e-15, g1_sigma)'
    g2_fwhm:       4.96202004 +/- 0.58988373 (11.89%) == '2.3548200*g2_sigma'
    g2_height:     74.6545226 +/- 7.40479951 (9.92%) == '0.3989423*g2_amplitude/max(1e-15, g2_sigma)'
[[Correlations]] (unreported correlations are < 0.100)
    C(c, g1_amplitude)            = -0.9784
    C(g1_amplitude, g1_sigma)     = +0.9244
    C(c, g1_sigma)                = -0.9099
    C(g0_amplitude, g0_sigma)     = +0.6866
    C(g2_amplitude, g2_sigma)     = +0.6377
    C(g0_amplitude, g1_sigma)     = +0.4057
    C(g1_center, g2_amplitude)    = -0.3461
    C(g0_amplitude, g2_amplitude) = +0.2689
    C(g0_sigma, g1_sigma)         = +0.2683
    C(c, g0_amplitude)            = -0.2528
    C(g1_center, g2_sigma)        = -0.2189
    C(g0_amplitude, g1_amplitude) = +0.1956
    C(g0_sigma, g2_amplitude)     = +0.1838
    C(g0_amplitude, g2_sigma)     = +0.1709
    C(c, g0_sigma)                = -0.1653
    C(g1_amplitude, g1_center)    = +0.1421
    C(c, g1_center)               = -0.1319
    C(g0_sigma, g1_amplitude)     = +0.1255
    C(g0_sigma, g2_sigma)         = +0.1169
    C(g0_amplitude, g1_center)    = -0.1160
Warning: non-constant dispersion
Warning: non-constant dispersion
[[Model]]
    ((Model(constant) + Model(gaussian, prefix='g0_')) + Model(gaussian, prefix='g1_'))
[[Fit Statistics]]
    # fitting method   = leastsq
    # function evals   = 33
    # data points      = 99
    # variables        = 7
    chi-square         = 136.925372
    reduced chi-square = 1.48831926
    Akaike info crit   = 46.1073036
    Bayesian info crit = 64.2731425
    R-squared          = 0.93171721
[[Variables]]
    c:             314.960972 +/- 2.12802576 (0.68%) (init = 320.5707)
    g0_amplitude:  2232.27852 +/- 101.505290 (4.55%) (init = 2339.704)
    g0_center:     6718.50653 +/- 0.15193888 (0.00%) (init = 6718.29)
    g0_sigma:      3.06530744 +/- 0.15626085 (5.10%) (init = 3.114157)
    g1_amplitude:  1958.36274 +/- 101.705388 (5.19%) (init = 2339.704)
    g1_center:     6732.78340 +/- 0.17383595 (0.00%) (init = 6732.67)
    g1_sigma:      3.07092737 +/- 0.17882818 (5.82%) (init = 3.114157)
    g0_fwhm:       7.21824726 +/- 0.36796618 (5.10%) == '2.3548200*g0_sigma'
    g0_height:     290.525614 +/- 12.5613042 (4.32%) == '0.3989423*g0_amplitude/max(1e-15, g0_sigma)'
    g1_fwhm:       7.23148119 +/- 0.42110817 (5.82%) == '2.3548200*g1_sigma'
    g1_height:     254.409708 +/- 12.5644738 (4.94%) == '0.3989423*g1_amplitude/max(1e-15, g1_sigma)'
[[Correlations]] (unreported correlations are < 0.100)
    C(g1_amplitude, g1_sigma) = +0.6033
    C(g0_amplitude, g0_sigma) = +0.6033
    C(c, g0_amplitude)        = -0.3161
    C(c, g1_amplitude)        = -0.3161
    C(c, g0_sigma)            = -0.1671
    C(c, g1_sigma)            = -0.1670
    C(g0_sigma, g1_sigma)     = -0.1387
Warning: non-constant dispersion
Matplotlib Version: 3.7.5
total 2592
-rw-r--r-- 1 root root 449042 Sep 29 13:12 linefits.sdss.sdss.fiber1.001.Ha.Ha_broad.NII1.png
-rw-r--r-- 1 root root 437578 Sep 29 13:11 linefits.sdss.sdss.fiber1.001.Hb.Hb_broad.png
-rw-r--r-- 1 root root 419675 Sep 29 13:11 linefits.sdss.sdss.fiber1.001.OII.png
-rw-r--r-- 1 root root 415417 Sep 29 13:11 linefits.sdss.sdss.fiber1.001.OIII4.OIII5.png
-rw-r--r-- 1 root root 424311 Sep 29 13:12 linefits.sdss.sdss.fiber1.001.SII1.SII2.png
-rw-r--r-- 1 root root  20160 Sep 29 13:12 linefits.sdss.sdss.fiber1.001.fits
-rw-r--r-- 1 root root 476794 Sep 29 13:12 linefits.sdss.sdss.fiber1.001.png
total 12K
-rw-r--r-- 1 root root 1.2K Sep 21 02:20 =5.2
drwxr-xr-x 1 root root 4.0K Sep 29 13:09 input
drwxrwxr-x 2 1000 1000 4.0K Sep 29 13:12 output
-rw-r--r-- 1 root root 1.2K Sep 21 02:20 /app/=5.2

/app/input:
total 128K
-rw-rw-r-- 1 1000 1000  12K Aug 28 20:16 Sky_bands.fits
-rw-rw-r-- 1 1000 1000 1.3K Sep 29 07:43 gleam.sh
-rw-rw-r-- 1 1000 1000 2.6K Sep 29 07:43 gleam_doublet_patch.py
-rw-rw-r-- 1 1000 1000 2.5K Sep 29 07:43 gleamconfig.yaml
-rw-rw-r-- 1 1000 1000 8.5K Sep 27 12:39 line_table.fits
-rw-rw-r-- 1 1000 1000  115 Sep 29 10:45 meta.dat
-rw-rw-r-- 1 1000 1000  85K Sep 29 10:45 spec1d.sdss.sdss.fiber1.1.fits

/app/output:
total 2.6M
-rw-r--r-- 1 root root 439K Sep 29 13:12 linefits.sdss.sdss.fiber1.001.Ha.Ha_broad.NII1.png
-rw-r--r-- 1 root root 428K Sep 29 13:11 linefits.sdss.sdss.fiber1.001.Hb.Hb_broad.png
-rw-r--r-- 1 root root 410K Sep 29 13:11 linefits.sdss.sdss.fiber1.001.OII.png
-rw-r--r-- 1 root root 406K Sep 29 13:11 linefits.sdss.sdss.fiber1.001.OIII4.OIII5.png
-rw-r--r-- 1 root root 415K Sep 29 13:12 linefits.sdss.sdss.fiber1.001.SII1.SII2.png
-rw-r--r-- 1 root root  20K Sep 29 13:12 linefits.sdss.sdss.fiber1.001.fits
-rw-r--r-- 1 root root 466K Sep 29 13:12 linefits.sdss.sdss.fiber1.001.png
