<IPython.core.display.HTML object>
/app/BADASS3/example_spectra/2-onur
/app/BADASS3/example_spectra/2-onur/my_sdss.fits
0.1967448890209198
Start process memory: 0.22313779                    
 Folder has not been created.  Creating MCMC_output folder...

 > Starting fit for 2-onur

 Input fitting region exceeds available wavelength range.  BADASS will adjust your fitting range automatically...
		- Input fitting range: (2900, 8000)
		- Available wavelength range: (2980, 8689)
		- New fitting region is (2980, 8000). 


 Input spectrum is not linearly binned. BADASS will linearly rebin and conserve flux...


-----------------------------------------------------------
 file:                        my_sdss.fits                  
 redshift:                    0.19674                       
 fitting region:              (2980,8000) [A]               
 velocity scale:              69.03 [km/s/pixel]            
 Galactic E(B-V):             0.000                         
 Flux Normalization:          1e-17                         
 Fit Normalization:           114.27300                     
-----------------------------------------------------------

 Initializing parameters...
----------------------------------------------------------------------------------------------------
	- Fitting a SSP host-galaxy template.
	- Fitting additive legendre polynomial component.
	- Fitting Simple AGN power-law continuum.

 Warning! Peak finding algorithm used for initial guesses of amplitude and velocity failed! Defaulting to user-defined locations...

 Warning! Peak finding algorithm used for initial guesses of amplitude and velocity failed! Defaulting to user-defined locations...

----------------------------------------------------------------------------------------------------------------------------------------

----------------------------------------------------------------------------------------------------------------------------------------

 Line List:

----------------------------------------------------------------------------------------------------------------------------------------
BR_H_ALPHA                                                                                
                              amp                           free                          
                              center                        6564.6                        
                              center_pix                    3429.3431295312425            
                              disp                          free                          
                              disp_res_ang                  2.1290979502601433            
                              disp_res_kms                  97.23174417805349             
                              line_profile                  gaussian                      
                              line_type                     br                            
                              ncomp                         1                             
                              voff                          free                          
BR_H_BETA                                                                                 
                              amp                           (BR_H_ALPHA_AMP/3.0)          
                              center                        4862.691                      
                              center_pix                    2126.0844172810694            
                              disp                          BR_H_ALPHA_DISP               
                              disp_res_ang                  2.1290979502601433            
                              disp_res_kms                  131.26219778950588            
                              line_profile                  gaussian                      
                              line_type                     br                            
                              ncomp                         1                             
                              voff                          BR_H_ALPHA_VOFF               
NA_H_ALPHA                                                                                
                              amp                           free                          
                              center                        6564.6                        
                              center_pix                    3429.3431295312425            
                              disp                          free                          
                              disp_res_ang                  2.1290979502601433            
                              disp_res_kms                  97.23174417805349             
                              label                         [H$\alpha$]                   
                              line_profile                  gaussian                      
                              line_type                     na                            
                              ncomp                         1                             
                              voff                          free                          
NA_H_BETA                                                                                 
                              amp                           free                          
                              center                        4862.691                      
                              center_pix                    2126.0844172810694            
                              disp                          NA_H_ALPHA_DISP               
                              disp_res_ang                  2.1290979502601433            
                              disp_res_kms                  131.26219778950588            
                              label                         H$\beta$                      
                              line_profile                  gaussian                      
                              line_type                     na                            
                              ncomp                         1                             
                              voff                          NA_H_ALPHA_VOFF               
NA_NII_6549                                                                               
                              amp                           (NA_NII_6585_AMP/3.0)         
                              center                        6549.86                       
                              center_pix                    3419.5810445393877            
                              disp                          NA_H_ALPHA_DISP               
                              disp_res_ang                  2.1290979502601433            
                              disp_res_kms                  97.4505573907305              
                              label                         [NII]                         
                              line_profile                  gaussian                      
                              line_type                     na                            
                              ncomp                         1                             
                              voff                          NA_H_ALPHA_VOFF               
NA_NII_6585                                                                               
                              amp                           free                          
                              center                        6585.27                       
                              center_pix                    3442.9957313263712            
                              disp                          NA_H_ALPHA_DISP               
                              disp_res_ang                  2.1290979502601433            
                              disp_res_kms                  96.9265508978751              
                              label                         [NII]                         
                              line_profile                  gaussian                      
                              line_type                     na                            
                              ncomp                         1                             
                              voff                          NA_H_ALPHA_VOFF               
NA_OII                                                                                    
                              amp                           free                          
                              center                        3727.09                       
                              center_pix                    971.0672015540474             
                              disp                          free                          
                              disp_res_ang                  2.1290979502601433            
                              disp_res_kms                  171.25626368862842            
                              label                         [OII]                         
                              line_profile                  gaussian                      
                              line_type                     na                            
                              ncomp                         1                             
                              voff                          free                          
NA_OIII_a                                                                                 
                              amp                           (NA_OIII_b_AMP/2.98)          
                              center                        4960.295                      
                              center_pix                    2212.3889349949977            
                              disp                          NA_H_ALPHA_DISP               
                              disp_res_ang                  2.1290979502601433            
                              disp_res_kms                  128.67934423885072            
                              label                         [OIIIa]                       
                              line_profile                  gaussian                      
                              line_type                     na                            
                              ncomp                         1                             
                              voff                          NA_H_ALPHA_VOFF               
NA_OIII_b                                                                                 
                              amp                           free                          
                              center                        5008.24                       
                              center_pix                    2254.1633804168546            
                              disp                          NA_H_ALPHA_DISP               
                              disp_res_ang                  2.1290979502601433            
                              disp_res_kms                  127.44746813875734            
                              label                         [OIIIb]                       
                              line_profile                  gaussian                      
                              line_type                     na                            
                              ncomp                         1                             
                              voff                          NA_H_ALPHA_VOFF               
NA_SII_6716                                                                               
                              amp                           free                          
                              center                        6718.29                       
                              center_pix                    3529.8435089281675            
                              disp                          NA_H_ALPHA_DISP               
                              disp_res_ang                  2.1290979502601433            
                              disp_res_kms                  95.00743609329903             
                              label                         [SII]                         
                              line_profile                  gaussian                      
                              line_type                     na                            
                              ncomp                         1                             
                              voff                          NA_H_ALPHA_VOFF               
NA_SII_6731                                                                               
                              amp                           free                          
                              center                        6732.67                       
                              center_pix                    3539.128919568022             
                              disp                          NA_H_ALPHA_DISP               
                              disp_res_ang                  2.1290979502601433            
                              disp_res_kms                  94.80451408300868             
                              label                         [SII]                         
                              line_profile                  gaussian                      
                              line_type                     na                            
                              ncomp                         1                             
                              voff                          NA_H_ALPHA_VOFF               

----------------------------------------------------------------------------------------------------------------------------------------

 Number of Free Line Parameters: 14

----------------------------------------------------------------------------------------------------------------------------------------

 All Free Parameters:

----------------------------------------------------------------------------------------------------------------------------------------
APOLY_COEFF_1                                                                             
                              init                          0.0                           
                              plim                          (-100.0, 100.0)               
APOLY_COEFF_2                                                                             
                              init                          0.0                           
                              plim                          (-100.0, 100.0)               
APOLY_COEFF_3                                                                             
                              init                          0.0                           
                              plim                          (-100.0, 100.0)               
APOLY_COEFF_4                                                                             
                              init                          0.0                           
                              plim                          (-100.0, 100.0)               
APOLY_COEFF_5                                                                             
                              init                          0.0                           
                              plim                          (-100.0, 100.0)               
APOLY_COEFF_6                                                                             
                              init                          0.0                           
                              plim                          (-100.0, 100.0)               
APOLY_COEFF_7                                                                             
                              init                          0.0                           
                              plim                          (-100.0, 100.0)               
BR_H_ALPHA_AMP                                                                            
                              init                          1.0000000050625288            
                              plim                          (0, 50)                       
BR_H_ALPHA_DISP                                                                           
                              init                          3300.0                        
                              plim                          (600, 6000)                   
BR_H_ALPHA_VOFF                                                                           
                              init                          0.0                           
                              plim                          (-1500, 1500)                 
                              prior                         {'type': 'gaussian'}          
HOST_TEMP_DISP                                                                            
                              init                          100.0                         
                              plim                          (0.001, 500.0)                
HOST_TEMP_VEL                                                                             
                              init                          0.0                           
                              plim                          (-500.0, 500)                 
NA_H_ALPHA_AMP                                                                            
                              init                          1.0000000050625288            
                              plim                          (0, 50)                       
NA_H_ALPHA_DISP                                                                           
                              init                          1300.0                        
                              plim                          (100, 2500)                   
NA_H_ALPHA_VOFF                                                                           
                              init                          0.0                           
                              plim                          (-1000, 1000)                 
                              prior                         {'type': 'gaussian'}          
NA_H_BETA_AMP                                                                             
                              init                          0.3346099224772966            
                              plim                          (0, 50)                       
NA_NII_6585_AMP                                                                           
                              init                          0.7452240116322938            
                              plim                          (0, 50)                       
NA_OIII_b_AMP                                                                             
                              init                          0.6394005171587037            
                              plim                          (0, 50)                       
NA_OII_AMP                                                                                
                              init                          0.31448446430345617           
                              plim                          (0, 50)                       
NA_OII_DISP                                                                               
                              init                          1300.0                        
                              plim                          (100, 2500)                   
NA_OII_VOFF                                                                               
                              init                          0.0                           
                              plim                          (-1000, 1000)                 
                              prior                         {'type': 'gaussian'}          
NA_SII_6716_AMP                                                                           
                              init                          0.2360359142731493            
                              plim                          (0, 50)                       
NA_SII_6731_AMP                                                                           
                              init                          0.22368608760664546           
                              plim                          (0, 50)                       
POWER_AMP                                                                                 
                              init                          0.08636759015644103           
                              plim                          (0, 1.5000000075937931)       
POWER_SLOPE                                                                               
                              init                          -1.0                          
                              plim                          (-6.0, 6.0)                   

----------------------------------------------------------------------------------------------------------------------------------------

 Total number of free parameters: 25

----------------------------------------------------------------------------------------------------------------------------------------

 Soft Constraints:


----------------------------------------------------------------------------------------------------------------------------------------

----------------------------------------------------------------------------------------------------------------------------------------

 Required Maximum Likelihood RMSE threshold: 0.3109 


 Performing max. likelihood fitting.

 Using Basin-hopping algorithm to estimate parameters. niter_success = 5
basinhopping step 0: f 2.8913
 Fit Status: False
 Force threshold: 0.3109
 Lowest RMSE: 0.1503
 Current RMSE: 0.1503
 Accepted count: 1
 Basinhop count: 0


adaptive stepsize: acceptance rate 0.000000 target 0.500000 new stepsize 0.9 old stepsize 1
basinhopping step 1: f 2.74305 trial_f 2.74305 accepted 1  lowest_f 2.74305
found new global minimum on step 1 with function value 2.74305
 Fit Status: False
 Force threshold: 0.3109
 Lowest RMSE: 0.1464
 Current RMSE: 0.1464
 Accepted count: 2
 Basinhop count: 0


adaptive stepsize: acceptance rate 0.500000 target 0.500000 new stepsize 0.81 old stepsize 0.9
basinhopping step 2: f 2.51865 trial_f 2.51865 accepted 1  lowest_f 2.51865
found new global minimum on step 2 with function value 2.51865
 Fit Status: False
 Force threshold: 0.3109
 Lowest RMSE: 0.1403
 Current RMSE: 0.1403
 Accepted count: 3
 Basinhop count: 0


adaptive stepsize: acceptance rate 0.666667 target 0.500000 new stepsize 0.9 old stepsize 0.81
basinhopping step 3: f 1.02138 trial_f 1.02138 accepted 1  lowest_f 1.02138
found new global minimum on step 3 with function value 1.02138
 Fit Status: False
 Force threshold: 0.3109
 Lowest RMSE: 0.0893
 Current RMSE: 0.0893
 Accepted count: 4
 Basinhop count: 0


adaptive stepsize: acceptance rate 0.750000 target 0.500000 new stepsize 1 old stepsize 0.9
basinhopping step 4: f 1.16455 trial_f 1.16455 accepted 1  lowest_f 1.02138
 Fit Status: False
 Force threshold: 0.3109
 Lowest RMSE: 0.0893
 Current RMSE: 0.0954
 Accepted count: 5
 Basinhop count: 1


adaptive stepsize: acceptance rate 0.800000 target 0.500000 new stepsize 1.11111 old stepsize 1
basinhopping step 5: f 1.16455 trial_f 2.97505 accepted 0  lowest_f 1.02138
 Fit Status: False
 Force threshold: 0.3109
 Lowest RMSE: 0.0893
 Current RMSE: 0.1525
 Accepted count: 5
 Basinhop count: 2


adaptive stepsize: acceptance rate 0.666667 target 0.500000 new stepsize 1.23457 old stepsize 1.11111
basinhopping step 6: f 1.16455 trial_f 7.53318 accepted 0  lowest_f 1.02138
 Fit Status: False
 Force threshold: 0.3109
 Lowest RMSE: 0.0893
 Current RMSE: 0.2426
 Accepted count: 5
 Basinhop count: 3


adaptive stepsize: acceptance rate 0.571429 target 0.500000 new stepsize 1.37174 old stepsize 1.23457
basinhopping step 7: f 1.16455 trial_f 3.56358 accepted 0  lowest_f 1.02138
 Fit Status: False
 Force threshold: 0.3109
 Lowest RMSE: 0.0893
 Current RMSE: 0.1669
 Accepted count: 5
 Basinhop count: 4


adaptive stepsize: acceptance rate 0.500000 target 0.500000 new stepsize 1.23457 old stepsize 1.37174
basinhopping step 8: f 1.16455 trial_f 2.81088 accepted 0  lowest_f 1.02138
 Fit Status: True
 Force threshold: 0.3109
 Lowest RMSE: 0.0893
 Current RMSE: 0.1482
 Accepted count: 5
 Basinhop count: 5



 Maximum Likelihood Best-fit Parameters:
--------------------------------------------------------------------------------------

Parameter                     Best-fit Value                +/- 1-sigma                   Flag                          
--------------------------------------------------------------------------------------
AGN_FRAC_4000                 0.727251                      0.000000                      1.0                           
AGN_FRAC_7000                 0.742673                      0.000000                      1.0                           
APOLY_COEFF_1                 0.033853                      0.000000                      1.0                           
APOLY_COEFF_2                 0.014275                      0.000000                      1.0                           
APOLY_COEFF_3                 -0.007586                     0.000000                      1.0                           
APOLY_COEFF_4                 0.003609                      0.000000                      1.0                           
APOLY_COEFF_5                 0.000170                      0.000000                      1.0                           
APOLY_COEFF_6                 -0.005653                     0.000000                      1.0                           
APOLY_COEFF_7                 0.005348                      0.000000                      1.0                           
BR_H_ALPHA_AMP                12.102460                     0.000000                      1.0                           
BR_H_ALPHA_DISP               3298.369414                   0.000000                      1.0                           
BR_H_ALPHA_DISP_CORR          3296.935968                   0.000000                      1.0                           
BR_H_ALPHA_DISP_RES           97.231744                     nan                           nan                           
BR_H_ALPHA_EW                 162.029662                    0.000000                      0.0                           
BR_H_ALPHA_FLUX               -13.581315                    0.000000                      0.0                           
BR_H_ALPHA_FWHM               7767.365231                   0.000000                      0.0                           
BR_H_ALPHA_FWHM_CORR          7763.989912                   0.000000                      0.0                           
BR_H_ALPHA_LUM                42.463292                     0.000000                      0.0                           
BR_H_ALPHA_NPIX               223.000000                    0.000000                      0.0                           
BR_H_ALPHA_SNR                15.180233                     0.000000                      0.0                           
BR_H_ALPHA_VOFF               5.302007                      0.000000                      1.0                           
BR_H_ALPHA_W80                8651.643060                   0.000000                      0.0                           
BR_H_ALPHA_W80_CORR           8648.042006                   0.000000                      0.0                           
BR_H_BETA_AMP                 4.034153                      0.000000                      1.0                           
BR_H_BETA_DISP                3298.369414                   0.000000                      1.0                           
BR_H_BETA_DISP_CORR           3295.756518                   0.000000                      1.0                           
BR_H_BETA_DISP_RES            131.262198                    nan                           nan                           
BR_H_BETA_EW                  33.498029                     0.000000                      0.0                           
BR_H_BETA_FLUX                -14.188769                    0.000000                      0.0                           
BR_H_BETA_FWHM                7767.177386                   0.000000                      0.0                           
BR_H_BETA_FWHM_CORR           7761.024679                   0.000000                      0.0                           
BR_H_BETA_LUM                 41.855837                     0.000000                      0.0                           
BR_H_BETA_NPIX                164.000000                    0.000000                      0.0                           
BR_H_BETA_SNR                 5.060244                      0.000000                      0.0                           
BR_H_BETA_VOFF                5.302007                      0.000000                      1.0                           
BR_H_BETA_W80                 8651.796249                   0.000000                      0.0                           
BR_H_BETA_W80_CORR            8645.232385                   0.000000                      0.0                           
HOST_FRAC_4000                0.151942                      0.000000                      1.0                           
HOST_FRAC_7000                0.471181                      0.000000                      1.0                           
HOST_TEMP_DISP                131.351172                    0.000000                      1.0                           
HOST_TEMP_VEL                 34.433305                     0.000000                      1.0                           
H_ALPHA_COMP_DISP             2792.076647                   0.000000                      0.0                           
H_ALPHA_COMP_DISP_CORR        2790.383127                   0.000000                      0.0                           
H_ALPHA_COMP_DISP_RES         97.231744                     nan                           nan                           
H_ALPHA_COMP_EW               229.476009                    0.000000                      1.0                           
H_ALPHA_COMP_FLUX             -13.435673                    0.000000                      1.0                           
H_ALPHA_COMP_FWHM             602.622387                    0.000000                      0.0                           
H_ALPHA_COMP_FWHM_CORR        557.432022                    0.000000                      0.0                           
H_ALPHA_COMP_LUM              42.608933                     0.000000                      1.0                           
H_ALPHA_COMP_NPIX             223.000000                    0.000000                      0.0                           
H_ALPHA_COMP_SNR              70.082301                     0.000000                      0.0                           
H_ALPHA_COMP_VOFF             -28.373374                    0.000000                      0.0                           
H_ALPHA_COMP_W80              7347.916892                   0.000000                      0.0                           
H_ALPHA_COMP_W80_CORR         7343.676568                   0.000000                      0.0                           
H_BETA_COMP_DISP              2943.671563                   0.000000                      0.0                           
H_BETA_COMP_DISP_CORR         2940.743530                   0.000000                      0.0                           
H_BETA_COMP_DISP_RES          131.262198                    nan                           nan                           
H_BETA_COMP_EW                42.759020                     0.000000                      1.0                           
H_BETA_COMP_FLUX              -14.089397                    0.000000                      1.0                           
H_BETA_COMP_FWHM              645.011721                    0.000000                      0.0                           
H_BETA_COMP_FWHM_CORR         566.126880                    0.000000                      0.0                           
H_BETA_COMP_LUM               41.955209                     0.000000                      1.0                           
H_BETA_COMP_NPIX              164.000000                    0.000000                      0.0                           
H_BETA_COMP_SNR               21.271565                     0.000000                      0.0                           
H_BETA_COMP_VOFF              -18.873234                    0.000000                      0.0                           
H_BETA_COMP_W80               7775.848905                   0.000000                      0.0                           
H_BETA_COMP_W80_CORR          7768.544963                   0.000000                      0.0                           
LOG_LIKE                      1.021381                      0.000000                      0.0                           
L_CONT_AGN_3000               43.923001                     0.000000                      1.0                           
L_CONT_AGN_5100               43.864408                     0.000000                      1.0                           
L_CONT_HOST_3000              0.000000                      0.000000                      1.0                           
L_CONT_HOST_5100              43.497109                     0.000000                      1.0                           
L_CONT_TOT_3000               43.955142                     0.000000                      1.0                           
L_CONT_TOT_5100               44.022709                     0.000000                      1.0                           
NA_H_ALPHA_AMP                70.442538                     0.000000                      1.0                           
NA_H_ALPHA_DISP               225.886824                    0.000000                      1.0                           
NA_H_ALPHA_DISP_CORR          203.889296                    0.000000                      1.0                           
NA_H_ALPHA_DISP_RES           97.231744                     nan                           nan                           
NA_H_ALPHA_EW                 67.446347                     0.000000                      0.0                           
NA_H_ALPHA_FLUX               -13.980958                    0.000000                      0.0                           
NA_H_ALPHA_FWHM               534.859937                    0.000000                      0.0                           
NA_H_ALPHA_FWHM_CORR          483.375496                    0.000000                      0.0                           
NA_H_ALPHA_LUM                42.063648                     0.000000                      0.0                           
NA_H_ALPHA_NPIX               17.000000                     0.000000                      0.0                           
NA_H_ALPHA_SNR                88.009839                     0.000000                      0.0                           
NA_H_ALPHA_VOFF               -112.854791                   0.000000                      1.0                           
NA_H_ALPHA_W80                593.483024                    0.000000                      0.0                           
NA_H_ALPHA_W80_CORR           538.446832                    0.000000                      0.0                           
NA_H_BETA_AMP                 15.151885                     0.000000                      1.0                           
NA_H_BETA_DISP                225.886824                    0.000000                      1.0                           
NA_H_BETA_DISP_CORR           183.834416                    0.000000                      1.0                           
NA_H_BETA_DISP_RES            131.262198                    nan                           nan                           
NA_H_BETA_EW                  9.260990                      0.000000                      0.0                           
NA_H_BETA_FLUX                -14.778659                    0.000000                      0.0                           
NA_H_BETA_FWHM                537.403211                    0.000000                      0.0                           
NA_H_BETA_FWHM_CORR           439.615441                    0.000000                      0.0                           
NA_H_BETA_LUM                 41.265947                     0.000000                      0.0                           
NA_H_BETA_NPIX                15.000000                     0.000000                      0.0                           
NA_H_BETA_SNR                 18.827313                     0.000000                      0.0                           
NA_H_BETA_VOFF                -112.854791                   0.000000                      1.0                           
NA_H_BETA_W80                 595.557710                    0.000000                      0.0                           
NA_H_BETA_W80_CORR            491.073967                    0.000000                      0.0                           
NA_NII_6549_AMP               19.635290                     0.000000                      1.0                           
NA_NII_6549_DISP              225.886824                    0.000000                      1.0                           
NA_NII_6549_DISP_CORR         203.784803                    0.000000                      1.0                           
NA_NII_6549_DISP_RES          97.450557                     nan                           nan                           
NA_NII_6549_EW                18.009009                     0.000000                      0.0                           
NA_NII_6549_FLUX              -14.536733                    0.000000                      0.0                           
NA_NII_6549_FWHM              532.495915                    0.000000                      0.0                           
NA_NII_6549_FWHM_CORR         480.512645                    0.000000                      0.0                           
NA_NII_6549_LUM               41.507874                     0.000000                      0.0                           
NA_NII_6549_NPIX              14.000000                     0.000000                      0.0                           
NA_NII_6549_SNR               24.626361                     0.000000                      0.0                           
NA_NII_6549_VOFF              -112.854791                   0.000000                      1.0                           
NA_NII_6549_W80               594.173519                    0.000000                      0.0                           
NA_NII_6549_W80_CORR          538.947452                    0.000000                      0.0                           
NA_NII_6585_AMP               58.905869                     0.000000                      1.0                           
NA_NII_6585_DISP              225.886824                    0.000000                      1.0                           
NA_NII_6585_DISP_CORR         204.034558                    0.000000                      1.0                           
NA_NII_6585_DISP_RES          96.926551                     nan                           nan                           
NA_NII_6585_EW                54.317335                     0.000000                      0.0                           
NA_NII_6585_FLUX              -14.057270                    0.000000                      0.0                           
NA_NII_6585_FWHM              535.927856                    0.000000                      0.0                           
NA_NII_6585_FWHM_CORR         484.895828                    0.000000                      0.0                           
NA_NII_6585_LUM               41.987337                     0.000000                      0.0                           
NA_NII_6585_NPIX              17.000000                     0.000000                      0.0                           
NA_NII_6585_SNR               73.440919                     0.000000                      0.0                           
NA_NII_6585_VOFF              -112.854791                   0.000000                      1.0                           
NA_NII_6585_W80               595.544114                    0.000000                      0.0                           
NA_NII_6585_W80_CORR          541.078690                    0.000000                      0.0                           
NA_OIII_a_AMP                 21.027391                     0.000000                      1.0                           
NA_OIII_a_DISP                225.886824                    0.000000                      1.0                           
NA_OIII_a_DISP_CORR           185.651511                    0.000000                      1.0                           
NA_OIII_a_DISP_RES            128.679344                    nan                           nan                           
NA_OIII_a_EW                  12.187690                     0.000000                      0.0                           
NA_OIII_a_FLUX                -14.627709                    0.000000                      0.0                           
NA_OIII_a_FWHM                534.194256                    0.000000                      0.0                           
NA_OIII_a_FWHM_CORR           439.938571                    0.000000                      0.0                           
NA_OIII_a_LUM                 41.416897                     0.000000                      0.0                           
NA_OIII_a_NPIX                17.000000                     0.000000                      0.0                           
NA_OIII_a_SNR                 26.301527                     0.000000                      0.0                           
NA_OIII_a_VOFF                -112.854791                   0.000000                      1.0                           
NA_OIII_a_W80                 593.804254                    0.000000                      0.0                           
NA_OIII_a_W80_CORR            493.449360                    0.000000                      0.0                           
NA_OIII_b_AMP                 62.661625                     0.000000                      1.0                           
NA_OIII_b_DISP                225.886824                    0.000000                      1.0                           
NA_OIII_b_DISP_CORR           186.499330                    0.000000                      1.0                           
NA_OIII_b_DISP_RES            127.447468                    nan                           nan                           
NA_OIII_b_EW                  37.653827                     0.000000                      0.0                           
NA_OIII_b_FLUX                -14.149315                    0.000000                      0.0                           
NA_OIII_b_FWHM                537.784573                    0.000000                      0.0                           
NA_OIII_b_FWHM_CORR           446.255818                    0.000000                      0.0                           
NA_OIII_b_LUM                 41.895291                     0.000000                      0.0                           
NA_OIII_b_NPIX                19.000000                     0.000000                      0.0                           
NA_OIII_b_SNR                 77.788622                     0.000000                      0.0                           
NA_OIII_b_VOFF                -112.854791                   0.000000                      1.0                           
NA_OIII_b_W80                 595.133435                    0.000000                      0.0                           
NA_OIII_b_W80_CORR            497.143517                    0.000000                      0.0                           
NA_OII_AMP                    3.417323                      0.000000                      1.0                           
NA_OII_DISP                   1282.958237                   0.000000                      1.0                           
NA_OII_DISP_CORR              1271.476752                   0.000000                      1.0                           
NA_OII_DISP_RES               171.256264                    nan                           nan                           
NA_OII_EW                     8.061859                      0.000000                      0.0                           
NA_OII_FLUX                   -14.786453                    0.000000                      0.0                           
NA_OII_FWHM                   3021.309370                   0.000000                      0.0                           
NA_OII_FWHM_CORR              2994.274568                   0.000000                      0.0                           
NA_OII_LUM                    41.258154                     0.000000                      0.0                           
NA_OII_NPIX                   65.000000                     0.000000                      0.0                           
NA_OII_SNR                    4.286438                      0.000000                      0.0                           
NA_OII_VOFF                   4.498360                      0.000000                      1.0                           
NA_OII_W80                    3364.955071                   0.000000                      0.0                           
NA_OII_W80_CORR               3336.114721                   0.000000                      0.0                           
NA_SII_6716_AMP               6.242311                      0.000000                      1.0                           
NA_SII_6716_DISP              225.886824                    0.000000                      1.0                           
NA_SII_6716_DISP_CORR         204.935220                    0.000000                      1.0                           
NA_SII_6716_DISP_RES          95.007436                     nan                           nan                           
NA_SII_6716_EW                5.876092                      0.000000                      0.0                           
NA_SII_6716_FLUX              -15.023398                    0.000000                      0.0                           
NA_SII_6716_FWHM              533.678116                    0.000000                      0.0                           
NA_SII_6716_FWHM_CORR         484.520507                    0.000000                      0.0                           
NA_SII_6716_LUM               41.021208                     0.000000                      0.0                           
NA_SII_6716_NPIX              13.000000                     0.000000                      0.0                           
NA_SII_6716_SNR               7.814182                      0.000000                      0.0                           
NA_SII_6716_VOFF              -112.854791                   0.000000                      1.0                           
NA_SII_6716_W80               594.299494                    0.000000                      0.0                           
NA_SII_6716_W80_CORR          541.952433                    0.000000                      0.0                           
NA_SII_6731_AMP               4.401378                      0.000000                      1.0                           
NA_SII_6731_DISP              225.886824                    0.000000                      1.0                           
NA_SII_6731_DISP_CORR         205.029172                    0.000000                      1.0                           
NA_SII_6731_DISP_RES          94.804514                     nan                           nan                           
NA_SII_6731_EW                4.142562                      0.000000                      0.0                           
NA_SII_6731_FLUX              -15.174228                    0.000000                      0.0                           
NA_SII_6731_FWHM              538.189556                    0.000000                      0.0                           
NA_SII_6731_FWHM_CORR         489.703348                    0.000000                      0.0                           
NA_SII_6731_LUM               40.870379                     0.000000                      0.0                           
NA_SII_6731_NPIX              12.000000                     0.000000                      0.0                           
NA_SII_6731_SNR               5.458314                      0.000000                      0.0                           
NA_SII_6731_VOFF              -112.854791                   0.000000                      1.0                           
NA_SII_6731_W80               595.365023                    0.000000                      0.0                           
NA_SII_6731_W80_CORR          543.354276                    0.000000                      0.0                           
POWER_AMP                     11.822222                     0.000000                      1.0                           
POWER_SLOPE                   -1.377621                     0.000000                      1.0                           
RCHI_SQUARED                  2.894187                      0.000000                      0.0                           
R_SQUARED                     0.993168                      0.000000                      0.0                           
NOISE_STD                     0.769536                                                                                  
RESID_STD                     1.763435                                                                                  
--------------------------------------------------------------------------------------
 - Done fitting 2-onur! 

End process memory: 0.25770803                    
