7.0.1
1.3.2
2.1.6
3.1.6
['/home/onur/Documents/AGNEmissionLines_ThirdPartyLibraries/pyqsofit/PyQSOFit/src/pyqsofit']
FWHM Resolution: 2.5 Å
[ 3566.97426784  3567.79484559  3568.6175712  ... 10394.41199851
 10396.80892696 10399.20640813] Angstrom [57.96996689 57.96429443 57.95862961 ...  6.99743366  6.99751186
  6.9975915 ] erg / (Angstrom s cm2) [1.15939934 1.15928589 1.15917259 ... 0.13994867 0.13995024 0.13995183] erg / (Angstrom s cm2) 0.29768213629722595
Name            Value      Min      Max   Stderr     Vary     Expr Brute_Step
Balmer_Tau        0.5      0.1        2     None    False     None     None
Balmer_Te     1.5e+04    1e+04    5e+04     None    False     None     None
Blamer_norm         0        0    1e+10     None    False     None     None
Fe_op_FWHM       3000     1200  1.8e+04     None     True     None     None
Fe_op_norm          0        0    1e+10     None     True     None     None
Fe_op_shift         0    -0.01     0.01     None     True     None     None
Fe_uv_FWHM       3000     1200  1.8e+04     None     True     None     None
Fe_uv_norm          0        0    1e+10     None     True     None     None
Fe_uv_shift         0    -0.01     0.01     None     True     None     None
PL_norm             1        0    1e+10     None     True     None     None
PL_slope         -1.5       -5        3     None     True     None     None
conti_a_0           0     -inf      inf     None     True     None     None
conti_a_1           0     -inf      inf     None     True     None     None
conti_a_2           0     -inf      inf     None     True     None     None
Fitting continuum
Fit report
[[Variables]]
    Fe_uv_norm:   2.67824873 +/- 0.07129929 (2.66%) (init = 0)
    Fe_uv_FWHM:   13727.7833 +/- 768.613264 (5.60%) (init = 3000)
    Fe_uv_shift:  0.00857303 +/- 6.1407e-04 (7.16%) (init = 0)
    Fe_op_norm:   4.40250780 +/- 0.08392295 (1.91%) (init = 0)
    Fe_op_FWHM:   4125.42830 +/- 247.727057 (6.00%) (init = 3000)
    Fe_op_shift:  8.5977e-04 +/- 2.7390e-04 (31.86%) (init = 0)
    PL_norm:      56.5593028 +/- 0.32805741 (0.58%) (init = 1)
    PL_slope:    -0.79428102 +/- 0.14519908 (18.28%) (init = -1.5)
    Blamer_norm:  0 (fixed)
    Balmer_Te:    15000 (fixed)
    Balmer_Tau:   0.5 (fixed)
    conti_a_0:   -11192.6864 +/- 2210.57055 (19.75%) (init = 0)
    conti_a_1:    3.91225811 +/- 0.51526446 (13.17%) (init = 0)
    conti_a_2:   -3.9302e-04 +/- 4.4617e-05 (11.35%) (init = 0)
[[Correlations]] (unreported correlations are < 0.100)
    C(conti_a_1, conti_a_2)    = -0.9915
    C(conti_a_0, conti_a_1)    = -0.9889
    C(PL_slope, conti_a_0)     = -0.9889
    C(conti_a_0, conti_a_2)    = +0.9616
    C(PL_slope, conti_a_1)     = +0.9576
    C(Fe_uv_norm, PL_norm)     = -0.9416
    C(PL_slope, conti_a_2)     = -0.9147
    C(Fe_uv_FWHM, PL_norm)     = -0.7808
    C(Fe_uv_norm, Fe_uv_FWHM)  = +0.7576
    C(Fe_op_norm, Fe_op_FWHM)  = +0.4530
    C(Fe_uv_norm, Fe_op_norm)  = +0.3971
    C(Fe_uv_norm, Fe_op_FWHM)  = +0.3806
    C(PL_norm, PL_slope)       = -0.3683
    C(Fe_uv_FWHM, PL_slope)    = +0.3193
    C(Fe_op_FWHM, PL_norm)     = -0.2983
    C(Fe_op_norm, PL_norm)     = -0.2863
    C(PL_norm, conti_a_0)      = +0.2740
    C(Fe_uv_FWHM, conti_a_0)   = -0.2432
    C(Fe_op_norm, conti_a_2)   = -0.2427
    C(PL_norm, conti_a_1)      = -0.2166
    C(Fe_uv_FWHM, Fe_op_FWHM)  = +0.2116
    C(Fe_uv_FWHM, Fe_op_norm)  = +0.1943
    C(Fe_uv_FWHM, conti_a_1)   = +0.1940
    C(Fe_uv_norm, PL_slope)    = +0.1844
    C(PL_norm, conti_a_2)      = +0.1734
    C(Fe_op_FWHM, PL_slope)    = -0.1728
    C(Fe_op_norm, conti_a_1)   = +0.1717
    C(Fe_op_FWHM, conti_a_0)   = +0.1675
    C(Fe_uv_FWHM, conti_a_2)   = -0.1562
    C(Fe_op_shift, conti_a_0)  = +0.1433
    C(Fe_op_shift, PL_slope)   = -0.1401
    C(Fe_op_shift, conti_a_1)  = -0.1358
    C(Fe_op_FWHM, conti_a_1)   = -0.1324
    C(Fe_op_shift, conti_a_2)  = +0.1258
    C(Fe_uv_norm, Fe_op_shift) = +0.1131
    C(Fe_uv_norm, conti_a_0)   = -0.1056
Name                    Value      Min      Max   Stderr     Vary     Expr Brute_Step
Hb_br_1_dwave               0    -0.01     0.01     None     True     None     None
Hb_br_1_scale               0        0    1e+10     None     True     None     None
Hb_br_1_sigma           0.005    0.004     0.05     None     True     None     None
Hb_br_2_dwave               0    -0.01     0.01     None     True     None     None
Hb_br_2_scale               0        0    1e+10     None     True     None     None
Hb_br_2_sigma           0.005    0.004     0.05     None     True     None     None
Hb_na_1_dwave               0    -0.01     0.01     None     True     None     None
Hb_na_1_scale               0        0    1e+10     None     True     None     None
Hb_na_1_sigma           0.001  0.00023  0.00169     None     True     None     None
HeII4687_br_1_dwave         0   -0.005    0.005     None     True     None     None
HeII4687_br_1_scale         0        0    1e+10     None     True     None     None
HeII4687_br_1_sigma     0.005    0.004     0.05     None     True     None     None
HeII4687_na_1_dwave         0   -0.005    0.005     None    False Hb_na_1_dwave     None
HeII4687_na_1_scale         0        0    1e+10     None     True     None     None
HeII4687_na_1_sigma     0.001  0.00023  0.00169     None    False Hb_na_1_sigma     None
OIII4959c_1_dwave           0    -0.01     0.01     None    False Hb_na_1_dwave     None
OIII4959c_1_scale           0        0    1e+10     None     True     None     None
OIII4959c_1_sigma       0.001  0.00023  0.00169     None    False Hb_na_1_sigma     None
OIII4959w_1_dwave           0    -0.01     0.01     None     True     None     None
OIII4959w_1_scale           0        0    1e+10     None     True     None     None
OIII4959w_1_sigma       0.003  0.00023    0.004     None     True     None     None
OIII5007c_1_dwave           0    -0.01     0.01     None    False Hb_na_1_dwave     None
OIII5007c_1_scale           0        0    1e+10     None    False 3.0303030014038086 * OIII4959c_1_scale     None
OIII5007c_1_sigma       0.001  0.00023  0.00169     None    False Hb_na_1_sigma     None
OIII5007w_1_dwave           0    -0.01     0.01     None    False OIII4959w_1_dwave     None
OIII5007w_1_scale           0        0    1e+10     None    False 3.0303030014038086 * OIII4959w_1_scale     None
OIII5007w_1_sigma       0.003  0.00023    0.004     None    False OIII4959w_1_sigma     None
Fitting complex Hb
Fit report
[[Variables]]
    Hb_br_1_scale:        10.1035108 (init = 0)
    Hb_br_1_dwave:        5.2228e-04 (init = 0)
    Hb_br_1_sigma:        0.00619346 (init = 0.005)
    Hb_br_2_scale:        19.6428218 (init = 0)
    Hb_br_2_dwave:        0.00698081 (init = 0)
    Hb_br_2_sigma:        0.00503774 (init = 0.005)
    Hb_na_1_scale:        0.15421386 (init = 0)
    Hb_na_1_dwave:        3.7420e-05 (init = 0)
    Hb_na_1_sigma:        6.6753e-04 (init = 0.001)
    OIII4959c_1_scale:    11.1300968 (init = 0)
    OIII4959c_1_dwave:    3.7420e-05 == 'Hb_na_1_dwave'
    OIII4959c_1_sigma:    6.6753e-04 == 'Hb_na_1_sigma'
    OIII5007c_1_scale:    33.7275659 == '3.0303030014038086 * OIII4959c_1_scale'
    OIII5007c_1_dwave:    3.7420e-05 == 'Hb_na_1_dwave'
    OIII5007c_1_sigma:    6.6753e-04 == 'Hb_na_1_sigma'
    OIII4959w_1_scale:    10.1516939 (init = 0)
    OIII4959w_1_dwave:   -9.9641e-04 (init = 0)
    OIII4959w_1_sigma:    0.00150976 (init = 0.003)
    OIII5007w_1_scale:    30.7627086 == '3.0303030014038086 * OIII4959w_1_scale'
    OIII5007w_1_dwave:   -9.9641e-04 == 'OIII4959w_1_dwave'
    OIII5007w_1_sigma:    0.00150976 == 'OIII4959w_1_sigma'
    HeII4687_br_1_scale:  2.48727039 (init = 0)
    HeII4687_br_1_dwave:  0.00500000 (init = 0)
    HeII4687_br_1_sigma:  0.05000000 (init = 0.005)
    HeII4687_na_1_scale:  2.29638031 (init = 0)
    HeII4687_na_1_dwave:  3.7420e-05 == 'Hb_na_1_dwave'
    HeII4687_na_1_sigma:  6.6753e-04 == 'Hb_na_1_sigma'
Name                Value      Min      Max   Stderr     Vary     Expr Brute_Step
Ha_br_1_dwave           0   -0.015    0.015     None     True     None     None
Ha_br_1_scale           0        0    1e+10     None     True     None     None
Ha_br_1_sigma       0.005    0.004     0.05     None     True     None     None
Ha_br_2_dwave           0   -0.015    0.015     None     True     None     None
Ha_br_2_scale           0        0    1e+10     None     True     None     None
Ha_br_2_sigma       0.005    0.004     0.05     None     True     None     None
Ha_na_1_dwave           0    -0.01     0.01     None     True     None     None
Ha_na_1_scale           0        0    1e+10     None     True     None     None
Ha_na_1_sigma       0.001   0.0005  0.00169     None     True     None     None
NII6549_1_dwave         0   -0.005    0.005     None    False Ha_na_1_dwave     None
NII6549_1_scale         0        0    1e+10     None     True     None     None
NII6549_1_sigma     0.001  0.00023  0.00169     None    False Ha_na_1_sigma     None
NII6585_1_dwave         0   -0.005    0.005     None    False Ha_na_1_dwave     None
NII6585_1_scale         0        0    1e+10     None    False 3.0 * NII6549_1_scale     None
NII6585_1_sigma     0.001  0.00023  0.00169     None    False Ha_na_1_sigma     None
SII6718_1_dwave         0   -0.005    0.005     None    False Ha_na_1_dwave     None
SII6718_1_scale         0        0    1e+10     None     True     None     None
SII6718_1_sigma     0.001  0.00023  0.00169     None    False Ha_na_1_sigma     None
SII6732_1_dwave         0   -0.005    0.005     None    False Ha_na_1_dwave     None
SII6732_1_scale         0        0    1e+10     None    False 1.0 * SII6718_1_scale     None
SII6732_1_sigma     0.001  0.00023  0.00169     None    False Ha_na_1_sigma     None
Fitting complex Ha
Fit report
[[Variables]]
    Ha_br_1_scale:    55.6168706 +/- 2.71166004 (4.88%) (init = 0)
    Ha_br_1_dwave:    0.00170792 +/- 9.6490e-05 (5.65%) (init = 0)
    Ha_br_1_sigma:    0.00493635 +/- 1.5355e-04 (3.11%) (init = 0.005)
    Ha_br_2_scale:    26.1811450 +/- 1.50150583 (5.74%) (init = 0)
    Ha_br_2_dwave:    0.00211420 +/- 1.3267e-04 (6.27%) (init = 0)
    Ha_br_2_sigma:    0.01182834 +/- 2.9801e-04 (2.52%) (init = 0.005)
    Ha_na_1_scale:    21.3640522 +/- 2.50342106 (11.72%) (init = 0)
    Ha_na_1_dwave:    0.00105424 +/- 1.1745e-04 (11.14%) (init = 0)
    Ha_na_1_sigma:    0.00143474 +/- 1.7258e-04 (12.03%) (init = 0.001)
    NII6549_1_scale:  0.05141554 +/- 0.99659150 (1938.31%) (init = 0)
    NII6549_1_dwave:  0.00105424 +/- 1.1745e-04 (11.14%) == 'Ha_na_1_dwave'
    NII6549_1_sigma:  0.00143474 +/- 1.7258e-04 (12.03%) == 'Ha_na_1_sigma'
    NII6585_1_scale:  0.15424662 +/- 2.98977451 (1938.31%) == '3.0 * NII6549_1_scale'
    NII6585_1_dwave:  0.00105424 +/- 1.1745e-04 (11.14%) == 'Ha_na_1_dwave'
    NII6585_1_sigma:  0.00143474 +/- 1.7258e-04 (12.03%) == 'Ha_na_1_sigma'
    SII6718_1_scale:  2.45908072 +/- 0.25012776 (10.17%) (init = 0)
    SII6718_1_dwave:  0.00105424 +/- 1.1745e-04 (11.14%) == 'Ha_na_1_dwave'
    SII6718_1_sigma:  0.00143474 +/- 1.7258e-04 (12.03%) == 'Ha_na_1_sigma'
    SII6732_1_scale:  2.45908072 +/- 0.25012776 (10.17%) == '1.0 * SII6718_1_scale'
    SII6732_1_dwave:  0.00105424 +/- 1.1745e-04 (11.14%) == 'Ha_na_1_dwave'
    SII6732_1_sigma:  0.00143474 +/- 1.7258e-04 (12.03%) == 'Ha_na_1_sigma'
[[Correlations]] (unreported correlations are < 0.100)
    C(Ha_br_2_scale, Ha_br_2_sigma)     = -0.9481
    C(Ha_br_1_sigma, Ha_br_2_scale)     = -0.7773
    C(Ha_br_1_scale, NII6549_1_scale)   = +0.7210
    C(Ha_br_1_scale, Ha_na_1_sigma)     = -0.6903
    C(Ha_br_1_dwave, NII6549_1_scale)   = +0.6504
    C(Ha_br_1_sigma, Ha_br_2_sigma)     = +0.6371
    C(Ha_br_1_sigma, Ha_na_1_scale)     = +0.6234
    C(Ha_na_1_sigma, SII6718_1_scale)   = -0.5876
    C(Ha_br_1_scale, Ha_na_1_scale)     = -0.5500
    C(Ha_br_1_sigma, SII6718_1_scale)   = -0.5039
    C(Ha_br_1_dwave, Ha_br_2_dwave)     = -0.4892
    C(Ha_na_1_sigma, NII6549_1_scale)   = -0.4667
    C(Ha_br_1_scale, Ha_br_2_sigma)     = +0.4276
    C(Ha_br_1_sigma, Ha_na_1_sigma)     = +0.4241
    C(Ha_na_1_scale, NII6549_1_scale)   = -0.4230
    C(Ha_br_2_scale, SII6718_1_scale)   = +0.4017
    C(Ha_br_2_sigma, SII6718_1_scale)   = -0.3988
    C(Ha_br_1_scale, Ha_br_1_dwave)     = +0.3836
    C(Ha_br_1_scale, Ha_br_2_scale)     = -0.3376
    C(Ha_br_1_dwave, Ha_na_1_dwave)     = -0.3252
    C(Ha_na_1_scale, Ha_na_1_sigma)     = +0.3168
    C(NII6549_1_scale, SII6718_1_scale) = +0.3070
    C(Ha_br_1_sigma, NII6549_1_scale)   = -0.3048
    C(Ha_br_2_scale, Ha_na_1_scale)     = -0.2936
    C(Ha_na_1_scale, SII6718_1_scale)   = -0.2744
    C(Ha_br_1_scale, SII6718_1_scale)   = +0.2619
    C(Ha_br_1_scale, Ha_br_1_sigma)     = -0.2473
    C(Ha_br_2_dwave, SII6718_1_scale)   = -0.2134
    C(Ha_na_1_dwave, NII6549_1_scale)   = -0.2110
    C(Ha_br_2_sigma, Ha_na_1_scale)     = +0.2048
    C(Ha_br_2_dwave, NII6549_1_scale)   = -0.1796
    C(Ha_br_2_dwave, Ha_na_1_dwave)     = +0.1696
    C(Ha_br_1_dwave, SII6718_1_scale)   = +0.1618
    C(Ha_br_1_scale, Ha_na_1_dwave)     = -0.1609
    C(Ha_na_1_dwave, SII6718_1_scale)   = -0.1558
    C(Ha_br_2_dwave, Ha_br_2_sigma)     = +0.1538
    C(Ha_br_2_scale, Ha_br_2_dwave)     = -0.1511
    C(Ha_br_1_dwave, Ha_na_1_scale)     = -0.1493
    C(Ha_na_1_scale, Ha_na_1_dwave)     = +0.1463
    C(Ha_br_1_dwave, Ha_na_1_sigma)     = -0.1446
    C(Ha_br_1_sigma, Ha_br_2_dwave)     = +0.1185
    C(Ha_br_1_sigma, Ha_na_1_dwave)     = +0.1127
    C(Ha_na_1_dwave, Ha_na_1_sigma)     = +0.1089
Saving figure as ./result.pdf
Fitting finished in 1432.1s
wrote pyqsofit_model.csv
['ra' 'dec' 'plateid' 'MJD' 'fiberid' 'redshift' 'SN_ratio_conti'
 'Fe_uv_norm' 'Fe_uv_norm_err' 'Fe_uv_FWHM' 'Fe_uv_FWHM_err' 'Fe_uv_shift'
 'Fe_uv_shift_err' 'Fe_op_norm' 'Fe_op_norm_err' 'Fe_op_FWHM'
 'Fe_op_FWHM_err' 'Fe_op_shift' 'Fe_op_shift_err' 'PL_norm' 'PL_norm_err'
 'PL_slope' 'PL_slope_err' 'Blamer_norm' 'Blamer_norm_err' 'Balmer_Te'
 'Balmer_Te_err' 'Balmer_Tau' 'Balmer_Tau_err' 'conti_a_0' 'conti_a_0_err'
 'conti_a_1' 'conti_a_1_err' 'conti_a_2' 'conti_a_2_err' 'L1350'
 'L1350_err' 'L1450' 'L1450_err' 'L3000' 'L3000_err' 'L4200' 'L4200_err'
 'L5100' 'L5100_err' 'Fe_flux_4435_4685' 'Fe_flux_4435_4685_err']

['-999' '-999' '0' '0' '0' '0.29768213629722595' '45.629749798569335'
 '2.6782487339005456' '0.05980065331812057' '13727.783255999082'
 '534.5805695963545' '0.008573032454107034' '0.000334891833989227'
 '4.402507802758748' '0.05576393791173473' '4125.428301707366'
 '116.38919510033838' '0.000859774366224501' '0.00020857029368639605'
 '56.559302796799216' '0.2401698617759962' '-0.7942810220753564'
 '0.08522390406385877' '0.0' '0.0' '15000.0' '0.0' '0.5' '0.0'
 '-11192.686375772251' '1162.282840400867' '3.912258109779754'
 '0.2680075997445701' '-0.00039302067523025463' '2.3099986446028543e-05'
 '-1.0' '-1.0' '-1.0' '-1.0' '44.681951729811765' '0.0018440447330902998'
 '44.617382633497755' '0.001473639653625014' '44.59472489981747'
 '0.0010851586049938078' '1881.01857471001' '24.195460272578316']
['Hb_br_1_scale' 'Hb_br_1_scale_err' 'Hb_br_1_centerwave'
 'Hb_br_1_centerwave_err' 'Hb_br_1_sigma' 'Hb_br_1_sigma_err'
 'Hb_br_2_scale' 'Hb_br_2_scale_err' 'Hb_br_2_centerwave'
 'Hb_br_2_centerwave_err' 'Hb_br_2_sigma' 'Hb_br_2_sigma_err'
 'Hb_na_1_scale' 'Hb_na_1_scale_err' 'Hb_na_1_centerwave'
 'Hb_na_1_centerwave_err' 'Hb_na_1_sigma' 'Hb_na_1_sigma_err'
 'OIII4959c_1_scale' 'OIII4959c_1_scale_err' 'OIII4959c_1_centerwave'
 'OIII4959c_1_centerwave_err' 'OIII4959c_1_sigma' 'OIII4959c_1_sigma_err'
 'OIII5007c_1_scale' 'OIII5007c_1_scale_err' 'OIII5007c_1_centerwave'
 'OIII5007c_1_centerwave_err' 'OIII5007c_1_sigma' 'OIII5007c_1_sigma_err'
 'OIII4959w_1_scale' 'OIII4959w_1_scale_err' 'OIII4959w_1_centerwave'
 'OIII4959w_1_centerwave_err' 'OIII4959w_1_sigma' 'OIII4959w_1_sigma_err'
 'OIII5007w_1_scale' 'OIII5007w_1_scale_err' 'OIII5007w_1_centerwave'
 'OIII5007w_1_centerwave_err' 'OIII5007w_1_sigma' 'OIII5007w_1_sigma_err'
 'HeII4687_br_1_scale' 'HeII4687_br_1_scale_err'
 'HeII4687_br_1_centerwave' 'HeII4687_br_1_centerwave_err'
 'HeII4687_br_1_sigma' 'HeII4687_br_1_sigma_err' 'HeII4687_na_1_scale'
 'HeII4687_na_1_scale_err' 'HeII4687_na_1_centerwave'
 'HeII4687_na_1_centerwave_err' 'HeII4687_na_1_sigma'
 'HeII4687_na_1_sigma_err' 'Ha_br_1_scale' 'Ha_br_1_scale_err'
 'Ha_br_1_centerwave' 'Ha_br_1_centerwave_err' 'Ha_br_1_sigma'
 'Ha_br_1_sigma_err' 'Ha_br_2_scale' 'Ha_br_2_scale_err'
 'Ha_br_2_centerwave' 'Ha_br_2_centerwave_err' 'Ha_br_2_sigma'
 'Ha_br_2_sigma_err' 'Ha_na_1_scale' 'Ha_na_1_scale_err'
 'Ha_na_1_centerwave' 'Ha_na_1_centerwave_err' 'Ha_na_1_sigma'
 'Ha_na_1_sigma_err' 'NII6549_1_scale' 'NII6549_1_scale_err'
 'NII6549_1_centerwave' 'NII6549_1_centerwave_err' 'NII6549_1_sigma'
 'NII6549_1_sigma_err' 'NII6585_1_scale' 'NII6585_1_scale_err'
 'NII6585_1_centerwave' 'NII6585_1_centerwave_err' 'NII6585_1_sigma'
 'NII6585_1_sigma_err' 'SII6718_1_scale' 'SII6718_1_scale_err'
 'SII6718_1_centerwave' 'SII6718_1_centerwave_err' 'SII6718_1_sigma'
 'SII6718_1_sigma_err' 'SII6732_1_scale' 'SII6732_1_scale_err'
 'SII6732_1_centerwave' 'SII6732_1_centerwave_err' 'SII6732_1_sigma'
 'SII6732_1_sigma_err']

[1.01035108e+01 1.01827936e+01 8.48409238e+00 4.60079311e-03
 6.19346303e-03 8.82718335e-04 1.96428218e+01 1.01832534e+01
 8.49055091e+00 4.09720209e-03 5.03774164e-03 1.13014768e-03
 1.54213864e-01 4.15233514e-02 8.48360752e+00 1.99341659e-05
 6.67531327e-04 3.64076482e-05 1.11300968e+01 4.33097425e-01
 8.50319217e+00 1.99341659e-05 6.67531327e-04 3.64076482e-05
 3.37275659e+01 1.31241643e+00 8.51887726e+00 1.99341659e-05
 6.67531327e-04 3.64076482e-05 1.01516939e+01 7.01368641e-01
 8.50215834e+00 9.95494232e-05 1.50976126e-03 5.87131087e-05
 3.07627086e+01 2.12535950e+00 8.51784342e+00 9.95494232e-05
 1.50976126e-03 5.87131087e-05 2.48727039e+00 2.56897970e-01
 8.45755184e+00 6.64470381e-08 5.00000002e-02 6.28329217e-07
 2.29638031e+00 4.05715228e-01 8.45258926e+00 1.99341659e-05
 6.67531327e-04 3.64076482e-05 5.56168706e+01 1.66361716e+01
 8.78917397e+00 2.36279009e-04 4.93634816e-03 3.75510017e-03
 2.61811450e+01 1.60001784e+01 8.78958025e+00 2.43796737e-04
 1.18283429e-02 3.59001238e-03 2.13640522e+01 4.56979454e+00
 8.78852029e+00 1.93452497e-04 1.43473911e-03 2.05153634e-04
 5.14155385e-02 4.60356531e-02 8.78825135e+00 1.93452497e-04
 1.43473911e-03 2.05153634e-04 1.54246615e-01 1.38106959e-01
 8.79364629e+00 1.93452497e-04 1.43473911e-03 2.05153634e-04
 2.45908072e+00 5.59119195e-01 8.81364293e+00 1.93452497e-04
 1.43473911e-03 2.05153634e-04 2.45908072e+00 5.59119195e-01
 8.81578107e+00 1.93452497e-04 1.43473911e-03 2.05153634e-04]
['Hb_br_1_scale' 'Hb_br_1_centerwave' 'Hb_br_1_sigma' 'Hb_br_2_scale'
 'Hb_br_2_centerwave' 'Hb_br_2_sigma' 'Hb_na_1_scale' 'Hb_na_1_centerwave'
 'Hb_na_1_sigma' 'OIII4959c_1_scale' 'OIII4959c_1_centerwave'
 'OIII4959c_1_sigma' 'OIII5007c_1_scale' 'OIII5007c_1_centerwave'
 'OIII5007c_1_sigma' 'OIII4959w_1_scale' 'OIII4959w_1_centerwave'
 'OIII4959w_1_sigma' 'OIII5007w_1_scale' 'OIII5007w_1_centerwave'
 'OIII5007w_1_sigma' 'HeII4687_br_1_scale' 'HeII4687_br_1_centerwave'
 'HeII4687_br_1_sigma' 'HeII4687_na_1_scale' 'HeII4687_na_1_centerwave'
 'HeII4687_na_1_sigma' 'Ha_br_1_scale' 'Ha_br_1_centerwave'
 'Ha_br_1_sigma' 'Ha_br_2_scale' 'Ha_br_2_centerwave' 'Ha_br_2_sigma'
 'Ha_na_1_scale' 'Ha_na_1_centerwave' 'Ha_na_1_sigma' 'NII6549_1_scale'
 'NII6549_1_centerwave' 'NII6549_1_sigma' 'NII6585_1_scale'
 'NII6585_1_centerwave' 'NII6585_1_sigma' 'SII6718_1_scale'
 'SII6718_1_centerwave' 'SII6718_1_sigma' 'SII6732_1_scale'
 'SII6732_1_centerwave' 'SII6732_1_sigma']

[[2.35102426e+01 8.48880012e+00 5.79313623e-03 ... 1.76144155e+00
  8.81606386e+00 1.68475173e-03]
 [2.26390628e+00 8.47491967e+00 4.86402939e-03 ... 6.44643450e+00
  8.81500217e+00 6.46363621e-04]
 [1.23784327e+01 8.48796962e+00 6.45028912e-03 ... 1.85119919e+00
  8.81602056e+00 1.64802840e-03]
 ...
 [1.73827619e+01 8.49096356e+00 4.86031244e-03 ... 2.89782864e+00
  8.81556539e+00 1.26984225e-03]
 [1.26911892e+01 8.48859845e+00 6.32156902e-03 ... 2.17276697e+00
  8.81596603e+00 1.57739157e-03]
 [2.23601748e+00 8.47795310e+00 8.80811496e-03 ... 3.46883411e+00
  8.81540349e+00 1.13372387e-03]]
(50, 48)
['1_complex_name' '1_line_status' '1_line_min_chi2' '1_line_bic'
 '1_line_red_chi2' '1_niter' '1_ndof' '2_complex_name' '2_line_status'
 '2_line_min_chi2' '2_line_bic' '2_line_red_chi2' '2_niter' '2_ndof'
 'Hb_br_1_scale' 'Hb_br_1_scale_err' 'Hb_br_1_centerwave'
 'Hb_br_1_centerwave_err' 'Hb_br_1_sigma' 'Hb_br_1_sigma_err'
 'Hb_br_2_scale' 'Hb_br_2_scale_err' 'Hb_br_2_centerwave'
 'Hb_br_2_centerwave_err' 'Hb_br_2_sigma' 'Hb_br_2_sigma_err'
 'Hb_na_1_scale' 'Hb_na_1_scale_err' 'Hb_na_1_centerwave'
 'Hb_na_1_centerwave_err' 'Hb_na_1_sigma' 'Hb_na_1_sigma_err'
 'OIII4959c_1_scale' 'OIII4959c_1_scale_err' 'OIII4959c_1_centerwave'
 'OIII4959c_1_centerwave_err' 'OIII4959c_1_sigma' 'OIII4959c_1_sigma_err'
 'OIII5007c_1_scale' 'OIII5007c_1_scale_err' 'OIII5007c_1_centerwave'
 'OIII5007c_1_centerwave_err' 'OIII5007c_1_sigma' 'OIII5007c_1_sigma_err'
 'OIII4959w_1_scale' 'OIII4959w_1_scale_err' 'OIII4959w_1_centerwave'
 'OIII4959w_1_centerwave_err' 'OIII4959w_1_sigma' 'OIII4959w_1_sigma_err'
 'OIII5007w_1_scale' 'OIII5007w_1_scale_err' 'OIII5007w_1_centerwave'
 'OIII5007w_1_centerwave_err' 'OIII5007w_1_sigma' 'OIII5007w_1_sigma_err'
 'HeII4687_br_1_scale' 'HeII4687_br_1_scale_err'
 'HeII4687_br_1_centerwave' 'HeII4687_br_1_centerwave_err'
 'HeII4687_br_1_sigma' 'HeII4687_br_1_sigma_err' 'HeII4687_na_1_scale'
 'HeII4687_na_1_scale_err' 'HeII4687_na_1_centerwave'
 'HeII4687_na_1_centerwave_err' 'HeII4687_na_1_sigma'
 'HeII4687_na_1_sigma_err' 'Ha_br_1_scale' 'Ha_br_1_scale_err'
 'Ha_br_1_centerwave' 'Ha_br_1_centerwave_err' 'Ha_br_1_sigma'
 'Ha_br_1_sigma_err' 'Ha_br_2_scale' 'Ha_br_2_scale_err'
 'Ha_br_2_centerwave' 'Ha_br_2_centerwave_err' 'Ha_br_2_sigma'
 'Ha_br_2_sigma_err' 'Ha_na_1_scale' 'Ha_na_1_scale_err'
 'Ha_na_1_centerwave' 'Ha_na_1_centerwave_err' 'Ha_na_1_sigma'
 'Ha_na_1_sigma_err' 'NII6549_1_scale' 'NII6549_1_scale_err'
 'NII6549_1_centerwave' 'NII6549_1_centerwave_err' 'NII6549_1_sigma'
 'NII6549_1_sigma_err' 'NII6585_1_scale' 'NII6585_1_scale_err'
 'NII6585_1_centerwave' 'NII6585_1_centerwave_err' 'NII6585_1_sigma'
 'NII6585_1_sigma_err' 'SII6718_1_scale' 'SII6718_1_scale_err'
 'SII6718_1_centerwave' 'SII6718_1_centerwave_err' 'SII6718_1_sigma'
 'SII6718_1_sigma_err' 'SII6732_1_scale' 'SII6732_1_scale_err'
 'SII6732_1_centerwave' 'SII6732_1_centerwave_err' 'SII6732_1_sigma'
 'SII6732_1_sigma_err' 'Hb_whole_br_fwhm' 'Hb_whole_br_fwhm_err'
 'Hb_whole_br_sigma' 'Hb_whole_br_sigma_err' 'Hb_whole_br_ew'
 'Hb_whole_br_ew_err' 'Hb_whole_br_peak' 'Hb_whole_br_peak_err'
 'Hb_whole_br_area' 'Hb_whole_br_area_err' 'Hb_whole_br_snr'
 'Hb_whole_br_snr_err' 'Ha_whole_br_fwhm' 'Ha_whole_br_fwhm_err'
 'Ha_whole_br_sigma' 'Ha_whole_br_sigma_err' 'Ha_whole_br_ew'
 'Ha_whole_br_ew_err' 'Ha_whole_br_peak' 'Ha_whole_br_peak_err'
 'Ha_whole_br_area' 'Ha_whole_br_area_err' 'Ha_whole_br_snr'
 'Ha_whole_br_snr_err']

['Hb' '0' '9732.162399997898' '1398.548937742612' '24.826944897953823'
 '36000' '392' 'Ha' '1' '1064.520222073542' '429.0006873769124'
 '4.224286595529929' '602' '252' '10.1035108057701' '10.18279358611096'
 '8.484092381342561' '0.004600793110713042' '0.006193463030678829'
 '0.0008827183346065627' '19.64282181354804' '10.1832534182833'
 '8.4905509059394' '0.0040972020909633144' '0.005037741642095268'
 '0.0011301476831387111' '0.15421386390102043' '0.041523351423933264'
 '8.483607518552974' '1.9934165913504387e-05' '0.0006675313272460235'
 '3.640764819724969e-05' '11.130096844169657' '0.43309742459030076'
 '8.503192174314693' '1.9934165913504387e-05' '0.0006675313272460235'
 '3.640764819724969e-05' '33.727565872802366' '1.3124164256362505'
 '8.518877255796626' '1.9934165913504387e-05' '0.0006675313272460235'
 '3.640764819724969e-05' '10.151693929927319' '0.7013686409429454'
 '8.502158341475479' '9.954942322032423e-05' '0.0015097612567228284'
 '5.8713108660596964e-05' '30.76270858519158' '2.1253594977399164'
 '8.517843422957412' '9.954942322032423e-05' '0.0015097612567228284'
 '5.8713108660596964e-05' '2.4872703896505755' '0.2568979695638518'
 '8.457551840638798' '6.644703809399743e-08' '0.05000000022193775'
 '6.283292166842092e-07' '2.296380308131063' '0.40571522808008353'
 '8.45258926141186' '1.9934165913504387e-05' '0.0006675313272460235'
 '3.640764819724969e-05' '55.61687055344322' '16.636171551454026'
 '8.789173965887406' '0.00023627900920164535' '0.004936348157655426'
 '0.003755100168332317' '26.181145029724462' '16.000178448827285'
 '8.789580251340592' '0.00024379673659513657' '0.011828342905346838'
 '0.003590012377078151' '21.364052193995064' '4.56979454277473'
 '8.788520289599706' '0.00019345249716806734' '0.0014347391086814657'
 '0.00020515363446539192' '0.051415538493415625' '0.046035653067377766'
 '8.78825135344248' '0.00019345249716806734' '0.0014347391086814657'
 '0.00020515363446539192' '0.15424661548024687' '0.1381069592021333'
 '8.79364628905039' '0.00019345249716806734' '0.0014347391086814657'
 '0.00020515363446539192' '2.459080716832318' '0.5591191953868699'
 '8.813642932116796' '0.00019345249716806734' '0.0014347391086814657'
 '0.00020515363446539192' '2.459080716832318' '0.5591191953868699'
 '8.815781069934179' '0.00019345249716806734' '0.0014347391086814657'
 '0.00020515363446539192' '4600.114637484511' '114.5125093227557'
 '10348.404783462884' '488.15251289435855' '117.58603248936079'
 '7.361725983383067' '4862.258011848263' '1.1220839935126605'
 '3432.622710173812' '213.8913760706107' '20.34828317540515'
 '1.694197773325703' '4329.672718818517' '210.7013576303084'
 '2748.165507123001' '75.70763196046687' '428.9948911619007'
 '6.326389388986655' '6563.199502668702' '0.6470174635578587'
 '9599.494217456788' '141.7823646527704' '66.35830377786904'
 '1.6957027959311972']
Broad Hb:
FWHM (km/s) 4327.3
Sigma (km/s) 1894.5
EW (A) 68.3
Peak (A) 4861.9
Area (10^(-17) erg/s/cm^2) 1963.5
SNR 16.2

Narrow Hb:
FWHM (km/s) 471.3
Sigma (km/s) 197.3
EW (A) 0.0
Peak (A) 4834.9
Area (10^(-17) erg/s/cm^2) 1.2
SNR 0.1

Broad [OIII]5007:
FWHM (km/s) 0
Sigma (km/s) 0
EW (A) 0
Peak (A) 0
Area (10^(-17) erg/s/cm^2) 0
SNR 0

Narrow [OIII]5007:
FWHM (km/s) 471.3
Sigma (km/s) 197.3
EW (A) 10.2
Peak (A) 5008.4
Area (10^(-17) erg/s/cm^2) 281.8
SNR 15.7
