patched GLEAM label offsets
patched GLEAM non-fatal plotting
patched GLEAM doublet ties
WARNING: AstropyDeprecationWarning: The truth value of a Quantity is ambiguous. In the future this will raise a ValueError. [astropy.units.quantity]
Now working in  on sdss in sdss + fiber1 on source 1 at z=0.314.
Warning: non-constant dispersion
[[Model]]
    (Model(constant) + Model(gaussian, prefix='g0_'))
[[Fit Statistics]]
    # fitting method   = leastsq
    # function evals   = 46
    # data points      = 163
    # variables        = 4
    chi-square         = 505.203896
    reduced chi-square = 3.17738299
    Akaike info crit   = 192.387540
    Bayesian info crit = 204.762541
    R-squared          = 0.58179831
[[Variables]]
    c:             1137.09349 +/- 3.88153495 (0.34%) (init = 1150.572)
    g0_amplitude:  2046.61925 +/- 183.691177 (8.98%) (init = 590.5936)
    g0_center:     3726.61873 +/- 0.26871127 (0.01%) (init = 3728.48)
    g0_sigma:      2.71138644 +/- 0.26855293 (9.90%) (init = 0.8082479)
    g0_fwhm:       6.38482701 +/- 0.63239382 (9.90%) == '2.3548200*g0_sigma'
    g0_height:     301.131178 +/- 26.9488319 (8.95%) == '0.3989423*g0_amplitude/max(1e-15, g0_sigma)'
[[Correlations]] (unreported correlations are < 0.100)
    C(g0_amplitude, g0_sigma) = +0.5544
    C(c, g0_amplitude)        = -0.3070
    C(c, g0_sigma)            = -0.1906
Warning: non-constant dispersion
Warning: non-constant dispersion
[[Model]]
    ((Model(constant) + Model(gaussian, prefix='g0_')) + Model(gaussian, prefix='g1_'))
[[Fit Statistics]]
    # fitting method   = leastsq
    # function evals   = 2733
    # data points      = 125
    # variables        = 7
    chi-square         = 169.026945
    reduced chi-square = 1.43243174
    Akaike info crit   = 51.7180504
    Bayesian info crit = 71.5162466
    R-squared          = 0.98623239
[[Variables]]
    c:             170.295724 +/- 80.8989106 (47.50%) (init = 295.1249)
    g0_amplitude:  6210.93636 +/- 353.747853 (5.70%) (init = 389.0834)
    g0_center:     4859.10618 +/- 0.35969115 (0.01%) (init = 4862.68)
    g0_sigma:      15.5519626 +/- 0.45327956 (2.91%) (init = 0.8082479)
    g1_amplitude:  21728.6276 +/- 22141.0656 (101.90%) (init = 389.0834)
    g1_center:     4869.58802 +/- 1.20068359 (0.02%) (init = 4862.68)
    g1_sigma:      66.8320974 +/- 28.5052274 (42.65%) (init = 0.8082479)
    g0_fwhm:       36.6220726 +/- 1.06739177 (2.91%) == '2.3548200*g0_sigma'
    g0_height:     159.324279 +/- 5.55494328 (3.49%) == '0.3989423*g0_amplitude/max(1e-15, g0_sigma)'
    g1_fwhm:       157.377560 +/- 67.1246797 (42.65%) == '2.3548200*g1_sigma'
    g1_height:     129.705172 +/- 77.3263274 (59.62%) == '0.3989423*g1_amplitude/max(1e-15, g1_sigma)'
[[Correlations]] (unreported correlations are < 0.100)
    C(c, g1_amplitude)            = -0.9998
    C(g1_amplitude, g1_sigma)     = +0.9949
    C(c, g1_sigma)                = -0.9932
    C(g0_amplitude, g0_sigma)     = +0.8668
    C(g0_center, g1_sigma)        = +0.6889
    C(g0_center, g1_amplitude)    = +0.6754
    C(c, g0_center)               = -0.6717
    C(g0_sigma, g1_center)        = +0.5840
    C(g0_amplitude, g1_center)    = +0.5761
    C(g0_amplitude, g1_sigma)     = +0.5618
    C(g0_amplitude, g1_amplitude) = +0.4835
    C(c, g0_amplitude)            = -0.4743
    C(g0_amplitude, g0_center)    = +0.4245
    C(g0_sigma, g1_sigma)         = +0.3018
    C(g0_center, g0_sigma)        = +0.2429
    C(g0_sigma, g1_amplitude)     = +0.2266
    C(c, g0_sigma)                = -0.2194
    C(g0_center, g1_center)       = -0.1727
NonDetection when fitting set of lines [4862.68 4862.68] Angstrom, try a simpler model
[[Model]]
    (Model(constant) + Model(gaussian, prefix='g0_'))
[[Fit Statistics]]
    # fitting method   = leastsq
    # function evals   = 46
    # data points      = 125
    # variables        = 4
    chi-square         = 356.658757
    reduced chi-square = 2.94759303
    Akaike info crit   = 139.058216
    Bayesian info crit = 150.371471
    R-squared          = 0.96998300
[[Variables]]
    c:             260.515191 +/- 1.73922908 (0.67%) (init = 295.1249)
    g0_amplitude:  8938.33520 +/- 212.649209 (2.38%) (init = 389.0834)
    g0_center:     4860.68137 +/- 0.29711100 (0.01%) (init = 4862.68)
    g0_sigma:      18.6721972 +/- 0.38218205 (2.05%) (init = 0.8082479)
    g0_fwhm:       43.9696634 +/- 0.89996994 (2.05%) == '2.3548200*g0_sigma'
    g0_height:     190.972705 +/- 3.10862408 (1.63%) == '0.3989423*g0_amplitude/max(1e-15, g0_sigma)'
[[Correlations]] (unreported correlations are < 0.100)
    C(c, g0_amplitude)        = -0.8165
    C(g0_amplitude, g0_sigma) = +0.7393
    C(c, g0_sigma)            = -0.6676
Warning: non-constant dispersion
Warning: non-constant dispersion
Warning: non-constant dispersion
Warning: non-constant dispersion
[[Model]]
    ((Model(constant) + Model(gaussian, prefix='g0_')) + Model(gaussian, prefix='g1_'))
[[Fit Statistics]]
    # fitting method   = leastsq
    # function evals   = 779
    # data points      = 164
    # variables        = 6
    chi-square         = 3310.94131
    reduced chi-square = 20.9553248
    Akaike info crit   = 504.839907
    Bayesian info crit = 523.439106
    R-squared          = 0.68925232
[[Variables]]
    c:             378.174512 +/- 3.62647270 (0.96%) (init = 401.2793)
    g0_amplitude:  1314.95221 +/- 110.325615 (8.39%) == 'g1_amplitude / 3.0'
    g0_center:     4950.30000 +/- 16.6431308 (0.34%) (init = 4960.3)
    g0_sigma:      34.0964696 +/- 15.3206503 (44.93%) (init = 0.8082479)
    g1_amplitude:  3944.85662 +/- 330.976847 (8.39%) (init = 642.7382)
    g1_center:     5004.25086 +/- 0.46877066 (0.01%) (init = 5008.24)
    g1_sigma:      5.95836988 +/- 0.50018405 (8.39%) (init = 0.8082479)
    g0_fwhm:       80.2910486 +/- 36.0773738 (44.93%) == '2.3548200*g0_sigma'
    g0_height:     15.3854655 +/- 7.38625723 (48.01%) == '0.3989423*g0_amplitude/max(1e-15, g0_sigma)'
    g1_fwhm:       14.0308886 +/- 1.17784340 (8.39%) == '2.3548200*g1_sigma'
    g1_height:     264.127640 +/- 20.7141704 (7.84%) == '0.3989423*g1_amplitude/max(1e-15, g1_sigma)'
[[Correlations]] (unreported correlations are < 0.100)
    C(g1_amplitude, g1_sigma)  = +0.5634
    C(c, g1_amplitude)         = -0.5319
    C(g0_center, g1_amplitude) = +0.4131
    C(c, g1_sigma)             = -0.3529
    C(c, g0_sigma)             = +0.3115
    C(g0_center, g1_sigma)     = +0.2891
    C(g0_sigma, g1_amplitude)  = -0.2857
    C(g0_sigma, g1_sigma)      = -0.1907
    C(c, g0_center)            = -0.1514
Warning: non-constant dispersion
Warning: non-constant dispersion
[[Model]]
    ((((Model(constant) + Model(gaussian, prefix='g0_')) + Model(gaussian, prefix='g1_')) + Model(gaussian, prefix='g2_')) + Model(gaussian, prefix='g3_'))
[[Fit Statistics]]
    # fitting method   = leastsq
    # function evals   = 401
    # data points      = 116
    # variables        = 12
    chi-square         = 331.880697
    reduced chi-square = 3.19116055
    Akaike info crit   = 145.937503
    Bayesian info crit = 178.980585
    R-squared          = 0.99424521
[[Variables]]
    c:             53.0243985 +/- 0.95339537 (1.80%) (init = 93.6431)
    g0_amplitude:  169.654733 +/- 23.4097735 (13.80%) == 'g3_amplitude / 3.0'
    g0_center:     6543.92613 +/- 0.85514715 (0.01%) (init = 6549.86)
    g0_sigma:      3.86530873 +/- 0.68189942 (17.64%) (init = 0.8082479)
    g1_amplitude:  3380.89230 +/- 328.084336 (9.70%) (init = 391.8964)
    g1_center:     6560.17228 +/- 0.33279465 (0.01%) (init = 6564.6)
    g1_sigma:      12.5794710 +/- 0.74845361 (5.95%) (init = 0.8082479)
    g2_amplitude:  8460.76316 +/- 220.606601 (2.61%) (init = 391.8964)
    g2_center:     6560.42545 +/- 0.29838685 (0.00%) (init = 6564.6)
    g2_sigma:      31.9099597 +/- 0.98020871 (3.07%) (init = 0.8082479)
    g3_amplitude:  508.964200 +/- 70.2293206 (13.80%) (init = 391.8964)
    g3_center:     6583.12983 +/- 0.38520259 (0.01%) (init = 6585.27)
    g3_sigma:      4.36832153 +/- 0.41156085 (9.42%) (init = 0.8082479)
    g0_fwhm:       9.10210631 +/- 1.60575040 (17.64%) == '2.3548200*g0_sigma'
    g0_height:     17.5102312 +/- 3.20085439 (18.28%) == '0.3989423*g0_amplitude/max(1e-15, g0_sigma)'
    g1_fwhm:       29.6223898 +/- 1.76247353 (5.95%) == '2.3548200*g1_sigma'
    g1_height:     107.220801 +/- 5.50612730 (5.14%) == '0.3989423*g1_amplitude/max(1e-15, g1_sigma)'
    g2_fwhm:       75.1422113 +/- 2.30821508 (3.07%) == '2.3548200*g2_sigma'
    g2_height:     105.777517 +/- 5.17161532 (4.89%) == '0.3989423*g2_amplitude/max(1e-15, g2_sigma)'
    g3_fwhm:       10.2866109 +/- 0.96915172 (9.42%) == '2.3548200*g3_sigma'
    g3_height:     46.4817773 +/- 3.89946300 (8.39%) == '0.3989423*g3_amplitude/max(1e-15, g3_sigma)'
[[Correlations]] (unreported correlations are < 0.100)
    C(g1_amplitude, g1_sigma)     = +0.8937
    C(c, g2_sigma)                = -0.8681
    C(g1_amplitude, g2_sigma)     = +0.8415
    C(g3_amplitude, g3_sigma)     = +0.8030
    C(g1_amplitude, g2_amplitude) = -0.7645
    C(g1_sigma, g3_amplitude)     = -0.6971
    C(g1_sigma, g2_amplitude)     = -0.6854
    C(g1_sigma, g2_sigma)         = +0.6224
    C(c, g1_amplitude)            = -0.6079
    C(g1_center, g3_amplitude)    = -0.5429
    C(g1_sigma, g3_center)        = +0.5349
    C(g3_amplitude, g3_center)    = -0.5053
    C(g1_amplitude, g3_center)    = +0.5052
    C(g1_sigma, g3_sigma)         = -0.4915
    C(g2_amplitude, g2_sigma)     = -0.4788
    C(g1_amplitude, g3_amplitude) = -0.4707
    C(g1_center, g3_center)       = +0.4538
    C(g1_center, g1_sigma)        = +0.4421
    C(c, g1_sigma)                = -0.4221
    C(g1_center, g3_sigma)        = -0.4119
    C(g3_center, g3_sigma)        = -0.4030
    C(g2_amplitude, g3_center)    = -0.3863
    C(g0_sigma, g3_amplitude)     = +0.3440
    C(g1_amplitude, g1_center)    = +0.3414
    C(g1_amplitude, g3_sigma)     = -0.3290
    C(g0_center, g1_sigma)        = +0.3034
    C(g0_sigma, g3_sigma)         = +0.2951
    C(g2_sigma, g3_center)        = +0.2857
    C(g2_center, g3_amplitude)    = -0.2738
    C(g0_center, g3_amplitude)    = -0.2617
    C(g0_sigma, g1_center)        = -0.2473
    C(g1_center, g2_center)       = -0.2331
    C(g2_center, g3_sigma)        = -0.2324
    C(g2_amplitude, g3_amplitude) = +0.2152
    C(g1_center, g2_amplitude)    = -0.2135
    C(g0_center, g3_sigma)        = -0.1744
    C(c, g3_center)               = -0.1741
    C(g0_center, g1_center)       = +0.1686
    C(g1_sigma, g2_center)        = +0.1416
    C(g0_sigma, g3_center)        = -0.1411
    C(g0_center, g1_amplitude)    = +0.1385
    C(g2_sigma, g3_amplitude)     = -0.1323
    C(g0_center, g3_center)       = +0.1307
    C(g1_center, g2_sigma)        = +0.1224
    C(g2_amplitude, g3_sigma)     = +0.1114
Warning: non-constant dispersion
Warning: non-constant dispersion
[[Model]]
    ((Model(constant) + Model(gaussian, prefix='g0_')) + Model(gaussian, prefix='g1_'))
[[Fit Statistics]]
    # fitting method   = leastsq
    # function evals   = 153
    # data points      = 100
    # variables        = 7
    chi-square         = 710.542045
    reduced chi-square = 7.64023704
    Akaike info crit   = 210.085794
    Bayesian info crit = 228.321985
    R-squared          = 0.29067387
[[Variables]]
    c:             756.150335 +/- 6.56080370 (0.87%) (init = 771.2581)
    g0_amplitude:  1516.34503 +/- 406.382663 (26.80%) (init = 312.9597)
    g0_center:     6715.49600 +/- 1.04447924 (0.02%) (init = 6718.29)
    g0_sigma:      3.62331218 +/- 1.12096560 (30.94%) (init = 0.8082479)
    g1_amplitude:  885.515015 +/- 344.992486 (38.96%) (init = 312.9597)
    g1_center:     6729.95233 +/- 1.18962498 (0.02%) (init = 6732.67)
    g1_sigma:      2.79052988 +/- 1.19656982 (42.88%) (init = 0.8082479)
    g0_fwhm:       8.53224799 +/- 2.63967223 (30.94%) == '2.3548200*g0_sigma'
    g0_height:     166.956128 +/- 33.8936150 (20.30%) == '0.3989423*g0_amplitude/max(1e-15, g0_sigma)'
    g1_fwhm:       6.57119556 +/- 2.81770655 (42.88%) == '2.3548200*g1_sigma'
    g1_height:     126.595812 +/- 55.2445603 (43.64%) == '0.3989423*g1_amplitude/max(1e-15, g1_sigma)'
[[Correlations]] (unreported correlations are < 0.100)
    C(g0_amplitude, g0_sigma)  = +0.7618
    C(g1_amplitude, g1_sigma)  = +0.4346
    C(g0_center, g0_sigma)     = +0.4083
    C(g0_amplitude, g0_center) = +0.3834
    C(g1_amplitude, g1_center) = -0.3309
    C(c, g0_amplitude)         = -0.3032
    C(c, g1_amplitude)         = -0.2450
    C(g1_center, g1_sigma)     = -0.2228
    C(c, g0_sigma)             = -0.1630
    C(c, g1_sigma)             = -0.1404
    C(g0_sigma, g1_center)     = +0.1404
    C(g0_amplitude, g1_center) = +0.1179
    C(g0_sigma, g1_sigma)      = -0.1155
    C(g0_center, g1_sigma)     = -0.1028
Warning: non-constant dispersion
multiprocessing.pool.RemoteTraceback: 
"""
Traceback (most recent call last):
  File "/usr/local/lib/python3.8/multiprocessing/pool.py", line 125, in worker
    result = (True, func(*args, **kwds))
  File "/usr/local/lib/python3.8/multiprocessing/pool.py", line 51, in starmapstar
    return list(itertools.starmap(args[0], args[1]))
  File "/usr/local/lib/python3.8/site-packages/gleam/main.py", line 147, in run_main
    print("WARNING: GLEAM plot_line failed:", _e)
  File "/usr/local/lib/python3.8/contextlib.py", line 120, in __exit__
    next(self.gen)
  File "/usr/local/lib/python3.8/site-packages/gleam/plot_gaussian.py", line 401, in overview_plot
    plt.savefig(f"{basename}.png", format="png", bbox_inches="tight")
  File "/usr/local/lib/python3.8/site-packages/matplotlib/pyplot.py", line 1023, in savefig
    res = fig.savefig(*args, **kwargs)
  File "/usr/local/lib/python3.8/site-packages/matplotlib/figure.py", line 3378, in savefig
    self.canvas.print_figure(fname, **kwargs)
  File "/usr/local/lib/python3.8/site-packages/matplotlib/backend_bases.py", line 2342, in print_figure
    self.figure.draw(renderer)
  File "/usr/local/lib/python3.8/site-packages/matplotlib/artist.py", line 95, in draw_wrapper
    result = draw(artist, renderer, *args, **kwargs)
  File "/usr/local/lib/python3.8/site-packages/matplotlib/artist.py", line 72, in draw_wrapper
    return draw(artist, renderer)
  File "/usr/local/lib/python3.8/site-packages/matplotlib/figure.py", line 3175, in draw
    mimage._draw_list_compositing_images(
  File "/usr/local/lib/python3.8/site-packages/matplotlib/image.py", line 131, in _draw_list_compositing_images
    a.draw(renderer)
  File "/usr/local/lib/python3.8/site-packages/matplotlib/artist.py", line 39, in draw_wrapper
    return draw(artist, renderer, *args, **kwargs)
  File "/usr/local/lib/python3.8/site-packages/mpl_toolkits/axes_grid1/parasite_axes.py", line 138, in draw
    super().draw(renderer)
  File "/usr/local/lib/python3.8/site-packages/matplotlib/artist.py", line 72, in draw_wrapper
    return draw(artist, renderer)
  File "/usr/local/lib/python3.8/site-packages/matplotlib/axes/_base.py", line 3064, in draw
    mimage._draw_list_compositing_images(
  File "/usr/local/lib/python3.8/site-packages/matplotlib/image.py", line 131, in _draw_list_compositing_images
    a.draw(renderer)
  File "/usr/local/lib/python3.8/site-packages/matplotlib/artist.py", line 72, in draw_wrapper
    return draw(artist, renderer)
  File "/usr/local/lib/python3.8/site-packages/matplotlib/text.py", line 757, in draw
    posx = float(self.convert_xunits(self._x))
TypeError: only size-1 arrays can be converted to Python scalars
"""

The above exception was the direct cause of the following exception:

Traceback (most recent call last):
  File "/usr/local/bin/gleam", line 8, in <module>
    sys.exit(pipeline())
  File "/usr/local/lib/python3.8/site-packages/click/core.py", line 829, in __call__
    return self.main(*args, **kwargs)
  File "/usr/local/lib/python3.8/site-packages/click/core.py", line 782, in main
    rv = self.invoke(ctx)
  File "/usr/local/lib/python3.8/site-packages/click/core.py", line 1066, in invoke
    return ctx.invoke(self.callback, **ctx.params)
  File "/usr/local/lib/python3.8/site-packages/click/core.py", line 610, in invoke
    return callback(*args, **kwargs)
  File "/usr/local/lib/python3.8/site-packages/gleam/__init__.py", line 136, in pipeline
    p.starmap(gleam.main.run_main, unique_sources)
  File "/usr/local/lib/python3.8/multiprocessing/pool.py", line 372, in starmap
    return self._map_async(func, iterable, starmapstar, chunksize).get()
  File "/usr/local/lib/python3.8/multiprocessing/pool.py", line 771, in get
    raise self._value
TypeError: only size-1 arrays can be converted to Python scalars
Matplotlib Version: 3.7.5
total 5068
-rw-rw-r-- 1 1000 1000  19477 Sep 29 15:26 docker.log
-rw-r--r-- 1 1000 1000 481273 Sep 29 10:20 linefits.sdss.sdss.fiber1.001.Ha.Ha_broad.NII1.png
-rw-rw-r-- 1 1000 1000 460372 Sep 27 23:39 linefits.sdss.sdss.fiber1.001.Ha.NII1.png
-rw-r--r-- 1 root root 466070 Sep 30 00:31 linefits.sdss.sdss.fiber1.001.Hb.Hb_broad.png
-rw-rw-r-- 1 1000 1000 454455 Sep 27 23:39 linefits.sdss.sdss.fiber1.001.Hb.png
-rw-r--r-- 1 root root 496596 Sep 30 00:32 linefits.sdss.sdss.fiber1.001.NII2.Ha.Ha_broad.NII1.png
-rw-r--r-- 1 root root 461899 Sep 30 00:31 linefits.sdss.sdss.fiber1.001.OII.png
-rw-r--r-- 1 root root 456890 Sep 30 00:32 linefits.sdss.sdss.fiber1.001.OIII4.OIII5.png
-rw-r--r-- 1 1000 1000 441612 Sep 29 08:53 linefits.sdss.sdss.fiber1.001.OIII4.png
-rw-r--r-- 1 1000 1000 448552 Sep 29 08:53 linefits.sdss.sdss.fiber1.001.OIII5.png
-rw-r--r-- 1 root root 466260 Sep 30 00:32 linefits.sdss.sdss.fiber1.001.SII1.SII2.png
-rw-r--r-- 1 root root  20160 Sep 30 00:32 linefits.sdss.sdss.fiber1.001.fits
-rw-r--r-- 1 1000 1000 498144 Sep 29 10:21 linefits.sdss.sdss.fiber1.001.png
total 12K
-rw-r--r-- 1 root root 1.2K Sep 21 02:20 =5.2
drwxr-xr-x 1 root root 4.0K Sep 30 00:29 input
drwxrwxr-x 2 1000 1000 4.0K Sep 30 00:32 output
-rw-r--r-- 1 root root 1.2K Sep 21 02:20 /app/=5.2

/app/input:
total 132K
-rw-rw-r-- 1 1000 1000  12K Aug 28 20:16 Sky_bands.fits
-rw-rw-r-- 1 1000 1000 1.3K Sep 29 07:43 gleam.sh
-rw-rw-r-- 1 1000 1000 5.4K Sep 29 15:08 gleam_doublet_patch.py
-rw-rw-r-- 1 1000 1000 2.6K Sep 29 23:03 gleamconfig.yaml
-rw-rw-r-- 1 1000 1000 8.5K Sep 29 14:37 line_table.fits
-rw-rw-r-- 1 1000 1000  115 Sep 30 00:29 meta.dat
-rw-rw-r-- 1 1000 1000  85K Sep 30 00:29 spec1d.sdss.sdss.fiber1.1.fits

/app/output:
total 5.0M
-rw-rw-r-- 1 1000 1000  20K Sep 29 15:26 docker.log
-rw-r--r-- 1 1000 1000 470K Sep 29 10:20 linefits.sdss.sdss.fiber1.001.Ha.Ha_broad.NII1.png
-rw-rw-r-- 1 1000 1000 450K Sep 27 23:39 linefits.sdss.sdss.fiber1.001.Ha.NII1.png
-rw-r--r-- 1 root root 456K Sep 30 00:31 linefits.sdss.sdss.fiber1.001.Hb.Hb_broad.png
-rw-rw-r-- 1 1000 1000 444K Sep 27 23:39 linefits.sdss.sdss.fiber1.001.Hb.png
-rw-r--r-- 1 root root 485K Sep 30 00:32 linefits.sdss.sdss.fiber1.001.NII2.Ha.Ha_broad.NII1.png
-rw-r--r-- 1 root root 452K Sep 30 00:31 linefits.sdss.sdss.fiber1.001.OII.png
-rw-r--r-- 1 root root 447K Sep 30 00:32 linefits.sdss.sdss.fiber1.001.OIII4.OIII5.png
-rw-r--r-- 1 1000 1000 432K Sep 29 08:53 linefits.sdss.sdss.fiber1.001.OIII4.png
-rw-r--r-- 1 1000 1000 439K Sep 29 08:53 linefits.sdss.sdss.fiber1.001.OIII5.png
-rw-r--r-- 1 root root 456K Sep 30 00:32 linefits.sdss.sdss.fiber1.001.SII1.SII2.png
-rw-r--r-- 1 root root  20K Sep 30 00:32 linefits.sdss.sdss.fiber1.001.fits
-rw-r--r-- 1 1000 1000 487K Sep 29 10:21 linefits.sdss.sdss.fiber1.001.png
