WARNING: AstropyDeprecationWarning: The truth value of a Quantity is ambiguous. In the future this will raise a ValueError. [astropy.units.quantity]
Now working in  on sdss in sdss + fiber1 on source 1 at z=0.091.
Warning: non-constant dispersion
[[Model]]
    (Model(constant) + Model(gaussian, prefix='g0_'))
[[Fit Statistics]]
    # fitting method   = leastsq
    # function evals   = 26
    # data points      = 164
    # variables        = 4
    chi-square         = 601.040351
    reduced chi-square = 3.75650219
    Akaike info crit   = 221.002486
    Bayesian info crit = 233.401951
    R-squared          = 0.96355609
[[Variables]]
    c:             202.778181 +/- 1.10690577 (0.55%) (init = 203.8856)
    g0_amplitude:  2431.32371 +/- 46.5170280 (1.91%) (init = 3152.452)
    g0_center:     3728.89561 +/- 0.04974039 (0.00%) (init = 3728.48)
    g0_sigma:      2.35907352 +/- 0.05054745 (2.14%) (init = 3.114157)
    g0_fwhm:       5.55519351 +/- 0.11903014 (2.14%) == '2.3548200*g0_sigma'
    g0_height:     411.160510 +/- 7.54997988 (1.84%) == '0.3989423*g0_amplitude/max(1e-15, g0_sigma)'
[[Correlations]] (unreported correlations are < 0.100)
    C(g0_amplitude, g0_sigma) = +0.5952
    C(c, g0_amplitude)        = -0.2985
    C(c, g0_sigma)            = -0.1777
Warning: non-constant dispersion
Warning: non-constant dispersion
[[Model]]
    ((Model(constant) + Model(gaussian, prefix='g0_')) + Model(gaussian, prefix='g1_'))
[[Fit Statistics]]
    # fitting method   = leastsq
    # function evals   = 110
    # data points      = 125
    # variables        = 7
    chi-square         = 112.196265
    reduced chi-square = 0.95081581
    Akaike info crit   = 0.49199631
    Bayesian info crit = 20.2901925
    R-squared          = 0.97652959
[[Variables]]
    c:             216.057831 +/- 21.1220517 (9.78%) (init = 354.1483)
    g0_amplitude:  1607.93565 +/- 54.8650530 (3.41%) (init = 2257.804)
    g0_center:     4862.71726 +/- 0.08050558 (0.00%) (init = 4862.68)
    g0_sigma:      2.58575359 +/- 0.08782040 (3.40%) (init = 3.114157)
    g1_amplitude:  20831.9228 +/- 4165.38092 (20.00%) (init = 2257.804)
    g1_center:     4860.87419 +/- 0.50665745 (0.01%) (init = 4862.68)
    g1_sigma:      45.2687695 +/- 4.24827480 (9.38%) (init = 3.114157)
    g0_fwhm:       6.08898428 +/- 0.20680124 (3.40%) == '2.3548200*g0_sigma'
    g0_height:     248.079921 +/- 6.92192967 (2.79%) == '0.3989423*g0_amplitude/max(1e-15, g0_sigma)'
    g1_fwhm:       106.599804 +/- 10.0039225 (9.38%) == '2.3548200*g1_sigma'
    g1_height:     183.586505 +/- 19.7621697 (10.76%) == '0.3989423*g1_amplitude/max(1e-15, g1_sigma)'
[[Correlations]] (unreported correlations are < 0.100)
    C(c, g1_amplitude)            = -0.9985
    C(g1_amplitude, g1_sigma)     = +0.9912
    C(c, g1_sigma)                = -0.9865
    C(g0_amplitude, g0_sigma)     = +0.6641
    C(g0_amplitude, g1_sigma)     = +0.4022
    C(c, g0_amplitude)            = -0.3497
    C(g0_amplitude, g1_amplitude) = +0.3481
    C(g0_sigma, g1_sigma)         = +0.2585
    C(c, g0_sigma)                = -0.2240
    C(g0_sigma, g1_amplitude)     = +0.2228
Warning: non-constant dispersion
Warning: non-constant dispersion
[[Model]]
    (Model(constant) + Model(gaussian, prefix='g0_'))
[[Fit Statistics]]
    # fitting method   = leastsq
    # function evals   = 21
    # data points      = 105
    # variables        = 4
    chi-square         = 821.408213
    reduced chi-square = 8.13275458
    Akaike info crit   = 223.991284
    Bayesian info crit = 234.607126
    R-squared          = 0.94043012
[[Variables]]
    c:             156.947761 +/- 1.79805586 (1.15%) (init = 152.5714)
    g0_amplitude:  2245.69964 +/- 70.2401727 (3.13%) (init = 2890.947)
    g0_center:     4960.29050 +/- 0.08171118 (0.00%) (init = 4960.3)
    g0_sigma:      2.39277457 +/- 0.08329591 (3.48%) (init = 3.114157)
    g0_fwhm:       5.63455341 +/- 0.19614687 (3.48%) == '2.3548200*g0_sigma'
    g0_height:     374.420804 +/- 11.1418079 (2.98%) == '0.3989423*g0_amplitude/max(1e-15, g0_sigma)'
[[Correlations]] (unreported correlations are < 0.100)
    C(g0_amplitude, g0_sigma) = +0.5991
    C(c, g0_amplitude)        = -0.3257
    C(c, g0_sigma)            = -0.1951
Warning: non-constant dispersion
Warning: non-constant dispersion
[[Model]]
    (Model(constant) + Model(gaussian, prefix='g0_'))
[[Fit Statistics]]
    # fitting method   = leastsq
    # function evals   = 26
    # data points      = 105
    # variables        = 4
    chi-square         = 448.607207
    reduced chi-square = 4.44165551
    Akaike info crit   = 160.479670
    Bayesian info crit = 171.095512
    R-squared          = 0.99614490
[[Variables]]
    c:             49.1380038 +/- 0.45879205 (0.93%) (init = 48.75089)
    g0_amplitude:  2396.81176 +/- 18.5461609 (0.77%) (init = 3019.766)
    g0_center:     5008.32211 +/- 0.02137561 (0.00%) (init = 5008.24)
    g0_sigma:      2.53803479 +/- 0.02181922 (0.86%) (init = 3.114157)
    g0_fwhm:       5.97661509 +/- 0.05138035 (0.86%) == '2.3548200*g0_sigma'
    g0_height:     376.744085 +/- 2.76723079 (0.73%) == '0.3989423*g0_amplitude/max(1e-15, g0_sigma)'
[[Correlations]] (unreported correlations are < 0.100)
    C(g0_amplitude, g0_sigma) = +0.6000
    C(c, g0_amplitude)        = -0.3339
    C(c, g0_sigma)            = -0.2003
Warning: non-constant dispersion
Warning: non-constant dispersion
[[Model]]
    (((Model(constant) + Model(gaussian, prefix='g0_')) + Model(gaussian, prefix='g1_')) + Model(gaussian, prefix='g2_'))
[[Fit Statistics]]
    # fitting method   = leastsq
    # function evals   = 476
    # data points      = 106
    # variables        = 10
    chi-square         = 705.138956
    reduced chi-square = 7.34519746
    Akaike info crit   = 220.865314
    Bayesian info crit = 247.499705
    R-squared          = 0.98404933
[[Variables]]
    c:             73.7903567 +/- 4.80692274 (6.51%) (init = 148.8956)
    g0_amplitude:  1643.28925 +/- 61.8254847 (3.76%) (init = 2203.643)
    g0_center:     6564.59858 +/- 0.09717323 (0.00%) (init = 6564.6)
    g0_sigma:      3.01604030 +/- 0.10888870 (3.61%) (init = 3.114157)
    g1_amplitude:  13076.0003 +/- 876.229728 (6.70%) (init = 2203.643)
    g1_center:     6562.95692 +/- 0.59303415 (0.01%) (init = 6564.6)
    g1_sigma:      37.5367162 +/- 1.58800512 (4.23%) (init = 3.114157)
    g2_amplitude:  394.320058 +/- 44.9258051 (11.39%) (init = 2203.643)
    g2_center:     6585.72844 +/- 0.23696906 (0.00%) (init = 6585.27)
    g2_sigma:      2.10719148 +/- 0.25049770 (11.89%) (init = 3.114157)
    g0_fwhm:       7.10223202 +/- 0.25641330 (3.61%) == '2.3548200*g0_sigma'
    g0_height:     217.363672 +/- 6.35114290 (2.92%) == '0.3989423*g0_amplitude/max(1e-15, g0_sigma)'
    g1_fwhm:       88.3922101 +/- 3.73946621 (4.23%) == '2.3548200*g1_sigma'
    g1_height:     138.972456 +/- 4.47962901 (3.22%) == '0.3989423*g1_amplitude/max(1e-15, g1_sigma)'
    g2_fwhm:       4.96205664 +/- 0.58987699 (11.89%) == '2.3548200*g2_sigma'
    g2_height:     74.6543217 +/- 7.40466079 (9.92%) == '0.3989423*g2_amplitude/max(1e-15, g2_sigma)'
[[Correlations]] (unreported correlations are < 0.100)
    C(c, g1_amplitude)            = -0.9784
    C(g1_amplitude, g1_sigma)     = +0.9244
    C(c, g1_sigma)                = -0.9099
    C(g0_amplitude, g0_sigma)     = +0.6866
    C(g2_amplitude, g2_sigma)     = +0.6377
    C(g0_amplitude, g1_sigma)     = +0.4057
    C(g1_center, g2_amplitude)    = -0.3461
    C(g0_amplitude, g2_amplitude) = +0.2689
    C(g0_sigma, g1_sigma)         = +0.2683
    C(c, g0_amplitude)            = -0.2528
    C(g1_center, g2_sigma)        = -0.2189
    C(g0_amplitude, g1_amplitude) = +0.1956
    C(g0_sigma, g2_amplitude)     = +0.1838
    C(g0_amplitude, g2_sigma)     = +0.1709
    C(c, g0_sigma)                = -0.1653
    C(g1_amplitude, g1_center)    = +0.1421
    C(c, g1_center)               = -0.1319
    C(g0_sigma, g1_amplitude)     = +0.1255
    C(g0_sigma, g2_sigma)         = +0.1169
    C(g0_amplitude, g1_center)    = -0.1160
Warning: non-constant dispersion
Warning: non-constant dispersion
[[Model]]
    ((Model(constant) + Model(gaussian, prefix='g0_')) + Model(gaussian, prefix='g1_'))
[[Fit Statistics]]
    # fitting method   = leastsq
    # function evals   = 33
    # data points      = 99
    # variables        = 7
    chi-square         = 136.925372
    reduced chi-square = 1.48831926
    Akaike info crit   = 46.1073036
    Bayesian info crit = 64.2731425
    R-squared          = 0.93171721
[[Variables]]
    c:             314.960972 +/- 2.12802576 (0.68%) (init = 320.5707)
    g0_amplitude:  2232.27852 +/- 101.505290 (4.55%) (init = 2339.704)
    g0_center:     6718.50653 +/- 0.15193892 (0.00%) (init = 6718.29)
    g0_sigma:      3.06530744 +/- 0.15626085 (5.10%) (init = 3.114157)
    g1_amplitude:  1958.36274 +/- 101.705388 (5.19%) (init = 2339.704)
    g1_center:     6732.78340 +/- 0.17383593 (0.00%) (init = 6732.67)
    g1_sigma:      3.07092737 +/- 0.17882818 (5.82%) (init = 3.114157)
    g0_fwhm:       7.21824726 +/- 0.36796617 (5.10%) == '2.3548200*g0_sigma'
    g0_height:     290.525614 +/- 12.5613042 (4.32%) == '0.3989423*g0_amplitude/max(1e-15, g0_sigma)'
    g1_fwhm:       7.23148119 +/- 0.42110817 (5.82%) == '2.3548200*g1_sigma'
    g1_height:     254.409708 +/- 12.5644738 (4.94%) == '0.3989423*g1_amplitude/max(1e-15, g1_sigma)'
[[Correlations]] (unreported correlations are < 0.100)
    C(g1_amplitude, g1_sigma) = +0.6033
    C(g0_amplitude, g0_sigma) = +0.6033
    C(c, g0_amplitude)        = -0.3161
    C(c, g1_amplitude)        = -0.3161
    C(c, g0_sigma)            = -0.1671
    C(c, g1_sigma)            = -0.1670
    C(g0_sigma, g1_sigma)     = -0.1387
Warning: non-constant dispersion
Matplotlib Version: 3.7.5
total 3856
-rw-rw-r-- 1 1000 1000  12193 Sep 28 16:40 docker.log
-rw-r--r-- 1 root root 449045 Sep 28 18:15 linefits.sdss.sdss.fiber1.001.Ha.Ha_broad.NII1.png
-rw-rw-r-- 1 1000 1000 435770 Sep 27 23:39 linefits.sdss.sdss.fiber1.001.Ha.NII1.png
-rw-r--r-- 1 root root 435313 Sep 28 18:14 linefits.sdss.sdss.fiber1.001.Hb.Hb_broad.png
-rw-rw-r-- 1 1000 1000 417084 Sep 27 23:39 linefits.sdss.sdss.fiber1.001.Hb.png
-rw-r--r-- 1 root root 419675 Sep 28 18:14 linefits.sdss.sdss.fiber1.001.OII.png
-rw-r--r-- 1 root root 405451 Sep 28 18:14 linefits.sdss.sdss.fiber1.001.OIII4.png
-rw-r--r-- 1 root root 411003 Sep 28 18:15 linefits.sdss.sdss.fiber1.001.OIII5.png
-rw-r--r-- 1 root root 424311 Sep 28 18:15 linefits.sdss.sdss.fiber1.001.SII1.SII2.png
-rw-r--r-- 1 root root  20160 Sep 28 18:15 linefits.sdss.sdss.fiber1.001.fits
-rw-r--r-- 1 root root 503584 Sep 28 18:15 linefits.sdss.sdss.fiber1.001.png
total 12K
-rw-r--r-- 1 root root 1.2K Sep 21 02:20 =5.2
drwxr-xr-x 1 root root 4.0K Sep 22 10:32 input
drwxrwxr-x 2 1000 1000 4.0K Sep 28 18:15 output
-rw-r--r-- 1 root root 1.2K Sep 21 02:20 /app/=5.2

/app/input:
total 124K
-rw-rw-r-- 1 1000 1000  12K Aug 28 20:16 Sky_bands.fits
-rw-rw-r-- 1 root root 1.6K Sep 22 04:00 gleam.sh
-rw-rw-r-- 1 1000 1000 2.4K Sep 28 12:33 gleamconfig.yaml
-rw-rw-r-- 1 1000 1000 8.5K Sep 27 12:39 line_table.fits
-rw-rw-r-- 1 1000 1000  115 Sep 28 18:13 meta.dat
-rw-rw-r-- 1 1000 1000  85K Sep 28 18:13 spec1d.sdss.sdss.fiber1.1.fits

/app/output:
total 3.8M
-rw-rw-r-- 1 1000 1000  12K Sep 28 16:40 docker.log
-rw-r--r-- 1 root root 439K Sep 28 18:15 linefits.sdss.sdss.fiber1.001.Ha.Ha_broad.NII1.png
-rw-rw-r-- 1 1000 1000 426K Sep 27 23:39 linefits.sdss.sdss.fiber1.001.Ha.NII1.png
-rw-r--r-- 1 root root 426K Sep 28 18:14 linefits.sdss.sdss.fiber1.001.Hb.Hb_broad.png
-rw-rw-r-- 1 1000 1000 408K Sep 27 23:39 linefits.sdss.sdss.fiber1.001.Hb.png
-rw-r--r-- 1 root root 410K Sep 28 18:14 linefits.sdss.sdss.fiber1.001.OII.png
-rw-r--r-- 1 root root 396K Sep 28 18:14 linefits.sdss.sdss.fiber1.001.OIII4.png
-rw-r--r-- 1 root root 402K Sep 28 18:15 linefits.sdss.sdss.fiber1.001.OIII5.png
-rw-r--r-- 1 root root 415K Sep 28 18:15 linefits.sdss.sdss.fiber1.001.SII1.SII2.png
-rw-r--r-- 1 root root  20K Sep 28 18:15 linefits.sdss.sdss.fiber1.001.fits
-rw-r--r-- 1 root root 492K Sep 28 18:15 linefits.sdss.sdss.fiber1.001.png
