patched GLEAM doublet ties
WARNING: AstropyDeprecationWarning: The truth value of a Quantity is ambiguous. In the future this will raise a ValueError. [astropy.units.quantity]
Now working in  on sdss in sdss + fiber1 on source 1 at z=0.468.
Warning: non-constant dispersion
[[Model]]
    (Model(constant) + Model(gaussian, prefix='g0_'))
[[Fit Statistics]]
    # fitting method   = leastsq
    # function evals   = 136
    # data points      = 163
    # variables        = 4
    chi-square         = 109.210270
    reduced chi-square = 0.68685705
    Akaike info crit   = -57.2774398
    Bayesian info crit = -44.9024390
    R-squared          = 0.24871566
[[Variables]]
    c:             2961.09602 +/- 5.86996568 (0.20%) (init = 2985.486)
    g0_amplitude:  2584.70145 +/- 470.432462 (18.20%) (init = 881.6481)
    g0_center:     3728.09951 +/- 1.48732169 (0.04%) (init = 3728.48)
    g0_sigma:      8.63420126 +/- 1.60383084 (18.58%) (init = 2.314985)
    g0_fwhm:       20.3319898 +/- 3.77673296 (18.58%) == '2.3548200*g0_sigma'
    g0_height:     119.425840 +/- 18.2938499 (15.32%) == '0.3989423*g0_amplitude/max(1e-15, g0_sigma)'
[[Correlations]] (unreported correlations are < 0.100)
    C(g0_amplitude, g0_sigma) = +0.6532
    C(c, g0_amplitude)        = -0.5728
    C(c, g0_sigma)            = -0.3741
Warning: non-constant dispersion
Warning: non-constant dispersion
[[Model]]
    ((Model(constant) + Model(gaussian, prefix='g0_')) + Model(gaussian, prefix='g1_'))
[[Fit Statistics]]
    # fitting method   = leastsq
    # function evals   = 16000
    # data points      = 125
    # variables        = 7
    chi-square         = 84.8530650
    reduced chi-square = 0.71909377
    Akaike info crit   = -34.4240779
    Bayesian info crit = -14.6258818
    R-squared          = 0.94644183
##  Warning: uncertainties could not be estimated:
    g0_center:     at boundary
    g1_center:     at boundary
[[Variables]]
    c:             527.779972 (init = 843.2273)
    g0_amplitude:  56033.3200 (init = 728.909)
    g0_center:     4859.68011 (init = 4862.68)
    g0_sigma:      58.8889748 (init = 2.314985)
    g1_amplitude:  801.710980 (init = 728.909)
    g1_center:     4859.68000 (init = 4862.68)
    g1_sigma:      7.38578259 (init = 2.314985)
    g0_fwhm:       138.672936 == '2.3548200*g0_sigma'
    g0_height:     379.596718 == '0.3989423*g0_amplitude/max(1e-15, g0_sigma)'
    g1_fwhm:       17.3921886 == '2.3548200*g1_sigma'
    g1_height:     43.3043375 == '0.3989423*g1_amplitude/max(1e-15, g1_sigma)'
NonDetection when fitting set of lines [4862.68 4862.68] Angstrom, try a simpler model
[[Model]]
    (Model(constant) + Model(gaussian, prefix='g0_'))
[[Fit Statistics]]
    # fitting method   = leastsq
    # function evals   = 10000
    # data points      = 125
    # variables        = 4
    chi-square         = 114.320846
    reduced chi-square = 0.94480038
    Akaike info crit   = -3.16309999
    Bayesian info crit = 8.15015496
    R-squared          = 0.92784214
##  Warning: uncertainties could not be estimated:
    g0_center:     at boundary
[[Variables]]
    c:             584.580716 (init = 843.2273)
    g0_amplitude:  42686.1889 (init = 728.909)
    g0_center:     4859.68000 (init = 4862.68)
    g0_sigma:      50.1545858 (init = 2.314985)
    g0_fwhm:       118.105022 == '2.3548200*g0_sigma'
    g0_height:     339.536776 == '0.3989423*g0_amplitude/max(1e-15, g0_sigma)'
NonDetection when fitting set of lines [4862.68] Angstrom, try a simpler model
[[Model]]
    (Model(constant) + Model(gaussian, prefix='g0_'))
[[Fit Statistics]]
    # fitting method   = leastsq
    # function evals   = 10000
    # data points      = 125
    # variables        = 4
    chi-square         = 114.320846
    reduced chi-square = 0.94480038
    Akaike info crit   = -3.16309999
    Bayesian info crit = 8.15015496
    R-squared          = 0.92784214
##  Warning: uncertainties could not be estimated:
    g0_center:     at boundary
[[Variables]]
    c:             584.580716 (init = 843.2273)
    g0_amplitude:  42686.1889 (init = 728.909)
    g0_center:     4859.68000 (init = 4862.68)
    g0_sigma:      50.1545858 (init = 2.314985)
    g0_fwhm:       118.105022 == '2.3548200*g0_sigma'
    g0_height:     339.536776 == '0.3989423*g0_amplitude/max(1e-15, g0_sigma)'
NonDetection when fitting set of lines [4862.68] Angstrom, try a simpler model
[[Model]]
    Model(constant)
[[Fit Statistics]]
    # fitting method   = leastsq
    # function evals   = 5
    # data points      = 125
    # variables        = 1
    chi-square         = 1584.31602
    reduced chi-square = 12.7767421
    Akaike info crit   = 319.449290
    Bayesian info crit = 322.277604
    R-squared          = 2.2204e-16
[[Variables]]
    c:  839.758797 +/- 6.28618557 (0.75%) (init = 843.2273)
Warning: non-constant dispersion
Warning: non-constant dispersion
Warning: non-constant dispersion
Warning: non-constant dispersion
Warning: non-constant dispersion
Warning: non-constant dispersion
[[Model]]
    ((Model(constant) + Model(gaussian, prefix='g0_')) + Model(gaussian, prefix='g1_'))
[[Fit Statistics]]
    # fitting method   = leastsq
    # function evals   = 50
    # data points      = 163
    # variables        = 6
    chi-square         = 2062.20046
    reduced chi-square = 13.1350348
    Akaike info crit   = 425.657924
    Bayesian info crit = 444.220425
    R-squared          = 0.19852328
[[Variables]]
    c:             612.835504 +/- 5.35698020 (0.87%) (init = 611.3873)
    g0_amplitude:  447.071992 +/- 89.9270971 (20.11%) == 'g1_amplitude / 3.0'
    g0_center:     4958.01924 +/- 1.59356573 (0.03%) (init = 4960.3)
    g0_sigma:      2.48649937 +/- 1.34285036 (54.01%) (init = 2.314985)
    g1_amplitude:  1341.21598 +/- 269.781292 (20.11%) (init = 1131.055)
    g1_center:     5005.93029 +/- 0.66093346 (0.01%) (init = 5008.24)
    g1_sigma:      2.86750130 +/- 0.66253552 (23.10%) (init = 2.314985)
    g0_fwhm:       5.85525844 +/- 3.16217088 (54.01%) == '2.3548200*g0_sigma'
    g0_height:     71.7297302 +/- 37.8312834 (52.74%) == '0.3989423*g0_amplitude/max(1e-15, g0_sigma)'
    g1_fwhm:       6.75244940 +/- 1.56015189 (23.10%) == '2.3548200*g1_sigma'
    g1_height:     186.597226 +/- 37.2698030 (19.97%) == '0.3989423*g1_amplitude/max(1e-15, g1_sigma)'
[[Correlations]] (unreported correlations are < 0.100)
    C(g1_amplitude, g1_sigma) = +0.5804
    C(c, g1_amplitude)        = -0.3582
    C(g0_sigma, g1_amplitude) = +0.2483
    C(c, g1_sigma)            = -0.2079
    C(g0_sigma, g1_sigma)     = +0.1441
Warning: non-constant dispersion
Warning: non-constant dispersion
[[Model]]
    (((Model(constant) + Model(gaussian, prefix='g0_')) + Model(gaussian, prefix='g1_')) + Model(gaussian, prefix='g2_'))
[[Fit Statistics]]
    # fitting method   = leastsq
    # function evals   = 22000
    # data points      = 106
    # variables        = 10
    chi-square         = 183.813763
    reduced chi-square = 1.91472669
    Akaike info crit   = 78.3513030
    Bayesian info crit = 104.985694
    R-squared          = 0.99092241
##  Warning: uncertainties could not be estimated:
    g0_center:     at boundary
    g1_center:     at boundary
    g2_center:     at boundary
[[Variables]]
    c:             85.0129252 (init = 319.7014)
    g0_amplitude:  48659.9056 (init = 716.5372)
    g0_center:     6561.60146 (init = 6564.6)
    g0_sigma:      60.4631508 (init = 2.314985)
    g1_amplitude:  1754.40709 (init = 716.5372)
    g1_center:     6561.60000 (init = 6564.6)
    g1_sigma:      20.3777388 (init = 2.314985)
    g2_amplitude: -2262.07571 (init = 716.5372)
    g2_center:     6588.27000 (init = 6585.27)
    g2_sigma:      15.4068369 (init = 2.314985)
    g0_fwhm:       142.379837 == '2.3548200*g0_sigma'
    g0_height:     321.063233 == '0.3989423*g0_amplitude/max(1e-15, g0_sigma)'
    g1_fwhm:       47.9859068 == '2.3548200*g1_sigma'
    g1_height:     34.3466568 == '0.3989423*g1_amplitude/max(1e-15, g1_sigma)'
    g2_fwhm:       36.2803276 == '2.3548200*g2_sigma'
    g2_height:    -58.5738457 == '0.3989423*g2_amplitude/max(1e-15, g2_sigma)'
NonDetection when fitting set of lines [6564.6  6564.6  6585.27] Angstrom, try a simpler model
[[Model]]
    ((Model(constant) + Model(gaussian, prefix='g0_')) + Model(gaussian, prefix='g1_'))
[[Fit Statistics]]
    # fitting method   = leastsq
    # function evals   = 16000
    # data points      = 106
    # variables        = 7
    chi-square         = 1304.18541
    reduced chi-square = 13.1735900
    Akaike info crit   = 280.048851
    Bayesian info crit = 298.692925
    R-squared          = 0.93559321
##  Warning: uncertainties could not be estimated:
    g0_center:     at boundary
    g1_center:     at boundary
[[Variables]]
    c:             103.712586 (init = 319.7014)
    g0_amplitude:  42588.0905 (init = 716.5372)
    g0_center:     6561.60002 (init = 6564.6)
    g0_sigma:      60.1719622 (init = 2.314985)
    g1_amplitude:  1293.98126 (init = 716.5372)
    g1_center:     6561.60000 (init = 6564.6)
    g1_sigma:      10.9415587 (init = 2.314985)
    g0_fwhm:       141.694140 == '2.3548200*g0_sigma'
    g0_height:     282.360591 == '0.3989423*g0_amplitude/max(1e-15, g0_sigma)'
    g1_fwhm:       25.7654012 == '2.3548200*g1_sigma'
    g1_height:     47.1801027 == '0.3989423*g1_amplitude/max(1e-15, g1_sigma)'
NonDetection when fitting set of lines [6564.6 6564.6] Angstrom, try a simpler model
[[Model]]
    ((Model(constant) + Model(gaussian, prefix='g0_')) + Model(gaussian, prefix='g1_'))
[[Fit Statistics]]
    # fitting method   = leastsq
    # function evals   = 4511
    # data points      = 106
    # variables        = 7
    chi-square         = 249.459000
    reduced chi-square = 2.51978788
    Akaike info crit   = 104.720681
    Bayesian info crit = 123.364754
    R-squared          = 0.98768055
##  Warning: uncertainties could not be estimated:
    g0_center:     at boundary
    g1_center:     at boundary
[[Variables]]
    c:             129.191889 (init = 319.7014)
    g0_amplitude:  38592.0669 (init = 716.5372)
    g0_center:     6561.60000 (init = 6564.6)
    g0_sigma:      50.4274543 (init = 2.314985)
    g1_amplitude: -2243.67261 (init = 716.5372)
    g1_center:     6588.27000 (init = 6585.27)
    g1_sigma:      14.1647085 (init = 2.314985)
    g0_fwhm:       118.747578 == '2.3548200*g0_sigma'
    g0_height:     305.310037 == '0.3989423*g0_amplitude/max(1e-15, g0_sigma)'
    g1_fwhm:       33.3553390 == '2.3548200*g1_sigma'
    g1_height:    -63.1919753 == '0.3989423*g1_amplitude/max(1e-15, g1_sigma)'
NonDetection when fitting set of lines [6564.6  6585.27] Angstrom, try a simpler model
[[Model]]
    ((Model(constant) + Model(gaussian, prefix='g0_')) + Model(gaussian, prefix='g1_'))
[[Fit Statistics]]
    # fitting method   = leastsq
    # function evals   = 4511
    # data points      = 106
    # variables        = 7
    chi-square         = 249.459000
    reduced chi-square = 2.51978788
    Akaike info crit   = 104.720681
    Bayesian info crit = 123.364754
    R-squared          = 0.98768055
##  Warning: uncertainties could not be estimated:
    g0_center:     at boundary
    g1_center:     at boundary
[[Variables]]
    c:             129.191889 (init = 319.7014)
    g0_amplitude:  38592.0669 (init = 716.5372)
    g0_center:     6561.60000 (init = 6564.6)
    g0_sigma:      50.4274543 (init = 2.314985)
    g1_amplitude: -2243.67261 (init = 716.5372)
    g1_center:     6588.27000 (init = 6585.27)
    g1_sigma:      14.1647085 (init = 2.314985)
    g0_fwhm:       118.747578 == '2.3548200*g0_sigma'
    g0_height:     305.310037 == '0.3989423*g0_amplitude/max(1e-15, g0_sigma)'
    g1_fwhm:       33.3553390 == '2.3548200*g1_sigma'
    g1_height:    -63.1919753 == '0.3989423*g1_amplitude/max(1e-15, g1_sigma)'
NonDetection when fitting set of lines [6564.6  6585.27] Angstrom, try a simpler model
[[Model]]
    (Model(constant) + Model(gaussian, prefix='g0_'))
[[Fit Statistics]]
    # fitting method   = leastsq
    # function evals   = 10000
    # data points      = 106
    # variables        = 4
    chi-square         = 1701.41618
    reduced chi-square = 16.6805508
    Akaike info crit   = 302.232376
    Bayesian info crit = 312.886133
    R-squared          = 0.91597609
##  Warning: uncertainties could not be estimated:
    g0_center:     at boundary
[[Variables]]
    c:             152.883631 (init = 319.7014)
    g0_amplitude:  31132.1844 (init = 716.5372)
    g0_center:     6561.60000 (init = 6564.6)
    g0_sigma:      48.1116004 (init = 2.314985)
    g0_fwhm:       113.294159 == '2.3548200*g0_sigma'
    g0_height:     258.148662 == '0.3989423*g0_amplitude/max(1e-15, g0_sigma)'
NonDetection when fitting set of lines [6564.6] Angstrom, try a simpler model
[[Model]]
    (Model(constant) + Model(gaussian, prefix='g0_'))
[[Fit Statistics]]
    # fitting method   = leastsq
    # function evals   = 10000
    # data points      = 106
    # variables        = 4
    chi-square         = 1701.41618
    reduced chi-square = 16.6805508
    Akaike info crit   = 302.232376
    Bayesian info crit = 312.886133
    R-squared          = 0.91597609
##  Warning: uncertainties could not be estimated:
    g0_center:     at boundary
[[Variables]]
    c:             152.883631 (init = 319.7014)
    g0_amplitude:  31132.1844 (init = 716.5372)
    g0_center:     6561.60000 (init = 6564.6)
    g0_sigma:      48.1116004 (init = 2.314985)
    g0_fwhm:       113.294159 == '2.3548200*g0_sigma'
    g0_height:     258.148662 == '0.3989423*g0_amplitude/max(1e-15, g0_sigma)'
NonDetection when fitting set of lines [6564.6] Angstrom, try a simpler model
[[Model]]
    (Model(constant) + Model(gaussian, prefix='g0_'))
[[Fit Statistics]]
    # fitting method   = leastsq
    # function evals   = 8205
    # data points      = 106
    # variables        = 4
    chi-square         = 15133.1581
    reduced chi-square = 148.364295
    Akaike info crit   = 533.887669
    Bayesian info crit = 544.541425
    R-squared          = 0.25265370
[[Variables]]
    c:             242.706656 +/- 58.9670310 (24.30%) (init = 319.7014)
    g0_amplitude:  14455.7638 +/- 11969.9083 (82.80%) (init = 716.5372)
    g0_center:     6582.27000 +/- 2.24406320 (0.03%) (init = 6585.27)
    g0_sigma:      44.2471133 +/- 18.8711898 (42.65%) (init = 2.314985)
    g0_fwhm:       104.193987 +/- 44.4382551 (42.65%) == '2.3548200*g0_sigma'
    g0_height:     130.336540 +/- 54.7662883 (42.02%) == '0.3989423*g0_amplitude/max(1e-15, g0_sigma)'
[[Correlations]] (unreported correlations are < 0.100)
    C(c, g0_amplitude)         = -0.9941
    C(g0_amplitude, g0_sigma)  = +0.9783
    C(c, g0_sigma)             = -0.9645
    C(c, g0_center)            = -0.1559
    C(g0_amplitude, g0_center) = +0.1461
    C(g0_center, g0_sigma)     = +0.1255
NonDetection when fitting set of lines [6585.27] Angstrom, try a simpler model
[[Model]]
    Model(constant)
[[Fit Statistics]]
    # fitting method   = leastsq
    # function evals   = 5
    # data points      = 106
    # variables        = 1
    chi-square         = 20249.1913
    reduced chi-square = 192.849441
    Akaike info crit   = 558.757690
    Bayesian info crit = 561.421129
    R-squared          = 0.00000000
[[Variables]]
    c:  326.102485 +/- 6.83130051 (2.09%) (init = 319.7014)
Warning: non-constant dispersion
Warning: non-constant dispersion
Warning: non-constant dispersion
Warning: non-constant dispersion
Warning: non-constant dispersion
Warning: non-constant dispersion
Warning: non-constant dispersion
Warning: non-constant dispersion
[[Model]]
    ((Model(constant) + Model(gaussian, prefix='g0_')) + Model(gaussian, prefix='g1_'))
[[Fit Statistics]]
    # fitting method   = leastsq
    # function evals   = 16000
    # data points      = 100
    # variables        = 7
    chi-square         = 150.980049
    reduced chi-square = 1.62344139
    Akaike info crit   = 55.1977517
    Bayesian info crit = 73.4339430
    R-squared          = 0.90322810
##  Warning: uncertainties could not be estimated:
    g0_center:     at boundary
    g1_center:     at boundary
[[Variables]]
    c:             828.794812 (init = 473.6454)
    g0_amplitude:  59337.6400 (init = 1196.854)
    g0_center:     6715.29000 (init = 6718.29)
    g0_sigma:      67.2516717 (init = 2.314985)
    g1_amplitude: -153193.647 (init = 1196.854)
    g1_center:     6735.66769 (init = 6732.67)
    g1_sigma:      84.5670570 (init = 2.314985)
    g0_fwhm:       158.365581 == '2.3548200*g0_sigma'
    g0_height:     351.995631 == '0.3989423*g0_amplitude/max(1e-15, g0_sigma)'
    g1_fwhm:       199.140197 == '2.3548200*g1_sigma'
    g1_height:    -722.685973 == '0.3989423*g1_amplitude/max(1e-15, g1_sigma)'
NonDetection when fitting set of lines [6718.29 6732.67] Angstrom, try a simpler model
[[Model]]
    (Model(constant) + Model(gaussian, prefix='g0_'))
[[Fit Statistics]]
    # fitting method   = leastsq
    # function evals   = 66
    # data points      = 100
    # variables        = 4
    chi-square         = 1558.25603
    reduced chi-square = 16.2318336
    Akaike info crit   = 282.615236
    Bayesian info crit = 293.035916
    R-squared          = 0.00122305
[[Variables]]
    c:             485.941763 +/- 7.47692935 (1.54%) (init = 473.6454)
    g0_amplitude: -94.7620696 +/- 343.425152 (362.41%) (init = 1196.854)
    g0_center:     6720.86354 +/- 10.2692766 (0.15%) (init = 6718.29)
    g0_sigma:      2.57024822 +/- 10.4266664 (405.67%) (init = 2.314985)
    g0_fwhm:       6.05247190 +/- 24.5529226 (405.67%) == '2.3548200*g0_sigma'
    g0_height:    -14.7085397 +/- 51.1585673 (347.82%) == '0.3989423*g0_amplitude/max(1e-15, g0_sigma)'
[[Correlations]] (unreported correlations are < 0.100)
    C(g0_amplitude, g0_sigma) = -0.5949
    C(c, g0_amplitude)        = -0.2968
    C(c, g0_sigma)            = +0.1766
NonDetection when fitting set of lines [6718.29] Angstrom, try a simpler model
[[Model]]
    (Model(constant) + Model(gaussian, prefix='g0_'))
[[Fit Statistics]]
    # fitting method   = leastsq
    # function evals   = 10000
    # data points      = 100
    # variables        = 4
    chi-square         = 823.585754
    reduced chi-square = 8.57901827
    Akaike info crit   = 218.849749
    Bayesian info crit = 229.270430
    R-squared          = 0.47211597
##  Warning: uncertainties could not be estimated:
    g0_center:     at boundary
[[Variables]]
    c:             772.251105 (init = 473.6454)
    g0_amplitude: -64682.6118 (init = 1196.854)
    g0_center:     6735.66991 (init = 6732.67)
    g0_sigma:      75.9600627 (init = 2.314985)
    g0_fwhm:       178.872275 == '2.3548200*g0_sigma'
    g0_height:    -339.713120 == '0.3989423*g0_amplitude/max(1e-15, g0_sigma)'
NonDetection when fitting set of lines [6732.67] Angstrom, try a simpler model
[[Model]]
    Model(constant)
[[Fit Statistics]]
    # fitting method   = leastsq
    # function evals   = 5
    # data points      = 100
    # variables        = 1
    chi-square         = 1560.16418
    reduced chi-square = 15.7592341
    Akaike info crit   = 276.737615
    Bayesian info crit = 279.342785
    R-squared          = -2.2204e-16
[[Variables]]
    c:  485.329446 +/- 7.03526471 (1.45%) (init = 473.6454)
Warning: non-constant dispersion
Warning: non-constant dispersion
Warning: non-constant dispersion
Warning: non-constant dispersion
Warning: non-constant dispersion
Matplotlib Version: 3.7.5
total 3000
-rw-r--r-- 1 root root 496415 Sep 29 10:51 linefits.sdss.sdss.fiber1.001.Ha.Ha_broad.NII1.png
-rw-r--r-- 1 root root 491102 Sep 29 10:49 linefits.sdss.sdss.fiber1.001.Hb.Hb_broad.png
-rw-r--r-- 1 root root 530816 Sep 29 10:48 linefits.sdss.sdss.fiber1.001.OII.png
-rw-r--r-- 1 root root 496500 Sep 29 10:49 linefits.sdss.sdss.fiber1.001.OIII4.OIII5.png
-rw-r--r-- 1 root root 501034 Sep 29 10:51 linefits.sdss.sdss.fiber1.001.SII1.SII2.png
-rw-r--r-- 1 root root  20160 Sep 29 10:52 linefits.sdss.sdss.fiber1.001.fits
-rw-r--r-- 1 root root 522900 Sep 29 10:52 linefits.sdss.sdss.fiber1.001.png
total 12K
-rw-r--r-- 1 root root 1.2K Sep 21 02:20 =5.2
drwxr-xr-x 1 root root 4.0K Sep 29 10:47 input
drwxrwxr-x 2 1000 1000 4.0K Sep 29 10:52 output
-rw-r--r-- 1 root root 1.2K Sep 21 02:20 /app/=5.2

/app/input:
total 128K
-rw-rw-r-- 1 1000 1000  12K Aug 28 20:16 Sky_bands.fits
-rw-rw-r-- 1 1000 1000 1.3K Sep 29 07:43 gleam.sh
-rw-rw-r-- 1 1000 1000 2.6K Sep 29 07:43 gleam_doublet_patch.py
-rw-rw-r-- 1 1000 1000 2.5K Sep 29 07:43 gleamconfig.yaml
-rw-rw-r-- 1 1000 1000 8.5K Sep 27 12:39 line_table.fits
-rw-rw-r-- 1 1000 1000  115 Sep 29 10:45 meta.dat
-rw-rw-r-- 1 1000 1000  85K Sep 29 10:45 spec1d.sdss.sdss.fiber1.1.fits

/app/output:
total 3.0M
-rw-r--r-- 1 root root 485K Sep 29 10:51 linefits.sdss.sdss.fiber1.001.Ha.Ha_broad.NII1.png
-rw-r--r-- 1 root root 480K Sep 29 10:49 linefits.sdss.sdss.fiber1.001.Hb.Hb_broad.png
-rw-r--r-- 1 root root 519K Sep 29 10:48 linefits.sdss.sdss.fiber1.001.OII.png
-rw-r--r-- 1 root root 485K Sep 29 10:49 linefits.sdss.sdss.fiber1.001.OIII4.OIII5.png
-rw-r--r-- 1 root root 490K Sep 29 10:51 linefits.sdss.sdss.fiber1.001.SII1.SII2.png
-rw-r--r-- 1 root root  20K Sep 29 10:52 linefits.sdss.sdss.fiber1.001.fits
-rw-r--r-- 1 root root 511K Sep 29 10:52 linefits.sdss.sdss.fiber1.001.png
