my_sdss.fits
[1.72486183 1.78307867 1.84547186 ... 0.49201706 0.46990442 0.49878567]
Directory  my_sdss  Created 
global my_sdss/
Directory  output/  already exists
stati 301051.1401882905
1 iter stat:  4232.893058229252
2 iter stat:  1332.4937181985151
3 iter stat:  867.1013307245448
4 iter stat:  643.5720064475972
5 iter stat:  470.1226456860677
6 iter stat:  355.87595766653976
7 iter stat:  216.43720230137114
8 iter stat:  169.2461983773319
9 iter stat:  134.91189392321394
10 iter stat:  131.86181740990287
11 iter stat:  104.42093126669351
12 iter stat:  81.90203735516116
13 iter stat:  87.99598717984918
14 iter stat:  59.66437715388747
15 iter stat:  44.09510485157807
16 iter stat:  38.9007063078825
17 iter stat:  34.47248025951558
18 iter stat:  31.43259750672587
19 iter stat:  28.357157380189165
20 iter stat:  26.84930483592325
21 iter stat:  24.790922384272562
22 iter stat:  23.633403603984334
23 iter stat:  21.629808795310964
24 iter stat:  21.210348630149383
25 iter stat:  21.922100041265367
26 iter stat:  21.974964509077836
27 iter stat:  22.655246043388615
28 iter stat:  23.68892565515125
29 iter stat:  30.385885580064496
30 iter stat:  30.523275315405044
fit ok
./output/my_sdss_model.csv
brokenpowerlaw + OIIIb5007_na + OIIIa4959_na + NII6583_na + NII6548_na + HBeta4863_br + HAlpha6565_br + HBeta4863_na + HAlpha6565_na + feii
   Param        Type          Value          Min          Max      Units
   -----        ----          -----          ---          ---      -----
   brokenpowerlaw.refer thawed         5527         5400         7000  angstroms
   brokenpowerlaw.ampl thawed      21.6956      19.6294      21.6956  angstroms
   brokenpowerlaw.index1 thawed     -1.88379           -3            0           
   brokenpowerlaw.index2 thawed            1           -1            1           
   OIIIb5007_na.ampl thawed      8.40211            0          200           
   OIIIb5007_na.pos frozen      5006.84            0  3.40282e+38  angstroms
   OIIIb5007_na.offs_kms thawed     -790.873        -1500          500       km/s
   OIIIb5007_na.fwhm thawed          600           70          600       km/s
   OIIIa4959_na.ampl linked       2.8007 expr: OIIIb5007_na.ampl / 3.0           
   OIIIa4959_na.pos frozen       4958.9            0  3.40282e+38  angstroms
   OIIIa4959_na.offs_kms linked     -790.873 expr: OIIIb5007_na.offs_kms       km/s
   OIIIa4959_na.fwhm linked          600  expr: OIIIb5007_na.fwhm       km/s
   NII6583_na.ampl thawed      39.1613            0          200           
   NII6583_na.pos frozen      6583.46            0  3.40282e+38  angstroms
   NII6583_na.offs_kms linked     -790.873 expr: OIIIb5007_na.offs_kms       km/s
   NII6583_na.fwhm linked          600  expr: OIIIb5007_na.fwhm       km/s
   NII6548_na.ampl linked      13.0538 expr: NII6583_na.ampl / 3.0           
   NII6548_na.pos frozen      6548.05            0  3.40282e+38  angstroms
   NII6548_na.offs_kms linked     -790.873 expr: OIIIb5007_na.offs_kms       km/s
   NII6548_na.fwhm linked          600  expr: OIIIb5007_na.fwhm       km/s
   HBeta4863_br.ampl thawed      26.5811            0          200           
   HBeta4863_br.pos frozen      4861.33            0  3.40282e+38  angstroms
   HBeta4863_br.offs_kms thawed      117.166        -1500          500       km/s
   HBeta4863_br.fwhm thawed      3899.38         1200         8000       km/s
   HAlpha6565_br.ampl thawed      65.3142            0          200           
   HAlpha6565_br.pos frozen      6562.82            0  3.40282e+38  angstroms
   HAlpha6565_br.offs_kms linked      117.166 expr: HBeta4863_br.offs_kms       km/s
   HAlpha6565_br.fwhm linked      3899.38  expr: HBeta4863_br.fwhm       km/s
   HBeta4863_na.ampl thawed      4.88273            0          200           
   HBeta4863_na.pos frozen      4861.33            0  3.40282e+38  angstroms
   HBeta4863_na.offs_kms linked     -790.873 expr: OIIIb5007_na.offs_kms       km/s
   HBeta4863_na.fwhm linked          600  expr: OIIIb5007_na.fwhm       km/s
   HAlpha6565_na.ampl thawed      29.8619            0          200           
   HAlpha6565_na.pos frozen      6562.82            0  3.40282e+38  angstroms
   HAlpha6565_na.offs_kms linked     -790.873 expr: OIIIb5007_na.offs_kms       km/s
   HAlpha6565_na.fwhm linked          600  expr: OIIIb5007_na.fwhm       km/s
   feii.amp_a2D2 thawed            0            0         1000           
   feii.amp_a4G thawed     0.347346            0         1000           
   feii.amp_a4H thawed      1.59624            0         1000           
   feii.amp_a6S thawed      2.63181            0         1000           
   feii.amp_b2H thawed            0            0         1000           
   feii.amp_b4D thawed      1.16374            0         1000           
   feii.amp_b4F thawed     0.279914            0         1000           
   feii.amp_b4P thawed            0            0         1000           
   feii.amp_e4D thawed            2            0         1000           
   feii.amp_z4D thawed      2.70928            0         1000           
   feii.amp_z4F thawed      7.97236            0         1000           
   feii.amp_z4P thawed            2            0         1000           
   feii.amp_y4G thawed            0            0         1000           
   feii.amp_b4G thawed            0            0         1000           
   feii.amp_x4D thawed     0.451831            0         1000           
   feii.amp_y4P thawed            0            0         1000           
   feii.offs_kms thawed     -114.863         -800          800           
   feii.fwhm    thawed      2560.99          300         6000           
skipping monte_carlo (FANTASY_MC=0)
