7.0.1
1.3.2
2.1.6
3.1.6
['/home/onur/Documents/AGNEmissionLines_ThirdPartyLibraries/pyqsofit/PyQSOFit/src/pyqsofit']
FWHM Resolution: 2.5 Å
[ 3566.97426784  3567.79484559  3568.6175712  ... 10394.41199851
 10396.80892696 10399.20640813] Angstrom [35.80971527 35.80603409 35.80236435 ... 21.0622921  21.06251717
 21.06274223] erg / (Angstrom s cm2) [0.71619431 0.71612068 0.71604729 ... 0.42124584 0.42125034 0.42125484] erg / (Angstrom s cm2) 0.4675198495388031
Name            Value      Min      Max   Stderr     Vary     Expr Brute_Step
Balmer_Tau        0.5      0.1        2     None    False     None     None
Balmer_Te     1.5e+04    1e+04    5e+04     None    False     None     None
Blamer_norm         0        0    1e+10     None    False     None     None
Fe_op_FWHM       3000     1200  1.8e+04     None     True     None     None
Fe_op_norm          0        0    1e+10     None     True     None     None
Fe_op_shift         0    -0.01     0.01     None     True     None     None
Fe_uv_FWHM       3000     1200  1.8e+04     None     True     None     None
Fe_uv_norm          0        0    1e+10     None     True     None     None
Fe_uv_shift         0    -0.01     0.01     None     True     None     None
PL_norm             1        0    1e+10     None     True     None     None
PL_slope         -1.5       -5        3     None     True     None     None
conti_a_0           0     -inf      inf     None     True     None     None
conti_a_1           0     -inf      inf     None     True     None     None
conti_a_2           0     -inf      inf     None     True     None     None
Fitting continuum
Fit report
[[Variables]]
    Fe_uv_norm:   2.74792744 +/- 0.11118528 (4.05%) (init = 0)
    Fe_uv_FWHM:   17999.9100 +/- 994.965176 (5.53%) (init = 3000)
    Fe_uv_shift:  0.00995952 +/- 9.1687e-04 (9.21%) (init = 0)
    Fe_op_norm:   2.10355344 +/- 0.12190406 (5.80%) (init = 0)
    Fe_op_FWHM:   2450.81569 +/- 382.566805 (15.61%) (init = 3000)
    Fe_op_shift: -1.0100e-04 +/- 5.6824e-04 (562.63%) (init = 0)
    PL_norm:      50.3425746 +/- 0.47348402 (0.94%) (init = 1)
    PL_slope:     0.47947729 +/- 8.83498771 (1842.63%) (init = -1.5)
    Blamer_norm:  0 (fixed)
    Balmer_Te:    15000 (fixed)
    Balmer_Tau:   0.5 (fixed)
    conti_a_0:    3511.39198 +/- 147996.094 (4214.74%) (init = 0)
    conti_a_1:   -9.47319579 +/- 1.42601243 (15.05%) (init = 0)
    conti_a_2:    0.00148947 +/- 6.5036e-05 (4.37%) (init = 0)
[[Correlations]] (unreported correlations are < 0.100)
    C(PL_slope, conti_a_0)     = -1.0000
    C(conti_a_0, conti_a_1)    = -0.9929
    C(PL_slope, conti_a_1)     = +0.9925
    C(Fe_uv_norm, PL_norm)     = -0.9826
    C(PL_slope, conti_a_2)     = +0.9212
    C(conti_a_0, conti_a_2)    = -0.9202
    C(conti_a_1, conti_a_2)    = +0.8693
    C(Fe_uv_FWHM, PL_norm)     = +0.8122
    C(Fe_uv_norm, Fe_uv_FWHM)  = -0.8090
    C(Fe_op_norm, conti_a_1)   = -0.6376
    C(Fe_op_norm, conti_a_0)   = +0.6230
    C(Fe_op_norm, PL_slope)    = -0.6223
    C(PL_norm, conti_a_2)      = -0.5855
    C(Fe_uv_FWHM, conti_a_2)   = -0.5492
    C(Fe_uv_norm, conti_a_2)   = +0.5212
    C(Fe_op_norm, conti_a_2)   = -0.4936
    C(PL_norm, PL_slope)       = -0.4496
    C(PL_norm, conti_a_0)      = +0.4470
    C(Fe_uv_FWHM, PL_slope)    = -0.4420
    C(Fe_uv_FWHM, conti_a_0)   = +0.4399
    C(Fe_uv_FWHM, conti_a_1)   = -0.3791
    C(Fe_op_norm, Fe_op_FWHM)  = +0.3761
    C(PL_norm, conti_a_1)      = -0.3733
    C(Fe_uv_norm, PL_slope)    = +0.3532
    C(Fe_uv_norm, conti_a_0)   = -0.3504
    C(Fe_uv_norm, conti_a_1)   = +0.2695
    C(Fe_op_FWHM, conti_a_1)   = -0.2208
    C(Fe_op_FWHM, conti_a_0)   = +0.2106
    C(Fe_op_FWHM, PL_slope)    = -0.2099
    C(Fe_uv_norm, Fe_op_FWHM)  = +0.2048
    C(Fe_op_FWHM, PL_norm)     = -0.1871
    C(Fe_op_FWHM, conti_a_2)   = -0.1673
    C(Fe_uv_norm, Fe_op_norm)  = +0.1475
    C(Fe_uv_shift, conti_a_1)  = +0.1335
    C(Fe_uv_shift, conti_a_0)  = -0.1237
    C(Fe_uv_shift, PL_slope)   = +0.1235
    C(Fe_uv_FWHM, Fe_op_FWHM)  = -0.1142
    C(Fe_op_norm, Fe_op_shift) = +0.1022
Name                    Value      Min      Max   Stderr     Vary     Expr Brute_Step
Hb_br_1_dwave               0    -0.01     0.01     None     True     None     None
Hb_br_1_scale               0        0    1e+10     None     True     None     None
Hb_br_1_sigma           0.005    0.004     0.05     None     True     None     None
Hb_br_2_dwave               0    -0.01     0.01     None     True     None     None
Hb_br_2_scale               0        0    1e+10     None     True     None     None
Hb_br_2_sigma           0.005    0.004     0.05     None     True     None     None
Hb_na_1_dwave               0    -0.01     0.01     None     True     None     None
Hb_na_1_scale               0        0    1e+10     None     True     None     None
Hb_na_1_sigma           0.001  0.00023  0.00169     None     True     None     None
HeII4687_br_1_dwave         0   -0.005    0.005     None     True     None     None
HeII4687_br_1_scale         0        0    1e+10     None     True     None     None
HeII4687_br_1_sigma     0.005    0.004     0.05     None     True     None     None
HeII4687_na_1_dwave         0   -0.005    0.005     None    False Hb_na_1_dwave     None
HeII4687_na_1_scale         0        0    1e+10     None     True     None     None
HeII4687_na_1_sigma     0.001  0.00023  0.00169     None    False Hb_na_1_sigma     None
OIII4959c_1_dwave           0    -0.01     0.01     None    False Hb_na_1_dwave     None
OIII4959c_1_scale           0        0    1e+10     None     True     None     None
OIII4959c_1_sigma       0.001  0.00023  0.00169     None    False Hb_na_1_sigma     None
OIII4959w_1_dwave           0    -0.01     0.01     None     True     None     None
OIII4959w_1_scale           0        0    1e+10     None     True     None     None
OIII4959w_1_sigma       0.003  0.00023    0.004     None     True     None     None
OIII5007c_1_dwave           0    -0.01     0.01     None    False Hb_na_1_dwave     None
OIII5007c_1_scale           0        0    1e+10     None    False 3.0303030014038086 * OIII4959c_1_scale     None
OIII5007c_1_sigma       0.001  0.00023  0.00169     None    False Hb_na_1_sigma     None
OIII5007w_1_dwave           0    -0.01     0.01     None    False OIII4959w_1_dwave     None
OIII5007w_1_scale           0        0    1e+10     None    False 3.0303030014038086 * OIII4959w_1_scale     None
OIII5007w_1_sigma       0.003  0.00023    0.004     None    False OIII4959w_1_sigma     None
Fitting complex Hb
Fit report
[[Variables]]
    Hb_br_1_scale:        10.9403603 (init = 0)
    Hb_br_1_dwave:        0.00423573 (init = 0)
    Hb_br_1_sigma:        0.00757425 (init = 0.005)
    Hb_br_2_scale:        10.9403603 (init = 0)
    Hb_br_2_dwave:        0.00423573 (init = 0)
    Hb_br_2_sigma:        0.00757425 (init = 0.005)
    Hb_na_1_scale:        0.01688927 (init = 0)
    Hb_na_1_dwave:       -5.0516e-04 (init = 0)
    Hb_na_1_sigma:        7.0896e-04 (init = 0.001)
    OIII4959c_1_scale:    4.62905603 (init = 0)
    OIII4959c_1_dwave:   -5.0516e-04 == 'Hb_na_1_dwave'
    OIII4959c_1_sigma:    7.0896e-04 == 'Hb_na_1_sigma'
    OIII5007c_1_scale:    14.0274424 == '3.0303030014038086 * OIII4959c_1_scale'
    OIII5007c_1_dwave:   -5.0516e-04 == 'Hb_na_1_dwave'
    OIII5007c_1_sigma:    7.0896e-04 == 'Hb_na_1_sigma'
    OIII4959w_1_scale:    1.35853995 (init = 0)
    OIII4959w_1_dwave:   -0.00761416 (init = 0)
    OIII4959w_1_sigma:    0.00391554 (init = 0.003)
    OIII5007w_1_scale:    4.11678768 == '3.0303030014038086 * OIII4959w_1_scale'
    OIII5007w_1_dwave:   -0.00761416 == 'OIII4959w_1_dwave'
    OIII5007w_1_sigma:    0.00391554 == 'OIII4959w_1_sigma'
    HeII4687_br_1_scale:  0.15417723 (init = 0)
    HeII4687_br_1_dwave: -0.00500000 (init = 0)
    HeII4687_br_1_sigma:  0.00400000 (init = 0.005)
    HeII4687_na_1_scale:  0.15420332 (init = 0)
    HeII4687_na_1_dwave: -5.0516e-04 == 'Hb_na_1_dwave'
    HeII4687_na_1_sigma:  7.0896e-04 == 'Hb_na_1_sigma'
Name                Value      Min      Max   Stderr     Vary     Expr Brute_Step
Ha_br_1_dwave           0   -0.015    0.015     None     True     None     None
Ha_br_1_scale           0        0    1e+10     None     True     None     None
Ha_br_1_sigma       0.005    0.004     0.05     None     True     None     None
Ha_br_2_dwave           0   -0.015    0.015     None     True     None     None
Ha_br_2_scale           0        0    1e+10     None     True     None     None
Ha_br_2_sigma       0.005    0.004     0.05     None     True     None     None
Ha_na_1_dwave           0    -0.01     0.01     None     True     None     None
Ha_na_1_scale           0        0    1e+10     None     True     None     None
Ha_na_1_sigma       0.001   0.0005  0.00169     None     True     None     None
NII6549_1_dwave         0   -0.005    0.005     None    False Ha_na_1_dwave     None
NII6549_1_scale         0        0    1e+10     None     True     None     None
NII6549_1_sigma     0.001  0.00023  0.00169     None    False Ha_na_1_sigma     None
NII6585_1_dwave         0   -0.005    0.005     None    False Ha_na_1_dwave     None
NII6585_1_scale         0        0    1e+10     None    False 3.0 * NII6549_1_scale     None
NII6585_1_sigma     0.001  0.00023  0.00169     None    False Ha_na_1_sigma     None
SII6718_1_dwave         0   -0.005    0.005     None    False Ha_na_1_dwave     None
SII6718_1_scale         0        0    1e+10     None     True     None     None
SII6718_1_sigma     0.001  0.00023  0.00169     None    False Ha_na_1_sigma     None
SII6732_1_dwave         0   -0.005    0.005     None    False Ha_na_1_dwave     None
SII6732_1_scale         0        0    1e+10     None    False 1.0 * SII6718_1_scale     None
SII6732_1_sigma     0.001  0.00023  0.00169     None    False Ha_na_1_sigma     None
Fitting complex Ha
Fit report
[[Variables]]
    Ha_br_1_scale:    57.6373488 +/- 3.39013592 (5.88%) (init = 0)
    Ha_br_1_dwave:    8.5585e-04 +/- 1.0894e-04 (12.73%) (init = 0)
    Ha_br_1_sigma:    0.00764326 +/- 3.2684e-04 (4.28%) (init = 0.005)
    Ha_br_2_scale:    22.2915708 +/- 3.96984626 (17.81%) (init = 0)
    Ha_br_2_dwave:   -4.1909e-04 +/- 3.9733e-04 (94.81%) (init = 0)
    Ha_br_2_sigma:    0.01476832 +/- 9.1773e-04 (6.21%) (init = 0.005)
    Ha_na_1_scale:    14.4555051 +/- 1.62508362 (11.24%) (init = 0)
    Ha_na_1_dwave:    3.4358e-04 +/- 1.7275e-04 (50.28%) (init = 0)
    Ha_na_1_sigma:    0.00167642 +/- 2.3588e-04 (14.07%) (init = 0.001)
    NII6549_1_scale:  0.01547873 +/- 0.25079666 (1620.27%) (init = 0)
    NII6549_1_dwave:  3.4358e-04 +/- 1.7275e-04 (50.28%) == 'Ha_na_1_dwave'
    NII6549_1_sigma:  0.00167642 +/- 2.3588e-04 (14.07%) == 'Ha_na_1_sigma'
    NII6585_1_scale:  0.04643619 +/- 0.75238997 (1620.27%) == '3.0 * NII6549_1_scale'
    NII6585_1_dwave:  3.4358e-04 +/- 1.7275e-04 (50.28%) == 'Ha_na_1_dwave'
    NII6585_1_sigma:  0.00167642 +/- 2.3588e-04 (14.07%) == 'Ha_na_1_sigma'
    SII6718_1_scale:  0.87537755 +/- 0.18419746 (21.04%) (init = 0)
    SII6718_1_dwave:  3.4358e-04 +/- 1.7275e-04 (50.28%) == 'Ha_na_1_dwave'
    SII6718_1_sigma:  0.00167642 +/- 2.3588e-04 (14.07%) == 'Ha_na_1_sigma'
    SII6732_1_scale:  0.87537755 +/- 0.18419746 (21.04%) == '1.0 * SII6718_1_scale'
    SII6732_1_dwave:  3.4358e-04 +/- 1.7275e-04 (50.28%) == 'Ha_na_1_dwave'
    SII6732_1_sigma:  0.00167642 +/- 2.3588e-04 (14.07%) == 'Ha_na_1_sigma'
[[Correlations]] (unreported correlations are < 0.100)
    C(Ha_br_2_scale, Ha_br_2_sigma)   = -0.9685
    C(Ha_br_1_scale, Ha_br_2_sigma)   = +0.9376
    C(Ha_br_1_sigma, Ha_br_2_scale)   = -0.9306
    C(Ha_br_1_scale, Ha_br_2_scale)   = -0.9138
    C(Ha_br_1_sigma, Ha_br_2_sigma)   = +0.8324
    C(Ha_br_2_scale, Ha_br_2_dwave)   = +0.7434
    C(Ha_br_2_dwave, Ha_br_2_sigma)   = -0.7278
    C(Ha_br_1_scale, Ha_br_2_dwave)   = -0.7243
    C(Ha_br_1_scale, Ha_br_1_sigma)   = +0.7223
    C(Ha_br_1_sigma, Ha_br_2_dwave)   = -0.6647
    C(Ha_br_1_sigma, Ha_na_1_scale)   = +0.5577
    C(Ha_br_1_sigma, Ha_na_1_sigma)   = +0.5258
    C(Ha_br_1_dwave, NII6549_1_scale) = +0.4972
    C(Ha_br_1_sigma, NII6549_1_scale) = -0.4934
    C(Ha_br_2_scale, Ha_na_1_scale)   = -0.4264
    C(Ha_na_1_scale, NII6549_1_scale) = -0.4040
    C(Ha_br_1_dwave, Ha_br_2_dwave)   = -0.3920
    C(Ha_br_2_scale, Ha_na_1_sigma)   = -0.3712
    C(Ha_br_2_sigma, Ha_na_1_scale)   = +0.3511
    C(Ha_br_2_scale, NII6549_1_scale) = +0.3309
    C(Ha_br_2_dwave, Ha_na_1_sigma)   = -0.3140
    C(Ha_na_1_sigma, NII6549_1_scale) = -0.3100
    C(Ha_br_1_dwave, SII6718_1_scale) = +0.2927
    C(Ha_br_2_dwave, Ha_na_1_scale)   = -0.2733
    C(Ha_br_2_sigma, Ha_na_1_sigma)   = +0.2718
    C(Ha_br_2_sigma, NII6549_1_scale) = -0.2560
    C(Ha_br_2_dwave, SII6718_1_scale) = -0.2091
    C(Ha_br_1_dwave, Ha_br_1_sigma)   = -0.2080
    C(Ha_br_1_scale, Ha_na_1_scale)   = +0.1878
    C(Ha_br_2_sigma, SII6718_1_scale) = -0.1780
    C(Ha_na_1_scale, Ha_na_1_sigma)   = +0.1629
    C(Ha_br_2_dwave, Ha_na_1_dwave)   = +0.1570
    C(Ha_br_1_dwave, Ha_br_2_scale)   = +0.1556
    C(Ha_br_1_dwave, Ha_na_1_scale)   = -0.1517
    C(Ha_br_1_dwave, Ha_br_2_sigma)   = -0.1401
    C(Ha_br_1_dwave, Ha_na_1_dwave)   = -0.1333
    C(Ha_br_1_scale, Ha_na_1_sigma)   = +0.1179
    C(Ha_na_1_dwave, NII6549_1_scale) = +0.1133
    C(Ha_br_2_scale, Ha_na_1_dwave)   = +0.1089
    C(Ha_br_2_sigma, Ha_na_1_dwave)   = -0.1060
    C(Ha_br_1_sigma, Ha_na_1_dwave)   = -0.1009
Saving figure as ./result.pdf
Fitting finished in 183.2s
wrote pyqsofit_model.csv
['ra' 'dec' 'plateid' 'MJD' 'fiberid' 'redshift' 'SN_ratio_conti'
 'Fe_uv_norm' 'Fe_uv_norm_err' 'Fe_uv_FWHM' 'Fe_uv_FWHM_err' 'Fe_uv_shift'
 'Fe_uv_shift_err' 'Fe_op_norm' 'Fe_op_norm_err' 'Fe_op_FWHM'
 'Fe_op_FWHM_err' 'Fe_op_shift' 'Fe_op_shift_err' 'PL_norm' 'PL_norm_err'
 'PL_slope' 'PL_slope_err' 'Blamer_norm' 'Blamer_norm_err' 'Balmer_Te'
 'Balmer_Te_err' 'Balmer_Tau' 'Balmer_Tau_err' 'conti_a_0' 'conti_a_0_err'
 'conti_a_1' 'conti_a_1_err' 'conti_a_2' 'conti_a_2_err' 'L1350'
 'L1350_err' 'L1450' 'L1450_err' 'L3000' 'L3000_err' 'L4200' 'L4200_err'
 'L5100' 'L5100_err' 'Fe_flux_4435_4685' 'Fe_flux_4435_4685_err']

['-999' '-999' '0' '0' '0' '0.4675198495388031' '51.22707495882209'
 '2.747927441149045' '0.00169336766830952' '17999.910033943605'
 '13.27778620038589' '0.009959521462811077' '5.034273382676334e-05'
 '2.103553442545092' '0.007298883719641935' '2450.8156878640075'
 '20.950477358182297' '-0.00010099696246112198' '0.00015075289549082438'
 '50.34257455349689' '0.001257605131144146' '0.4794772901477362'
 '9.110731986661236e-05' '0.0' '0.0' '15000.0' '0.0' '0.5' '0.0'
 '3511.3919778818895' '1.4372042906848037' '-9.473195794518062'
 '0.00010420569749047814' '0.0014894735486921053' '1.4174997164766168e-07'
 '-1.0' '-1.0' '-1.0' '-1.0' '45.09161066043579' '1.0844444659596775e-05'
 '45.25432411725388' '3.836392194145333e-05' '45.266713226112'
 '5.884431874036977e-05' '911.7588038954113' '2.3815697668866846']
['Hb_br_1_scale' 'Hb_br_1_scale_err' 'Hb_br_1_centerwave'
 'Hb_br_1_centerwave_err' 'Hb_br_1_sigma' 'Hb_br_1_sigma_err'
 'Hb_br_2_scale' 'Hb_br_2_scale_err' 'Hb_br_2_centerwave'
 'Hb_br_2_centerwave_err' 'Hb_br_2_sigma' 'Hb_br_2_sigma_err'
 'Hb_na_1_scale' 'Hb_na_1_scale_err' 'Hb_na_1_centerwave'
 'Hb_na_1_centerwave_err' 'Hb_na_1_sigma' 'Hb_na_1_sigma_err'
 'OIII4959c_1_scale' 'OIII4959c_1_scale_err' 'OIII4959c_1_centerwave'
 'OIII4959c_1_centerwave_err' 'OIII4959c_1_sigma' 'OIII4959c_1_sigma_err'
 'OIII5007c_1_scale' 'OIII5007c_1_scale_err' 'OIII5007c_1_centerwave'
 'OIII5007c_1_centerwave_err' 'OIII5007c_1_sigma' 'OIII5007c_1_sigma_err'
 'OIII4959w_1_scale' 'OIII4959w_1_scale_err' 'OIII4959w_1_centerwave'
 'OIII4959w_1_centerwave_err' 'OIII4959w_1_sigma' 'OIII4959w_1_sigma_err'
 'OIII5007w_1_scale' 'OIII5007w_1_scale_err' 'OIII5007w_1_centerwave'
 'OIII5007w_1_centerwave_err' 'OIII5007w_1_sigma' 'OIII5007w_1_sigma_err'
 'HeII4687_br_1_scale' 'HeII4687_br_1_scale_err'
 'HeII4687_br_1_centerwave' 'HeII4687_br_1_centerwave_err'
 'HeII4687_br_1_sigma' 'HeII4687_br_1_sigma_err' 'HeII4687_na_1_scale'
 'HeII4687_na_1_scale_err' 'HeII4687_na_1_centerwave'
 'HeII4687_na_1_centerwave_err' 'HeII4687_na_1_sigma'
 'HeII4687_na_1_sigma_err' 'Ha_br_1_scale' 'Ha_br_1_scale_err'
 'Ha_br_1_centerwave' 'Ha_br_1_centerwave_err' 'Ha_br_1_sigma'
 'Ha_br_1_sigma_err' 'Ha_br_2_scale' 'Ha_br_2_scale_err'
 'Ha_br_2_centerwave' 'Ha_br_2_centerwave_err' 'Ha_br_2_sigma'
 'Ha_br_2_sigma_err' 'Ha_na_1_scale' 'Ha_na_1_scale_err'
 'Ha_na_1_centerwave' 'Ha_na_1_centerwave_err' 'Ha_na_1_sigma'
 'Ha_na_1_sigma_err' 'NII6549_1_scale' 'NII6549_1_scale_err'
 'NII6549_1_centerwave' 'NII6549_1_centerwave_err' 'NII6549_1_sigma'
 'NII6549_1_sigma_err' 'NII6585_1_scale' 'NII6585_1_scale_err'
 'NII6585_1_centerwave' 'NII6585_1_centerwave_err' 'NII6585_1_sigma'
 'NII6585_1_sigma_err' 'SII6718_1_scale' 'SII6718_1_scale_err'
 'SII6718_1_centerwave' 'SII6718_1_centerwave_err' 'SII6718_1_sigma'
 'SII6718_1_sigma_err' 'SII6732_1_scale' 'SII6732_1_scale_err'
 'SII6732_1_centerwave' 'SII6732_1_centerwave_err' 'SII6732_1_sigma'
 'SII6732_1_sigma_err']

[1.09403603e+01 2.23907803e-01 8.48780583e+00 3.29337663e-04
 7.57424649e-03 2.65205289e-04 1.09403603e+01 2.65243394e-01
 8.48780583e+00 3.73959464e-04 7.57424666e-03 2.70831055e-04
 1.68892678e-02 1.02104669e+00 8.48306494e+00 2.46035710e-04
 7.08958757e-04 4.35732128e-04 4.62905603e+00 1.00947076e+00
 8.50264960e+00 2.46035710e-04 7.08958757e-04 4.35732128e-04
 1.40274424e+01 3.05900228e+00 8.51833468e+00 2.46035710e-04
 7.08958757e-04 4.35732128e-04 1.35853995e+00 6.91926016e-01
 8.49554060e+00 7.31202122e-03 3.91554021e-03 1.78123803e-03
 4.11678768e+00 2.09674548e+00 8.51122568e+00 7.31202122e-03
 3.91554021e-03 1.78123803e-03 1.54177227e-01 4.65562366e-02
 8.44755184e+00 2.09927272e-03 4.00000020e-03 1.66750920e-02
 1.54203317e-01 5.27722643e-02 8.45204668e+00 2.46035710e-04
 7.08958757e-04 4.35732128e-04 5.76373488e+01 2.30410860e+01
 8.78832189e+00 8.90991487e-04 7.64326329e-03 4.19802590e-03
 2.22915708e+01 2.31514065e+01 8.78704696e+00 1.07958934e-03
 1.47683213e-02 4.67860298e-03 1.44555051e+01 1.06976771e+00
 8.78780963e+00 1.11409396e-04 1.67641747e-03 1.14490463e-05
 1.54787294e-02 5.14824072e-02 8.78754070e+00 1.11409396e-04
 1.67641747e-03 1.14490463e-05 4.64361882e-02 1.54447222e-01
 8.79293563e+00 1.11409396e-04 1.67641747e-03 1.14490463e-05
 8.75377548e-01 2.10396989e-01 8.81293227e+00 1.11409396e-04
 1.67641747e-03 1.14490463e-05 8.75377548e-01 2.10396989e-01
 8.81507041e+00 1.11409396e-04 1.67641747e-03 1.14490463e-05]
['Hb_br_1_scale' 'Hb_br_1_centerwave' 'Hb_br_1_sigma' 'Hb_br_2_scale'
 'Hb_br_2_centerwave' 'Hb_br_2_sigma' 'Hb_na_1_scale' 'Hb_na_1_centerwave'
 'Hb_na_1_sigma' 'OIII4959c_1_scale' 'OIII4959c_1_centerwave'
 'OIII4959c_1_sigma' 'OIII5007c_1_scale' 'OIII5007c_1_centerwave'
 'OIII5007c_1_sigma' 'OIII4959w_1_scale' 'OIII4959w_1_centerwave'
 'OIII4959w_1_sigma' 'OIII5007w_1_scale' 'OIII5007w_1_centerwave'
 'OIII5007w_1_sigma' 'HeII4687_br_1_scale' 'HeII4687_br_1_centerwave'
 'HeII4687_br_1_sigma' 'HeII4687_na_1_scale' 'HeII4687_na_1_centerwave'
 'HeII4687_na_1_sigma' 'Ha_br_1_scale' 'Ha_br_1_centerwave'
 'Ha_br_1_sigma' 'Ha_br_2_scale' 'Ha_br_2_centerwave' 'Ha_br_2_sigma'
 'Ha_na_1_scale' 'Ha_na_1_centerwave' 'Ha_na_1_sigma' 'NII6549_1_scale'
 'NII6549_1_centerwave' 'NII6549_1_sigma' 'NII6585_1_scale'
 'NII6585_1_centerwave' 'NII6585_1_sigma' 'SII6718_1_scale'
 'SII6718_1_centerwave' 'SII6718_1_sigma' 'SII6732_1_scale'
 'SII6732_1_centerwave' 'SII6732_1_sigma']

[[1.10538362e+01 8.48765884e+00 7.46285574e-03 ... 8.92652063e-01
  8.81483050e+00 1.68846670e-03]
 [1.06274561e+01 8.48866857e+00 8.14885671e-03 ... 8.65819638e-01
  8.81492265e+00 1.68999995e-03]
 [1.10507475e+01 8.48769775e+00 7.56188912e-03 ... 9.08961795e-01
  8.81498291e+00 1.52906707e-03]
 ...
 [1.11107479e+01 8.48772725e+00 7.52912306e-03 ... 7.88553112e-01
  8.81502370e+00 1.68999995e-03]
 [1.08644110e+01 8.48790100e+00 7.66711028e-03 ... 1.12008125e+00
  8.81501536e+00 1.68157899e-03]
 [1.09862780e+01 8.48792540e+00 7.59256596e-03 ... 8.49341153e-01
  8.81514674e+00 1.68999995e-03]]
(50, 48)
['1_complex_name' '1_line_status' '1_line_min_chi2' '1_line_bic'
 '1_line_red_chi2' '1_niter' '1_ndof' '2_complex_name' '2_line_status'
 '2_line_min_chi2' '2_line_bic' '2_line_red_chi2' '2_niter' '2_ndof'
 'Hb_br_1_scale' 'Hb_br_1_scale_err' 'Hb_br_1_centerwave'
 'Hb_br_1_centerwave_err' 'Hb_br_1_sigma' 'Hb_br_1_sigma_err'
 'Hb_br_2_scale' 'Hb_br_2_scale_err' 'Hb_br_2_centerwave'
 'Hb_br_2_centerwave_err' 'Hb_br_2_sigma' 'Hb_br_2_sigma_err'
 'Hb_na_1_scale' 'Hb_na_1_scale_err' 'Hb_na_1_centerwave'
 'Hb_na_1_centerwave_err' 'Hb_na_1_sigma' 'Hb_na_1_sigma_err'
 'OIII4959c_1_scale' 'OIII4959c_1_scale_err' 'OIII4959c_1_centerwave'
 'OIII4959c_1_centerwave_err' 'OIII4959c_1_sigma' 'OIII4959c_1_sigma_err'
 'OIII5007c_1_scale' 'OIII5007c_1_scale_err' 'OIII5007c_1_centerwave'
 'OIII5007c_1_centerwave_err' 'OIII5007c_1_sigma' 'OIII5007c_1_sigma_err'
 'OIII4959w_1_scale' 'OIII4959w_1_scale_err' 'OIII4959w_1_centerwave'
 'OIII4959w_1_centerwave_err' 'OIII4959w_1_sigma' 'OIII4959w_1_sigma_err'
 'OIII5007w_1_scale' 'OIII5007w_1_scale_err' 'OIII5007w_1_centerwave'
 'OIII5007w_1_centerwave_err' 'OIII5007w_1_sigma' 'OIII5007w_1_sigma_err'
 'HeII4687_br_1_scale' 'HeII4687_br_1_scale_err'
 'HeII4687_br_1_centerwave' 'HeII4687_br_1_centerwave_err'
 'HeII4687_br_1_sigma' 'HeII4687_br_1_sigma_err' 'HeII4687_na_1_scale'
 'HeII4687_na_1_scale_err' 'HeII4687_na_1_centerwave'
 'HeII4687_na_1_centerwave_err' 'HeII4687_na_1_sigma'
 'HeII4687_na_1_sigma_err' 'Ha_br_1_scale' 'Ha_br_1_scale_err'
 'Ha_br_1_centerwave' 'Ha_br_1_centerwave_err' 'Ha_br_1_sigma'
 'Ha_br_1_sigma_err' 'Ha_br_2_scale' 'Ha_br_2_scale_err'
 'Ha_br_2_centerwave' 'Ha_br_2_centerwave_err' 'Ha_br_2_sigma'
 'Ha_br_2_sigma_err' 'Ha_na_1_scale' 'Ha_na_1_scale_err'
 'Ha_na_1_centerwave' 'Ha_na_1_centerwave_err' 'Ha_na_1_sigma'
 'Ha_na_1_sigma_err' 'NII6549_1_scale' 'NII6549_1_scale_err'
 'NII6549_1_centerwave' 'NII6549_1_centerwave_err' 'NII6549_1_sigma'
 'NII6549_1_sigma_err' 'NII6585_1_scale' 'NII6585_1_scale_err'
 'NII6585_1_centerwave' 'NII6585_1_centerwave_err' 'NII6585_1_sigma'
 'NII6585_1_sigma_err' 'SII6718_1_scale' 'SII6718_1_scale_err'
 'SII6718_1_centerwave' 'SII6718_1_centerwave_err' 'SII6718_1_sigma'
 'SII6718_1_sigma_err' 'SII6732_1_scale' 'SII6732_1_scale_err'
 'SII6732_1_centerwave' 'SII6732_1_centerwave_err' 'SII6732_1_sigma'
 'SII6732_1_sigma_err' 'Hb_whole_br_fwhm' 'Hb_whole_br_fwhm_err'
 'Hb_whole_br_sigma' 'Hb_whole_br_sigma_err' 'Hb_whole_br_ew'
 'Hb_whole_br_ew_err' 'Hb_whole_br_peak' 'Hb_whole_br_peak_err'
 'Hb_whole_br_area' 'Hb_whole_br_area_err' 'Hb_whole_br_snr'
 'Hb_whole_br_snr_err' 'Ha_whole_br_fwhm' 'Ha_whole_br_fwhm_err'
 'Ha_whole_br_sigma' 'Ha_whole_br_sigma_err' 'Ha_whole_br_ew'
 'Ha_whole_br_ew_err' 'Ha_whole_br_peak' 'Ha_whole_br_peak_err'
 'Ha_whole_br_area' 'Ha_whole_br_area_err' 'Ha_whole_br_snr'
 'Ha_whole_br_snr_err']

['Hb' '1' '1324.7248876203112' '583.1238710381773' '3.3708012407641506'
 '3903' '393' 'Ha' '1' '643.6512845113245' '296.67950007899105'
 '2.5541717639338275' '274' '252' '10.94036028437273'
 '0.22390780340941774' '8.487805829332505' '0.00032933766259368724'
 '0.0075742464949624146' '0.0002652052887566728' '10.94036028437273'
 '0.2652433939154264' '8.487805829846264' '0.0003739594637135468'
 '0.0075742466626956655' '0.00027083105458416534' '0.016889267762110194'
 '1.0210466916404923' '8.48306494169556' '0.00024603570968384503'
 '0.0007089587570576046' '0.00043573212805454574' '4.629056027383172'
 '1.0094707625363242' '8.502649597457278' '0.00024603570968384503'
 '0.0007089587570576046' '0.00043573212805454574' '14.027442373445616'
 '3.059002281543215' '8.518334678939212' '0.00024603570968384503'
 '0.0007089587570576046' '0.00043573212805454574' '1.3585399472049176'
 '0.6919260164828245' '8.49554059927106' '0.007312021216532294'
 '0.003915540206620235' '0.0017812380270775992' '4.116787679542034'
 '2.096745484497284' '8.511225680752993' '0.007312021216532294'
 '0.003915540206620235' '0.0017812380270775992' '0.1541772265412078'
 '0.046556236643624516' '8.447551841847753' '0.0020992727198958505'
 '0.004000000196374142' '0.016675091964223336' '0.1542033167822865'
 '0.05277226433619828' '8.452046684554446' '0.00024603570968384503'
 '0.0007089587570576046' '0.00043573212805454574' '57.637348782613174'
 '23.041085950303852' '8.788321894781305' '0.0008909914866892521'
 '0.007643263289534966' '0.004198025904116712' '22.29157081146127'
 '23.151406536303654' '8.787046958114022' '0.0010795893394934808'
 '0.014768321253106053' '0.004678602978275959' '14.45550512624294'
 '1.0697677077509127' '8.787809631917273' '0.00011140939634479707'
 '0.0016764174673190742' '1.1449046329763991e-05' '0.015478729409323932'
 '0.0514824072261888' '8.787540695760047' '0.00011140939634479707'
 '0.0016764174673190742' '1.1449046329763991e-05' '0.0464361882279718'
 '0.1544472216785664' '8.792935631367957' '0.00011140939634479707'
 '0.0016764174673190742' '1.1449046329763991e-05' '0.8753775482261972'
 '0.21039698872016277' '8.812932274434363' '0.00011140939634479707'
 '0.0016764174673190742' '1.1449046329763991e-05' '0.8753775482261972'
 '0.21039698872016277' '8.815070412251746' '0.00011140939634479707'
 '0.0016764174673190742' '1.1449046329763991e-05' '5555.158670790618'
 '93.41929102745962' '3058.028785520433' '149.5435626804399'
 '49.019309126815344' '1.796496776253953' '4856.388683965212'
 '1.2536196222704348' '2290.0113533238296' '82.05536018773478'
 '13.842219788682284' '0.7929876875392612' '6276.28407033772'
 '39.04934103777259' '3343.66294277182' '148.74200631053964'
 '383.4227659612153' '2.648305221815889' '6555.686152513021'
 '0.5115697976361844' '12631.243335203859' '87.9174559756384'
 '35.83216578044226' '2.0995024891951033']
Broad Hb:
FWHM (km/s) 5369.9
Sigma (km/s) 2249.9
EW (A) 43.0
Peak (A) 4855.2
Area (10^(-17) erg/s/cm^2) 2011.6
SNR 13.1

Narrow Hb:
FWHM (km/s) 505.8
Sigma (km/s) 209.4
EW (A) 0.0
Peak (A) 4831.6
Area (10^(-17) erg/s/cm^2) 0.1
SNR 0.0

Broad [OIII]5007:
FWHM (km/s) 2744.1
Sigma (km/s) 1149.3
EW (A) 4.4
Peak (A) 4969.7
Area (10^(-17) erg/s/cm^2) 200.3
SNR 1.8

Narrow [OIII]5007:
FWHM (km/s) 505.8
Sigma (km/s) 209.4
EW (A) 2.7
Peak (A) 5005.1
Area (10^(-17) erg/s/cm^2) 124.4
SNR 5.2
