7.0.1
1.3.2
2.1.6
3.1.6
['/home/onur/Documents/AGNEmissionLines_ThirdPartyLibraries/pyqsofit/PyQSOFit/src/pyqsofit']
FWHM Resolution: 2.5 Å
[ 3566.97426784  3567.79484559  3568.6175712  ... 10394.41199851
 10396.80892696 10399.20640813] Angstrom [23.38215828 15.90559006 12.79592037 ... 18.21431732 18.21451569
 18.21471405] erg / (Angstrom s cm2) [0.46764317 0.3181118  0.25591841 ... 0.36428635 0.36429031 0.36429428] erg / (Angstrom s cm2) 0.08313549309968948
Name            Value      Min      Max   Stderr     Vary     Expr Brute_Step
Balmer_Tau        0.5      0.1        2     None    False     None     None
Balmer_Te     1.5e+04    1e+04    5e+04     None    False     None     None
Blamer_norm         0        0    1e+10     None    False     None     None
Fe_op_FWHM       3000     1200  1.8e+04     None     True     None     None
Fe_op_norm          0        0    1e+10     None     True     None     None
Fe_op_shift         0    -0.01     0.01     None     True     None     None
Fe_uv_FWHM       3000     1200  1.8e+04     None     True     None     None
Fe_uv_norm          0        0    1e+10     None     True     None     None
Fe_uv_shift         0    -0.01     0.01     None     True     None     None
PL_norm             1        0    1e+10     None     True     None     None
PL_slope         -1.5       -5        3     None     True     None     None
conti_a_0           0     -inf      inf     None     True     None     None
conti_a_1           0     -inf      inf     None     True     None     None
conti_a_2           0     -inf      inf     None     True     None     None
Fitting continuum
Fit report
[[Variables]]
    Fe_uv_norm:   1.19731614 (init = 0)
    Fe_uv_FWHM:   16733.4716 (init = 3000)
    Fe_uv_shift:  0.01000000 (init = 0)
    Fe_op_norm:   1.06350706 (init = 0)
    Fe_op_FWHM:   17999.9993 (init = 3000)
    Fe_op_shift: -0.00999982 (init = 0)
    PL_norm:      4.26515434 (init = 1)
    PL_slope:     0.72779960 (init = -1.5)
    Blamer_norm:  0 (fixed)
    Balmer_Te:    15000 (fixed)
    Balmer_Tau:   0.5 (fixed)
    conti_a_0:    6971.10432 (init = 0)
    conti_a_1:   -1.76844386 (init = 0)
    conti_a_2:    1.3246e-04 (init = 0)
Name                    Value      Min      Max   Stderr     Vary     Expr Brute_Step
Hb_br_1_dwave               0    -0.01     0.01     None     True     None     None
Hb_br_1_scale               0        0    1e+10     None     True     None     None
Hb_br_1_sigma           0.005    0.004     0.05     None     True     None     None
Hb_br_2_dwave               0    -0.01     0.01     None     True     None     None
Hb_br_2_scale               0        0    1e+10     None     True     None     None
Hb_br_2_sigma           0.005    0.004     0.05     None     True     None     None
Hb_na_1_dwave               0    -0.01     0.01     None     True     None     None
Hb_na_1_scale               0        0    1e+10     None     True     None     None
Hb_na_1_sigma           0.001  0.00023  0.00169     None     True     None     None
HeII4687_br_1_dwave         0   -0.005    0.005     None     True     None     None
HeII4687_br_1_scale         0        0    1e+10     None     True     None     None
HeII4687_br_1_sigma     0.005    0.004     0.05     None     True     None     None
HeII4687_na_1_dwave         0   -0.005    0.005     None    False Hb_na_1_dwave     None
HeII4687_na_1_scale         0        0    1e+10     None     True     None     None
HeII4687_na_1_sigma     0.001  0.00023  0.00169     None    False Hb_na_1_sigma     None
OIII4959c_1_dwave           0    -0.01     0.01     None    False Hb_na_1_dwave     None
OIII4959c_1_scale           0        0    1e+10     None     True     None     None
OIII4959c_1_sigma       0.001  0.00023  0.00169     None    False Hb_na_1_sigma     None
OIII4959w_1_dwave           0    -0.01     0.01     None     True     None     None
OIII4959w_1_scale           0        0    1e+10     None     True     None     None
OIII4959w_1_sigma       0.003  0.00023    0.004     None     True     None     None
OIII5007c_1_dwave           0    -0.01     0.01     None    False Hb_na_1_dwave     None
OIII5007c_1_scale           0        0    1e+10     None    False 3.0303030014038086 * OIII4959c_1_scale     None
OIII5007c_1_sigma       0.001  0.00023  0.00169     None    False Hb_na_1_sigma     None
OIII5007w_1_dwave           0    -0.01     0.01     None    False OIII4959w_1_dwave     None
OIII5007w_1_scale           0        0    1e+10     None    False 3.0303030014038086 * OIII4959w_1_scale     None
OIII5007w_1_sigma       0.003  0.00023    0.004     None    False OIII4959w_1_sigma     None
Fitting complex Hb
Fit report
[[Variables]]
    Hb_br_1_scale:        1.63342118 +/- 63218.2283 (3870295.63%) (init = 0)
    Hb_br_1_dwave:        0.00308473 +/- 2.76837676 (89744.65%) (init = 0)
    Hb_br_1_sigma:        0.00465001 +/- 2.00541799 (43127.20%) (init = 0.005)
    Hb_br_2_scale:        1.63341618 +/- 63218.2950 (3870311.55%) (init = 0)
    Hb_br_2_dwave:        0.00319208 +/- 2.66697300 (83549.75%) (init = 0)
    Hb_br_2_sigma:        0.00456982 +/- 2.05291916 (44923.38%) (init = 0.005)
    Hb_na_1_scale:        0.01789457 +/- 0.54483330 (3044.68%) (init = 0)
    Hb_na_1_dwave:        1.2037e-04 +/- 6.6278e-05 (55.06%) (init = 0)
    Hb_na_1_sigma:        9.5738e-04 +/- 5.5206e-05 (5.77%) (init = 0.001)
    OIII4959c_1_scale:    5.79679749 +/- 0.38606615 (6.66%) (init = 0)
    OIII4959c_1_dwave:    1.2037e-04 +/- 6.6278e-05 (55.06%) == 'Hb_na_1_dwave'
    OIII4959c_1_sigma:    9.5738e-04 +/- 5.5206e-05 (5.77%) == 'Hb_na_1_sigma'
    OIII5007c_1_scale:    17.5660528 +/- 1.16989741 (6.66%) == '3.0303030014038086 * OIII4959c_1_scale'
    OIII5007c_1_dwave:    1.2037e-04 +/- 6.6278e-05 (55.06%) == 'Hb_na_1_dwave'
    OIII5007c_1_sigma:    9.5738e-04 +/- 5.5206e-05 (5.77%) == 'Hb_na_1_sigma'
    OIII4959w_1_scale:    3.95998234 +/- 0.27859431 (7.04%) (init = 0)
    OIII4959w_1_dwave:   -0.00928253 +/- 7.2006e-05 (0.78%) (init = 0)
    OIII4959w_1_sigma:    9.1987e-04 +/- 6.9931e-05 (7.60%) (init = 0.003)
    OIII5007w_1_scale:    11.9999464 +/- 0.84422517 (7.04%) == '3.0303030014038086 * OIII4959w_1_scale'
    OIII5007w_1_dwave:   -0.00928253 +/- 7.2006e-05 (0.78%) == 'OIII4959w_1_dwave'
    OIII5007w_1_sigma:    9.1987e-04 +/- 6.9931e-05 (7.60%) == 'OIII4959w_1_sigma'
    HeII4687_br_1_scale:  0.97709729 +/- 0.11830782 (12.11%) (init = 0)
    HeII4687_br_1_dwave:  0.00499046 +/- 0.00852794 (170.88%) (init = 0)
    HeII4687_br_1_sigma:  0.02177033 +/- 0.01274771 (58.56%) (init = 0.005)
    HeII4687_na_1_scale:  1.25703725 +/- 0.43646373 (34.72%) (init = 0)
    HeII4687_na_1_dwave:  1.2037e-04 +/- 6.6278e-05 (55.06%) == 'Hb_na_1_dwave'
    HeII4687_na_1_sigma:  9.5738e-04 +/- 5.5206e-05 (5.77%) == 'Hb_na_1_sigma'
[[Correlations]] (unreported correlations are < 0.100)
    C(Hb_br_1_scale, Hb_br_2_scale)             = -1.0000
    C(Hb_br_1_dwave, Hb_br_2_sigma)             = -0.9998
    C(Hb_br_1_sigma, Hb_br_2_dwave)             = -0.9998
    C(Hb_br_2_scale, Hb_br_2_sigma)             = +0.9998
    C(Hb_br_1_scale, Hb_br_2_sigma)             = -0.9998
    C(Hb_br_1_scale, Hb_br_1_sigma)             = -0.9997
    C(Hb_br_1_sigma, Hb_br_2_scale)             = +0.9997
    C(Hb_br_1_dwave, Hb_br_2_scale)             = -0.9996
    C(Hb_br_1_scale, Hb_br_1_dwave)             = +0.9996
    C(Hb_br_1_scale, Hb_br_2_dwave)             = +0.9995
    C(Hb_br_2_scale, Hb_br_2_dwave)             = -0.9995
    C(Hb_br_1_sigma, Hb_br_2_sigma)             = +0.9990
    C(Hb_br_2_dwave, Hb_br_2_sigma)             = -0.9988
    C(Hb_br_1_dwave, Hb_br_1_sigma)             = -0.9988
    C(Hb_br_1_dwave, Hb_br_2_dwave)             = +0.9981
    C(OIII4959w_1_scale, OIII4959w_1_sigma)     = -0.5267
    C(Hb_br_2_dwave, Hb_na_1_scale)             = -0.5120
    C(Hb_br_2_sigma, Hb_na_1_scale)             = +0.5096
    C(Hb_br_2_scale, Hb_na_1_scale)             = +0.5063
    C(Hb_br_1_scale, Hb_na_1_scale)             = -0.5063
    C(Hb_br_1_sigma, Hb_na_1_scale)             = +0.5027
    C(Hb_br_1_dwave, Hb_na_1_scale)             = -0.5005
    C(HeII4687_br_1_scale, HeII4687_br_1_sigma) = -0.4975
    C(Hb_na_1_sigma, OIII4959c_1_scale)         = -0.4682
    C(HeII4687_br_1_scale, HeII4687_na_1_scale) = -0.3477
    C(Hb_br_1_sigma, HeII4687_br_1_dwave)       = -0.3372
    C(Hb_br_2_dwave, HeII4687_br_1_dwave)       = +0.3326
    C(Hb_br_2_scale, HeII4687_br_1_dwave)       = -0.3294
    C(Hb_br_1_scale, HeII4687_br_1_dwave)       = +0.3294
    C(Hb_br_1_dwave, HeII4687_br_1_dwave)       = +0.3261
    C(Hb_br_2_sigma, HeII4687_br_1_dwave)       = -0.3220
    C(OIII4959w_1_sigma, HeII4687_br_1_sigma)   = -0.3063
    C(OIII4959c_1_scale, HeII4687_br_1_sigma)   = -0.2740
    C(Hb_br_1_dwave, HeII4687_br_1_scale)       = +0.2557
    C(Hb_br_2_sigma, HeII4687_br_1_scale)       = -0.2512
    C(Hb_br_2_scale, HeII4687_br_1_scale)       = -0.2484
    C(Hb_br_1_scale, HeII4687_br_1_scale)       = +0.2484
    C(Hb_br_1_sigma, HeII4687_br_1_scale)       = -0.2450
    C(Hb_br_2_dwave, HeII4687_br_1_scale)       = +0.2407
    C(Hb_na_1_sigma, HeII4687_br_1_sigma)       = -0.2091
    C(Hb_na_1_dwave, OIII4959c_1_scale)         = +0.2060
    C(HeII4687_br_1_dwave, HeII4687_na_1_scale) = +0.1822
    C(OIII4959w_1_sigma, HeII4687_br_1_scale)   = +0.1368
    C(OIII4959c_1_scale, HeII4687_br_1_scale)   = +0.1310
    C(HeII4687_br_1_sigma, HeII4687_na_1_scale) = +0.1204
Name                Value      Min      Max   Stderr     Vary     Expr Brute_Step
Ha_br_1_dwave           0   -0.015    0.015     None     True     None     None
Ha_br_1_scale           0        0    1e+10     None     True     None     None
Ha_br_1_sigma       0.005    0.004     0.05     None     True     None     None
Ha_br_2_dwave           0   -0.015    0.015     None     True     None     None
Ha_br_2_scale           0        0    1e+10     None     True     None     None
Ha_br_2_sigma       0.005    0.004     0.05     None     True     None     None
Ha_na_1_dwave           0    -0.01     0.01     None     True     None     None
Ha_na_1_scale           0        0    1e+10     None     True     None     None
Ha_na_1_sigma       0.001   0.0005  0.00169     None     True     None     None
NII6549_1_dwave         0   -0.005    0.005     None    False Ha_na_1_dwave     None
NII6549_1_scale         0        0    1e+10     None     True     None     None
NII6549_1_sigma     0.001  0.00023  0.00169     None    False Ha_na_1_sigma     None
NII6585_1_dwave         0   -0.005    0.005     None    False Ha_na_1_dwave     None
NII6585_1_scale         0        0    1e+10     None    False 3.0 * NII6549_1_scale     None
NII6585_1_sigma     0.001  0.00023  0.00169     None    False Ha_na_1_sigma     None
SII6718_1_dwave         0   -0.005    0.005     None    False Ha_na_1_dwave     None
SII6718_1_scale         0        0    1e+10     None     True     None     None
SII6718_1_sigma     0.001  0.00023  0.00169     None    False Ha_na_1_sigma     None
SII6732_1_dwave         0   -0.005    0.005     None    False Ha_na_1_dwave     None
SII6732_1_scale         0        0    1e+10     None    False 1.0 * SII6718_1_scale     None
SII6732_1_sigma     0.001  0.00023  0.00169     None    False Ha_na_1_sigma     None
Fitting complex Ha
Fit report
[[Variables]]
    Ha_br_1_scale:    2.11148377 +/- 0.38265490 (18.12%) (init = 0)
    Ha_br_1_dwave:    0.00348203 +/- 0.00110603 (31.76%) (init = 0)
    Ha_br_1_sigma:    0.01319688 +/- 0.00187679 (14.22%) (init = 0.005)
    Ha_br_2_scale:    15.9471292 +/- 0.64342436 (4.03%) (init = 0)
    Ha_br_2_dwave:    0.00226610 +/- 1.2017e-04 (5.30%) (init = 0)
    Ha_br_2_sigma:    0.00400000 +/- 6.2632e-05 (1.57%) (init = 0.005)
    Ha_na_1_scale:    0.00123457 +/- 0.13803864 (11181.13%) (init = 0)
    Ha_na_1_dwave:    6.5314e-04 +/- 3.0953e-05 (4.74%) (init = 0)
    Ha_na_1_sigma:    5.0000e-04 +/- 0.04960579 (9921.16%) (init = 0.001)
    NII6549_1_scale:  6.60331789 +/- 0.47331459 (7.17%) (init = 0)
    NII6549_1_dwave:  6.5314e-04 +/- 3.0953e-05 (4.74%) == 'Ha_na_1_dwave'
    NII6549_1_sigma:  5.0000e-04 +/- 0.04960579 (9921.16%) == 'Ha_na_1_sigma'
    NII6585_1_scale:  19.8099537 +/- 1.41994376 (7.17%) == '3.0 * NII6549_1_scale'
    NII6585_1_dwave:  6.5314e-04 +/- 3.0953e-05 (4.74%) == 'Ha_na_1_dwave'
    NII6585_1_sigma:  5.0000e-04 +/- 0.04960579 (9921.16%) == 'Ha_na_1_sigma'
    SII6718_1_scale:  6.81642465 +/- 0.48696178 (7.14%) (init = 0)
    SII6718_1_dwave:  6.5314e-04 +/- 3.0953e-05 (4.74%) == 'Ha_na_1_dwave'
    SII6718_1_sigma:  5.0000e-04 +/- 0.04960579 (9921.16%) == 'Ha_na_1_sigma'
    SII6732_1_scale:  6.81642465 +/- 0.48696178 (7.14%) == '1.0 * SII6718_1_scale'
    SII6732_1_dwave:  6.5314e-04 +/- 3.0953e-05 (4.74%) == 'Ha_na_1_dwave'
    SII6732_1_sigma:  5.0000e-04 +/- 0.04960579 (9921.16%) == 'Ha_na_1_sigma'
[[Correlations]] (unreported correlations are < 0.100)
    C(Ha_br_1_scale, Ha_br_1_sigma)     = -0.8925
    C(Ha_br_1_scale, Ha_br_2_sigma)     = +0.7648
    C(Ha_br_1_sigma, Ha_br_2_sigma)     = -0.6096
    C(Ha_br_1_scale, Ha_br_2_scale)     = -0.4970
    C(Ha_br_1_sigma, Ha_br_2_scale)     = +0.4932
    C(Ha_na_1_sigma, SII6718_1_scale)   = +0.3898
    C(Ha_na_1_sigma, NII6549_1_scale)   = +0.3378
    C(Ha_br_2_scale, Ha_na_1_sigma)     = +0.3316
    C(Ha_br_1_dwave, Ha_br_2_dwave)     = -0.3148
    C(Ha_br_2_scale, Ha_na_1_scale)     = +0.3115
    C(Ha_br_2_sigma, Ha_na_1_scale)     = +0.3054
    C(Ha_na_1_scale, NII6549_1_scale)   = +0.2571
    C(Ha_br_2_dwave, Ha_na_1_scale)     = -0.2496
    C(Ha_br_1_scale, Ha_br_1_dwave)     = -0.2421
    C(Ha_br_1_sigma, SII6718_1_scale)   = -0.2278
    C(Ha_br_1_dwave, Ha_br_1_sigma)     = +0.2149
    C(Ha_br_2_dwave, NII6549_1_scale)   = -0.2038
    C(Ha_br_1_sigma, Ha_na_1_sigma)     = +0.1927
    C(Ha_br_1_dwave, Ha_br_2_sigma)     = -0.1907
    C(Ha_br_1_dwave, SII6718_1_scale)   = -0.1785
    C(Ha_br_1_sigma, Ha_br_2_dwave)     = +0.1695
    C(Ha_br_1_scale, SII6718_1_scale)   = +0.1670
    C(Ha_br_2_dwave, Ha_na_1_sigma)     = +0.1633
    C(Ha_br_1_scale, Ha_br_2_dwave)     = -0.1620
    C(Ha_na_1_scale, Ha_na_1_dwave)     = +0.1585
    C(Ha_br_1_dwave, Ha_br_2_scale)     = +0.1524
    C(Ha_br_1_scale, Ha_na_1_sigma)     = -0.1487
    C(NII6549_1_scale, SII6718_1_scale) = +0.1344
    C(Ha_br_1_scale, Ha_na_1_scale)     = +0.1328
    C(Ha_br_2_dwave, Ha_br_2_sigma)     = -0.1320
    C(Ha_br_2_scale, Ha_br_2_dwave)     = +0.1288
    C(Ha_br_2_scale, NII6549_1_scale)   = -0.1282
    C(Ha_br_2_sigma, SII6718_1_scale)   = +0.1233
    C(Ha_br_2_sigma, Ha_na_1_dwave)     = +0.1146
Saving figure as ./result.pdf
Fitting finished in 54.9s
wrote pyqsofit_model.csv
['ra' 'dec' 'plateid' 'MJD' 'fiberid' 'redshift' 'SN_ratio_conti'
 'Fe_uv_norm' 'Fe_uv_FWHM' 'Fe_uv_shift' 'Fe_op_norm' 'Fe_op_FWHM'
 'Fe_op_shift' 'PL_norm' 'PL_slope' 'Blamer_norm' 'Balmer_Te' 'Balmer_Tau'
 'conti_a_0' 'conti_a_1' 'conti_a_2' 'L1350' 'L1450' 'L3000' 'L4200'
 'L5100' 'Fe_flux_4435_4685']

['-999' '-999' '0' '0' '0' '0.08313549309968948' '31.451217410471692'
 '1.1973161351264139' '16733.47156614537' '0.009999999776174082'
 '1.0635070601949792' '17999.99927225967' '-0.009999816449887877'
 '4.265154340821198' '0.7277995967486408' '0.0' '15000.0' '0.5'
 '6971.104321724881' '-1.7684438625639018' '0.00013246201519495277' '-1.0'
 '-1.0' '-1.0' '42.91743111785131' '43.09782895139461' '397.9918682128958']
['Hb_br_1_scale' 'Hb_br_1_centerwave' 'Hb_br_1_sigma' 'Hb_br_2_scale'
 'Hb_br_2_centerwave' 'Hb_br_2_sigma' 'Hb_na_1_scale' 'Hb_na_1_centerwave'
 'Hb_na_1_sigma' 'OIII4959c_1_scale' 'OIII4959c_1_centerwave'
 'OIII4959c_1_sigma' 'OIII5007c_1_scale' 'OIII5007c_1_centerwave'
 'OIII5007c_1_sigma' 'OIII4959w_1_scale' 'OIII4959w_1_centerwave'
 'OIII4959w_1_sigma' 'OIII5007w_1_scale' 'OIII5007w_1_centerwave'
 'OIII5007w_1_sigma' 'HeII4687_br_1_scale' 'HeII4687_br_1_centerwave'
 'HeII4687_br_1_sigma' 'HeII4687_na_1_scale' 'HeII4687_na_1_centerwave'
 'HeII4687_na_1_sigma' 'Ha_br_1_scale' 'Ha_br_1_centerwave'
 'Ha_br_1_sigma' 'Ha_br_2_scale' 'Ha_br_2_centerwave' 'Ha_br_2_sigma'
 'Ha_na_1_scale' 'Ha_na_1_centerwave' 'Ha_na_1_sigma' 'NII6549_1_scale'
 'NII6549_1_centerwave' 'NII6549_1_sigma' 'NII6585_1_scale'
 'NII6585_1_centerwave' 'NII6585_1_sigma' 'SII6718_1_scale'
 'SII6718_1_centerwave' 'SII6718_1_sigma' 'SII6732_1_scale'
 'SII6732_1_centerwave' 'SII6732_1_sigma']

[1.63342118e+00 8.48665483e+00 4.65000701e-03 1.63341618e+00
 8.48676218e+00 4.56982348e-03 1.78945747e-02 8.48369047e+00
 9.57383866e-04 5.79679749e+00 8.50327512e+00 9.57383866e-04
 1.75660528e+01 8.51896020e+00 9.57383866e-04 3.95998234e+00
 8.49387223e+00 9.19871479e-04 1.19999464e+01 8.50955731e+00
 9.19871479e-04 9.77097292e-01 8.45754230e+00 2.17703339e-02
 1.25703725e+00 8.45267221e+00 9.57383866e-04 2.11148377e+00
 8.79094808e+00 1.31968821e-02 1.59471292e+01 8.78973215e+00
 4.00000019e-03 1.23456800e-03 8.78811919e+00 5.00000024e-04
 6.60331789e+00 8.78785025e+00 5.00000024e-04 1.98099537e+01
 8.79324519e+00 5.00000024e-04 6.81642465e+00 8.81324183e+00
 5.00000024e-04 6.81642465e+00 8.81537997e+00 5.00000024e-04]
['Hb_br_1_scale' 'Hb_br_1_sigma' 'Hb_br_2_centerwave' 'Hb_na_1_scale'
 'Hb_na_1_sigma' 'OIII4959c_1_centerwave' 'OIII5007c_1_scale'
 'OIII5007c_1_sigma' 'OIII4959w_1_centerwave' 'OIII5007w_1_scale'
 'OIII5007w_1_sigma' 'HeII4687_br_1_centerwave' 'HeII4687_na_1_scale'
 'HeII4687_na_1_sigma' 'Ha_br_1_centerwave' 'Ha_br_2_scale'
 'Ha_br_2_sigma' 'Ha_na_1_centerwave' 'NII6549_1_scale' 'NII6549_1_sigma'
 'NII6585_1_centerwave' 'SII6718_1_scale' 'SII6718_1_sigma'
 'SII6732_1_centerwave']

[]
(0,)
['1_complex_name' '1_line_status' '1_line_min_chi2' '1_line_bic'
 '1_line_red_chi2' '1_niter' '1_ndof' '2_complex_name' '2_line_status'
 '2_line_min_chi2' '2_line_bic' '2_line_red_chi2' '2_niter' '2_ndof'
 'Hb_br_1_scale' 'Hb_br_1_centerwave' 'Hb_br_1_sigma' 'Hb_br_2_scale'
 'Hb_br_2_centerwave' 'Hb_br_2_sigma' 'Hb_na_1_scale' 'Hb_na_1_centerwave'
 'Hb_na_1_sigma' 'OIII4959c_1_scale' 'OIII4959c_1_centerwave'
 'OIII4959c_1_sigma' 'OIII5007c_1_scale' 'OIII5007c_1_centerwave'
 'OIII5007c_1_sigma' 'OIII4959w_1_scale' 'OIII4959w_1_centerwave'
 'OIII4959w_1_sigma' 'OIII5007w_1_scale' 'OIII5007w_1_centerwave'
 'OIII5007w_1_sigma' 'HeII4687_br_1_scale' 'HeII4687_br_1_centerwave'
 'HeII4687_br_1_sigma' 'HeII4687_na_1_scale' 'HeII4687_na_1_centerwave'
 'HeII4687_na_1_sigma' 'Ha_br_1_scale' 'Ha_br_1_centerwave'
 'Ha_br_1_sigma' 'Ha_br_2_scale' 'Ha_br_2_centerwave' 'Ha_br_2_sigma'
 'Ha_na_1_scale' 'Ha_na_1_centerwave' 'Ha_na_1_sigma' 'NII6549_1_scale'
 'NII6549_1_centerwave' 'NII6549_1_sigma' 'NII6585_1_scale'
 'NII6585_1_centerwave' 'NII6585_1_sigma' 'SII6718_1_scale'
 'SII6718_1_centerwave' 'SII6718_1_sigma' 'SII6732_1_scale'
 'SII6732_1_centerwave' 'SII6732_1_sigma' 'Hb_whole_br_fwhm'
 'Hb_whole_br_sigma' 'Hb_whole_br_ew' 'Hb_whole_br_peak'
 'Hb_whole_br_area' 'Hb_whole_br_snr' 'Ha_whole_br_fwhm'
 'Ha_whole_br_sigma' 'Ha_whole_br_ew' 'Ha_whole_br_peak'
 'Ha_whole_br_area' 'Ha_whole_br_snr']

['Hb' '1' '7489.850697100687' '1287.5336437486246' '19.20474537718125'
 '382' '390' 'Ha' '1' '2287.9714934925455' '629.0258035964249'
 '9.115424276862731' '444' '251' '1.6334211760948847' '8.486654825185312'
 '0.004650007014343888' '1.6334161800912739' '8.486762176469723'
 '0.004569823480870974' '0.017894574710908273' '8.483690467403077'
 '0.0009573838660985029' '5.796797486468108' '8.503275123164796'
 '0.0009573838660985029' '17.566052821774363' '8.51896020464673'
 '0.0009573838660985029' '3.9599823420388702' '8.493872228158668'
 '0.0009198714785625359' '11.999946376586472' '8.509557309640602'
 '0.0009198714785625359' '0.9770972919653786' '8.457542298480547'
 '0.02177033389490548' '1.2570372520670503' '8.452672210261964'
 '0.0009573838660985029' '2.1114837656099894' '8.790948083588445'
 '0.013196882091739226' '15.947129172744212' '8.789732147277723'
 '0.004000000190045125' '0.001234568003383174' '8.788119190104691'
 '0.0005000000237670556' '6.603317892484029' '8.787850253947465'
 '0.0005000000237670556' '19.809953677452086' '8.793245189555375'
 '0.0005000000237670556' '6.816424646949315' '8.813241832621781'
 '0.0005000000237670556' '6.816424646949315' '8.815379970439164'
 '0.0005000000237670556' '3590.3083870277715' '6404.014520361287'
 '32.13164654905626' '4849.450579757488' '433.62521059286837'
 '4.776259470755521' '3065.664500052019' '2389.136855059218'
 '94.7214910181358' '6566.856027729833' '1507.9553064078318'
 '33.87588281324376']
Broad Hb:
FWHM (km/s) 3264.8
Sigma (km/s) 1369.2
EW (A) 13.3
Peak (A) 4849.6
Area (10^(-17) erg/s/cm^2) 182.6
SNR 3.6

Narrow Hb:
FWHM (km/s) 680.1
Sigma (km/s) 283.1
EW (A) 0.0
Peak (A) 4834.7
Area (10^(-17) erg/s/cm^2) 0.2
SNR 0.0

Broad [OIII]5007:
FWHM (km/s) 0
Sigma (km/s) 0
EW (A) 0
Peak (A) 0
Area (10^(-17) erg/s/cm^2) 0
SNR 0

Narrow [OIII]5007:
FWHM (km/s) 680.1
Sigma (km/s) 283.1
EW (A) 14.9
Peak (A) 5008.2
Area (10^(-17) erg/s/cm^2) 210.5
SNR 14.1
