patched GLEAM label offsets
patched GLEAM total-line plot
patched GLEAM non-fatal plotting
patched GLEAM doublet ties
WARNING: AstropyDeprecationWarning: The truth value of a Quantity is ambiguous. In the future this will raise a ValueError. [astropy.units.quantity]
Matplotlib is building the font cache; this may take a moment.
Now working in  on sdss in sdss + fiber1 on source 1 at z=0.298.
Warning: non-constant dispersion
[[Model]]
    (Model(constant) + Model(gaussian, prefix='g0_'))
[[Fit Statistics]]
    # fitting method   = leastsq
    # function evals   = 31
    # data points      = 280
    # variables        = 4
    chi-square         = 1455.82836
    reduced chi-square = 5.27474044
    Akaike info crit   = 469.591406
    Bayesian info crit = 484.130564
    R-squared          = 0.52320433
[[Variables]]
    c:             1674.80742 +/- 5.22668509 (0.31%) (init = 1708.691)
    g0_amplitude:  4901.80842 +/- 376.235155 (7.68%) (init = 1194.259)
    g0_center:     3729.57620 +/- 0.29232923 (0.01%) (init = 3728.48)
    g0_sigma:      3.40639456 +/- 0.29085885 (8.54%) (init = 0.8181143)
    g0_fwhm:       8.02144603 +/- 0.68492023 (8.54%) == '2.3548200*g0_sigma'
    g0_height:     574.078749 +/- 46.7163134 (8.14%) == '0.3989423*g0_amplitude/max(1e-15, g0_sigma)'
[[Correlations]] (unreported correlations are < 0.100)
    C(g0_amplitude, g0_sigma) = +0.5005
    C(c, g0_amplitude)        = -0.2523
    C(c, g0_sigma)            = -0.1585
Warning: non-constant dispersion
Warning: non-constant dispersion
[[Model]]
    ((Model(constant) + Model(gaussian, prefix='g0_')) + Model(gaussian, prefix='g1_'))
[[Fit Statistics]]
    # fitting method   = leastsq
    # function evals   = 315
    # data points      = 197
    # variables        = 7
    chi-square         = 466.362033
    reduced chi-square = 2.45453702
    Akaike info crit   = 183.766424
    Bayesian info crit = 206.748850
    R-squared          = 0.97654400
[[Variables]]
    c:             458.874137 +/- 3.45174355 (0.75%) (init = 568.3545)
    g0_amplitude:  3624.49076 +/- 362.315457 (10.00%) (init = 696.2802)
    g0_center:     4858.00128 +/- 0.56465163 (0.01%) (init = 4862.68)
    g0_sigma:      10.3758626 +/- 0.76269743 (7.35%) (init = 0.8181143)
    g1_amplitude:  28529.4778 +/- 751.791153 (2.64%) (init = 696.2802)
    g1_center:     4867.10945 +/- 0.53348725 (0.01%) (init = 4862.68)
    g1_sigma:      42.0705082 +/- 1.09330119 (2.60%) (init = 14.15552)
    g0_fwhm:       24.4332888 +/- 1.79601517 (7.35%) == '2.3548200*g0_sigma'
    g0_height:     139.358310 +/- 8.86082435 (6.36%) == '0.3989423*g0_amplitude/max(1e-15, g0_sigma)'
    g1_fwhm:       99.0684741 +/- 2.57452751 (2.60%) == '2.3548200*g1_sigma'
    g1_height:     270.536677 +/- 6.30531917 (2.33%) == '0.3989423*g1_amplitude/max(1e-15, g1_sigma)'
[[Correlations]] (unreported correlations are < 0.100)
    C(c, g1_amplitude)         = -0.8507
    C(c, g1_sigma)             = -0.7992
    C(g0_amplitude, g0_sigma)  = +0.7725
    C(g0_amplitude, g1_sigma)  = +0.6507
    C(g1_amplitude, g1_sigma)  = +0.6035
    C(g0_sigma, g1_sigma)      = +0.4731
    C(g0_amplitude, g1_center) = +0.3967
    C(c, g0_amplitude)         = -0.3342
    C(g0_sigma, g1_center)     = +0.3120
    C(g0_center, g1_sigma)     = +0.2329
    C(c, g0_sigma)             = -0.2274
    C(g1_center, g1_sigma)     = +0.2110
    C(g0_center, g1_center)    = -0.1913
    C(c, g0_center)            = -0.1691
    C(g0_amplitude, g0_center) = +0.1413
    C(g0_center, g0_sigma)     = +0.1336
    C(g0_center, g1_amplitude) = +0.1178
    C(g1_amplitude, g1_center) = -0.1091
    C(g0_sigma, g1_amplitude)  = -0.1078
Warning: non-constant dispersion
Warning: non-constant dispersion
[[Model]]
    ((Model(constant) + Model(gaussian, prefix='g0_')) + Model(gaussian, prefix='g1_'))
[[Fit Statistics]]
    # fitting method   = leastsq
    # function evals   = 85
    # data points      = 233
    # variables        = 6
    chi-square         = 22734.1849
    reduced chi-square = 100.150594
    Akaike info crit   = 1079.27667
    Bayesian info crit = 1099.98290
    R-squared          = 0.70416403
[[Variables]]
    c:             278.174283 +/- 3.68900952 (1.33%) (init = 288.1829)
    g0_amplitude:  2055.10328 +/- 161.795838 (7.87%) == 'g1_amplitude / 3.0'
    g0_center:     4960.29811 +/- 0.60344835 (0.01%) (init = 4960.3)
    g0_sigma:      3.61531954 +/- 0.54296291 (15.02%) (init = 0.8181143)
    g1_amplitude:  6165.30983 +/- 485.387510 (7.87%) (init = 1523.073)
    g1_center:     5007.86996 +/- 0.32453048 (0.01%) (init = 5008.24)
    g1_sigma:      3.86804013 +/- 0.30393255 (7.86%) (init = 0.8181143)
    g0_fwhm:       8.51342675 +/- 1.27857993 (15.02%) == '2.3548200*g0_sigma'
    g0_height:     226.775979 +/- 34.0877015 (15.03%) == '0.3989423*g0_amplitude/max(1e-15, g0_sigma)'
    g1_fwhm:       9.10853827 +/- 0.71570645 (7.86%) == '2.3548200*g1_sigma'
    g1_height:     635.878326 +/- 73.3085979 (11.53%) == '0.3989423*g1_amplitude/max(1e-15, g1_sigma)'
[[Correlations]] (unreported correlations are < 0.100)
    C(g0_sigma, g1_amplitude) = +0.2604
    C(c, g1_amplitude)        = -0.2285
    C(c, g1_sigma)            = -0.1388
    C(c, g0_sigma)            = -0.1152
Warning: non-constant dispersion
Warning: non-constant dispersion
[[Model]]
    ((((Model(constant) + Model(gaussian, prefix='g0_')) + Model(gaussian, prefix='g1_')) + Model(gaussian, prefix='g2_')) + Model(gaussian, prefix='g3_'))
[[Fit Statistics]]
    # fitting method   = leastsq
    # function evals   = 309
    # data points      = 182
    # variables        = 12
    chi-square         = 362.667936
    reduced chi-square = 2.13334080
    Akaike info crit   = 149.485533
    Bayesian info crit = 187.933613
    R-squared          = 0.99657914
[[Variables]]
    c:             108.683785 +/- 1.23752072 (1.14%) (init = 190.7175)
    g0_amplitude:  198.228341 +/- 24.1276756 (12.17%) == 'g3_amplitude / 3.0'
    g0_center:     6564.86000 +/- 0.79116598 (0.01%) (init = 6549.86)
    g0_sigma:      2.42661495 +/- 0.65854644 (27.14%) (init = 0.8181143)
    g1_amplitude:  6745.55044 +/- 344.080084 (5.10%) (init = 720.9376)
    g1_center:     6559.90837 +/- 0.41124904 (0.01%) (init = 6564.6)
    g1_sigma:      16.3997178 +/- 0.52837685 (3.22%) (init = 0.8181143)
    g2_amplitude:  27531.8664 +/- 296.058670 (1.08%) (init = 720.9376)
    g2_center:     6563.97411 +/- 0.25082285 (0.00%) (init = 6564.6)
    g2_sigma:      49.8798020 +/- 0.75029542 (1.50%) (init = 19.1099)
    g3_amplitude:  594.685023 +/- 72.3830269 (12.17%) (init = 720.9376)
    g3_center:     6587.26719 +/- 0.31471718 (0.00%) (init = 6585.27)
    g3_sigma:      3.49330968 +/- 0.36943014 (10.58%) (init = 0.8181143)
    g0_fwhm:       5.71424142 +/- 1.55075833 (27.14%) == '2.3548200*g0_sigma'
    g0_height:     32.5892949 +/- 8.51319283 (26.12%) == '0.3989423*g0_amplitude/max(1e-15, g0_sigma)'
    g1_fwhm:       38.6183834 +/- 1.24423237 (3.22%) == '2.3548200*g1_sigma'
    g1_height:     164.093398 +/- 4.73070272 (2.88%) == '0.3989423*g1_amplitude/max(1e-15, g1_sigma)'
    g2_fwhm:       117.457955 +/- 1.76681066 (1.50%) == '2.3548200*g2_sigma'
    g2_height:     220.201879 +/- 3.72745445 (1.69%) == '0.3989423*g2_amplitude/max(1e-15, g2_sigma)'
    g3_fwhm:       8.22611550 +/- 0.86994149 (10.58%) == '2.3548200*g3_sigma'
    g3_height:     67.9141080 +/- 5.79730489 (8.54%) == '0.3989423*g3_amplitude/max(1e-15, g3_sigma)'
[[Correlations]] (unreported correlations are < 0.100)
    C(c, g2_sigma)                = -0.8771
    C(g1_amplitude, g1_sigma)     = +0.8545
    C(g1_amplitude, g2_sigma)     = +0.7855
    C(g3_amplitude, g3_sigma)     = +0.7269
    C(g1_center, g3_amplitude)    = -0.6751
    C(g1_sigma, g2_sigma)         = +0.6025
    C(c, g1_amplitude)            = -0.5640
    C(c, g2_amplitude)            = -0.5045
    C(g1_center, g3_sigma)        = -0.4894
    C(g1_sigma, g3_amplitude)     = -0.4682
    C(g1_center, g1_sigma)        = +0.4392
    C(c, g1_sigma)                = -0.4095
    C(g1_amplitude, g1_center)    = +0.3968
    C(g1_amplitude, g3_amplitude) = -0.3821
    C(g1_sigma, g2_amplitude)     = -0.3541
    C(g1_amplitude, g2_amplitude) = -0.3106
    C(g1_sigma, g3_sigma)         = -0.3078
    C(g0_sigma, g3_amplitude)     = +0.3061
    C(g1_amplitude, g3_sigma)     = -0.2547
    C(g1_center, g3_center)       = +0.2470
    C(g1_amplitude, g3_center)    = +0.2328
    C(g0_sigma, g1_center)        = -0.2299
    C(g0_sigma, g3_sigma)         = +0.2244
    C(g1_amplitude, g2_center)    = +0.2233
    C(g3_amplitude, g3_center)    = -0.2180
    C(g0_center, g1_center)       = +0.2038
    C(g1_sigma, g2_center)        = +0.1985
    C(g1_sigma, g3_center)        = +0.1965
    C(g2_center, g2_sigma)        = +0.1904
    C(g0_center, g1_sigma)        = +0.1888
    C(g3_center, g3_sigma)        = -0.1811
    C(g1_center, g2_center)       = -0.1742
    C(g1_center, g2_sigma)        = +0.1726
    C(g2_amplitude, g2_sigma)     = +0.1711
    C(g0_center, g3_amplitude)    = -0.1710
    C(g0_sigma, g1_amplitude)     = -0.1380
    C(c, g2_center)               = -0.1366
    C(g0_center, g1_amplitude)    = +0.1314
    C(g2_sigma, g3_center)        = +0.1314
    C(g0_sigma, g1_sigma)         = -0.1306
    C(c, g1_center)               = -0.1218
    C(g0_center, g3_sigma)        = -0.1196
    C(g2_amplitude, g3_amplitude) = +0.1009
Warning: non-constant dispersion
Warning: non-constant dispersion
[[Model]]
    ((Model(constant) + Model(gaussian, prefix='g0_')) + Model(gaussian, prefix='g1_'))
[[Fit Statistics]]
    # fitting method   = leastsq
    # function evals   = 106
    # data points      = 165
    # variables        = 7
    chi-square         = 34588.3473
    reduced chi-square = 218.913591
    Akaike info crit   = 895.978897
    Bayesian info crit = 917.720515
    R-squared          = -0.07686787
[[Variables]]
    c:             273.556605 +/- 7.43233430 (2.72%) (init = 263.615)
    g0_amplitude:  189.243482 +/- 391.051428 (206.64%) (init = 893.9657)
    g0_center:     6720.15752 +/- 6.16944664 (0.09%) (init = 6718.29)
    g0_sigma:      2.66000506 +/- 6.02019650 (226.32%) (init = 0.8181143)
    g1_amplitude:  85.0488970 +/- 291.521232 (342.77%) (init = 893.9657)
    g1_center:     6734.20448 +/- 5.77550274 (0.09%) (init = 6732.67)
    g1_sigma:      1.49996101 +/- 5.91953081 (394.65%) (init = 0.8181143)
    g0_fwhm:       6.26383312 +/- 14.1764792 (226.32%) == '2.3548200*g0_sigma'
    g0_height:     28.3823632 +/- 59.7380060 (210.48%) == '0.3989423*g0_amplitude/max(1e-15, g0_sigma)'
    g1_fwhm:       3.53213819 +/- 13.9394296 (394.65%) == '2.3548200*g1_sigma'
    g1_height:     22.6203230 +/- 76.0178934 (336.06%) == '0.3989423*g1_amplitude/max(1e-15, g1_sigma)'
[[Correlations]] (unreported correlations are < 0.100)
    C(g1_amplitude, g1_sigma) = +0.5925
    C(g0_amplitude, g0_sigma) = +0.5305
    C(c, g0_amplitude)        = -0.2702
    C(c, g1_amplitude)        = -0.2061
    C(c, g0_sigma)            = -0.1680
    C(c, g1_sigma)            = -0.1227
NonDetection when fitting set of lines [6718.29 6732.67] Angstrom, try a simpler model
[[Model]]
    (Model(constant) + Model(gaussian, prefix='g0_'))
[[Fit Statistics]]
    # fitting method   = leastsq
    # function evals   = 96
    # data points      = 165
    # variables        = 4
    chi-square         = 34617.1394
    reduced chi-square = 215.013288
    Akaike info crit   = 890.116189
    Bayesian info crit = 902.539971
    R-squared          = -0.07523664
[[Variables]]
    c:             273.998280 +/- 7.20419415 (2.63%) (init = 263.615)
    g0_amplitude:  183.797776 +/- 385.070579 (209.51%) (init = 893.9657)
    g0_center:     6720.15787 +/- 6.19211002 (0.09%) (init = 6718.29)
    g0_sigma:      2.62439468 +/- 6.03326551 (229.89%) (init = 0.8181143)
    g0_fwhm:       6.17997707 +/- 14.2072543 (229.89%) == '2.3548200*g0_sigma'
    g0_height:     27.9396648 +/- 59.6908584 (213.64%) == '0.3989423*g0_amplitude/max(1e-15, g0_sigma)'
[[Correlations]] (unreported correlations are < 0.100)
    C(g0_amplitude, g0_sigma) = +0.5305
    C(c, g0_amplitude)        = -0.2635
    C(c, g0_sigma)            = -0.1640
NonDetection when fitting set of lines [6718.29] Angstrom, try a simpler model
[[Model]]
    (Model(constant) + Model(gaussian, prefix='g0_'))
[[Fit Statistics]]
    # fitting method   = leastsq
    # function evals   = 42
    # data points      = 165
    # variables        = 4
    chi-square         = 34659.7675
    reduced chi-square = 215.278059
    Akaike info crit   = 890.319248
    Bayesian info crit = 902.743030
    R-squared          = -0.07381032
[[Variables]]
    c:             274.457750 +/- 7.08720969 (2.58%) (init = 263.615)
    g0_amplitude:  78.8171862 +/- 283.400287 (359.57%) (init = 893.9657)
    g0_center:     6734.19927 +/- 5.81387640 (0.09%) (init = 6732.67)
    g0_sigma:      1.44513325 +/- 6.03568700 (417.66%) (init = 0.8181143)
    g0_fwhm:       3.40302869 +/- 14.2129564 (417.66%) == '2.3548200*g0_sigma'
    g0_height:     21.7582078 +/- 76.9553177 (353.68%) == '0.3989423*g0_amplitude/max(1e-15, g0_sigma)'
[[Correlations]] (unreported correlations are < 0.100)
    C(g0_amplitude, g0_sigma) = +0.5947
    C(c, g0_amplitude)        = -0.1951
    C(c, g0_sigma)            = -0.1165
NonDetection when fitting set of lines [6732.67] Angstrom, try a simpler model
[[Model]]
    Model(constant)
[[Fit Statistics]]
    # fitting method   = leastsq
    # function evals   = 5
    # data points      = 165
    # variables        = 1
    chi-square         = 34685.5072
    reduced chi-square = 211.496995
    Akaike info crit   = 884.441738
    Bayesian info crit = 887.547684
    R-squared          = -0.07240382
[[Variables]]
    c:  274.842510 +/- 6.88947443 (2.51%) (init = 263.615)
Warning: non-constant dispersion
Warning: non-constant dispersion
Warning: non-constant dispersion
Warning: non-constant dispersion
Warning: non-constant dispersion
multiprocessing.pool.RemoteTraceback: 
"""
Traceback (most recent call last):
  File "/usr/local/lib/python3.8/multiprocessing/pool.py", line 125, in worker
    result = (True, func(*args, **kwds))
  File "/usr/local/lib/python3.8/multiprocessing/pool.py", line 51, in starmapstar
    return list(itertools.starmap(args[0], args[1]))
  File "/usr/local/lib/python3.8/site-packages/gleam/main.py", line 147, in run_main
    print("WARNING: GLEAM plot_line failed:", _e)
  File "/usr/local/lib/python3.8/contextlib.py", line 120, in __exit__
    next(self.gen)
  File "/usr/local/lib/python3.8/site-packages/gleam/plot_gaussian.py", line 401, in overview_plot
    plt.savefig(f"{basename}.png", format="png", bbox_inches="tight")
  File "/usr/local/lib/python3.8/site-packages/matplotlib/pyplot.py", line 1023, in savefig
    res = fig.savefig(*args, **kwargs)
  File "/usr/local/lib/python3.8/site-packages/matplotlib/figure.py", line 3378, in savefig
    self.canvas.print_figure(fname, **kwargs)
  File "/usr/local/lib/python3.8/site-packages/matplotlib/backend_bases.py", line 2342, in print_figure
    self.figure.draw(renderer)
  File "/usr/local/lib/python3.8/site-packages/matplotlib/artist.py", line 95, in draw_wrapper
    result = draw(artist, renderer, *args, **kwargs)
  File "/usr/local/lib/python3.8/site-packages/matplotlib/artist.py", line 72, in draw_wrapper
    return draw(artist, renderer)
  File "/usr/local/lib/python3.8/site-packages/matplotlib/figure.py", line 3175, in draw
    mimage._draw_list_compositing_images(
  File "/usr/local/lib/python3.8/site-packages/matplotlib/image.py", line 131, in _draw_list_compositing_images
    a.draw(renderer)
  File "/usr/local/lib/python3.8/site-packages/matplotlib/artist.py", line 39, in draw_wrapper
    return draw(artist, renderer, *args, **kwargs)
  File "/usr/local/lib/python3.8/site-packages/mpl_toolkits/axes_grid1/parasite_axes.py", line 138, in draw
    super().draw(renderer)
  File "/usr/local/lib/python3.8/site-packages/matplotlib/artist.py", line 72, in draw_wrapper
    return draw(artist, renderer)
  File "/usr/local/lib/python3.8/site-packages/matplotlib/axes/_base.py", line 3064, in draw
    mimage._draw_list_compositing_images(
  File "/usr/local/lib/python3.8/site-packages/matplotlib/image.py", line 131, in _draw_list_compositing_images
    a.draw(renderer)
  File "/usr/local/lib/python3.8/site-packages/matplotlib/artist.py", line 72, in draw_wrapper
    return draw(artist, renderer)
  File "/usr/local/lib/python3.8/site-packages/matplotlib/text.py", line 757, in draw
    posx = float(self.convert_xunits(self._x))
TypeError: only size-1 arrays can be converted to Python scalars
"""

The above exception was the direct cause of the following exception:

Traceback (most recent call last):
  File "/usr/local/bin/gleam", line 8, in <module>
    sys.exit(pipeline())
  File "/usr/local/lib/python3.8/site-packages/click/core.py", line 829, in __call__
    return self.main(*args, **kwargs)
  File "/usr/local/lib/python3.8/site-packages/click/core.py", line 782, in main
    rv = self.invoke(ctx)
  File "/usr/local/lib/python3.8/site-packages/click/core.py", line 1066, in invoke
    return ctx.invoke(self.callback, **ctx.params)
  File "/usr/local/lib/python3.8/site-packages/click/core.py", line 610, in invoke
    return callback(*args, **kwargs)
  File "/usr/local/lib/python3.8/site-packages/gleam/__init__.py", line 136, in pipeline
    p.starmap(gleam.main.run_main, unique_sources)
  File "/usr/local/lib/python3.8/multiprocessing/pool.py", line 372, in starmap
    return self._map_async(func, iterable, starmapstar, chunksize).get()
  File "/usr/local/lib/python3.8/multiprocessing/pool.py", line 771, in get
    raise self._value
TypeError: only size-1 arrays can be converted to Python scalars
Matplotlib Version: 3.7.5
total 5348
-rw-rw-r-- 1 1000 1000  18245 Sep 30 22:47 docker.log
-rw-r--r-- 1 1000 1000 488191 Sep 29 10:36 linefits.sdss.sdss.fiber1.001.Ha.Ha_broad.NII1.png
-rw-rw-r-- 1 1000 1000 485333 Sep 27 23:39 linefits.sdss.sdss.fiber1.001.Ha.NII1.png
-rw-r--r-- 1 root root 517748 Oct  1 07:00 linefits.sdss.sdss.fiber1.001.Hb.Hb_broad.png
-rw-rw-r-- 1 1000 1000 482277 Sep 27 23:39 linefits.sdss.sdss.fiber1.001.Hb.png
-rw-r--r-- 1 root root 526939 Oct  1 07:01 linefits.sdss.sdss.fiber1.001.NII2.Ha.Ha_broad.NII1.png
-rw-r--r-- 1 root root 483508 Oct  1 06:59 linefits.sdss.sdss.fiber1.001.OII.png
-rw-r--r-- 1 root root 487112 Oct  1 07:00 linefits.sdss.sdss.fiber1.001.OIII4.OIII5.png
-rw-r--r-- 1 1000 1000 470747 Sep 29 09:10 linefits.sdss.sdss.fiber1.001.OIII4.png
-rw-r--r-- 1 1000 1000 464647 Sep 29 09:10 linefits.sdss.sdss.fiber1.001.OIII5.png
-rw-r--r-- 1 root root 472071 Oct  1 07:02 linefits.sdss.sdss.fiber1.001.SII1.SII2.png
-rw-r--r-- 1 root root  20160 Oct  1 07:02 linefits.sdss.sdss.fiber1.001.fits
-rw-r--r-- 1 1000 1000 533599 Sep 29 10:37 linefits.sdss.sdss.fiber1.001.png
total 12K
-rw-r--r-- 1 root root 1.2K Sep 21 02:20 =5.2
drwxr-xr-x 1 root root 4.0K Oct  1 06:57 input
drwxrwxr-x 2 1000 1000 4.0K Oct  1 07:02 output
-rw-r--r-- 1 root root 1.2K Sep 21 02:20 /app/=5.2

/app/input:
total 132K
-rw-rw-r-- 1 1000 1000  12K Aug 28 20:16 Sky_bands.fits
-rw-rw-r-- 1 1000 1000 1.3K Sep 29 07:43 gleam.sh
-rw-rw-r-- 1 1000 1000 7.2K Oct  1 02:23 gleam_doublet_patch.py
-rw-rw-r-- 1 1000 1000 2.6K Oct  1 01:56 gleamconfig.yaml
-rw-rw-r-- 1 1000 1000 8.5K Sep 29 14:37 line_table.fits
-rw-rw-r-- 1 1000 1000  115 Oct  1 03:33 meta.dat
-rw-rw-r-- 1 1000 1000  85K Oct  1 03:33 spec1d.sdss.sdss.fiber1.1.fits

/app/output:
total 5.3M
-rw-rw-r-- 1 1000 1000  18K Sep 30 22:47 docker.log
-rw-r--r-- 1 1000 1000 477K Sep 29 10:36 linefits.sdss.sdss.fiber1.001.Ha.Ha_broad.NII1.png
-rw-rw-r-- 1 1000 1000 474K Sep 27 23:39 linefits.sdss.sdss.fiber1.001.Ha.NII1.png
-rw-r--r-- 1 root root 506K Oct  1 07:00 linefits.sdss.sdss.fiber1.001.Hb.Hb_broad.png
-rw-rw-r-- 1 1000 1000 471K Sep 27 23:39 linefits.sdss.sdss.fiber1.001.Hb.png
-rw-r--r-- 1 root root 515K Oct  1 07:01 linefits.sdss.sdss.fiber1.001.NII2.Ha.Ha_broad.NII1.png
-rw-r--r-- 1 root root 473K Oct  1 06:59 linefits.sdss.sdss.fiber1.001.OII.png
-rw-r--r-- 1 root root 476K Oct  1 07:00 linefits.sdss.sdss.fiber1.001.OIII4.OIII5.png
-rw-r--r-- 1 1000 1000 460K Sep 29 09:10 linefits.sdss.sdss.fiber1.001.OIII4.png
-rw-r--r-- 1 1000 1000 454K Sep 29 09:10 linefits.sdss.sdss.fiber1.001.OIII5.png
-rw-r--r-- 1 root root 462K Oct  1 07:02 linefits.sdss.sdss.fiber1.001.SII1.SII2.png
-rw-r--r-- 1 root root  20K Oct  1 07:02 linefits.sdss.sdss.fiber1.001.fits
-rw-r--r-- 1 1000 1000 522K Sep 29 10:37 linefits.sdss.sdss.fiber1.001.png
