patched GLEAM doublet ties
WARNING: AstropyDeprecationWarning: The truth value of a Quantity is ambiguous. In the future this will raise a ValueError. [astropy.units.quantity]
Now working in  on sdss in sdss + fiber1 on source 1 at z=0.349.
Warning: non-constant dispersion
[[Model]]
    (Model(constant) + Model(gaussian, prefix='g0_'))
[[Fit Statistics]]
    # fitting method   = leastsq
    # function evals   = 61
    # data points      = 163
    # variables        = 4
    chi-square         = 250.968256
    reduced chi-square = 1.57841670
    Akaike info crit   = 78.3469305
    Bayesian info crit = 90.7219313
    R-squared          = 0.35607205
[[Variables]]
    c:             1456.96064 +/- 4.65764976 (0.32%) (init = 1476.41)
    g0_amplitude:  1435.29883 +/- 190.388315 (13.26%) (init = 1348.561)
    g0_center:     3729.91779 +/- 0.32878761 (0.01%) (init = 3728.48)
    g0_sigma:      2.24417756 +/- 0.33381877 (14.87%) (init = 2.518886)
    g0_fwhm:       5.28463419 +/- 0.78608312 (14.87%) == '2.3548200*g0_sigma'
    g0_height:     255.149783 +/- 32.5332880 (12.75%) == '0.3989423*g0_amplitude/max(1e-15, g0_sigma)'
[[Correlations]] (unreported correlations are < 0.100)
    C(g0_amplitude, g0_sigma) = +0.5946
    C(c, g0_amplitude)        = -0.2920
    C(c, g0_sigma)            = -0.1736
Warning: non-constant dispersion
Warning: non-constant dispersion
[[Model]]
    ((Model(constant) + Model(gaussian, prefix='g0_')) + Model(gaussian, prefix='g1_'))
[[Fit Statistics]]
    # fitting method   = leastsq
    # function evals   = 626
    # data points      = 125
    # variables        = 7
    chi-square         = 137.734104
    reduced chi-square = 1.16723817
    Akaike info crit   = 26.1264133
    Bayesian info crit = 45.9246094
    R-squared          = 0.96981179
[[Variables]]
    c:             258.853428 +/- 5.67837606 (2.19%) (init = 324.0377)
    g0_amplitude:  9371.35914 +/- 624.473375 (6.66%) (init = 1051.346)
    g0_center:     4859.68000 +/- 0.52797718 (0.01%) (init = 4862.68)
    g0_sigma:      27.3084556 +/- 2.40453989 (8.81%) (init = 2.518886)
    g1_amplitude:  2093.64248 +/- 475.030615 (22.69%) (init = 1051.346)
    g1_center:     4859.68000 +/- 0.38169988 (0.01%) (init = 4862.68)
    g1_sigma:      9.05626970 +/- 0.99476520 (10.98%) (init = 2.518886)
    g0_fwhm:       64.3064973 +/- 5.66225864 (8.81%) == '2.3548200*g0_sigma'
    g0_height:     136.903808 +/- 9.73163498 (7.11%) == '0.3989423*g0_amplitude/max(1e-15, g0_sigma)'
    g1_fwhm:       21.3258850 +/- 2.34249299 (10.98%) == '2.3548200*g1_sigma'
    g1_height:     92.2280997 +/- 12.3865478 (13.43%) == '0.3989423*g1_amplitude/max(1e-15, g1_sigma)'
[[Correlations]] (unreported correlations are < 0.100)
    C(g1_amplitude, g1_sigma)     = +0.9130
    C(c, g0_sigma)                = -0.9054
    C(g0_sigma, g1_amplitude)     = +0.8603
    C(c, g0_amplitude)            = -0.8268
    C(g0_sigma, g1_sigma)         = +0.7115
    C(c, g1_amplitude)            = -0.6564
    C(g0_amplitude, g0_sigma)     = +0.6085
    C(c, g1_sigma)                = -0.5196
    C(g0_center, g1_center)       = +0.4633
    C(g0_amplitude, g1_amplitude) = +0.1660
Warning: non-constant dispersion
Warning: non-constant dispersion
[[Model]]
    ((Model(constant) + Model(gaussian, prefix='g0_')) + Model(gaussian, prefix='g1_'))
[[Fit Statistics]]
    # fitting method   = leastsq
    # function evals   = 78
    # data points      = 164
    # variables        = 6
    chi-square         = 995.670191
    reduced chi-square = 6.30171007
    Akaike info crit   = 307.782141
    Bayesian info crit = 326.381340
    R-squared          = 0.67564766
[[Variables]]
    c:             358.090417 +/- 3.52654765 (0.98%) (init = 365.4708)
    g0_amplitude:  1036.92786 +/- 72.7089667 (7.01%) == 'g1_amplitude / 3.0'
    g0_center:     4958.43730 +/- 1.06064951 (0.02%) (init = 4960.3)
    g0_sigma:      4.49146071 +/- 0.89107274 (19.84%) (init = 2.518886)
    g1_amplitude:  3110.78358 +/- 218.126899 (7.01%) (init = 2002.93)
    g1_center:     5007.01895 +/- 0.32186485 (0.01%) (init = 5008.24)
    g1_sigma:      4.20494448 +/- 0.32816506 (7.80%) (init = 2.518886)
    g0_fwhm:       10.5765815 +/- 2.09831592 (19.84%) == '2.3548200*g0_sigma'
    g0_height:     92.1024166 +/- 17.8880899 (19.42%) == '0.3989423*g0_amplitude/max(1e-15, g0_sigma)'
    g1_fwhm:       9.90188735 +/- 0.77276965 (7.80%) == '2.3548200*g1_sigma'
    g1_height:     295.134255 +/- 19.6915058 (6.67%) == '0.3989423*g1_amplitude/max(1e-15, g1_sigma)'
[[Correlations]] (unreported correlations are < 0.100)
    C(g1_amplitude, g1_sigma) = +0.5990
    C(c, g1_amplitude)        = -0.4372
    C(c, g1_sigma)            = -0.2619
    C(g0_sigma, g1_amplitude) = +0.2356
    C(g0_sigma, g1_sigma)     = +0.1411
    C(c, g0_sigma)            = -0.1030
Warning: non-constant dispersion
Warning: non-constant dispersion
[[Model]]
    (((Model(constant) + Model(gaussian, prefix='g0_')) + Model(gaussian, prefix='g1_')) + Model(gaussian, prefix='g2_'))
[[Fit Statistics]]
    # fitting method   = leastsq
    # function evals   = 4088
    # data points      = 106
    # variables        = 10
    chi-square         = 588.086064
    reduced chi-square = 6.12589650
    Akaike info crit   = 201.624026
    Bayesian info crit = 228.258417
    R-squared          = 0.98594380
##  Warning: uncertainties could not be estimated:
    g0_center:     at boundary
    g2_center:     at boundary
[[Variables]]
    c:             68.6566662 (init = 121.5028)
    g0_amplitude:  14743.7696 (init = 1235.428)
    g0_center:     6567.60000 (init = 6564.6)
    g0_sigma:      33.7157695 (init = 2.518886)
    g1_amplitude:  3201.09575 (init = 1235.428)
    g1_center:     6561.82419 (init = 6564.6)
    g1_sigma:      12.5859523 (init = 2.518886)
    g2_amplitude: -5131.30176 (init = 1235.428)
    g2_center:     6582.27000 (init = 6585.27)
    g2_sigma:      32.6334274 (init = 2.518886)
    g0_fwhm:       79.3945683 == '2.3548200*g0_sigma'
    g0_height:     174.455854 == '0.3989423*g0_amplitude/max(1e-15, g0_sigma)'
    g1_fwhm:       29.6376523 == '2.3548200*g1_sigma'
    g1_height:     101.466497 == '0.3989423*g1_amplitude/max(1e-15, g1_sigma)'
    g2_fwhm:       76.8458476 == '2.3548200*g2_sigma'
    g2_height:    -62.7299517 == '0.3989423*g2_amplitude/max(1e-15, g2_sigma)'
NonDetection when fitting set of lines [6564.6  6564.6  6585.27] Angstrom, try a simpler model
[[Model]]
    ((Model(constant) + Model(gaussian, prefix='g0_')) + Model(gaussian, prefix='g1_'))
[[Fit Statistics]]
    # fitting method   = leastsq
    # function evals   = 2193
    # data points      = 106
    # variables        = 7
    chi-square         = 616.610260
    reduced chi-square = 6.22838646
    Akaike info crit   = 200.644594
    Bayesian info crit = 219.288668
    R-squared          = 0.98526203
##  Warning: uncertainties could not be estimated:
    g0_center:     at boundary
    g1_center:     at boundary
[[Variables]]
    c:             66.4913368 (init = 121.5028)
    g0_amplitude:  9882.31811 (init = 1235.428)
    g0_center:     6561.60000 (init = 6564.6)
    g0_sigma:      32.6991548 (init = 2.518886)
    g1_amplitude:  3292.44159 (init = 1235.428)
    g1_center:     6561.60000 (init = 6564.6)
    g1_sigma:      12.7139943 (init = 2.518886)
    g0_fwhm:       77.0006238 == '2.3548200*g0_sigma'
    g0_height:     120.568092 == '0.3989423*g0_amplitude/max(1e-15, g0_sigma)'
    g1_fwhm:       29.9391680 == '2.3548200*g1_sigma'
    g1_height:     103.310902 == '0.3989423*g1_amplitude/max(1e-15, g1_sigma)'
NonDetection when fitting set of lines [6564.6 6564.6] Angstrom, try a simpler model
[[Model]]
    ((Model(constant) + Model(gaussian, prefix='g0_')) + Model(gaussian, prefix='g1_'))
[[Fit Statistics]]
    # fitting method   = leastsq
    # function evals   = 236
    # data points      = 106
    # variables        = 7
    chi-square         = 958.003598
    reduced chi-square = 9.67680402
    Akaike info crit   = 247.349719
    Bayesian info crit = 265.993792
    R-squared          = 0.97710218
[[Variables]]
    c:             77.6691844 +/- 2.84967363 (3.67%) (init = 121.5028)
    g0_amplitude:  12752.4510 +/- 1475.34098 (11.57%) (init = 1235.428)
    g0_center:     6565.11093 +/- 2.37061589 (0.04%) (init = 6564.6)
    g0_sigma:      23.8478741 +/- 1.19239361 (5.00%) (init = 2.518886)
    g1_amplitude: -1564.78135 +/- 1196.44665 (76.46%) (init = 1235.428)
    g1_center:     6586.36305 +/- 1.92407382 (0.03%) (init = 6585.27)
    g1_sigma:      12.8758517 +/- 3.39186587 (26.34%) (init = 2.518886)
    g0_fwhm:       56.1574508 +/- 2.80787230 (5.00%) == '2.3548200*g0_sigma'
    g0_height:     213.331055 +/- 16.0338771 (7.52%) == '0.3989423*g0_amplitude/max(1e-15, g0_sigma)'
    g1_fwhm:       30.3203132 +/- 7.98723360 (26.34%) == '2.3548200*g1_sigma'
    g1_height:    -48.4828099 +/- 25.2365511 (52.05%) == '0.3989423*g1_amplitude/max(1e-15, g1_sigma)'
[[Correlations]] (unreported correlations are < 0.100)
    C(g0_center, g1_amplitude)    = -0.9852
    C(g0_amplitude, g1_amplitude) = -0.9695
    C(g0_amplitude, g0_center)    = +0.9670
    C(g1_amplitude, g1_sigma)     = -0.9509
    C(g0_center, g1_sigma)        = +0.9099
    C(g0_amplitude, g1_sigma)     = +0.8938
    C(g0_amplitude, g0_sigma)     = +0.8847
    C(g0_center, g0_sigma)        = +0.8174
    C(g0_sigma, g1_amplitude)     = -0.7858
    C(c, g0_sigma)                = -0.7822
    C(c, g0_amplitude)            = -0.6771
    C(g0_sigma, g1_sigma)         = +0.6682
    C(c, g0_center)               = -0.5311
    C(g0_sigma, g1_center)        = +0.5040
    C(c, g1_amplitude)            = +0.5009
    C(c, g1_sigma)                = -0.3872
    C(c, g1_center)               = -0.3356
    C(g0_amplitude, g1_center)    = +0.1516
    C(g0_center, g1_center)       = +0.1318
NonDetection when fitting set of lines [6564.6  6585.27] Angstrom, try a simpler model
[[Model]]
    ((Model(constant) + Model(gaussian, prefix='g0_')) + Model(gaussian, prefix='g1_'))
[[Fit Statistics]]
    # fitting method   = leastsq
    # function evals   = 236
    # data points      = 106
    # variables        = 7
    chi-square         = 958.003598
    reduced chi-square = 9.67680402
    Akaike info crit   = 247.349719
    Bayesian info crit = 265.993792
    R-squared          = 0.97710218
[[Variables]]
    c:             77.6691844 +/- 2.84967363 (3.67%) (init = 121.5028)
    g0_amplitude:  12752.4510 +/- 1475.34098 (11.57%) (init = 1235.428)
    g0_center:     6565.11093 +/- 2.37061589 (0.04%) (init = 6564.6)
    g0_sigma:      23.8478741 +/- 1.19239361 (5.00%) (init = 2.518886)
    g1_amplitude: -1564.78135 +/- 1196.44665 (76.46%) (init = 1235.428)
    g1_center:     6586.36305 +/- 1.92407382 (0.03%) (init = 6585.27)
    g1_sigma:      12.8758517 +/- 3.39186587 (26.34%) (init = 2.518886)
    g0_fwhm:       56.1574508 +/- 2.80787230 (5.00%) == '2.3548200*g0_sigma'
    g0_height:     213.331055 +/- 16.0338771 (7.52%) == '0.3989423*g0_amplitude/max(1e-15, g0_sigma)'
    g1_fwhm:       30.3203132 +/- 7.98723360 (26.34%) == '2.3548200*g1_sigma'
    g1_height:    -48.4828099 +/- 25.2365511 (52.05%) == '0.3989423*g1_amplitude/max(1e-15, g1_sigma)'
[[Correlations]] (unreported correlations are < 0.100)
    C(g0_center, g1_amplitude)    = -0.9852
    C(g0_amplitude, g1_amplitude) = -0.9695
    C(g0_amplitude, g0_center)    = +0.9670
    C(g1_amplitude, g1_sigma)     = -0.9509
    C(g0_center, g1_sigma)        = +0.9099
    C(g0_amplitude, g1_sigma)     = +0.8938
    C(g0_amplitude, g0_sigma)     = +0.8847
    C(g0_center, g0_sigma)        = +0.8174
    C(g0_sigma, g1_amplitude)     = -0.7858
    C(c, g0_sigma)                = -0.7822
    C(c, g0_amplitude)            = -0.6771
    C(g0_sigma, g1_sigma)         = +0.6682
    C(c, g0_center)               = -0.5311
    C(g0_sigma, g1_center)        = +0.5040
    C(c, g1_amplitude)            = +0.5009
    C(c, g1_sigma)                = -0.3872
    C(c, g1_center)               = -0.3356
    C(g0_amplitude, g1_center)    = +0.1516
    C(g0_center, g1_center)       = +0.1318
NonDetection when fitting set of lines [6564.6  6585.27] Angstrom, try a simpler model
[[Model]]
    (Model(constant) + Model(gaussian, prefix='g0_'))
[[Fit Statistics]]
    # fitting method   = leastsq
    # function evals   = 75
    # data points      = 106
    # variables        = 4
    chi-square         = 1126.62379
    reduced chi-square = 11.0453313
    Akaike info crit   = 258.535404
    Bayesian info crit = 269.189161
    R-squared          = 0.97307189
[[Variables]]
    c:             82.4209691 +/- 2.06538763 (2.51%) (init = 121.5028)
    g0_amplitude:  10413.7394 +/- 277.866769 (2.67%) (init = 1235.428)
    g0_center:     6561.60000 +/- 0.22569716 (0.00%) (init = 6564.6)
    g0_sigma:      21.2484791 +/- 0.47691832 (2.24%) (init = 2.518886)
    g0_fwhm:       50.0363436 +/- 1.12305680 (2.24%) == '2.3548200*g0_sigma'
    g0_height:     195.518989 +/- 3.23296576 (1.65%) == '0.3989423*g0_amplitude/max(1e-15, g0_sigma)'
[[Correlations]] (unreported correlations are < 0.100)
    C(c, g0_amplitude)        = -0.8347
    C(g0_amplitude, g0_sigma) = +0.7867
    C(c, g0_sigma)            = -0.6544
Warning: non-constant dispersion
Warning: non-constant dispersion
Warning: non-constant dispersion
Warning: non-constant dispersion
Warning: non-constant dispersion
Warning: non-constant dispersion
[[Model]]
    ((Model(constant) + Model(gaussian, prefix='g0_')) + Model(gaussian, prefix='g1_'))
[[Fit Statistics]]
    # fitting method   = leastsq
    # function evals   = 129
    # data points      = 100
    # variables        = 7
    chi-square         = 246.061050
    reduced chi-square = 2.64581774
    Akaike info crit   = 104.040949
    Bayesian info crit = 122.277140
    R-squared          = 0.10758323
[[Variables]]
    c:             647.882257 +/- 7.36038589 (1.14%) (init = 636.8636)
    g0_amplitude:  668.930576 +/- 291.633961 (43.60%) (init = 1146.572)
    g0_center:     6719.80936 +/- 0.98568795 (0.01%) (init = 6718.29)
    g0_sigma:      2.03494659 +/- 0.99830978 (49.06%) (init = 2.518886)
    g1_amplitude:  418.061631 +/- 274.467571 (65.65%) (init = 1146.572)
    g1_center:     6734.40761 +/- 1.32794154 (0.02%) (init = 6732.67)
    g1_sigma:      1.81172737 +/- 1.34324055 (74.14%) (init = 2.518886)
    g0_fwhm:       4.79193294 +/- 2.35083984 (49.06%) == '2.3548200*g0_sigma'
    g0_height:     131.140888 +/- 55.2477029 (42.13%) == '0.3989423*g0_amplitude/max(1e-15, g0_sigma)'
    g1_fwhm:       4.26629186 +/- 3.16308970 (74.14%) == '2.3548200*g1_sigma'
    g1_height:     92.0571556 +/- 58.5921260 (63.65%) == '0.3989423*g1_amplitude/max(1e-15, g1_sigma)'
[[Correlations]] (unreported correlations are < 0.100)
    C(g0_amplitude, g0_sigma) = +0.5921
    C(g1_amplitude, g1_sigma) = +0.5913
    C(c, g0_amplitude)        = -0.2730
    C(c, g1_amplitude)        = -0.2585
    C(c, g0_sigma)            = -0.1617
    C(c, g1_sigma)            = -0.1527
NonDetection when fitting set of lines [6718.29 6732.67] Angstrom, try a simpler model
[[Model]]
    (Model(constant) + Model(gaussian, prefix='g0_'))
[[Fit Statistics]]
    # fitting method   = leastsq
    # function evals   = 46
    # data points      = 100
    # variables        = 4
    chi-square         = 255.506247
    reduced chi-square = 2.66152341
    Akaike info crit   = 101.807668
    Bayesian info crit = 112.228348
    R-squared          = 0.07332729
[[Variables]]
    c:             650.761993 +/- 7.12497161 (1.09%) (init = 636.8636)
    g0_amplitude:  640.664087 +/- 288.055275 (44.96%) (init = 1146.572)
    g0_center:     6719.80754 +/- 0.99604546 (0.01%) (init = 6718.29)
    g0_sigma:      1.98742613 +/- 1.00759672 (50.70%) (init = 2.518886)
    g0_fwhm:       4.68003080 +/- 2.37270890 (50.70%) == '2.3548200*g0_sigma'
    g0_height:     128.602518 +/- 56.0350129 (43.57%) == '0.3989423*g0_amplitude/max(1e-15, g0_sigma)'
[[Correlations]] (unreported correlations are < 0.100)
    C(g0_amplitude, g0_sigma) = +0.5908
    C(c, g0_amplitude)        = -0.2613
    C(c, g0_sigma)            = -0.1544
Warning: non-constant dispersion
Warning: non-constant dispersion
Warning: non-constant dispersion
Matplotlib Version: 3.7.5
total 2912
-rw-r--r-- 1 root root 487266 Sep 29 12:10 linefits.sdss.sdss.fiber1.001.Ha.Ha_broad.NII1.png
-rw-r--r-- 1 root root 492403 Sep 29 12:09 linefits.sdss.sdss.fiber1.001.Hb.Hb_broad.png
-rw-r--r-- 1 root root 495068 Sep 29 12:09 linefits.sdss.sdss.fiber1.001.OII.png
-rw-r--r-- 1 root root 473597 Sep 29 12:10 linefits.sdss.sdss.fiber1.001.OIII4.OIII5.png
-rw-r--r-- 1 root root 482746 Sep 29 12:11 linefits.sdss.sdss.fiber1.001.SII1.SII2.png
-rw-r--r-- 1 root root  20160 Sep 29 12:11 linefits.sdss.sdss.fiber1.001.fits
-rw-r--r-- 1 root root 521094 Sep 29 12:11 linefits.sdss.sdss.fiber1.001.png
total 12K
-rw-r--r-- 1 root root 1.2K Sep 21 02:20 =5.2
drwxr-xr-x 1 root root 4.0K Sep 29 12:07 input
drwxrwxr-x 2 1000 1000 4.0K Sep 29 12:11 output
-rw-r--r-- 1 root root 1.2K Sep 21 02:20 /app/=5.2

/app/input:
total 128K
-rw-rw-r-- 1 1000 1000  12K Aug 28 20:16 Sky_bands.fits
-rw-rw-r-- 1 1000 1000 1.3K Sep 29 07:43 gleam.sh
-rw-rw-r-- 1 1000 1000 2.6K Sep 29 07:43 gleam_doublet_patch.py
-rw-rw-r-- 1 1000 1000 2.5K Sep 29 07:43 gleamconfig.yaml
-rw-rw-r-- 1 1000 1000 8.5K Sep 27 12:39 line_table.fits
-rw-rw-r-- 1 1000 1000  115 Sep 29 10:45 meta.dat
-rw-rw-r-- 1 1000 1000  85K Sep 29 10:45 spec1d.sdss.sdss.fiber1.1.fits

/app/output:
total 2.9M
-rw-r--r-- 1 root root 476K Sep 29 12:10 linefits.sdss.sdss.fiber1.001.Ha.Ha_broad.NII1.png
-rw-r--r-- 1 root root 481K Sep 29 12:09 linefits.sdss.sdss.fiber1.001.Hb.Hb_broad.png
-rw-r--r-- 1 root root 484K Sep 29 12:09 linefits.sdss.sdss.fiber1.001.OII.png
-rw-r--r-- 1 root root 463K Sep 29 12:10 linefits.sdss.sdss.fiber1.001.OIII4.OIII5.png
-rw-r--r-- 1 root root 472K Sep 29 12:11 linefits.sdss.sdss.fiber1.001.SII1.SII2.png
-rw-r--r-- 1 root root  20K Sep 29 12:11 linefits.sdss.sdss.fiber1.001.fits
-rw-r--r-- 1 root root 509K Sep 29 12:11 linefits.sdss.sdss.fiber1.001.png
