patched GLEAM doublet ties
WARNING: AstropyDeprecationWarning: The truth value of a Quantity is ambiguous. In the future this will raise a ValueError. [astropy.units.quantity]
Now working in  on sdss in sdss + fiber1 on source 1 at z=0.377.
Warning: non-constant dispersion
[[Model]]
    (Model(constant) + Model(gaussian, prefix='g0_'))
[[Fit Statistics]]
    # fitting method   = leastsq
    # function evals   = 10000
    # data points      = 163
    # variables        = 4
    chi-square         = 109.102976
    reduced chi-square = 0.68618224
    Akaike info crit   = -57.4376588
    Bayesian info crit = -45.0626580
    R-squared          = 0.32474519
##  Warning: uncertainties could not be estimated:
    g0_center:     at boundary
[[Variables]]
    c:             1713.85052 (init = 1915.031)
    g0_amplitude:  35966.0173 (init = 1129.339)
    g0_center:     3725.48002 (init = 3728.48)
    g0_sigma:      58.4599811 (init = 2.466999)
    g0_fwhm:       137.662733 == '2.3548200*g0_sigma'
    g0_height:     245.439109 == '0.3989423*g0_amplitude/max(1e-15, g0_sigma)'
NonDetection when fitting set of lines [3728.48] Angstrom, try a simpler model
[[Model]]
    Model(constant)
[[Fit Statistics]]
    # fitting method   = leastsq
    # function evals   = 5
    # data points      = 163
    # variables        = 1
    chi-square         = 161.573046
    reduced chi-square = 0.99736448
    Akaike info crit   = 0.56676373
    Bayesian info crit = 3.66051393
    R-squared          = 1.1102e-16
[[Variables]]
    c:  1911.31012 +/- 5.49971941 (0.29%) (init = 1915.031)
Warning: non-constant dispersion
Warning: non-constant dispersion
Warning: non-constant dispersion
Warning: non-constant dispersion
[[Model]]
    ((Model(constant) + Model(gaussian, prefix='g0_')) + Model(gaussian, prefix='g1_'))
[[Fit Statistics]]
    # fitting method   = leastsq
    # function evals   = 3579
    # data points      = 125
    # variables        = 7
    chi-square         = 742.483630
    reduced chi-square = 6.29223415
    Akaike info crit   = 236.710886
    Bayesian info crit = 256.509082
    R-squared          = 0.45460593
##  Warning: uncertainties could not be estimated:
    g0_center:     at boundary
    g1_center:     at boundary
[[Variables]]
    c:            -1357.27030 (init = 417.2478)
    g0_amplitude: -893077.136 (init = 1362.382)
    g0_center:     4865.68000 (init = 4862.68)
    g0_sigma:      1323.60466 (init = 2.466999)
    g1_amplitude:  954184.528 (init = 1362.382)
    g1_center:     4859.68000 (init = 4862.68)
    g1_sigma:      178.952296 (init = 2.466999)
    g0_fwhm:       3116.85074 == '2.3548200*g0_sigma'
    g0_height:    -269.178748 == '0.3989423*g0_amplitude/max(1e-15, g0_sigma)'
    g1_fwhm:       421.400446 == '2.3548200*g1_sigma'
    g1_height:     2127.18461 == '0.3989423*g1_amplitude/max(1e-15, g1_sigma)'
NonDetection when fitting set of lines [4862.68 4862.68] Angstrom, try a simpler model
[[Model]]
    (Model(constant) + Model(gaussian, prefix='g0_'))
[[Fit Statistics]]
    # fitting method   = leastsq
    # function evals   = 188
    # data points      = 125
    # variables        = 4
    chi-square         = 240.364356
    reduced chi-square = 1.98648228
    Akaike info crit   = 89.7302730
    Bayesian info crit = 101.043528
    R-squared          = 0.82343948
[[Variables]]
    c:             405.336260 +/- 3.64225217 (0.90%) (init = 417.2478)
    g0_amplitude:  5918.36357 +/- 345.908496 (5.84%) (init = 1362.382)
    g0_center:     4859.68000 +/- 0.67485261 (0.01%) (init = 4862.68)
    g0_sigma:      12.1273205 +/- 0.68116621 (5.62%) (init = 2.466999)
    g0_fwhm:       28.5576568 +/- 1.60402381 (5.62%) == '2.3548200*g0_sigma'
    g0_height:     194.691447 +/- 8.74184574 (4.49%) == '0.3989423*g0_amplitude/max(1e-15, g0_sigma)'
[[Correlations]] (unreported correlations are < 0.100)
    C(g0_amplitude, g0_sigma) = +0.6937
    C(c, g0_amplitude)        = -0.6790
    C(c, g0_sigma)            = -0.4710
Warning: non-constant dispersion
Warning: non-constant dispersion
Warning: non-constant dispersion
Warning: non-constant dispersion
[[Model]]
    ((Model(constant) + Model(gaussian, prefix='g0_')) + Model(gaussian, prefix='g1_'))
[[Fit Statistics]]
    # fitting method   = leastsq
    # function evals   = 148
    # data points      = 113
    # variables        = 6
    chi-square         = 207.322411
    reduced chi-square = 1.93759263
    Akaike info crit   = 80.5782656
    Bayesian info crit = 96.9425925
    R-squared          = 0.01774970
##  Warning: uncertainties could not be estimated:
    g0_center:     at boundary
    g1_center:     at initial value
    g1_sigma:      at initial value
[[Variables]]
    c:             903.002226 (init = 916.9588)
    g0_amplitude: -438.935501 == 'g1_amplitude / 3.0'
    g0_center:     4963.30000 (init = 4960.3)
    g0_sigma:      4.27152473 (init = 2.466999)
    g1_amplitude: -1316.80650 (init = 650.3009)
    g1_center:     5008.24000 (init = 5008.24)
    g1_sigma:      2.46699911 (init = 2.466999)
    g0_fwhm:       10.0586719 == '2.3548200*g0_sigma'
    g0_height:    -40.9947149 == '0.3989423*g0_amplitude/max(1e-15, g0_sigma)'
    g1_fwhm:       5.80933884 == '2.3548200*g1_sigma'
    g1_height:    -212.942848 == '0.3989423*g1_amplitude/max(1e-15, g1_sigma)'
NonDetection when fitting set of lines [4960.3  5008.24] Angstrom, try a simpler model
[[Model]]
    (Model(constant) + Model(gaussian, prefix='g0_'))
[[Fit Statistics]]
    # fitting method   = leastsq
    # function evals   = 80
    # data points      = 113
    # variables        = 4
    chi-square         = 207.322411
    reduced chi-square = 1.90204047
    Akaike info crit   = 76.5782654
    Bayesian info crit = 87.4878167
    R-squared          = 0.01774970
[[Variables]]
    c:             903.002544 +/- 7.31989322 (0.81%) (init = 916.9588)
    g0_amplitude: -438.970601 +/- 396.463040 (90.32%) (init = 650.3009)
    g0_center:     4963.30000 +/- 4.08932387 (0.08%) (init = 4960.3)
    g0_sigma:      4.27194579 +/- 4.18564029 (97.98%) (init = 2.466999)
    g0_fwhm:       10.0596634 +/- 9.85642945 (97.98%) == '2.3548200*g0_sigma'
    g0_height:    -40.9939522 +/- 34.0056828 (82.95%) == '0.3989423*g0_amplitude/max(1e-15, g0_sigma)'
[[Correlations]] (unreported correlations are < 0.100)
    C(g0_amplitude, g0_sigma) = -0.6145
    C(c, g0_amplitude)        = -0.4194
    C(c, g0_sigma)            = +0.2577
NonDetection when fitting set of lines [4960.3] Angstrom, try a simpler model
[[Model]]
    (Model(constant) + Model(gaussian, prefix='g0_'))
[[Fit Statistics]]
    # fitting method   = leastsq
    # function evals   = 11
    # data points      = 113
    # variables        = 4
    chi-square         = 211.068819
    reduced chi-square = 1.93641118
    Akaike info crit   = 78.6019950
    Bayesian info crit = 89.5115463
    R-squared          = -2.2204e-16
##  Warning: uncertainties could not be estimated:
    g0_amplitude:  at initial value
    g0_center:     at initial value
    g0_sigma:      at initial value
[[Variables]]
    c:             899.603392 (init = 916.9588)
    g0_amplitude:  650.300861 (init = 650.3009)
    g0_center:     5008.24000 (init = 5008.24)
    g0_sigma:      2.46699911 (init = 2.466999)
    g0_fwhm:       5.80933884 == '2.3548200*g0_sigma'
    g0_height:     105.161174 == '0.3989423*g0_amplitude/max(1e-15, g0_sigma)'
NonDetection when fitting set of lines [5008.24] Angstrom, try a simpler model
[[Model]]
    Model(constant)
[[Fit Statistics]]
    # fitting method   = leastsq
    # function evals   = 5
    # data points      = 113
    # variables        = 1
    chi-square         = 211.068819
    reduced chi-square = 1.88454302
    Akaike info crit   = 72.6019950
    Bayesian info crit = 75.3293828
    R-squared          = -2.2204e-16
[[Variables]]
    c:  899.603392 +/- 6.61437828 (0.74%) (init = 916.9588)
Warning: non-constant dispersion
Warning: non-constant dispersion
Warning: non-constant dispersion
No spectral coverage on line 5008.24 Angstrom
Warning: non-constant dispersion
Warning: non-constant dispersion
Warning: non-constant dispersion
[[Model]]
    (((Model(constant) + Model(gaussian, prefix='g0_')) + Model(gaussian, prefix='g1_')) + Model(gaussian, prefix='g2_'))
[[Fit Statistics]]
    # fitting method   = leastsq
    # function evals   = 633
    # data points      = 106
    # variables        = 10
    chi-square         = 324.795685
    reduced chi-square = 3.38328838
    Akaike info crit   = 138.694266
    Bayesian info crit = 165.328657
    R-squared          = 0.96809962
[[Variables]]
    c:             86.1409055 +/- 2.83894994 (3.30%) (init = 121.1644)
    g0_amplitude: -305.853848 +/- 280.535043 (91.72%) (init = 1211.375)
    g0_center:     6567.60000 +/- 0.78233579 (0.01%) (init = 6564.6)
    g0_sigma:      3.80613591 +/- 1.90237412 (49.98%) (init = 2.466999)
    g1_amplitude:  11775.8764 +/- 2484.56323 (21.10%) (init = 1211.375)
    g1_center:     6561.60117 +/- 4.03004701 (0.06%) (init = 6564.6)
    g1_sigma:      20.7643419 +/- 1.76873733 (8.52%) (init = 2.466999)
    g2_amplitude: -2449.28899 +/- 2392.40583 (97.68%) (init = 1211.375)
    g2_center:     6582.29985 +/- 2.77374868 (0.04%) (init = 6585.27)
    g2_sigma:      11.6679180 +/- 4.15629605 (35.62%) (init = 2.466999)
    g0_fwhm:       8.96276496 +/- 4.47974863 (49.98%) == '2.3548200*g0_sigma'
    g0_height:    -32.0582451 +/- 17.0766975 (53.27%) == '0.3989423*g0_amplitude/max(1e-15, g0_sigma)'
    g1_fwhm:       48.8962877 +/- 4.16505803 (8.52%) == '2.3548200*g1_sigma'
    g1_height:     226.248212 +/- 30.2235540 (13.36%) == '0.3989423*g1_amplitude/max(1e-15, g1_sigma)'
    g2_fwhm:       27.4758467 +/- 9.78732908 (35.62%) == '2.3548200*g2_sigma'
    g2_height:    -83.7445877 +/- 53.4565559 (63.83%) == '0.3989423*g2_amplitude/max(1e-15, g2_sigma)'
[[Correlations]] (unreported correlations are < 0.100)
    C(g1_amplitude, g1_center)    = +0.9889
    C(g1_center, g2_amplitude)    = -0.9843
    C(g1_amplitude, g2_amplitude) = -0.9837
    C(g2_amplitude, g2_sigma)     = -0.9679
    C(g1_amplitude, g1_sigma)     = +0.9439
    C(g1_center, g1_sigma)        = +0.9251
    C(g1_amplitude, g2_sigma)     = +0.9219
    C(g1_center, g2_sigma)        = +0.9183
    C(g1_sigma, g2_amplitude)     = -0.8967
    C(g0_amplitude, g0_sigma)     = -0.8806
    C(g0_amplitude, g2_center)    = -0.8774
    C(g1_sigma, g2_sigma)         = +0.8038
    C(g2_center, g2_sigma)        = -0.7804
    C(g0_amplitude, g2_sigma)     = +0.7423
    C(g0_sigma, g2_center)        = +0.7224
    C(c, g1_sigma)                = -0.6871
    C(g2_amplitude, g2_center)    = +0.6723
    C(g0_amplitude, g2_amplitude) = -0.6252
    C(c, g1_amplitude)            = -0.6010
    C(g1_amplitude, g2_center)    = -0.5724
    C(g0_sigma, g2_sigma)         = -0.5702
    C(g1_center, g2_center)       = -0.5597
    C(c, g1_center)               = -0.5267
    C(g0_amplitude, g1_amplitude) = +0.5210
    C(g0_amplitude, g1_center)    = +0.5044
    C(c, g2_amplitude)            = +0.4910
    C(g0_sigma, g2_amplitude)     = +0.4719
    C(g0_amplitude, g1_sigma)     = +0.4183
    C(g0_center, g2_center)       = -0.4167
    C(c, g2_sigma)                = -0.3963
    C(g0_sigma, g1_amplitude)     = -0.3783
    C(g0_sigma, g1_center)        = -0.3651
    C(g1_sigma, g2_center)        = -0.3611
    C(g0_sigma, g1_sigma)         = -0.3085
    C(g0_amplitude, g0_center)    = +0.3016
    C(g0_center, g2_amplitude)    = -0.2817
    C(g0_center, g2_sigma)        = +0.2803
    C(g0_center, g0_sigma)        = -0.2523
    C(g0_center, g1_amplitude)    = +0.2458
    C(g0_center, g1_center)       = +0.2371
    C(c, g0_amplitude)            = -0.1707
    C(c, g2_center)               = +0.1295
    C(c, g0_sigma)                = +0.1246
    C(g0_center, g1_sigma)        = +0.1211
NonDetection when fitting set of lines [6564.6  6564.6  6585.27] Angstrom, try a simpler model
[[Model]]
    ((Model(constant) + Model(gaussian, prefix='g0_')) + Model(gaussian, prefix='g1_'))
[[Fit Statistics]]
    # fitting method   = leastsq
    # function evals   = 16000
    # data points      = 106
    # variables        = 7
    chi-square         = 403.197353
    reduced chi-square = 4.07270054
    Akaike info crit   = 155.614628
    Bayesian info crit = 174.258702
    R-squared          = 0.96039927
##  Warning: uncertainties could not be estimated:
    g0_center:     at boundary
[[Variables]]
    c:             90.8828877 (init = 121.1644)
    g0_amplitude: -31352.0272 (init = 1211.375)
    g0_center:     6567.59994 (init = 6564.6)
    g0_sigma:      18.3712083 (init = 2.466999)
    g1_amplitude:  39606.6929 (init = 1211.375)
    g1_center:     6564.86520 (init = 6564.6)
    g1_sigma:      18.6567671 (init = 2.466999)
    g0_fwhm:       43.2608887 == '2.3548200*g0_sigma'
    g0_height:    -680.828918 == '0.3989423*g0_amplitude/max(1e-15, g0_sigma)'
    g1_fwhm:       43.9333284 == '2.3548200*g1_sigma'
    g1_height:     846.919782 == '0.3989423*g1_amplitude/max(1e-15, g1_sigma)'
NonDetection when fitting set of lines [6564.6 6564.6] Angstrom, try a simpler model
[[Model]]
    ((Model(constant) + Model(gaussian, prefix='g0_')) + Model(gaussian, prefix='g1_'))
[[Fit Statistics]]
    # fitting method   = leastsq
    # function evals   = 341
    # data points      = 106
    # variables        = 7
    chi-square         = 363.748764
    reduced chi-square = 3.67422994
    Akaike info crit   = 144.700579
    Bayesian info crit = 163.344652
    R-squared          = 0.96427378
[[Variables]]
    c:             84.8591495 +/- 3.15594435 (3.72%) (init = 121.1644)
    g0_amplitude:  12033.8373 +/- 2693.41253 (22.38%) (init = 1211.375)
    g0_center:     6561.60000 +/- 2.55303711 (0.04%) (init = 6564.6)
    g0_sigma:      21.7677293 +/- 1.89138284 (8.69%) (init = 2.466999)
    g1_amplitude: -2803.01120 +/- 2397.62059 (85.54%) (init = 1211.375)
    g1_center:     6582.27000 +/- 0.13423860 (0.00%) (init = 6585.27)
    g1_sigma:      12.8573033 +/- 3.14491168 (24.46%) (init = 2.466999)
    g0_fwhm:       51.2590844 +/- 4.45386616 (8.69%) == '2.3548200*g0_sigma'
    g0_height:     220.546969 +/- 32.1746897 (14.59%) == '0.3989423*g0_amplitude/max(1e-15, g0_sigma)'
    g1_fwhm:       30.2766349 +/- 7.40570091 (24.46%) == '2.3548200*g1_sigma'
    g1_height:    -86.9731166 +/- 54.0832967 (62.18%) == '0.3989423*g1_amplitude/max(1e-15, g1_sigma)'
[[Correlations]] (unreported correlations are < 0.100)
    C(g0_center, g1_amplitude)    = -0.9937
    C(g0_amplitude, g1_amplitude) = -0.9900
    C(g0_amplitude, g0_center)    = +0.9886
    C(g1_amplitude, g1_sigma)     = -0.9674
    C(g0_center, g1_sigma)        = +0.9445
    C(g0_amplitude, g1_sigma)     = +0.9428
    C(g0_amplitude, g0_sigma)     = +0.9349
    C(g0_center, g0_sigma)        = +0.9138
    C(g0_sigma, g1_amplitude)     = -0.8965
    C(g0_sigma, g1_sigma)         = +0.8101
    C(c, g0_sigma)                = -0.7148
    C(c, g0_amplitude)            = -0.6204
    C(c, g0_center)               = -0.5428
    C(c, g1_amplitude)            = +0.5210
    C(c, g1_sigma)                = -0.4258
    C(g1_center, g1_sigma)        = -0.3578
    C(g1_amplitude, g1_center)    = +0.2633
    C(g0_amplitude, g1_center)    = -0.2125
    C(g0_center, g1_center)       = -0.2092
    C(c, g1_center)               = -0.1125
NonDetection when fitting set of lines [6564.6  6585.27] Angstrom, try a simpler model
[[Model]]
    ((Model(constant) + Model(gaussian, prefix='g0_')) + Model(gaussian, prefix='g1_'))
[[Fit Statistics]]
    # fitting method   = leastsq
    # function evals   = 341
    # data points      = 106
    # variables        = 7
    chi-square         = 363.748764
    reduced chi-square = 3.67422994
    Akaike info crit   = 144.700579
    Bayesian info crit = 163.344652
    R-squared          = 0.96427378
[[Variables]]
    c:             84.8591495 +/- 3.15594435 (3.72%) (init = 121.1644)
    g0_amplitude:  12033.8373 +/- 2693.41253 (22.38%) (init = 1211.375)
    g0_center:     6561.60000 +/- 2.55303711 (0.04%) (init = 6564.6)
    g0_sigma:      21.7677293 +/- 1.89138284 (8.69%) (init = 2.466999)
    g1_amplitude: -2803.01120 +/- 2397.62059 (85.54%) (init = 1211.375)
    g1_center:     6582.27000 +/- 0.13423860 (0.00%) (init = 6585.27)
    g1_sigma:      12.8573033 +/- 3.14491168 (24.46%) (init = 2.466999)
    g0_fwhm:       51.2590844 +/- 4.45386616 (8.69%) == '2.3548200*g0_sigma'
    g0_height:     220.546969 +/- 32.1746897 (14.59%) == '0.3989423*g0_amplitude/max(1e-15, g0_sigma)'
    g1_fwhm:       30.2766349 +/- 7.40570091 (24.46%) == '2.3548200*g1_sigma'
    g1_height:    -86.9731166 +/- 54.0832967 (62.18%) == '0.3989423*g1_amplitude/max(1e-15, g1_sigma)'
[[Correlations]] (unreported correlations are < 0.100)
    C(g0_center, g1_amplitude)    = -0.9937
    C(g0_amplitude, g1_amplitude) = -0.9900
    C(g0_amplitude, g0_center)    = +0.9886
    C(g1_amplitude, g1_sigma)     = -0.9674
    C(g0_center, g1_sigma)        = +0.9445
    C(g0_amplitude, g1_sigma)     = +0.9428
    C(g0_amplitude, g0_sigma)     = +0.9349
    C(g0_center, g0_sigma)        = +0.9138
    C(g0_sigma, g1_amplitude)     = -0.8965
    C(g0_sigma, g1_sigma)         = +0.8101
    C(c, g0_sigma)                = -0.7148
    C(c, g0_amplitude)            = -0.6204
    C(c, g0_center)               = -0.5428
    C(c, g1_amplitude)            = +0.5210
    C(c, g1_sigma)                = -0.4258
    C(g1_center, g1_sigma)        = -0.3578
    C(g1_amplitude, g1_center)    = +0.2633
    C(g0_amplitude, g1_center)    = -0.2125
    C(g0_center, g1_center)       = -0.2092
    C(c, g1_center)               = -0.1125
NonDetection when fitting set of lines [6564.6  6585.27] Angstrom, try a simpler model
[[Model]]
    (Model(constant) + Model(gaussian, prefix='g0_'))
[[Fit Statistics]]
    # fitting method   = leastsq
    # function evals   = 239
    # data points      = 106
    # variables        = 4
    chi-square         = 1384.39766
    reduced chi-square = 13.5725260
    Akaike info crit   = 280.375620
    Bayesian info crit = 291.029377
    R-squared          = 0.86402897
[[Variables]]
    c:             91.6462335 +/- 3.88729573 (4.24%) (init = 121.1644)
    g0_amplitude:  8139.38337 +/- 469.364710 (5.77%) (init = 1211.375)
    g0_center:     6561.60000 +/- 1.43527778 (0.02%) (init = 6564.6)
    g0_sigma:      17.1199562 +/- 0.89840390 (5.25%) (init = 2.466999)
    g0_fwhm:       40.3144154 +/- 2.11557947 (5.25%) == '2.3548200*g0_sigma'
    g0_height:     189.670130 +/- 7.69997765 (4.06%) == '0.3989423*g0_amplitude/max(1e-15, g0_sigma)'
[[Correlations]] (unreported correlations are < 0.100)
    C(c, g0_amplitude)        = -0.7535
    C(g0_amplitude, g0_sigma) = +0.7321
    C(c, g0_sigma)            = -0.5514
Warning: non-constant dispersion
Warning: non-constant dispersion
Warning: non-constant dispersion
Warning: non-constant dispersion
Warning: non-constant dispersion
Warning: non-constant dispersion
[[Model]]
    ((Model(constant) + Model(gaussian, prefix='g0_')) + Model(gaussian, prefix='g1_'))
[[Fit Statistics]]
    # fitting method   = leastsq
    # function evals   = 16000
    # data points      = 100
    # variables        = 7
    chi-square         = 14.1660568
    reduced chi-square = 0.15232319
    Akaike info crit   = -181.432145
    Bayesian info crit = -163.195953
    R-squared          = 0.53755389
##  Warning: uncertainties could not be estimated:
    g0_center:     at boundary
    g1_center:     at boundary
[[Variables]]
    c:             1315.19001 (init = 1216.099)
    g0_amplitude:  158761.214 (init = 1326.979)
    g0_center:     6715.29000 (init = 6718.29)
    g0_sigma:      100.530853 (init = 2.466999)
    g1_amplitude: -188391.884 (init = 1326.979)
    g1_center:     6735.66687 (init = 6732.67)
    g1_sigma:      102.544614 (init = 2.466999)
    g0_fwhm:       236.732063 == '2.3548200*g0_sigma'
    g0_height:     630.021152 == '0.3989423*g0_amplitude/max(1e-15, g0_sigma)'
    g1_fwhm:       241.474107 == '2.3548200*g1_sigma'
    g1_height:    -732.924811 == '0.3989423*g1_amplitude/max(1e-15, g1_sigma)'
NonDetection when fitting set of lines [6718.29 6732.67] Angstrom, try a simpler model
[[Model]]
    (Model(constant) + Model(gaussian, prefix='g0_'))
[[Fit Statistics]]
    # fitting method   = leastsq
    # function evals   = 52
    # data points      = 100
    # variables        = 4
    chi-square         = 29.1249082
    reduced chi-square = 0.30338446
    Akaike info crit   = -115.357643
    Bayesian info crit = -104.936962
    R-squared          = 0.04922727
[[Variables]]
    c:             1212.01834 +/- 8.41494298 (0.69%) (init = 1216.099)
    g0_amplitude:  1237.37181 +/- 729.889299 (58.99%) (init = 1326.979)
    g0_center:     6715.29000 +/- 1.01089190 (0.02%) (init = 6718.29)
    g0_sigma:      9.15125482 +/- 5.54111467 (60.55%) (init = 2.466999)
    g0_fwhm:       21.5495579 +/- 13.0483277 (60.55%) == '2.3548200*g0_sigma'
    g0_height:     53.9423242 +/- 27.0054027 (50.06%) == '0.3989423*g0_amplitude/max(1e-15, g0_sigma)'
[[Correlations]] (unreported correlations are < 0.100)
    C(g0_amplitude, g0_sigma) = +0.6495
    C(c, g0_amplitude)        = -0.5610
    C(c, g0_sigma)            = -0.3643
NonDetection when fitting set of lines [6718.29] Angstrom, try a simpler model
[[Model]]
    (Model(constant) + Model(gaussian, prefix='g0_'))
[[Fit Statistics]]
    # fitting method   = leastsq
    # function evals   = 10000
    # data points      = 100
    # variables        = 4
    chi-square         = 25.8041408
    reduced chi-square = 0.26879313
    Akaike info crit   = -127.463521
    Bayesian info crit = -117.042840
    R-squared          = 0.15763259
##  Warning: uncertainties could not be estimated:
    g0_center:     at boundary
[[Variables]]
    c:             1411.17864 (init = 1216.099)
    g0_amplitude: -45348.1519 (init = 1326.979)
    g0_center:     6735.66994 (init = 6732.67)
    g0_sigma:      81.6756747 (init = 2.466999)
    g0_fwhm:       192.331512 == '2.3548200*g0_sigma'
    g0_height:    -221.501642 == '0.3989423*g0_amplitude/max(1e-15, g0_sigma)'
NonDetection when fitting set of lines [6732.67] Angstrom, try a simpler model
[[Model]]
    Model(constant)
[[Fit Statistics]]
    # fitting method   = leastsq
    # function evals   = 5
    # data points      = 100
    # variables        = 1
    chi-square         = 30.6328813
    reduced chi-square = 0.30942304
    Akaike info crit   = -116.309620
    Bayesian info crit = -113.704450
    R-squared          = 1.1102e-16
[[Variables]]
    c:  1220.02070 +/- 7.03526471 (0.58%) (init = 1216.099)
Warning: non-constant dispersion
Warning: non-constant dispersion
Warning: non-constant dispersion
Warning: non-constant dispersion
Warning: non-constant dispersion
Matplotlib Version: 3.7.5
total 2856
-rw-r--r-- 1 root root 486873 Sep 29 12:00 linefits.sdss.sdss.fiber1.001.Ha.Ha_broad.NII1.png
-rw-r--r-- 1 root root 484170 Sep 29 11:59 linefits.sdss.sdss.fiber1.001.Hb.Hb_broad.png
-rw-r--r-- 1 root root 488194 Sep 29 11:59 linefits.sdss.sdss.fiber1.001.OII.png
-rw-r--r-- 1 root root 458079 Sep 29 11:59 linefits.sdss.sdss.fiber1.001.OIII4.OIII5.png
-rw-r--r-- 1 root root 480283 Sep 29 12:01 linefits.sdss.sdss.fiber1.001.SII1.SII2.png
-rw-r--r-- 1 root root  20160 Sep 29 12:01 linefits.sdss.sdss.fiber1.001.fits
-rw-r--r-- 1 root root 493850 Sep 29 12:01 linefits.sdss.sdss.fiber1.001.png
total 12K
-rw-r--r-- 1 root root 1.2K Sep 21 02:20 =5.2
drwxr-xr-x 1 root root 4.0K Sep 29 11:57 input
drwxrwxr-x 2 1000 1000 4.0K Sep 29 12:01 output
-rw-r--r-- 1 root root 1.2K Sep 21 02:20 /app/=5.2

/app/input:
total 128K
-rw-rw-r-- 1 1000 1000  12K Aug 28 20:16 Sky_bands.fits
-rw-rw-r-- 1 1000 1000 1.3K Sep 29 07:43 gleam.sh
-rw-rw-r-- 1 1000 1000 2.6K Sep 29 07:43 gleam_doublet_patch.py
-rw-rw-r-- 1 1000 1000 2.5K Sep 29 07:43 gleamconfig.yaml
-rw-rw-r-- 1 1000 1000 8.5K Sep 27 12:39 line_table.fits
-rw-rw-r-- 1 1000 1000  115 Sep 29 10:45 meta.dat
-rw-rw-r-- 1 1000 1000  85K Sep 29 10:45 spec1d.sdss.sdss.fiber1.1.fits

/app/output:
total 2.8M
-rw-r--r-- 1 root root 476K Sep 29 12:00 linefits.sdss.sdss.fiber1.001.Ha.Ha_broad.NII1.png
-rw-r--r-- 1 root root 473K Sep 29 11:59 linefits.sdss.sdss.fiber1.001.Hb.Hb_broad.png
-rw-r--r-- 1 root root 477K Sep 29 11:59 linefits.sdss.sdss.fiber1.001.OII.png
-rw-r--r-- 1 root root 448K Sep 29 11:59 linefits.sdss.sdss.fiber1.001.OIII4.OIII5.png
-rw-r--r-- 1 root root 470K Sep 29 12:01 linefits.sdss.sdss.fiber1.001.SII1.SII2.png
-rw-r--r-- 1 root root  20K Sep 29 12:01 linefits.sdss.sdss.fiber1.001.fits
-rw-r--r-- 1 root root 483K Sep 29 12:01 linefits.sdss.sdss.fiber1.001.png
