7.0.1
1.3.2
2.1.6
3.1.6
['/home/onur/Documents/AGNEmissionLines_ThirdPartyLibraries/pyqsofit/PyQSOFit/src/pyqsofit']
FWHM Resolution: 2.5 Å
[ 3566.97426784  3567.79484559  3568.6175712  ... 10394.41199851
 10396.80892696 10399.20640813] Angstrom [57.12982559 57.12417984 57.1185379  ... -0.74314135 -0.74314958
 -0.74315792] erg / (Angstrom s cm2) [ 1.14259651  1.1424836   1.14237076 ... -0.01486283 -0.01486299
 -0.01486316] erg / (Angstrom s cm2) 0.37709343433380127
Name            Value      Min      Max   Stderr     Vary     Expr Brute_Step
Balmer_Tau        0.5      0.1        2     None    False     None     None
Balmer_Te     1.5e+04    1e+04    5e+04     None    False     None     None
Blamer_norm         0        0    1e+10     None    False     None     None
Fe_op_FWHM       3000     1200  1.8e+04     None     True     None     None
Fe_op_norm          0        0    1e+10     None     True     None     None
Fe_op_shift         0    -0.01     0.01     None     True     None     None
Fe_uv_FWHM       3000     1200  1.8e+04     None     True     None     None
Fe_uv_norm          0        0    1e+10     None     True     None     None
Fe_uv_shift         0    -0.01     0.01     None     True     None     None
PL_norm             1        0    1e+10     None     True     None     None
PL_slope         -1.5       -5        3     None     True     None     None
conti_a_0           0     -inf      inf     None     True     None     None
conti_a_1           0     -inf      inf     None     True     None     None
conti_a_2           0     -inf      inf     None     True     None     None
Fitting continuum
Fit report
[[Variables]]
    Fe_uv_norm:   2.89900881 (init = 0)
    Fe_uv_FWHM:   17987.3717 (init = 3000)
    Fe_uv_shift: -0.01000000 (init = 0)
    Fe_op_norm:   2.44851306 (init = 0)
    Fe_op_FWHM:   18000.0000 (init = 3000)
    Fe_op_shift:  0.01000000 (init = 0)
    PL_norm:      41.7281504 (init = 1)
    PL_slope:    -0.41590004 (init = -1.5)
    Blamer_norm:  0 (fixed)
    Balmer_Te:    15000 (fixed)
    Balmer_Tau:   0.5 (fixed)
    conti_a_0:   -6119.21080 (init = 0)
    conti_a_1:   -0.07852376 (init = 0)
    conti_a_2:    1.2078e-04 (init = 0)
Name                    Value      Min      Max   Stderr     Vary     Expr Brute_Step
Hb_br_1_dwave               0    -0.01     0.01     None     True     None     None
Hb_br_1_scale               0        0    1e+10     None     True     None     None
Hb_br_1_sigma           0.005    0.004     0.05     None     True     None     None
Hb_br_2_dwave               0    -0.01     0.01     None     True     None     None
Hb_br_2_scale               0        0    1e+10     None     True     None     None
Hb_br_2_sigma           0.005    0.004     0.05     None     True     None     None
Hb_na_1_dwave               0    -0.01     0.01     None     True     None     None
Hb_na_1_scale               0        0    1e+10     None     True     None     None
Hb_na_1_sigma           0.001  0.00023  0.00169     None     True     None     None
HeII4687_br_1_dwave         0   -0.005    0.005     None     True     None     None
HeII4687_br_1_scale         0        0    1e+10     None     True     None     None
HeII4687_br_1_sigma     0.005    0.004     0.05     None     True     None     None
HeII4687_na_1_dwave         0   -0.005    0.005     None    False Hb_na_1_dwave     None
HeII4687_na_1_scale         0        0    1e+10     None     True     None     None
HeII4687_na_1_sigma     0.001  0.00023  0.00169     None    False Hb_na_1_sigma     None
OIII4959c_1_dwave           0    -0.01     0.01     None    False Hb_na_1_dwave     None
OIII4959c_1_scale           0        0    1e+10     None     True     None     None
OIII4959c_1_sigma       0.001  0.00023  0.00169     None    False Hb_na_1_sigma     None
OIII4959w_1_dwave           0    -0.01     0.01     None     True     None     None
OIII4959w_1_scale           0        0    1e+10     None     True     None     None
OIII4959w_1_sigma       0.003  0.00023    0.004     None     True     None     None
OIII5007c_1_dwave           0    -0.01     0.01     None    False Hb_na_1_dwave     None
OIII5007c_1_scale           0        0    1e+10     None    False 3.0303030014038086 * OIII4959c_1_scale     None
OIII5007c_1_sigma       0.001  0.00023  0.00169     None    False Hb_na_1_sigma     None
OIII5007w_1_dwave           0    -0.01     0.01     None    False OIII4959w_1_dwave     None
OIII5007w_1_scale           0        0    1e+10     None    False 3.0303030014038086 * OIII4959w_1_scale     None
OIII5007w_1_sigma       0.003  0.00023    0.004     None    False OIII4959w_1_sigma     None
Fitting complex Hb
Fit report
[[Variables]]
    Hb_br_1_scale:        5.18405929 +/- 1.1655e+15 (22483053137132200.00%) (init = 0)
    Hb_br_1_dwave:        0.00370803 +/- 9.3520e+11 (25220887044463288.00%) (init = 0)
    Hb_br_1_sigma:        0.00401365 +/- 5.4734e+11 (13637032087263496.00%) (init = 0.005)
    Hb_br_2_scale:        5.18405929 +/- 1.1655e+15 (22483053137132208.00%) (init = 0)
    Hb_br_2_dwave:        0.00370803 +/- 9.3520e+11 (25220887044463264.00%) (init = 0)
    Hb_br_2_sigma:        0.00401365 +/- 5.4734e+11 (13637032087263510.00%) (init = 0.005)
    Hb_na_1_scale:        0.04996281 +/- 3.01351134 (6031.51%) (init = 0)
    Hb_na_1_dwave:        3.2893e-05 +/- 3.5448e-04 (1077.66%) (init = 0)
    Hb_na_1_sigma:        2.3035e-04 +/- 3.5957e-04 (156.10%) (init = 0.001)
    OIII4959c_1_scale:    0.48686222 +/- 0.41988111 (86.24%) (init = 0)
    OIII4959c_1_dwave:    3.2893e-05 +/- 3.5448e-04 (1077.66%) == 'Hb_na_1_dwave'
    OIII4959c_1_sigma:    2.3035e-04 +/- 3.5957e-04 (156.10%) == 'Hb_na_1_sigma'
    OIII5007c_1_scale:    1.47534004 +/- 1.27236698 (86.24%) == '3.0303030014038086 * OIII4959c_1_scale'
    OIII5007c_1_dwave:    3.2893e-05 +/- 3.5448e-04 (1077.66%) == 'Hb_na_1_dwave'
    OIII5007c_1_sigma:    2.3035e-04 +/- 3.5957e-04 (156.10%) == 'Hb_na_1_sigma'
    OIII4959w_1_scale:    0.13263168 +/- 0.28503205 (214.90%) (init = 0)
    OIII4959w_1_dwave:   -0.00737212 +/- 0.00118780 (16.11%) (init = 0)
    OIII4959w_1_sigma:    2.3121e-04 +/- 0.00120917 (522.97%) (init = 0.003)
    OIII5007w_1_scale:    0.40191419 +/- 0.86373346 (214.90%) == '3.0303030014038086 * OIII4959w_1_scale'
    OIII5007w_1_dwave:   -0.00737212 +/- 0.00118780 (16.11%) == 'OIII4959w_1_dwave'
    OIII5007w_1_sigma:    2.3121e-04 +/- 0.00120917 (522.97%) == 'OIII4959w_1_sigma'
    HeII4687_br_1_scale:  0.09778178 +/- 1.25339573 (1281.83%) (init = 0)
    HeII4687_br_1_dwave: -0.00497160 +/- 0.65234644 (13121.47%) (init = 0)
    HeII4687_br_1_sigma:  0.04990261 +/- 0.43134869 (864.38%) (init = 0.005)
    HeII4687_na_1_scale:  0.14865553 +/- 0.83721436 (563.19%) (init = 0)
    HeII4687_na_1_dwave:  3.2893e-05 +/- 3.5448e-04 (1077.66%) == 'Hb_na_1_dwave'
    HeII4687_na_1_sigma:  2.3035e-04 +/- 3.5957e-04 (156.10%) == 'Hb_na_1_sigma'
[[Correlations]] (unreported correlations are < 0.100)
    C(Hb_br_1_sigma, Hb_br_2_sigma)             = -1.0000
    C(Hb_br_1_dwave, Hb_br_2_dwave)             = -1.0000
    C(Hb_br_1_scale, Hb_br_2_scale)             = -1.0000
    C(HeII4687_br_1_dwave, HeII4687_br_1_sigma) = -0.9484
    C(HeII4687_br_1_scale, HeII4687_br_1_dwave) = +0.7677
    C(HeII4687_br_1_scale, HeII4687_br_1_sigma) = -0.6326
    C(OIII4959w_1_scale, OIII4959w_1_sigma)     = -0.5638
    C(Hb_na_1_sigma, OIII4959c_1_scale)         = -0.5630
    C(Hb_br_1_scale, Hb_br_2_dwave)             = -0.4543
    C(Hb_br_2_scale, Hb_br_2_dwave)             = +0.4543
    C(Hb_br_1_scale, Hb_br_1_dwave)             = +0.4543
    C(Hb_br_1_dwave, Hb_br_2_scale)             = -0.4543
    C(Hb_br_1_dwave, Hb_na_1_scale)             = -0.3138
    C(Hb_br_2_dwave, Hb_na_1_scale)             = +0.3138
    C(Hb_br_1_sigma, HeII4687_br_1_scale)       = -0.2438
    C(Hb_br_2_sigma, HeII4687_br_1_scale)       = +0.2438
    C(Hb_br_1_scale, HeII4687_br_1_scale)       = -0.1980
    C(Hb_br_2_scale, HeII4687_br_1_scale)       = +0.1980
    C(HeII4687_br_1_scale, HeII4687_na_1_scale) = +0.1926
    C(Hb_br_1_scale, HeII4687_br_1_dwave)       = -0.1840
    C(Hb_br_2_scale, HeII4687_br_1_dwave)       = +0.1840
    C(Hb_br_1_scale, HeII4687_br_1_sigma)       = +0.1600
    C(Hb_br_2_scale, HeII4687_br_1_sigma)       = -0.1600
    C(Hb_br_2_scale, Hb_na_1_scale)             = +0.1289
    C(Hb_br_1_scale, Hb_na_1_scale)             = -0.1289
    C(Hb_br_1_sigma, HeII4687_br_1_dwave)       = -0.1160
    C(Hb_br_2_sigma, HeII4687_br_1_dwave)       = +0.1160
    C(Hb_br_2_dwave, HeII4687_br_1_scale)       = +0.1120
    C(Hb_br_1_dwave, HeII4687_br_1_scale)       = -0.1120
    C(Hb_br_2_dwave, HeII4687_br_1_dwave)       = +0.1115
    C(Hb_br_1_dwave, HeII4687_br_1_dwave)       = -0.1115
    C(HeII4687_br_1_dwave, HeII4687_na_1_scale) = +0.1068
Name                Value      Min      Max   Stderr     Vary     Expr Brute_Step
Ha_br_1_dwave           0   -0.015    0.015     None     True     None     None
Ha_br_1_scale           0        0    1e+10     None     True     None     None
Ha_br_1_sigma       0.005    0.004     0.05     None     True     None     None
Ha_br_2_dwave           0   -0.015    0.015     None     True     None     None
Ha_br_2_scale           0        0    1e+10     None     True     None     None
Ha_br_2_sigma       0.005    0.004     0.05     None     True     None     None
Ha_na_1_dwave           0    -0.01     0.01     None     True     None     None
Ha_na_1_scale           0        0    1e+10     None     True     None     None
Ha_na_1_sigma       0.001   0.0005  0.00169     None     True     None     None
NII6549_1_dwave         0   -0.005    0.005     None    False Ha_na_1_dwave     None
NII6549_1_scale         0        0    1e+10     None     True     None     None
NII6549_1_sigma     0.001  0.00023  0.00169     None    False Ha_na_1_sigma     None
NII6585_1_dwave         0   -0.005    0.005     None    False Ha_na_1_dwave     None
NII6585_1_scale         0        0    1e+10     None    False 3.0 * NII6549_1_scale     None
NII6585_1_sigma     0.001  0.00023  0.00169     None    False Ha_na_1_sigma     None
SII6718_1_dwave         0   -0.005    0.005     None    False Ha_na_1_dwave     None
SII6718_1_scale         0        0    1e+10     None     True     None     None
SII6718_1_sigma     0.001  0.00023  0.00169     None    False Ha_na_1_sigma     None
SII6732_1_dwave         0   -0.005    0.005     None    False Ha_na_1_dwave     None
SII6732_1_scale         0        0    1e+10     None    False 1.0 * SII6718_1_scale     None
SII6732_1_sigma     0.001  0.00023  0.00169     None    False Ha_na_1_sigma     None
Fitting complex Ha
Fit report
[[Variables]]
    Ha_br_1_scale:    3.17686488 +/- 0.15996750 (5.04%) (init = 0)
    Ha_br_1_dwave:   -0.00609619 +/- 0.00120762 (19.81%) (init = 0)
    Ha_br_1_sigma:    0.02048812 +/- 0.00151358 (7.39%) (init = 0.005)
    Ha_br_2_scale:    15.5074031 +/- 0.90562078 (5.84%) (init = 0)
    Ha_br_2_dwave:   -3.6140e-04 +/- 2.1743e-04 (60.16%) (init = 0)
    Ha_br_2_sigma:    0.00452675 +/- 1.4481e-04 (3.20%) (init = 0.005)
    Ha_na_1_scale:    27.9185958 +/- 0.95710010 (3.43%) (init = 0)
    Ha_na_1_dwave:    9.5444e-04 +/- 4.4747e-05 (4.69%) (init = 0)
    Ha_na_1_sigma:    0.00169000 +/- 5.9999e-05 (3.55%) (init = 0.001)
    NII6549_1_scale:  7.5884e-04 +/- 0.01653161 (2178.54%) (init = 0)
    NII6549_1_dwave:  9.5444e-04 +/- 4.4747e-05 (4.69%) == 'Ha_na_1_dwave'
    NII6549_1_sigma:  0.00169000 +/- 5.9999e-05 (3.55%) == 'Ha_na_1_sigma'
    NII6585_1_scale:  0.00227651 +/- 0.04959482 (2178.54%) == '3.0 * NII6549_1_scale'
    NII6585_1_dwave:  9.5444e-04 +/- 4.4747e-05 (4.69%) == 'Ha_na_1_dwave'
    NII6585_1_sigma:  0.00169000 +/- 5.9999e-05 (3.55%) == 'Ha_na_1_sigma'
    SII6718_1_scale:  0.01520895 +/- 0.02180143 (143.35%) (init = 0)
    SII6718_1_dwave:  9.5444e-04 +/- 4.4747e-05 (4.69%) == 'Ha_na_1_dwave'
    SII6718_1_sigma:  0.00169000 +/- 5.9999e-05 (3.55%) == 'Ha_na_1_sigma'
    SII6732_1_scale:  0.01520895 +/- 0.02180143 (143.35%) == '1.0 * SII6718_1_scale'
    SII6732_1_dwave:  9.5444e-04 +/- 4.4747e-05 (4.69%) == 'Ha_na_1_dwave'
    SII6732_1_sigma:  0.00169000 +/- 5.9999e-05 (3.55%) == 'Ha_na_1_sigma'
[[Correlations]] (unreported correlations are < 0.100)
    C(Ha_br_2_dwave, NII6549_1_scale) = -0.9108
    C(Ha_br_1_scale, Ha_br_1_sigma)   = -0.8954
    C(Ha_br_1_dwave, Ha_br_1_sigma)   = -0.8528
    C(Ha_br_2_scale, Ha_na_1_sigma)   = -0.7969
    C(Ha_br_2_scale, Ha_br_2_dwave)   = +0.7774
    C(Ha_br_1_scale, Ha_br_1_dwave)   = +0.7600
    C(Ha_br_2_scale, Ha_na_1_scale)   = -0.7522
    C(Ha_br_1_scale, Ha_br_2_sigma)   = -0.7485
    C(Ha_br_2_scale, NII6549_1_scale) = -0.6606
    C(Ha_br_1_sigma, Ha_br_2_sigma)   = +0.6181
    C(Ha_br_2_dwave, Ha_na_1_scale)   = -0.5887
    C(Ha_br_1_dwave, Ha_br_2_sigma)   = -0.5748
    C(Ha_br_2_dwave, Ha_na_1_sigma)   = -0.5597
    C(Ha_na_1_scale, NII6549_1_scale) = +0.4722
    C(Ha_br_2_sigma, Ha_na_1_dwave)   = -0.4549
    C(Ha_br_1_sigma, SII6718_1_scale) = -0.4474
    C(Ha_br_2_sigma, NII6549_1_scale) = -0.4101
    C(Ha_na_1_sigma, NII6549_1_scale) = +0.4054
    C(Ha_na_1_scale, Ha_na_1_sigma)   = +0.4003
    C(Ha_br_1_dwave, NII6549_1_scale) = +0.3714
    C(Ha_br_1_dwave, Ha_br_2_dwave)   = -0.3511
    C(Ha_br_2_dwave, Ha_na_1_dwave)   = -0.3406
    C(Ha_na_1_dwave, NII6549_1_scale) = +0.3246
    C(Ha_br_1_scale, SII6718_1_scale) = +0.3074
    C(Ha_br_1_scale, NII6549_1_scale) = +0.2963
    C(Ha_br_2_sigma, Ha_na_1_scale)   = +0.2959
    C(Ha_br_1_scale, Ha_na_1_dwave)   = +0.2821
    C(Ha_br_1_dwave, Ha_na_1_dwave)   = +0.2768
    C(Ha_br_2_sigma, Ha_na_1_sigma)   = +0.2751
    C(Ha_br_1_sigma, NII6549_1_scale) = -0.2518
    C(Ha_br_1_dwave, Ha_br_2_scale)   = -0.2369
    C(Ha_br_1_sigma, Ha_na_1_dwave)   = -0.2324
    C(Ha_br_2_dwave, Ha_br_2_sigma)   = +0.2126
    C(Ha_br_2_scale, Ha_br_2_sigma)   = -0.2094
    C(Ha_br_1_scale, Ha_br_2_dwave)   = -0.1799
    C(Ha_br_1_dwave, SII6718_1_scale) = +0.1786
    C(Ha_br_1_sigma, Ha_br_2_dwave)   = +0.1667
    C(Ha_br_2_sigma, SII6718_1_scale) = -0.1474
    C(Ha_br_1_scale, Ha_na_1_scale)   = -0.1168
    C(Ha_br_1_sigma, Ha_br_2_scale)   = +0.1086
Saving figure as ./result.pdf
Fitting finished in 564.5s
wrote pyqsofit_model.csv
['ra' 'dec' 'plateid' 'MJD' 'fiberid' 'redshift' 'SN_ratio_conti'
 'Fe_uv_norm' 'Fe_uv_norm_err' 'Fe_uv_FWHM' 'Fe_uv_FWHM_err' 'Fe_uv_shift'
 'Fe_uv_shift_err' 'Fe_op_norm' 'Fe_op_norm_err' 'Fe_op_FWHM'
 'Fe_op_FWHM_err' 'Fe_op_shift' 'Fe_op_shift_err' 'PL_norm' 'PL_norm_err'
 'PL_slope' 'PL_slope_err' 'Blamer_norm' 'Blamer_norm_err' 'Balmer_Te'
 'Balmer_Te_err' 'Balmer_Tau' 'Balmer_Tau_err' 'conti_a_0' 'conti_a_0_err'
 'conti_a_1' 'conti_a_1_err' 'conti_a_2' 'conti_a_2_err' 'L1350'
 'L1350_err' 'L1450' 'L1450_err' 'L3000' 'L3000_err' 'L4200' 'L4200_err'
 'L5100' 'L5100_err' 'Fe_flux_4435_4685' 'Fe_flux_4435_4685_err']

['-999' '-999' '0' '0' '0' '0.37709343433380127' '48.86879591915661'
 '2.8990088107860856' '0.017392065565502435' '17987.37174807588'
 '111.35553867562214' '-0.009999999776173673' '0.00014797763478092762'
 '2.4485130589724236' '0.03717325336438648' '17999.99999766828'
 '29.900965537022557' '0.00999999977370676' '4.536973095655805e-05'
 '41.72815037950528' '0.07474677543584107' '-0.41590004065115593'
 '0.2371727371565323' '0.0' '0.0' '15000.0' '0.0' '0.5' '0.0'
 '-6119.210801225925' '4064.597146663389' '-0.07852375828887515'
 '0.5962729439949142' '0.00012078456749063681' '2.4560798743006004e-05'
 '-1.0' '-1.0' '-1.0' '-1.0' '44.78892602428977' '0.0006352659266468663'
 '44.777494712432876' '0.0008799086453272764' '44.729086224942456'
 '0.001012261168348516' '828.5150346595893' '16.000305848930907']
['Hb_br_1_scale' 'Hb_br_1_scale_err' 'Hb_br_1_centerwave'
 'Hb_br_1_centerwave_err' 'Hb_br_1_sigma' 'Hb_br_1_sigma_err'
 'Hb_br_2_scale' 'Hb_br_2_scale_err' 'Hb_br_2_centerwave'
 'Hb_br_2_centerwave_err' 'Hb_br_2_sigma' 'Hb_br_2_sigma_err'
 'Hb_na_1_scale' 'Hb_na_1_scale_err' 'Hb_na_1_centerwave'
 'Hb_na_1_centerwave_err' 'Hb_na_1_sigma' 'Hb_na_1_sigma_err'
 'OIII4959c_1_scale' 'OIII4959c_1_scale_err' 'OIII4959c_1_centerwave'
 'OIII4959c_1_centerwave_err' 'OIII4959c_1_sigma' 'OIII4959c_1_sigma_err'
 'OIII5007c_1_scale' 'OIII5007c_1_scale_err' 'OIII5007c_1_centerwave'
 'OIII5007c_1_centerwave_err' 'OIII5007c_1_sigma' 'OIII5007c_1_sigma_err'
 'OIII4959w_1_scale' 'OIII4959w_1_scale_err' 'OIII4959w_1_centerwave'
 'OIII4959w_1_centerwave_err' 'OIII4959w_1_sigma' 'OIII4959w_1_sigma_err'
 'OIII5007w_1_scale' 'OIII5007w_1_scale_err' 'OIII5007w_1_centerwave'
 'OIII5007w_1_centerwave_err' 'OIII5007w_1_sigma' 'OIII5007w_1_sigma_err'
 'HeII4687_br_1_scale' 'HeII4687_br_1_scale_err'
 'HeII4687_br_1_centerwave' 'HeII4687_br_1_centerwave_err'
 'HeII4687_br_1_sigma' 'HeII4687_br_1_sigma_err' 'HeII4687_na_1_scale'
 'HeII4687_na_1_scale_err' 'HeII4687_na_1_centerwave'
 'HeII4687_na_1_centerwave_err' 'HeII4687_na_1_sigma'
 'HeII4687_na_1_sigma_err' 'Ha_br_1_scale' 'Ha_br_1_scale_err'
 'Ha_br_1_centerwave' 'Ha_br_1_centerwave_err' 'Ha_br_1_sigma'
 'Ha_br_1_sigma_err' 'Ha_br_2_scale' 'Ha_br_2_scale_err'
 'Ha_br_2_centerwave' 'Ha_br_2_centerwave_err' 'Ha_br_2_sigma'
 'Ha_br_2_sigma_err' 'Ha_na_1_scale' 'Ha_na_1_scale_err'
 'Ha_na_1_centerwave' 'Ha_na_1_centerwave_err' 'Ha_na_1_sigma'
 'Ha_na_1_sigma_err' 'NII6549_1_scale' 'NII6549_1_scale_err'
 'NII6549_1_centerwave' 'NII6549_1_centerwave_err' 'NII6549_1_sigma'
 'NII6549_1_sigma_err' 'NII6585_1_scale' 'NII6585_1_scale_err'
 'NII6585_1_centerwave' 'NII6585_1_centerwave_err' 'NII6585_1_sigma'
 'NII6585_1_sigma_err' 'SII6718_1_scale' 'SII6718_1_scale_err'
 'SII6718_1_centerwave' 'SII6718_1_centerwave_err' 'SII6718_1_sigma'
 'SII6718_1_sigma_err' 'SII6732_1_scale' 'SII6732_1_scale_err'
 'SII6732_1_centerwave' 'SII6732_1_centerwave_err' 'SII6732_1_sigma'
 'SII6732_1_sigma_err']

[5.18405929e+00 5.11851117e-02 8.48727813e+00 5.25677059e-05
 4.01365364e-03 1.73472348e-17 5.18405929e+00 5.11851117e-02
 8.48727813e+00 5.25677059e-05 4.01365364e-03 1.73472348e-17
 4.99628117e-02 6.97570890e-03 8.48360299e+00 1.16076157e-03
 2.30349430e-04 5.54747381e-04 4.86862217e-01 1.37581818e+00
 8.50318765e+00 1.16076157e-03 2.30349430e-04 5.54747381e-04
 1.47534004e+00 4.16914597e+00 8.51887273e+00 1.16076157e-03
 2.30349430e-04 5.54747381e-04 1.32631683e-01 1.36961310e+00
 8.49578263e+00 2.76610098e-03 2.31210302e-04 5.55227984e-04
 4.01914188e-01 4.15034269e+00 8.51146772e+00 2.76610098e-03
 2.31210302e-04 5.55227984e-04 9.77817827e-02 4.98405761e-03
 8.44758025e+00 1.41131551e-12 4.99026126e-02 6.06456611e-09
 1.48655532e-01 9.75886039e-06 8.45258473e+00 1.16076157e-03
 2.30349430e-04 5.54747381e-04 3.17686488e+00 6.22888523e+00
 8.78136986e+00 2.87424813e-03 2.04881161e-02 8.10363006e-03
 1.55074031e+01 6.29860408e+00 8.78710465e+00 2.93159496e-03
 4.52674774e-03 8.10814619e-03 2.79185958e+01 6.10572248e-01
 8.78842049e+00 2.35734095e-05 1.68999992e-03 8.30378256e-10
 7.58837437e-04 2.61869748e-02 8.78815155e+00 2.35734095e-05
 1.68999992e-03 8.30378256e-10 2.27651231e-03 7.85609244e-02
 8.79354649e+00 2.35734095e-05 1.68999992e-03 8.30378256e-10
 1.52089452e-02 2.81594192e-02 8.81354313e+00 2.35734095e-05
 1.68999992e-03 8.30378256e-10 1.52089452e-02 2.81594192e-02
 8.81568127e+00 2.35734095e-05 1.68999992e-03 8.30378256e-10]
['Hb_br_1_scale' 'Hb_br_1_centerwave' 'Hb_br_1_sigma' 'Hb_br_2_scale'
 'Hb_br_2_centerwave' 'Hb_br_2_sigma' 'Hb_na_1_scale' 'Hb_na_1_centerwave'
 'Hb_na_1_sigma' 'OIII4959c_1_scale' 'OIII4959c_1_centerwave'
 'OIII4959c_1_sigma' 'OIII5007c_1_scale' 'OIII5007c_1_centerwave'
 'OIII5007c_1_sigma' 'OIII4959w_1_scale' 'OIII4959w_1_centerwave'
 'OIII4959w_1_sigma' 'OIII5007w_1_scale' 'OIII5007w_1_centerwave'
 'OIII5007w_1_sigma' 'HeII4687_br_1_scale' 'HeII4687_br_1_centerwave'
 'HeII4687_br_1_sigma' 'HeII4687_na_1_scale' 'HeII4687_na_1_centerwave'
 'HeII4687_na_1_sigma' 'Ha_br_1_scale' 'Ha_br_1_centerwave'
 'Ha_br_1_sigma' 'Ha_br_2_scale' 'Ha_br_2_centerwave' 'Ha_br_2_sigma'
 'Ha_na_1_scale' 'Ha_na_1_centerwave' 'Ha_na_1_sigma' 'NII6549_1_scale'
 'NII6549_1_centerwave' 'NII6549_1_sigma' 'NII6585_1_scale'
 'NII6585_1_centerwave' 'NII6585_1_sigma' 'SII6718_1_scale'
 'SII6718_1_centerwave' 'SII6718_1_sigma' 'SII6732_1_scale'
 'SII6732_1_centerwave' 'SII6732_1_sigma']

[[5.23810662e+00 8.48733920e+00 4.00000019e-03 ... 2.19824159e-04
  8.81569365e+00 1.68999995e-03]
 [5.22091870e+00 8.48733467e+00 4.00000019e-03 ... 4.38832304e-02
  8.81569258e+00 1.68999995e-03]
 [5.30436084e+00 8.48718708e+00 4.00943815e-03 ... 2.37304620e-02
  8.81570998e+00 1.68999995e-03]
 ...
 [5.23008803e+00 8.48729015e+00 4.00000019e-03 ... 1.82331927e-02
  8.81567340e+00 1.68999764e-03]
 [5.26787836e+00 8.48731135e+00 4.00000019e-03 ... 1.30728761e-03
  8.81570632e+00 1.68999995e-03]
 [5.11253040e+00 8.48733240e+00 4.00000019e-03 ... 2.05657713e-02
  8.81566006e+00 1.68999995e-03]]
(50, 48)
['1_complex_name' '1_line_status' '1_line_min_chi2' '1_line_bic'
 '1_line_red_chi2' '1_niter' '1_ndof' '2_complex_name' '2_line_status'
 '2_line_min_chi2' '2_line_bic' '2_line_red_chi2' '2_niter' '2_ndof'
 'Hb_br_1_scale' 'Hb_br_1_scale_err' 'Hb_br_1_centerwave'
 'Hb_br_1_centerwave_err' 'Hb_br_1_sigma' 'Hb_br_1_sigma_err'
 'Hb_br_2_scale' 'Hb_br_2_scale_err' 'Hb_br_2_centerwave'
 'Hb_br_2_centerwave_err' 'Hb_br_2_sigma' 'Hb_br_2_sigma_err'
 'Hb_na_1_scale' 'Hb_na_1_scale_err' 'Hb_na_1_centerwave'
 'Hb_na_1_centerwave_err' 'Hb_na_1_sigma' 'Hb_na_1_sigma_err'
 'OIII4959c_1_scale' 'OIII4959c_1_scale_err' 'OIII4959c_1_centerwave'
 'OIII4959c_1_centerwave_err' 'OIII4959c_1_sigma' 'OIII4959c_1_sigma_err'
 'OIII5007c_1_scale' 'OIII5007c_1_scale_err' 'OIII5007c_1_centerwave'
 'OIII5007c_1_centerwave_err' 'OIII5007c_1_sigma' 'OIII5007c_1_sigma_err'
 'OIII4959w_1_scale' 'OIII4959w_1_scale_err' 'OIII4959w_1_centerwave'
 'OIII4959w_1_centerwave_err' 'OIII4959w_1_sigma' 'OIII4959w_1_sigma_err'
 'OIII5007w_1_scale' 'OIII5007w_1_scale_err' 'OIII5007w_1_centerwave'
 'OIII5007w_1_centerwave_err' 'OIII5007w_1_sigma' 'OIII5007w_1_sigma_err'
 'HeII4687_br_1_scale' 'HeII4687_br_1_scale_err'
 'HeII4687_br_1_centerwave' 'HeII4687_br_1_centerwave_err'
 'HeII4687_br_1_sigma' 'HeII4687_br_1_sigma_err' 'HeII4687_na_1_scale'
 'HeII4687_na_1_scale_err' 'HeII4687_na_1_centerwave'
 'HeII4687_na_1_centerwave_err' 'HeII4687_na_1_sigma'
 'HeII4687_na_1_sigma_err' 'Ha_br_1_scale' 'Ha_br_1_scale_err'
 'Ha_br_1_centerwave' 'Ha_br_1_centerwave_err' 'Ha_br_1_sigma'
 'Ha_br_1_sigma_err' 'Ha_br_2_scale' 'Ha_br_2_scale_err'
 'Ha_br_2_centerwave' 'Ha_br_2_centerwave_err' 'Ha_br_2_sigma'
 'Ha_br_2_sigma_err' 'Ha_na_1_scale' 'Ha_na_1_scale_err'
 'Ha_na_1_centerwave' 'Ha_na_1_centerwave_err' 'Ha_na_1_sigma'
 'Ha_na_1_sigma_err' 'NII6549_1_scale' 'NII6549_1_scale_err'
 'NII6549_1_centerwave' 'NII6549_1_centerwave_err' 'NII6549_1_sigma'
 'NII6549_1_sigma_err' 'NII6585_1_scale' 'NII6585_1_scale_err'
 'NII6585_1_centerwave' 'NII6585_1_centerwave_err' 'NII6585_1_sigma'
 'NII6585_1_sigma_err' 'SII6718_1_scale' 'SII6718_1_scale_err'
 'SII6718_1_centerwave' 'SII6718_1_centerwave_err' 'SII6718_1_sigma'
 'SII6718_1_sigma_err' 'SII6732_1_scale' 'SII6732_1_scale_err'
 'SII6732_1_centerwave' 'SII6732_1_centerwave_err' 'SII6732_1_sigma'
 'SII6732_1_sigma_err' 'Hb_whole_br_fwhm' 'Hb_whole_br_fwhm_err'
 'Hb_whole_br_sigma' 'Hb_whole_br_sigma_err' 'Hb_whole_br_ew'
 'Hb_whole_br_ew_err' 'Hb_whole_br_peak' 'Hb_whole_br_peak_err'
 'Hb_whole_br_area' 'Hb_whole_br_area_err' 'Hb_whole_br_snr'
 'Hb_whole_br_snr_err' 'Ha_whole_br_fwhm' 'Ha_whole_br_fwhm_err'
 'Ha_whole_br_sigma' 'Ha_whole_br_sigma_err' 'Ha_whole_br_ew'
 'Ha_whole_br_ew_err' 'Ha_whole_br_peak' 'Ha_whole_br_peak_err'
 'Ha_whole_br_area' 'Ha_whole_br_area_err' 'Ha_whole_br_snr'
 'Ha_whole_br_snr_err']

['Hb' '1' '7373.893511859623' '1288.9174410674957' '18.715465766141175'
 '105' '394' 'Ha' '1' '805.1859088999507' '355.569433778614'
 '3.1951821781744076' '409' '252' '5.184059292950849'
 '0.05118511170465467' '8.48727812754864' '5.256770588424331e-05'
 '0.0040136536366695815' '1.734723475976807e-17' '5.184059292950849'
 '0.05118511170465467' '8.48727812754864' '5.256770589046056e-05'
 '0.0040136536366695815' '1.734723475976807e-17' '0.04996281166569361'
 '0.006975708899403799' '8.48360299189371' '0.0011607615681032968'
 '0.0002303494301416608' '0.0005547473810493158' '0.4868622172082837'
 '1.3758181816037052' '8.503187647655428' '0.0011607615681032968'
 '0.0002303494301416608' '0.0005547473810493158' '1.475340038076375'
 '4.169145965099638' '8.518872729137362' '0.0011607615681032968'
 '0.0002303494301416608' '0.0005547473810493158' '0.1326316834138197'
 '1.3696131007101542' '8.495782633829997' '0.0027661009847079754'
 '0.00023121030167731627' '0.0005552279835328088' '0.4019141883301376'
 '4.150342689843957' '8.51146771531193' '0.0027661009847079754'
 '0.00023121030167731627' '0.0005552279835328088' '0.09778178267083604'
 '0.004984057611068238' '8.447580245742046' '1.411315508903499e-12'
 '0.04990261263455121' '6.064566111449454e-09' '0.14865553232823459'
 '9.758860386455126e-06' '8.452584734752596' '0.0011607615681032968'
 '0.0002303494301416608' '0.0005547473810493158' '3.176864882270536'
 '6.228885229830894' '8.781369855568954' '0.00287424812702497'
 '0.020488116116164485' '0.008103630056890156' '15.507403139380926'
 '6.298604082743964' '8.787104647886341' '0.0029315949644228567'
 '0.004526747735392073' '0.008108146188995548' '27.91859576856126'
 '0.6105722483162879' '8.788420489654966' '2.3573409457355865e-05'
 '0.0016899999188258758' '8.303782561731865e-10' '0.0007588374373312945'
 '0.026186974810826755' '8.78815155349774' '2.3573409457355865e-05'
 '0.0016899999188258758' '8.303782561731865e-10' '0.0022765123119938835'
 '0.07856092443248026' '8.79354648910565' '2.3573409457355865e-05'
 '0.0016899999188258758' '8.303782561731865e-10' '0.01520894521434002'
 '0.028159419240836314' '8.813543132172056' '2.3573409457355865e-05'
 '0.0016899999188258758' '8.303782561731865e-10' '0.01520894521434002'
 '0.028159419240836314' '8.815681269989438' '2.3573409457355865e-05'
 '0.0016899999188258758' '8.303782561731865e-10' '2858.3289762153754'
 '0.11189976251148437' '5684.459025535091' '21.752005797116'
 '24.01345773586817' '0.2206389561378952' '4852.944862979129'
 '0.3135896869257522' '563.1462164874849' '5.143457191852946'
 '5.092394383164748' '0.10914128187180827' '3628.7244020846683'
 '44.42312873837591' '4353.2905985514635' '147.7105021460461'
 '171.26617372376904' '2.321158462486636' '6549.5169645374845'
 '0.6683959904139556' '2212.175597847291' '30.12198298416979'
 '37.6449291367338' '1.3268842610473577']
Broad Hb:
FWHM (km/s) 2844.9
Sigma (km/s) 1191.5
EW (A) 21.6
Peak (A) 4852.1
Area (10^(-17) erg/s/cm^2) 504.8
SNR 5.1

Narrow Hb:
FWHM (km/s) 195.0
Sigma (km/s) 67.5
EW (A) 0.0
Peak (A) 4834.2
Area (10^(-17) erg/s/cm^2) 0.1
SNR 0.0

Broad [OIII]5007:
FWHM (km/s) 0
Sigma (km/s) 0
EW (A) 0
Peak (A) 0
Area (10^(-17) erg/s/cm^2) 0
SNR 0

Narrow [OIII]5007:
FWHM (km/s) 195.0
Sigma (km/s) 67.5
EW (A) 0.2
Peak (A) 5007.7
Area (10^(-17) erg/s/cm^2) 4.2
SNR 0.6
