WARNING: AstropyDeprecationWarning: The truth value of a Quantity is ambiguous. In the future this will raise a ValueError. [astropy.units.quantity]
Now working in  on sdss in sdss + fiber1 on source 1 at z=0.377.
Warning: non-constant dispersion
[[Model]]
    (Model(constant) + Model(gaussian, prefix='g0_'))
[[Fit Statistics]]
    # fitting method   = leastsq
    # function evals   = 94
    # data points      = 93
    # variables        = 4
    chi-square         = 41.6643451
    reduced chi-square = 0.46813871
    Akaike info crit   = -66.6747001
    Bayesian info crit = -56.5443021
    R-squared          = 0.22009322
[[Variables]]
    c:             1444.49574 +/- 4.42127340 (0.31%) (init = 1450.67)
    g0_amplitude:  721.487119 +/- 187.550010 (25.99%) (init = 478.9473)
    g0_center:     3725.48000 +/- 1.65061122 (0.04%) (init = 3728.48)
    g0_sigma:      4.24167267 +/- 1.14696091 (27.04%) (init = 1.541874)
    g0_fwhm:       9.98837565 +/- 2.70088648 (27.04%) == '2.3548200*g0_sigma'
    g0_height:     67.8580722 +/- 15.2630404 (22.49%) == '0.3989423*g0_amplitude/max(1e-15, g0_sigma)'
[[Correlations]] (unreported correlations are < 0.100)
    C(g0_amplitude, g0_sigma) = +0.6409
    C(c, g0_amplitude)        = -0.5317
    C(c, g0_sigma)            = -0.3408
Warning: non-constant dispersion
Warning: non-constant dispersion
[[Model]]
    ((Model(constant) + Model(gaussian, prefix='g0_')) + Model(gaussian, prefix='g1_'))
[[Fit Statistics]]
    # fitting method   = leastsq
    # function evals   = 381
    # data points      = 71
    # variables        = 7
    chi-square         = 33.4536518
    reduced chi-square = 0.52271331
    Akaike info crit   = -39.4288436
    Bayesian info crit = -23.5900844
    R-squared          = 0.96292339
##  Warning: uncertainties could not be estimated:
    g0_center:     at boundary
    g1_center:     at boundary
[[Variables]]
    c:             223.099284 (init = 242.616)
    g0_amplitude:  6373.21416 (init = 365.8182)
    g0_center:     4859.68000 (init = 4862.68)
    g0_sigma:      13.0933010 (init = 1.541874)
    g1_amplitude: -3857.56552 (init = 365.8182)
    g1_center:     4865.67998 (init = 4862.68)
    g1_sigma:      14.1630311 (init = 1.541874)
    g0_fwhm:       30.8323672 == '2.3548200*g0_sigma'
    g0_height:     194.186684 == '0.3989423*g0_amplitude/max(1e-15, g0_sigma)'
    g1_fwhm:       33.3513889 == '2.3548200*g1_sigma'
    g1_height:    -108.659372 == '0.3989423*g1_amplitude/max(1e-15, g1_sigma)'
NonDetection when fitting set of lines [4862.68 4862.68] Angstrom, try a simpler model
[[Model]]
    (Model(constant) + Model(gaussian, prefix='g0_'))
[[Fit Statistics]]
    # fitting method   = leastsq
    # function evals   = 251
    # data points      = 71
    # variables        = 4
    chi-square         = 203.063332
    reduced chi-square = 3.03079599
    Akaike info crit   = 82.6095002
    Bayesian info crit = 91.6602197
    R-squared          = 0.77494537
[[Variables]]
    c:             220.855115 +/- 4.38109712 (1.98%) (init = 242.616)
    g0_amplitude:  2704.66120 +/- 296.368811 (10.96%) (init = 365.8182)
    g0_center:     4859.68000 +/- 0.21862178 (0.00%) (init = 4862.68)
    g0_sigma:      10.8317725 +/- 0.98556444 (9.10%) (init = 1.541874)
    g0_fwhm:       25.5068745 +/- 2.32082686 (9.10%) == '2.3548200*g0_sigma'
    g0_height:     99.6146990 +/- 6.56719224 (6.59%) == '0.3989423*g0_amplitude/max(1e-15, g0_sigma)'
[[Correlations]] (unreported correlations are < 0.100)
    C(c, g0_amplitude)        = -0.8485
    C(g0_amplitude, g0_sigma) = +0.7994
    C(c, g0_sigma)            = -0.6771
Warning: non-constant dispersion
Warning: non-constant dispersion
Warning: non-constant dispersion
Warning: non-constant dispersion
[[Model]]
    (Model(constant) + Model(gaussian, prefix='g0_'))
[[Fit Statistics]]
    # fitting method   = leastsq
    # function evals   = 91
    # data points      = 56
    # variables        = 4
    chi-square         = 19.9642526
    reduced chi-square = 0.38392793
    Akaike info crit   = -49.7588696
    Bayesian info crit = -41.6574629
    R-squared          = 0.48623231
[[Variables]]
    c:             887.137686 +/- 6.03176439 (0.68%) (init = 866.645)
    g0_amplitude: -1409.39085 +/- 293.231023 (20.81%) (init = 301.2227)
    g0_center:     4963.30000 +/- 0.59314988 (0.01%) (init = 4960.3)
    g0_sigma:      6.94018082 +/- 1.31011396 (18.88%) (init = 1.541874)
    g0_fwhm:       16.3428766 +/- 3.08508254 (18.88%) == '2.3548200*g0_sigma'
    g0_height:    -81.0159908 +/- 11.9365972 (14.73%) == '0.3989423*g0_amplitude/max(1e-15, g0_sigma)'
[[Correlations]] (unreported correlations are < 0.100)
    C(c, g0_amplitude)        = -0.7520
    C(g0_amplitude, g0_sigma) = -0.7284
    C(c, g0_sigma)            = +0.5434
Warning: non-constant dispersion
Warning: non-constant dispersion
[[Model]]
    (Model(constant) + Model(gaussian, prefix='g0_'))
[[Fit Statistics]]
    # fitting method   = leastsq
    # function evals   = 11
    # data points      = 17
    # variables        = 4
    chi-square         = 25.2701779
    reduced chi-square = 1.94385984
    Akaike info crit   = 14.7389975
    Bayesian info crit = 18.0718509
    R-squared          = 1.1102e-16
##  Warning: uncertainties could not be estimated:
    g0_amplitude:  at initial value
    g0_center:     at initial value
    g0_sigma:      at initial value
[[Variables]]
    c:             566.711561 (init = 559.3378)
    g0_amplitude:  260.260811 (init = 260.2608)
    g0_center:     5008.24000 (init = 5008.24)
    g0_sigma:      1.54187444 (init = 1.541874)
    g0_fwhm:       3.63083677 == '2.3548200*g0_sigma'
    g0_height:     67.3394953 == '0.3989423*g0_amplitude/max(1e-15, g0_sigma)'
NonDetection when fitting set of lines [5008.24] Angstrom, try a simpler model
[[Model]]
    Model(constant)
[[Fit Statistics]]
    # fitting method   = leastsq
    # function evals   = 5
    # data points      = 17
    # variables        = 1
    chi-square         = 25.2701779
    reduced chi-square = 1.57938612
    Akaike info crit   = 8.73899748
    Bayesian info crit = 9.57221082
    R-squared          = 1.1102e-16
[[Variables]]
    c:  566.711561 +/- 10.0000000 (1.76%) (init = 559.3378)
Warning: non-constant dispersion
Warning: non-constant dispersion
No spectral coverage on line 5008.24 Angstrom
Warning: non-constant dispersion
Warning: non-constant dispersion
[[Model]]
    (((Model(constant) + Model(gaussian, prefix='g0_')) + Model(gaussian, prefix='g1_')) + Model(gaussian, prefix='g2_'))
[[Fit Statistics]]
    # fitting method   = leastsq
    # function evals   = 22000
    # data points      = 66
    # variables        = 10
    chi-square         = 5910.65001
    reduced chi-square = 105.547322
    Akaike info crit   = 316.660519
    Bayesian info crit = 338.557066
    R-squared          = 0.19477996
##  Warning: uncertainties could not be estimated:
    g0_center:     at boundary
    g1_center:     at boundary
    g2_center:     at boundary
[[Variables]]
    c:             13.1005463 (init = 77.68534)
    g0_amplitude:  99053.0421 (init = 350.4901)
    g0_center:     6561.60001 (init = 6564.6)
    g0_sigma:      285.884636 (init = 1.541874)
    g1_amplitude: -76953.9857 (init = 350.4901)
    g1_center:     6567.59999 (init = 6564.6)
    g1_sigma:      680.381342 (init = 1.541874)
    g2_amplitude: -1570.38762 (init = 350.4901)
    g2_center:     6588.26994 (init = 6585.27)
    g2_sigma:      13.8182239 (init = 1.541874)
    g0_fwhm:       673.206858 == '2.3548200*g0_sigma'
    g0_height:     138.225156 == '0.3989423*g0_amplitude/max(1e-15, g0_sigma)'
    g1_fwhm:       1602.17559 == '2.3548200*g1_sigma'
    g1_height:    -45.1220487 == '0.3989423*g1_amplitude/max(1e-15, g1_sigma)'
    g2_fwhm:       32.5394299 == '2.3548200*g2_sigma'
    g2_height:    -45.3382473 == '0.3989423*g2_amplitude/max(1e-15, g2_sigma)'
NonDetection when fitting set of lines [6564.6  6564.6  6585.27] Angstrom, try a simpler model
[[Model]]
    ((Model(constant) + Model(gaussian, prefix='g0_')) + Model(gaussian, prefix='g1_'))
[[Fit Statistics]]
    # fitting method   = leastsq
    # function evals   = 16000
    # data points      = 66
    # variables        = 7
    chi-square         = 2684.92178
    reduced chi-square = 45.5071488
    Akaike info crit   = 258.579641
    Bayesian info crit = 273.907224
    R-squared          = 0.63422757
##  Warning: uncertainties could not be estimated:
    g0_center:     at boundary
    g1_center:     at boundary
[[Variables]]
    c:            -282.596381 (init = 77.68534)
    g0_amplitude:  94367.5645 (init = 350.4901)
    g0_center:     6561.60000 (init = 6564.6)
    g0_sigma:      82.1135688 (init = 1.541874)
    g1_amplitude: -79420.7337 (init = 350.4901)
    g1_center:     6567.60000 (init = 6564.6)
    g1_sigma:      582.243892 (init = 1.541874)
    g0_fwhm:       193.362674 == '2.3548200*g0_sigma'
    g0_height:     458.477372 == '0.3989423*g0_amplitude/max(1e-15, g0_sigma)'
    g1_fwhm:       1371.07956 == '2.3548200*g1_sigma'
    g1_height:    -54.4175570 == '0.3989423*g1_amplitude/max(1e-15, g1_sigma)'
NonDetection when fitting set of lines [6564.6 6564.6] Angstrom, try a simpler model
[[Model]]
    ((Model(constant) + Model(gaussian, prefix='g0_')) + Model(gaussian, prefix='g1_'))
[[Fit Statistics]]
    # fitting method   = leastsq
    # function evals   = 3058
    # data points      = 66
    # variables        = 7
    chi-square         = 167.983718
    reduced chi-square = 2.84718166
    Akaike info crit   = 75.6580129
    Bayesian info crit = 90.9855961
    R-squared          = 0.97711523
[[Variables]]
    c:             30.4820950 +/- 11.5420853 (37.87%) (init = 77.68534)
    g0_amplitude:  9618.84603 +/- 2698.00090 (28.05%) (init = 350.4901)
    g0_center:     6567.27769 +/- 3.45052427 (0.05%) (init = 6564.6)
    g0_sigma:      24.3493303 +/- 2.74855362 (11.29%) (init = 1.541874)
    g1_amplitude: -3227.35856 +/- 1526.20129 (47.29%) (init = 350.4901)
    g1_center:     6582.27000 +/- 0.06025833 (0.00%) (init = 6585.27)
    g1_sigma:      14.6468977 +/- 1.90310422 (12.99%) (init = 1.541874)
    g0_fwhm:       57.3382900 +/- 6.47234902 (11.29%) == '2.3548200*g0_sigma'
    g0_height:     157.596308 +/- 30.0509367 (19.07%) == '0.3989423*g0_amplitude/max(1e-15, g0_sigma)'
    g1_fwhm:       34.4908076 +/- 4.48146790 (12.99%) == '2.3548200*g1_sigma'
    g1_height:    -87.9046112 +/- 30.5430953 (34.75%) == '0.3989423*g1_amplitude/max(1e-15, g1_sigma)'
[[Correlations]] (unreported correlations are < 0.100)
    C(g1_amplitude, g1_sigma)     = -0.9747
    C(g0_amplitude, g0_center)    = +0.9728
    C(c, g0_sigma)                = -0.9718
    C(g0_center, g1_amplitude)    = -0.9716
    C(g0_amplitude, g1_amplitude) = -0.9221
    C(g0_center, g1_sigma)        = +0.9167
    C(c, g0_amplitude)            = -0.9119
    C(g0_sigma, g1_center)        = +0.9038
    C(g0_amplitude, g0_sigma)     = +0.8695
    C(g0_amplitude, g1_sigma)     = +0.8549
    C(c, g0_center)               = -0.8081
    C(c, g1_center)               = -0.8067
    C(g0_center, g0_sigma)        = +0.7698
    C(c, g1_amplitude)            = +0.6847
    C(g0_amplitude, g1_center)    = +0.6380
    C(g0_sigma, g1_amplitude)     = -0.6247
    C(c, g1_sigma)                = -0.5828
    C(g0_center, g1_center)       = +0.5524
    C(g0_sigma, g1_sigma)         = +0.5319
    C(g1_amplitude, g1_center)    = -0.3611
    C(g1_center, g1_sigma)        = +0.2687
Warning: non-constant dispersion
Warning: non-constant dispersion
Warning: non-constant dispersion
Warning: non-constant dispersion
[[Model]]
    ((Model(constant) + Model(gaussian, prefix='g0_')) + Model(gaussian, prefix='g1_'))
[[Fit Statistics]]
    # fitting method   = leastsq
    # function evals   = 287
    # data points      = 61
    # variables        = 7
    chi-square         = 9.86663597
    reduced chi-square = 0.18271548
    Akaike info crit   = -97.1246090
    Bayesian info crit = -82.3484920
    R-squared          = 0.27703906
[[Variables]]
    c:             793.255724 +/- 12.0751257 (1.52%) (init = 813.0207)
    g0_amplitude:  2276.56842 +/- 1333.00878 (58.55%) (init = 554.9873)
    g0_center:     6715.29000 +/- 78.3082447 (1.17%) (init = 6718.29)
    g0_sigma:      16.2102165 +/- 6.68159213 (41.22%) (init = 1.541874)
    g1_amplitude: -454.548451 +/- 394.467616 (86.78%) (init = 554.9873)
    g1_center:     6731.67044 +/- 1.84299566 (0.03%) (init = 6732.67)
    g1_sigma:      3.55376464 +/- 2.35866913 (66.37%) (init = 1.541874)
    g0_fwhm:       38.1721420 +/- 15.7339468 (41.22%) == '2.3548200*g0_sigma'
    g0_height:     56.0275949 +/- 15.8340126 (28.26%) == '0.3989423*g0_amplitude/max(1e-15, g0_sigma)'
    g1_fwhm:       8.36847606 +/- 5.55424123 (66.37%) == '2.3548200*g1_sigma'
    g1_height:    -51.0271846 +/- 27.2437654 (53.39%) == '0.3989423*g1_amplitude/max(1e-15, g1_sigma)'
[[Correlations]] (unreported correlations are < 0.100)
    C(g0_amplitude, g0_sigma)     = +0.8968
    C(c, g0_amplitude)            = -0.8885
    C(c, g0_sigma)                = -0.7891
    C(g1_amplitude, g1_sigma)     = -0.7887
    C(g0_center, g1_amplitude)    = +0.7867
    C(g0_amplitude, g1_amplitude) = -0.6495
    C(g0_center, g1_sigma)        = -0.5973
    C(g0_sigma, g1_amplitude)     = -0.5701
    C(g0_amplitude, g0_center)    = -0.5337
    C(g0_amplitude, g1_sigma)     = +0.4765
    C(g0_center, g0_sigma)        = -0.4659
    C(g0_sigma, g1_sigma)         = +0.4047
    C(c, g1_amplitude)            = +0.3865
    C(c, g0_center)               = +0.3367
    C(c, g1_sigma)                = -0.2657
    C(g0_sigma, g1_center)        = +0.2093
    C(g0_amplitude, g1_center)    = +0.1015
NonDetection when fitting set of lines [6718.29 6732.67] Angstrom, try a simpler model
[[Model]]
    (Model(constant) + Model(gaussian, prefix='g0_'))
[[Fit Statistics]]
    # fitting method   = leastsq
    # function evals   = 136
    # data points      = 61
    # variables        = 4
    chi-square         = 10.9907567
    reduced chi-square = 0.19282029
    Akaike info crit   = -96.5429739
    Bayesian info crit = -88.0994785
    R-squared          = 0.19467103
[[Variables]]
    c:             795.717748 +/- 8.52546556 (1.07%) (init = 813.0207)
    g0_amplitude:  1566.09804 +/- 675.699517 (43.15%) (init = 554.9873)
    g0_center:     6715.29000 +/- 0.55459951 (0.01%) (init = 6718.29)
    g0_sigma:      12.5128803 +/- 4.54811402 (36.35%) (init = 1.541874)
    g0_fwhm:       29.4655807 +/- 10.7099899 (36.35%) == '2.3548200*g0_sigma'
    g0_height:     49.9311701 +/- 13.5162573 (27.07%) == '0.3989423*g0_amplitude/max(1e-15, g0_sigma)'
[[Correlations]] (unreported correlations are < 0.100)
    C(c, g0_amplitude)        = -0.8300
    C(g0_amplitude, g0_sigma) = +0.7811
    C(c, g0_sigma)            = -0.6439
Warning: non-constant dispersion
Warning: non-constant dispersion
Warning: non-constant dispersion
Matplotlib Version: 3.7.5
total 4280
-rw-rw-r-- 1 1000 1000  17367 Sep 28 17:10 docker.log
-rw-r--r-- 1 root root 487650 Sep 28 17:47 linefits.sdss.sdss.fiber1.001.Ha.Ha_broad.NII1.png
-rw-rw-r-- 1 1000 1000 479607 Sep 27 23:39 linefits.sdss.sdss.fiber1.001.Ha.NII1.png
-rw-r--r-- 1 root root 483860 Sep 28 17:45 linefits.sdss.sdss.fiber1.001.Hb.Hb_broad.png
-rw-rw-r-- 1 1000 1000 476010 Sep 27 23:39 linefits.sdss.sdss.fiber1.001.Hb.png
-rw-r--r-- 1 root root 486172 Sep 28 17:45 linefits.sdss.sdss.fiber1.001.OII.png
-rw-r--r-- 1 root root 457869 Sep 28 17:46 linefits.sdss.sdss.fiber1.001.OIII4.png
-rw-r--r-- 1 root root 444054 Sep 28 17:46 linefits.sdss.sdss.fiber1.001.OIII5.png
-rw-r--r-- 1 root root 483372 Sep 28 17:47 linefits.sdss.sdss.fiber1.001.SII1.SII2.png
-rw-r--r-- 1 root root  20160 Sep 28 17:47 linefits.sdss.sdss.fiber1.001.fits
-rw-r--r-- 1 root root 516898 Sep 28 17:47 linefits.sdss.sdss.fiber1.001.png
total 12K
-rw-r--r-- 1 root root 1.2K Sep 21 02:20 =5.2
drwxr-xr-x 1 root root 4.0K Sep 22 10:32 input
drwxrwxr-x 2 1000 1000 4.0K Sep 28 17:47 output
-rw-r--r-- 1 root root 1.2K Sep 21 02:20 /app/=5.2

/app/input:
total 124K
-rw-rw-r-- 1 1000 1000  12K Aug 28 20:16 Sky_bands.fits
-rw-rw-r-- 1 root root 1.6K Sep 22 04:00 gleam.sh
-rw-rw-r-- 1 1000 1000 2.4K Sep 28 13:06 gleamconfig.yaml
-rw-rw-r-- 1 1000 1000 8.5K Sep 27 12:39 line_table.fits
-rw-rw-r-- 1 1000 1000  115 Sep 28 17:44 meta.dat
-rw-rw-r-- 1 1000 1000  85K Sep 28 17:44 spec1d.sdss.sdss.fiber1.1.fits

/app/output:
total 4.2M
-rw-rw-r-- 1 1000 1000  17K Sep 28 17:10 docker.log
-rw-r--r-- 1 root root 477K Sep 28 17:47 linefits.sdss.sdss.fiber1.001.Ha.Ha_broad.NII1.png
-rw-rw-r-- 1 1000 1000 469K Sep 27 23:39 linefits.sdss.sdss.fiber1.001.Ha.NII1.png
-rw-r--r-- 1 root root 473K Sep 28 17:45 linefits.sdss.sdss.fiber1.001.Hb.Hb_broad.png
-rw-rw-r-- 1 1000 1000 465K Sep 27 23:39 linefits.sdss.sdss.fiber1.001.Hb.png
-rw-r--r-- 1 root root 475K Sep 28 17:45 linefits.sdss.sdss.fiber1.001.OII.png
-rw-r--r-- 1 root root 448K Sep 28 17:46 linefits.sdss.sdss.fiber1.001.OIII4.png
-rw-r--r-- 1 root root 434K Sep 28 17:46 linefits.sdss.sdss.fiber1.001.OIII5.png
-rw-r--r-- 1 root root 473K Sep 28 17:47 linefits.sdss.sdss.fiber1.001.SII1.SII2.png
-rw-r--r-- 1 root root  20K Sep 28 17:47 linefits.sdss.sdss.fiber1.001.fits
-rw-r--r-- 1 root root 505K Sep 28 17:47 linefits.sdss.sdss.fiber1.001.png
