WARNING: AstropyDeprecationWarning: The truth value of a Quantity is ambiguous. In the future this will raise a ValueError. [astropy.units.quantity]
Now working in  on sdss in sdss + fiber1 on source 1 at z=0.323.
Warning: non-constant dispersion
[[Model]]
    (Model(constant) + Model(gaussian, prefix='g0_'))
[[Fit Statistics]]
    # fitting method   = leastsq
    # function evals   = 45
    # data points      = 93
    # variables        = 4
    chi-square         = 697.446287
    reduced chi-square = 7.83647514
    Akaike info crit   = 195.378819
    Bayesian info crit = 205.509217
    R-squared          = 0.37695795
[[Variables]]
    c:             873.472504 +/- 3.69678386 (0.42%) (init = 878.9625)
    g0_amplitude:  724.479732 +/- 125.260470 (17.29%) (init = 216.3247)
    g0_center:     3725.48000 +/- 0.24140673 (0.01%) (init = 3728.48)
    g0_sigma:      2.70691001 +/- 0.50693853 (18.73%) (init = 0.8023909)
    g0_fwhm:       6.37428582 +/- 1.19374899 (18.73%) == '2.3548200*g0_sigma'
    g0_height:     106.773262 +/- 16.9188843 (15.85%) == '0.3989423*g0_amplitude/max(1e-15, g0_sigma)'
[[Correlations]] (unreported correlations are < 0.100)
    C(g0_amplitude, g0_sigma) = +0.6155
    C(c, g0_amplitude)        = -0.4247
    C(c, g0_sigma)            = -0.2614
Warning: non-constant dispersion
Warning: non-constant dispersion
[[Model]]
    ((Model(constant) + Model(gaussian, prefix='g0_')) + Model(gaussian, prefix='g1_'))
[[Fit Statistics]]
    # fitting method   = leastsq
    # function evals   = 744
    # data points      = 72
    # variables        = 7
    chi-square         = 82.8341451
    reduced chi-square = 1.27437146
    Akaike info crit   = 24.0925451
    Bayesian info crit = 40.0292079
    R-squared          = 0.99509670
[[Variables]]
    c:             107.483729 +/- 3.91935704 (3.65%) (init = 174.6066)
    g0_amplitude:  5602.18477 +/- 324.563023 (5.79%) (init = 153.7217)
    g0_center:     4861.71411 +/- 0.15515759 (0.00%) (init = 4862.68)
    g0_sigma:      19.7267744 +/- 0.94286683 (4.78%) (init = 0.8023909)
    g1_amplitude:  401.682470 +/- 82.0886433 (20.44%) (init = 153.7217)
    g1_center:     4859.68000 +/- 0.26507470 (0.01%) (init = 4862.68)
    g1_sigma:      5.79813388 +/- 0.59357842 (10.24%) (init = 0.8023909)
    g0_fwhm:       46.4530030 +/- 2.22028166 (4.78%) == '2.3548200*g0_sigma'
    g0_height:     113.295181 +/- 2.48865846 (2.20%) == '0.3989423*g0_amplitude/max(1e-15, g0_sigma)'
    g1_fwhm:       13.6535616 +/- 1.39777033 (10.24%) == '2.3548200*g1_sigma'
    g1_height:     27.6378800 +/- 3.31967636 (12.01%) == '0.3989423*g1_amplitude/max(1e-15, g1_sigma)'
[[Correlations]] (unreported correlations are < 0.100)
    C(c, g0_amplitude)            = -0.9850
    C(c, g0_sigma)                = -0.9649
    C(g0_amplitude, g0_sigma)     = +0.9314
    C(g1_amplitude, g1_sigma)     = +0.9038
    C(g0_sigma, g1_amplitude)     = +0.8415
    C(c, g1_amplitude)            = -0.7206
    C(g0_sigma, g1_sigma)         = +0.6807
    C(g0_amplitude, g1_amplitude) = +0.6139
    C(c, g1_sigma)                = -0.5638
    C(g0_amplitude, g1_sigma)     = +0.4522
    C(g0_center, g1_amplitude)    = +0.3574
    C(g0_center, g1_sigma)        = +0.3183
    C(g0_sigma, g1_center)        = -0.3022
    C(g0_center, g0_sigma)        = +0.2867
    C(c, g1_center)               = +0.2762
    C(g0_center, g1_center)       = +0.2690
    C(g0_amplitude, g1_center)    = -0.2646
    C(g1_amplitude, g1_center)    = -0.2604
    C(c, g0_center)               = -0.2483
    C(g1_center, g1_sigma)        = -0.2128
    C(g0_amplitude, g0_center)    = +0.2068
Warning: non-constant dispersion
Warning: non-constant dispersion
[[Model]]
    (Model(constant) + Model(gaussian, prefix='g0_'))
[[Fit Statistics]]
    # fitting method   = leastsq
    # function evals   = 91
    # data points      = 69
    # variables        = 4
    chi-square         = 1669.58473
    reduced chi-square = 25.6859190
    Akaike info crit   = 227.849436
    Bayesian info crit = 236.785862
    R-squared          = 0.55625203
[[Variables]]
    c:             213.023209 +/- 3.76466702 (1.77%) (init = 217.1279)
    g0_amplitude:  998.043670 +/- 141.982218 (14.23%) (init = 233.7472)
    g0_center:     4957.30000 +/- 0.79562664 (0.02%) (init = 4960.3)
    g0_sigma:      3.39614524 +/- 0.51348001 (15.12%) (init = 0.8023909)
    g0_fwhm:       7.99731073 +/- 1.20915299 (15.12%) == '2.3548200*g0_sigma'
    g0_height:     117.239343 +/- 14.8811468 (12.69%) == '0.3989423*g0_amplitude/max(1e-15, g0_sigma)'
[[Correlations]] (unreported correlations are < 0.100)
    C(g0_amplitude, g0_sigma) = +0.6273
    C(c, g0_amplitude)        = -0.4788
    C(c, g0_sigma)            = -0.3004
Warning: non-constant dispersion
Warning: non-constant dispersion
[[Model]]
    (Model(constant) + Model(gaussian, prefix='g0_'))
[[Fit Statistics]]
    # fitting method   = leastsq
    # function evals   = 94
    # data points      = 68
    # variables        = 4
    chi-square         = 2822.63982
    reduced chi-square = 44.1037472
    Akaike info crit   = 261.362569
    Bayesian info crit = 270.240600
    R-squared          = 0.91354429
[[Variables]]
    c:             64.9218992 +/- 1.75118619 (2.70%) (init = 65.73174)
    g0_amplitude:  1483.06535 +/- 74.5646382 (5.03%) (init = 300.2611)
    g0_center:     5005.24000 +/- 0.01371762 (0.00%) (init = 5008.24)
    g0_sigma:      4.35066956 +/- 0.22636207 (5.20%) (init = 0.8023909)
    g0_fwhm:       10.2450437 +/- 0.53304192 (5.20%) == '2.3548200*g0_sigma'
    g0_height:     135.992286 +/- 5.87205884 (4.32%) == '0.3989423*g0_amplitude/max(1e-15, g0_sigma)'
[[Correlations]] (unreported correlations are < 0.100)
    C(g0_amplitude, g0_sigma) = +0.6442
    C(c, g0_amplitude)        = -0.5433
    C(c, g0_sigma)            = -0.3500
Warning: non-constant dispersion
Warning: non-constant dispersion
[[Model]]
    (((Model(constant) + Model(gaussian, prefix='g0_')) + Model(gaussian, prefix='g1_')) + Model(gaussian, prefix='g2_'))
[[Fit Statistics]]
    # fitting method   = leastsq
    # function evals   = 22000
    # data points      = 66
    # variables        = 10
    chi-square         = 162294.026
    reduced chi-square = 2898.10761
    Akaike info crit   = 535.295673
    Bayesian info crit = 557.192221
    R-squared          = 0.10760403
##  Warning: uncertainties could not be estimated:
    g0_center:     at boundary
    g1_center:     at boundary
    g2_center:     at boundary
[[Variables]]
    c:            -34.7431645 (init = 92.63014)
    g0_amplitude:  16350.1362 (init = 151.5103)
    g0_center:     6561.60003 (init = 6564.6)
    g0_sigma:      562.317951 (init = 0.8023909)
    g1_amplitude:  48186.2201 (init = 151.5103)
    g1_center:     6561.60001 (init = 6564.6)
    g1_sigma:      234.168499 (init = 0.8023909)
    g2_amplitude:  4345.04804 (init = 151.5103)
    g2_center:     6582.27023 (init = 6585.27)
    g2_sigma:      35.1959908 (init = 0.8023909)
    g0_fwhm:       1324.15756 == '2.3548200*g0_sigma'
    g0_height:     11.5997737 == '0.3989423*g0_amplitude/max(1e-15, g0_sigma)'
    g1_fwhm:       551.424666 == '2.3548200*g1_sigma'
    g1_height:     82.0926876 == '0.3989423*g1_amplitude/max(1e-15, g1_sigma)'
    g2_fwhm:       82.8802230 == '2.3548200*g2_sigma'
    g2_height:     49.2505942 == '0.3989423*g2_amplitude/max(1e-15, g2_sigma)'
NonDetection when fitting set of lines [6564.6  6564.6  6585.27] Angstrom, try a simpler model
[[Model]]
    ((Model(constant) + Model(gaussian, prefix='g0_')) + Model(gaussian, prefix='g1_'))
[[Fit Statistics]]
    # fitting method   = leastsq
    # function evals   = 621
    # data points      = 66
    # variables        = 7
    chi-square         = 1637.65788
    reduced chi-square = 27.7569132
    Akaike info crit   = 225.950264
    Bayesian info crit = 241.277847
    R-squared          = 0.99099511
[[Variables]]
    c:             31.9154491 +/- 1.77918088 (5.57%) (init = 92.63014)
    g0_amplitude:  76.0709154 +/- 18.5499258 (24.39%) (init = 151.5103)
    g0_center:     6561.64828 +/- 0.37357213 (0.01%) (init = 6564.6)
    g0_sigma:      1.67077942 +/- 0.40605039 (24.30%) (init = 0.8023909)
    g1_amplitude:  6487.48492 +/- 199.421737 (3.07%) (init = 151.5103)
    g1_center:     6561.60000 +/- 0.01864747 (0.00%) (init = 6564.6)
    g1_sigma:      22.2158679 +/- 0.47811703 (2.15%) (init = 0.8023909)
    g0_fwhm:       3.93438480 +/- 0.95617558 (24.30%) == '2.3548200*g0_sigma'
    g0_height:     18.1639213 +/- 3.63471663 (20.01%) == '0.3989423*g0_amplitude/max(1e-15, g0_sigma)'
    g1_fwhm:       52.3143699 +/- 1.12587954 (2.15%) == '2.3548200*g1_sigma'
    g1_height:     116.499260 +/- 1.79820569 (1.54%) == '0.3989423*g1_amplitude/max(1e-15, g1_sigma)'
[[Correlations]] (unreported correlations are < 0.100)
    C(c, g1_amplitude)            = -0.9559
    C(g1_amplitude, g1_sigma)     = +0.8842
    C(c, g1_sigma)                = -0.8374
    C(g0_amplitude, g0_sigma)     = +0.6622
    C(g0_amplitude, g1_sigma)     = +0.3840
    C(g0_sigma, g1_sigma)         = +0.2461
    C(c, g0_amplitude)            = -0.2089
    C(g0_amplitude, g1_amplitude) = +0.1513
    C(c, g0_sigma)                = -0.1327
    C(c, g1_center)               = -0.1310
Warning: non-constant dispersion
Warning: non-constant dispersion
Warning: non-constant dispersion
Warning: non-constant dispersion
[[Model]]
    ((Model(constant) + Model(gaussian, prefix='g0_')) + Model(gaussian, prefix='g1_'))
[[Fit Statistics]]
    # fitting method   = leastsq
    # function evals   = 16000
    # data points      = 61
    # variables        = 7
    chi-square         = 241.854703
    reduced chi-square = 4.47879079
    Akaike info crit   = 98.0252600
    Bayesian info crit = 112.801377
    R-squared          = 0.32188399
##  Warning: uncertainties could not be estimated:
    g0_center:     at boundary
[[Variables]]
    c:             244.123178 (init = 389.019)
    g0_amplitude:  19376.9582 (init = 132.3896)
    g0_center:     6715.29002 (init = 6718.29)
    g0_sigma:      48.4823100 (init = 0.8023909)
    g1_amplitude: -125.335415 (init = 132.3896)
    g1_center:     6730.60709 (init = 6732.67)
    g1_sigma:      0.43285291 (init = 0.8023909)
    g0_fwhm:       114.167113 == '2.3548200*g0_sigma'
    g0_height:     159.445543 == '0.3989423*g0_amplitude/max(1e-15, g0_sigma)'
    g1_fwhm:       1.01929068 == '2.3548200*g1_sigma'
    g1_height:    -115.516375 == '0.3989423*g1_amplitude/max(1e-15, g1_sigma)'
NonDetection when fitting set of lines [6718.29 6732.67] Angstrom, try a simpler model
[[Model]]
    (Model(constant) + Model(gaussian, prefix='g0_'))
[[Fit Statistics]]
    # fitting method   = leastsq
    # function evals   = 10000
    # data points      = 61
    # variables        = 4
    chi-square         = 245.716109
    reduced chi-square = 4.31080894
    Akaike info crit   = 92.9914817
    Bayesian info crit = 101.434977
    R-squared          = 0.31105731
##  Warning: uncertainties could not be estimated:
    g0_center:     at boundary
[[Variables]]
    c:             245.830999 (init = 389.019)
    g0_amplitude:  19073.2113 (init = 132.3896)
    g0_center:     6715.29002 (init = 6718.29)
    g0_sigma:      48.6642223 (init = 0.8023909)
    g0_fwhm:       114.595484 == '2.3548200*g0_sigma'
    g0_height:     156.359444 == '0.3989423*g0_amplitude/max(1e-15, g0_sigma)'
NonDetection when fitting set of lines [6718.29] Angstrom, try a simpler model
[[Model]]
    (Model(constant) + Model(gaussian, prefix='g0_'))
[[Fit Statistics]]
    # fitting method   = leastsq
    # function evals   = 40
    # data points      = 61
    # variables        = 4
    chi-square         = 356.422248
    reduced chi-square = 6.25302190
    Akaike info crit   = 115.679778
    Bayesian info crit = 124.123273
    R-squared          = 6.5770e-04
[[Variables]]
    c:             378.876780 +/- 5.43162591 (1.43%) (init = 389.019)
    g0_amplitude: -35.2431459 +/- 7.9302e+17 (2250129036372002048.00%) (init = 132.3896)
    g0_center:     6731.79681 +/- 1.4764e+15 (21931530560709.06%) (init = 6732.67)
    g0_sigma:      0.20557226 +/- 3.8415e+14 (186866957255730112.00%) (init = 0.8023909)
    g0_fwhm:       0.48408566 +/- 9.0460e+14 (186866956725137472.00%) == '2.3548200*g0_sigma'
    g0_height:    -68.3943537 +/- 1.6668e+18 (2436995982762338304.00%) == '0.3989423*g0_amplitude/max(1e-15, g0_sigma)'
[[Correlations]] (unreported correlations are < 0.100)
    C(g0_amplitude, g0_sigma)  = +1.0000
    C(g0_amplitude, g0_center) = -1.0000
    C(g0_center, g0_sigma)     = -1.0000
    C(c, g0_sigma)             = +0.1302
    C(c, g0_amplitude)         = +0.1302
    C(c, g0_center)            = -0.1302
NonDetection when fitting set of lines [6732.67] Angstrom, try a simpler model
[[Model]]
    Model(constant)
[[Fit Statistics]]
    # fitting method   = leastsq
    # function evals   = 5
    # data points      = 61
    # variables        = 1
    chi-square         = 356.656822
    reduced chi-square = 5.94428037
    Akaike info crit   = 109.719911
    Bayesian info crit = 111.830784
    R-squared          = 0.00000000
[[Variables]]
    c:  378.744343 +/- 5.16397779 (1.36%) (init = 389.019)
Warning: non-constant dispersion
Warning: non-constant dispersion
Warning: non-constant dispersion
Warning: non-constant dispersion
Warning: non-constant dispersion
Matplotlib Version: 3.7.5
total 3888
-rw-rw-r-- 1 1000  984  13584 Sep 22 04:23 docker.log
-rw-r--r-- 1 root root 437136 Sep 27 17:18 linefits.sdss.sdss.fiber1.001.Ha.Ha_broad.NII1.png
-rw-r--r-- 1 1000  984 437506 Sep 22 04:20 linefits.sdss.sdss.fiber1.001.Ha.NII1.png
-rw-r--r-- 1 root root 441342 Sep 27 17:17 linefits.sdss.sdss.fiber1.001.Hb.Hb_broad.png
-rw-r--r-- 1 1000  984 434830 Sep 22 04:18 linefits.sdss.sdss.fiber1.001.Hb.png
-rw-r--r-- 1 root root 437266 Sep 27 17:16 linefits.sdss.sdss.fiber1.001.OII.png
-rw-r--r-- 1 root root 418766 Sep 27 17:17 linefits.sdss.sdss.fiber1.001.OIII4.png
-rw-r--r-- 1 root root 421672 Sep 27 17:17 linefits.sdss.sdss.fiber1.001.OIII5.png
-rw-r--r-- 1 root root 445386 Sep 27 17:19 linefits.sdss.sdss.fiber1.001.SII1.SII2.png
-rw-r--r-- 1 root root  20160 Sep 27 17:20 linefits.sdss.sdss.fiber1.001.fits
-rw-r--r-- 1 root root 457930 Sep 27 17:20 linefits.sdss.sdss.fiber1.001.png
total 12K
-rw-r--r-- 1 root root 1.2K Sep 21 02:20 =5.2
drwxr-xr-x 1 root root 4.0K Sep 22 10:32 input
drwxrwxr-x 2 1000  984 4.0K Sep 27 17:20 output
-rw-r--r-- 1 root root 1.2K Sep 21 02:20 /app/=5.2

/app/input:
total 124K
-rw-rw-r-- 1 1000  984  12K Aug 28 20:16 Sky_bands.fits
-rw-rw-r-- 1 root root 1.6K Sep 22 04:00 gleam.sh
-rw-rw-r-- 1 1000  984 2.4K Sep 27 16:29 gleamconfig.yaml
-rw-rw-r-- 1 1000  984 8.5K Sep 27 12:39 line_table.fits
-rw-rw-r-- 1 1000  984  115 Sep 27 17:09 meta.dat
-rw-rw-r-- 1 1000 1000  85K Sep 27 17:09 spec1d.sdss.sdss.fiber1.1.fits

/app/output:
total 3.8M
-rw-rw-r-- 1 1000  984  14K Sep 22 04:23 docker.log
-rw-r--r-- 1 root root 427K Sep 27 17:18 linefits.sdss.sdss.fiber1.001.Ha.Ha_broad.NII1.png
-rw-r--r-- 1 1000  984 428K Sep 22 04:20 linefits.sdss.sdss.fiber1.001.Ha.NII1.png
-rw-r--r-- 1 root root 431K Sep 27 17:17 linefits.sdss.sdss.fiber1.001.Hb.Hb_broad.png
-rw-r--r-- 1 1000  984 425K Sep 22 04:18 linefits.sdss.sdss.fiber1.001.Hb.png
-rw-r--r-- 1 root root 428K Sep 27 17:16 linefits.sdss.sdss.fiber1.001.OII.png
-rw-r--r-- 1 root root 409K Sep 27 17:17 linefits.sdss.sdss.fiber1.001.OIII4.png
-rw-r--r-- 1 root root 412K Sep 27 17:17 linefits.sdss.sdss.fiber1.001.OIII5.png
-rw-r--r-- 1 root root 435K Sep 27 17:19 linefits.sdss.sdss.fiber1.001.SII1.SII2.png
-rw-r--r-- 1 root root  20K Sep 27 17:20 linefits.sdss.sdss.fiber1.001.fits
-rw-r--r-- 1 root root 448K Sep 27 17:20 linefits.sdss.sdss.fiber1.001.png
