<IPython.core.display.HTML object>
/app/BADASS3/example_spectra/2-onur
/app/BADASS3/example_spectra/2-onur/my_sdss.fits
0.08313549309968948
Start process memory: 0.22347776                    
 Folder has not been created.  Creating MCMC_output folder...

 > Starting fit for 2-onur

 Input fitting region exceeds available wavelength range.  BADASS will adjust your fitting range automatically...
		- Input fitting range: (2900, 8000)
		- Available wavelength range: (3293, 9601)
		- New fitting region is (3293, 8000). 


 Input spectrum is not linearly binned. BADASS will linearly rebin and conserve flux...


-----------------------------------------------------------
 file:                        my_sdss.fits                  
 redshift:                    0.08314                       
 fitting region:              (3293,8000) [A]               
 velocity scale:              69.03 [km/s/pixel]            
 Galactic E(B-V):             0.000                         
 Flux Normalization:          1e-17                         
 Fit Normalization:           59.74588                      
-----------------------------------------------------------

 Initializing parameters...
----------------------------------------------------------------------------------------------------
	- Fitting additive legendre polynomial component.
	- Fitting Simple AGN power-law continuum.
	- Fitting broad and narrow optical FeII using Veron-Cetty et al. (2004) optical FeII templates
	 		* varying optical FeII amplitudes
	 		* varying optical FeII dispersion.
	 		* varying optical FeII voff

 Warning! Peak finding algorithm used for initial guesses of amplitude and velocity failed! Defaulting to user-defined locations...

 Warning! Peak finding algorithm used for initial guesses of amplitude and velocity failed! Defaulting to user-defined locations...

----------------------------------------------------------------------------------------------------------------------------------------

----------------------------------------------------------------------------------------------------------------------------------------

 Line List:

----------------------------------------------------------------------------------------------------------------------------------------
BR_H_ALPHA                                                                                
                              amp                           free                          
                              center                        6564.6                        
                              center_pix                    2996.174218320858             
                              disp                          free                          
                              disp_res_ang                  2.3524176859046313            
                              disp_res_kms                  107.43032024800007            
                              line_profile                  gaussian                      
                              line_type                     br                            
                              ncomp                         1                             
                              voff                          free                          
BR_H_BETA                                                                                 
                              amp                           free                          
                              center                        4862.691                      
                              center_pix                    1692.9154966774322            
                              disp                          free                          
                              disp_res_ang                  2.3524176859046313            
                              disp_res_kms                  145.03020658726234            
                              line_profile                  gaussian                      
                              line_type                     br                            
                              ncomp                         1                             
                              voff                          free                          
BR_OII                                                                                    
                              amp                           free                          
                              center                        3727.09                       
                              center_pix                    537.8982776554946             
                              disp                          free                          
                              disp_res_ang                  2.3524176859046313            
                              disp_res_kms                  189.21922473029127            
                              line_profile                  gaussian                      
                              line_type                     br                            
                              ncomp                         1                             
                              voff                          free                          
BR_OIII_a                                                                                 
                              amp                           (BR_OIII_b_AMP/2.98)          
                              center                        4960.295                      
                              center_pix                    1779.2200220029545            
                              disp                          BR_OIII_b_DISP                
                              disp_res_ang                  2.3524176859046313            
                              disp_res_kms                  142.17643916340083            
                              line_profile                  gaussian                      
                              line_type                     br                            
                              ncomp                         1                             
                              voff                          BR_OIII_b_VOFF                
BR_OIII_b                                                                                 
                              amp                           free                          
                              center                        5008.24                       
                              center_pix                    1820.9944749259575            
                              disp                          free                          
                              disp_res_ang                  2.3524176859046313            
                              disp_res_kms                  140.81535235931614            
                              line_profile                  gaussian                      
                              line_type                     br                            
                              ncomp                         1                             
                              voff                          free                          
NA_H_ALPHA                                                                                
                              amp                           free                          
                              center                        6564.6                        
                              center_pix                    2996.174218320858             
                              disp                          free                          
                              disp_res_ang                  2.3524176859046313            
                              disp_res_kms                  107.43032024800007            
                              label                         [H$\alpha$]                   
                              line_profile                  gaussian                      
                              line_type                     na                            
                              ncomp                         1                             
                              voff                          free                          
NA_H_BETA                                                                                 
                              amp                           free                          
                              center                        4862.691                      
                              center_pix                    1692.9154966774322            
                              disp                          free                          
                              disp_res_ang                  2.3524176859046313            
                              disp_res_kms                  145.03020658726234            
                              label                         H$\beta$                      
                              line_profile                  gaussian                      
                              line_type                     na                            
                              ncomp                         1                             
                              voff                          free                          
NA_OII                                                                                    
                              amp                           free                          
                              center                        3727.09                       
                              center_pix                    537.8982776554946             
                              disp                          free                          
                              disp_res_ang                  2.3524176859046313            
                              disp_res_kms                  189.21922473029127            
                              label                         [OII]                         
                              line_profile                  gaussian                      
                              line_type                     na                            
                              ncomp                         1                             
                              voff                          free                          
NA_OIII_a                                                                                 
                              amp                           (NA_OIII_b_AMP/2.98)          
                              center                        4960.295                      
                              center_pix                    1779.2200220029545            
                              disp                          NA_OIII_b_DISP                
                              disp_res_ang                  2.3524176859046313            
                              disp_res_kms                  142.17643916340083            
                              label                         [OIIIa]                       
                              line_profile                  gaussian                      
                              line_type                     na                            
                              ncomp                         1                             
                              voff                          NA_OIII_b_VOFF                
NA_OIII_b                                                                                 
                              amp                           free                          
                              center                        5008.24                       
                              center_pix                    1820.9944749259575            
                              disp                          free                          
                              disp_res_ang                  2.3524176859046313            
                              disp_res_kms                  140.81535235931614            
                              label                         [OIIIb]                       
                              line_profile                  gaussian                      
                              line_type                     na                            
                              ncomp                         1                             
                              voff                          free                          

----------------------------------------------------------------------------------------------------------------------------------------

 Number of Free Line Parameters: 24

----------------------------------------------------------------------------------------------------------------------------------------

 All Free Parameters:

----------------------------------------------------------------------------------------------------------------------------------------
APOLY_COEFF_1                                                                             
                              init                          0.0                           
                              plim                          (-100.0, 100.0)               
APOLY_COEFF_2                                                                             
                              init                          0.0                           
                              plim                          (-100.0, 100.0)               
APOLY_COEFF_3                                                                             
                              init                          0.0                           
                              plim                          (-100.0, 100.0)               
APOLY_COEFF_4                                                                             
                              init                          0.0                           
                              plim                          (-100.0, 100.0)               
APOLY_COEFF_5                                                                             
                              init                          0.0                           
                              plim                          (-100.0, 100.0)               
APOLY_COEFF_6                                                                             
                              init                          0.0                           
                              plim                          (-100.0, 100.0)               
APOLY_COEFF_7                                                                             
                              init                          0.0                           
                              plim                          (-100.0, 100.0)               
BR_H_ALPHA_AMP                                                                            
                              init                          0.6416505583054366            
                              plim                          (0, 50)                       
BR_H_ALPHA_DISP                                                                           
                              init                          3300.0                        
                              plim                          (600, 6000)                   
BR_H_ALPHA_VOFF                                                                           
                              init                          0.0                           
                              plim                          (-1500, 1500)                 
                              prior                         {'type': 'gaussian'}          
BR_H_BETA_AMP                                                                             
                              init                          0.3211240276067845            
                              plim                          (0, 50)                       
BR_H_BETA_DISP                                                                            
                              init                          3300.0                        
                              plim                          (600, 6000)                   
BR_H_BETA_VOFF                                                                            
                              init                          0.0                           
                              plim                          (-1500, 1500)                 
                              prior                         {'type': 'gaussian'}          
BR_OIII_b_AMP                                                                             
                              init                          0.775808862835462             
                              plim                          (0, 50)                       
BR_OIII_b_DISP                                                                            
                              init                          3300.0                        
                              plim                          (600, 6000)                   
BR_OIII_b_VOFF                                                                            
                              init                          0.0                           
                              plim                          (-1500, 1500)                 
                              prior                         {'type': 'gaussian'}          
BR_OII_AMP                                                                                
                              init                          0.24637339807990716           
                              plim                          (0, 50)                       
BR_OII_DISP                                                                               
                              init                          3300.0                        
                              plim                          (600, 6000)                   
BR_OII_VOFF                                                                               
                              init                          0.0                           
                              plim                          (-1500, 1500)                 
                              prior                         {'type': 'gaussian'}          
BR_OPT_FEII_AMP                                                                           
                              init                          0.024108693383498248          
                              plim                          (0, 1.4999999932870236)       
BR_OPT_FEII_DISP                                                                          
                              init                          500.0                         
                              plim                          (500.0, 5000.0)               
BR_OPT_FEII_VOFF                                                                          
                              init                          0.0                           
                              plim                          (-500.0, 500.0)               
NA_H_ALPHA_AMP                                                                            
                              init                          0.6416505583054366            
                              plim                          (0, 50)                       
NA_H_ALPHA_DISP                                                                           
                              init                          1300.0                        
                              plim                          (100, 2500)                   
NA_H_ALPHA_VOFF                                                                           
                              init                          0.0                           
                              plim                          (-1000, 1000)                 
                              prior                         {'type': 'gaussian'}          
NA_H_BETA_AMP                                                                             
                              init                          0.3211240276067845            
                              plim                          (0, 50)                       
NA_H_BETA_DISP                                                                            
                              init                          1300.0                        
                              plim                          (100, 2500)                   
NA_H_BETA_VOFF                                                                            
                              init                          0.0                           
                              plim                          (-1000, 1000)                 
                              prior                         {'type': 'gaussian'}          
NA_OIII_b_AMP                                                                             
                              init                          0.775808862835462             
                              plim                          (0, 50)                       
NA_OIII_b_DISP                                                                            
                              init                          1300.0                        
                              plim                          (100, 2500)                   
NA_OIII_b_VOFF                                                                            
                              init                          0.0                           
                              plim                          (-1000, 1000)                 
                              prior                         {'type': 'gaussian'}          
NA_OII_AMP                                                                                
                              init                          0.24637339807990716           
                              plim                          (0, 50)                       
NA_OII_DISP                                                                               
                              init                          1300.0                        
                              plim                          (100, 2500)                   
NA_OII_VOFF                                                                               
                              init                          0.0                           
                              plim                          (-1000, 1000)                 
                              prior                         {'type': 'gaussian'}          
NA_OPT_FEII_AMP                                                                           
                              init                          0.024108693383498248          
                              plim                          (0, 1.4999999932870236)       
NA_OPT_FEII_DISP                                                                          
                              init                          10.0                          
                              plim                          (0.1, 500.0)                  
NA_OPT_FEII_VOFF                                                                          
                              init                          0.0                           
                              plim                          (-500.0, 500.0)               
POWER_AMP                                                                                 
                              init                          0.12054346691749124           
                              plim                          (0, 1.4999999932870236)       
POWER_SLOPE                                                                               
                              init                          -1.0                          
                              plim                          (-6.0, 6.0)                   

----------------------------------------------------------------------------------------------------------------------------------------

 Total number of free parameters: 39

----------------------------------------------------------------------------------------------------------------------------------------

 Soft Constraints:


----------------------------------------------------------------------------------------------------------------------------------------

----------------------------------------------------------------------------------------------------------------------------------------

 Required Maximum Likelihood RMSE threshold: 0.2737 


 Performing max. likelihood fitting.

 Using Basin-hopping algorithm to estimate parameters. niter_success = 5
basinhopping step 0: f 4.04785
 Fit Status: False
 Force threshold: 0.2737
 Lowest RMSE: 0.1344
 Current RMSE: 0.1344
 Accepted count: 1
 Basinhop count: 0


adaptive stepsize: acceptance rate 0.000000 target 0.500000 new stepsize 0.9 old stepsize 1
basinhopping step 1: f 4.04785 trial_f 4.54605 accepted 0  lowest_f 4.04785
 Fit Status: False
 Force threshold: 0.2737
 Lowest RMSE: 0.1344
 Current RMSE: 0.1424
 Accepted count: 1
 Basinhop count: 1


adaptive stepsize: acceptance rate 0.000000 target 0.500000 new stepsize 0.81 old stepsize 0.9
basinhopping step 2: f 1.7885 trial_f 1.7885 accepted 1  lowest_f 1.7885
found new global minimum on step 2 with function value 1.7885
 Fit Status: False
 Force threshold: 0.2737
 Lowest RMSE: 0.0893
 Current RMSE: 0.0893
 Accepted count: 2
 Basinhop count: 0


adaptive stepsize: acceptance rate 0.333333 target 0.500000 new stepsize 0.729 old stepsize 0.81
basinhopping step 3: f 1.78852 trial_f 1.78852 accepted 1  lowest_f 1.7885
 Fit Status: False
 Force threshold: 0.2737
 Lowest RMSE: 0.0893
 Current RMSE: 0.0893
 Accepted count: 3
 Basinhop count: 1


adaptive stepsize: acceptance rate 0.500000 target 0.500000 new stepsize 0.6561 old stepsize 0.729
basinhopping step 4: f 1.7584 trial_f 1.7584 accepted 1  lowest_f 1.7584
found new global minimum on step 4 with function value 1.7584
 Fit Status: False
 Force threshold: 0.2737
 Lowest RMSE: 0.0886
 Current RMSE: 0.0886
 Accepted count: 4
 Basinhop count: 0


adaptive stepsize: acceptance rate 0.600000 target 0.500000 new stepsize 0.729 old stepsize 0.6561
basinhopping step 5: f 1.70454 trial_f 1.70454 accepted 1  lowest_f 1.70454
found new global minimum on step 5 with function value 1.70454
 Fit Status: False
 Force threshold: 0.2737
 Lowest RMSE: 0.0872
 Current RMSE: 0.0872
 Accepted count: 5
 Basinhop count: 0


adaptive stepsize: acceptance rate 0.666667 target 0.500000 new stepsize 0.81 old stepsize 0.729
basinhopping step 6: f 1.79448 trial_f 1.79448 accepted 1  lowest_f 1.70454
 Fit Status: False
 Force threshold: 0.2737
 Lowest RMSE: 0.0872
 Current RMSE: 0.0895
 Accepted count: 6
 Basinhop count: 1


adaptive stepsize: acceptance rate 0.714286 target 0.500000 new stepsize 0.9 old stepsize 0.81
basinhopping step 7: f 1.75811 trial_f 1.75811 accepted 1  lowest_f 1.70454
 Fit Status: False
 Force threshold: 0.2737
 Lowest RMSE: 0.0872
 Current RMSE: 0.0886
 Accepted count: 7
 Basinhop count: 2


adaptive stepsize: acceptance rate 0.750000 target 0.500000 new stepsize 1 old stepsize 0.9
basinhopping step 8: f 1.71637 trial_f 1.71637 accepted 1  lowest_f 1.70454
 Fit Status: False
 Force threshold: 0.2737
 Lowest RMSE: 0.0872
 Current RMSE: 0.0875
 Accepted count: 8
 Basinhop count: 3


adaptive stepsize: acceptance rate 0.777778 target 0.500000 new stepsize 1.11111 old stepsize 1
basinhopping step 9: f 1.71637 trial_f 5.62506 accepted 0  lowest_f 1.70454
 Fit Status: False
 Force threshold: 0.2737
 Lowest RMSE: 0.0872
 Current RMSE: 0.1584
 Accepted count: 8
 Basinhop count: 4


adaptive stepsize: acceptance rate 0.700000 target 0.500000 new stepsize 1.23457 old stepsize 1.11111
basinhopping step 10: f 1.71637 trial_f 4.88381 accepted 0  lowest_f 1.70454
 Fit Status: True
 Force threshold: 0.2737
 Lowest RMSE: 0.0872
 Current RMSE: 0.1476
 Accepted count: 8
 Basinhop count: 5



 Performing Monte Carlo bootstrapping...
	   Completed 1 of 100 iterations.
	   Completed 2 of 100 iterations.
	   Completed 3 of 100 iterations.
	   Completed 4 of 100 iterations.
	   Completed 5 of 100 iterations.
	   Completed 6 of 100 iterations.
	   Completed 7 of 100 iterations.
	   Completed 8 of 100 iterations.
	   Completed 9 of 100 iterations.
	   Completed 10 of 100 iterations.
	   Completed 11 of 100 iterations.
	   Completed 12 of 100 iterations.
	   Completed 13 of 100 iterations.
	   Completed 14 of 100 iterations.
	   Completed 15 of 100 iterations.
	   Completed 16 of 100 iterations.
	   Completed 17 of 100 iterations.
	   Completed 18 of 100 iterations.
	   Completed 19 of 100 iterations.
	   Completed 20 of 100 iterations.
	   Completed 21 of 100 iterations.
	   Completed 22 of 100 iterations.
	   Completed 23 of 100 iterations.
	   Completed 24 of 100 iterations.
	   Completed 25 of 100 iterations.
	   Completed 26 of 100 iterations.
	   Completed 27 of 100 iterations.
	   Completed 28 of 100 iterations.
	   Completed 29 of 100 iterations.
	   Completed 30 of 100 iterations.
	   Completed 31 of 100 iterations.
	   Completed 32 of 100 iterations.
	   Completed 33 of 100 iterations.
	   Completed 34 of 100 iterations.
	   Completed 35 of 100 iterations.
	   Completed 36 of 100 iterations.
	   Completed 37 of 100 iterations.
	   Completed 38 of 100 iterations.
	   Completed 39 of 100 iterations.
	   Completed 40 of 100 iterations.
	   Completed 41 of 100 iterations.
	   Completed 42 of 100 iterations.
	   Completed 43 of 100 iterations.
	   Completed 44 of 100 iterations.
	   Completed 45 of 100 iterations.
	   Completed 46 of 100 iterations.
	   Completed 47 of 100 iterations.
	   Completed 48 of 100 iterations.
	   Completed 49 of 100 iterations.
	   Completed 50 of 100 iterations.
	   Completed 51 of 100 iterations.
	   Completed 52 of 100 iterations.
	   Completed 53 of 100 iterations.
	   Completed 54 of 100 iterations.
	   Completed 55 of 100 iterations.
	   Completed 56 of 100 iterations.
	   Completed 57 of 100 iterations.
	   Completed 58 of 100 iterations.
	   Completed 59 of 100 iterations.
	   Completed 60 of 100 iterations.
	   Completed 61 of 100 iterations.
	   Completed 62 of 100 iterations.
	   Completed 63 of 100 iterations.
	   Completed 64 of 100 iterations.
	   Completed 65 of 100 iterations.
	   Completed 66 of 100 iterations.
	   Completed 67 of 100 iterations.
	   Completed 68 of 100 iterations.
	   Completed 69 of 100 iterations.
	   Completed 70 of 100 iterations.
	   Completed 71 of 100 iterations.
	   Completed 72 of 100 iterations.
	   Completed 73 of 100 iterations.
	   Completed 74 of 100 iterations.
	   Completed 75 of 100 iterations.
	   Completed 76 of 100 iterations.
	   Completed 77 of 100 iterations.
	   Completed 78 of 100 iterations.
	   Completed 79 of 100 iterations.
	   Completed 80 of 100 iterations.
	   Completed 81 of 100 iterations.
	   Completed 82 of 100 iterations.
	   Completed 83 of 100 iterations.
	   Completed 84 of 100 iterations.
	   Completed 85 of 100 iterations.
	   Completed 86 of 100 iterations.
	   Completed 87 of 100 iterations.
	   Completed 88 of 100 iterations.
	   Completed 89 of 100 iterations.
	   Completed 90 of 100 iterations.
	   Completed 91 of 100 iterations.
	   Completed 92 of 100 iterations.
	   Completed 93 of 100 iterations.
	   Completed 94 of 100 iterations.
	   Completed 95 of 100 iterations.
	   Completed 96 of 100 iterations.
	   Completed 97 of 100 iterations.
	   Completed 98 of 100 iterations.
	   Completed 99 of 100 iterations.
	   Completed 100 of 100 iterations.

 Maximum Likelihood Best-fit Parameters:
--------------------------------------------------------------------------------------

Parameter                     Best-fit Value                +/- 1-sigma                   Flag                          
--------------------------------------------------------------------------------------
AGN_FRAC_4000                 1.000000                      0.000000                      1.0                           
AGN_FRAC_7000                 1.000000                      0.000000                      1.0                           
APOLY_COEFF_1                 -0.069553                     0.000508                      0.0                           
APOLY_COEFF_2                 -0.058915                     0.000346                      0.0                           
APOLY_COEFF_3                 -0.014472                     0.000367                      0.0                           
APOLY_COEFF_4                 0.020701                      0.000498                      0.0                           
APOLY_COEFF_5                 -0.023755                     0.000538                      0.0                           
APOLY_COEFF_6                 0.014279                      0.000539                      0.0                           
APOLY_COEFF_7                 0.002388                      0.000580                      0.0                           
BR_H_ALPHA_AMP                0.000000                      0.000000                      2.0                           
BR_H_ALPHA_DISP               3299.444411                   0.000000                      1.0                           
BR_H_ALPHA_DISP_CORR          3297.694975                   0.000000                      1.0                           
BR_H_ALPHA_DISP_RES           107.430320                    nan                           nan                           
BR_H_ALPHA_EW                 0.000000                      0.000000                      1.0                           
BR_H_ALPHA_FLUX               0.000000                      0.000000                      0.0                           
BR_H_ALPHA_FWHM               0.000000                      0.000000                      0.0                           
BR_H_ALPHA_FWHM_CORR          0.000000                      0.000000                      0.0                           
BR_H_ALPHA_LUM                0.000000                      0.000000                      1.0                           
BR_H_ALPHA_NPIX               0.000000                      0.000000                      0.0                           
BR_H_ALPHA_SNR                0.000000                      0.000000                      0.0                           
BR_H_ALPHA_VOFF               -0.804681                     0.000000                      0.0                           
BR_H_ALPHA_W80                0.000000                      0.000000                      0.0                           
BR_H_ALPHA_W80_CORR           0.000000                      0.000000                      0.0                           
BR_H_BETA_AMP                 0.945385                      0.124886                      0.0                           
BR_H_BETA_DISP                3297.490305                   0.003443                      0.0                           
BR_H_BETA_DISP_CORR           3294.299402                   0.003443                      0.0                           
BR_H_BETA_DISP_RES            145.030207                    nan                           nan                           
BR_H_BETA_EW                  9.676111                      1.281798                      0.0                           
BR_H_BETA_FLUX                -14.862365                    0.060068                      0.0                           
BR_H_BETA_FWHM                7765.102040                   0.008126                      0.0                           
BR_H_BETA_FWHM_CORR           7757.588268                   0.008126                      0.0                           
BR_H_BETA_LUM                 40.371350                     0.060068                      0.0                           
BR_H_BETA_NPIX                96.000000                     19.909993                     0.0                           
BR_H_BETA_SNR                 1.754792                      0.231810                      0.0                           
BR_H_BETA_VOFF                -4.797677                     0.001612                      0.0                           
BR_H_BETA_W80                 8649.017966                   0.029029                      0.0                           
BR_H_BETA_W80_CORR            8641.001680                   0.029029                      0.0                           
BR_OIII_a_AMP                 0.000195                      0.031252                      1.0                           
BR_OIII_a_DISP                3299.671966                   0.000039                      0.0                           
BR_OIII_a_DISP_CORR           3296.607490                   0.000039                      0.0                           
BR_OIII_a_DISP_RES            142.176439                    nan                           nan                           
BR_OIII_a_EW                  0.001774                      0.108935                      1.0                           
BR_OIII_a_FLUX                -18.595790                    0.000000                      1.0                           
BR_OIII_a_FWHM                7770.265622                   3069.483283                   0.0                           
BR_OIII_a_FWHM_CORR           7763.049578                   3069.483283                   0.0                           
BR_OIII_a_LUM                 36.637925                     0.000000                      0.0                           
BR_OIII_a_NPIX                0.000000                      0.000000                      0.0                           
BR_OIII_a_SNR                 0.000363                      0.019467                      0.0                           
BR_OIII_a_VOFF                -0.057042                     0.000025                      0.0                           
BR_OIII_a_W80                 6976.679179                   3060.792473                   0.0                           
BR_OIII_a_W80_CORR            6967.126489                   3060.792473                   0.0                           
BR_OIII_b_AMP                 0.000582                      0.031252                      1.0                           
BR_OIII_b_DISP                3299.671966                   0.000039                      0.0                           
BR_OIII_b_DISP_CORR           3296.665910                   0.000039                      0.0                           
BR_OIII_b_DISP_RES            140.815352                    nan                           nan                           
BR_OIII_b_EW                  0.005875                      0.326670                      1.0                           
BR_OIII_b_FLUX                -18.074342                    0.000000                      1.0                           
BR_OIII_b_FWHM                7770.230529                   2911.648411                   0.0                           
BR_OIII_b_FWHM_CORR           7763.152016                   2911.648411                   0.0                           
BR_OIII_b_LUM                 37.159374                     0.000000                      0.0                           
BR_OIII_b_NPIX                0.000000                      0.000000                      0.0                           
BR_OIII_b_SNR                 0.001081                      0.058009                      0.0                           
BR_OIII_b_VOFF                -0.057042                     0.000025                      0.0                           
BR_OIII_b_W80                 8158.084795                   3091.394195                   0.0                           
BR_OIII_b_W80_CORR            8150.072686                   3091.394195                   0.0                           
BR_OII_AMP                    0.000060                      0.008104                      1.0                           
BR_OII_DISP                   3299.301421                   0.000004                      0.0                           
BR_OII_DISP_CORR              3293.870968                   0.000004                      0.0                           
BR_OII_DISP_RES               189.219225                    nan                           nan                           
BR_OII_EW                     0.000089                      0.102289                      1.0                           
BR_OII_FLUX                   -20.106213                    0.000000                      1.0                           
BR_OII_FWHM                   965.815552                    3849.730697                   0.0                           
BR_OII_FWHM_CORR              856.892058                    3849.730697                   0.0                           
BR_OII_LUM                    35.127502                     0.000000                      0.0                           
BR_OII_NPIX                   0.000000                      0.000000                      0.0                           
BR_OII_SNR                    0.000112                      0.015053                      0.0                           
BR_OII_VOFF                   -0.546600                     0.000001                      0.0                           
BR_OII_W80                    781.746998                    4242.730933                   0.0                           
BR_OII_W80_CORR               612.534787                    4242.730933                   0.0                           
BR_OPT_FEII_AMP               0.000000                      0.016915                      1.0                           
BR_OPT_FEII_DISP              511.704697                    0.000001                      0.0                           
BR_OPT_FEII_TEMPLATE_EW       0.000000                      0.046981                      1.0                           
BR_OPT_FEII_TEMPLATE_FLUX     -29.852740                    0.000000                      1.0                           
BR_OPT_FEII_TEMPLATE_LUM      25.380975                     0.000000                      1.0                           
BR_OPT_FEII_VOFF              -66.062702                    0.000001                      0.0                           
HOST_FRAC_4000                0.160586                      0.001917                      0.0                           
HOST_FRAC_7000                -0.238031                     0.002367                      1.0                           
H_ALPHA_COMP_DISP             1146.624762                   0.627436                      0.0                           
H_ALPHA_COMP_DISP_CORR        1141.580952                   0.627436                      0.0                           
H_ALPHA_COMP_DISP_RES         107.430320                    nan                           nan                           
H_ALPHA_COMP_EW               101.185200                    1.411466                      0.0                           
H_ALPHA_COMP_FLUX             -13.807235                    0.005807                      0.0                           
H_ALPHA_COMP_FWHM             2700.822559                   1.473346                      0.0                           
H_ALPHA_COMP_FWHM_CORR        2688.948711                   1.473346                      0.0                           
H_ALPHA_COMP_LUM              41.426481                     0.005807                      0.0                           
H_ALPHA_COMP_NPIX             85.000000                     0.484441                      0.0                           
H_ALPHA_COMP_SNR              20.848816                     0.301032                      0.0                           
H_ALPHA_COMP_VOFF             304.540947                    0.183977                      0.0                           
H_ALPHA_COMP_W80              3010.497626                   1.683050                      0.0                           
H_ALPHA_COMP_W80_CORR         2997.840032                   1.683050                      0.0                           
H_BETA_COMP_DISP              2581.294752                   100.179068                    0.0                           
H_BETA_COMP_DISP_CORR         2577.217266                   100.179068                    0.0                           
H_BETA_COMP_DISP_RES          145.030207                    nan                           nan                           
H_BETA_COMP_EW                17.863898                     0.789716                      0.0                           
H_BETA_COMP_FLUX              -14.596040                    0.019006                      0.0                           
H_BETA_COMP_FWHM              3826.294135                   156.692143                    0.0                           
H_BETA_COMP_FWHM_CORR         3811.022547                   156.692143                    0.0                           
H_BETA_COMP_LUM               40.637675                     0.019006                      0.0                           
H_BETA_COMP_NPIX              104.000000                    7.455347                      0.0                           
H_BETA_COMP_SNR               4.869330                      0.199096                      0.0                           
H_BETA_COMP_VOFF              -8.007185                     0.388178                      0.0                           
H_BETA_COMP_W80               6325.996348                   365.347885                    0.0                           
H_BETA_COMP_W80_CORR          6315.031913                   365.347885                    0.0                           
LOG_LIKE                      1.704543                      0.063327                      0.0                           
L_CONT_AGN_5100               43.100229                     0.000689                      0.0                           
L_CONT_HOST_5100              42.250798                     0.004427                      0.0                           
L_CONT_TOT_5100               43.100229                     0.000689                      0.0                           
NA_H_ALPHA_AMP                22.842163                     0.306838                      0.0                           
NA_H_ALPHA_DISP               1146.631207                   0.627521                      0.0                           
NA_H_ALPHA_DISP_CORR          1141.587426                   0.627521                      0.0                           
NA_H_ALPHA_DISP_RES           107.430320                    nan                           nan                           
NA_H_ALPHA_EW                 101.185200                    1.411466                      0.0                           
NA_H_ALPHA_FLUX               -13.807235                    0.005807                      0.0                           
NA_H_ALPHA_FWHM               2700.822559                   1.473346                      0.0                           
NA_H_ALPHA_FWHM_CORR          2688.948711                   1.473346                      0.0                           
NA_H_ALPHA_LUM                41.426481                     0.005807                      0.0                           
NA_H_ALPHA_NPIX               85.000000                     0.484441                      0.0                           
NA_H_ALPHA_SNR                42.385920                     0.569358                      0.0                           
NA_H_ALPHA_VOFF               304.541013                    0.183979                      0.0                           
NA_H_ALPHA_W80                3010.497626                   1.683050                      0.0                           
NA_H_ALPHA_W80_CORR           2997.840032                   1.683050                      0.0                           
NA_H_BETA_AMP                 2.028586                      0.202927                      0.0                           
NA_H_BETA_DISP                1300.771960                   0.016195                      0.0                           
NA_H_BETA_DISP_CORR           1292.661569                   0.016195                      0.0                           
NA_H_BETA_DISP_RES            145.030207                    nan                           nan                           
NA_H_BETA_EW                  8.187788                      0.819839                      0.0                           
NA_H_BETA_FLUX                -14.934792                    0.043285                      0.0                           
NA_H_BETA_FWHM                3063.471590                   0.037452                      0.0                           
NA_H_BETA_FWHM_CORR           3044.375836                   0.037452                      0.0                           
NA_H_BETA_LUM                 40.298923                     0.043285                      0.0                           
NA_H_BETA_NPIX                60.000000                     2.415760                      0.0                           
NA_H_BETA_SNR                 3.765069                      0.376634                      0.0                           
NA_H_BETA_VOFF                -11.790751                    0.018963                      0.0                           
NA_H_BETA_W80                 3411.344570                   0.042486                      0.0                           
NA_H_BETA_W80_CORR            3390.968894                   0.042486                      0.0                           
NA_OIII_a_AMP                 14.422024                     0.833007                      0.0                           
NA_OIII_a_DISP                217.315133                    1.824337                      0.0                           
NA_OIII_a_DISP_CORR           164.352448                    1.824337                      0.0                           
NA_OIII_a_DISP_RES            142.176439                    nan                           nan                           
NA_OIII_a_EW                  9.846994                      0.178694                      0.0                           
NA_OIII_a_FLUX                -14.851234                    0.007967                      0.0                           
NA_OIII_a_FWHM                513.115446                    4.178129                      0.0                           
NA_OIII_a_FWHM_CORR           388.842355                    4.178129                      0.0                           
NA_OIII_a_LUM                 40.382481                     0.007967                      0.0                           
NA_OIII_a_NPIX                16.000000                     0.139319                      0.0                           
NA_OIII_a_SNR                 26.748662                     0.517117                      0.0                           
NA_OIII_a_VOFF                131.521249                    0.886655                      0.0                           
NA_OIII_a_W80                 573.009044                    4.859295                      0.0                           
NA_OIII_a_W80_CORR            441.744850                    4.859295                      0.0                           
NA_OIII_b_AMP                 42.977632                     0.833007                      0.0                           
NA_OIII_b_DISP                217.315133                    1.824337                      0.0                           
NA_OIII_b_DISP_CORR           165.520100                    1.824337                      0.0                           
NA_OIII_b_DISP_RES            140.815352                    nan                           nan                           
NA_OIII_b_EW                  29.536610                     0.535853                      0.0                           
NA_OIII_b_FLUX                -14.372840                    0.007967                      0.0                           
NA_OIII_b_FWHM                513.023136                    4.184417                      0.0                           
NA_OIII_b_FWHM_CORR           391.458158                    4.184417                      0.0                           
NA_OIII_b_LUM                 40.860875                     0.007967                      0.0                           
NA_OIII_b_NPIX                19.000000                     0.278639                      0.0                           
NA_OIII_b_SNR                 79.733599                     1.544842                      0.0                           
NA_OIII_b_VOFF                131.521249                    0.886655                      0.0                           
NA_OIII_b_W80                 574.269833                    4.759168                      0.0                           
NA_OIII_b_W80_CORR            446.232120                    4.759168                      0.0                           
NA_OII_AMP                    3.188737                      0.078821                      0.0                           
NA_OII_DISP                   1299.680702                   0.151154                      0.0                           
NA_OII_DISP_CORR              1285.832809                   0.151154                      0.0                           
NA_OII_DISP_RES               189.219225                    nan                           nan                           
NA_OII_EW                     15.876625                     0.401235                      0.0                           
NA_OII_FLUX                   -14.854219                    0.010688                      0.0                           
NA_OII_FWHM                   3060.705834                   0.358311                      0.0                           
NA_OII_FWHM_CORR              3028.099160                   0.358311                      0.0                           
NA_OII_LUM                    40.379496                     0.010688                      0.0                           
NA_OII_NPIX                   81.000000                     0.357534                      0.0                           
NA_OII_SNR                    5.918793                      0.146305                      0.0                           
NA_OII_VOFF                   0.846081                      0.045204                      0.0                           
NA_OII_W80                    3408.842802                   0.390941                      0.0                           
NA_OII_W80_CORR               3374.059831                   0.390941                      0.0                           
NA_OPT_FEII_AMP               0.000000                      0.000000                      1.0                           
NA_OPT_FEII_DISP              10.311872                     0.000000                      0.0                           
NA_OPT_FEII_TEMPLATE_EW       0.000000                      0.000000                      1.0                           
NA_OPT_FEII_TEMPLATE_FLUX     -29.610624                    0.000000                      1.0                           
NA_OPT_FEII_TEMPLATE_LUM      25.623092                     0.000000                      1.0                           
NA_OPT_FEII_VOFF              -0.701712                     0.000000                      0.0                           
OIII_a_COMP_DISP              219.860689                    124.344131                    0.0                           
OIII_a_COMP_DISP_CORR         167.703854                    124.344131                    0.0                           
OIII_a_COMP_DISP_RES          142.176439                    nan                           nan                           
OIII_a_COMP_EW                9.848768                      0.173559                      0.0                           
OIII_a_COMP_FLUX              -14.851156                    0.007620                      0.0                           
OIII_a_COMP_FWHM              513.120368                    4.136707                      0.0                           
OIII_a_COMP_FWHM_CORR         388.848850                    4.136707                      0.0                           
OIII_a_COMP_LUM               40.382559                     0.007620                      0.0                           
OIII_a_COMP_NPIX              16.000000                     0.139319                      0.0                           
OIII_a_COMP_SNR               16.940174                     0.310628                      0.0                           
OIII_a_COMP_VOFF              131.496209                    1.486697                      0.0                           
OIII_a_COMP_W80               573.170564                    11.534027                     0.0                           
OIII_a_COMP_W80_CORR          441.954345                    11.534027                     0.0                           
OIII_b_COMP_DISP              221.346454                    124.334087                    0.0                           
OIII_b_COMP_DISP_CORR         170.778480                    124.334087                    0.0                           
OIII_b_COMP_DISP_RES          140.815352                    nan                           nan                           
OIII_b_COMP_EW                29.542484                     0.520412                      0.0                           
OIII_b_COMP_FLUX              -14.372753                    0.007620                      0.0                           
OIII_b_COMP_FWHM              513.028056                    4.142473                      0.0                           
OIII_b_COMP_FWHM_CORR         391.464605                    4.142473                      0.0                           
OIII_b_COMP_LUM               40.860962                     0.007620                      0.0                           
OIII_b_COMP_NPIX              19.000000                     0.278639                      0.0                           
OIII_b_COMP_SNR               34.394643                     0.623592                      0.0                           
OIII_b_COMP_VOFF              131.493885                    1.486620                      0.0                           
OIII_b_COMP_W80               574.449245                    11.012241                     0.0                           
OIII_b_COMP_W80_CORR          446.462987                    11.012241                     0.0                           
OII_COMP_DISP                 1299.628171                   21.920128                     0.0                           
OII_COMP_DISP_CORR            1285.779712                   21.920128                     0.0                           
OII_COMP_DISP_RES             189.219225                    nan                           nan                           
OII_COMP_EW                   15.876713                     0.400703                      0.0                           
OII_COMP_FLUX                 -14.854217                    0.010625                      0.0                           
OII_COMP_FWHM                 3060.663761                   4.554675                      0.0                           
OII_COMP_FWHM_CORR            3028.056633                   4.554675                      0.0                           
OII_COMP_LUM                  40.379499                     0.010625                      0.0                           
OII_COMP_NPIX                 81.000000                     0.390807                      0.0                           
OII_COMP_SNR                  8.849861                      0.218297                      0.0                           
OII_COMP_VOFF                 0.846390                      0.047299                      0.0                           
OII_COMP_W80                  3408.834728                   20.310811                     0.0                           
OII_COMP_W80_CORR             3374.051674                   20.310811                     0.0                           
POWER_AMP                     14.183333                     0.009014                      0.0                           
POWER_SLOPE                   1.336501                      0.004845                      0.0                           
RCHI_SQUARED                  6.164896                      0.036380                      0.0                           
R_SQUARED                     0.992203                      0.000009                      0.0                           
NOISE_STD                     0.546503                                                                                  
RESID_STD                     1.256156                                                                                  
--------------------------------------------------------------------------------------
 - Done fitting 2-onur! 

End process memory: 0.25949389                    
