<IPython.core.display.HTML object>
/app/BADASS3/example_spectra/2-onur
/app/BADASS3/example_spectra/2-onur/my_sdss.fits
0.4675198495388031
Start process memory: 0.22324838                    
 Folder has not been created.  Creating MCMC_output folder...

 > Starting fit for 2-onur

 Input fitting region exceeds available wavelength range.  BADASS will adjust your fitting range automatically...
		- Input fitting range: (2900, 8000)
		- Available wavelength range: (2430, 7086)
		- New fitting region is (2900, 7087). 


 Input spectrum is not linearly binned. BADASS will linearly rebin and conserve flux...


-----------------------------------------------------------
 file:                        my_sdss.fits                  
 redshift:                    0.46752                       
 fitting region:              (2900,7087) [A]               
 velocity scale:              69.03 [km/s/pixel]            
 Galactic E(B-V):             0.000                         
 Flux Normalization:          1e-17                         
 Fit Normalization:           87.21572                      
-----------------------------------------------------------

 Initializing parameters...
----------------------------------------------------------------------------------------------------
	- Fitting additive legendre polynomial component.
	- Fitting Simple AGN power-law continuum.
	- Fitting broad and narrow optical FeII using Veron-Cetty et al. (2004) optical FeII templates
	 		* varying optical FeII amplitudes
	 		* varying optical FeII dispersion.
	 		* varying optical FeII voff

 Warning! Peak finding algorithm used for initial guesses of amplitude and velocity failed! Defaulting to user-defined locations...

 Warning! Peak finding algorithm used for initial guesses of amplitude and velocity failed! Defaulting to user-defined locations...

----------------------------------------------------------------------------------------------------------------------------------------

----------------------------------------------------------------------------------------------------------------------------------------

 Line List:

----------------------------------------------------------------------------------------------------------------------------------------
BR_H_ALPHA                                                                                
                              amp                           free                          
                              center                        6564.6                        
                              center_pix                    3548.1282776527223            
                              disp                          free                          
                              disp_res_ang                  1.7362539191544824            
                              disp_res_kms                  79.29132470149827             
                              line_profile                  gaussian                      
                              line_type                     br                            
                              ncomp                         1                             
                              voff                          free                          
BR_H_BETA                                                                                 
                              amp                           free                          
                              center                        4862.691                      
                              center_pix                    2244.869548166945             
                              disp                          free                          
                              disp_res_ang                  1.7362539191544824            
                              disp_res_kms                  107.04275269299562            
                              line_profile                  gaussian                      
                              line_type                     br                            
                              ncomp                         1                             
                              voff                          free                          
BR_OII                                                                                    
                              amp                           free                          
                              center                        3727.09                       
                              center_pix                    1089.8523293271826            
                              disp                          free                          
                              disp_res_ang                  1.7362539191544824            
                              disp_res_kms                  139.6574351935305             
                              line_profile                  gaussian                      
                              line_type                     br                            
                              ncomp                         1                             
                              voff                          free                          
BR_OIII_a                                                                                 
                              amp                           (BR_OIII_b_AMP/2.98)          
                              center                        4960.295                      
                              center_pix                    2331.1740808502395            
                              disp                          BR_OIII_b_DISP                
                              disp_res_ang                  1.7362539191544824            
                              disp_res_kms                  104.93646650762817            
                              line_profile                  gaussian                      
                              line_type                     br                            
                              ncomp                         1                             
                              voff                          BR_OIII_b_VOFF                
BR_OIII_b                                                                                 
                              amp                           free                          
                              center                        5008.24                       
                              center_pix                    2372.948525579921             
                              disp                          free                          
                              disp_res_ang                  1.7362539191544824            
                              disp_res_kms                  103.93188627850412            
                              line_profile                  gaussian                      
                              line_type                     br                            
                              ncomp                         1                             
                              voff                          free                          
NA_H_ALPHA                                                                                
                              amp                           free                          
                              center                        6564.6                        
                              center_pix                    3548.1282776527223            
                              disp                          free                          
                              disp_res_ang                  1.7362539191544824            
                              disp_res_kms                  79.29132470149827             
                              label                         [H$\alpha$]                   
                              line_profile                  gaussian                      
                              line_type                     na                            
                              ncomp                         1                             
                              voff                          free                          
NA_H_BETA                                                                                 
                              amp                           free                          
                              center                        4862.691                      
                              center_pix                    2244.869548166945             
                              disp                          free                          
                              disp_res_ang                  1.7362539191544824            
                              disp_res_kms                  107.04275269299562            
                              label                         H$\beta$                      
                              line_profile                  gaussian                      
                              line_type                     na                            
                              ncomp                         1                             
                              voff                          free                          
NA_OII                                                                                    
                              amp                           free                          
                              center                        3727.09                       
                              center_pix                    1089.8523293271826            
                              disp                          free                          
                              disp_res_ang                  1.7362539191544824            
                              disp_res_kms                  139.6574351935305             
                              label                         [OII]                         
                              line_profile                  gaussian                      
                              line_type                     na                            
                              ncomp                         1                             
                              voff                          free                          
NA_OIII_a                                                                                 
                              amp                           (NA_OIII_b_AMP/2.98)          
                              center                        4960.295                      
                              center_pix                    2331.1740808502395            
                              disp                          NA_OIII_b_DISP                
                              disp_res_ang                  1.7362539191544824            
                              disp_res_kms                  104.93646650762817            
                              label                         [OIIIa]                       
                              line_profile                  gaussian                      
                              line_type                     na                            
                              ncomp                         1                             
                              voff                          NA_OIII_b_VOFF                
NA_OIII_b                                                                                 
                              amp                           free                          
                              center                        5008.24                       
                              center_pix                    2372.948525579921             
                              disp                          free                          
                              disp_res_ang                  1.7362539191544824            
                              disp_res_kms                  103.93188627850412            
                              label                         [OIIIb]                       
                              line_profile                  gaussian                      
                              line_type                     na                            
                              ncomp                         1                             
                              voff                          free                          

----------------------------------------------------------------------------------------------------------------------------------------

 Number of Free Line Parameters: 24

----------------------------------------------------------------------------------------------------------------------------------------

 All Free Parameters:

----------------------------------------------------------------------------------------------------------------------------------------
APOLY_COEFF_1                                                                             
                              init                          0.0                           
                              plim                          (-100.0, 100.0)               
APOLY_COEFF_2                                                                             
                              init                          0.0                           
                              plim                          (-100.0, 100.0)               
APOLY_COEFF_3                                                                             
                              init                          0.0                           
                              plim                          (-100.0, 100.0)               
APOLY_COEFF_4                                                                             
                              init                          0.0                           
                              plim                          (-100.0, 100.0)               
APOLY_COEFF_5                                                                             
                              init                          0.0                           
                              plim                          (-100.0, 100.0)               
APOLY_COEFF_6                                                                             
                              init                          0.0                           
                              plim                          (-100.0, 100.0)               
APOLY_COEFF_7                                                                             
                              init                          0.0                           
                              plim                          (-100.0, 100.0)               
BR_H_ALPHA_AMP                                                                            
                              init                          0.9648794860810453            
                              plim                          (0, 50)                       
BR_H_ALPHA_DISP                                                                           
                              init                          3300.0                        
                              plim                          (600, 6000)                   
BR_H_ALPHA_VOFF                                                                           
                              init                          0.0                           
                              plim                          (-1500, 1500)                 
                              prior                         {'type': 'gaussian'}          
BR_H_BETA_AMP                                                                             
                              init                          0.5465992832570769            
                              plim                          (0, 50)                       
BR_H_BETA_DISP                                                                            
                              init                          3300.0                        
                              plim                          (600, 6000)                   
BR_H_BETA_VOFF                                                                            
                              init                          0.0                           
                              plim                          (-1500, 1500)                 
                              prior                         {'type': 'gaussian'}          
BR_OIII_b_AMP                                                                             
                              init                          0.48584111588999296           
                              plim                          (0, 50)                       
BR_OIII_b_DISP                                                                            
                              init                          3300.0                        
                              plim                          (600, 6000)                   
BR_OIII_b_VOFF                                                                            
                              init                          0.0                           
                              plim                          (-1500, 1500)                 
                              prior                         {'type': 'gaussian'}          
BR_OII_AMP                                                                                
                              init                          0.47989342199418317           
                              plim                          (0, 50)                       
BR_OII_DISP                                                                               
                              init                          3300.0                        
                              plim                          (600, 6000)                   
BR_OII_VOFF                                                                               
                              init                          0.0                           
                              plim                          (-1500, 1500)                 
                              prior                         {'type': 'gaussian'}          
BR_OPT_FEII_AMP                                                                           
                              init                          0.041571630317719536          
                              plim                          (0, 1.4999999519529292)       
BR_OPT_FEII_DISP                                                                          
                              init                          500.0                         
                              plim                          (500.0, 5000.0)               
BR_OPT_FEII_VOFF                                                                          
                              init                          0.0                           
                              plim                          (-500.0, 500.0)               
NA_H_ALPHA_AMP                                                                            
                              init                          0.9648794860810453            
                              plim                          (0, 50)                       
NA_H_ALPHA_DISP                                                                           
                              init                          1300.0                        
                              plim                          (100, 2500)                   
NA_H_ALPHA_VOFF                                                                           
                              init                          0.0                           
                              plim                          (-1000, 1000)                 
                              prior                         {'type': 'gaussian'}          
NA_H_BETA_AMP                                                                             
                              init                          0.5465992832570769            
                              plim                          (0, 50)                       
NA_H_BETA_DISP                                                                            
                              init                          1300.0                        
                              plim                          (100, 2500)                   
NA_H_BETA_VOFF                                                                            
                              init                          0.0                           
                              plim                          (-1000, 1000)                 
                              prior                         {'type': 'gaussian'}          
NA_OIII_b_AMP                                                                             
                              init                          0.48584111588999296           
                              plim                          (0, 50)                       
NA_OIII_b_DISP                                                                            
                              init                          1300.0                        
                              plim                          (100, 2500)                   
NA_OIII_b_VOFF                                                                            
                              init                          0.0                           
                              plim                          (-1000, 1000)                 
                              prior                         {'type': 'gaussian'}          
NA_OII_AMP                                                                                
                              init                          0.47989342199418317           
                              plim                          (0, 50)                       
NA_OII_DISP                                                                               
                              init                          1300.0                        
                              plim                          (100, 2500)                   
NA_OII_VOFF                                                                               
                              init                          0.0                           
                              plim                          (-1000, 1000)                 
                              prior                         {'type': 'gaussian'}          
NA_OPT_FEII_AMP                                                                           
                              init                          0.041571630317719536          
                              plim                          (0, 1.4999999519529292)       
NA_OPT_FEII_DISP                                                                          
                              init                          10.0                          
                              plim                          (0.1, 500.0)                  
NA_OPT_FEII_VOFF                                                                          
                              init                          0.0                           
                              plim                          (-500.0, 500.0)               
POWER_AMP                                                                                 
                              init                          0.20785815158859766           
                              plim                          (0, 1.4999999519529292)       
POWER_SLOPE                                                                               
                              init                          -1.0                          
                              plim                          (-6.0, 6.0)                   

----------------------------------------------------------------------------------------------------------------------------------------

 Total number of free parameters: 39

----------------------------------------------------------------------------------------------------------------------------------------

 Soft Constraints:


----------------------------------------------------------------------------------------------------------------------------------------

----------------------------------------------------------------------------------------------------------------------------------------

 Required Maximum Likelihood RMSE threshold: 0.2384 


 Performing max. likelihood fitting.

 Using Basin-hopping algorithm to estimate parameters. niter_success = 5
basinhopping step 0: f 1.4148
 Fit Status: False
 Force threshold: 0.2384
 Lowest RMSE: 0.0459
 Current RMSE: 0.0459
 Accepted count: 1
 Basinhop count: 0


adaptive stepsize: acceptance rate 0.000000 target 0.500000 new stepsize 0.9 old stepsize 1
basinhopping step 1: f 1.0944 trial_f 1.0944 accepted 1  lowest_f 1.0944
found new global minimum on step 1 with function value 1.0944
 Fit Status: False
 Force threshold: 0.2384
 Lowest RMSE: 0.0404
 Current RMSE: 0.0404
 Accepted count: 2
 Basinhop count: 0


adaptive stepsize: acceptance rate 0.500000 target 0.500000 new stepsize 0.81 old stepsize 0.9
basinhopping step 2: f 1.04838 trial_f 1.04838 accepted 1  lowest_f 1.04838
found new global minimum on step 2 with function value 1.04838
 Fit Status: False
 Force threshold: 0.2384
 Lowest RMSE: 0.0395
 Current RMSE: 0.0395
 Accepted count: 3
 Basinhop count: 0


adaptive stepsize: acceptance rate 0.666667 target 0.500000 new stepsize 0.9 old stepsize 0.81
basinhopping step 3: f 1.05826 trial_f 1.05826 accepted 1  lowest_f 1.04838
 Fit Status: False
 Force threshold: 0.2384
 Lowest RMSE: 0.0395
 Current RMSE: 0.0397
 Accepted count: 4
 Basinhop count: 1


adaptive stepsize: acceptance rate 0.750000 target 0.500000 new stepsize 1 old stepsize 0.9
basinhopping step 4: f 1.05826 trial_f 2.36486 accepted 0  lowest_f 1.04838
 Fit Status: False
 Force threshold: 0.2384
 Lowest RMSE: 0.0395
 Current RMSE: 0.0594
 Accepted count: 4
 Basinhop count: 2


adaptive stepsize: acceptance rate 0.600000 target 0.500000 new stepsize 1.11111 old stepsize 1
basinhopping step 5: f 1.05826 trial_f 2.94219 accepted 0  lowest_f 1.04838
 Fit Status: False
 Force threshold: 0.2384
 Lowest RMSE: 0.0395
 Current RMSE: 0.0662
 Accepted count: 4
 Basinhop count: 3


adaptive stepsize: acceptance rate 0.500000 target 0.500000 new stepsize 1 old stepsize 1.11111
basinhopping step 6: f 1.07848 trial_f 1.07848 accepted 1  lowest_f 1.04838
 Fit Status: False
 Force threshold: 0.2384
 Lowest RMSE: 0.0395
 Current RMSE: 0.0401
 Accepted count: 5
 Basinhop count: 4


adaptive stepsize: acceptance rate 0.571429 target 0.500000 new stepsize 1.11111 old stepsize 1
basinhopping step 7: f 1.07848 trial_f 2.35214 accepted 0  lowest_f 1.04838
 Fit Status: True
 Force threshold: 0.2384
 Lowest RMSE: 0.0395
 Current RMSE: 0.0592
 Accepted count: 5
 Basinhop count: 5



 Performing Monte Carlo bootstrapping...
	   Completed 1 of 100 iterations.
	   Completed 2 of 100 iterations.
	   Completed 3 of 100 iterations.
	   Completed 4 of 100 iterations.
	   Completed 5 of 100 iterations.
	   Completed 6 of 100 iterations.
	   Completed 7 of 100 iterations.
	   Completed 8 of 100 iterations.
	   Completed 9 of 100 iterations.
	   Completed 10 of 100 iterations.
	   Completed 11 of 100 iterations.
	   Completed 12 of 100 iterations.
	   Completed 13 of 100 iterations.
	   Completed 14 of 100 iterations.
	   Completed 15 of 100 iterations.
	   Completed 16 of 100 iterations.
	   Completed 17 of 100 iterations.
	   Completed 18 of 100 iterations.
	   Completed 19 of 100 iterations.
	   Completed 20 of 100 iterations.
	   Completed 21 of 100 iterations.
	   Completed 22 of 100 iterations.
	   Completed 23 of 100 iterations.
	   Completed 24 of 100 iterations.
	   Completed 25 of 100 iterations.
	   Completed 26 of 100 iterations.
	   Completed 27 of 100 iterations.
	   Completed 28 of 100 iterations.
	   Completed 29 of 100 iterations.
	   Completed 30 of 100 iterations.
	   Completed 31 of 100 iterations.
	   Completed 32 of 100 iterations.
	   Completed 33 of 100 iterations.
	   Completed 34 of 100 iterations.
	   Completed 35 of 100 iterations.
	   Completed 36 of 100 iterations.
	   Completed 37 of 100 iterations.
	   Completed 38 of 100 iterations.
	   Completed 39 of 100 iterations.
	   Completed 40 of 100 iterations.
	   Completed 41 of 100 iterations.
	   Completed 42 of 100 iterations.
	   Completed 43 of 100 iterations.
	   Completed 44 of 100 iterations.
	   Completed 45 of 100 iterations.
	   Completed 46 of 100 iterations.
	   Completed 47 of 100 iterations.
	   Completed 48 of 100 iterations.
	   Completed 49 of 100 iterations.
	   Completed 50 of 100 iterations.
	   Completed 51 of 100 iterations.
	   Completed 52 of 100 iterations.
	   Completed 53 of 100 iterations.
	   Completed 54 of 100 iterations.
	   Completed 55 of 100 iterations.
	   Completed 56 of 100 iterations.
	   Completed 57 of 100 iterations.
	   Completed 58 of 100 iterations.
	   Completed 59 of 100 iterations.
	   Completed 60 of 100 iterations.
	   Completed 61 of 100 iterations.
	   Completed 62 of 100 iterations.
	   Completed 63 of 100 iterations.
	   Completed 64 of 100 iterations.
	   Completed 65 of 100 iterations.
	   Completed 66 of 100 iterations.
	   Completed 67 of 100 iterations.
	   Completed 68 of 100 iterations.
	   Completed 69 of 100 iterations.
	   Completed 70 of 100 iterations.
	   Completed 71 of 100 iterations.
	   Completed 72 of 100 iterations.
	   Completed 73 of 100 iterations.
	   Completed 74 of 100 iterations.
	   Completed 75 of 100 iterations.
	   Completed 76 of 100 iterations.
	   Completed 77 of 100 iterations.
	   Completed 78 of 100 iterations.
	   Completed 79 of 100 iterations.
	   Completed 80 of 100 iterations.
	   Completed 81 of 100 iterations.
	   Completed 82 of 100 iterations.
	   Completed 83 of 100 iterations.
	   Completed 84 of 100 iterations.
	   Completed 85 of 100 iterations.
	   Completed 86 of 100 iterations.
	   Completed 87 of 100 iterations.
	   Completed 88 of 100 iterations.
	   Completed 89 of 100 iterations.
	   Completed 90 of 100 iterations.
	   Completed 91 of 100 iterations.
	   Completed 92 of 100 iterations.
	   Completed 93 of 100 iterations.
	   Completed 94 of 100 iterations.
	   Completed 95 of 100 iterations.
	   Completed 96 of 100 iterations.
	   Completed 97 of 100 iterations.
	   Completed 98 of 100 iterations.
	   Completed 99 of 100 iterations.
	   Completed 100 of 100 iterations.

 Maximum Likelihood Best-fit Parameters:
--------------------------------------------------------------------------------------

Parameter                     Best-fit Value                +/- 1-sigma                   Flag                          
--------------------------------------------------------------------------------------
AGN_FRAC_4000                 1.000000                      0.000000                      1.0                           
AGN_FRAC_7000                 1.000000                      0.000000                      1.0                           
APOLY_COEFF_1                 -0.029128                     0.000473                      0.0                           
APOLY_COEFF_2                 -0.017415                     0.000738                      0.0                           
APOLY_COEFF_3                 0.030837                      0.000741                      0.0                           
APOLY_COEFF_4                 -0.013787                     0.000914                      0.0                           
APOLY_COEFF_5                 0.001830                      0.000897                      0.0                           
APOLY_COEFF_6                 -0.021115                     0.000939                      0.0                           
APOLY_COEFF_7                 -0.027219                     0.001090                      0.0                           
BR_H_ALPHA_AMP                0.000000                      0.000000                      2.0                           
BR_H_ALPHA_DISP               3180.568951                   0.000000                      0.0                           
BR_H_ALPHA_DISP_CORR          3179.580434                   0.000000                      0.0                           
BR_H_ALPHA_DISP_RES           79.291325                     nan                           nan                           
BR_H_ALPHA_EW                 0.000000                      0.000000                      1.0                           
BR_H_ALPHA_FLUX               0.000000                      0.000000                      0.0                           
BR_H_ALPHA_FWHM               0.000000                      0.000000                      0.0                           
BR_H_ALPHA_FWHM_CORR          0.000000                      0.000000                      0.0                           
BR_H_ALPHA_LUM                0.000000                      0.000000                      1.0                           
BR_H_ALPHA_NPIX               0.000000                      0.000000                      0.0                           
BR_H_ALPHA_SNR                0.000000                      0.000000                      0.0                           
BR_H_ALPHA_VOFF               -525.635909                   0.000000                      1.0                           
BR_H_ALPHA_W80                0.000000                      0.000000                      0.0                           
BR_H_ALPHA_W80_CORR           0.000000                      0.000000                      0.0                           
BR_H_BETA_AMP                 13.198578                     0.242466                      0.0                           
BR_H_BETA_DISP                3267.687675                   0.000533                      0.0                           
BR_H_BETA_DISP_CORR           3265.933953                   0.000533                      0.0                           
BR_H_BETA_DISP_RES            107.042753                    nan                           nan                           
BR_H_BETA_EW                  80.195141                     1.599050                      0.0                           
BR_H_BETA_FLUX                -13.589483                    0.007983                      0.0                           
BR_H_BETA_FWHM                7694.936539                   0.001253                      0.0                           
BR_H_BETA_FWHM_CORR           7690.806976                   0.001253                      0.0                           
BR_H_BETA_LUM                 43.323162                     0.007983                      0.0                           
BR_H_BETA_NPIX                202.000000                    0.761154                      0.0                           
BR_H_BETA_SNR                 9.172277                      0.168501                      0.0                           
BR_H_BETA_VOFF                -4.074644                     0.000069                      0.0                           
BR_H_BETA_W80                 8571.039882                   0.001416                      0.0                           
BR_H_BETA_W80_CORR            8566.634187                   0.001416                      0.0                           
BR_OIII_a_AMP                 0.000000                      0.000000                      2.0                           
BR_OIII_a_DISP                3300.030312                   0.000000                      0.0                           
BR_OIII_a_DISP_CORR           3298.361471                   0.000000                      0.0                           
BR_OIII_a_DISP_RES            104.936467                    nan                           nan                           
BR_OIII_a_EW                  0.000000                      0.000000                      1.0                           
BR_OIII_a_FLUX                0.000000                      0.000000                      0.0                           
BR_OIII_a_FWHM                0.000000                      0.000000                      0.0                           
BR_OIII_a_FWHM_CORR           0.000000                      0.000000                      0.0                           
BR_OIII_a_LUM                 0.000000                      0.000000                      1.0                           
BR_OIII_a_NPIX                0.000000                      0.000000                      0.0                           
BR_OIII_a_SNR                 0.000000                      0.000000                      0.0                           
BR_OIII_a_VOFF                -1.084262                     0.000000                      0.0                           
BR_OIII_a_W80                 0.000000                      0.000000                      0.0                           
BR_OIII_a_W80_CORR            0.000000                      0.000000                      0.0                           
BR_OIII_b_AMP                 0.000000                      0.000000                      2.0                           
BR_OIII_b_DISP                3300.030312                   0.000000                      0.0                           
BR_OIII_b_DISP_CORR           3298.393279                   0.000000                      0.0                           
BR_OIII_b_DISP_RES            103.931886                    nan                           nan                           
BR_OIII_b_EW                  0.000000                      0.000000                      1.0                           
BR_OIII_b_FLUX                0.000000                      0.000000                      0.0                           
BR_OIII_b_FWHM                0.000000                      0.000000                      0.0                           
BR_OIII_b_FWHM_CORR           0.000000                      0.000000                      0.0                           
BR_OIII_b_LUM                 0.000000                      0.000000                      1.0                           
BR_OIII_b_NPIX                0.000000                      0.000000                      0.0                           
BR_OIII_b_SNR                 0.000000                      0.000000                      0.0                           
BR_OIII_b_VOFF                -1.084262                     0.000000                      0.0                           
BR_OIII_b_W80                 0.000000                      0.000000                      0.0                           
BR_OIII_b_W80_CORR            0.000000                      0.000000                      0.0                           
BR_OII_AMP                    0.242550                      0.170735                      0.0                           
BR_OII_DISP                   3298.755487                   0.000002                      0.0                           
BR_OII_DISP_CORR              3295.797864                   0.000002                      0.0                           
BR_OII_DISP_RES               139.657435                    nan                           nan                           
BR_OII_EW                     0.924353                      0.651804                      0.0                           
BR_OII_FLUX                   -15.436628                    0.000000                      0.0                           
BR_OII_FWHM                   7768.084007                   1836.242214                   0.0                           
BR_OII_FWHM_CORR              7761.119554                   1836.242214                   0.0                           
BR_OII_LUM                    41.476017                     0.000000                      0.0                           
BR_OII_NPIX                   0.000000                      0.000000                      0.0                           
BR_OII_SNR                    0.168559                      0.118653                      0.0                           
BR_OII_VOFF                   0.306422                      0.000002                      0.0                           
BR_OII_W80                    8651.598933                   2043.967603                   0.0                           
BR_OII_W80_CORR               8644.168056                   2043.967603                   0.0                           
BR_OPT_FEII_AMP               55.534082                     2.742356                      0.0                           
BR_OPT_FEII_DISP              667.049034                    0.000759                      0.0                           
BR_OPT_FEII_TEMPLATE_EW       90.568657                     4.565989                      0.0                           
BR_OPT_FEII_TEMPLATE_FLUX     -13.557248                    0.021652                      0.0                           
BR_OPT_FEII_TEMPLATE_LUM      43.355397                     0.021652                      0.0                           
BR_OPT_FEII_VOFF              -2.693823                     0.000200                      0.0                           
HOST_FRAC_4000                0.035967                      0.001413                      0.0                           
HOST_FRAC_7000                -0.195343                     0.005240                      1.0                           
H_ALPHA_COMP_DISP             2455.522081                   0.000236                      0.0                           
H_ALPHA_COMP_DISP_CORR        2454.241548                   0.000236                      0.0                           
H_ALPHA_COMP_DISP_RES         79.291325                     nan                           nan                           
H_ALPHA_COMP_EW               411.440735                    4.163605                      0.0                           
H_ALPHA_COMP_FLUX             -12.973509                    0.003618                      0.0                           
H_ALPHA_COMP_FWHM             5782.785526                   0.000541                      0.0                           
H_ALPHA_COMP_FWHM_CORR        5779.770399                   0.000541                      0.0                           
H_ALPHA_COMP_LUM              43.939136                     0.003618                      0.0                           
H_ALPHA_COMP_NPIX             195.000000                    0.673267                      0.0                           
H_ALPHA_COMP_SNR              24.123043                     0.236196                      0.0                           
H_ALPHA_COMP_VOFF             -462.373076                   0.000453                      0.0                           
H_ALPHA_COMP_W80              6430.542034                   0.000596                      0.0                           
H_ALPHA_COMP_W80_CORR         6427.319969                   0.000596                      0.0                           
H_BETA_COMP_DISP              3267.646879                   0.001142                      0.0                           
H_BETA_COMP_DISP_CORR         3265.893136                   0.001142                      0.0                           
H_BETA_COMP_DISP_RES          107.042753                    nan                           nan                           
H_BETA_COMP_EW                80.195141                     1.599050                      0.0                           
H_BETA_COMP_FLUX              -13.589483                    0.007983                      0.0                           
H_BETA_COMP_FWHM              7694.936539                   0.001253                      0.0                           
H_BETA_COMP_FWHM_CORR         7690.806976                   0.001253                      0.0                           
H_BETA_COMP_LUM               43.323162                     0.007983                      0.0                           
H_BETA_COMP_NPIX              202.000000                    0.761154                      0.0                           
H_BETA_COMP_SNR               8.042189                      0.154312                      0.0                           
H_BETA_COMP_VOFF              -4.074317                     0.000442                      0.0                           
H_BETA_COMP_W80               8571.039882                   0.001416                      0.0                           
H_BETA_COMP_W80_CORR          8566.634187                   0.001416                      0.0                           
LOG_LIKE                      1.048384                      0.121965                      0.0                           
L_CONT_AGN_3000               45.001914                     0.000753                      0.0                           
L_CONT_AGN_5100               45.101782                     0.001082                      0.0                           
L_CONT_HOST_3000              0.000000                      0.000000                      1.0                           
L_CONT_HOST_5100              0.000000                      0.000000                      1.0                           
L_CONT_TOT_3000               45.001914                     0.000753                      0.0                           
L_CONT_TOT_5100               45.101782                     0.001082                      0.0                           
NA_H_ALPHA_AMP                53.819499                     0.448094                      0.0                           
NA_H_ALPHA_DISP               2455.529915                   0.000229                      0.0                           
NA_H_ALPHA_DISP_CORR          2454.249386                   0.000229                      0.0                           
NA_H_ALPHA_DISP_RES           79.291325                     nan                           nan                           
NA_H_ALPHA_EW                 411.440735                    4.163605                      0.0                           
NA_H_ALPHA_FLUX               -12.973509                    0.003618                      0.0                           
NA_H_ALPHA_FWHM               5782.785526                   0.000541                      0.0                           
NA_H_ALPHA_FWHM_CORR          5779.770399                   0.000541                      0.0                           
NA_H_ALPHA_LUM                43.939136                     0.003618                      0.0                           
NA_H_ALPHA_NPIX               195.000000                    0.673267                      0.0                           
NA_H_ALPHA_SNR                37.399118                     0.311380                      0.0                           
NA_H_ALPHA_VOFF               -462.373107                   0.000451                      0.0                           
NA_H_ALPHA_W80                6430.542034                   0.000596                      0.0                           
NA_H_ALPHA_W80_CORR           6427.319969                   0.000596                      0.0                           
NA_H_BETA_AMP                 0.000000                      0.000000                      2.0                           
NA_H_BETA_DISP                1623.365456                   0.000000                      0.0                           
NA_H_BETA_DISP_CORR           1619.832477                   0.000000                      0.0                           
NA_H_BETA_DISP_RES            107.042753                    nan                           nan                           
NA_H_BETA_EW                  0.000000                      0.000000                      1.0                           
NA_H_BETA_FLUX                0.000000                      0.000000                      0.0                           
NA_H_BETA_FWHM                0.000000                      0.000000                      0.0                           
NA_H_BETA_FWHM_CORR           0.000000                      0.000000                      0.0                           
NA_H_BETA_LUM                 0.000000                      0.000000                      1.0                           
NA_H_BETA_NPIX                0.000000                      0.000000                      0.0                           
NA_H_BETA_SNR                 0.000000                      0.000000                      0.0                           
NA_H_BETA_VOFF                -76.808180                    0.000000                      0.0                           
NA_H_BETA_W80                 0.000000                      0.000000                      0.0                           
NA_H_BETA_W80_CORR            0.000000                      0.000000                      0.0                           
NA_OIII_a_AMP                 1.007890                      0.247831                      0.0                           
NA_OIII_a_DISP                1285.294810                   0.000115                      0.0                           
NA_OIII_a_DISP_CORR           1281.003937                   0.000115                      0.0                           
NA_OIII_a_DISP_RES            104.936467                    nan                           nan                           
NA_OIII_a_EW                  2.509905                      0.209463                      0.0                           
NA_OIII_a_FLUX                -15.103272                    0.035659                      0.0                           
NA_OIII_a_FWHM                3027.140150                   0.000269                      0.0                           
NA_OIII_a_FWHM_CORR           3017.037771                   0.000269                      0.0                           
NA_OIII_a_LUM                 41.809373                     0.035659                      0.0                           
NA_OIII_a_NPIX                0.000000                      0.000000                      0.0                           
NA_OIII_a_SNR                 0.700350                      0.057788                      0.0                           
NA_OIII_a_VOFF                -31.799695                    0.000081                      0.0                           
NA_OIII_a_W80                 3370.537773                   0.009035                      0.0                           
NA_OIII_a_W80_CORR            3359.756488                   0.009035                      0.0                           
NA_OIII_b_AMP                 3.003513                      0.247831                      0.0                           
NA_OIII_b_DISP                1285.294810                   0.000115                      0.0                           
NA_OIII_b_DISP_CORR           1281.085834                   0.000115                      0.0                           
NA_OIII_b_DISP_RES            103.931886                    nan                           nan                           
NA_OIII_b_EW                  7.640849                      0.637755                      0.0                           
NA_OIII_b_FLUX                -14.624874                    0.035658                      0.0                           
NA_OIII_b_FWHM                3027.689480                   0.000275                      0.0                           
NA_OIII_b_FWHM_CORR           3017.781719                   0.000275                      0.0                           
NA_OIII_b_LUM                 42.287771                     0.035658                      0.0                           
NA_OIII_b_NPIX                47.000000                     2.634519                      0.0                           
NA_OIII_b_SNR                 2.086575                      0.172171                      0.0                           
NA_OIII_b_VOFF                -31.799695                    0.000081                      0.0                           
NA_OIII_b_W80                 3370.084477                   0.002762                      0.0                           
NA_OIII_b_W80_CORR            3359.507523                   0.002762                      0.0                           
NA_OII_AMP                    0.000000                      0.000000                      2.0                           
NA_OII_DISP                   1300.666092                   0.000000                      0.0                           
NA_OII_DISP_CORR              1293.146582                   0.000000                      0.0                           
NA_OII_DISP_RES               139.657435                    nan                           nan                           
NA_OII_EW                     0.000000                      0.000000                      1.0                           
NA_OII_FLUX                   0.000000                      0.000000                      0.0                           
NA_OII_FWHM                   0.000000                      0.000000                      0.0                           
NA_OII_FWHM_CORR              0.000000                      0.000000                      0.0                           
NA_OII_LUM                    0.000000                      0.000000                      1.0                           
NA_OII_NPIX                   0.000000                      0.000000                      0.0                           
NA_OII_SNR                    0.000000                      0.000000                      0.0                           
NA_OII_VOFF                   -1.884384                     0.000000                      0.0                           
NA_OII_W80                    0.000000                      0.000000                      0.0                           
NA_OII_W80_CORR               0.000000                      0.000000                      0.0                           
NA_OPT_FEII_AMP               1.934585                      0.798383                      0.0                           
NA_OPT_FEII_DISP              9.652561                      0.000003                      0.0                           
NA_OPT_FEII_TEMPLATE_EW       4.231984                      1.748242                      0.0                           
NA_OPT_FEII_TEMPLATE_FLUX     -14.862010                    1.707340                      0.0                           
NA_OPT_FEII_TEMPLATE_LUM      42.050635                     1.707340                      0.0                           
NA_OPT_FEII_VOFF              3.037652                      0.000037                      0.0                           
OIII_a_COMP_DISP              1285.101398                   0.016494                      0.0                           
OIII_a_COMP_DISP_CORR         1280.809877                   0.016494                      0.0                           
OIII_a_COMP_DISP_RES          104.936467                    nan                           nan                           
OIII_a_COMP_EW                2.509905                      0.209463                      0.0                           
OIII_a_COMP_FLUX              -15.103272                    0.035659                      0.0                           
OIII_a_COMP_FWHM              3027.140150                   0.000269                      0.0                           
OIII_a_COMP_FWHM_CORR         3017.037771                   0.000269                      0.0                           
OIII_a_COMP_LUM               41.809373                     0.035659                      0.0                           
OIII_a_COMP_NPIX              0.000000                      0.000000                      0.0                           
OIII_a_COMP_SNR               0.000000                      0.000000                      0.0                           
OIII_a_COMP_VOFF              -31.793729                    0.005178                      0.0                           
OIII_a_COMP_W80               3370.537773                   0.009035                      0.0                           
OIII_a_COMP_W80_CORR          3359.756488                   0.009035                      0.0                           
OIII_b_COMP_DISP              1285.225205                   0.005887                      0.0                           
OIII_b_COMP_DISP_CORR         1281.015999                   0.005887                      0.0                           
OIII_b_COMP_DISP_RES          103.931886                    nan                           nan                           
OIII_b_COMP_EW                7.640849                      0.637755                      0.0                           
OIII_b_COMP_FLUX              -14.624874                    0.035658                      0.0                           
OIII_b_COMP_FWHM              3027.689480                   0.000275                      0.0                           
OIII_b_COMP_FWHM_CORR         3017.781719                   0.000275                      0.0                           
OIII_b_COMP_LUM               42.287771                     0.035658                      0.0                           
OIII_b_COMP_NPIX              47.000000                     2.634519                      0.0                           
OIII_b_COMP_SNR               2.074422                      0.173627                      0.0                           
OIII_b_COMP_VOFF              -31.799604                    0.000579                      0.0                           
OIII_b_COMP_W80               3370.084477                   0.002762                      0.0                           
OIII_b_COMP_W80_CORR          3359.507523                   0.002762                      0.0                           
OII_COMP_DISP                 3296.898300                   778.860730                    0.0                           
OII_COMP_DISP_CORR            3293.939010                   778.860730                    0.0                           
OII_COMP_DISP_RES             139.657435                    nan                           nan                           
OII_COMP_EW                   0.924353                      0.651804                      0.0                           
OII_COMP_FLUX                 -15.436628                    0.000000                      1.0                           
OII_COMP_FWHM                 7768.084007                   1836.242214                   0.0                           
OII_COMP_FWHM_CORR            7761.119554                   1836.242214                   0.0                           
OII_COMP_LUM                  41.476017                     0.000000                      1.0                           
OII_COMP_NPIX                 0.000000                      0.000000                      0.0                           
OII_COMP_SNR                  0.000000                      0.000000                      0.0                           
OII_COMP_VOFF                 0.317552                      0.256936                      0.0                           
OII_COMP_W80                  8651.598933                   2043.967603                   0.0                           
OII_COMP_W80_CORR             8644.168056                   2043.967603                   0.0                           
POWER_AMP                     31.279314                     0.028078                      0.0                           
POWER_SLOPE                   -0.590445                     0.000288                      0.0                           
RCHI_SQUARED                  0.966036                      0.005359                      0.0                           
R_SQUARED                     0.998472                      0.000003                      0.0                           
NOISE_STD                     1.446706                                                                                  
RESID_STD                     1.433452                                                                                  
--------------------------------------------------------------------------------------
 - Done fitting 2-onur! 

End process memory: 0.25867878                    
