7.0.1
1.3.2
2.1.6
3.1.6
['/home/onur/Documents/AGNEmissionLines_ThirdPartyLibraries/pyqsofit/PyQSOFit/src/pyqsofit']
FWHM Resolution: 2.5 Å
[ 3566.97426784  3567.79484559  3568.6175712  ... 10394.41199851
 10396.80892696 10399.20640813] Angstrom [35.80971527 35.80603409 35.80236435 ... 21.0622921  21.06251717
 21.06274223] erg / (Angstrom s cm2) [0.71619431 0.71612068 0.71604729 ... 0.42124584 0.42125034 0.42125484] erg / (Angstrom s cm2) 0.4675198495388031
Got negative host galaxy / QSO flux over 10% of coverage, decomposition is not applied!
Name            Value      Min      Max   Stderr     Vary     Expr Brute_Step
Balmer_Tau        0.5      0.1        2     None    False     None     None
Balmer_Te     1.5e+04    1e+04    5e+04     None    False     None     None
Blamer_norm         0        0    1e+10     None    False     None     None
Fe_op_FWHM       3000     1200  1.8e+04     None     True     None     None
Fe_op_norm          0        0    1e+10     None     True     None     None
Fe_op_shift         0    -0.01     0.01     None     True     None     None
Fe_uv_FWHM       3000     1200  1.8e+04     None     True     None     None
Fe_uv_norm          0        0    1e+10     None     True     None     None
Fe_uv_shift         0    -0.01     0.01     None     True     None     None
PL_norm             1        0    1e+10     None     True     None     None
PL_slope         -1.5       -5        3     None     True     None     None
conti_a_0           0     -inf      inf     None     True     None     None
conti_a_1           0     -inf      inf     None     True     None     None
conti_a_2           0     -inf      inf     None     True     None     None
Fitting continuum
Fit report
[[Variables]]
    Fe_uv_norm:   2.74792744 +/- 0.11118528 (4.05%) (init = 0)
    Fe_uv_FWHM:   17999.9100 +/- 994.965176 (5.53%) (init = 3000)
    Fe_uv_shift:  0.00995952 +/- 9.1687e-04 (9.21%) (init = 0)
    Fe_op_norm:   2.10355344 +/- 0.12190406 (5.80%) (init = 0)
    Fe_op_FWHM:   2450.81569 +/- 382.566805 (15.61%) (init = 3000)
    Fe_op_shift: -1.0100e-04 +/- 5.6824e-04 (562.63%) (init = 0)
    PL_norm:      50.3425746 +/- 0.47348402 (0.94%) (init = 1)
    PL_slope:     0.47947729 +/- 8.83498771 (1842.63%) (init = -1.5)
    Blamer_norm:  0 (fixed)
    Balmer_Te:    15000 (fixed)
    Balmer_Tau:   0.5 (fixed)
    conti_a_0:    3511.39198 +/- 147996.094 (4214.74%) (init = 0)
    conti_a_1:   -9.47319579 +/- 1.42601243 (15.05%) (init = 0)
    conti_a_2:    0.00148947 +/- 6.5036e-05 (4.37%) (init = 0)
[[Correlations]] (unreported correlations are < 0.100)
    C(PL_slope, conti_a_0)     = -1.0000
    C(conti_a_0, conti_a_1)    = -0.9929
    C(PL_slope, conti_a_1)     = +0.9925
    C(Fe_uv_norm, PL_norm)     = -0.9826
    C(PL_slope, conti_a_2)     = +0.9212
    C(conti_a_0, conti_a_2)    = -0.9202
    C(conti_a_1, conti_a_2)    = +0.8693
    C(Fe_uv_FWHM, PL_norm)     = +0.8122
    C(Fe_uv_norm, Fe_uv_FWHM)  = -0.8090
    C(Fe_op_norm, conti_a_1)   = -0.6376
    C(Fe_op_norm, conti_a_0)   = +0.6230
    C(Fe_op_norm, PL_slope)    = -0.6223
    C(PL_norm, conti_a_2)      = -0.5855
    C(Fe_uv_FWHM, conti_a_2)   = -0.5492
    C(Fe_uv_norm, conti_a_2)   = +0.5212
    C(Fe_op_norm, conti_a_2)   = -0.4936
    C(PL_norm, PL_slope)       = -0.4496
    C(PL_norm, conti_a_0)      = +0.4470
    C(Fe_uv_FWHM, PL_slope)    = -0.4420
    C(Fe_uv_FWHM, conti_a_0)   = +0.4399
    C(Fe_uv_FWHM, conti_a_1)   = -0.3791
    C(Fe_op_norm, Fe_op_FWHM)  = +0.3761
    C(PL_norm, conti_a_1)      = -0.3733
    C(Fe_uv_norm, PL_slope)    = +0.3532
    C(Fe_uv_norm, conti_a_0)   = -0.3504
    C(Fe_uv_norm, conti_a_1)   = +0.2695
    C(Fe_op_FWHM, conti_a_1)   = -0.2208
    C(Fe_op_FWHM, conti_a_0)   = +0.2106
    C(Fe_op_FWHM, PL_slope)    = -0.2099
    C(Fe_uv_norm, Fe_op_FWHM)  = +0.2048
    C(Fe_op_FWHM, PL_norm)     = -0.1871
    C(Fe_op_FWHM, conti_a_2)   = -0.1673
    C(Fe_uv_norm, Fe_op_norm)  = +0.1475
    C(Fe_uv_shift, conti_a_1)  = +0.1335
    C(Fe_uv_shift, conti_a_0)  = -0.1237
    C(Fe_uv_shift, PL_slope)   = +0.1235
    C(Fe_uv_FWHM, Fe_op_FWHM)  = -0.1142
    C(Fe_op_norm, Fe_op_shift) = +0.1022
Name                    Value      Min      Max   Stderr     Vary     Expr Brute_Step
Hb_br_1_dwave               0    -0.01     0.01     None     True     None     None
Hb_br_1_scale               0        0    1e+10     None     True     None     None
Hb_br_1_sigma           0.005    0.004     0.05     None     True     None     None
Hb_br_2_dwave               0    -0.01     0.01     None     True     None     None
Hb_br_2_scale               0        0    1e+10     None     True     None     None
Hb_br_2_sigma           0.005    0.004     0.05     None     True     None     None
Hb_na_1_dwave               0    -0.01     0.01     None     True     None     None
Hb_na_1_scale               0        0    1e+10     None     True     None     None
Hb_na_1_sigma           0.001  0.00023  0.00169     None     True     None     None
HeII4687_br_1_dwave         0   -0.005    0.005     None     True     None     None
HeII4687_br_1_scale         0        0    1e+10     None     True     None     None
HeII4687_br_1_sigma     0.005    0.004     0.05     None     True     None     None
HeII4687_na_1_dwave         0   -0.005    0.005     None    False Hb_na_1_dwave     None
HeII4687_na_1_scale         0        0    1e+10     None     True     None     None
HeII4687_na_1_sigma     0.001  0.00023  0.00169     None    False Hb_na_1_sigma     None
OIII4959c_1_dwave           0    -0.01     0.01     None    False Hb_na_1_dwave     None
OIII4959c_1_scale           0        0    1e+10     None     True     None     None
OIII4959c_1_sigma       0.001  0.00023  0.00169     None    False Hb_na_1_sigma     None
OIII4959w_1_dwave           0    -0.01     0.01     None     True     None     None
OIII4959w_1_scale           0        0    1e+10     None     True     None     None
OIII4959w_1_sigma       0.003  0.00023    0.004     None     True     None     None
OIII5007c_1_dwave           0    -0.01     0.01     None    False Hb_na_1_dwave     None
OIII5007c_1_scale           0        0    1e+10     None    False 3.0303030014038086 * OIII4959c_1_scale     None
OIII5007c_1_sigma       0.001  0.00023  0.00169     None    False Hb_na_1_sigma     None
OIII5007w_1_dwave           0    -0.01     0.01     None    False OIII4959w_1_dwave     None
OIII5007w_1_scale           0        0    1e+10     None    False 3.0303030014038086 * OIII4959w_1_scale     None
OIII5007w_1_sigma       0.003  0.00023    0.004     None    False OIII4959w_1_sigma     None
Fitting complex Hb
Fit report
[[Variables]]
    Hb_br_1_scale:        10.9934922 (init = 0)
    Hb_br_1_dwave:       -0.00117234 (init = 0)
    Hb_br_1_sigma:        0.00780913 (init = 0.005)
    Hb_br_2_scale:        10.9934922 (init = 0)
    Hb_br_2_dwave:       -0.00117234 (init = 0)
    Hb_br_2_sigma:        0.00780913 (init = 0.005)
    Hb_na_1_scale:        1.34791511 (init = 0)
    Hb_na_1_dwave:       -4.7882e-04 (init = 0)
    Hb_na_1_sigma:        6.6178e-04 (init = 0.001)
    OIII4959c_1_scale:    5.55327451 (init = 0)
    OIII4959c_1_dwave:   -4.7882e-04 == 'Hb_na_1_dwave'
    OIII4959c_1_sigma:    6.6178e-04 == 'Hb_na_1_sigma'
    OIII5007c_1_scale:    16.8281044 == '3.0303030014038086 * OIII4959c_1_scale'
    OIII5007c_1_dwave:   -4.7882e-04 == 'Hb_na_1_dwave'
    OIII5007c_1_sigma:    6.6178e-04 == 'Hb_na_1_sigma'
    OIII4959w_1_scale:    0.93801578 (init = 0)
    OIII4959w_1_dwave:   -0.00651354 (init = 0)
    OIII4959w_1_sigma:    0.00382456 (init = 0.003)
    OIII5007w_1_scale:    2.84247202 == '3.0303030014038086 * OIII4959w_1_scale'
    OIII5007w_1_dwave:   -0.00651354 == 'OIII4959w_1_dwave'
    OIII5007w_1_sigma:    0.00382456 == 'OIII4959w_1_sigma'
    HeII4687_br_1_scale:  0.15421386 (init = 0)
    HeII4687_br_1_dwave: -0.00500000 (init = 0)
    HeII4687_br_1_sigma:  0.00400000 (init = 0.005)
    HeII4687_na_1_scale:  0.15421386 (init = 0)
    HeII4687_na_1_dwave: -4.7882e-04 == 'Hb_na_1_dwave'
    HeII4687_na_1_sigma:  6.6178e-04 == 'Hb_na_1_sigma'
Name                Value      Min      Max   Stderr     Vary     Expr Brute_Step
Ha_br_1_dwave           0   -0.015    0.015     None     True     None     None
Ha_br_1_scale           0        0    1e+10     None     True     None     None
Ha_br_1_sigma       0.005    0.004     0.05     None     True     None     None
Ha_br_2_dwave           0   -0.015    0.015     None     True     None     None
Ha_br_2_scale           0        0    1e+10     None     True     None     None
Ha_br_2_sigma       0.005    0.004     0.05     None     True     None     None
Ha_na_1_dwave           0    -0.01     0.01     None     True     None     None
Ha_na_1_scale           0        0    1e+10     None     True     None     None
Ha_na_1_sigma       0.001   0.0005  0.00169     None     True     None     None
NII6549_1_dwave         0   -0.005    0.005     None    False Ha_na_1_dwave     None
NII6549_1_scale         0        0    1e+10     None     True     None     None
NII6549_1_sigma     0.001  0.00023  0.00169     None    False Ha_na_1_sigma     None
NII6585_1_dwave         0   -0.005    0.005     None    False Ha_na_1_dwave     None
NII6585_1_scale         0        0    1e+10     None    False 3.0 * NII6549_1_scale     None
NII6585_1_sigma     0.001  0.00023  0.00169     None    False Ha_na_1_sigma     None
SII6718_1_dwave         0   -0.005    0.005     None    False Ha_na_1_dwave     None
SII6718_1_scale         0        0    1e+10     None     True     None     None
SII6718_1_sigma     0.001  0.00023  0.00169     None    False Ha_na_1_sigma     None
SII6732_1_dwave         0   -0.005    0.005     None    False Ha_na_1_dwave     None
SII6732_1_scale         0        0    1e+10     None     True     None     None
SII6732_1_sigma     0.001  0.00023  0.00169     None    False Ha_na_1_sigma     None
Fitting complex Ha
Fit report
[[Variables]]
    Ha_br_1_scale:    68.7608509 (init = 0)
    Ha_br_1_dwave:   -0.00111157 (init = 0)
    Ha_br_1_sigma:    0.00836452 (init = 0.005)
    Ha_br_2_scale:    10.1927777 (init = 0)
    Ha_br_2_dwave:   -0.00584130 (init = 0)
    Ha_br_2_sigma:    0.02091996 (init = 0.005)
    Ha_na_1_scale:    15.6525870 (init = 0)
    Ha_na_1_dwave:   -0.00158979 (init = 0)
    Ha_na_1_sigma:    0.00169000 (init = 0.001)
    NII6549_1_scale:  0.11133539 (init = 0)
    NII6549_1_dwave: -0.00158979 == 'Ha_na_1_dwave'
    NII6549_1_sigma:  0.00169000 == 'Ha_na_1_sigma'
    NII6585_1_scale:  0.33400616 == '3.0 * NII6549_1_scale'
    NII6585_1_dwave: -0.00158979 == 'Ha_na_1_dwave'
    NII6585_1_sigma:  0.00169000 == 'Ha_na_1_sigma'
    SII6718_1_scale:  0.57055527 (init = 0)
    SII6718_1_dwave: -0.00158979 == 'Ha_na_1_dwave'
    SII6718_1_sigma:  0.00169000 == 'Ha_na_1_sigma'
    SII6732_1_scale:  1.82429960 (init = 0)
    SII6732_1_dwave: -0.00158979 == 'Ha_na_1_dwave'
    SII6732_1_sigma:  0.00169000 == 'Ha_na_1_sigma'
Saving figure as ./result.pdf
Fitting finished in 28.8s
wrote pyqsofit_model.csv
['ra' 'dec' 'plateid' 'MJD' 'fiberid' 'redshift' 'SN_ratio_conti'
 'Fe_uv_norm' 'Fe_uv_FWHM' 'Fe_uv_shift' 'Fe_op_norm' 'Fe_op_FWHM'
 'Fe_op_shift' 'PL_norm' 'PL_slope' 'Blamer_norm' 'Balmer_Te' 'Balmer_Tau'
 'conti_a_0' 'conti_a_1' 'conti_a_2' 'L1350' 'L1450' 'L3000' 'L4200'
 'L5100' 'Fe_flux_4435_4685']

['-999' '-999' '0' '0' '0' '0.4675198495388031' '51.22707495882209'
 '2.747927441149045' '17999.910033943605' '0.009959521462811077'
 '2.103553442545092' '2450.8156878640075' '-0.00010099696246112198'
 '50.34257455349689' '0.4794772901477362' '0.0' '15000.0' '0.5'
 '3511.3919778818895' '-9.473195794518062' '0.0014894735486921053' '-1.0'
 '-1.0' '45.09161066043579' '45.25432411725388' '45.266713226112'
 '911.7588038954113']
['Hb_br_1_scale' 'Hb_br_1_centerwave' 'Hb_br_1_sigma' 'Hb_br_2_scale'
 'Hb_br_2_centerwave' 'Hb_br_2_sigma' 'Hb_na_1_scale' 'Hb_na_1_centerwave'
 'Hb_na_1_sigma' 'OIII4959c_1_scale' 'OIII4959c_1_centerwave'
 'OIII4959c_1_sigma' 'OIII5007c_1_scale' 'OIII5007c_1_centerwave'
 'OIII5007c_1_sigma' 'OIII4959w_1_scale' 'OIII4959w_1_centerwave'
 'OIII4959w_1_sigma' 'OIII5007w_1_scale' 'OIII5007w_1_centerwave'
 'OIII5007w_1_sigma' 'HeII4687_br_1_scale' 'HeII4687_br_1_centerwave'
 'HeII4687_br_1_sigma' 'HeII4687_na_1_scale' 'HeII4687_na_1_centerwave'
 'HeII4687_na_1_sigma' 'Ha_br_1_scale' 'Ha_br_1_centerwave'
 'Ha_br_1_sigma' 'Ha_br_2_scale' 'Ha_br_2_centerwave' 'Ha_br_2_sigma'
 'Ha_na_1_scale' 'Ha_na_1_centerwave' 'Ha_na_1_sigma' 'NII6549_1_scale'
 'NII6549_1_centerwave' 'NII6549_1_sigma' 'NII6585_1_scale'
 'NII6585_1_centerwave' 'NII6585_1_sigma' 'SII6718_1_scale'
 'SII6718_1_centerwave' 'SII6718_1_sigma' 'SII6732_1_scale'
 'SII6732_1_centerwave' 'SII6732_1_sigma']

[1.09934922e+01 8.48817321e+00 7.80913497e-03 1.09934922e+01
 8.48817321e+00 7.80913385e-03 1.34791511e+00 8.48886673e+00
 6.61777369e-04 5.55327451e+00 8.50874226e+00 6.61777369e-04
 1.68281044e+01 8.51836102e+00 6.61777369e-04 9.38015776e-01
 8.50270754e+00 3.82455519e-03 2.84247202e+00 8.51232630e+00
 3.82455519e-03 1.54213864e-01 8.44755184e+00 4.00000019e-03
 1.54213864e-01 8.45207302e+00 6.61777369e-04 6.87608509e+01
 8.78833716e+00 8.36452223e-03 1.01927777e+01 8.78360744e+00
 2.09199588e-02 1.56525870e+01 8.78785895e+00 1.68999995e-03
 1.11335385e-01 8.78560732e+00 1.68999995e-03 3.34006156e-01
 8.79100226e+00 1.68999995e-03 5.70555270e-01 8.81099890e+00
 1.68999995e-03 1.82429960e+00 8.81313704e+00 1.68999995e-03]
['Hb_br_1_scale' 'Hb_br_1_sigma' 'Hb_br_2_centerwave' 'Hb_na_1_scale'
 'Hb_na_1_sigma' 'OIII4959c_1_centerwave' 'OIII5007c_1_scale'
 'OIII5007c_1_sigma' 'OIII4959w_1_centerwave' 'OIII5007w_1_scale'
 'OIII5007w_1_sigma' 'HeII4687_br_1_centerwave' 'HeII4687_na_1_scale'
 'HeII4687_na_1_sigma' 'Ha_br_1_centerwave' 'Ha_br_2_scale'
 'Ha_br_2_sigma' 'Ha_na_1_centerwave' 'NII6549_1_scale' 'NII6549_1_sigma'
 'NII6585_1_centerwave' 'SII6718_1_scale' 'SII6718_1_sigma'
 'SII6732_1_centerwave']

[]
(0,)
['1_complex_name' '1_line_status' '1_line_min_chi2' '1_line_bic'
 '1_line_red_chi2' '1_niter' '1_ndof' '2_complex_name' '2_line_status'
 '2_line_min_chi2' '2_line_bic' '2_line_red_chi2' '2_niter' '2_ndof'
 'Hb_br_1_scale' 'Hb_br_1_centerwave' 'Hb_br_1_sigma' 'Hb_br_2_scale'
 'Hb_br_2_centerwave' 'Hb_br_2_sigma' 'Hb_na_1_scale' 'Hb_na_1_centerwave'
 'Hb_na_1_sigma' 'OIII4959c_1_scale' 'OIII4959c_1_centerwave'
 'OIII4959c_1_sigma' 'OIII5007c_1_scale' 'OIII5007c_1_centerwave'
 'OIII5007c_1_sigma' 'OIII4959w_1_scale' 'OIII4959w_1_centerwave'
 'OIII4959w_1_sigma' 'OIII5007w_1_scale' 'OIII5007w_1_centerwave'
 'OIII5007w_1_sigma' 'HeII4687_br_1_scale' 'HeII4687_br_1_centerwave'
 'HeII4687_br_1_sigma' 'HeII4687_na_1_scale' 'HeII4687_na_1_centerwave'
 'HeII4687_na_1_sigma' 'Ha_br_1_scale' 'Ha_br_1_centerwave'
 'Ha_br_1_sigma' 'Ha_br_2_scale' 'Ha_br_2_centerwave' 'Ha_br_2_sigma'
 'Ha_na_1_scale' 'Ha_na_1_centerwave' 'Ha_na_1_sigma' 'NII6549_1_scale'
 'NII6549_1_centerwave' 'NII6549_1_sigma' 'NII6585_1_scale'
 'NII6585_1_centerwave' 'NII6585_1_sigma' 'SII6718_1_scale'
 'SII6718_1_centerwave' 'SII6718_1_sigma' 'SII6732_1_scale'
 'SII6732_1_centerwave' 'SII6732_1_sigma' 'Hb_whole_br_fwhm'
 'Hb_whole_br_sigma' 'Hb_whole_br_ew' 'Hb_whole_br_peak'
 'Hb_whole_br_area' 'Hb_whole_br_snr' 'Ha_whole_br_fwhm'
 'Ha_whole_br_sigma' 'Ha_whole_br_ew' 'Ha_whole_br_peak'
 'Ha_whole_br_area' 'Ha_whole_br_snr']

['Hb' '1' '1076.2529670791996' '497.9589694070702' '2.738557168140457'
 '1710' '393' 'Ha' '1' '572.1119567852827' '271.26436425299187'
 '2.2793305051206483' '516' '251' '10.993492227662216' '8.488173213743268'
 '0.007809134965014345' '10.993492227662216' '8.48817321027868'
 '0.0078091338508665675' '1.3479151128592548' '8.488866730253232'
 '0.0006617773685687815' '5.553274506908679' '8.508742256681455'
 '0.0006617773685687815' '16.828104405904625' '8.518361015836728'
 '0.0006617773685687815' '0.9380157761640362' '8.502707538000752'
 '0.0038245551895049147' '2.842472021874002' '8.512326297156026'
 '0.0038245551895049147' '0.15421386390102043' '8.447551842519552'
 '0.004000000193512583' '0.15421386390102043' '8.452073021451962'
 '0.0006617773685687815' '68.76085090201656' '8.78833716460465'
 '0.008364522229986925' '10.192777732953573' '8.783607435428054'
 '0.020919958844362208' '15.652587004311158' '8.787858949355227'
 '0.0016899999463930726' '0.11133538535545995' '8.785607324294192'
 '0.0016899999463930726' '0.33400615606637984' '8.791002259902102'
 '0.0016899999463930726' '0.5705552696966265' '8.810998902968509'
 '0.0016899999463930726' '1.8242996002726386' '8.813137040785891'
 '0.0016899999463930726' '5577.337637024108' '2980.689581455165'
 '48.73880250754492' '4857.2295124517605' '2277.3599884559762'
 '14.416561739251996' '6380.562128173572' '3884.665764173574'
 '392.36886508513' '6556.565101519535' '12933.598172931968'
 '46.17481048980515']
Broad Hb:
FWHM (km/s) 5506.5
Sigma (km/s) 2307.2
EW (A) 44.5
Peak (A) 4857.0
Area (10^(-17) erg/s/cm^2) 2084.8
SNR 12.8

Narrow Hb:
FWHM (km/s) 467.0
Sigma (km/s) 195.5
EW (A) 0.2
Peak (A) 4860.4
Area (10^(-17) erg/s/cm^2) 10.8
SNR 0.5

Broad [OIII]5007:
FWHM (km/s) 2682.5
Sigma (km/s) 1123.8
EW (A) 3.0
Peak (A) 4975.7
Area (10^(-17) erg/s/cm^2) 135.2
SNR 1.2

Narrow [OIII]5007:
FWHM (km/s) 467.0
Sigma (km/s) 195.5
EW (A) 3.1
Peak (A) 5005.8
Area (10^(-17) erg/s/cm^2) 139.3
SNR 6.6
