7.0.1
1.3.2
2.1.6
3.1.6
['/home/onur/Documents/AGNEmissionLines_ThirdPartyLibraries/pyqsofit/PyQSOFit/src/pyqsofit']
FWHM Resolution: 2.5 Å
[ 3566.97426784  3567.79484559  3568.6175712  ... 10394.41199851
 10396.80892696 10399.20640813] Angstrom [57.96996689 57.96429443 57.95862961 ...  6.99743366  6.99751186
  6.9975915 ] erg / (Angstrom s cm2) [1.15939934 1.15928589 1.15917259 ... 0.13994867 0.13995024 0.13995183] erg / (Angstrom s cm2) 0.29768213629722595
Name            Value      Min      Max   Stderr     Vary     Expr Brute_Step
Balmer_Tau        0.5      0.1        2     None    False     None     None
Balmer_Te     1.5e+04    1e+04    5e+04     None    False     None     None
Blamer_norm         0        0    1e+10     None    False     None     None
Fe_op_FWHM       3000     1200  1.8e+04     None     True     None     None
Fe_op_norm          0        0    1e+10     None     True     None     None
Fe_op_shift         0    -0.01     0.01     None     True     None     None
Fe_uv_FWHM       3000     1200  1.8e+04     None     True     None     None
Fe_uv_norm          0        0    1e+10     None     True     None     None
Fe_uv_shift         0    -0.01     0.01     None     True     None     None
PL_norm             1        0    1e+10     None     True     None     None
PL_slope         -1.5       -5        3     None     True     None     None
conti_a_0           0     -inf      inf     None     True     None     None
conti_a_1           0     -inf      inf     None     True     None     None
conti_a_2           0     -inf      inf     None     True     None     None
Fitting continuum
Fit report
[[Variables]]
    Fe_uv_norm:   2.67824873 +/- 0.07129929 (2.66%) (init = 0)
    Fe_uv_FWHM:   13727.7833 +/- 768.613264 (5.60%) (init = 3000)
    Fe_uv_shift:  0.00857303 +/- 6.1407e-04 (7.16%) (init = 0)
    Fe_op_norm:   4.40250780 +/- 0.08392295 (1.91%) (init = 0)
    Fe_op_FWHM:   4125.42830 +/- 247.727057 (6.00%) (init = 3000)
    Fe_op_shift:  8.5977e-04 +/- 2.7390e-04 (31.86%) (init = 0)
    PL_norm:      56.5593028 +/- 0.32805741 (0.58%) (init = 1)
    PL_slope:    -0.79428102 +/- 0.14519908 (18.28%) (init = -1.5)
    Blamer_norm:  0 (fixed)
    Balmer_Te:    15000 (fixed)
    Balmer_Tau:   0.5 (fixed)
    conti_a_0:   -11192.6864 +/- 2210.57055 (19.75%) (init = 0)
    conti_a_1:    3.91225811 +/- 0.51526446 (13.17%) (init = 0)
    conti_a_2:   -3.9302e-04 +/- 4.4617e-05 (11.35%) (init = 0)
[[Correlations]] (unreported correlations are < 0.100)
    C(conti_a_1, conti_a_2)    = -0.9915
    C(conti_a_0, conti_a_1)    = -0.9889
    C(PL_slope, conti_a_0)     = -0.9889
    C(conti_a_0, conti_a_2)    = +0.9616
    C(PL_slope, conti_a_1)     = +0.9576
    C(Fe_uv_norm, PL_norm)     = -0.9416
    C(PL_slope, conti_a_2)     = -0.9147
    C(Fe_uv_FWHM, PL_norm)     = -0.7808
    C(Fe_uv_norm, Fe_uv_FWHM)  = +0.7576
    C(Fe_op_norm, Fe_op_FWHM)  = +0.4530
    C(Fe_uv_norm, Fe_op_norm)  = +0.3971
    C(Fe_uv_norm, Fe_op_FWHM)  = +0.3806
    C(PL_norm, PL_slope)       = -0.3683
    C(Fe_uv_FWHM, PL_slope)    = +0.3193
    C(Fe_op_FWHM, PL_norm)     = -0.2983
    C(Fe_op_norm, PL_norm)     = -0.2863
    C(PL_norm, conti_a_0)      = +0.2740
    C(Fe_uv_FWHM, conti_a_0)   = -0.2432
    C(Fe_op_norm, conti_a_2)   = -0.2427
    C(PL_norm, conti_a_1)      = -0.2166
    C(Fe_uv_FWHM, Fe_op_FWHM)  = +0.2116
    C(Fe_uv_FWHM, Fe_op_norm)  = +0.1943
    C(Fe_uv_FWHM, conti_a_1)   = +0.1940
    C(Fe_uv_norm, PL_slope)    = +0.1844
    C(PL_norm, conti_a_2)      = +0.1734
    C(Fe_op_FWHM, PL_slope)    = -0.1728
    C(Fe_op_norm, conti_a_1)   = +0.1717
    C(Fe_op_FWHM, conti_a_0)   = +0.1675
    C(Fe_uv_FWHM, conti_a_2)   = -0.1562
    C(Fe_op_shift, conti_a_0)  = +0.1433
    C(Fe_op_shift, PL_slope)   = -0.1401
    C(Fe_op_shift, conti_a_1)  = -0.1358
    C(Fe_op_FWHM, conti_a_1)   = -0.1324
    C(Fe_op_shift, conti_a_2)  = +0.1258
    C(Fe_uv_norm, Fe_op_shift) = +0.1131
    C(Fe_uv_norm, conti_a_0)   = -0.1056
Name                    Value      Min      Max   Stderr     Vary     Expr Brute_Step
Hb_br_1_dwave               0    -0.01     0.01     None     True     None     None
Hb_br_1_scale               0        0    1e+10     None     True     None     None
Hb_br_1_sigma           0.005    0.004     0.05     None     True     None     None
Hb_br_2_dwave               0    -0.01     0.01     None     True     None     None
Hb_br_2_scale               0        0    1e+10     None     True     None     None
Hb_br_2_sigma           0.005    0.004     0.05     None     True     None     None
Hb_na_1_dwave               0    -0.01     0.01     None     True     None     None
Hb_na_1_scale               0        0    1e+10     None     True     None     None
Hb_na_1_sigma           0.001  0.00023  0.00169     None     True     None     None
HeII4687_br_1_dwave         0   -0.005    0.005     None     True     None     None
HeII4687_br_1_scale         0        0    1e+10     None     True     None     None
HeII4687_br_1_sigma     0.005    0.004     0.05     None     True     None     None
HeII4687_na_1_dwave         0   -0.005    0.005     None    False Hb_na_1_dwave     None
HeII4687_na_1_scale         0        0    1e+10     None     True     None     None
HeII4687_na_1_sigma     0.001  0.00023  0.00169     None    False Hb_na_1_sigma     None
OIII4959c_1_dwave           0    -0.01     0.01     None    False Hb_na_1_dwave     None
OIII4959c_1_scale           0        0    1e+10     None     True     None     None
OIII4959c_1_sigma       0.001  0.00023  0.00169     None    False Hb_na_1_sigma     None
OIII4959w_1_dwave           0    -0.01     0.01     None     True     None     None
OIII4959w_1_scale           0        0    1e+10     None     True     None     None
OIII4959w_1_sigma       0.003  0.00023    0.004     None     True     None     None
OIII5007c_1_dwave           0    -0.01     0.01     None    False Hb_na_1_dwave     None
OIII5007c_1_scale           0        0    1e+10     None     True     None     None
OIII5007c_1_sigma       0.001  0.00023  0.00169     None    False Hb_na_1_sigma     None
OIII5007w_1_dwave           0    -0.01     0.01     None    False OIII4959w_1_dwave     None
OIII5007w_1_scale           0        0    1e+10     None     True     None     None
OIII5007w_1_sigma       0.003  0.00023    0.004     None    False OIII4959w_1_sigma     None
Fitting complex Hb
Fit report
[[Variables]]
    Hb_br_1_scale:        20.5352935 (init = 0)
    Hb_br_1_dwave:        0.00491799 (init = 0)
    Hb_br_1_sigma:        0.00558655 (init = 0.005)
    Hb_br_2_scale:        6.52158383 (init = 0)
    Hb_br_2_dwave:        0.00895593 (init = 0)
    Hb_br_2_sigma:        0.01610226 (init = 0.005)
    Hb_na_1_scale:        0.18108626 (init = 0)
    Hb_na_1_dwave:       -1.0051e-04 (init = 0)
    Hb_na_1_sigma:        8.0326e-04 (init = 0.001)
    OIII4959c_1_scale:    0.04000300 (init = 0)
    OIII4959c_1_dwave:   -1.0051e-04 == 'Hb_na_1_dwave'
    OIII4959c_1_sigma:    8.0326e-04 == 'Hb_na_1_sigma'
    OIII5007c_1_scale:    72.8712435 (init = 0)
    OIII5007c_1_dwave:   -1.0051e-04 == 'Hb_na_1_dwave'
    OIII5007c_1_sigma:    8.0326e-04 == 'Hb_na_1_sigma'
    OIII4959w_1_scale:    0.15421386 (init = 0)
    OIII4959w_1_dwave:   -0.00959681 (init = 0)
    OIII4959w_1_sigma:    6.7425e-04 (init = 0.003)
    OIII5007w_1_scale:    29.3749997 (init = 0)
    OIII5007w_1_dwave:   -0.00959681 == 'OIII4959w_1_dwave'
    OIII5007w_1_sigma:    6.7425e-04 == 'OIII4959w_1_sigma'
    HeII4687_br_1_scale:  1.14727561 (init = 0)
    HeII4687_br_1_dwave: -0.00481186 (init = 0)
    HeII4687_br_1_sigma:  0.05000000 (init = 0.005)
    HeII4687_na_1_scale:  3.56419338 (init = 0)
    HeII4687_na_1_dwave: -1.0051e-04 == 'Hb_na_1_dwave'
    HeII4687_na_1_sigma:  8.0326e-04 == 'Hb_na_1_sigma'
Name                Value      Min      Max   Stderr     Vary     Expr Brute_Step
Ha_br_1_dwave           0   -0.015    0.015     None     True     None     None
Ha_br_1_scale           0        0    1e+10     None     True     None     None
Ha_br_1_sigma       0.005    0.004     0.05     None     True     None     None
Ha_br_2_dwave           0   -0.015    0.015     None     True     None     None
Ha_br_2_scale           0        0    1e+10     None     True     None     None
Ha_br_2_sigma       0.005    0.004     0.05     None     True     None     None
Ha_na_1_dwave           0    -0.01     0.01     None     True     None     None
Ha_na_1_scale           0        0    1e+10     None     True     None     None
Ha_na_1_sigma       0.001   0.0005  0.00169     None     True     None     None
NII6549_1_dwave         0   -0.005    0.005     None    False Ha_na_1_dwave     None
NII6549_1_scale         0        0    1e+10     None     True     None     None
NII6549_1_sigma     0.001  0.00023  0.00169     None    False Ha_na_1_sigma     None
NII6585_1_dwave         0   -0.005    0.005     None    False Ha_na_1_dwave     None
NII6585_1_scale         0        0    1e+10     None    False 3.0 * NII6549_1_scale     None
NII6585_1_sigma     0.001  0.00023  0.00169     None    False Ha_na_1_sigma     None
SII6718_1_dwave         0   -0.005    0.005     None    False Ha_na_1_dwave     None
SII6718_1_scale         0        0    1e+10     None     True     None     None
SII6718_1_sigma     0.001  0.00023  0.00169     None    False Ha_na_1_sigma     None
SII6732_1_dwave         0   -0.005    0.005     None    False Ha_na_1_dwave     None
SII6732_1_scale         0        0    1e+10     None    False 1.0 * SII6718_1_scale     None
SII6732_1_sigma     0.001  0.00023  0.00169     None    False Ha_na_1_sigma     None
Fitting complex Ha
Fit report
[[Variables]]
    Ha_br_1_scale:    55.6168706 +/- 2.71166004 (4.88%) (init = 0)
    Ha_br_1_dwave:    0.00170792 +/- 9.6490e-05 (5.65%) (init = 0)
    Ha_br_1_sigma:    0.00493635 +/- 1.5355e-04 (3.11%) (init = 0.005)
    Ha_br_2_scale:    26.1811450 +/- 1.50150583 (5.74%) (init = 0)
    Ha_br_2_dwave:    0.00211420 +/- 1.3267e-04 (6.27%) (init = 0)
    Ha_br_2_sigma:    0.01182834 +/- 2.9801e-04 (2.52%) (init = 0.005)
    Ha_na_1_scale:    21.3640522 +/- 2.50342106 (11.72%) (init = 0)
    Ha_na_1_dwave:    0.00105424 +/- 1.1745e-04 (11.14%) (init = 0)
    Ha_na_1_sigma:    0.00143474 +/- 1.7258e-04 (12.03%) (init = 0.001)
    NII6549_1_scale:  0.05141554 +/- 0.99659150 (1938.31%) (init = 0)
    NII6549_1_dwave:  0.00105424 +/- 1.1745e-04 (11.14%) == 'Ha_na_1_dwave'
    NII6549_1_sigma:  0.00143474 +/- 1.7258e-04 (12.03%) == 'Ha_na_1_sigma'
    NII6585_1_scale:  0.15424662 +/- 2.98977451 (1938.31%) == '3.0 * NII6549_1_scale'
    NII6585_1_dwave:  0.00105424 +/- 1.1745e-04 (11.14%) == 'Ha_na_1_dwave'
    NII6585_1_sigma:  0.00143474 +/- 1.7258e-04 (12.03%) == 'Ha_na_1_sigma'
    SII6718_1_scale:  2.45908072 +/- 0.25012776 (10.17%) (init = 0)
    SII6718_1_dwave:  0.00105424 +/- 1.1745e-04 (11.14%) == 'Ha_na_1_dwave'
    SII6718_1_sigma:  0.00143474 +/- 1.7258e-04 (12.03%) == 'Ha_na_1_sigma'
    SII6732_1_scale:  2.45908072 +/- 0.25012776 (10.17%) == '1.0 * SII6718_1_scale'
    SII6732_1_dwave:  0.00105424 +/- 1.1745e-04 (11.14%) == 'Ha_na_1_dwave'
    SII6732_1_sigma:  0.00143474 +/- 1.7258e-04 (12.03%) == 'Ha_na_1_sigma'
[[Correlations]] (unreported correlations are < 0.100)
    C(Ha_br_2_scale, Ha_br_2_sigma)     = -0.9481
    C(Ha_br_1_sigma, Ha_br_2_scale)     = -0.7773
    C(Ha_br_1_scale, NII6549_1_scale)   = +0.7210
    C(Ha_br_1_scale, Ha_na_1_sigma)     = -0.6903
    C(Ha_br_1_dwave, NII6549_1_scale)   = +0.6504
    C(Ha_br_1_sigma, Ha_br_2_sigma)     = +0.6371
    C(Ha_br_1_sigma, Ha_na_1_scale)     = +0.6234
    C(Ha_na_1_sigma, SII6718_1_scale)   = -0.5876
    C(Ha_br_1_scale, Ha_na_1_scale)     = -0.5500
    C(Ha_br_1_sigma, SII6718_1_scale)   = -0.5039
    C(Ha_br_1_dwave, Ha_br_2_dwave)     = -0.4892
    C(Ha_na_1_sigma, NII6549_1_scale)   = -0.4667
    C(Ha_br_1_scale, Ha_br_2_sigma)     = +0.4276
    C(Ha_br_1_sigma, Ha_na_1_sigma)     = +0.4241
    C(Ha_na_1_scale, NII6549_1_scale)   = -0.4230
    C(Ha_br_2_scale, SII6718_1_scale)   = +0.4017
    C(Ha_br_2_sigma, SII6718_1_scale)   = -0.3988
    C(Ha_br_1_scale, Ha_br_1_dwave)     = +0.3836
    C(Ha_br_1_scale, Ha_br_2_scale)     = -0.3376
    C(Ha_br_1_dwave, Ha_na_1_dwave)     = -0.3252
    C(Ha_na_1_scale, Ha_na_1_sigma)     = +0.3168
    C(NII6549_1_scale, SII6718_1_scale) = +0.3070
    C(Ha_br_1_sigma, NII6549_1_scale)   = -0.3048
    C(Ha_br_2_scale, Ha_na_1_scale)     = -0.2936
    C(Ha_na_1_scale, SII6718_1_scale)   = -0.2744
    C(Ha_br_1_scale, SII6718_1_scale)   = +0.2619
    C(Ha_br_1_scale, Ha_br_1_sigma)     = -0.2473
    C(Ha_br_2_dwave, SII6718_1_scale)   = -0.2134
    C(Ha_na_1_dwave, NII6549_1_scale)   = -0.2110
    C(Ha_br_2_sigma, Ha_na_1_scale)     = +0.2048
    C(Ha_br_2_dwave, NII6549_1_scale)   = -0.1796
    C(Ha_br_2_dwave, Ha_na_1_dwave)     = +0.1696
    C(Ha_br_1_dwave, SII6718_1_scale)   = +0.1618
    C(Ha_br_1_scale, Ha_na_1_dwave)     = -0.1609
    C(Ha_na_1_dwave, SII6718_1_scale)   = -0.1558
    C(Ha_br_2_dwave, Ha_br_2_sigma)     = +0.1538
    C(Ha_br_2_scale, Ha_br_2_dwave)     = -0.1511
    C(Ha_br_1_dwave, Ha_na_1_scale)     = -0.1493
    C(Ha_na_1_scale, Ha_na_1_dwave)     = +0.1463
    C(Ha_br_1_dwave, Ha_na_1_sigma)     = -0.1446
    C(Ha_br_1_sigma, Ha_br_2_dwave)     = +0.1185
    C(Ha_br_1_sigma, Ha_na_1_dwave)     = +0.1127
    C(Ha_na_1_dwave, Ha_na_1_sigma)     = +0.1089
Saving figure as ./result.pdf
Fitting finished in 15.6s
['ra' 'dec' 'plateid' 'MJD' 'fiberid' 'redshift' 'SN_ratio_conti'
 'Fe_uv_norm' 'Fe_uv_FWHM' 'Fe_uv_shift' 'Fe_op_norm' 'Fe_op_FWHM'
 'Fe_op_shift' 'PL_norm' 'PL_slope' 'Blamer_norm' 'Balmer_Te' 'Balmer_Tau'
 'conti_a_0' 'conti_a_1' 'conti_a_2' 'L1350' 'L1450' 'L3000' 'L4200'
 'L5100' 'Fe_flux_4435_4685']

['-999' '-999' '0' '0' '0' '0.29768213629722595' '45.629749798569335'
 '2.6782487339005456' '13727.783255999082' '0.008573032454107034'
 '4.402507802758748' '4125.428301707366' '0.000859774366224501'
 '56.559302796799216' '-0.7942810220753564' '0.0' '15000.0' '0.5'
 '-11192.686375772251' '3.912258109779754' '-0.00039302067523025463'
 '-1.0' '-1.0' '44.681951729811765' '44.617382633497755'
 '44.59472489981747' '1881.01857471001']
['Hb_br_1_scale' 'Hb_br_1_centerwave' 'Hb_br_1_sigma' 'Hb_br_2_scale'
 'Hb_br_2_centerwave' 'Hb_br_2_sigma' 'Hb_na_1_scale' 'Hb_na_1_centerwave'
 'Hb_na_1_sigma' 'OIII4959c_1_scale' 'OIII4959c_1_centerwave'
 'OIII4959c_1_sigma' 'OIII5007c_1_scale' 'OIII5007c_1_centerwave'
 'OIII5007c_1_sigma' 'OIII4959w_1_scale' 'OIII4959w_1_centerwave'
 'OIII4959w_1_sigma' 'OIII5007w_1_scale' 'OIII5007w_1_centerwave'
 'OIII5007w_1_sigma' 'HeII4687_br_1_scale' 'HeII4687_br_1_centerwave'
 'HeII4687_br_1_sigma' 'HeII4687_na_1_scale' 'HeII4687_na_1_centerwave'
 'HeII4687_na_1_sigma' 'Ha_br_1_scale' 'Ha_br_1_centerwave'
 'Ha_br_1_sigma' 'Ha_br_2_scale' 'Ha_br_2_centerwave' 'Ha_br_2_sigma'
 'Ha_na_1_scale' 'Ha_na_1_centerwave' 'Ha_na_1_sigma' 'NII6549_1_scale'
 'NII6549_1_centerwave' 'NII6549_1_sigma' 'NII6585_1_scale'
 'NII6585_1_centerwave' 'NII6585_1_sigma' 'SII6718_1_scale'
 'SII6718_1_centerwave' 'SII6718_1_sigma' 'SII6732_1_scale'
 'SII6732_1_centerwave' 'SII6732_1_sigma']

[2.05352935e+01 8.48848809e+00 5.58654721e-03 6.52158383e+00
 8.49252603e+00 1.61022614e-02 1.81086257e-01 8.48346959e+00
 8.03255655e-04 4.00030009e-02 8.50305425e+00 8.03255655e-04
 7.28712435e+01 8.51873933e+00 8.03255655e-04 1.54213864e-01
 8.49355794e+00 6.74251369e-04 2.93749997e+01 8.50924302e+00
 6.74251369e-04 1.14727561e+00 8.44773999e+00 5.00000003e-02
 3.56419338e+00 8.45245133e+00 8.03255655e-04 5.56168706e+01
 8.78917397e+00 4.93634816e-03 2.61811450e+01 8.78958025e+00
 1.18283429e-02 2.13640522e+01 8.78852029e+00 1.43473911e-03
 5.14155385e-02 8.78825135e+00 1.43473911e-03 1.54246615e-01
 8.79364629e+00 1.43473911e-03 2.45908072e+00 8.81364293e+00
 1.43473911e-03 2.45908072e+00 8.81578107e+00 1.43473911e-03]
['Hb_br_1_scale' 'Hb_br_1_sigma' 'Hb_br_2_centerwave' 'Hb_na_1_scale'
 'Hb_na_1_sigma' 'OIII4959c_1_centerwave' 'OIII5007c_1_scale'
 'OIII5007c_1_sigma' 'OIII4959w_1_centerwave' 'OIII5007w_1_scale'
 'OIII5007w_1_sigma' 'HeII4687_br_1_centerwave' 'HeII4687_na_1_scale'
 'HeII4687_na_1_sigma' 'Ha_br_1_centerwave' 'Ha_br_2_scale'
 'Ha_br_2_sigma' 'Ha_na_1_centerwave' 'NII6549_1_scale' 'NII6549_1_sigma'
 'NII6585_1_centerwave' 'SII6718_1_scale' 'SII6718_1_sigma'
 'SII6732_1_centerwave']

[]
(0,)
['1_complex_name' '1_line_status' '1_line_min_chi2' '1_line_bic'
 '1_line_red_chi2' '1_niter' '1_ndof' '2_complex_name' '2_line_status'
 '2_line_min_chi2' '2_line_bic' '2_line_red_chi2' '2_niter' '2_ndof'
 'Hb_br_1_scale' 'Hb_br_1_centerwave' 'Hb_br_1_sigma' 'Hb_br_2_scale'
 'Hb_br_2_centerwave' 'Hb_br_2_sigma' 'Hb_na_1_scale' 'Hb_na_1_centerwave'
 'Hb_na_1_sigma' 'OIII4959c_1_scale' 'OIII4959c_1_centerwave'
 'OIII4959c_1_sigma' 'OIII5007c_1_scale' 'OIII5007c_1_centerwave'
 'OIII5007c_1_sigma' 'OIII4959w_1_scale' 'OIII4959w_1_centerwave'
 'OIII4959w_1_sigma' 'OIII5007w_1_scale' 'OIII5007w_1_centerwave'
 'OIII5007w_1_sigma' 'HeII4687_br_1_scale' 'HeII4687_br_1_centerwave'
 'HeII4687_br_1_sigma' 'HeII4687_na_1_scale' 'HeII4687_na_1_centerwave'
 'HeII4687_na_1_sigma' 'Ha_br_1_scale' 'Ha_br_1_centerwave'
 'Ha_br_1_sigma' 'Ha_br_2_scale' 'Ha_br_2_centerwave' 'Ha_br_2_sigma'
 'Ha_na_1_scale' 'Ha_na_1_centerwave' 'Ha_na_1_sigma' 'NII6549_1_scale'
 'NII6549_1_centerwave' 'NII6549_1_sigma' 'NII6585_1_scale'
 'NII6585_1_centerwave' 'NII6585_1_sigma' 'SII6718_1_scale'
 'SII6718_1_centerwave' 'SII6718_1_sigma' 'SII6732_1_scale'
 'SII6732_1_centerwave' 'SII6732_1_sigma' 'Hb_whole_br_fwhm'
 'Hb_whole_br_sigma' 'Hb_whole_br_ew' 'Hb_whole_br_peak'
 'Hb_whole_br_area' 'Hb_whole_br_snr' 'Ha_whole_br_fwhm'
 'Ha_whole_br_sigma' 'Ha_whole_br_ew' 'Ha_whole_br_peak'
 'Ha_whole_br_area' 'Ha_whole_br_snr']

['Hb' '1' '1790.1671692009406' '718.087381744798' '4.590172228720361'
 '2808' '390' 'Ha' '1' '1064.520222073542' '429.0006873769124'
 '4.224286595529929' '602' '252' '20.53529346568439' '8.488488086998155'
 '0.005586547213118011' '6.521583828522637' '8.492526030869307'
 '0.01610226140554962' '0.18108625710056003' '8.483469591825479'
 '0.0008032556553380042' '0.04000300091178133' '8.503054247587198'
 '0.0008032556553380042' '72.87124348387408' '8.518739329069131'
 '0.0008032556553380042' '0.15421386390102043' '8.49355794157189'
 '0.0006742513691248363' '29.374999654940837' '8.509243023053823'
 '0.0006742513691248363' '1.1472756078489965' '8.447739985808687'
 '0.0500000002786874' '3.564193384875125' '8.452451334684365'
 '0.0008032556553380042' '55.61687055344322' '8.789173965887406'
 '0.004936348157655426' '26.181145029724462' '8.789580251340592'
 '0.011828342905346838' '21.364052193995064' '8.788520289599706'
 '0.0014347391086814657' '0.051415538493415625' '8.78825135344248'
 '0.0014347391086814657' '0.15424661548024687' '8.79364628905039'
 '0.0014347391086814657' '2.459080716832318' '8.813642932116796'
 '0.0014347391086814657' '2.459080716832318' '8.815781069934179'
 '0.0014347391086814657' '4821.260954926837' '8556.665139285793'
 '115.69332285962173' '4859.398966690431' '3351.100011958792'
 '27.506886126564698' '4329.672718818517' '2748.165507123001'
 '428.9948911619007' '6563.199502668702' '9599.494217456788'
 '66.35830377786904']
Broad Hb:
FWHM (km/s) 4705.0
Sigma (km/s) 3600.7
EW (A) 93.4
Peak (A) 4859.0
Area (10^(-17) erg/s/cm^2) 2677.9
SNR 25.7

Narrow Hb:
FWHM (km/s) 572.1
Sigma (km/s) 237.4
EW (A) 0.1
Peak (A) 4833.6
Area (10^(-17) erg/s/cm^2) 1.8
SNR 0.1

Broad [OIII]5007:
FWHM (km/s) 0
Sigma (km/s) 0
EW (A) 0
Peak (A) 0
Area (10^(-17) erg/s/cm^2) 0
SNR 0

Narrow [OIII]5007:
FWHM (km/s) 572.1
Sigma (km/s) 237.4
EW (A) 26.4
Peak (A) 5007.1
Area (10^(-17) erg/s/cm^2) 732.6
SNR 34.2
