7.0.1
1.3.2
2.1.6
3.1.6
['/home/onur/Documents/AGNEmissionLines_ThirdPartyLibraries/pyqsofit/PyQSOFit/src/pyqsofit']
FWHM Resolution: 2.5 Å
[ 3566.97426784  3567.79484559  3568.6175712  ... 10394.41199851
 10396.80892696 10399.20640813] Angstrom [32.20381546 32.2004509  32.19709015 ... 29.23681831 29.23712349
 29.23742867] erg / (Angstrom s cm2) [0.64407631 0.64400902 0.6439418  ... 0.58473637 0.58474247 0.58474857] erg / (Angstrom s cm2) 0.1967448890209198
Name            Value      Min      Max   Stderr     Vary     Expr Brute_Step
Balmer_Tau        0.5      0.1        2     None    False     None     None
Balmer_Te     1.5e+04    1e+04    5e+04     None    False     None     None
Blamer_norm         0        0    1e+10     None    False     None     None
Fe_op_FWHM       3000     1200  1.8e+04     None     True     None     None
Fe_op_norm          0        0    1e+10     None     True     None     None
Fe_op_shift         0    -0.01     0.01     None     True     None     None
Fe_uv_FWHM       3000     1200  1.8e+04     None     True     None     None
Fe_uv_norm          0        0    1e+10     None     True     None     None
Fe_uv_shift         0    -0.01     0.01     None     True     None     None
PL_norm             1        0    1e+10     None     True     None     None
PL_slope         -1.5       -5        3     None     True     None     None
conti_a_0           0     -inf      inf     None     True     None     None
conti_a_1           0     -inf      inf     None     True     None     None
conti_a_2           0     -inf      inf     None     True     None     None
Fitting continuum
Fit report
[[Variables]]
    Fe_uv_norm:   0.57371163 (init = 0)
    Fe_uv_FWHM:   18000.0000 (init = 3000)
    Fe_uv_shift:  0.01000000 (init = 0)
    Fe_op_norm:   3.02947556 (init = 0)
    Fe_op_FWHM:   17999.7722 (init = 3000)
    Fe_op_shift: -0.01000000 (init = 0)
    PL_norm:      31.8325016 (init = 1)
    PL_slope:    -2.08614194 (init = -1.5)
    Blamer_norm:  0 (fixed)
    Balmer_Te:    15000 (fixed)
    Balmer_Tau:   0.5 (fixed)
    conti_a_0:    3466.35190 (init = 0)
    conti_a_1:    0.50297835 (init = 0)
    conti_a_2:   -1.3041e-04 (init = 0)
Name                    Value      Min      Max   Stderr     Vary     Expr Brute_Step
Hb_br_1_dwave               0    -0.01     0.01     None     True     None     None
Hb_br_1_scale               0        0    1e+10     None     True     None     None
Hb_br_1_sigma           0.005    0.004     0.05     None     True     None     None
Hb_br_2_dwave               0    -0.01     0.01     None     True     None     None
Hb_br_2_scale               0        0    1e+10     None     True     None     None
Hb_br_2_sigma           0.005    0.004     0.05     None     True     None     None
Hb_na_1_dwave               0    -0.01     0.01     None     True     None     None
Hb_na_1_scale               0        0    1e+10     None     True     None     None
Hb_na_1_sigma           0.001  0.00023  0.00169     None     True     None     None
HeII4687_br_1_dwave         0   -0.005    0.005     None     True     None     None
HeII4687_br_1_scale         0        0    1e+10     None     True     None     None
HeII4687_br_1_sigma     0.005    0.004     0.05     None     True     None     None
HeII4687_na_1_dwave         0   -0.005    0.005     None    False Hb_na_1_dwave     None
HeII4687_na_1_scale         0        0    1e+10     None     True     None     None
HeII4687_na_1_sigma     0.001  0.00023  0.00169     None    False Hb_na_1_sigma     None
OIII4959c_1_dwave           0    -0.01     0.01     None    False Hb_na_1_dwave     None
OIII4959c_1_scale           0        0    1e+10     None     True     None     None
OIII4959c_1_sigma       0.001  0.00023  0.00169     None    False Hb_na_1_sigma     None
OIII4959w_1_dwave           0    -0.01     0.01     None     True     None     None
OIII4959w_1_scale           0        0    1e+10     None     True     None     None
OIII4959w_1_sigma       0.003  0.00023    0.004     None     True     None     None
OIII5007c_1_dwave           0    -0.01     0.01     None    False Hb_na_1_dwave     None
OIII5007c_1_scale           0        0    1e+10     None    False 3.0303030014038086 * OIII4959c_1_scale     None
OIII5007c_1_sigma       0.001  0.00023  0.00169     None    False Hb_na_1_sigma     None
OIII5007w_1_dwave           0    -0.01     0.01     None    False OIII4959w_1_dwave     None
OIII5007w_1_scale           0        0    1e+10     None    False 3.0303030014038086 * OIII4959w_1_scale     None
OIII5007w_1_sigma       0.003  0.00023    0.004     None    False OIII4959w_1_sigma     None
Fitting complex Hb
Fit report
[[Variables]]
    Hb_br_1_scale:        6.67098266 (init = 0)
    Hb_br_1_dwave:        0.00465555 (init = 0)
    Hb_br_1_sigma:        0.00400000 (init = 0.005)
    Hb_br_2_scale:        3.48786167 (init = 0)
    Hb_br_2_dwave:        0.00644357 (init = 0)
    Hb_br_2_sigma:        0.00601308 (init = 0.005)
    Hb_na_1_scale:        0.15421386 (init = 0)
    Hb_na_1_dwave:       -0.00110730 (init = 0)
    Hb_na_1_sigma:        0.00153712 (init = 0.001)
    OIII4959c_1_scale:    6.59120036 (init = 0)
    OIII4959c_1_dwave:   -0.00110730 == 'Hb_na_1_dwave'
    OIII4959c_1_sigma:    0.00153712 == 'Hb_na_1_sigma'
    OIII5007c_1_scale:    19.9733342 == '3.0303030014038086 * OIII4959c_1_scale'
    OIII5007c_1_dwave:   -0.00110730 == 'Hb_na_1_dwave'
    OIII5007c_1_sigma:    0.00153712 == 'Hb_na_1_sigma'
    OIII4959w_1_scale:    6.51139420 (init = 0)
    OIII4959w_1_dwave:   -0.01000000 (init = 0)
    OIII4959w_1_sigma:    8.6514e-04 (init = 0.003)
    OIII5007w_1_scale:    19.7314974 == '3.0303030014038086 * OIII4959w_1_scale'
    OIII5007w_1_dwave:   -0.01000000 == 'OIII4959w_1_dwave'
    OIII5007w_1_sigma:    8.6514e-04 == 'OIII4959w_1_sigma'
    HeII4687_br_1_scale:  1.26389454 (init = 0)
    HeII4687_br_1_dwave:  0.00500000 (init = 0)
    HeII4687_br_1_sigma:  0.05000000 (init = 0.005)
    HeII4687_na_1_scale:  2.29990860 (init = 0)
    HeII4687_na_1_dwave: -0.00110730 == 'Hb_na_1_dwave'
    HeII4687_na_1_sigma:  0.00153712 == 'Hb_na_1_sigma'
Name                Value      Min      Max   Stderr     Vary     Expr Brute_Step
Ha_br_1_dwave           0   -0.015    0.015     None     True     None     None
Ha_br_1_scale           0        0    1e+10     None     True     None     None
Ha_br_1_sigma       0.005    0.004     0.05     None     True     None     None
Ha_br_2_dwave           0   -0.015    0.015     None     True     None     None
Ha_br_2_scale           0        0    1e+10     None     True     None     None
Ha_br_2_sigma       0.005    0.004     0.05     None     True     None     None
Ha_na_1_dwave           0    -0.01     0.01     None     True     None     None
Ha_na_1_scale           0        0    1e+10     None     True     None     None
Ha_na_1_sigma       0.001   0.0005  0.00169     None     True     None     None
NII6549_1_dwave         0   -0.005    0.005     None    False Ha_na_1_dwave     None
NII6549_1_scale         0        0    1e+10     None     True     None     None
NII6549_1_sigma     0.001  0.00023  0.00169     None    False Ha_na_1_sigma     None
NII6585_1_dwave         0   -0.005    0.005     None    False Ha_na_1_dwave     None
NII6585_1_scale         0        0    1e+10     None    False 3.0 * NII6549_1_scale     None
NII6585_1_sigma     0.001  0.00023  0.00169     None    False Ha_na_1_sigma     None
SII6718_1_dwave         0   -0.005    0.005     None    False Ha_na_1_dwave     None
SII6718_1_scale         0        0    1e+10     None     True     None     None
SII6718_1_sigma     0.001  0.00023  0.00169     None    False Ha_na_1_sigma     None
SII6732_1_dwave         0   -0.005    0.005     None    False Ha_na_1_dwave     None
SII6732_1_scale         0        0    1e+10     None    False 1.0 * SII6718_1_scale     None
SII6732_1_sigma     0.001  0.00023  0.00169     None    False Ha_na_1_sigma     None
Fitting complex Ha
Fit report
[[Variables]]
    Ha_br_1_scale:    4.67043237 (init = 0)
    Ha_br_1_dwave:    0.00248302 (init = 0)
    Ha_br_1_sigma:    0.01385194 (init = 0.005)
    Ha_br_2_scale:    39.0254756 (init = 0)
    Ha_br_2_dwave:    0.00268734 (init = 0)
    Ha_br_2_sigma:    0.00400000 (init = 0.005)
    Ha_na_1_scale:    14.2786771 (init = 0)
    Ha_na_1_dwave:    3.4445e-04 (init = 0)
    Ha_na_1_sigma:    0.00169000 (init = 0.001)
    NII6549_1_scale:  0.01468048 (init = 0)
    NII6549_1_dwave:  3.4445e-04 == 'Ha_na_1_dwave'
    NII6549_1_sigma:  0.00169000 == 'Ha_na_1_sigma'
    NII6585_1_scale:  0.04404144 == '3.0 * NII6549_1_scale'
    NII6585_1_dwave:  3.4445e-04 == 'Ha_na_1_dwave'
    NII6585_1_sigma:  0.00169000 == 'Ha_na_1_sigma'
    SII6718_1_scale:  2.32598329 (init = 0)
    SII6718_1_dwave:  3.4445e-04 == 'Ha_na_1_dwave'
    SII6718_1_sigma:  0.00169000 == 'Ha_na_1_sigma'
    SII6732_1_scale:  2.32598329 == '1.0 * SII6718_1_scale'
    SII6732_1_dwave:  3.4445e-04 == 'Ha_na_1_dwave'
    SII6732_1_sigma:  0.00169000 == 'Ha_na_1_sigma'
Saving figure as ./result.pdf
Fitting finished in 2086.7s
wrote pyqsofit_model.csv
['ra' 'dec' 'plateid' 'MJD' 'fiberid' 'redshift' 'SN_ratio_conti'
 'Fe_uv_norm' 'Fe_uv_norm_err' 'Fe_uv_FWHM' 'Fe_uv_FWHM_err' 'Fe_uv_shift'
 'Fe_uv_shift_err' 'Fe_op_norm' 'Fe_op_norm_err' 'Fe_op_FWHM'
 'Fe_op_FWHM_err' 'Fe_op_shift' 'Fe_op_shift_err' 'PL_norm' 'PL_norm_err'
 'PL_slope' 'PL_slope_err' 'Blamer_norm' 'Blamer_norm_err' 'Balmer_Te'
 'Balmer_Te_err' 'Balmer_Tau' 'Balmer_Tau_err' 'conti_a_0' 'conti_a_0_err'
 'conti_a_1' 'conti_a_1_err' 'conti_a_2' 'conti_a_2_err' 'L1350'
 'L1350_err' 'L1450' 'L1450_err' 'L3000' 'L3000_err' 'L4200' 'L4200_err'
 'L5100' 'L5100_err' 'Fe_flux_4435_4685' 'Fe_flux_4435_4685_err']

['-999' '-999' '0' '0' '0' '0.1967448890209198' '26.096045507644583'
 '0.5737116337556358' '0.0' '17999.999999740925' '0.0'
 '0.009999999776174148' '0.0' '3.0294755593018863' '0.0'
 '17999.77222240075' '0.0' '-0.009999999776174136' '0.0'
 '31.832501634632138' '0.0' '-2.08614194066804' '0.0' '0.0' '0.0'
 '15000.0' '0.0' '0.5' '0.0' '3466.351900312389' '0.0'
 '0.5029783546970039' '0.0' '-0.00013040537250050258' '0.0' '-1.0' '-1.0'
 '-1.0' '-1.0' '44.02450746814619' '0.0' '43.978153461178294' '0.0'
 '44.0265287718797' '0.0' '1133.7116544411176' '0.0']
['Hb_br_1_scale' 'Hb_br_1_scale_err' 'Hb_br_1_centerwave'
 'Hb_br_1_centerwave_err' 'Hb_br_1_sigma' 'Hb_br_1_sigma_err'
 'Hb_br_2_scale' 'Hb_br_2_scale_err' 'Hb_br_2_centerwave'
 'Hb_br_2_centerwave_err' 'Hb_br_2_sigma' 'Hb_br_2_sigma_err'
 'Hb_na_1_scale' 'Hb_na_1_scale_err' 'Hb_na_1_centerwave'
 'Hb_na_1_centerwave_err' 'Hb_na_1_sigma' 'Hb_na_1_sigma_err'
 'OIII4959c_1_scale' 'OIII4959c_1_scale_err' 'OIII4959c_1_centerwave'
 'OIII4959c_1_centerwave_err' 'OIII4959c_1_sigma' 'OIII4959c_1_sigma_err'
 'OIII5007c_1_scale' 'OIII5007c_1_scale_err' 'OIII5007c_1_centerwave'
 'OIII5007c_1_centerwave_err' 'OIII5007c_1_sigma' 'OIII5007c_1_sigma_err'
 'OIII4959w_1_scale' 'OIII4959w_1_scale_err' 'OIII4959w_1_centerwave'
 'OIII4959w_1_centerwave_err' 'OIII4959w_1_sigma' 'OIII4959w_1_sigma_err'
 'OIII5007w_1_scale' 'OIII5007w_1_scale_err' 'OIII5007w_1_centerwave'
 'OIII5007w_1_centerwave_err' 'OIII5007w_1_sigma' 'OIII5007w_1_sigma_err'
 'HeII4687_br_1_scale' 'HeII4687_br_1_scale_err'
 'HeII4687_br_1_centerwave' 'HeII4687_br_1_centerwave_err'
 'HeII4687_br_1_sigma' 'HeII4687_br_1_sigma_err' 'HeII4687_na_1_scale'
 'HeII4687_na_1_scale_err' 'HeII4687_na_1_centerwave'
 'HeII4687_na_1_centerwave_err' 'HeII4687_na_1_sigma'
 'HeII4687_na_1_sigma_err' 'Ha_br_1_scale' 'Ha_br_1_scale_err'
 'Ha_br_1_centerwave' 'Ha_br_1_centerwave_err' 'Ha_br_1_sigma'
 'Ha_br_1_sigma_err' 'Ha_br_2_scale' 'Ha_br_2_scale_err'
 'Ha_br_2_centerwave' 'Ha_br_2_centerwave_err' 'Ha_br_2_sigma'
 'Ha_br_2_sigma_err' 'Ha_na_1_scale' 'Ha_na_1_scale_err'
 'Ha_na_1_centerwave' 'Ha_na_1_centerwave_err' 'Ha_na_1_sigma'
 'Ha_na_1_sigma_err' 'NII6549_1_scale' 'NII6549_1_scale_err'
 'NII6549_1_centerwave' 'NII6549_1_centerwave_err' 'NII6549_1_sigma'
 'NII6549_1_sigma_err' 'NII6585_1_scale' 'NII6585_1_scale_err'
 'NII6585_1_centerwave' 'NII6585_1_centerwave_err' 'NII6585_1_sigma'
 'NII6585_1_sigma_err' 'SII6718_1_scale' 'SII6718_1_scale_err'
 'SII6718_1_centerwave' 'SII6718_1_centerwave_err' 'SII6718_1_sigma'
 'SII6718_1_sigma_err' 'SII6732_1_scale' 'SII6732_1_scale_err'
 'SII6732_1_centerwave' 'SII6732_1_centerwave_err' 'SII6732_1_sigma'
 'SII6732_1_sigma_err']

[6.67098266e+00 3.22334703e+00 8.48822565e+00 2.89187242e-03
 4.00000019e-03 1.06291389e-03 3.48786167e+00 3.30525837e+00
 8.49001367e+00 2.91894048e-03 6.01308500e-03 6.07226443e-03
 1.54213864e-01 0.00000000e+00 8.48246280e+00 2.73666960e-05
 1.53711679e-03 6.64771282e-05 6.59120036e+00 2.27763863e-01
 8.50204745e+00 2.73666960e-05 1.53711679e-03 6.64771282e-05
 1.99733342e+01 6.90193519e-01 8.51773253e+00 2.73666960e-05
 1.53711679e-03 6.64771282e-05 6.51139420e+00 4.84867091e-01
 8.49315475e+00 7.38805739e-06 8.65136363e-04 8.41789238e-05
 1.97314974e+01 1.46929420e+00 8.50883984e+00 7.38805739e-06
 8.65136363e-04 8.41789238e-05 1.26389454e+00 2.19464535e-01
 8.45755184e+00 8.00000517e-04 5.00000003e-02 1.02244463e-11
 2.29990860e+00 2.98464720e-01 8.45144454e+00 2.73666960e-05
 1.53711679e-03 6.64771282e-05 4.67043237e+00 1.71882952e+01
 8.78994907e+00 1.40705439e-04 1.38519394e-02 4.98348637e-03
 3.90254756e+01 1.70577728e+01 8.79015338e+00 1.94348086e-04
 4.00000019e-03 4.96645637e-03 1.42786771e+01 9.43197020e-01
 8.78781050e+00 1.10398969e-04 1.68999995e-03 0.00000000e+00
 1.46804791e-02 2.76014178e-01 8.78754157e+00 1.10398969e-04
 1.68999995e-03 0.00000000e+00 4.40414372e-02 8.28042535e-01
 8.79293650e+00 1.10398969e-04 1.68999995e-03 0.00000000e+00
 2.32598329e+00 1.39067591e-01 8.81293314e+00 1.10398969e-04
 1.68999995e-03 0.00000000e+00 2.32598329e+00 1.39067591e-01
 8.81507128e+00 1.10398969e-04 1.68999995e-03 0.00000000e+00]
['Hb_br_1_scale' 'Hb_br_1_centerwave' 'Hb_br_1_sigma' 'Hb_br_2_scale'
 'Hb_br_2_centerwave' 'Hb_br_2_sigma' 'Hb_na_1_scale' 'Hb_na_1_centerwave'
 'Hb_na_1_sigma' 'OIII4959c_1_scale' 'OIII4959c_1_centerwave'
 'OIII4959c_1_sigma' 'OIII5007c_1_scale' 'OIII5007c_1_centerwave'
 'OIII5007c_1_sigma' 'OIII4959w_1_scale' 'OIII4959w_1_centerwave'
 'OIII4959w_1_sigma' 'OIII5007w_1_scale' 'OIII5007w_1_centerwave'
 'OIII5007w_1_sigma' 'HeII4687_br_1_scale' 'HeII4687_br_1_centerwave'
 'HeII4687_br_1_sigma' 'HeII4687_na_1_scale' 'HeII4687_na_1_centerwave'
 'HeII4687_na_1_sigma' 'Ha_br_1_scale' 'Ha_br_1_centerwave'
 'Ha_br_1_sigma' 'Ha_br_2_scale' 'Ha_br_2_centerwave' 'Ha_br_2_sigma'
 'Ha_na_1_scale' 'Ha_na_1_centerwave' 'Ha_na_1_sigma' 'NII6549_1_scale'
 'NII6549_1_centerwave' 'NII6549_1_sigma' 'NII6585_1_scale'
 'NII6585_1_centerwave' 'NII6585_1_sigma' 'SII6718_1_scale'
 'SII6718_1_centerwave' 'SII6718_1_sigma' 'SII6732_1_scale'
 'SII6732_1_centerwave' 'SII6732_1_sigma']

[[1.09669945e+01 8.48912538e+00 4.77783845e-03 ... 2.48355891e+00
  8.81492563e+00 1.68999995e-03]
 [9.00524155e+00 8.48766769e+00 4.00000019e-03 ... 2.20363838e+00
  8.81516053e+00 1.68999995e-03]
 [1.07420084e+01 8.48910982e+00 4.83776510e-03 ... 2.34314179e+00
  8.81514064e+00 1.68999995e-03]
 ...
 [7.44170447e+00 8.48862867e+00 4.00000019e-03 ... 2.70013012e+00
  8.81467812e+00 1.68999995e-03]
 [2.61995037e+00 8.49357010e+00 4.22169510e-03 ... 2.40665265e+00
  8.81505336e+00 1.68999995e-03]
 [3.27989746e+00 8.49357010e+00 1.97047505e-02 ... 2.27863062e+00
  8.81510682e+00 1.68999995e-03]]
(50, 48)
['1_complex_name' '1_line_status' '1_line_min_chi2' '1_line_bic'
 '1_line_red_chi2' '1_niter' '1_ndof' '2_complex_name' '2_line_status'
 '2_line_min_chi2' '2_line_bic' '2_line_red_chi2' '2_niter' '2_ndof'
 'Hb_br_1_scale' 'Hb_br_1_scale_err' 'Hb_br_1_centerwave'
 'Hb_br_1_centerwave_err' 'Hb_br_1_sigma' 'Hb_br_1_sigma_err'
 'Hb_br_2_scale' 'Hb_br_2_scale_err' 'Hb_br_2_centerwave'
 'Hb_br_2_centerwave_err' 'Hb_br_2_sigma' 'Hb_br_2_sigma_err'
 'Hb_na_1_scale' 'Hb_na_1_scale_err' 'Hb_na_1_centerwave'
 'Hb_na_1_centerwave_err' 'Hb_na_1_sigma' 'Hb_na_1_sigma_err'
 'OIII4959c_1_scale' 'OIII4959c_1_scale_err' 'OIII4959c_1_centerwave'
 'OIII4959c_1_centerwave_err' 'OIII4959c_1_sigma' 'OIII4959c_1_sigma_err'
 'OIII5007c_1_scale' 'OIII5007c_1_scale_err' 'OIII5007c_1_centerwave'
 'OIII5007c_1_centerwave_err' 'OIII5007c_1_sigma' 'OIII5007c_1_sigma_err'
 'OIII4959w_1_scale' 'OIII4959w_1_scale_err' 'OIII4959w_1_centerwave'
 'OIII4959w_1_centerwave_err' 'OIII4959w_1_sigma' 'OIII4959w_1_sigma_err'
 'OIII5007w_1_scale' 'OIII5007w_1_scale_err' 'OIII5007w_1_centerwave'
 'OIII5007w_1_centerwave_err' 'OIII5007w_1_sigma' 'OIII5007w_1_sigma_err'
 'HeII4687_br_1_scale' 'HeII4687_br_1_scale_err'
 'HeII4687_br_1_centerwave' 'HeII4687_br_1_centerwave_err'
 'HeII4687_br_1_sigma' 'HeII4687_br_1_sigma_err' 'HeII4687_na_1_scale'
 'HeII4687_na_1_scale_err' 'HeII4687_na_1_centerwave'
 'HeII4687_na_1_centerwave_err' 'HeII4687_na_1_sigma'
 'HeII4687_na_1_sigma_err' 'Ha_br_1_scale' 'Ha_br_1_scale_err'
 'Ha_br_1_centerwave' 'Ha_br_1_centerwave_err' 'Ha_br_1_sigma'
 'Ha_br_1_sigma_err' 'Ha_br_2_scale' 'Ha_br_2_scale_err'
 'Ha_br_2_centerwave' 'Ha_br_2_centerwave_err' 'Ha_br_2_sigma'
 'Ha_br_2_sigma_err' 'Ha_na_1_scale' 'Ha_na_1_scale_err'
 'Ha_na_1_centerwave' 'Ha_na_1_centerwave_err' 'Ha_na_1_sigma'
 'Ha_na_1_sigma_err' 'NII6549_1_scale' 'NII6549_1_scale_err'
 'NII6549_1_centerwave' 'NII6549_1_centerwave_err' 'NII6549_1_sigma'
 'NII6549_1_sigma_err' 'NII6585_1_scale' 'NII6585_1_scale_err'
 'NII6585_1_centerwave' 'NII6585_1_centerwave_err' 'NII6585_1_sigma'
 'NII6585_1_sigma_err' 'SII6718_1_scale' 'SII6718_1_scale_err'
 'SII6718_1_centerwave' 'SII6718_1_centerwave_err' 'SII6718_1_sigma'
 'SII6718_1_sigma_err' 'SII6732_1_scale' 'SII6732_1_scale_err'
 'SII6732_1_centerwave' 'SII6732_1_centerwave_err' 'SII6732_1_sigma'
 'SII6732_1_sigma_err' 'Hb_whole_br_fwhm' 'Hb_whole_br_fwhm_err'
 'Hb_whole_br_sigma' 'Hb_whole_br_sigma_err' 'Hb_whole_br_ew'
 'Hb_whole_br_ew_err' 'Hb_whole_br_peak' 'Hb_whole_br_peak_err'
 'Hb_whole_br_area' 'Hb_whole_br_area_err' 'Hb_whole_br_snr'
 'Hb_whole_br_snr_err' 'Ha_whole_br_fwhm' 'Ha_whole_br_fwhm_err'
 'Ha_whole_br_sigma' 'Ha_whole_br_sigma_err' 'Ha_whole_br_ew'
 'Ha_whole_br_ew_err' 'Ha_whole_br_peak' 'Ha_whole_br_peak_err'
 'Ha_whole_br_area' 'Ha_whole_br_area_err' 'Ha_whole_br_snr'
 'Ha_whole_br_snr_err']

['Hb' '1' '8485.07559057536' '1336.2306399765982' '21.812533651864676'
 '11716' '389' 'Ha' '1' '4756.922153982838' '816.9028681397574'
 '19.104105036075655' '2955' '249' '6.670982655165858' '3.223347033731727'
 '8.488225653133753' '0.002891872419676922' '0.004000000190699189'
 '0.0010629138903164243' '3.4878616661515593' '3.3052583670034608'
 '8.490013673411237' '0.0029189404771043925' '0.006013084995931979'
 '0.006072264431990545' '0.15421386390102043' '0.0' '8.48246279593522'
 '2.736669604352926e-05' '0.0015371167872271741' '6.647712821251526e-05'
 '6.591200363281757' '0.22776386332523657' '8.502047451696939'
 '2.736669604352926e-05' '0.0015371167872271741' '6.647712821251526e-05'
 '19.97333424370658' '0.6901935186457919' '8.517732533178872'
 '2.736669604352926e-05' '0.0015371167872271741' '6.647712821251526e-05'
 '6.511394201602627' '0.48486709092188107' '8.493154754862498'
 '7.3880573907558755e-06' '0.0008651363627771902' '8.417892378844756e-05'
 '19.731497392439795' '1.4692942009025085' '8.508839836344432'
 '7.3880573907558755e-06' '0.0008651363627771902' '8.417892378844756e-05'
 '1.2638945445786476' '0.21946453543364408' '8.457551841622694'
 '0.0008000005170094582' '0.0500000002786874' '1.0224446289619493e-11'
 '2.2999085969033217' '0.29846471960581766' '8.451444538794107'
 '2.736669604352926e-05' '0.0015371167872271741' '6.647712821251526e-05'
 '4.670432374176414' '17.188295153847122' '8.78994906822619'
 '0.00014070543858490936' '0.013851939401063698' '0.004983486365879449'
 '39.025475628839956' '17.057772816464478' '8.790153384801885'
 '0.00019434808621809907' '0.004000000190699189' '0.004966456366889197'
 '14.27867712955333' '0.9431970204865081' '8.78781050221719'
 '0.0001103989686201956' '0.0016899999463930726' '0.0'
 '0.014680479054618445' '0.2760141781799063' '8.787541566059964'
 '0.0001103989686201956' '0.0016899999463930726' '0.0'
 '0.044041437163855335' '0.828042534539719' '8.792936501667874'
 '0.0001103989686201956' '0.0016899999463930726' '0.0' '2.325983294859668'
 '0.1390675907764205' '8.81293314473428' '0.0001103989686201956'
 '0.0016899999463930726' '0.0' '2.325983294859668' '0.1390675907764205'
 '8.815071282551664' '0.0001103989686201956' '0.0016899999463930726' '0.0'
 '3512.1943472296157' '121.58858884873734' '11638.964108609267'
 '873.7330462739665' '69.34711274022821' '1.7189930444345336'
 '4858.895588696202' '1.3228428711358902' '1325.7623368549537'
 '33.466765946949636' '11.562600524611103' '0.25994652066703505'
 '3048.3154000398154' '6.812463965680081' '2441.0537903815875'
 '28.211072746270702' '190.65396332339571' '2.0302361829521516'
 '6568.657959117406' '0.5140569908976431' '3632.802186979765'
 '38.685044253450314' '69.24245865511105' '1.035033371780301']
Broad Hb:
FWHM (km/s) 3254.9
Sigma (km/s) 1515.3
EW (A) 30.6
Peak (A) 4858.6
Area (10^(-17) erg/s/cm^2) 580.0
SNR 7.2

Narrow Hb:
FWHM (km/s) 1086.3
Sigma (km/s) 454.1
EW (A) 0.2
Peak (A) 4828.8
Area (10^(-17) erg/s/cm^2) 2.9
SNR 0.1

Broad [OIII]5007:
FWHM (km/s) 0
Sigma (km/s) 0
EW (A) 0
Peak (A) 0
Area (10^(-17) erg/s/cm^2) 0
SNR 0

Narrow [OIII]5007:
FWHM (km/s) 1086.3
Sigma (km/s) 454.1
EW (A) 20.4
Peak (A) 5002.1
Area (10^(-17) erg/s/cm^2) 383.9
SNR 10.3
