<IPython.core.display.HTML object>
/app/BADASS3/example_spectra/2-onur
/app/BADASS3/example_spectra/2-onur/my_sdss.fits
0.37709343433380127
Start process memory: 0.22389555                    
 Folder has not been created.  Creating MCMC_output folder...

 > Starting fit for 2-onur

 Input fitting region exceeds available wavelength range.  BADASS will adjust your fitting range automatically...
		- Input fitting range: (2900, 8000)
		- Available wavelength range: (2590, 7551)
		- New fitting region is (2900, 7552). 


 Input spectrum is not linearly binned. BADASS will linearly rebin and conserve flux...


-----------------------------------------------------------
 file:                        my_sdss.fits                  
 redshift:                    0.37709                       
 fitting region:              (2900,7552) [A]               
 velocity scale:              69.03 [km/s/pixel]            
 Galactic E(B-V):             0.000                         
 Flux Normalization:          1e-17                         
 Fit Normalization:           43.82734                      
-----------------------------------------------------------

 Initializing parameters...
----------------------------------------------------------------------------------------------------
	- Fitting additive legendre polynomial component.
	- Fitting Simple AGN power-law continuum.
	- Fitting broad and narrow optical FeII using Veron-Cetty et al. (2004) optical FeII templates
	 		* varying optical FeII amplitudes
	 		* varying optical FeII dispersion.
	 		* varying optical FeII voff

 Warning! Peak finding algorithm used for initial guesses of amplitude and velocity failed! Defaulting to user-defined locations...

 Warning! Peak finding algorithm used for initial guesses of amplitude and velocity failed! Defaulting to user-defined locations...

----------------------------------------------------------------------------------------------------------------------------------------

----------------------------------------------------------------------------------------------------------------------------------------

 Line List:

----------------------------------------------------------------------------------------------------------------------------------------
BR_H_ALPHA                                                                                
                              amp                           free                          
                              center                        6551                          
                              center_pix                    3539.928350411163             
                              disp                          free                          
                              disp_res_ang                  1.8502644967088868            
                              disp_res_kms                  84.6733844326805              
                              line_profile                  gaussian                      
                              line_type                     br                            
                              ncomp                         1                             
                              voff                          free                          
BR_H_BETA                                                                                 
                              amp                           free                          
                              center                        4834                          
                              center_pix                    2219.9767779155754            
                              disp                          free                          
                              disp_res_ang                  1.8502644967088868            
                              disp_res_kms                  114.74872598644808            
                              line_profile                  gaussian                      
                              line_type                     br                            
                              ncomp                         1                             
                              voff                          free                          
BR_OII                                                                                    
                              amp                           free                          
                              center                        3784                          
                              center_pix                    1156.4682646707531            
                              disp                          free                          
                              disp_res_ang                  1.8502644967088868            
                              disp_res_kms                  146.58967796471725            
                              line_profile                  gaussian                      
                              line_type                     br                            
                              ncomp                         1                             
                              voff                          free                          
BR_OIII_a                                                                                 
                              amp                           free                          
                              center                        4931                          
                              center_pix                    2306.256534814188             
                              disp                          free                          
                              disp_res_ang                  1.8502644967088868            
                              disp_res_kms                  112.49145029780776            
                              line_profile                  gaussian                      
                              line_type                     br                            
                              ncomp                         1                             
                              voff                          free                          
BR_OIII_b                                                                                 
                              amp                           free                          
                              center                        5007                          
                              center_pix                    2372.679503897504             
                              disp                          free                          
                              disp_res_ang                  1.8502644967088868            
                              disp_res_kms                  110.78397072468346            
                              line_profile                  gaussian                      
                              line_type                     br                            
                              ncomp                         1                             
                              voff                          free                          
NA_H_ALPHA                                                                                
                              amp                           free                          
                              center                        6551                          
                              center_pix                    3539.928350411163             
                              disp                          free                          
                              disp_res_ang                  1.8502644967088868            
                              disp_res_kms                  84.6733844326805              
                              label                         [H$\alpha$]                   
                              line_profile                  gaussian                      
                              line_type                     na                            
                              ncomp                         1                             
                              voff                          free                          
NA_H_BETA                                                                                 
                              amp                           free                          
                              center                        4834                          
                              center_pix                    2219.9767779155754            
                              disp                          free                          
                              disp_res_ang                  1.8502644967088868            
                              disp_res_kms                  114.74872598644808            
                              label                         H$\beta$                      
                              line_profile                  gaussian                      
                              line_type                     na                            
                              ncomp                         1                             
                              voff                          free                          
NA_OII                                                                                    
                              amp                           free                          
                              center                        3784                          
                              center_pix                    1156.4682646707531            
                              disp                          free                          
                              disp_res_ang                  1.8502644967088868            
                              disp_res_kms                  146.58967796471725            
                              label                         [OII]                         
                              line_profile                  gaussian                      
                              line_type                     na                            
                              ncomp                         1                             
                              voff                          free                          
NA_OIII_a                                                                                 
                              amp                           free                          
                              center                        4931                          
                              center_pix                    2306.256534814188             
                              disp                          free                          
                              disp_res_ang                  1.8502644967088868            
                              disp_res_kms                  112.49145029780776            
                              label                         [OIIIa]                       
                              line_profile                  gaussian                      
                              line_type                     na                            
                              ncomp                         1                             
                              voff                          free                          
NA_OIII_b                                                                                 
                              amp                           free                          
                              center                        5007                          
                              center_pix                    2372.679503897504             
                              disp                          free                          
                              disp_res_ang                  1.8502644967088868            
                              disp_res_kms                  110.78397072468346            
                              label                         [OIIIb]                       
                              line_profile                  gaussian                      
                              line_type                     na                            
                              ncomp                         1                             
                              voff                          free                          

----------------------------------------------------------------------------------------------------------------------------------------

 Number of Free Line Parameters: 30

----------------------------------------------------------------------------------------------------------------------------------------

 All Free Parameters:

----------------------------------------------------------------------------------------------------------------------------------------
APOLY_COEFF_1                                                                             
                              init                          0.0                           
                              plim                          (-100.0, 100.0)               
APOLY_COEFF_2                                                                             
                              init                          0.0                           
                              plim                          (-100.0, 100.0)               
APOLY_COEFF_3                                                                             
                              init                          0.0                           
                              plim                          (-100.0, 100.0)               
APOLY_COEFF_4                                                                             
                              init                          0.0                           
                              plim                          (-100.0, 100.0)               
APOLY_COEFF_5                                                                             
                              init                          0.0                           
                              plim                          (-100.0, 100.0)               
APOLY_COEFF_6                                                                             
                              init                          0.0                           
                              plim                          (-100.0, 100.0)               
APOLY_COEFF_7                                                                             
                              init                          0.0                           
                              plim                          (-100.0, 100.0)               
BR_H_ALPHA_AMP                                                                            
                              init                          0.9485649197282537            
                              plim                          (0, 50)                       
BR_H_ALPHA_DISP                                                                           
                              init                          3300.0                        
                              plim                          (600, 6000)                   
BR_H_ALPHA_VOFF                                                                           
                              init                          0.0                           
                              plim                          (-1500, 1500)                 
                              prior                         {'type': 'gaussian'}          
BR_H_BETA_AMP                                                                             
                              init                          0.5102926970831593            
                              plim                          (0, 50)                       
BR_H_BETA_DISP                                                                            
                              init                          3300.0                        
                              plim                          (600, 6000)                   
BR_H_BETA_VOFF                                                                            
                              init                          0.0                           
                              plim                          (-1500, 1500)                 
                              prior                         {'type': 'gaussian'}          
BR_OIII_a_AMP                                                                             
                              init                          0.4138448559916797            
                              plim                          (0, 50)                       
BR_OIII_a_DISP                                                                            
                              init                          3300.0                        
                              plim                          (600, 6000)                   
BR_OIII_a_VOFF                                                                            
                              init                          0.0                           
                              plim                          (-1500, 1500)                 
                              prior                         {'type': 'gaussian'}          
BR_OIII_b_AMP                                                                             
                              init                          0.4389970455486015            
                              plim                          (0, 50)                       
BR_OIII_b_DISP                                                                            
                              init                          3300.0                        
                              plim                          (600, 6000)                   
BR_OIII_b_VOFF                                                                            
                              init                          0.0                           
                              plim                          (-1500, 1500)                 
                              prior                         {'type': 'gaussian'}          
BR_OII_AMP                                                                                
                              init                          0.5865941329916806            
                              plim                          (0, 50)                       
BR_OII_DISP                                                                               
                              init                          3300.0                        
                              plim                          (600, 6000)                   
BR_OII_VOFF                                                                               
                              init                          0.0                           
                              plim                          (-1500, 1500)                 
                              prior                         {'type': 'gaussian'}          
BR_OPT_FEII_AMP                                                                           
                              init                          0.048338838821703305          
                              plim                          (0, 1.5000001610049987)       
BR_OPT_FEII_DISP                                                                          
                              init                          500.0                         
                              plim                          (500.0, 5000.0)               
BR_OPT_FEII_VOFF                                                                          
                              init                          0.0                           
                              plim                          (-500.0, 500.0)               
NA_H_ALPHA_AMP                                                                            
                              init                          0.9485649197282537            
                              plim                          (0, 50)                       
NA_H_ALPHA_DISP                                                                           
                              init                          1300.0                        
                              plim                          (100, 2500)                   
NA_H_ALPHA_VOFF                                                                           
                              init                          0.0                           
                              plim                          (-1000, 1000)                 
                              prior                         {'type': 'gaussian'}          
NA_H_BETA_AMP                                                                             
                              init                          0.5102926970831593            
                              plim                          (0, 50)                       
NA_H_BETA_DISP                                                                            
                              init                          1300.0                        
                              plim                          (100, 2500)                   
NA_H_BETA_VOFF                                                                            
                              init                          0.0                           
                              plim                          (-1000, 1000)                 
                              prior                         {'type': 'gaussian'}          
NA_OIII_a_AMP                                                                             
                              init                          0.4138448559916797            
                              plim                          (0, 50)                       
NA_OIII_a_DISP                                                                            
                              init                          1300.0                        
                              plim                          (100, 2500)                   
NA_OIII_a_VOFF                                                                            
                              init                          0.0                           
                              plim                          (-1000, 1000)                 
                              prior                         {'type': 'gaussian'}          
NA_OIII_b_AMP                                                                             
                              init                          0.4389970455486015            
                              plim                          (0, 50)                       
NA_OIII_b_DISP                                                                            
                              init                          1300.0                        
                              plim                          (100, 2500)                   
NA_OIII_b_VOFF                                                                            
                              init                          0.0                           
                              plim                          (-1000, 1000)                 
                              prior                         {'type': 'gaussian'}          
NA_OII_AMP                                                                                
                              init                          0.5865941329916806            
                              plim                          (0, 50)                       
NA_OII_DISP                                                                               
                              init                          1300.0                        
                              plim                          (100, 2500)                   
NA_OII_VOFF                                                                               
                              init                          0.0                           
                              plim                          (-1000, 1000)                 
                              prior                         {'type': 'gaussian'}          
NA_OPT_FEII_AMP                                                                           
                              init                          0.048338838821703305          
                              plim                          (0, 1.5000001610049987)       
NA_OPT_FEII_DISP                                                                          
                              init                          10.0                          
                              plim                          (0.1, 500.0)                  
NA_OPT_FEII_VOFF                                                                          
                              init                          0.0                           
                              plim                          (-500.0, 500.0)               
POWER_AMP                                                                                 
                              init                          0.2416941941085165            
                              plim                          (0, 1.5000001610049987)       
POWER_SLOPE                                                                               
                              init                          -1.0                          
                              plim                          (-6.0, 6.0)                   

----------------------------------------------------------------------------------------------------------------------------------------

 Total number of free parameters: 45

----------------------------------------------------------------------------------------------------------------------------------------

 Soft Constraints:

                 NA_OIII_b_AMP > NA_OIII_a_AMP

----------------------------------------------------------------------------------------------------------------------------------------

----------------------------------------------------------------------------------------------------------------------------------------

 Required Maximum Likelihood RMSE threshold: 0.4497 


 Performing max. likelihood fitting.

 Using Basin-hopping algorithm to estimate parameters. niter_success = 5
basinhopping step 0: f 4.04467
 Fit Status: False
 Force threshold: 0.4497
 Lowest RMSE: 0.0645
 Current RMSE: 0.0645
 Accepted count: 1
 Basinhop count: 0


adaptive stepsize: acceptance rate 0.000000 target 0.500000 new stepsize 0.9 old stepsize 1
basinhopping step 1: f 4.67306 trial_f 4.67306 accepted 1  lowest_f 4.04467
 Fit Status: False
 Force threshold: 0.4497
 Lowest RMSE: 0.0645
 Current RMSE: 0.0694
 Accepted count: 2
 Basinhop count: 1


adaptive stepsize: acceptance rate 0.500000 target 0.500000 new stepsize 0.81 old stepsize 0.9
basinhopping step 2: f 4.64171 trial_f 4.64171 accepted 1  lowest_f 4.04467
 Fit Status: False
 Force threshold: 0.4497
 Lowest RMSE: 0.0645
 Current RMSE: 0.0691
 Accepted count: 3
 Basinhop count: 2


adaptive stepsize: acceptance rate 0.666667 target 0.500000 new stepsize 0.9 old stepsize 0.81
basinhopping step 3: f 4.64171 trial_f 7.81852 accepted 0  lowest_f 4.04467
 Fit Status: False
 Force threshold: 0.4497
 Lowest RMSE: 0.0645
 Current RMSE: 0.0897
 Accepted count: 3
 Basinhop count: 3


adaptive stepsize: acceptance rate 0.500000 target 0.500000 new stepsize 0.81 old stepsize 0.9
basinhopping step 4: f 4.02351 trial_f 4.02351 accepted 1  lowest_f 4.02351
found new global minimum on step 4 with function value 4.02351
 Fit Status: False
 Force threshold: 0.4497
 Lowest RMSE: 0.0644
 Current RMSE: 0.0644
 Accepted count: 4
 Basinhop count: 0


adaptive stepsize: acceptance rate 0.600000 target 0.500000 new stepsize 0.9 old stepsize 0.81
basinhopping step 5: f 4.02351 trial_f 4.7375 accepted 0  lowest_f 4.02351
 Fit Status: False
 Force threshold: 0.4497
 Lowest RMSE: 0.0644
 Current RMSE: 0.0698
 Accepted count: 4
 Basinhop count: 1


adaptive stepsize: acceptance rate 0.500000 target 0.500000 new stepsize 0.81 old stepsize 0.9
basinhopping step 6: f 4.67557 trial_f 4.67557 accepted 1  lowest_f 4.02351
 Fit Status: False
 Force threshold: 0.4497
 Lowest RMSE: 0.0644
 Current RMSE: 0.0694
 Accepted count: 5
 Basinhop count: 2


adaptive stepsize: acceptance rate 0.571429 target 0.500000 new stepsize 0.9 old stepsize 0.81
basinhopping step 7: f 4.61313 trial_f 4.61313 accepted 1  lowest_f 4.02351
 Fit Status: False
 Force threshold: 0.4497
 Lowest RMSE: 0.0644
 Current RMSE: 0.0689
 Accepted count: 6
 Basinhop count: 3


adaptive stepsize: acceptance rate 0.625000 target 0.500000 new stepsize 1 old stepsize 0.9
basinhopping step 8: f 4.61313 trial_f 12.7392 accepted 0  lowest_f 4.02351
 Fit Status: False
 Force threshold: 0.4497
 Lowest RMSE: 0.0644
 Current RMSE: 0.1145
 Accepted count: 6
 Basinhop count: 4


adaptive stepsize: acceptance rate 0.555556 target 0.500000 new stepsize 1.11111 old stepsize 1
basinhopping step 9: f 4.58716 trial_f 4.58716 accepted 1  lowest_f 4.02351
 Fit Status: True
 Force threshold: 0.4497
 Lowest RMSE: 0.0644
 Current RMSE: 0.0687
 Accepted count: 7
 Basinhop count: 5



 Maximum Likelihood Best-fit Parameters:
--------------------------------------------------------------------------------------

Parameter                     Best-fit Value                +/- 1-sigma                   Flag                          
--------------------------------------------------------------------------------------
AGN_FRAC_4000                 1.000000                      0.000000                      1.0                           
AGN_FRAC_7000                 1.000000                      0.000000                      1.0                           
APOLY_COEFF_1                 -0.495199                     0.000000                      1.0                           
APOLY_COEFF_2                 0.065085                      0.000000                      1.0                           
APOLY_COEFF_3                 -0.005350                     0.000000                      1.0                           
APOLY_COEFF_4                 -0.003769                     0.000000                      1.0                           
APOLY_COEFF_5                 -0.004442                     0.000000                      1.0                           
APOLY_COEFF_6                 -0.028220                     0.000000                      1.0                           
APOLY_COEFF_7                 -0.008186                     0.000000                      1.0                           
BR_H_ALPHA_AMP                0.000000                      0.000000                      2.0                           
BR_H_ALPHA_DISP               3299.677649                   0.000000                      1.0                           
BR_H_ALPHA_DISP_CORR          3298.591063                   0.000000                      1.0                           
BR_H_ALPHA_DISP_RES           84.673384                     nan                           nan                           
BR_H_ALPHA_EW                 0.000000                      0.000000                      1.0                           
BR_H_ALPHA_FLUX               0.000000                      0.000000                      0.0                           
BR_H_ALPHA_FWHM               0.000000                      0.000000                      0.0                           
BR_H_ALPHA_FWHM_CORR          0.000000                      0.000000                      0.0                           
BR_H_ALPHA_LUM                0.000000                      0.000000                      1.0                           
BR_H_ALPHA_NPIX               13.000000                     0.000000                      0.0                           
BR_H_ALPHA_SNR                0.000000                      0.000000                      0.0                           
BR_H_ALPHA_VOFF               0.618473                      0.000000                      1.0                           
BR_H_ALPHA_W80                0.000000                      0.000000                      0.0                           
BR_H_ALPHA_W80_CORR           0.000000                      0.000000                      0.0                           
BR_H_BETA_AMP                 0.000053                      0.000000                      1.0                           
BR_H_BETA_DISP                3298.800664                   0.000000                      1.0                           
BR_H_BETA_DISP_CORR           3296.804294                   0.000000                      1.0                           
BR_H_BETA_DISP_RES            114.748726                    nan                           nan                           
BR_H_BETA_EW                  0.000250                      0.000000                      0.0                           
BR_H_BETA_FLUX                -19.347459                    0.000000                      1.0                           
BR_H_BETA_FWHM                4058.977009                   0.000000                      0.0                           
BR_H_BETA_FWHM_CORR           4049.972933                   0.000000                      0.0                           
BR_H_BETA_LUM                 37.344007                     0.000000                      0.0                           
BR_H_BETA_NPIX                13.000000                     0.000000                      0.0                           
BR_H_BETA_SNR                 0.000064                      0.000000                      0.0                           
BR_H_BETA_VOFF                1.232007                      0.000000                      1.0                           
BR_H_BETA_W80                 3225.028930                   0.000000                      0.0                           
BR_H_BETA_W80_CORR            3211.548851                   0.000000                      0.0                           
BR_OIII_a_AMP                 1.180061                      0.000000                      1.0                           
BR_OIII_a_DISP                3299.438001                   0.000000                      1.0                           
BR_OIII_a_DISP_CORR           3297.519795                   0.000000                      1.0                           
BR_OIII_a_DISP_RES            112.491450                    nan                           nan                           
BR_OIII_a_EW                  12.805196                     0.000000                      0.0                           
BR_OIII_a_FLUX                -14.655462                    0.000000                      0.0                           
BR_OIII_a_FWHM                7769.737181                   0.000000                      0.0                           
BR_OIII_a_FWHM_CORR           7765.220316                   0.000000                      0.0                           
BR_OIII_a_LUM                 42.036004                     0.000000                      0.0                           
BR_OIII_a_NPIX                99.000000                     0.000000                      0.0                           
BR_OIII_a_SNR                 1.428980                      0.000000                      0.0                           
BR_OIII_a_VOFF                1.535455                      0.000000                      1.0                           
BR_OIII_a_W80                 8654.394229                   0.000000                      0.0                           
BR_OIII_a_W80_CORR            8649.575361                   0.000000                      0.0                           
BR_OIII_b_AMP                 0.000000                      0.000000                      2.0                           
BR_OIII_b_DISP                3300.562332                   0.000000                      1.0                           
BR_OIII_b_DISP_CORR           3298.702566                   0.000000                      1.0                           
BR_OIII_b_DISP_RES            110.783971                    nan                           nan                           
BR_OIII_b_EW                  0.000000                      0.000000                      1.0                           
BR_OIII_b_FLUX                0.000000                      0.000000                      0.0                           
BR_OIII_b_FWHM                0.000000                      0.000000                      0.0                           
BR_OIII_b_FWHM_CORR           0.000000                      0.000000                      0.0                           
BR_OIII_b_LUM                 0.000000                      0.000000                      1.0                           
BR_OIII_b_NPIX                13.000000                     0.000000                      0.0                           
BR_OIII_b_SNR                 0.000000                      0.000000                      0.0                           
BR_OIII_b_VOFF                -0.101704                     0.000000                      1.0                           
BR_OIII_b_W80                 0.000000                      0.000000                      0.0                           
BR_OIII_b_W80_CORR            0.000000                      0.000000                      0.0                           
BR_OII_AMP                    0.000000                      0.000000                      2.0                           
BR_OII_DISP                   3299.058892                   0.000000                      1.0                           
BR_OII_DISP_CORR              3295.800516                   0.000000                      1.0                           
BR_OII_DISP_RES               146.589678                    nan                           nan                           
BR_OII_EW                     0.000000                      0.000000                      1.0                           
BR_OII_FLUX                   0.000000                      0.000000                      0.0                           
BR_OII_FWHM                   0.000000                      0.000000                      0.0                           
BR_OII_FWHM_CORR              0.000000                      0.000000                      0.0                           
BR_OII_LUM                    0.000000                      0.000000                      1.0                           
BR_OII_NPIX                   13.000000                     0.000000                      0.0                           
BR_OII_SNR                    0.000000                      0.000000                      0.0                           
BR_OII_VOFF                   1.344265                      0.000000                      1.0                           
BR_OII_W80                    0.000000                      0.000000                      0.0                           
BR_OII_W80_CORR               0.000000                      0.000000                      0.0                           
BR_OPT_FEII_AMP               33.855543                     0.000000                      1.0                           
BR_OPT_FEII_DISP              501.668367                    0.000000                      1.0                           
BR_OPT_FEII_TEMPLATE_EW       101.087913                    0.000000                      1.0                           
BR_OPT_FEII_TEMPLATE_FLUX     -13.799347                    0.000000                      1.0                           
BR_OPT_FEII_TEMPLATE_LUM      42.892119                     0.000000                      1.0                           
BR_OPT_FEII_VOFF              1.479202                      0.000000                      1.0                           
HOST_FRAC_4000                0.239568                      0.000000                      1.0                           
HOST_FRAC_7000                -1.751779                     0.000000                      1.0                           
H_ALPHA_COMP_DISP             1299.958995                   0.000000                      0.0                           
H_ALPHA_COMP_DISP_CORR        1297.198445                   0.000000                      0.0                           
H_ALPHA_COMP_DISP_RES         84.673384                     nan                           nan                           
H_ALPHA_COMP_EW               230.950427                    0.000000                      1.0                           
H_ALPHA_COMP_FLUX             -13.638284                    0.000000                      1.0                           
H_ALPHA_COMP_FWHM             3061.373766                   0.000000                      0.0                           
H_ALPHA_COMP_FWHM_CORR        3054.873714                   0.000000                      0.0                           
H_ALPHA_COMP_LUM              43.053182                     0.000000                      1.0                           
H_ALPHA_COMP_NPIX             117.000000                    0.000000                      0.0                           
H_ALPHA_COMP_SNR              29.876077                     0.000000                      0.0                           
H_ALPHA_COMP_VOFF             -0.327632                     0.000000                      0.0                           
H_ALPHA_COMP_W80              3409.584489                   0.000000                      0.0                           
H_ALPHA_COMP_W80_CORR         3402.649337                   0.000000                      0.0                           
H_BETA_COMP_DISP              1300.694558                   0.000000                      0.0                           
H_BETA_COMP_DISP_CORR         1295.623041                   0.000000                      0.0                           
H_BETA_COMP_DISP_RES          114.748726                    nan                           nan                           
H_BETA_COMP_EW                25.980991                     0.000000                      1.0                           
H_BETA_COMP_FLUX              -14.331381                    0.000000                      1.0                           
H_BETA_COMP_FWHM              3063.156478                   0.000000                      0.0                           
H_BETA_COMP_FWHM_CORR         3051.215169                   0.000000                      0.0                           
H_BETA_COMP_LUM               42.360085                     0.000000                      1.0                           
H_BETA_COMP_NPIX              92.000000                     0.000000                      0.0                           
H_BETA_COMP_SNR               8.298157                      0.000000                      0.0                           
H_BETA_COMP_VOFF              0.648883                      0.000000                      0.0                           
H_BETA_COMP_W80               3411.517304                   0.000000                      0.0                           
H_BETA_COMP_W80_CORR          3398.776947                   0.000000                      0.0                           
LOG_LIKE                      4.023514                      0.000000                      0.0                           
L_CONT_AGN_3000               44.751251                     0.000000                      1.0                           
L_CONT_AGN_5100               44.606413                     0.000000                      1.0                           
L_CONT_HOST_3000              44.520802                     0.000000                      1.0                           
L_CONT_HOST_5100              0.000000                      0.000000                      1.0                           
L_CONT_TOT_3000               44.751251                     0.000000                      1.0                           
L_CONT_TOT_5100               44.606413                     0.000000                      1.0                           
NA_H_ALPHA_AMP                23.455280                     0.000000                      1.0                           
NA_H_ALPHA_DISP               1299.964255                   0.000000                      1.0                           
NA_H_ALPHA_DISP_CORR          1297.203716                   0.000000                      1.0                           
NA_H_ALPHA_DISP_RES           84.673384                     nan                           nan                           
NA_H_ALPHA_EW                 230.950427                    0.000000                      0.0                           
NA_H_ALPHA_FLUX               -13.638284                    0.000000                      0.0                           
NA_H_ALPHA_FWHM               3061.373766                   0.000000                      0.0                           
NA_H_ALPHA_FWHM_CORR          3054.873714                   0.000000                      0.0                           
NA_H_ALPHA_LUM                43.053182                     0.000000                      0.0                           
NA_H_ALPHA_NPIX               117.000000                    0.000000                      0.0                           
NA_H_ALPHA_SNR                28.403131                     0.000000                      0.0                           
NA_H_ALPHA_VOFF               -0.327675                     0.000000                      1.0                           
NA_H_ALPHA_W80                3409.584489                   0.000000                      0.0                           
NA_H_ALPHA_W80_CORR           3402.649337                   0.000000                      0.0                           
NA_H_BETA_AMP                 6.440046                      0.000000                      1.0                           
NA_H_BETA_DISP                1300.714993                   0.000000                      1.0                           
NA_H_BETA_DISP_CORR           1295.643555                   0.000000                      1.0                           
NA_H_BETA_DISP_RES            114.748726                    nan                           nan                           
NA_H_BETA_EW                  25.980740                     0.000000                      0.0                           
NA_H_BETA_FLUX                -14.331385                    0.000000                      0.0                           
NA_H_BETA_FWHM                3063.141966                   0.000000                      0.0                           
NA_H_BETA_FWHM_CORR           3051.200600                   0.000000                      0.0                           
NA_H_BETA_LUM                 42.360081                     0.000000                      0.0                           
NA_H_BETA_NPIX                92.000000                     0.000000                      0.0                           
NA_H_BETA_SNR                 7.798624                      0.000000                      0.0                           
NA_H_BETA_VOFF                0.648846                      0.000000                      1.0                           
NA_H_BETA_W80                 3411.520465                   0.000000                      0.0                           
NA_H_BETA_W80_CORR            3398.780119                   0.000000                      0.0                           
NA_OIII_a_AMP                 0.000055                      0.000000                      1.0                           
NA_OIII_a_DISP                1300.776163                   0.000000                      1.0                           
NA_OIII_a_DISP_CORR           1295.902890                   0.000000                      1.0                           
NA_OIII_a_DISP_RES            112.491450                    nan                           nan                           
NA_OIII_a_EW                  0.000116                      0.000000                      0.0                           
NA_OIII_a_FLUX                -19.699358                    0.000000                      1.0                           
NA_OIII_a_FWHM                1710.297217                   0.000000                      0.0                           
NA_OIII_a_FWHM_CORR           1689.658924                   0.000000                      0.0                           
NA_OIII_a_LUM                 36.992108                     0.000000                      0.0                           
NA_OIII_a_NPIX                13.000000                     0.000000                      0.0                           
NA_OIII_a_SNR                 0.000066                      0.000000                      0.0                           
NA_OIII_a_VOFF                0.529470                      0.000000                      1.0                           
NA_OIII_a_W80                 1361.586417                   0.000000                      0.0                           
NA_OIII_a_W80_CORR            1330.613402                   0.000000                      0.0                           
NA_OIII_b_AMP                 2.747562                      0.000000                      1.0                           
NA_OIII_b_DISP                1298.418848                   0.000000                      1.0                           
NA_OIII_b_DISP_CORR           1293.684049                   0.000000                      1.0                           
NA_OIII_b_DISP_RES            110.783971                    nan                           nan                           
NA_OIII_b_EW                  12.275715                     0.000000                      0.0                           
NA_OIII_b_FLUX                -14.686826                    0.000000                      0.0                           
NA_OIII_b_FWHM                3058.131835                   0.000000                      0.0                           
NA_OIII_b_FWHM_CORR           3046.984579                   0.000000                      0.0                           
NA_OIII_b_LUM                 42.004640                     0.000000                      0.0                           
NA_OIII_b_NPIX                73.000000                     0.000000                      0.0                           
NA_OIII_b_SNR                 3.326652                      0.000000                      0.0                           
NA_OIII_b_VOFF                -1.068111                     0.000000                      1.0                           
NA_OIII_b_W80                 3405.207691                   0.000000                      0.0                           
NA_OIII_b_W80_CORR            3393.311957                   0.000000                      0.0                           
NA_OII_AMP                    0.000035                      0.000000                      1.0                           
NA_OII_DISP                   1301.693038                   0.000000                      1.0                           
NA_OII_DISP_CORR              1293.412630                   0.000000                      1.0                           
NA_OII_DISP_RES               146.589678                    nan                           nan                           
NA_OII_EW                     0.000000                      0.000000                      1.0                           
NA_OII_FLUX                   0.000000                      0.000000                      0.0                           
NA_OII_FWHM                   0.000000                      0.000000                      0.0                           
NA_OII_FWHM_CORR              0.000000                      0.000000                      0.0                           
NA_OII_LUM                    0.000000                      0.000000                      1.0                           
NA_OII_NPIX                   13.000000                     0.000000                      0.0                           
NA_OII_SNR                    0.000000                      0.000000                      0.0                           
NA_OII_VOFF                   -0.119597                     0.000000                      1.0                           
NA_OII_W80                    0.000000                      0.000000                      0.0                           
NA_OII_W80_CORR               0.000000                      0.000000                      0.0                           
NA_OPT_FEII_AMP               5.355436                      0.000000                      1.0                           
NA_OPT_FEII_DISP              10.460661                     0.000000                      1.0                           
NA_OPT_FEII_TEMPLATE_EW       19.623807                     0.000000                      1.0                           
NA_OPT_FEII_TEMPLATE_FLUX     -14.447429                    0.000000                      1.0                           
NA_OPT_FEII_TEMPLATE_LUM      42.244038                     0.000000                      1.0                           
NA_OPT_FEII_VOFF              -0.622228                     0.000000                      1.0                           
OIII_a_COMP_DISP              3299.204942                   0.000000                      0.0                           
OIII_a_COMP_DISP_CORR         3297.286600                   0.000000                      0.0                           
OIII_a_COMP_DISP_RES          112.491450                    nan                           nan                           
OIII_a_COMP_EW                12.805311                     0.000000                      1.0                           
OIII_a_COMP_FLUX              -14.655458                    0.000000                      1.0                           
OIII_a_COMP_FWHM              7769.476969                   0.000000                      0.0                           
OIII_a_COMP_FWHM_CORR         7764.959954                   0.000000                      0.0                           
OIII_a_COMP_LUM               42.036008                     0.000000                      1.0                           
OIII_a_COMP_NPIX              99.000000                     0.000000                      0.0                           
OIII_a_COMP_SNR               1.827670                      0.000000                      0.0                           
OIII_a_COMP_VOFF              1.537326                      0.000000                      0.0                           
OIII_a_COMP_W80               8654.360858                   0.000000                      0.0                           
OIII_a_COMP_W80_CORR          8649.541971                   0.000000                      0.0                           
OIII_b_COMP_DISP              1298.380853                   0.000000                      0.0                           
OIII_b_COMP_DISP_CORR         1293.645914                   0.000000                      0.0                           
OIII_b_COMP_DISP_RES          110.783971                    nan                           nan                           
OIII_b_COMP_EW                12.275715                     0.000000                      1.0                           
OIII_b_COMP_FLUX              -14.686826                    0.000000                      1.0                           
OIII_b_COMP_FWHM              3058.131835                   0.000000                      0.0                           
OIII_b_COMP_FWHM_CORR         3046.984579                   0.000000                      0.0                           
OIII_b_COMP_LUM               42.004640                     0.000000                      1.0                           
OIII_b_COMP_NPIX              73.000000                     0.000000                      0.0                           
OIII_b_COMP_SNR               4.244359                      0.000000                      0.0                           
OIII_b_COMP_VOFF              -1.066757                     0.000000                      0.0                           
OIII_b_COMP_W80               3405.207691                   0.000000                      0.0                           
OIII_b_COMP_W80_CORR          3393.311957                   0.000000                      0.0                           
OII_COMP_DISP                 0.000000                      0.000000                      0.0                           
OII_COMP_DISP_CORR            0.000000                      0.000000                      0.0                           
OII_COMP_DISP_RES             146.589678                    nan                           nan                           
OII_COMP_EW                   0.000000                      0.000000                      1.0                           
OII_COMP_FLUX                 0.000000                      0.000000                      1.0                           
OII_COMP_FWHM                 0.000000                      0.000000                      0.0                           
OII_COMP_FWHM_CORR            0.000000                      0.000000                      0.0                           
OII_COMP_LUM                  0.000000                      0.000000                      1.0                           
OII_COMP_NPIX                 13.000000                     0.000000                      0.0                           
OII_COMP_SNR                  -0.000000                     0.000000                      0.0                           
OII_COMP_VOFF                 0.000000                      0.000000                      0.0                           
OII_COMP_W80                  0.000000                      0.000000                      0.0                           
OII_COMP_W80_CORR             0.000000                      0.000000                      0.0                           
POWER_AMP                     21.389159                     0.000000                      1.0                           
POWER_SLOPE                   0.551358                      0.000000                      1.0                           
RCHI_SQUARED                  6199.442540                   0.000000                      0.0                           
R_SQUARED                     0.996523                      0.000000                      0.0                           
NOISE_STD                     0.829593                                                                                  
RESID_STD                     1.363342                                                                                  
--------------------------------------------------------------------------------------
 - Done fitting 2-onur! 

End process memory: 0.26031309                    
