<IPython.core.display.HTML object>
/app/BADASS3/example_spectra/2-onur
/app/BADASS3/example_spectra/2-onur/my_sdss.fits
0.34872591495513916
Start process memory: 0.22349414                    
 Folder has not been created.  Creating MCMC_output folder...

 > Starting fit for 2-onur

 Input fitting region exceeds available wavelength range.  BADASS will adjust your fitting range automatically...
		- Input fitting range: (2900, 8000)
		- Available wavelength range: (2644, 7710)
		- New fitting region is (2900, 7711). 


 Input spectrum is not linearly binned. BADASS will linearly rebin and conserve flux...


-----------------------------------------------------------
 file:                        my_sdss.fits                  
 redshift:                    0.34873                       
 fitting region:              (2900,7711) [A]               
 velocity scale:              69.03 [km/s/pixel]            
 Galactic E(B-V):             0.000                         
 Flux Normalization:          1e-17                         
 Fit Normalization:           89.33414                      
-----------------------------------------------------------

 Initializing parameters...
----------------------------------------------------------------------------------------------------
	- Fitting additive legendre polynomial component.
	- Fitting Simple AGN power-law continuum.
	- Fitting broad and narrow optical FeII using Veron-Cetty et al. (2004) optical FeII templates
	 		* varying optical FeII amplitudes
	 		* varying optical FeII dispersion.
	 		* varying optical FeII voff

 Warning! Peak finding algorithm used for initial guesses of amplitude and velocity failed! Defaulting to user-defined locations...

 Warning! Peak finding algorithm used for initial guesses of amplitude and velocity failed! Defaulting to user-defined locations...

----------------------------------------------------------------------------------------------------------------------------------------

----------------------------------------------------------------------------------------------------------------------------------------

 Line List:

----------------------------------------------------------------------------------------------------------------------------------------
BR_H_ALPHA                                                                                
                              amp                           free                          
                              center                        6564.6                        
                              center_pix                    3548.5415389745103            
                              disp                          free                          
                              disp_res_ang                  1.8891807905118316            
                              disp_res_kms                  86.27519617248957             
                              line_profile                  gaussian                      
                              line_type                     br                            
                              ncomp                         1                             
                              voff                          free                          
BR_H_BETA                                                                                 
                              amp                           free                          
                              center                        4862.691                      
                              center_pix                    2245.2828149040056            
                              disp                          free                          
                              disp_res_ang                  1.8891807905118316            
                              disp_res_kms                  116.47093199915953            
                              line_profile                  gaussian                      
                              line_type                     br                            
                              ncomp                         1                             
                              voff                          free                          
BR_OII                                                                                    
                              amp                           free                          
                              center                        3727.09                       
                              center_pix                    1090.2655983904117            
                              disp                          free                          
                              disp_res_ang                  1.8891807905118316            
                              disp_res_kms                  151.95827114288224            
                              line_profile                  gaussian                      
                              line_type                     br                            
                              ncomp                         1                             
                              voff                          free                          
BR_OIII_a                                                                                 
                              amp                           (BR_OIII_b_AMP/2.98)          
                              center                        4960.295                      
                              center_pix                    2331.5873465310824            
                              disp                          BR_OIII_b_DISP                
                              disp_res_ang                  1.8891807905118316            
                              disp_res_kms                  114.17912700634238            
                              line_profile                  gaussian                      
                              line_type                     br                            
                              ncomp                         1                             
                              voff                          BR_OIII_b_VOFF                
BR_OIII_b                                                                                 
                              amp                           free                          
                              center                        5008.24                       
                              center_pix                    2373.361781647544             
                              disp                          free                          
                              disp_res_ang                  1.8891807905118316            
                              disp_res_kms                  113.08606472411967            
                              line_profile                  gaussian                      
                              line_type                     br                            
                              ncomp                         1                             
                              voff                          free                          
NA_H_ALPHA                                                                                
                              amp                           free                          
                              center                        6564.6                        
                              center_pix                    3548.5415389745103            
                              disp                          free                          
                              disp_res_ang                  1.8891807905118316            
                              disp_res_kms                  86.27519617248957             
                              label                         [H$\alpha$]                   
                              line_profile                  gaussian                      
                              line_type                     na                            
                              ncomp                         1                             
                              voff                          free                          
NA_H_BETA                                                                                 
                              amp                           free                          
                              center                        4862.691                      
                              center_pix                    2245.2828149040056            
                              disp                          free                          
                              disp_res_ang                  1.8891807905118316            
                              disp_res_kms                  116.47093199915953            
                              label                         H$\beta$                      
                              line_profile                  gaussian                      
                              line_type                     na                            
                              ncomp                         1                             
                              voff                          free                          
NA_OII                                                                                    
                              amp                           free                          
                              center                        3727.09                       
                              center_pix                    1090.2655983904117            
                              disp                          free                          
                              disp_res_ang                  1.8891807905118316            
                              disp_res_kms                  151.95827114288224            
                              label                         [OII]                         
                              line_profile                  gaussian                      
                              line_type                     na                            
                              ncomp                         1                             
                              voff                          free                          
NA_OIII_a                                                                                 
                              amp                           (NA_OIII_b_AMP/2.98)          
                              center                        4960.295                      
                              center_pix                    2331.5873465310824            
                              disp                          NA_OIII_b_DISP                
                              disp_res_ang                  1.8891807905118316            
                              disp_res_kms                  114.17912700634238            
                              label                         [OIIIa]                       
                              line_profile                  gaussian                      
                              line_type                     na                            
                              ncomp                         1                             
                              voff                          NA_OIII_b_VOFF                
NA_OIII_b                                                                                 
                              amp                           free                          
                              center                        5008.24                       
                              center_pix                    2373.361781647544             
                              disp                          free                          
                              disp_res_ang                  1.8891807905118316            
                              disp_res_kms                  113.08606472411967            
                              label                         [OIIIb]                       
                              line_profile                  gaussian                      
                              line_type                     na                            
                              ncomp                         1                             
                              voff                          free                          

----------------------------------------------------------------------------------------------------------------------------------------

 Number of Free Line Parameters: 24

----------------------------------------------------------------------------------------------------------------------------------------

 All Free Parameters:

----------------------------------------------------------------------------------------------------------------------------------------
APOLY_COEFF_1                                                                             
                              init                          0.0                           
                              plim                          (-100.0, 100.0)               
APOLY_COEFF_2                                                                             
                              init                          0.0                           
                              plim                          (-100.0, 100.0)               
APOLY_COEFF_3                                                                             
                              init                          0.0                           
                              plim                          (-100.0, 100.0)               
APOLY_COEFF_4                                                                             
                              init                          0.0                           
                              plim                          (-100.0, 100.0)               
APOLY_COEFF_5                                                                             
                              init                          0.0                           
                              plim                          (-100.0, 100.0)               
APOLY_COEFF_6                                                                             
                              init                          0.0                           
                              plim                          (-100.0, 100.0)               
APOLY_COEFF_7                                                                             
                              init                          0.0                           
                              plim                          (-100.0, 100.0)               
BR_H_ALPHA_AMP                                                                            
                              init                          0.9917872749381111            
                              plim                          (0, 50)                       
BR_H_ALPHA_DISP                                                                           
                              init                          3300.0                        
                              plim                          (600, 6000)                   
BR_H_ALPHA_VOFF                                                                           
                              init                          0.0                           
                              plim                          (-1500, 1500)                 
                              prior                         {'type': 'gaussian'}          
BR_H_BETA_AMP                                                                             
                              init                          0.4695823788660961            
                              plim                          (0, 50)                       
BR_H_BETA_DISP                                                                            
                              init                          3300.0                        
                              plim                          (600, 6000)                   
BR_H_BETA_VOFF                                                                            
                              init                          0.0                           
                              plim                          (-1500, 1500)                 
                              prior                         {'type': 'gaussian'}          
BR_OIII_b_AMP                                                                             
                              init                          0.4666799439411946            
                              plim                          (0, 50)                       
BR_OIII_b_DISP                                                                            
                              init                          3300.0                        
                              plim                          (600, 6000)                   
BR_OIII_b_VOFF                                                                            
                              init                          0.0                           
                              plim                          (-1500, 1500)                 
                              prior                         {'type': 'gaussian'}          
BR_OII_AMP                                                                                
                              init                          0.38542321874283453           
                              plim                          (0, 50)                       
BR_OII_DISP                                                                               
                              init                          3300.0                        
                              plim                          (600, 6000)                   
BR_OII_VOFF                                                                               
                              init                          0.0                           
                              plim                          (-1500, 1500)                 
                              prior                         {'type': 'gaussian'}          
BR_OPT_FEII_AMP                                                                           
                              init                          0.026628368030811103          
                              plim                          (0, 1.5000000427715077)       
BR_OPT_FEII_DISP                                                                          
                              init                          500.0                         
                              plim                          (500.0, 5000.0)               
BR_OPT_FEII_VOFF                                                                          
                              init                          0.0                           
                              plim                          (-500.0, 500.0)               
NA_H_ALPHA_AMP                                                                            
                              init                          0.9917872749381111            
                              plim                          (0, 50)                       
NA_H_ALPHA_DISP                                                                           
                              init                          1300.0                        
                              plim                          (100, 2500)                   
NA_H_ALPHA_VOFF                                                                           
                              init                          0.0                           
                              plim                          (-1000, 1000)                 
                              prior                         {'type': 'gaussian'}          
NA_H_BETA_AMP                                                                             
                              init                          0.4695823788660961            
                              plim                          (0, 50)                       
NA_H_BETA_DISP                                                                            
                              init                          1300.0                        
                              plim                          (100, 2500)                   
NA_H_BETA_VOFF                                                                            
                              init                          0.0                           
                              plim                          (-1000, 1000)                 
                              prior                         {'type': 'gaussian'}          
NA_OIII_b_AMP                                                                             
                              init                          0.4666799439411946            
                              plim                          (0, 50)                       
NA_OIII_b_DISP                                                                            
                              init                          1300.0                        
                              plim                          (100, 2500)                   
NA_OIII_b_VOFF                                                                            
                              init                          0.0                           
                              plim                          (-1000, 1000)                 
                              prior                         {'type': 'gaussian'}          
NA_OII_AMP                                                                                
                              init                          0.38542321874283453           
                              plim                          (0, 50)                       
NA_OII_DISP                                                                               
                              init                          1300.0                        
                              plim                          (100, 2500)                   
NA_OII_VOFF                                                                               
                              init                          0.0                           
                              plim                          (-1000, 1000)                 
                              prior                         {'type': 'gaussian'}          
NA_OPT_FEII_AMP                                                                           
                              init                          0.026628368030811103          
                              plim                          (0, 1.5000000427715077)       
NA_OPT_FEII_DISP                                                                          
                              init                          10.0                          
                              plim                          (0.1, 500.0)                  
NA_OPT_FEII_VOFF                                                                          
                              init                          0.0                           
                              plim                          (-500.0, 500.0)               
POWER_AMP                                                                                 
                              init                          0.1331418401540555            
                              plim                          (0, 1.5000000427715077)       
POWER_SLOPE                                                                               
                              init                          -1.0                          
                              plim                          (-6.0, 6.0)                   

----------------------------------------------------------------------------------------------------------------------------------------

 Total number of free parameters: 39

----------------------------------------------------------------------------------------------------------------------------------------

 Soft Constraints:


----------------------------------------------------------------------------------------------------------------------------------------

----------------------------------------------------------------------------------------------------------------------------------------

 Required Maximum Likelihood RMSE threshold: 0.4694 


 Performing max. likelihood fitting.

 Using Basin-hopping algorithm to estimate parameters. niter_success = 5
basinhopping step 0: f 2.00409
 Fit Status: False
 Force threshold: 0.4694
 Lowest RMSE: 0.0816
 Current RMSE: 0.0816
 Accepted count: 1
 Basinhop count: 0


adaptive stepsize: acceptance rate 0.000000 target 0.500000 new stepsize 0.9 old stepsize 1
basinhopping step 1: f 2.19775 trial_f 2.19775 accepted 1  lowest_f 2.00409
 Fit Status: False
 Force threshold: 0.4694
 Lowest RMSE: 0.0816
 Current RMSE: 0.0854
 Accepted count: 2
 Basinhop count: 1


adaptive stepsize: acceptance rate 0.500000 target 0.500000 new stepsize 0.81 old stepsize 0.9
basinhopping step 2: f 2.15464 trial_f 2.15464 accepted 1  lowest_f 2.00409
 Fit Status: False
 Force threshold: 0.4694
 Lowest RMSE: 0.0816
 Current RMSE: 0.0846
 Accepted count: 3
 Basinhop count: 2


adaptive stepsize: acceptance rate 0.666667 target 0.500000 new stepsize 0.9 old stepsize 0.81
basinhopping step 3: f 2.26135 trial_f 2.26135 accepted 1  lowest_f 2.00409
 Fit Status: False
 Force threshold: 0.4694
 Lowest RMSE: 0.0816
 Current RMSE: 0.0866
 Accepted count: 4
 Basinhop count: 3


adaptive stepsize: acceptance rate 0.750000 target 0.500000 new stepsize 1 old stepsize 0.9
basinhopping step 4: f 1.83941 trial_f 1.83941 accepted 1  lowest_f 1.83941
found new global minimum on step 4 with function value 1.83941
 Fit Status: False
 Force threshold: 0.4694
 Lowest RMSE: 0.0781
 Current RMSE: 0.0781
 Accepted count: 5
 Basinhop count: 0


adaptive stepsize: acceptance rate 0.800000 target 0.500000 new stepsize 1.11111 old stepsize 1
basinhopping step 5: f 1.82328 trial_f 1.82328 accepted 1  lowest_f 1.82328
found new global minimum on step 5 with function value 1.82328
 Fit Status: False
 Force threshold: 0.4694
 Lowest RMSE: 0.0778
 Current RMSE: 0.0778
 Accepted count: 6
 Basinhop count: 0


adaptive stepsize: acceptance rate 0.833333 target 0.500000 new stepsize 1.23457 old stepsize 1.11111
basinhopping step 6: f 1.92754 trial_f 1.92754 accepted 1  lowest_f 1.82328
 Fit Status: False
 Force threshold: 0.4694
 Lowest RMSE: 0.0778
 Current RMSE: 0.0800
 Accepted count: 7
 Basinhop count: 1


adaptive stepsize: acceptance rate 0.857143 target 0.500000 new stepsize 1.37174 old stepsize 1.23457
basinhopping step 7: f 1.97929 trial_f 1.97929 accepted 1  lowest_f 1.82328
 Fit Status: False
 Force threshold: 0.4694
 Lowest RMSE: 0.0778
 Current RMSE: 0.0811
 Accepted count: 8
 Basinhop count: 2


adaptive stepsize: acceptance rate 0.875000 target 0.500000 new stepsize 1.52416 old stepsize 1.37174
basinhopping step 8: f 1.79467 trial_f 1.79467 accepted 1  lowest_f 1.79467
found new global minimum on step 8 with function value 1.79467
 Fit Status: False
 Force threshold: 0.4694
 Lowest RMSE: 0.0772
 Current RMSE: 0.0772
 Accepted count: 9
 Basinhop count: 0


adaptive stepsize: acceptance rate 0.888889 target 0.500000 new stepsize 1.69351 old stepsize 1.52416
basinhopping step 9: f 1.79478 trial_f 1.79478 accepted 1  lowest_f 1.79467
 Fit Status: False
 Force threshold: 0.4694
 Lowest RMSE: 0.0772
 Current RMSE: 0.0772
 Accepted count: 10
 Basinhop count: 1


adaptive stepsize: acceptance rate 0.900000 target 0.500000 new stepsize 1.88168 old stepsize 1.69351
basinhopping step 10: f 1.79478 trial_f 5.80426 accepted 0  lowest_f 1.79467
 Fit Status: False
 Force threshold: 0.4694
 Lowest RMSE: 0.0772
 Current RMSE: 0.1388
 Accepted count: 10
 Basinhop count: 2


adaptive stepsize: acceptance rate 0.818182 target 0.500000 new stepsize 2.09075 old stepsize 1.88168
basinhopping step 11: f 1.79478 trial_f 3.54617 accepted 0  lowest_f 1.79467
 Fit Status: False
 Force threshold: 0.4694
 Lowest RMSE: 0.0772
 Current RMSE: 0.1085
 Accepted count: 10
 Basinhop count: 3


adaptive stepsize: acceptance rate 0.750000 target 0.500000 new stepsize 2.32306 old stepsize 2.09075
basinhopping step 12: f 1.82502 trial_f 1.82502 accepted 1  lowest_f 1.79467
 Fit Status: False
 Force threshold: 0.4694
 Lowest RMSE: 0.0772
 Current RMSE: 0.0778
 Accepted count: 11
 Basinhop count: 4


adaptive stepsize: acceptance rate 0.769231 target 0.500000 new stepsize 2.58117 old stepsize 2.32306
basinhopping step 13: f 1.82502 trial_f 3.1866 accepted 0  lowest_f 1.79467
 Fit Status: True
 Force threshold: 0.4694
 Lowest RMSE: 0.0772
 Current RMSE: 0.1029
 Accepted count: 11
 Basinhop count: 5



 Performing Monte Carlo bootstrapping...
	   Completed 1 of 100 iterations.
	   Completed 2 of 100 iterations.
	   Completed 3 of 100 iterations.
	   Completed 4 of 100 iterations.
	   Completed 5 of 100 iterations.
	   Completed 6 of 100 iterations.
	   Completed 7 of 100 iterations.
	   Completed 8 of 100 iterations.
	   Completed 9 of 100 iterations.
	   Completed 10 of 100 iterations.
	   Completed 11 of 100 iterations.
	   Completed 12 of 100 iterations.
	   Completed 13 of 100 iterations.
	   Completed 14 of 100 iterations.
	   Completed 15 of 100 iterations.
	   Completed 16 of 100 iterations.
	   Completed 17 of 100 iterations.
	   Completed 18 of 100 iterations.
	   Completed 19 of 100 iterations.
	   Completed 20 of 100 iterations.
	   Completed 21 of 100 iterations.
	   Completed 22 of 100 iterations.
	   Completed 23 of 100 iterations.
	   Completed 24 of 100 iterations.
	   Completed 25 of 100 iterations.
	   Completed 26 of 100 iterations.
	   Completed 27 of 100 iterations.
	   Completed 28 of 100 iterations.
	   Completed 29 of 100 iterations.
	   Completed 30 of 100 iterations.
	   Completed 31 of 100 iterations.
	   Completed 32 of 100 iterations.
	   Completed 33 of 100 iterations.
	   Completed 34 of 100 iterations.
	   Completed 35 of 100 iterations.
	   Completed 36 of 100 iterations.
	   Completed 37 of 100 iterations.
	   Completed 38 of 100 iterations.
	   Completed 39 of 100 iterations.
	   Completed 40 of 100 iterations.
	   Completed 41 of 100 iterations.
	   Completed 42 of 100 iterations.
	   Completed 43 of 100 iterations.
	   Completed 44 of 100 iterations.
	   Completed 45 of 100 iterations.
	   Completed 46 of 100 iterations.
	   Completed 47 of 100 iterations.
	   Completed 48 of 100 iterations.
	   Completed 49 of 100 iterations.
	   Completed 50 of 100 iterations.
	   Completed 51 of 100 iterations.
	   Completed 52 of 100 iterations.
	   Completed 53 of 100 iterations.
	   Completed 54 of 100 iterations.
	   Completed 55 of 100 iterations.
	   Completed 56 of 100 iterations.
	   Completed 57 of 100 iterations.
	   Completed 58 of 100 iterations.
	   Completed 59 of 100 iterations.
	   Completed 60 of 100 iterations.
	   Completed 61 of 100 iterations.
	   Completed 62 of 100 iterations.
	   Completed 63 of 100 iterations.
	   Completed 64 of 100 iterations.
	   Completed 65 of 100 iterations.
	   Completed 66 of 100 iterations.
	   Completed 67 of 100 iterations.
	   Completed 68 of 100 iterations.
	   Completed 69 of 100 iterations.
	   Completed 70 of 100 iterations.
	   Completed 71 of 100 iterations.
	   Completed 72 of 100 iterations.
	   Completed 73 of 100 iterations.
	   Completed 74 of 100 iterations.
	   Completed 75 of 100 iterations.
	   Completed 76 of 100 iterations.
	   Completed 77 of 100 iterations.
	   Completed 78 of 100 iterations.
	   Completed 79 of 100 iterations.
	   Completed 80 of 100 iterations.
	   Completed 81 of 100 iterations.
	   Completed 82 of 100 iterations.
	   Completed 83 of 100 iterations.
	   Completed 84 of 100 iterations.
	   Completed 85 of 100 iterations.
	   Completed 86 of 100 iterations.
	   Completed 87 of 100 iterations.
	   Completed 88 of 100 iterations.
	   Completed 89 of 100 iterations.
	   Completed 90 of 100 iterations.
	   Completed 91 of 100 iterations.
	   Completed 92 of 100 iterations.
	   Completed 93 of 100 iterations.
	   Completed 94 of 100 iterations.
	   Completed 95 of 100 iterations.
	   Completed 96 of 100 iterations.
	   Completed 97 of 100 iterations.
	   Completed 98 of 100 iterations.
	   Completed 99 of 100 iterations.
	   Completed 100 of 100 iterations.

 Maximum Likelihood Best-fit Parameters:
--------------------------------------------------------------------------------------

Parameter                     Best-fit Value                +/- 1-sigma                   Flag                          
--------------------------------------------------------------------------------------
AGN_FRAC_4000                 1.000000                      0.000000                      1.0                           
AGN_FRAC_7000                 1.000000                      0.000000                      1.0                           
APOLY_COEFF_1                 -0.021752                     0.050559                      0.0                           
APOLY_COEFF_2                 0.030781                      0.031714                      0.0                           
APOLY_COEFF_3                 0.002856                      0.009536                      0.0                           
APOLY_COEFF_4                 -0.020850                     0.001504                      0.0                           
APOLY_COEFF_5                 0.010410                      0.001169                      0.0                           
APOLY_COEFF_6                 -0.007118                     0.000680                      0.0                           
APOLY_COEFF_7                 -0.003825                     0.000958                      0.0                           
BR_H_ALPHA_AMP                6.196965                      2.856026                      0.0                           
BR_H_ALPHA_DISP               3318.899627                   4.911178                      0.0                           
BR_H_ALPHA_DISP_CORR          3317.778070                   4.911178                      0.0                           
BR_H_ALPHA_DISP_RES           86.275196                     nan                           nan                           
BR_H_ALPHA_EW                 107.101510                    51.677124                     0.0                           
BR_H_ALPHA_FLUX               -13.817395                    0.136096                      0.0                           
BR_H_ALPHA_FWHM               7815.661606                   11.585407                     0.0                           
BR_H_ALPHA_FWHM_CORR          7813.020672                   11.585407                     0.0                           
BR_H_ALPHA_LUM                42.794506                     0.136096                      0.0                           
BR_H_ALPHA_NPIX               201.000000                    15.218231                     0.0                           
BR_H_ALPHA_SNR                6.136958                      2.828378                      0.0                           
BR_H_ALPHA_VOFF               3.177270                      0.941510                      0.0                           
BR_H_ALPHA_W80                8705.694314                   12.846919                     0.0                           
BR_H_ALPHA_W80_CORR           8702.876836                   12.846919                     0.0                           
BR_H_BETA_AMP                 2.723548                      0.231099                      0.0                           
BR_H_BETA_DISP                3296.302617                   0.453193                      0.0                           
BR_H_BETA_DISP_CORR           3294.244294                   0.453193                      0.0                           
BR_H_BETA_DISP_RES            116.470932                    nan                           nan                           
BR_H_BETA_EW                  24.669338                     2.125252                      0.0                           
BR_H_BETA_FLUX                -14.307744                    0.036651                      0.0                           
BR_H_BETA_FWHM                7762.378583                   1.061101                      0.0                           
BR_H_BETA_FWHM_CORR           7757.531796                   1.061101                      0.0                           
BR_H_BETA_LUM                 42.304158                     0.036651                      0.0                           
BR_H_BETA_NPIX                140.000000                    7.376324                      0.0                           
BR_H_BETA_SNR                 2.697224                      0.228864                      0.0                           
BR_H_BETA_VOFF                0.654065                      0.506325                      0.0                           
BR_H_BETA_W80                 8646.176181                   1.177333                      0.0                           
BR_H_BETA_W80_CORR            8641.005323                   1.177333                      0.0                           
BR_OIII_a_AMP                 0.000008                      0.000000                      0.0                           
BR_OIII_a_DISP                3304.012633                   0.000000                      0.0                           
BR_OIII_a_DISP_CORR           3302.039159                   0.000000                      0.0                           
BR_OIII_a_DISP_RES            114.179127                    nan                           nan                           
BR_OIII_a_EW                  0.000000                      0.000000                      1.0                           
BR_OIII_a_FLUX                0.000000                      0.000000                      0.0                           
BR_OIII_a_FWHM                0.000000                      0.000000                      0.0                           
BR_OIII_a_FWHM_CORR           0.000000                      0.000000                      0.0                           
BR_OIII_a_LUM                 0.000000                      0.000000                      1.0                           
BR_OIII_a_NPIX                0.000000                      0.000000                      0.0                           
BR_OIII_a_SNR                 0.000000                      0.000000                      0.0                           
BR_OIII_a_VOFF                -0.344662                     0.000000                      0.0                           
BR_OIII_a_W80                 0.000000                      0.000000                      0.0                           
BR_OIII_a_W80_CORR            0.000000                      0.000000                      0.0                           
BR_OIII_b_AMP                 0.000024                      0.000000                      0.0                           
BR_OIII_b_DISP                3304.012633                   0.000000                      0.0                           
BR_OIII_b_DISP_CORR           3302.076774                   0.000000                      0.0                           
BR_OIII_b_DISP_RES            113.086065                    nan                           nan                           
BR_OIII_b_EW                  0.000000                      0.000000                      1.0                           
BR_OIII_b_FLUX                0.000000                      0.000000                      0.0                           
BR_OIII_b_FWHM                0.000000                      0.000000                      0.0                           
BR_OIII_b_FWHM_CORR           0.000000                      0.000000                      0.0                           
BR_OIII_b_LUM                 0.000000                      0.000000                      1.0                           
BR_OIII_b_NPIX                0.000000                      0.000000                      0.0                           
BR_OIII_b_SNR                 0.000000                      0.000000                      0.0                           
BR_OIII_b_VOFF                -0.344662                     0.000000                      0.0                           
BR_OIII_b_W80                 0.000000                      0.000000                      0.0                           
BR_OIII_b_W80_CORR            0.000000                      0.000000                      0.0                           
BR_OII_AMP                    0.000000                      0.000000                      2.0                           
BR_OII_DISP                   3301.423759                   0.000000                      0.0                           
BR_OII_DISP_CORR              3297.924729                   0.000000                      0.0                           
BR_OII_DISP_RES               151.958271                    nan                           nan                           
BR_OII_EW                     0.000000                      0.000000                      1.0                           
BR_OII_FLUX                   0.000000                      0.000000                      0.0                           
BR_OII_FWHM                   0.000000                      0.000000                      0.0                           
BR_OII_FWHM_CORR              0.000000                      0.000000                      0.0                           
BR_OII_LUM                    0.000000                      0.000000                      1.0                           
BR_OII_NPIX                   0.000000                      0.000000                      0.0                           
BR_OII_SNR                    0.000000                      0.000000                      0.0                           
BR_OII_VOFF                   0.389713                      0.000000                      0.0                           
BR_OII_W80                    0.000000                      0.000000                      0.0                           
BR_OII_W80_CORR               0.000000                      0.000000                      0.0                           
BR_OPT_FEII_AMP               47.587211                     2.654370                      0.0                           
BR_OPT_FEII_DISP              592.246018                    23.388418                     0.0                           
BR_OPT_FEII_TEMPLATE_EW       113.020405                    6.650564                      0.0                           
BR_OPT_FEII_TEMPLATE_FLUX     -13.660596                    0.022444                      0.0                           
BR_OPT_FEII_TEMPLATE_LUM      42.951306                     0.022444                      0.0                           
BR_OPT_FEII_VOFF              -46.928923                    11.369913                     0.0                           
HOST_FRAC_4000                -0.021825                     0.012529                      1.0                           
HOST_FRAC_7000                0.009677                      0.178032                      1.0                           
H_ALPHA_COMP_DISP             1951.177557                   184.940949                    0.0                           
H_ALPHA_COMP_DISP_CORR        1949.269209                   184.940949                    0.0                           
H_ALPHA_COMP_DISP_RES         86.275196                     nan                           nan                           
H_ALPHA_COMP_EW               445.690671                    16.081438                     0.0                           
H_ALPHA_COMP_FLUX             -13.198040                    0.011349                      0.0                           
H_ALPHA_COMP_FWHM             3103.858527                   274.654781                    0.0                           
H_ALPHA_COMP_FWHM_CORR        3097.202518                   274.654781                    0.0                           
H_ALPHA_COMP_LUM              43.413861                     0.011349                      0.0                           
H_ALPHA_COMP_NPIX             201.000000                    15.218231                     0.0                           
H_ALPHA_COMP_SNR              45.040675                     3.942194                      0.0                           
H_ALPHA_COMP_VOFF             -128.973839                   18.707980                     0.0                           
H_ALPHA_COMP_W80              4261.582959                   587.930899                    0.0                           
H_ALPHA_COMP_W80_CORR         4255.824368                   587.930899                    0.0                           
H_BETA_COMP_DISP              2105.841424                   43.175375                     0.0                           
H_BETA_COMP_DISP_CORR         2102.618041                   43.175375                     0.0                           
H_BETA_COMP_DISP_RES          116.470932                    nan                           nan                           
H_BETA_COMP_EW                88.337380                     1.630414                      0.0                           
H_BETA_COMP_FLUX              -13.753560                    0.007343                      0.0                           
H_BETA_COMP_FWHM              3569.860051                   28.952719                     0.0                           
H_BETA_COMP_FWHM_CORR         3559.308792                   28.952719                     0.0                           
H_BETA_COMP_LUM               42.858342                     0.007343                      0.0                           
H_BETA_COMP_NPIX              142.000000                    7.141518                      0.0                           
H_BETA_COMP_SNR               16.972778                     0.278968                      0.0                           
H_BETA_COMP_VOFF              -78.682060                    10.910897                     0.0                           
H_BETA_COMP_W80               4830.377803                   109.234377                    0.0                           
H_BETA_COMP_W80_CORR          4821.116069                   109.234377                    0.0                           
LOG_LIKE                      1.794665                      0.099901                      0.0                           
L_CONT_AGN_3000               44.734215                     0.000801                      0.0                           
L_CONT_AGN_5100               44.592304                     0.001071                      0.0                           
L_CONT_HOST_3000              43.545454                     0.014659                      0.0                           
L_CONT_HOST_5100              0.000000                      0.207170                      1.0                           
L_CONT_TOT_3000               44.734215                     0.000801                      0.0                           
L_CONT_TOT_5100               44.592304                     0.001071                      0.0                           
NA_H_ALPHA_AMP                52.751298                     0.772645                      0.0                           
NA_H_ALPHA_DISP               1233.802103                   141.498840                    0.0                           
NA_H_ALPHA_DISP_CORR          1230.781955                   141.498840                    0.0                           
NA_H_ALPHA_DISP_RES           86.275196                     nan                           nan                           
NA_H_ALPHA_EW                 338.589161                    36.221410                     0.0                           
NA_H_ALPHA_FLUX               -13.317364                    0.057442                      0.0                           
NA_H_ALPHA_FWHM               2905.478904                   332.963046                    0.0                           
NA_H_ALPHA_FWHM_CORR          2898.367357                   332.963046                    0.0                           
NA_H_ALPHA_LUM                43.294538                     0.057442                      0.0                           
NA_H_ALPHA_NPIX               103.000000                    13.057015                     0.0                           
NA_H_ALPHA_SNR                52.242036                     0.764220                      0.0                           
NA_H_ALPHA_VOFF               -170.734079                   23.139342                     0.0                           
NA_H_ALPHA_W80                3234.378716                   371.036328                    0.0                           
NA_H_ALPHA_W80_CORR           3226.787476                   371.036328                    0.0                           
NA_H_BETA_AMP                 16.641655                     0.376932                      0.0                           
NA_H_BETA_DISP                1393.738495                   3.954441                      0.0                           
NA_H_BETA_DISP_CORR           1388.863390                   3.954441                      0.0                           
NA_H_BETA_DISP_RES            116.470932                    nan                           nan                           
NA_H_BETA_EW                  63.668043                     1.434957                      0.0                           
NA_H_BETA_FLUX                -13.895707                    0.009831                      0.0                           
NA_H_BETA_FWHM                3282.450284                   9.334142                      0.0                           
NA_H_BETA_FWHM_CORR           3270.972052                   9.334142                      0.0                           
NA_H_BETA_LUM                 42.716195                     0.009831                      0.0                           
NA_H_BETA_NPIX                96.000000                     1.008735                      0.0                           
NA_H_BETA_SNR                 16.479275                     0.373355                      0.0                           
NA_H_BETA_VOFF                -109.391271                   15.280033                     0.0                           
NA_H_BETA_W80                 3654.130515                   10.563011                     0.0                           
NA_H_BETA_W80_CORR            3641.878671                   10.563011                     0.0                           
NA_OIII_a_AMP                 2.208657                      0.192824                      0.0                           
NA_OIII_a_DISP                1293.220913                   13.355899                     0.0                           
NA_OIII_a_DISP_CORR           1288.170585                   13.355899                     0.0                           
NA_OIII_a_DISP_RES            114.179127                    nan                           nan                           
NA_OIII_a_EW                  8.220731                      0.245368                      0.0                           
NA_OIII_a_FLUX                -14.796509                    0.012768                      0.0                           
NA_OIII_a_FWHM                3046.308540                   31.686883                     0.0                           
NA_OIII_a_FWHM_CORR           3034.420072                   31.686883                     0.0                           
NA_OIII_a_LUM                 41.815393                     0.012768                      0.0                           
NA_OIII_a_NPIX                47.000000                     1.556693                      0.0                           
NA_OIII_a_SNR                 2.186641                      0.064097                      0.0                           
NA_OIII_a_VOFF                -7.612161                     6.358147                      0.0                           
NA_OIII_a_W80                 3391.022319                   34.784690                     0.0                           
NA_OIII_a_W80_CORR            3378.331842                   34.784690                     0.0                           
NA_OIII_b_AMP                 6.581797                      0.192824                      0.0                           
NA_OIII_b_DISP                1293.220913                   13.355899                     0.0                           
NA_OIII_b_DISP_CORR           1288.267003                   13.355899                     0.0                           
NA_OIII_b_DISP_RES            113.086065                    nan                           nan                           
NA_OIII_b_EW                  25.050595                     0.749266                      0.0                           
NA_OIII_b_FLUX                -14.318113                    0.012768                      0.0                           
NA_OIII_b_FWHM                3045.723163                   31.497100                     0.0                           
NA_OIII_b_FWHM_CORR           3034.059413                   31.497100                     0.0                           
NA_OIII_b_LUM                 42.293789                     0.012768                      0.0                           
NA_OIII_b_NPIX                76.000000                     0.815495                      0.0                           
NA_OIII_b_SNR                 6.517717                      0.190983                      0.0                           
NA_OIII_b_VOFF                -7.612161                     6.358147                      0.0                           
NA_OIII_b_W80                 3391.512492                   35.247339                     0.0                           
NA_OIII_b_W80_CORR            3379.066081                   35.247339                     0.0                           
NA_OII_AMP                    0.000000                      0.000000                      2.0                           
NA_OII_DISP                   1303.006893                   0.000000                      0.0                           
NA_OII_DISP_CORR              1294.115778                   0.000000                      0.0                           
NA_OII_DISP_RES               151.958271                    nan                           nan                           
NA_OII_EW                     0.000000                      0.000000                      1.0                           
NA_OII_FLUX                   0.000000                      0.000000                      0.0                           
NA_OII_FWHM                   0.000000                      0.000000                      0.0                           
NA_OII_FWHM_CORR              0.000000                      0.000000                      0.0                           
NA_OII_LUM                    0.000000                      0.000000                      1.0                           
NA_OII_NPIX                   0.000000                      0.000000                      0.0                           
NA_OII_SNR                    0.000000                      0.000000                      0.0                           
NA_OII_VOFF                   -0.165300                     0.000000                      0.0                           
NA_OII_W80                    0.000000                      0.000000                      0.0                           
NA_OII_W80_CORR               0.000000                      0.000000                      0.0                           
NA_OPT_FEII_AMP               4.198913                      0.720803                      0.0                           
NA_OPT_FEII_DISP              11.466484                     0.777468                      0.0                           
NA_OPT_FEII_TEMPLATE_EW       12.896265                     2.222278                      0.0                           
NA_OPT_FEII_TEMPLATE_FLUX     -14.562135                    0.076222                      0.0                           
NA_OPT_FEII_TEMPLATE_LUM      42.049767                     0.076222                      0.0                           
NA_OPT_FEII_VOFF              -6.491150                     3.111172                      0.0                           
OIII_a_COMP_DISP              1293.121500                   13.352260                     0.0                           
OIII_a_COMP_DISP_CORR         1288.070783                   13.352260                     0.0                           
OIII_a_COMP_DISP_RES          114.179127                    nan                           nan                           
OIII_a_COMP_EW                8.220731                      0.245368                      0.0                           
OIII_a_COMP_FLUX              -14.796509                    0.012768                      0.0                           
OIII_a_COMP_FWHM              3046.308540                   31.686883                     0.0                           
OIII_a_COMP_FWHM_CORR         3034.420072                   31.686883                     0.0                           
OIII_a_COMP_LUM               41.815393                     0.012768                      0.0                           
OIII_a_COMP_NPIX              47.000000                     1.556693                      0.0                           
OIII_a_COMP_SNR               2.340102                      0.064310                      0.0                           
OIII_a_COMP_VOFF              -7.611918                     6.358271                      0.0                           
OIII_a_COMP_W80               3391.022319                   34.784690                     0.0                           
OIII_a_COMP_W80_CORR          3378.331842                   34.784690                     0.0                           
OIII_b_COMP_DISP              1293.186206                   13.355618                     0.0                           
OIII_b_COMP_DISP_CORR         1288.232163                   13.355618                     0.0                           
OIII_b_COMP_DISP_RES          113.086065                    nan                           nan                           
OIII_b_COMP_EW                25.050595                     0.749266                      0.0                           
OIII_b_COMP_FLUX              -14.318113                    0.012768                      0.0                           
OIII_b_COMP_FWHM              3045.723163                   31.497100                     0.0                           
OIII_b_COMP_FWHM_CORR         3034.059413                   31.497100                     0.0                           
OIII_b_COMP_LUM               42.293789                     0.012768                      0.0                           
OIII_b_COMP_NPIX              76.000000                     0.815495                      0.0                           
OIII_b_COMP_SNR               6.805441                      0.207312                      0.0                           
OIII_b_COMP_VOFF              -7.613092                     6.358108                      0.0                           
OIII_b_COMP_W80               3391.512492                   35.247339                     0.0                           
OIII_b_COMP_W80_CORR          3379.066081                   35.247339                     0.0                           
OII_COMP_DISP                 0.000000                      0.000000                      0.0                           
OII_COMP_DISP_CORR            0.000000                      0.000000                      0.0                           
OII_COMP_DISP_RES             151.958271                    nan                           nan                           
OII_COMP_EW                   0.000000                      0.000000                      1.0                           
OII_COMP_FLUX                 0.000000                      0.000000                      1.0                           
OII_COMP_FWHM                 0.000000                      0.000000                      0.0                           
OII_COMP_FWHM_CORR            0.000000                      0.000000                      0.0                           
OII_COMP_LUM                  0.000000                      0.000000                      1.0                           
OII_COMP_NPIX                 0.000000                      0.000000                      0.0                           
OII_COMP_SNR                  0.000000                      0.000000                      0.0                           
OII_COMP_VOFF                 0.000000                      0.000000                      0.0                           
OII_COMP_W80                  0.000000                      0.000000                      0.0                           
OII_COMP_W80_CORR             0.000000                      0.000000                      0.0                           
POWER_AMP                     19.433325                     1.995952                      0.0                           
POWER_SLOPE                   -1.323357                     0.456865                      0.0                           
RCHI_SQUARED                  98.860600                     0.842741                      0.0                           
R_SQUARED                     0.995694                      0.000190                      0.0                           
NOISE_STD                     0.936060                                                                                  
RESID_STD                     1.836187                                                                                  
--------------------------------------------------------------------------------------
 - Done fitting 2-onur! 

End process memory: 0.26002637                    
