<IPython.core.display.HTML object>
/app/BADASS3/example_spectra/2-onur
/app/BADASS3/example_spectra/2-onur/my_sdss.fits
0.29768213629722595
Start process memory: 0.22348186                    
 Folder has not been created.  Creating MCMC_output folder...

 > Starting fit for 2-onur

 Input spectrum is not linearly binned. BADASS will linearly rebin and conserve flux...


-----------------------------------------------------------
 file:                        my_sdss.fits                  
 redshift:                    0.29768                       
 fitting region:              (2900,8000) [A]               
 velocity scale:              69.03 [km/s/pixel]            
 Galactic E(B-V):             0.000                         
 Flux Normalization:          1e-17                         
 Fit Normalization:           102.27602                     
-----------------------------------------------------------

 Initializing parameters...
----------------------------------------------------------------------------------------------------
	- Fitting additive legendre polynomial component.
	- Fitting Simple AGN power-law continuum.
	- Fitting broad and narrow optical FeII using Veron-Cetty et al. (2004) optical FeII templates
	 		* varying optical FeII amplitudes
	 		* varying optical FeII dispersion.
	 		* varying optical FeII voff

 Warning! Peak finding algorithm used for initial guesses of amplitude and velocity failed! Defaulting to user-defined locations...

 Warning! Peak finding algorithm used for initial guesses of amplitude and velocity failed! Defaulting to user-defined locations...

----------------------------------------------------------------------------------------------------------------------------------------

----------------------------------------------------------------------------------------------------------------------------------------

 Line List:

----------------------------------------------------------------------------------------------------------------------------------------
BR_H_ALPHA                                                                                
                              amp                           free                          
                              center                        6564.6                        
                              center_pix                    3547.9951630845258            
                              disp                          free                          
                              disp_res_ang                  1.9634909188694747            
                              disp_res_kms                  89.66879456913723             
                              line_profile                  gaussian                      
                              line_type                     br                            
                              ncomp                         1                             
                              voff                          free                          
BR_H_BETA                                                                                 
                              amp                           free                          
                              center                        4862.691                      
                              center_pix                    2244.7364119891567            
                              disp                          free                          
                              disp_res_ang                  1.9634909188694747            
                              disp_res_kms                  121.05226690911644            
                              line_profile                  gaussian                      
                              line_type                     br                            
                              ncomp                         1                             
                              voff                          free                          
BR_OII                                                                                    
                              amp                           free                          
                              center                        3727.09                       
                              center_pix                    1089.7191936772224            
                              disp                          free                          
                              disp_res_ang                  1.9634909188694747            
                              disp_res_kms                  157.93548554731933            
                              line_profile                  gaussian                      
                              line_type                     br                            
                              ncomp                         1                             
                              voff                          free                          
BR_OIII_a                                                                                 
                              amp                           (BR_OIII_b_AMP/2.98)          
                              center                        4960.295                      
                              center_pix                    2331.0409659916327            
                              disp                          BR_OIII_b_DISP                
                              disp_res_ang                  1.9634909188694747            
                              disp_res_kms                  118.67031473502249            
                              line_profile                  gaussian                      
                              line_type                     br                            
                              ncomp                         1                             
                              voff                          BR_OIII_b_VOFF                
BR_OIII_b                                                                                 
                              amp                           free                          
                              center                        5008.24                       
                              center_pix                    2372.8153869811154            
                              disp                          free                          
                              disp_res_ang                  1.9634909188694747            
                              disp_res_kms                  117.53425730966536            
                              line_profile                  gaussian                      
                              line_type                     br                            
                              ncomp                         1                             
                              voff                          free                          
NA_H_ALPHA                                                                                
                              amp                           free                          
                              center                        6564.6                        
                              center_pix                    3547.9951630845258            
                              disp                          free                          
                              disp_res_ang                  1.9634909188694747            
                              disp_res_kms                  89.66879456913723             
                              label                         [H$\alpha$]                   
                              line_profile                  gaussian                      
                              line_type                     na                            
                              ncomp                         1                             
                              voff                          free                          
NA_H_BETA                                                                                 
                              amp                           free                          
                              center                        4862.691                      
                              center_pix                    2244.7364119891567            
                              disp                          free                          
                              disp_res_ang                  1.9634909188694747            
                              disp_res_kms                  121.05226690911644            
                              label                         H$\beta$                      
                              line_profile                  gaussian                      
                              line_type                     na                            
                              ncomp                         1                             
                              voff                          free                          
NA_OII                                                                                    
                              amp                           free                          
                              center                        3727.09                       
                              center_pix                    1089.7191936772224            
                              disp                          free                          
                              disp_res_ang                  1.9634909188694747            
                              disp_res_kms                  157.93548554731933            
                              label                         [OII]                         
                              line_profile                  gaussian                      
                              line_type                     na                            
                              ncomp                         1                             
                              voff                          free                          
NA_OIII_a                                                                                 
                              amp                           (NA_OIII_b_AMP/2.98)          
                              center                        4960.295                      
                              center_pix                    2331.0409659916327            
                              disp                          NA_OIII_b_DISP                
                              disp_res_ang                  1.9634909188694747            
                              disp_res_kms                  118.67031473502249            
                              label                         [OIIIa]                       
                              line_profile                  gaussian                      
                              line_type                     na                            
                              ncomp                         1                             
                              voff                          NA_OIII_b_VOFF                
NA_OIII_b                                                                                 
                              amp                           free                          
                              center                        5008.24                       
                              center_pix                    2372.8153869811154            
                              disp                          free                          
                              disp_res_ang                  1.9634909188694747            
                              disp_res_kms                  117.53425730966536            
                              label                         [OIIIb]                       
                              line_profile                  gaussian                      
                              line_type                     na                            
                              ncomp                         1                             
                              voff                          free                          

----------------------------------------------------------------------------------------------------------------------------------------

 Number of Free Line Parameters: 24

----------------------------------------------------------------------------------------------------------------------------------------

 All Free Parameters:

----------------------------------------------------------------------------------------------------------------------------------------
APOLY_COEFF_1                                                                             
                              init                          0.0                           
                              plim                          (-100.0, 100.0)               
APOLY_COEFF_2                                                                             
                              init                          0.0                           
                              plim                          (-100.0, 100.0)               
APOLY_COEFF_3                                                                             
                              init                          0.0                           
                              plim                          (-100.0, 100.0)               
APOLY_COEFF_4                                                                             
                              init                          0.0                           
                              plim                          (-100.0, 100.0)               
APOLY_COEFF_5                                                                             
                              init                          0.0                           
                              plim                          (-100.0, 100.0)               
APOLY_COEFF_6                                                                             
                              init                          0.0                           
                              plim                          (-100.0, 100.0)               
APOLY_COEFF_7                                                                             
                              init                          0.0                           
                              plim                          (-100.0, 100.0)               
BR_H_ALPHA_AMP                                                                            
                              init                          0.9873649785884989            
                              plim                          (0, 50)                       
BR_H_ALPHA_DISP                                                                           
                              init                          3300.0                        
                              plim                          (600, 6000)                   
BR_H_ALPHA_VOFF                                                                           
                              init                          0.0                           
                              plim                          (-1500, 1500)                 
                              prior                         {'type': 'gaussian'}          
BR_H_BETA_AMP                                                                             
                              init                          0.49215155115510656           
                              plim                          (0, 50)                       
BR_H_BETA_DISP                                                                            
                              init                          3300.0                        
                              plim                          (600, 6000)                   
BR_H_BETA_VOFF                                                                            
                              init                          0.0                           
                              plim                          (-1500, 1500)                 
                              prior                         {'type': 'gaussian'}          
BR_OIII_b_AMP                                                                             
                              init                          0.9504116193715413            
                              plim                          (0, 50)                       
BR_OIII_b_DISP                                                                            
                              init                          3300.0                        
                              plim                          (600, 6000)                   
BR_OIII_b_VOFF                                                                            
                              init                          0.0                           
                              plim                          (-1500, 1500)                 
                              prior                         {'type': 'gaussian'}          
BR_OII_AMP                                                                                
                              init                          0.46610526910192557           
                              plim                          (0, 50)                       
BR_OII_DISP                                                                               
                              init                          3300.0                        
                              plim                          (600, 6000)                   
BR_OII_VOFF                                                                               
                              init                          0.0                           
                              plim                          (-1500, 1500)                 
                              prior                         {'type': 'gaussian'}          
BR_OPT_FEII_AMP                                                                           
                              init                          0.02876464879833418           
                              plim                          (0, 1.5000000695484363)       
BR_OPT_FEII_DISP                                                                          
                              init                          500.0                         
                              plim                          (500.0, 5000.0)               
BR_OPT_FEII_VOFF                                                                          
                              init                          0.0                           
                              plim                          (-500.0, 500.0)               
NA_H_ALPHA_AMP                                                                            
                              init                          0.9873649785884989            
                              plim                          (0, 50)                       
NA_H_ALPHA_DISP                                                                           
                              init                          1300.0                        
                              plim                          (100, 2500)                   
NA_H_ALPHA_VOFF                                                                           
                              init                          0.0                           
                              plim                          (-1000, 1000)                 
                              prior                         {'type': 'gaussian'}          
NA_H_BETA_AMP                                                                             
                              init                          0.49215155115510656           
                              plim                          (0, 50)                       
NA_H_BETA_DISP                                                                            
                              init                          1300.0                        
                              plim                          (100, 2500)                   
NA_H_BETA_VOFF                                                                            
                              init                          0.0                           
                              plim                          (-1000, 1000)                 
                              prior                         {'type': 'gaussian'}          
NA_OIII_b_AMP                                                                             
                              init                          0.9504116193715413            
                              plim                          (0, 50)                       
NA_OIII_b_DISP                                                                            
                              init                          1300.0                        
                              plim                          (100, 2500)                   
NA_OIII_b_VOFF                                                                            
                              init                          0.0                           
                              plim                          (-1000, 1000)                 
                              prior                         {'type': 'gaussian'}          
NA_OII_AMP                                                                                
                              init                          0.46610526910192557           
                              plim                          (0, 50)                       
NA_OII_DISP                                                                               
                              init                          1300.0                        
                              plim                          (100, 2500)                   
NA_OII_VOFF                                                                               
                              init                          0.0                           
                              plim                          (-1000, 1000)                 
                              prior                         {'type': 'gaussian'}          
NA_OPT_FEII_AMP                                                                           
                              init                          0.02876464879833418           
                              plim                          (0, 1.5000000695484363)       
NA_OPT_FEII_DISP                                                                          
                              init                          10.0                          
                              plim                          (0.1, 500.0)                  
NA_OPT_FEII_VOFF                                                                          
                              init                          0.0                           
                              plim                          (-500.0, 500.0)               
POWER_AMP                                                                                 
                              init                          0.1438232439916709            
                              plim                          (0, 1.5000000695484363)       
POWER_SLOPE                                                                               
                              init                          -1.0                          
                              plim                          (-6.0, 6.0)                   

----------------------------------------------------------------------------------------------------------------------------------------

 Total number of free parameters: 39

----------------------------------------------------------------------------------------------------------------------------------------

 Soft Constraints:


----------------------------------------------------------------------------------------------------------------------------------------

----------------------------------------------------------------------------------------------------------------------------------------

 Required Maximum Likelihood RMSE threshold: 0.4310 


 Performing max. likelihood fitting.

 Using Basin-hopping algorithm to estimate parameters. niter_success = 5
basinhopping step 0: f 3.34157
 Fit Status: False
 Force threshold: 0.4310
 Lowest RMSE: 0.0957
 Current RMSE: 0.0957
 Accepted count: 1
 Basinhop count: 0


adaptive stepsize: acceptance rate 0.000000 target 0.500000 new stepsize 0.9 old stepsize 1
basinhopping step 1: f 1.4936 trial_f 1.4936 accepted 1  lowest_f 1.4936
found new global minimum on step 1 with function value 1.4936
 Fit Status: False
 Force threshold: 0.4310
 Lowest RMSE: 0.0640
 Current RMSE: 0.0640
 Accepted count: 2
 Basinhop count: 0


adaptive stepsize: acceptance rate 0.500000 target 0.500000 new stepsize 0.81 old stepsize 0.9
basinhopping step 2: f 1.4936 trial_f 4.91146 accepted 0  lowest_f 1.4936
 Fit Status: False
 Force threshold: 0.4310
 Lowest RMSE: 0.0640
 Current RMSE: 0.1160
 Accepted count: 2
 Basinhop count: 1


adaptive stepsize: acceptance rate 0.333333 target 0.500000 new stepsize 0.729 old stepsize 0.81
basinhopping step 3: f 1.51296 trial_f 1.51296 accepted 1  lowest_f 1.4936
 Fit Status: False
 Force threshold: 0.4310
 Lowest RMSE: 0.0640
 Current RMSE: 0.0644
 Accepted count: 3
 Basinhop count: 2


adaptive stepsize: acceptance rate 0.500000 target 0.500000 new stepsize 0.6561 old stepsize 0.729
basinhopping step 4: f 1.89848 trial_f 1.89848 accepted 1  lowest_f 1.4936
 Fit Status: False
 Force threshold: 0.4310
 Lowest RMSE: 0.0640
 Current RMSE: 0.0721
 Accepted count: 4
 Basinhop count: 3


adaptive stepsize: acceptance rate 0.600000 target 0.500000 new stepsize 0.729 old stepsize 0.6561
warning: basinhopping: local minimization failure
basinhopping step 5: f 1.64003 trial_f 1.64003 accepted 1  lowest_f 1.4936
 Fit Status: False
 Force threshold: 0.4310
 Lowest RMSE: 0.0640
 Current RMSE: 0.0671
 Accepted count: 5
 Basinhop count: 4


adaptive stepsize: acceptance rate 0.666667 target 0.500000 new stepsize 0.81 old stepsize 0.729
basinhopping step 6: f 2.83455 trial_f 2.83455 accepted 1  lowest_f 1.4936
 Fit Status: True
 Force threshold: 0.4310
 Lowest RMSE: 0.0640
 Current RMSE: 0.0882
 Accepted count: 6
 Basinhop count: 5



 Performing Monte Carlo bootstrapping...
	   Completed 1 of 100 iterations.
	   Completed 2 of 100 iterations.
	   Completed 3 of 100 iterations.
	   Completed 4 of 100 iterations.
	   Completed 5 of 100 iterations.
	   Completed 6 of 100 iterations.
	   Completed 7 of 100 iterations.
	   Completed 8 of 100 iterations.
	   Completed 9 of 100 iterations.
	   Completed 10 of 100 iterations.
	   Completed 11 of 100 iterations.
	   Completed 12 of 100 iterations.
	   Completed 13 of 100 iterations.
	   Completed 14 of 100 iterations.
	   Completed 15 of 100 iterations.
	   Completed 16 of 100 iterations.
	   Completed 17 of 100 iterations.
	   Completed 18 of 100 iterations.
	   Completed 19 of 100 iterations.
	   Completed 20 of 100 iterations.
	   Completed 21 of 100 iterations.
	   Completed 22 of 100 iterations.
	   Completed 23 of 100 iterations.
	   Completed 24 of 100 iterations.
	   Completed 25 of 100 iterations.
	   Completed 26 of 100 iterations.
	   Completed 27 of 100 iterations.
	   Completed 28 of 100 iterations.
	   Completed 29 of 100 iterations.
	   Completed 30 of 100 iterations.
	   Completed 31 of 100 iterations.
	   Completed 32 of 100 iterations.
	   Completed 33 of 100 iterations.
	   Completed 34 of 100 iterations.
	   Completed 35 of 100 iterations.
	   Completed 36 of 100 iterations.
	   Completed 37 of 100 iterations.
	   Completed 38 of 100 iterations.
	   Completed 39 of 100 iterations.
	   Completed 40 of 100 iterations.
	   Completed 41 of 100 iterations.
	   Completed 42 of 100 iterations.
	   Completed 43 of 100 iterations.
	   Completed 44 of 100 iterations.
	   Completed 45 of 100 iterations.
	   Completed 46 of 100 iterations.
	   Completed 47 of 100 iterations.
	   Completed 48 of 100 iterations.
	   Completed 49 of 100 iterations.
	   Completed 50 of 100 iterations.
	   Completed 51 of 100 iterations.
	   Completed 52 of 100 iterations.
	   Completed 53 of 100 iterations.
	   Completed 54 of 100 iterations.
	   Completed 55 of 100 iterations.
	   Completed 56 of 100 iterations.
	   Completed 57 of 100 iterations.
	   Completed 58 of 100 iterations.
	   Completed 59 of 100 iterations.
	   Completed 60 of 100 iterations.
	   Completed 61 of 100 iterations.
	   Completed 62 of 100 iterations.
	   Completed 63 of 100 iterations.
	   Completed 64 of 100 iterations.
	   Completed 65 of 100 iterations.
	   Completed 66 of 100 iterations.
	   Completed 67 of 100 iterations.
	   Completed 68 of 100 iterations.
	   Completed 69 of 100 iterations.
	   Completed 70 of 100 iterations.
	   Completed 71 of 100 iterations.
	   Completed 72 of 100 iterations.
	   Completed 73 of 100 iterations.
	   Completed 74 of 100 iterations.
	   Completed 75 of 100 iterations.
	   Completed 76 of 100 iterations.
	   Completed 77 of 100 iterations.
	   Completed 78 of 100 iterations.
	   Completed 79 of 100 iterations.
	   Completed 80 of 100 iterations.
	   Completed 81 of 100 iterations.
	   Completed 82 of 100 iterations.
	   Completed 83 of 100 iterations.
	   Completed 84 of 100 iterations.
	   Completed 85 of 100 iterations.
	   Completed 86 of 100 iterations.
	   Completed 87 of 100 iterations.
	   Completed 88 of 100 iterations.
	   Completed 89 of 100 iterations.
	   Completed 90 of 100 iterations.
	   Completed 91 of 100 iterations.
	   Completed 92 of 100 iterations.
	   Completed 93 of 100 iterations.
	   Completed 94 of 100 iterations.
	   Completed 95 of 100 iterations.
	   Completed 96 of 100 iterations.
	   Completed 97 of 100 iterations.
	   Completed 98 of 100 iterations.
	   Completed 99 of 100 iterations.
	   Completed 100 of 100 iterations.

 Maximum Likelihood Best-fit Parameters:
--------------------------------------------------------------------------------------

Parameter                     Best-fit Value                +/- 1-sigma                   Flag                          
--------------------------------------------------------------------------------------
AGN_FRAC_4000                 1.000000                      0.000000                      1.0                           
AGN_FRAC_7000                 1.000000                      0.000000                      1.0                           
APOLY_COEFF_1                 -0.011594                     0.001263                      0.0                           
APOLY_COEFF_2                 0.017201                      0.000716                      0.0                           
APOLY_COEFF_3                 0.003175                      0.000473                      0.0                           
APOLY_COEFF_4                 -0.012514                     0.000539                      0.0                           
APOLY_COEFF_5                 0.005463                      0.000593                      0.0                           
APOLY_COEFF_6                 -0.011481                     0.000732                      0.0                           
APOLY_COEFF_7                 -0.007321                     0.000753                      0.0                           
BR_H_ALPHA_AMP                27.309835                     0.330681                      0.0                           
BR_H_ALPHA_DISP               3325.503696                   0.098562                      0.0                           
BR_H_ALPHA_DISP_CORR          3324.294562                   0.098562                      0.0                           
BR_H_ALPHA_DISP_RES           89.668795                     nan                           nan                           
BR_H_ALPHA_EW                 373.479658                    4.873472                      0.0                           
BR_H_ALPHA_FLUX               -13.189091                    0.005263                      0.0                           
BR_H_ALPHA_FWHM               7831.234147                   0.232979                      0.0                           
BR_H_ALPHA_FWHM_CORR          7828.387003                   0.232979                      0.0                           
BR_H_ALPHA_LUM                43.263327                     0.005263                      0.0                           
BR_H_ALPHA_NPIX               255.000000                    0.240494                      0.0                           
BR_H_ALPHA_SNR                22.775164                     0.275773                      0.0                           
BR_H_ALPHA_VOFF               41.809918                     0.028001                      0.0                           
BR_H_ALPHA_W80                8724.126441                   0.256792                      0.0                           
BR_H_ALPHA_W80_CORR           8721.089348                   0.256792                      0.0                           
BR_H_BETA_AMP                 0.000000                      0.000000                      2.0                           
BR_H_BETA_DISP                3299.795027                   0.000000                      1.0                           
BR_H_BETA_DISP_CORR           3297.573891                   0.000000                      1.0                           
BR_H_BETA_DISP_RES            121.052267                    nan                           nan                           
BR_H_BETA_EW                  0.000000                      0.000000                      1.0                           
BR_H_BETA_FLUX                0.000000                      0.000000                      0.0                           
BR_H_BETA_FWHM                0.000000                      0.000000                      0.0                           
BR_H_BETA_FWHM_CORR           0.000000                      0.000000                      0.0                           
BR_H_BETA_LUM                 0.000000                      0.000000                      1.0                           
BR_H_BETA_NPIX                0.000000                      0.000000                      0.0                           
BR_H_BETA_SNR                 0.000000                      0.000000                      0.0                           
BR_H_BETA_VOFF                0.398451                      0.000000                      0.0                           
BR_H_BETA_W80                 0.000000                      0.000000                      0.0                           
BR_H_BETA_W80_CORR            0.000000                      0.000000                      0.0                           
BR_OIII_a_AMP                 0.829852                      0.114370                      0.0                           
BR_OIII_a_DISP                3299.572686                   0.011461                      0.0                           
BR_OIII_a_DISP_CORR           3297.437986                   0.011461                      0.0                           
BR_OIII_a_DISP_RES            118.670315                    nan                           nan                           
BR_OIII_a_EW                  5.961947                      0.280102                      0.0                           
BR_OIII_a_FLUX                -14.831581                    0.020124                      0.0                           
BR_OIII_a_FWHM                7769.997093                   0.027053                      0.0                           
BR_OIII_a_FWHM_CORR           7764.970406                   0.027053                      0.0                           
BR_OIII_a_LUM                 41.620836                     0.020124                      0.0                           
BR_OIII_a_NPIX                0.000000                      0.000000                      0.0                           
BR_OIII_a_SNR                 0.692083                      0.032008                      0.0                           
BR_OIII_a_VOFF                -0.650740                     0.040419                      0.0                           
BR_OIII_a_W80                 8654.494451                   0.037265                      0.0                           
BR_OIII_a_W80_CORR            8649.131562                   0.037265                      0.0                           
BR_OIII_b_AMP                 2.472959                      0.114370                      0.0                           
BR_OIII_b_DISP                3299.572686                   0.011461                      0.0                           
BR_OIII_b_DISP_CORR           3297.478675                   0.011461                      0.0                           
BR_OIII_b_DISP_RES            117.534257                    nan                           nan                           
BR_OIII_b_EW                  18.155549                     0.852854                      0.0                           
BR_OIII_b_FLUX                -14.353180                    0.020124                      0.0                           
BR_OIII_b_FWHM                7770.023884                   0.026860                      0.0                           
BR_OIII_b_FWHM_CORR           7765.093026                   0.026860                      0.0                           
BR_OIII_b_LUM                 42.099237                     0.020124                      0.0                           
BR_OIII_b_NPIX                110.000000                    6.701968                      0.0                           
BR_OIII_b_SNR                 2.062390                      0.095382                      0.0                           
BR_OIII_b_VOFF                -0.650740                     0.040419                      0.0                           
BR_OIII_b_W80                 8654.604862                   0.032441                      0.0                           
BR_OIII_b_W80_CORR            8649.344260                   0.032441                      0.0                           
BR_OII_AMP                    0.000000                      0.000000                      2.0                           
BR_OII_DISP                   3299.615461                   0.000000                      0.0                           
BR_OII_DISP_CORR              3295.833517                   0.000000                      0.0                           
BR_OII_DISP_RES               157.935486                    nan                           nan                           
BR_OII_EW                     0.000000                      0.000000                      1.0                           
BR_OII_FLUX                   0.000000                      0.000000                      0.0                           
BR_OII_FWHM                   0.000000                      0.000000                      0.0                           
BR_OII_FWHM_CORR              0.000000                      0.000000                      0.0                           
BR_OII_LUM                    0.000000                      0.000000                      1.0                           
BR_OII_NPIX                   0.000000                      0.000000                      0.0                           
BR_OII_SNR                    0.000000                      0.000000                      0.0                           
BR_OII_VOFF                   -0.246164                     0.000000                      0.0                           
BR_OII_W80                    0.000000                      0.000000                      0.0                           
BR_OII_W80_CORR               0.000000                      0.000000                      0.0                           
BR_OPT_FEII_AMP               59.357470                     2.210021                      0.0                           
BR_OPT_FEII_DISP              708.040117                    0.203105                      0.0                           
BR_OPT_FEII_TEMPLATE_EW       108.924842                    4.144591                      0.0                           
BR_OPT_FEII_TEMPLATE_FLUX     -13.581549                    0.016211                      0.0                           
BR_OPT_FEII_TEMPLATE_LUM      42.870868                     0.016211                      0.0                           
BR_OPT_FEII_VOFF              -173.415761                   0.001732                      0.0                           
HOST_FRAC_4000                -0.012853                     0.001555                      1.0                           
HOST_FRAC_7000                0.009677                      0.004746                      0.0                           
H_ALPHA_COMP_DISP             2734.349647                   11.706395                     0.0                           
H_ALPHA_COMP_DISP_CORR        2732.878977                   11.706395                     0.0                           
H_ALPHA_COMP_DISP_RES         89.668795                     nan                           nan                           
H_ALPHA_COMP_EW               582.320446                    4.597914                      0.0                           
H_ALPHA_COMP_FLUX             -12.996197                    0.002997                      0.0                           
H_ALPHA_COMP_FWHM             3258.118849                   23.458831                     0.0                           
H_ALPHA_COMP_FWHM_CORR        3251.269480                   23.458831                     0.0                           
H_ALPHA_COMP_LUM              43.456220                     0.002997                      0.0                           
H_ALPHA_COMP_NPIX             255.000000                    0.240494                      0.0                           
H_ALPHA_COMP_SNR              47.169246                     0.492393                      0.0                           
H_ALPHA_COMP_VOFF             -13.871734                    0.995265                      0.0                           
H_ALPHA_COMP_W80              6961.260096                   41.831525                     0.0                           
H_ALPHA_COMP_W80_CORR         6957.453513                   41.831525                     0.0                           
H_BETA_COMP_DISP              1837.938104                   0.191644                      0.0                           
H_BETA_COMP_DISP_CORR         1833.947334                   0.191644                      0.0                           
H_BETA_COMP_DISP_RES          121.052267                    nan                           nan                           
H_BETA_COMP_EW                78.401596                     0.865118                      0.0                           
H_BETA_COMP_FLUX              -13.701805                    0.004508                      0.0                           
H_BETA_COMP_FWHM              4328.274729                   0.451800                      0.0                           
H_BETA_COMP_FWHM_CORR         4318.877911                   0.451800                      0.0                           
H_BETA_COMP_LUM               42.750612                     0.004508                      0.0                           
H_BETA_COMP_NPIX              127.000000                    0.611782                      0.0                           
H_BETA_COMP_SNR               13.661615                     0.152150                      0.0                           
H_BETA_COMP_VOFF              -42.002047                    0.057710                      0.0                           
H_BETA_COMP_W80               4819.888274                   0.503116                      0.0                           
H_BETA_COMP_W80_CORR          4809.861006                   0.503116                      0.0                           
LOG_LIKE                      1.493598                      0.079059                      0.0                           
L_CONT_AGN_3000               44.627432                     0.000769                      0.0                           
L_CONT_AGN_5100               44.537920                     0.000906                      0.0                           
L_CONT_HOST_3000              43.110759                     0.023089                      0.0                           
L_CONT_HOST_5100              0.000000                      0.000000                      1.0                           
L_CONT_TOT_3000               44.627432                     0.000769                      0.0                           
L_CONT_TOT_5100               44.537920                     0.000906                      0.0                           
NA_H_ALPHA_AMP                49.382981                     0.944291                      0.0                           
NA_H_ALPHA_DISP               1028.945810                   0.392037                      0.0                           
NA_H_ALPHA_DISP_CORR          1025.031212                   0.392037                      0.0                           
NA_H_ALPHA_DISP_RES           89.668795                     nan                           nan                           
NA_H_ALPHA_EW                 208.840788                    3.992920                      0.0                           
NA_H_ALPHA_FLUX               -13.441546                    0.008334                      0.0                           
NA_H_ALPHA_FWHM               2423.660406                   0.918770                      0.0                           
NA_H_ALPHA_FWHM_CORR          2414.444980                   0.918770                      0.0                           
NA_H_ALPHA_LUM                43.010871                     0.008334                      0.0                           
NA_H_ALPHA_NPIX               76.000000                     0.000000                      0.0                           
NA_H_ALPHA_SNR                41.173061                     0.787309                      0.0                           
NA_H_ALPHA_VOFF               -113.393559                   0.108913                      0.0                           
NA_H_ALPHA_W80                2697.636270                   1.023808                      0.0                           
NA_H_ALPHA_W80_CORR           2687.798115                   1.023808                      0.0                           
NA_H_BETA_AMP                 20.492660                     0.212580                      0.0                           
NA_H_BETA_DISP                1837.956354                   0.191691                      0.0                           
NA_H_BETA_DISP_CORR           1833.965623                   0.191691                      0.0                           
NA_H_BETA_DISP_RES            121.052267                    nan                           nan                           
NA_H_BETA_EW                  78.401596                     0.865118                      0.0                           
NA_H_BETA_FLUX                -13.701805                    0.004508                      0.0                           
NA_H_BETA_FWHM                4328.274729                   0.451800                      0.0                           
NA_H_BETA_FWHM_CORR           4318.877911                   0.451800                      0.0                           
NA_H_BETA_LUM                 42.750612                     0.004508                      0.0                           
NA_H_BETA_NPIX                127.000000                    0.611782                      0.0                           
NA_H_BETA_SNR                 17.090338                     0.177286                      0.0                           
NA_H_BETA_VOFF                -42.001872                    0.057711                      0.0                           
NA_H_BETA_W80                 4819.888274                   0.503116                      0.0                           
NA_H_BETA_W80_CORR            4809.861006                   0.503116                      0.0                           
NA_OIII_a_AMP                 22.780629                     1.371169                      0.0                           
NA_OIII_a_DISP                207.345525                    0.229468                      0.0                           
NA_OIII_a_DISP_CORR           170.028007                    0.229468                      0.0                           
NA_OIII_a_DISP_RES            118.670315                    nan                           nan                           
NA_OIII_a_EW                  10.282821                     0.208897                      0.0                           
NA_OIII_a_FLUX                -14.594766                    0.008828                      0.0                           
NA_OIII_a_FWHM                491.488661                    0.407285                      0.0                           
NA_OIII_a_FWHM_CORR           404.316307                    0.407285                      0.0                           
NA_OIII_a_LUM                 41.857652                     0.008828                      0.0                           
NA_OIII_a_NPIX                14.000000                     0.099010                      0.0                           
NA_OIII_a_SNR                 18.883270                     0.382097                      0.0                           
NA_OIII_a_VOFF                20.059670                     1.351628                      0.0                           
NA_OIII_a_W80                 543.053601                    1.008322                      0.0                           
NA_OIII_a_W80_CORR            449.566223                    1.008322                      0.0                           
NA_OIII_b_AMP                 67.886276                     1.371169                      0.0                           
NA_OIII_b_DISP                207.345525                    0.229468                      0.0                           
NA_OIII_b_DISP_CORR           170.815296                    0.229468                      0.0                           
NA_OIII_b_DISP_RES            117.534257                    nan                           nan                           
NA_OIII_b_EW                  31.312607                     0.636011                      0.0                           
NA_OIII_b_FLUX                -14.116372                    0.008828                      0.0                           
NA_OIII_b_FWHM                490.177545                    0.524024                      0.0                           
NA_OIII_b_FWHM_CORR           404.564675                    0.524024                      0.0                           
NA_OIII_b_LUM                 42.336046                     0.008828                      0.0                           
NA_OIII_b_NPIX                17.000000                     0.000000                      0.0                           
NA_OIII_b_SNR                 56.580794                     1.142874                      0.0                           
NA_OIII_b_VOFF                20.059670                     1.351628                      0.0                           
NA_OIII_b_W80                 547.506948                    0.717265                      0.0                           
NA_OIII_b_W80_CORR            456.874895                    0.717265                      0.0                           
NA_OII_AMP                    3.605258                      0.266065                      0.0                           
NA_OII_DISP                   1267.012399                   0.065499                      0.0                           
NA_OII_DISP_CORR              1257.130384                   0.065499                      0.0                           
NA_OII_DISP_RES               157.935486                    nan                           nan                           
NA_OII_EW                     4.931977                      0.364720                      0.0                           
NA_OII_FLUX                   -14.733457                    0.031318                      0.0                           
NA_OII_FWHM                   2983.901820                   0.154023                      0.0                           
NA_OII_FWHM_CORR              2960.634331                   0.154023                      0.0                           
NA_OII_LUM                    41.718960                     0.031318                      0.0                           
NA_OII_NPIX                   49.000000                     2.041766                      0.0                           
NA_OII_SNR                    3.006662                      0.221889                      0.0                           
NA_OII_VOFF                   11.219353                     0.019952                      0.0                           
NA_OII_W80                    3322.549735                   0.171564                      0.0                           
NA_OII_W80_CORR               3297.722100                   0.171564                      0.0                           
NA_OPT_FEII_AMP               4.102524                      0.809799                      0.0                           
NA_OPT_FEII_DISP              9.311189                      0.007415                      0.0                           
NA_OPT_FEII_TEMPLATE_EW       9.731779                      1.925013                      0.0                           
NA_OPT_FEII_TEMPLATE_FLUX     -14.588966                    0.092900                      0.0                           
NA_OPT_FEII_TEMPLATE_LUM      41.863451                     0.092900                      0.0                           
NA_OPT_FEII_VOFF              0.156450                      0.020938                      0.0                           
OIII_a_COMP_DISP              2005.185846                   36.262590                     0.0                           
OIII_a_COMP_DISP_CORR         2001.671210                   36.262590                     0.0                           
OIII_a_COMP_DISP_RES          118.670315                    nan                           nan                           
OIII_a_COMP_EW                16.244768                     0.280252                      0.0                           
OIII_a_COMP_FLUX              -14.396198                    0.007163                      0.0                           
OIII_a_COMP_FWHM              504.433447                    0.829407                      0.0                           
OIII_a_COMP_FWHM_CORR         419.956753                    0.829407                      0.0                           
OIII_a_COMP_LUM               42.056219                     0.007163                      0.0                           
OIII_a_COMP_NPIX              17.000000                     0.240494                      0.0                           
OIII_a_COMP_SNR               15.268228                     0.287445                      0.0                           
OIII_a_COMP_VOFF              12.459530                     0.906702                      0.0                           
OIII_a_COMP_W80               4273.613645                   193.449555                    0.0                           
OIII_a_COMP_W80_CORR          4262.742798                   193.449555                    0.0                           
OIII_b_COMP_DISP              2005.470557                   36.256423                     0.0                           
OIII_b_COMP_DISP_CORR         2002.023439                   36.256423                     0.0                           
OIII_b_COMP_DISP_RES          117.534257                    nan                           nan                           
OIII_b_COMP_EW                49.468157                     0.853003                      0.0                           
OIII_b_COMP_FLUX              -13.917801                    0.007163                      0.0                           
OIII_b_COMP_FWHM              502.994030                    0.886460                      0.0                           
OIII_b_COMP_FWHM_CORR         420.001839                    0.886460                      0.0                           
OIII_b_COMP_LUM               42.534616                     0.007163                      0.0                           
OIII_b_COMP_NPIX              116.000000                    5.970420                      0.0                           
OIII_b_COMP_SNR               55.384805                     1.084041                      0.0                           
OIII_b_COMP_VOFF              12.460413                     0.906673                      0.0                           
OIII_b_COMP_W80               4273.709923                   193.458842                    0.0                           
OIII_b_COMP_W80_CORR          4263.046717                   193.458842                    0.0                           
OII_COMP_DISP                 1266.946854                   0.064994                      0.0                           
OII_COMP_DISP_CORR            1257.064323                   0.064994                      0.0                           
OII_COMP_DISP_RES             157.935486                    nan                           nan                           
OII_COMP_EW                   4.931977                      0.364720                      0.0                           
OII_COMP_FLUX                 -14.733457                    0.031318                      0.0                           
OII_COMP_FWHM                 2983.901820                   0.154023                      0.0                           
OII_COMP_FWHM_CORR            2960.634331                   0.154023                      0.0                           
OII_COMP_LUM                  41.718960                     0.031318                      0.0                           
OII_COMP_NPIX                 49.000000                     2.041766                      0.0                           
OII_COMP_SNR                  2.358737                      0.178327                      0.0                           
OII_COMP_VOFF                 11.216634                     0.020155                      0.0                           
OII_COMP_W80                  3322.549735                   0.171564                      0.0                           
OII_COMP_W80_CORR             3297.722100                   0.171564                      0.0                           
POWER_AMP                     22.793311                     0.053124                      0.0                           
POWER_SLOPE                   -1.259707                     0.009840                      0.0                           
RCHI_SQUARED                  5.414911                      0.045041                      0.0                           
R_SQUARED                     0.996781                      0.000006                      0.0                           
NOISE_STD                     1.151876                                                                                  
RESID_STD                     1.882651                                                                                  
--------------------------------------------------------------------------------------
 - Done fitting 2-onur! 

End process memory: 0.26122240                    
