7.0.1
1.3.2
2.1.6
3.1.6
['/home/onur/Documents/AGNEmissionLines_ThirdPartyLibraries/pyqsofit/PyQSOFit/src/pyqsofit']
FWHM Resolution: 2.5 Å
[ 3566.97426784  3567.79484559  3568.6175712  ... 10394.41199851
 10396.80892696 10399.20640813] Angstrom [58.55295181 58.5471344  58.54131699 ... -6.29245901 -6.29252863
 -6.29259872] erg / (Angstrom s cm2) [ 1.17105904  1.17094269  1.17082634 ... -0.12584918 -0.12585057
 -0.12585197] erg / (Angstrom s cm2) 0.31352314352989197
Name            Value      Min      Max   Stderr     Vary     Expr Brute_Step
Balmer_Tau        0.5      0.1        2     None    False     None     None
Balmer_Te     1.5e+04    1e+04    5e+04     None    False     None     None
Blamer_norm         0        0    1e+10     None    False     None     None
Fe_op_FWHM       3000     1200  1.8e+04     None     True     None     None
Fe_op_norm          0        0    1e+10     None     True     None     None
Fe_op_shift         0    -0.01     0.01     None     True     None     None
Fe_uv_FWHM       3000     1200  1.8e+04     None     True     None     None
Fe_uv_norm          0        0    1e+10     None     True     None     None
Fe_uv_shift         0    -0.01     0.01     None     True     None     None
PL_norm             1        0    1e+10     None     True     None     None
PL_slope         -1.5       -5        3     None     True     None     None
conti_a_0           0     -inf      inf     None     True     None     None
conti_a_1           0     -inf      inf     None     True     None     None
conti_a_2           0     -inf      inf     None     True     None     None
Fitting continuum
Fit report
[[Variables]]
    Fe_uv_norm:   2.98996161 (init = 0)
    Fe_uv_FWHM:   13249.0617 (init = 3000)
    Fe_uv_shift:  0.01000000 (init = 0)
    Fe_op_norm:   4.59829896 (init = 0)
    Fe_op_FWHM:   2647.20149 (init = 3000)
    Fe_op_shift:  3.1977e-04 (init = 0)
    PL_norm:      49.9102981 (init = 1)
    PL_slope:    -3.22360483 (init = -1.5)
    Blamer_norm:  0 (fixed)
    Balmer_Te:    15000 (fixed)
    Balmer_Tau:   0.5 (fixed)
    conti_a_0:    11158.5622 (init = 0)
    conti_a_1:   -2.86655995 (init = 0)
    conti_a_2:    2.3751e-04 (init = 0)
Name                    Value      Min      Max   Stderr     Vary     Expr Brute_Step
Hb_br_1_dwave               0    -0.01     0.01     None     True     None     None
Hb_br_1_scale               0        0    1e+10     None     True     None     None
Hb_br_1_sigma           0.005    0.004     0.05     None     True     None     None
Hb_br_2_dwave               0    -0.01     0.01     None     True     None     None
Hb_br_2_scale               0        0    1e+10     None     True     None     None
Hb_br_2_sigma           0.005    0.004     0.05     None     True     None     None
Hb_na_1_dwave               0    -0.01     0.01     None     True     None     None
Hb_na_1_scale               0        0    1e+10     None     True     None     None
Hb_na_1_sigma           0.001  0.00023  0.00169     None     True     None     None
HeII4687_br_1_dwave         0   -0.005    0.005     None     True     None     None
HeII4687_br_1_scale         0        0    1e+10     None     True     None     None
HeII4687_br_1_sigma     0.005    0.004     0.05     None     True     None     None
HeII4687_na_1_dwave         0   -0.005    0.005     None    False Hb_na_1_dwave     None
HeII4687_na_1_scale         0        0    1e+10     None     True     None     None
HeII4687_na_1_sigma     0.001  0.00023  0.00169     None    False Hb_na_1_sigma     None
OIII4959c_1_dwave           0    -0.01     0.01     None    False Hb_na_1_dwave     None
OIII4959c_1_scale           0        0    1e+10     None     True     None     None
OIII4959c_1_sigma       0.001  0.00023  0.00169     None    False Hb_na_1_sigma     None
OIII4959w_1_dwave           0    -0.01     0.01     None     True     None     None
OIII4959w_1_scale           0        0    1e+10     None     True     None     None
OIII4959w_1_sigma       0.003  0.00023    0.004     None     True     None     None
OIII5007c_1_dwave           0    -0.01     0.01     None    False Hb_na_1_dwave     None
OIII5007c_1_scale           0        0    1e+10     None    False 3.0303030014038086 * OIII4959c_1_scale     None
OIII5007c_1_sigma       0.001  0.00023  0.00169     None    False Hb_na_1_sigma     None
OIII5007w_1_dwave           0    -0.01     0.01     None    False OIII4959w_1_dwave     None
OIII5007w_1_scale           0        0    1e+10     None    False 3.0303030014038086 * OIII4959w_1_scale     None
OIII5007w_1_sigma       0.003  0.00023    0.004     None    False OIII4959w_1_sigma     None
Fitting complex Hb
Fit report
[[Variables]]
    Hb_br_1_scale:        23.7434911 (init = 0)
    Hb_br_1_dwave:        0.00539694 (init = 0)
    Hb_br_1_sigma:        0.00400000 (init = 0.005)
    Hb_br_2_scale:        3.43100159 (init = 0)
    Hb_br_2_dwave:       -0.00204959 (init = 0)
    Hb_br_2_sigma:        0.00703660 (init = 0.005)
    Hb_na_1_scale:        0.15421386 (init = 0)
    Hb_na_1_dwave:       -0.00106561 (init = 0)
    Hb_na_1_sigma:        0.00132395 (init = 0.001)
    OIII4959c_1_scale:    4.22121282 (init = 0)
    OIII4959c_1_dwave:   -0.00106561 == 'Hb_na_1_dwave'
    OIII4959c_1_sigma:    0.00132395 == 'Hb_na_1_sigma'
    OIII5007c_1_scale:    12.7915539 == '3.0303030014038086 * OIII4959c_1_scale'
    OIII5007c_1_dwave:   -0.00106561 == 'Hb_na_1_dwave'
    OIII5007c_1_sigma:    0.00132395 == 'Hb_na_1_sigma'
    OIII4959w_1_scale:    1.90581773 (init = 0)
    OIII4959w_1_dwave:   -0.01000000 (init = 0)
    OIII4959w_1_sigma:    7.6371e-04 (init = 0.003)
    OIII5007w_1_scale:    5.77520517 == '3.0303030014038086 * OIII4959w_1_scale'
    OIII5007w_1_dwave:   -0.01000000 == 'OIII4959w_1_dwave'
    OIII5007w_1_sigma:    7.6371e-04 == 'OIII4959w_1_sigma'
    HeII4687_br_1_scale:  0.95862207 (init = 0)
    HeII4687_br_1_dwave:  0.00500000 (init = 0)
    HeII4687_br_1_sigma:  0.00786726 (init = 0.005)
    HeII4687_na_1_scale:  1.01281317 (init = 0)
    HeII4687_na_1_dwave: -0.00106561 == 'Hb_na_1_dwave'
    HeII4687_na_1_sigma:  0.00132395 == 'Hb_na_1_sigma'
Name                Value      Min      Max   Stderr     Vary     Expr Brute_Step
Ha_br_1_dwave           0   -0.015    0.015     None     True     None     None
Ha_br_1_scale           0        0    1e+10     None     True     None     None
Ha_br_1_sigma       0.005    0.004     0.05     None     True     None     None
Ha_br_2_dwave           0   -0.015    0.015     None     True     None     None
Ha_br_2_scale           0        0    1e+10     None     True     None     None
Ha_br_2_sigma       0.005    0.004     0.05     None     True     None     None
Ha_na_1_dwave           0    -0.01     0.01     None     True     None     None
Ha_na_1_scale           0        0    1e+10     None     True     None     None
Ha_na_1_sigma       0.001   0.0005  0.00169     None     True     None     None
NII6549_1_dwave         0   -0.005    0.005     None    False Ha_na_1_dwave     None
NII6549_1_scale         0        0    1e+10     None     True     None     None
NII6549_1_sigma     0.001  0.00023  0.00169     None    False Ha_na_1_sigma     None
NII6585_1_dwave         0   -0.005    0.005     None    False Ha_na_1_dwave     None
NII6585_1_scale         0        0    1e+10     None    False 3.0 * NII6549_1_scale     None
NII6585_1_sigma     0.001  0.00023  0.00169     None    False Ha_na_1_sigma     None
SII6718_1_dwave         0   -0.005    0.005     None    False Ha_na_1_dwave     None
SII6718_1_scale         0        0    1e+10     None     True     None     None
SII6718_1_sigma     0.001  0.00023  0.00169     None    False Ha_na_1_sigma     None
SII6732_1_dwave         0   -0.005    0.005     None    False Ha_na_1_dwave     None
SII6732_1_scale         0        0    1e+10     None    False 1.0 * SII6718_1_scale     None
SII6732_1_sigma     0.001  0.00023  0.00169     None    False Ha_na_1_sigma     None
Fitting complex Ha
Fit report
[[Variables]]
    Ha_br_1_scale:    56.6924030 (init = 0)
    Ha_br_1_dwave:    0.00164162 (init = 0)
    Ha_br_1_sigma:    0.00400000 (init = 0.005)
    Ha_br_2_scale:    7.94140698 (init = 0)
    Ha_br_2_dwave:   -7.2711e-04 (init = 0)
    Ha_br_2_sigma:    0.01302392 (init = 0.005)
    Ha_na_1_scale:    27.6897499 (init = 0)
    Ha_na_1_dwave:    0.00103407 (init = 0)
    Ha_na_1_sigma:    0.00169000 (init = 0.001)
    NII6549_1_scale:  0.00745903 (init = 0)
    NII6549_1_dwave:  0.00103407 == 'Ha_na_1_dwave'
    NII6549_1_sigma:  0.00169000 == 'Ha_na_1_sigma'
    NII6585_1_scale:  0.02237710 == '3.0 * NII6549_1_scale'
    NII6585_1_dwave:  0.00103407 == 'Ha_na_1_dwave'
    NII6585_1_sigma:  0.00169000 == 'Ha_na_1_sigma'
    SII6718_1_scale:  0.87126861 (init = 0)
    SII6718_1_dwave:  0.00103407 == 'Ha_na_1_dwave'
    SII6718_1_sigma:  0.00169000 == 'Ha_na_1_sigma'
    SII6732_1_scale:  0.87126861 == '1.0 * SII6718_1_scale'
    SII6732_1_dwave:  0.00103407 == 'Ha_na_1_dwave'
    SII6732_1_sigma:  0.00169000 == 'Ha_na_1_sigma'
Saving figure as ./result.pdf
Fitting finished in 513.6s
wrote pyqsofit_model.csv
['ra' 'dec' 'plateid' 'MJD' 'fiberid' 'redshift' 'SN_ratio_conti'
 'Fe_uv_norm' 'Fe_uv_norm_err' 'Fe_uv_FWHM' 'Fe_uv_FWHM_err' 'Fe_uv_shift'
 'Fe_uv_shift_err' 'Fe_op_norm' 'Fe_op_norm_err' 'Fe_op_FWHM'
 'Fe_op_FWHM_err' 'Fe_op_shift' 'Fe_op_shift_err' 'PL_norm' 'PL_norm_err'
 'PL_slope' 'PL_slope_err' 'Blamer_norm' 'Blamer_norm_err' 'Balmer_Te'
 'Balmer_Te_err' 'Balmer_Tau' 'Balmer_Tau_err' 'conti_a_0' 'conti_a_0_err'
 'conti_a_1' 'conti_a_1_err' 'conti_a_2' 'conti_a_2_err' 'L1350'
 'L1350_err' 'L1450' 'L1450_err' 'L3000' 'L3000_err' 'L4200' 'L4200_err'
 'L5100' 'L5100_err' 'Fe_flux_4435_4685' 'Fe_flux_4435_4685_err']

['-999' '-999' '0' '0' '0' '0.31352314352989197' '30.709148679597067'
 '2.9899616116324523' '0.04379759888095691' '13249.06167932458'
 '457.5107159875806' '0.009999999776174204' '0.0' '4.5982989638204685'
 '0.03999668374277121' '2647.201486547134' '36.078052092630514'
 '0.00031977316865624064' '8.894594808327375e-05' '49.91029811662884'
 '0.2060838055761849' '-3.2236048332276117' '0.022504370941728746' '0.0'
 '0.0' '15000.0' '0.0' '0.5' '0.0' '11158.562164055904'
 '211.32908657415283' '-2.8665599538490922' '0.09999055020925685'
 '0.00023750720218235923' '1.1777832399331394e-05' '-1.0' '-1.0' '-1.0'
 '-1.0' '44.67966052338383' '0.0017934397334826713' '44.55155602734346'
 '0.001316597670854236' '44.55460322268206' '0.0009528829645049086'
 '1986.9344951582334' '18.276499751349775']
['Hb_br_1_scale' 'Hb_br_1_scale_err' 'Hb_br_1_centerwave'
 'Hb_br_1_centerwave_err' 'Hb_br_1_sigma' 'Hb_br_1_sigma_err'
 'Hb_br_2_scale' 'Hb_br_2_scale_err' 'Hb_br_2_centerwave'
 'Hb_br_2_centerwave_err' 'Hb_br_2_sigma' 'Hb_br_2_sigma_err'
 'Hb_na_1_scale' 'Hb_na_1_scale_err' 'Hb_na_1_centerwave'
 'Hb_na_1_centerwave_err' 'Hb_na_1_sigma' 'Hb_na_1_sigma_err'
 'OIII4959c_1_scale' 'OIII4959c_1_scale_err' 'OIII4959c_1_centerwave'
 'OIII4959c_1_centerwave_err' 'OIII4959c_1_sigma' 'OIII4959c_1_sigma_err'
 'OIII5007c_1_scale' 'OIII5007c_1_scale_err' 'OIII5007c_1_centerwave'
 'OIII5007c_1_centerwave_err' 'OIII5007c_1_sigma' 'OIII5007c_1_sigma_err'
 'OIII4959w_1_scale' 'OIII4959w_1_scale_err' 'OIII4959w_1_centerwave'
 'OIII4959w_1_centerwave_err' 'OIII4959w_1_sigma' 'OIII4959w_1_sigma_err'
 'OIII5007w_1_scale' 'OIII5007w_1_scale_err' 'OIII5007w_1_centerwave'
 'OIII5007w_1_centerwave_err' 'OIII5007w_1_sigma' 'OIII5007w_1_sigma_err'
 'HeII4687_br_1_scale' 'HeII4687_br_1_scale_err'
 'HeII4687_br_1_centerwave' 'HeII4687_br_1_centerwave_err'
 'HeII4687_br_1_sigma' 'HeII4687_br_1_sigma_err' 'HeII4687_na_1_scale'
 'HeII4687_na_1_scale_err' 'HeII4687_na_1_centerwave'
 'HeII4687_na_1_centerwave_err' 'HeII4687_na_1_sigma'
 'HeII4687_na_1_sigma_err' 'Ha_br_1_scale' 'Ha_br_1_scale_err'
 'Ha_br_1_centerwave' 'Ha_br_1_centerwave_err' 'Ha_br_1_sigma'
 'Ha_br_1_sigma_err' 'Ha_br_2_scale' 'Ha_br_2_scale_err'
 'Ha_br_2_centerwave' 'Ha_br_2_centerwave_err' 'Ha_br_2_sigma'
 'Ha_br_2_sigma_err' 'Ha_na_1_scale' 'Ha_na_1_scale_err'
 'Ha_na_1_centerwave' 'Ha_na_1_centerwave_err' 'Ha_na_1_sigma'
 'Ha_na_1_sigma_err' 'NII6549_1_scale' 'NII6549_1_scale_err'
 'NII6549_1_centerwave' 'NII6549_1_centerwave_err' 'NII6549_1_sigma'
 'NII6549_1_sigma_err' 'NII6585_1_scale' 'NII6585_1_scale_err'
 'NII6585_1_centerwave' 'NII6585_1_centerwave_err' 'NII6585_1_sigma'
 'NII6585_1_sigma_err' 'SII6718_1_scale' 'SII6718_1_scale_err'
 'SII6718_1_centerwave' 'SII6718_1_centerwave_err' 'SII6718_1_sigma'
 'SII6718_1_sigma_err' 'SII6732_1_scale' 'SII6732_1_scale_err'
 'SII6732_1_centerwave' 'SII6732_1_centerwave_err' 'SII6732_1_sigma'
 'SII6732_1_sigma_err']

[2.37434911e+01 1.02919630e+01 8.48896704e+00 3.85844442e-03
 4.00000019e-03 1.30784973e-03 3.43100159e+00 1.02818288e+01
 8.48152050e+00 3.65842747e-03 7.03660185e-03 1.35702219e-03
 1.54213864e-01 3.34694494e-03 8.48250449e+00 3.29360001e-04
 1.32395160e-03 3.78815769e-04 4.22121282e+00 4.04258604e-01
 8.50208915e+00 3.29360001e-04 1.32395160e-03 3.78815769e-04
 1.27915539e+01 1.22502606e+00 8.51777423e+00 3.29360001e-04
 1.32395160e-03 3.78815769e-04 1.90581773e+00 8.19148582e-01
 8.49315475e+00 3.92449850e-03 7.63707904e-04 4.00997645e-04
 5.77520517e+00 2.48226841e+00 8.50883984e+00 3.92449850e-03
 7.63707904e-04 4.00997645e-04 9.58622071e-01 1.27830357e-01
 8.45755184e+00 4.31195524e-10 7.86725612e-03 1.05958396e-02
 1.01281317e+00 2.97793834e-01 8.45148624e+00 3.29360001e-04
 1.32395160e-03 3.78815769e-04 5.66924030e+01 2.43506549e+01
 8.78910767e+00 1.22118704e-03 4.00000024e-03 4.56186055e-03
 7.94140698e+00 2.45373924e+01 8.78673894e+00 1.16987357e-03
 1.30239201e-02 4.48467236e-03 2.76897499e+01 1.08258297e+00
 8.78850011e+00 9.24293521e-05 1.68999995e-03 0.00000000e+00
 7.45903339e-03 7.51846363e-03 8.78823118e+00 9.24293521e-05
 1.68999995e-03 0.00000000e+00 2.23771002e-02 2.25553909e-02
 8.79362611e+00 9.24293521e-05 1.68999995e-03 0.00000000e+00
 8.71268613e-01 8.50008619e-02 8.81362276e+00 9.24293521e-05
 1.68999995e-03 0.00000000e+00 8.71268613e-01 8.50008619e-02
 8.81576090e+00 9.24293521e-05 1.68999995e-03 0.00000000e+00]
['Hb_br_1_scale' 'Hb_br_1_centerwave' 'Hb_br_1_sigma' 'Hb_br_2_scale'
 'Hb_br_2_centerwave' 'Hb_br_2_sigma' 'Hb_na_1_scale' 'Hb_na_1_centerwave'
 'Hb_na_1_sigma' 'OIII4959c_1_scale' 'OIII4959c_1_centerwave'
 'OIII4959c_1_sigma' 'OIII5007c_1_scale' 'OIII5007c_1_centerwave'
 'OIII5007c_1_sigma' 'OIII4959w_1_scale' 'OIII4959w_1_centerwave'
 'OIII4959w_1_sigma' 'OIII5007w_1_scale' 'OIII5007w_1_centerwave'
 'OIII5007w_1_sigma' 'HeII4687_br_1_scale' 'HeII4687_br_1_centerwave'
 'HeII4687_br_1_sigma' 'HeII4687_na_1_scale' 'HeII4687_na_1_centerwave'
 'HeII4687_na_1_sigma' 'Ha_br_1_scale' 'Ha_br_1_centerwave'
 'Ha_br_1_sigma' 'Ha_br_2_scale' 'Ha_br_2_centerwave' 'Ha_br_2_sigma'
 'Ha_na_1_scale' 'Ha_na_1_centerwave' 'Ha_na_1_sigma' 'NII6549_1_scale'
 'NII6549_1_centerwave' 'NII6549_1_sigma' 'NII6585_1_scale'
 'NII6585_1_centerwave' 'NII6585_1_sigma' 'SII6718_1_scale'
 'SII6718_1_centerwave' 'SII6718_1_sigma' 'SII6732_1_scale'
 'SII6732_1_centerwave' 'SII6732_1_sigma']

[[3.81051468e+00 8.48272387e+00 6.37895809e-03 ... 8.72253381e-01
  8.81573968e+00 1.68999995e-03]
 [3.28125638e+00 8.48120254e+00 6.30737864e-03 ... 1.02767406e+00
  8.81568050e+00 1.68999995e-03]
 [3.78397036e+00 8.48244896e+00 6.75819600e-03 ... 7.46355755e-01
  8.81576590e+00 1.68999995e-03]
 ...
 [3.65951325e+00 8.48204908e+00 6.50387061e-03 ... 8.04021849e-01
  8.81578656e+00 1.68999995e-03]
 [2.42174575e+01 8.48906747e+00 4.00000019e-03 ... 8.88266682e-01
  8.81564736e+00 1.68999979e-03]
 [3.30432737e+00 8.48112957e+00 7.27129886e-03 ... 8.19233015e-01
  8.81586696e+00 1.68999995e-03]]
(50, 48)
['1_complex_name' '1_line_status' '1_line_min_chi2' '1_line_bic'
 '1_line_red_chi2' '1_niter' '1_ndof' '2_complex_name' '2_line_status'
 '2_line_min_chi2' '2_line_bic' '2_line_red_chi2' '2_niter' '2_ndof'
 'Hb_br_1_scale' 'Hb_br_1_scale_err' 'Hb_br_1_centerwave'
 'Hb_br_1_centerwave_err' 'Hb_br_1_sigma' 'Hb_br_1_sigma_err'
 'Hb_br_2_scale' 'Hb_br_2_scale_err' 'Hb_br_2_centerwave'
 'Hb_br_2_centerwave_err' 'Hb_br_2_sigma' 'Hb_br_2_sigma_err'
 'Hb_na_1_scale' 'Hb_na_1_scale_err' 'Hb_na_1_centerwave'
 'Hb_na_1_centerwave_err' 'Hb_na_1_sigma' 'Hb_na_1_sigma_err'
 'OIII4959c_1_scale' 'OIII4959c_1_scale_err' 'OIII4959c_1_centerwave'
 'OIII4959c_1_centerwave_err' 'OIII4959c_1_sigma' 'OIII4959c_1_sigma_err'
 'OIII5007c_1_scale' 'OIII5007c_1_scale_err' 'OIII5007c_1_centerwave'
 'OIII5007c_1_centerwave_err' 'OIII5007c_1_sigma' 'OIII5007c_1_sigma_err'
 'OIII4959w_1_scale' 'OIII4959w_1_scale_err' 'OIII4959w_1_centerwave'
 'OIII4959w_1_centerwave_err' 'OIII4959w_1_sigma' 'OIII4959w_1_sigma_err'
 'OIII5007w_1_scale' 'OIII5007w_1_scale_err' 'OIII5007w_1_centerwave'
 'OIII5007w_1_centerwave_err' 'OIII5007w_1_sigma' 'OIII5007w_1_sigma_err'
 'HeII4687_br_1_scale' 'HeII4687_br_1_scale_err'
 'HeII4687_br_1_centerwave' 'HeII4687_br_1_centerwave_err'
 'HeII4687_br_1_sigma' 'HeII4687_br_1_sigma_err' 'HeII4687_na_1_scale'
 'HeII4687_na_1_scale_err' 'HeII4687_na_1_centerwave'
 'HeII4687_na_1_centerwave_err' 'HeII4687_na_1_sigma'
 'HeII4687_na_1_sigma_err' 'Ha_br_1_scale' 'Ha_br_1_scale_err'
 'Ha_br_1_centerwave' 'Ha_br_1_centerwave_err' 'Ha_br_1_sigma'
 'Ha_br_1_sigma_err' 'Ha_br_2_scale' 'Ha_br_2_scale_err'
 'Ha_br_2_centerwave' 'Ha_br_2_centerwave_err' 'Ha_br_2_sigma'
 'Ha_br_2_sigma_err' 'Ha_na_1_scale' 'Ha_na_1_scale_err'
 'Ha_na_1_centerwave' 'Ha_na_1_centerwave_err' 'Ha_na_1_sigma'
 'Ha_na_1_sigma_err' 'NII6549_1_scale' 'NII6549_1_scale_err'
 'NII6549_1_centerwave' 'NII6549_1_centerwave_err' 'NII6549_1_sigma'
 'NII6549_1_sigma_err' 'NII6585_1_scale' 'NII6585_1_scale_err'
 'NII6585_1_centerwave' 'NII6585_1_centerwave_err' 'NII6585_1_sigma'
 'NII6585_1_sigma_err' 'SII6718_1_scale' 'SII6718_1_scale_err'
 'SII6718_1_centerwave' 'SII6718_1_centerwave_err' 'SII6718_1_sigma'
 'SII6718_1_sigma_err' 'SII6732_1_scale' 'SII6732_1_scale_err'
 'SII6732_1_centerwave' 'SII6732_1_centerwave_err' 'SII6732_1_sigma'
 'SII6732_1_sigma_err' 'Hb_whole_br_fwhm' 'Hb_whole_br_fwhm_err'
 'Hb_whole_br_sigma' 'Hb_whole_br_sigma_err' 'Hb_whole_br_ew'
 'Hb_whole_br_ew_err' 'Hb_whole_br_peak' 'Hb_whole_br_peak_err'
 'Hb_whole_br_area' 'Hb_whole_br_area_err' 'Hb_whole_br_snr'
 'Hb_whole_br_snr_err' 'Ha_whole_br_fwhm' 'Ha_whole_br_fwhm_err'
 'Ha_whole_br_sigma' 'Ha_whole_br_sigma_err' 'Ha_whole_br_ew'
 'Ha_whole_br_ew_err' 'Ha_whole_br_peak' 'Ha_whole_br_peak_err'
 'Ha_whole_br_area' 'Ha_whole_br_area_err' 'Ha_whole_br_snr'
 'Ha_whole_br_snr_err']

['Hb' '1' '2071.059525246899' '766.9944864264116' '5.2564962569718245'
 '10095' '394' 'Ha' '1' '1503.8011268498747' '519.8597669224699'
 '5.9674647890868044' '440' '252' '23.743491062155897'
 '10.291963015163219' '8.488967042354869' '0.0038584444185980615'
 '0.004000000190699189' '0.001307849726864711' '3.431001593945382'
 '10.28182883278106' '8.481520504400212' '0.0036584274679167805'
 '0.007036601847639238' '0.0013570221895947234' '0.15421386390102043'
 '0.0033469449434164744' '8.48250449259801' '0.0003293600006761821'
 '0.001323951598239363' '0.00037881576942592587' '4.221212823729559'
 '0.4042586043695451' '8.50208914835973' '0.0003293600006761821'
 '0.001323951598239363' '0.00037881576942592587' '12.791553889311928'
 '1.2250260621643472' '8.517774229841663' '0.0003293600006761821'
 '0.001323951598239363' '0.00037881576942592587' '1.9058177258557407'
 '0.819148582298368' '8.493154754862498' '0.003924498504244589'
 '0.0007637079044205018' '0.00040099764471987655' '5.775205174789232'
 '2.4822684075344186' '8.508839836344432' '0.003924498504244589'
 '0.0007637079044205018' '0.00040099764471987655' '0.9586220706125914'
 '0.12783035741037452' '8.457551841501909' '4.311955237312759e-10'
 '0.007867256117589379' '0.01059583959633039' '1.01281316666757'
 '0.2977938340364972' '8.451486235456898' '0.0003293600006761821'
 '0.001323951598239363' '0.00037881576942592587' '56.69240299432943'
 '24.350654870275434' '8.789107673925056' '0.0012211870430913763'
 '0.004000000238405642' '0.004561860545583685' '7.941406976463838'
 '24.53739236241148' '8.786738939212201' '0.001169873572998803'
 '0.013023920070815816' '0.004484672358364717' '27.689749937387376'
 '1.0825829677152399' '8.78850011472607' '9.242935206010827e-05'
 '0.0016899999463930726' '0.0' '0.007459033390944114'
 '0.007518463629452297' '8.788231178568843' '9.242935206010827e-05'
 '0.0016899999463930726' '0.0' '0.022377100172832343'
 '0.022555390888356893' '8.793626114176753' '9.242935206010827e-05'
 '0.0016899999463930726' '0.0' '0.8712686128120595' '0.0850008619046605'
 '8.81362275724316' '9.242935206010827e-05' '0.0016899999463930726' '0.0'
 '0.8712686128120595' '0.0850008619046605' '8.815760895060542'
 '9.242935206010827e-05' '0.0016899999463930726' '0.0' '3025.117816607836'
 '93.89049314822432' '2689.5903738906204' '1278.2407200336975'
 '66.94121410307434' '3.4015172878480726' '4859.814340546555'
 '0.9123328581772512' '1537.345124392055' '79.86771378082074'
 '27.743814795077366' '1.1560819976913255' '3074.241760351223'
 '6.44646509199606' '2389.331115027865' '23.246624638502'
 '299.25166210798017' '1.6746554782252474' '6562.001077252549'
 '0.4800816003239561' '5423.128195238039' '30.513129737525105'
 '92.10881166241207' '1.4638350832364466']
Broad Hb:
FWHM (km/s) 3025.0
Sigma (km/s) 1678.2
EW (A) 63.1
Peak (A) 4859.6
Area (10^(-17) erg/s/cm^2) 1448.0
SNR 27.1

Narrow Hb:
FWHM (km/s) 936.4
Sigma (km/s) 391.1
EW (A) 0.1
Peak (A) 4828.9
Area (10^(-17) erg/s/cm^2) 2.5
SNR 0.1

Broad [OIII]5007:
FWHM (km/s) 0
Sigma (km/s) 0
EW (A) 0
Peak (A) 0
Area (10^(-17) erg/s/cm^2) 0
SNR 0

Narrow [OIII]5007:
FWHM (km/s) 936.4
Sigma (km/s) 391.1
EW (A) 9.5
Peak (A) 5002.3
Area (10^(-17) erg/s/cm^2) 211.8
SNR 10.8
