my_sdss.fits
[0.7885094 0.7885094 0.7885094 ... 0.7885094 0.7885094 0.7885094]
Directory  my_sdss  Created 
global my_sdss/
Directory  output/  already exists
stati 353640.26351562666
1 iter stat:  159.93638069853478
2 iter stat:  110.8469921535143
3 iter stat:  23.137440084232367
4 iter stat:  19.08278442196024
5 iter stat:  16.344126064926968
6 iter stat:  14.37063057506748
7 iter stat:  12.764215487113688
8 iter stat:  9.647752901088097
9 iter stat:  6.611007767009141
10 iter stat:  5.475594053452369
fit ok
./output/my_sdss_model.csv
brokenpowerlaw + OIIIb5007_br + OIIIa4959_br + OIIIb5007_na + OIIIa4959_na + NII6583_na + NII6548_na + HBeta4863_br + HAlpha6565_br + HBeta4863_na + HAlpha6565_na
   Param        Type          Value          Min          Max      Units
   -----        ----          -----          ---          ---      -----
   brokenpowerlaw.refer thawed      5591.72         5400         7000  angstroms
   brokenpowerlaw.ampl thawed      22.5693      20.4199      22.5693  angstroms
   brokenpowerlaw.index1 thawed      -1.5963           -3            0           
   brokenpowerlaw.index2 thawed     0.680563           -1            1           
   OIIIb5007_br.ampl thawed      11.7277            0           50           
   OIIIb5007_br.pos frozen       5006.8            0  3.40282e+38  angstroms
   OIIIb5007_br.offs_kms thawed     -283.735        -1500          500       km/s
   OIIIb5007_br.fwhm thawed      1185.04          400         6000       km/s
   OIIIa4959_br.ampl linked      3.90924 expr: OIIIb5007_br.ampl / 3.0           
   OIIIa4959_br.pos frozen       4958.9            0  3.40282e+38  angstroms
   OIIIa4959_br.offs_kms linked     -283.735 expr: OIIIb5007_br.offs_kms       km/s
   OIIIa4959_br.fwhm linked      1185.04  expr: OIIIb5007_br.fwhm       km/s
   OIIIb5007_na.ampl thawed      20.0377            0           50           
   OIIIb5007_na.pos frozen       5006.8            0  3.40282e+38  angstroms
   OIIIb5007_na.offs_kms thawed       5.2363        -1500          500       km/s
   OIIIb5007_na.fwhm thawed      386.974          100         1500       km/s
   OIIIa4959_na.ampl linked      6.67923 expr: OIIIb5007_na.ampl / 3.0           
   OIIIa4959_na.pos frozen       4958.9            0  3.40282e+38  angstroms
   OIIIa4959_na.offs_kms linked       5.2363 expr: OIIIb5007_na.offs_kms       km/s
   OIIIa4959_na.fwhm linked      386.974  expr: OIIIb5007_na.fwhm       km/s
   NII6583_na.ampl thawed      10.6631            0           50           
   NII6583_na.pos frozen      6583.46            0  3.40282e+38  angstroms
   NII6583_na.offs_kms linked       5.2363 expr: OIIIb5007_na.offs_kms       km/s
   NII6583_na.fwhm linked      386.974  expr: OIIIb5007_na.fwhm       km/s
   NII6548_na.ampl linked      3.55437 expr: NII6583_na.ampl / 3.0           
   NII6548_na.pos frozen      6548.05            0  3.40282e+38  angstroms
   NII6548_na.offs_kms linked       5.2363 expr: OIIIb5007_na.offs_kms       km/s
   NII6548_na.fwhm linked      386.974  expr: OIIIb5007_na.fwhm       km/s
   HBeta4863_br.ampl thawed      14.4833            0           50           
   HBeta4863_br.pos frozen      4862.68            0  3.40282e+38  angstroms
   HBeta4863_br.offs_kms thawed      192.461        -1500          500       km/s
   HBeta4863_br.fwhm thawed      4929.28          400         6000       km/s
   HAlpha6565_br.ampl thawed      37.1823            0           50           
   HAlpha6565_br.pos frozen       6564.6            0  3.40282e+38  angstroms
   HAlpha6565_br.offs_kms thawed     -275.643        -1500          500       km/s
   HAlpha6565_br.fwhm thawed      5084.03          400         6000       km/s
   HBeta4863_na.ampl thawed      14.9668            0           50           
   HBeta4863_na.pos frozen      4862.68            0  3.40282e+38  angstroms
   HBeta4863_na.offs_kms thawed     -495.485        -1500          500       km/s
   HBeta4863_na.fwhm thawed         1500          100         1500       km/s
   HAlpha6565_na.ampl thawed           50            0           50           
   HAlpha6565_na.pos frozen       6564.6            0  3.40282e+38  angstroms
   HAlpha6565_na.offs_kms thawed     -258.088        -1500          500       km/s
   HAlpha6565_na.fwhm thawed         1500          100         1500       km/s
skipping monte_carlo (FANTASY_MC=0)
