<IPython.core.display.HTML object>
/app/BADASS3/example_spectra/2-onur
/app/BADASS3/example_spectra/2-onur/my_sdss.fits
0.1967448890209198
Start process memory: 0.22341222                    
 Folder has not been created.  Creating MCMC_output folder...

 > Starting fit for 2-onur

 Input fitting region exceeds available wavelength range.  BADASS will adjust your fitting range automatically...
		- Input fitting range: (2900, 8000)
		- Available wavelength range: (2980, 8689)
		- New fitting region is (2980, 8000). 


 Input spectrum is not linearly binned. BADASS will linearly rebin and conserve flux...


-----------------------------------------------------------
 file:                        my_sdss.fits                  
 redshift:                    0.19674                       
 fitting region:              (2980,8000) [A]               
 velocity scale:              69.03 [km/s/pixel]            
 Galactic E(B-V):             0.000                         
 Flux Normalization:          1e-17                         
 Fit Normalization:           114.27300                     
-----------------------------------------------------------

 Initializing parameters...
----------------------------------------------------------------------------------------------------
	- Fitting additive legendre polynomial component.
	- Fitting Simple AGN power-law continuum.
	- Fitting broad and narrow optical FeII using Veron-Cetty et al. (2004) optical FeII templates
	 		* varying optical FeII amplitudes
	 		* varying optical FeII dispersion.
	 		* varying optical FeII voff

 Warning! Peak finding algorithm used for initial guesses of amplitude and velocity failed! Defaulting to user-defined locations...

 Warning! Peak finding algorithm used for initial guesses of amplitude and velocity failed! Defaulting to user-defined locations...

----------------------------------------------------------------------------------------------------------------------------------------

----------------------------------------------------------------------------------------------------------------------------------------

 Line List:

----------------------------------------------------------------------------------------------------------------------------------------
BR_H_ALPHA                                                                                
                              amp                           free                          
                              center                        6564.6                        
                              center_pix                    3429.3431295312425            
                              disp                          free                          
                              disp_res_ang                  2.1290979502601433            
                              disp_res_kms                  97.23174417805349             
                              line_profile                  gaussian                      
                              line_type                     br                            
                              ncomp                         1                             
                              voff                          free                          
BR_H_BETA                                                                                 
                              amp                           free                          
                              center                        4862.691                      
                              center_pix                    2126.0844172810694            
                              disp                          free                          
                              disp_res_ang                  2.1290979502601433            
                              disp_res_kms                  131.26219778950588            
                              line_profile                  gaussian                      
                              line_type                     br                            
                              ncomp                         1                             
                              voff                          free                          
BR_OII                                                                                    
                              amp                           free                          
                              center                        3727.09                       
                              center_pix                    971.0672015540474             
                              disp                          free                          
                              disp_res_ang                  2.1290979502601433            
                              disp_res_kms                  171.25626368862842            
                              line_profile                  gaussian                      
                              line_type                     br                            
                              ncomp                         1                             
                              voff                          free                          
BR_OIII_a                                                                                 
                              amp                           (BR_OIII_b_AMP/2.98)          
                              center                        4960.295                      
                              center_pix                    2212.3889349949977            
                              disp                          BR_OIII_b_DISP                
                              disp_res_ang                  2.1290979502601433            
                              disp_res_kms                  128.67934423885072            
                              line_profile                  gaussian                      
                              line_type                     br                            
                              ncomp                         1                             
                              voff                          BR_OIII_b_VOFF                
BR_OIII_b                                                                                 
                              amp                           free                          
                              center                        5008.24                       
                              center_pix                    2254.1633804168546            
                              disp                          free                          
                              disp_res_ang                  2.1290979502601433            
                              disp_res_kms                  127.44746813875734            
                              line_profile                  gaussian                      
                              line_type                     br                            
                              ncomp                         1                             
                              voff                          free                          
NA_H_ALPHA                                                                                
                              amp                           free                          
                              center                        6564.6                        
                              center_pix                    3429.3431295312425            
                              disp                          free                          
                              disp_res_ang                  2.1290979502601433            
                              disp_res_kms                  97.23174417805349             
                              label                         [H$\alpha$]                   
                              line_profile                  gaussian                      
                              line_type                     na                            
                              ncomp                         1                             
                              voff                          free                          
NA_H_BETA                                                                                 
                              amp                           free                          
                              center                        4862.691                      
                              center_pix                    2126.0844172810694            
                              disp                          free                          
                              disp_res_ang                  2.1290979502601433            
                              disp_res_kms                  131.26219778950588            
                              label                         H$\beta$                      
                              line_profile                  gaussian                      
                              line_type                     na                            
                              ncomp                         1                             
                              voff                          free                          
NA_OII                                                                                    
                              amp                           free                          
                              center                        3727.09                       
                              center_pix                    971.0672015540474             
                              disp                          free                          
                              disp_res_ang                  2.1290979502601433            
                              disp_res_kms                  171.25626368862842            
                              label                         [OII]                         
                              line_profile                  gaussian                      
                              line_type                     na                            
                              ncomp                         1                             
                              voff                          free                          
NA_OIII_a                                                                                 
                              amp                           (NA_OIII_b_AMP/2.98)          
                              center                        4960.295                      
                              center_pix                    2212.3889349949977            
                              disp                          NA_OIII_b_DISP                
                              disp_res_ang                  2.1290979502601433            
                              disp_res_kms                  128.67934423885072            
                              label                         [OIIIa]                       
                              line_profile                  gaussian                      
                              line_type                     na                            
                              ncomp                         1                             
                              voff                          NA_OIII_b_VOFF                
NA_OIII_b                                                                                 
                              amp                           free                          
                              center                        5008.24                       
                              center_pix                    2254.1633804168546            
                              disp                          free                          
                              disp_res_ang                  2.1290979502601433            
                              disp_res_kms                  127.44746813875734            
                              label                         [OIIIb]                       
                              line_profile                  gaussian                      
                              line_type                     na                            
                              ncomp                         1                             
                              voff                          free                          

----------------------------------------------------------------------------------------------------------------------------------------

 Number of Free Line Parameters: 24

----------------------------------------------------------------------------------------------------------------------------------------

 All Free Parameters:

----------------------------------------------------------------------------------------------------------------------------------------
APOLY_COEFF_1                                                                             
                              init                          0.0                           
                              plim                          (-100.0, 100.0)               
APOLY_COEFF_2                                                                             
                              init                          0.0                           
                              plim                          (-100.0, 100.0)               
APOLY_COEFF_3                                                                             
                              init                          0.0                           
                              plim                          (-100.0, 100.0)               
APOLY_COEFF_4                                                                             
                              init                          0.0                           
                              plim                          (-100.0, 100.0)               
APOLY_COEFF_5                                                                             
                              init                          0.0                           
                              plim                          (-100.0, 100.0)               
APOLY_COEFF_6                                                                             
                              init                          0.0                           
                              plim                          (-100.0, 100.0)               
APOLY_COEFF_7                                                                             
                              init                          0.0                           
                              plim                          (-100.0, 100.0)               
BR_H_ALPHA_AMP                                                                            
                              init                          1.0000000050625288            
                              plim                          (0, 50)                       
BR_H_ALPHA_DISP                                                                           
                              init                          3300.0                        
                              plim                          (600, 6000)                   
BR_H_ALPHA_VOFF                                                                           
                              init                          0.0                           
                              plim                          (-1500, 1500)                 
                              prior                         {'type': 'gaussian'}          
BR_H_BETA_AMP                                                                             
                              init                          0.3346099224772966            
                              plim                          (0, 50)                       
BR_H_BETA_DISP                                                                            
                              init                          3300.0                        
                              plim                          (600, 6000)                   
BR_H_BETA_VOFF                                                                            
                              init                          0.0                           
                              plim                          (-1500, 1500)                 
                              prior                         {'type': 'gaussian'}          
BR_OIII_b_AMP                                                                             
                              init                          0.6394005171587037            
                              plim                          (0, 50)                       
BR_OIII_b_DISP                                                                            
                              init                          3300.0                        
                              plim                          (600, 6000)                   
BR_OIII_b_VOFF                                                                            
                              init                          0.0                           
                              plim                          (-1500, 1500)                 
                              prior                         {'type': 'gaussian'}          
BR_OII_AMP                                                                                
                              init                          0.31448446430345617           
                              plim                          (0, 50)                       
BR_OII_DISP                                                                               
                              init                          3300.0                        
                              plim                          (600, 6000)                   
BR_OII_VOFF                                                                               
                              init                          0.0                           
                              plim                          (-1500, 1500)                 
                              prior                         {'type': 'gaussian'}          
BR_OPT_FEII_AMP                                                                           
                              init                          0.017273518031288206          
                              plim                          (0, 1.5000000075937931)       
BR_OPT_FEII_DISP                                                                          
                              init                          500.0                         
                              plim                          (500.0, 5000.0)               
BR_OPT_FEII_VOFF                                                                          
                              init                          0.0                           
                              plim                          (-500.0, 500.0)               
NA_H_ALPHA_AMP                                                                            
                              init                          1.0000000050625288            
                              plim                          (0, 50)                       
NA_H_ALPHA_DISP                                                                           
                              init                          1300.0                        
                              plim                          (100, 2500)                   
NA_H_ALPHA_VOFF                                                                           
                              init                          0.0                           
                              plim                          (-1000, 1000)                 
                              prior                         {'type': 'gaussian'}          
NA_H_BETA_AMP                                                                             
                              init                          0.3346099224772966            
                              plim                          (0, 50)                       
NA_H_BETA_DISP                                                                            
                              init                          1300.0                        
                              plim                          (100, 2500)                   
NA_H_BETA_VOFF                                                                            
                              init                          0.0                           
                              plim                          (-1000, 1000)                 
                              prior                         {'type': 'gaussian'}          
NA_OIII_b_AMP                                                                             
                              init                          0.6394005171587037            
                              plim                          (0, 50)                       
NA_OIII_b_DISP                                                                            
                              init                          1300.0                        
                              plim                          (100, 2500)                   
NA_OIII_b_VOFF                                                                            
                              init                          0.0                           
                              plim                          (-1000, 1000)                 
                              prior                         {'type': 'gaussian'}          
NA_OII_AMP                                                                                
                              init                          0.31448446430345617           
                              plim                          (0, 50)                       
NA_OII_DISP                                                                               
                              init                          1300.0                        
                              plim                          (100, 2500)                   
NA_OII_VOFF                                                                               
                              init                          0.0                           
                              plim                          (-1000, 1000)                 
                              prior                         {'type': 'gaussian'}          
NA_OPT_FEII_AMP                                                                           
                              init                          0.017273518031288206          
                              plim                          (0, 1.5000000075937931)       
NA_OPT_FEII_DISP                                                                          
                              init                          10.0                          
                              plim                          (0.1, 500.0)                  
NA_OPT_FEII_VOFF                                                                          
                              init                          0.0                           
                              plim                          (-500.0, 500.0)               
POWER_AMP                                                                                 
                              init                          0.08636759015644103           
                              plim                          (0, 1.5000000075937931)       
POWER_SLOPE                                                                               
                              init                          -1.0                          
                              plim                          (-6.0, 6.0)                   

----------------------------------------------------------------------------------------------------------------------------------------

 Total number of free parameters: 39

----------------------------------------------------------------------------------------------------------------------------------------

 Soft Constraints:


----------------------------------------------------------------------------------------------------------------------------------------

----------------------------------------------------------------------------------------------------------------------------------------

 Required Maximum Likelihood RMSE threshold: 0.3109 


 Performing max. likelihood fitting.

 Using Basin-hopping algorithm to estimate parameters. niter_success = 5
basinhopping step 0: f 2.93848
 Fit Status: False
 Force threshold: 0.3109
 Lowest RMSE: 0.1515
 Current RMSE: 0.1515
 Accepted count: 1
 Basinhop count: 0


adaptive stepsize: acceptance rate 0.000000 target 0.500000 new stepsize 0.9 old stepsize 1
basinhopping step 1: f 2.77503 trial_f 2.77503 accepted 1  lowest_f 2.77503
found new global minimum on step 1 with function value 2.77503
 Fit Status: False
 Force threshold: 0.3109
 Lowest RMSE: 0.1473
 Current RMSE: 0.1473
 Accepted count: 2
 Basinhop count: 0


adaptive stepsize: acceptance rate 0.500000 target 0.500000 new stepsize 0.81 old stepsize 0.9
basinhopping step 2: f 1.49395 trial_f 1.49395 accepted 1  lowest_f 1.49395
found new global minimum on step 2 with function value 1.49395
 Fit Status: False
 Force threshold: 0.3109
 Lowest RMSE: 0.1080
 Current RMSE: 0.1080
 Accepted count: 3
 Basinhop count: 0


adaptive stepsize: acceptance rate 0.666667 target 0.500000 new stepsize 0.9 old stepsize 0.81
basinhopping step 3: f 1.49395 trial_f 3.6119 accepted 0  lowest_f 1.49395
 Fit Status: False
 Force threshold: 0.3109
 Lowest RMSE: 0.1080
 Current RMSE: 0.1680
 Accepted count: 3
 Basinhop count: 1


adaptive stepsize: acceptance rate 0.500000 target 0.500000 new stepsize 0.81 old stepsize 0.9
basinhopping step 4: f 1.54573 trial_f 1.54573 accepted 1  lowest_f 1.49395
 Fit Status: False
 Force threshold: 0.3109
 Lowest RMSE: 0.1080
 Current RMSE: 0.1099
 Accepted count: 4
 Basinhop count: 2


adaptive stepsize: acceptance rate 0.600000 target 0.500000 new stepsize 0.9 old stepsize 0.81
basinhopping step 5: f 1.46871 trial_f 1.46871 accepted 1  lowest_f 1.46871
found new global minimum on step 5 with function value 1.46871
 Fit Status: False
 Force threshold: 0.3109
 Lowest RMSE: 0.1071
 Current RMSE: 0.1071
 Accepted count: 5
 Basinhop count: 0


adaptive stepsize: acceptance rate 0.666667 target 0.500000 new stepsize 1 old stepsize 0.9
basinhopping step 6: f 1.46861 trial_f 1.46861 accepted 1  lowest_f 1.46861
found new global minimum on step 6 with function value 1.46861
 Fit Status: False
 Force threshold: 0.3109
 Lowest RMSE: 0.1071
 Current RMSE: 0.1071
 Accepted count: 6
 Basinhop count: 0


adaptive stepsize: acceptance rate 0.714286 target 0.500000 new stepsize 1.11111 old stepsize 1
basinhopping step 7: f 3.50587 trial_f 3.50587 accepted 1  lowest_f 1.46861
 Fit Status: False
 Force threshold: 0.3109
 Lowest RMSE: 0.1071
 Current RMSE: 0.1655
 Accepted count: 7
 Basinhop count: 1


adaptive stepsize: acceptance rate 0.750000 target 0.500000 new stepsize 1.23457 old stepsize 1.11111
basinhopping step 8: f 3.06005 trial_f 3.06005 accepted 1  lowest_f 1.46861
 Fit Status: False
 Force threshold: 0.3109
 Lowest RMSE: 0.1071
 Current RMSE: 0.1546
 Accepted count: 8
 Basinhop count: 2


adaptive stepsize: acceptance rate 0.777778 target 0.500000 new stepsize 1.37174 old stepsize 1.23457
basinhopping step 9: f 3.47654 trial_f 3.47654 accepted 1  lowest_f 1.46861
 Fit Status: False
 Force threshold: 0.3109
 Lowest RMSE: 0.1071
 Current RMSE: 0.1648
 Accepted count: 9
 Basinhop count: 3


adaptive stepsize: acceptance rate 0.800000 target 0.500000 new stepsize 1.52416 old stepsize 1.37174
basinhopping step 10: f 3.47654 trial_f 7.23057 accepted 0  lowest_f 1.46861
 Fit Status: False
 Force threshold: 0.3109
 Lowest RMSE: 0.1071
 Current RMSE: 0.2377
 Accepted count: 9
 Basinhop count: 4


adaptive stepsize: acceptance rate 0.727273 target 0.500000 new stepsize 1.69351 old stepsize 1.52416
basinhopping step 11: f 3.53557 trial_f 3.53557 accepted 1  lowest_f 1.46861
 Fit Status: True
 Force threshold: 0.3109
 Lowest RMSE: 0.1071
 Current RMSE: 0.1662
 Accepted count: 10
 Basinhop count: 5



 Performing Monte Carlo bootstrapping...
	   Completed 1 of 100 iterations.
	   Completed 2 of 100 iterations.
	   Completed 3 of 100 iterations.
	   Completed 4 of 100 iterations.
	   Completed 5 of 100 iterations.
	   Completed 6 of 100 iterations.
	   Completed 7 of 100 iterations.
	   Completed 8 of 100 iterations.
	   Completed 9 of 100 iterations.
	   Completed 10 of 100 iterations.
	   Completed 11 of 100 iterations.
	   Completed 12 of 100 iterations.
	   Completed 13 of 100 iterations.
	   Completed 14 of 100 iterations.
	   Completed 15 of 100 iterations.
	   Completed 16 of 100 iterations.
	   Completed 17 of 100 iterations.
	   Completed 18 of 100 iterations.
	   Completed 19 of 100 iterations.
	   Completed 20 of 100 iterations.
	   Completed 21 of 100 iterations.
	   Completed 22 of 100 iterations.
	   Completed 23 of 100 iterations.
	   Completed 24 of 100 iterations.
	   Completed 25 of 100 iterations.
	   Completed 26 of 100 iterations.
	   Completed 27 of 100 iterations.
	   Completed 28 of 100 iterations.
	   Completed 29 of 100 iterations.
	   Completed 30 of 100 iterations.
	   Completed 31 of 100 iterations.
	   Completed 32 of 100 iterations.
	   Completed 33 of 100 iterations.
	   Completed 34 of 100 iterations.
	   Completed 35 of 100 iterations.
	   Completed 36 of 100 iterations.
	   Completed 37 of 100 iterations.
	   Completed 38 of 100 iterations.
	   Completed 39 of 100 iterations.
	   Completed 40 of 100 iterations.
	   Completed 41 of 100 iterations.
	   Completed 42 of 100 iterations.
	   Completed 43 of 100 iterations.
	   Completed 44 of 100 iterations.
	   Completed 45 of 100 iterations.
	   Completed 46 of 100 iterations.
	   Completed 47 of 100 iterations.
	   Completed 48 of 100 iterations.
	   Completed 49 of 100 iterations.
	   Completed 50 of 100 iterations.
	   Completed 51 of 100 iterations.
	   Completed 52 of 100 iterations.
	   Completed 53 of 100 iterations.
	   Completed 54 of 100 iterations.
	   Completed 55 of 100 iterations.
	   Completed 56 of 100 iterations.
	   Completed 57 of 100 iterations.
	   Completed 58 of 100 iterations.
	   Completed 59 of 100 iterations.
	   Completed 60 of 100 iterations.
	   Completed 61 of 100 iterations.
	   Completed 62 of 100 iterations.
	   Completed 63 of 100 iterations.
	   Completed 64 of 100 iterations.
	   Completed 65 of 100 iterations.
	   Completed 66 of 100 iterations.
	   Completed 67 of 100 iterations.
	   Completed 68 of 100 iterations.
	   Completed 69 of 100 iterations.
	   Completed 70 of 100 iterations.
	   Completed 71 of 100 iterations.
	   Completed 72 of 100 iterations.
	   Completed 73 of 100 iterations.
	   Completed 74 of 100 iterations.
	   Completed 75 of 100 iterations.
	   Completed 76 of 100 iterations.
	   Completed 77 of 100 iterations.
	   Completed 78 of 100 iterations.
	   Completed 79 of 100 iterations.
	   Completed 80 of 100 iterations.
	   Completed 81 of 100 iterations.
	   Completed 82 of 100 iterations.
	   Completed 83 of 100 iterations.
	   Completed 84 of 100 iterations.
	   Completed 85 of 100 iterations.
	   Completed 86 of 100 iterations.
	   Completed 87 of 100 iterations.
	   Completed 88 of 100 iterations.
	   Completed 89 of 100 iterations.
	   Completed 90 of 100 iterations.
	   Completed 91 of 100 iterations.
	   Completed 92 of 100 iterations.
	   Completed 93 of 100 iterations.
	   Completed 94 of 100 iterations.
	   Completed 95 of 100 iterations.
	   Completed 96 of 100 iterations.
	   Completed 97 of 100 iterations.
	   Completed 98 of 100 iterations.
	   Completed 99 of 100 iterations.
	   Completed 100 of 100 iterations.

 Maximum Likelihood Best-fit Parameters:
--------------------------------------------------------------------------------------

Parameter                     Best-fit Value                +/- 1-sigma                   Flag                          
--------------------------------------------------------------------------------------
AGN_FRAC_4000                 1.000000                      0.000000                      1.0                           
AGN_FRAC_7000                 1.000000                      0.000000                      1.0                           
APOLY_COEFF_1                 -0.210345                     0.000231                      0.0                           
APOLY_COEFF_2                 -0.042992                     0.000299                      0.0                           
APOLY_COEFF_3                 -0.022700                     0.000305                      0.0                           
APOLY_COEFF_4                 0.005612                      0.000298                      0.0                           
APOLY_COEFF_5                 -0.008212                     0.000362                      0.0                           
APOLY_COEFF_6                 -0.004408                     0.000435                      0.0                           
APOLY_COEFF_7                 0.017163                      0.000408                      0.0                           
BR_H_ALPHA_AMP                0.000000                      0.000000                      2.0                           
BR_H_ALPHA_DISP               1045.483915                   0.000000                      0.0                           
BR_H_ALPHA_DISP_CORR          1040.952738                   0.000000                      0.0                           
BR_H_ALPHA_DISP_RES           97.231744                     nan                           nan                           
BR_H_ALPHA_EW                 0.000000                      0.000000                      1.0                           
BR_H_ALPHA_FLUX               0.000000                      0.000000                      0.0                           
BR_H_ALPHA_FWHM               0.000000                      0.000000                      0.0                           
BR_H_ALPHA_FWHM_CORR          0.000000                      0.000000                      0.0                           
BR_H_ALPHA_LUM                0.000000                      0.000000                      1.0                           
BR_H_ALPHA_NPIX               0.000000                      0.000000                      0.0                           
BR_H_ALPHA_SNR                0.000000                      0.000000                      0.0                           
BR_H_ALPHA_VOFF               249.357113                    0.000000                      0.0                           
BR_H_ALPHA_W80                0.000000                      0.000000                      0.0                           
BR_H_ALPHA_W80_CORR           0.000000                      0.000000                      0.0                           
BR_H_BETA_AMP                 0.692982                      0.181206                      0.0                           
BR_H_BETA_DISP                3288.149269                   0.000000                      0.0                           
BR_H_BETA_DISP_CORR           3285.528245                   0.000000                      0.0                           
BR_H_BETA_DISP_RES            131.262198                    nan                           nan                           
BR_H_BETA_EW                  5.721067                      1.500736                      0.0                           
BR_H_BETA_FLUX                -14.955165                    0.123153                      0.0                           
BR_H_BETA_FWHM                7743.052311                   0.000001                      0.0                           
BR_H_BETA_FWHM_CORR           7736.880419                   0.000001                      0.0                           
BR_H_BETA_LUM                 41.089442                     0.123153                      0.0                           
BR_H_BETA_NPIX                0.000000                      8.334552                      0.0                           
BR_H_BETA_SNR                 0.869246                      0.227297                      0.0                           
BR_H_BETA_VOFF                1.065298                      0.000001                      0.0                           
BR_H_BETA_W80                 8624.495212                   0.174107                      0.0                           
BR_H_BETA_W80_CORR            8617.910554                   0.174107                      0.0                           
BR_OIII_a_AMP                 0.376627                      0.094388                      0.0                           
BR_OIII_a_DISP                3297.861772                   0.000002                      0.0                           
BR_OIII_a_DISP_CORR           3295.350345                   0.000002                      0.0                           
BR_OIII_a_DISP_RES            128.679344                    nan                           nan                           
BR_OIII_a_EW                  3.242246                      0.275126                      0.0                           
BR_OIII_a_FLUX                -15.210077                    0.037259                      0.0                           
BR_OIII_a_FWHM                7766.127865                   0.000004                      0.0                           
BR_OIII_a_FWHM_CORR           7760.214202                   0.000004                      0.0                           
BR_OIII_a_LUM                 40.834529                     0.037259                      0.0                           
BR_OIII_a_NPIX                0.000000                      0.000000                      0.0                           
BR_OIII_a_SNR                 0.472411                      0.039729                      0.0                           
BR_OIII_a_VOFF                -0.709132                     0.000003                      0.0                           
BR_OIII_a_W80                 8649.294686                   0.082411                      0.0                           
BR_OIII_a_W80_CORR            8642.984863                   0.082411                      0.0                           
BR_OIII_b_AMP                 1.122350                      0.094388                      0.0                           
BR_OIII_b_DISP                3297.861772                   0.000002                      0.0                           
BR_OIII_b_DISP_CORR           3295.398218                   0.000002                      0.0                           
BR_OIII_b_DISP_RES            127.447468                    nan                           nan                           
BR_OIII_b_EW                  9.847946                      0.835628                      0.0                           
BR_OIII_b_FLUX                -14.731666                    0.037258                      0.0                           
BR_OIII_b_FWHM                7765.978103                   0.000004                      0.0                           
BR_OIII_b_FWHM_CORR           7760.177054                   0.000004                      0.0                           
BR_OIII_b_LUM                 41.312940                     0.037258                      0.0                           
BR_OIII_b_NPIX                64.000000                     8.936355                      0.0                           
BR_OIII_b_SNR                 1.407821                      0.118396                      0.0                           
BR_OIII_b_VOFF                -0.709132                     0.000003                      0.0                           
BR_OIII_b_W80                 8650.080008                   0.027088                      0.0                           
BR_OIII_b_W80_CORR            8643.891023                   0.027088                      0.0                           
BR_OII_AMP                    0.000000                      0.000000                      2.0                           
BR_OII_DISP                   3299.675536                   0.000000                      0.0                           
BR_OII_DISP_CORR              3295.228359                   0.000000                      0.0                           
BR_OII_DISP_RES               171.256264                    nan                           nan                           
BR_OII_EW                     0.000000                      0.000000                      1.0                           
BR_OII_FLUX                   0.000000                      0.000000                      0.0                           
BR_OII_FWHM                   0.000000                      0.000000                      0.0                           
BR_OII_FWHM_CORR              0.000000                      0.000000                      0.0                           
BR_OII_LUM                    0.000000                      0.000000                      1.0                           
BR_OII_NPIX                   0.000000                      0.000000                      0.0                           
BR_OII_SNR                    0.000000                      0.000000                      0.0                           
BR_OII_VOFF                   1.142550                      0.000000                      1.0                           
BR_OII_W80                    0.000000                      0.000000                      0.0                           
BR_OII_W80_CORR               0.000000                      0.000000                      0.0                           
BR_OPT_FEII_AMP               0.447060                      0.822296                      1.0                           
BR_OPT_FEII_DISP              500.002848                    0.000001                      0.0                           
BR_OPT_FEII_TEMPLATE_EW       0.959255                      1.767303                      1.0                           
BR_OPT_FEII_TEMPLATE_FLUX     -15.739574                    0.000000                      1.0                           
BR_OPT_FEII_TEMPLATE_LUM      40.305032                     0.000000                      1.0                           
BR_OPT_FEII_VOFF              0.706780                      0.000001                      0.0                           
HOST_FRAC_4000                0.476648                      0.000704                      0.0                           
HOST_FRAC_7000                -1.093164                     0.003568                      1.0                           
H_ALPHA_COMP_DISP             1035.333373                   0.000314                      0.0                           
H_ALPHA_COMP_DISP_CORR        1030.757576                   0.000314                      0.0                           
H_ALPHA_COMP_DISP_RES         97.231744                     nan                           nan                           
H_ALPHA_COMP_EW               217.003772                    2.387605                      0.0                           
H_ALPHA_COMP_FLUX             -13.421960                    0.004559                      0.0                           
H_ALPHA_COMP_FWHM             2438.498647                   0.000315                      0.0                           
H_ALPHA_COMP_FWHM_CORR        2427.725761                   0.000315                      0.0                           
H_ALPHA_COMP_LUM              42.622646                     0.004559                      0.0                           
H_ALPHA_COMP_NPIX             85.000000                     0.000000                      0.0                           
H_ALPHA_COMP_SNR              30.957167                     0.324772                      0.0                           
H_ALPHA_COMP_VOFF             199.395054                    0.000346                      0.0                           
H_ALPHA_COMP_W80              2717.399043                   0.000331                      0.0                           
H_ALPHA_COMP_W80_CORR         2705.912129                   0.000331                      0.0                           
H_BETA_COMP_DISP              1800.518896                   105.602471                    0.0                           
H_BETA_COMP_DISP_CORR         1795.727856                   105.602471                    0.0                           
H_BETA_COMP_DISP_RES          131.262198                    nan                           nan                           
H_BETA_COMP_EW                33.189811                     1.017748                      0.0                           
H_BETA_COMP_FLUX              -14.191553                    0.012936                      0.0                           
H_BETA_COMP_FWHM              3182.127067                   40.079403                     0.0                           
H_BETA_COMP_FWHM_CORR         3167.079443                   40.079403                     0.0                           
H_BETA_COMP_LUM               41.853053                     0.012936                      0.0                           
H_BETA_COMP_NPIX              94.000000                     2.319115                      0.0                           
H_BETA_COMP_SNR               9.530636                      0.210075                      0.0                           
H_BETA_COMP_VOFF              18.123744                     0.847729                      0.0                           
H_BETA_COMP_W80               4046.547449                   187.187457                    0.0                           
H_BETA_COMP_W80_CORR          4032.494378                   187.187457                    0.0                           
LOG_LIKE                      1.468613                      0.065213                      0.0                           
L_CONT_AGN_3000               43.952254                     0.001168                      0.0                           
L_CONT_AGN_5100               44.019520                     0.000910                      0.0                           
L_CONT_HOST_3000              43.844859                     0.001498                      0.0                           
L_CONT_HOST_5100              42.425507                     0.029319                      0.0                           
L_CONT_TOT_3000               43.952254                     0.001168                      0.0                           
L_CONT_TOT_5100               44.019520                     0.000910                      0.0                           
NA_H_ALPHA_AMP                55.614425                     0.583452                      0.0                           
NA_H_ALPHA_DISP               1035.338087                   0.000134                      0.0                           
NA_H_ALPHA_DISP_CORR          1030.762311                   0.000134                      0.0                           
NA_H_ALPHA_DISP_RES           97.231744                     nan                           nan                           
NA_H_ALPHA_EW                 217.003772                    2.387605                      0.0                           
NA_H_ALPHA_FLUX               -13.421960                    0.004559                      0.0                           
NA_H_ALPHA_FWHM               2438.498647                   0.000315                      0.0                           
NA_H_ALPHA_FWHM_CORR          2427.725761                   0.000315                      0.0                           
NA_H_ALPHA_LUM                42.622646                     0.004559                      0.0                           
NA_H_ALPHA_NPIX               85.000000                     0.000000                      0.0                           
NA_H_ALPHA_SNR                69.752092                     0.731770                      0.0                           
NA_H_ALPHA_VOFF               199.395195                    0.000312                      0.0                           
NA_H_ALPHA_W80                2717.399043                   0.000331                      0.0                           
NA_H_ALPHA_W80_CORR           2705.912129                   0.000331                      0.0                           
NA_H_BETA_AMP                 8.475600                      0.302811                      0.0                           
NA_H_BETA_DISP                1291.057404                   0.000011                      0.0                           
NA_H_BETA_DISP_CORR           1284.367336                   0.000011                      0.0                           
NA_H_BETA_DISP_RES            131.262198                    nan                           nan                           
NA_H_BETA_EW                  27.468744                     0.971691                      0.0                           
NA_H_BETA_FLUX                -14.273702                    0.015415                      0.0                           
NA_H_BETA_FWHM                3040.994096                   0.000025                      0.0                           
NA_H_BETA_FWHM_CORR           3025.244555                   0.000025                      0.0                           
NA_H_BETA_LUM                 41.770904                     0.015415                      0.0                           
NA_H_BETA_NPIX                78.000000                     0.676463                      0.0                           
NA_H_BETA_SNR                 10.629025                     0.379747                      0.0                           
NA_H_BETA_VOFF                21.678068                     0.000010                      0.0                           
NA_H_BETA_W80                 3385.654336                   0.001182                      0.0                           
NA_H_BETA_W80_CORR            3368.845490                   0.001182                      0.0                           
NA_OIII_a_AMP                 21.591467                     1.278097                      0.0                           
NA_OIII_a_DISP                211.037499                    0.000394                      0.0                           
NA_OIII_a_DISP_CORR           167.267607                    0.000394                      0.0                           
NA_OIII_a_DISP_RES            128.679344                    nan                           nan                           
NA_OIII_a_EW                  11.878562                     0.233283                      0.0                           
NA_OIII_a_FLUX                -14.645822                    0.008673                      0.0                           
NA_OIII_a_FWHM                498.518182                    0.000904                      0.0                           
NA_OIII_a_FWHM_CORR           395.857072                    0.000904                      0.0                           
NA_OIII_a_LUM                 41.398784                     0.008673                      0.0                           
NA_OIII_a_NPIX                15.000000                     0.000000                      0.0                           
NA_OIII_a_SNR                 27.081943                     0.537954                      0.0                           
NA_OIII_a_VOFF                -167.127205                   0.000561                      0.0                           
NA_OIII_a_W80                 557.873693                    0.001009                      0.0                           
NA_OIII_a_W80_CORR            449.568501                    0.001009                      0.0                           
NA_OIII_b_AMP                 64.342571                     1.278097                      0.0                           
NA_OIII_b_DISP                211.037499                    0.000394                      0.0                           
NA_OIII_b_DISP_CORR           168.208112                    0.000394                      0.0                           
NA_OIII_b_DISP_RES            127.447468                    nan                           nan                           
NA_OIII_b_EW                  36.080603                     0.708684                      0.0                           
NA_OIII_b_FLUX                -14.167428                    0.008673                      0.0                           
NA_OIII_b_FWHM                499.463859                    0.000927                      0.0                           
NA_OIII_b_FWHM_CORR           399.244481                    0.000927                      0.0                           
NA_OIII_b_LUM                 41.877178                     0.008673                      0.0                           
NA_OIII_b_NPIX                18.000000                     0.491073                      0.0                           
NA_OIII_b_SNR                 80.422596                     1.597508                      0.0                           
NA_OIII_b_VOFF                -167.127205                   0.000561                      0.0                           
NA_OIII_b_W80                 557.154653                    0.000985                      0.0                           
NA_OIII_b_W80_CORR            450.986895                    0.000985                      0.0                           
NA_OII_AMP                    2.883758                      0.171691                      0.0                           
NA_OII_DISP                   1246.816425                   0.000019                      0.0                           
NA_OII_DISP_CORR              1234.998984                   0.000019                      0.0                           
NA_OII_DISP_RES               171.256264                    nan                           nan                           
NA_OII_EW                     6.482167                      0.388551                      0.0                           
NA_OII_FLUX                   -14.872584                    0.025975                      0.0                           
NA_OII_FWHM                   2936.357131                   0.000044                      0.0                           
NA_OII_FWHM_CORR              2908.532806                   0.000044                      0.0                           
NA_OII_LUM                    41.172022                     0.025975                      0.0                           
NA_OII_NPIX                   59.000000                     1.315454                      0.0                           
NA_OII_SNR                    3.617044                      0.215349                      0.0                           
NA_OII_VOFF                   9.136259                      0.000004                      0.0                           
NA_OII_W80                    3270.025088                   0.002537                      0.0                           
NA_OII_W80_CORR               3240.339933                   0.002537                      0.0                           
NA_OPT_FEII_AMP               3.040204                      0.482829                      0.0                           
NA_OPT_FEII_DISP              10.248056                     0.000001                      0.0                           
NA_OPT_FEII_TEMPLATE_EW       9.002502                      1.435096                      0.0                           
NA_OPT_FEII_TEMPLATE_FLUX     -14.754282                    0.075951                      0.0                           
NA_OPT_FEII_TEMPLATE_LUM      41.290324                     0.075951                      0.0                           
NA_OPT_FEII_VOFF              -0.219341                     0.000007                      0.0                           
OIII_a_COMP_DISP              1538.449588                   57.072418                     0.0                           
OIII_a_COMP_DISP_CORR         1533.058629                   57.072418                     0.0                           
OIII_a_COMP_DISP_RES          128.679344                    nan                           nan                           
OIII_a_COMP_EW                15.120808                     0.273208                      0.0                           
OIII_a_COMP_FLUX              -14.541083                    0.007650                      0.0                           
OIII_a_COMP_FWHM              504.713071                    0.589350                      0.0                           
OIII_a_COMP_FWHM_CORR         403.630682                    0.589350                      0.0                           
OIII_a_COMP_LUM               41.503523                     0.007650                      0.0                           
OIII_a_COMP_NPIX              17.000000                     0.169767                      0.0                           
OIII_a_COMP_SNR               18.624473                     0.352691                      0.0                           
OIII_a_COMP_VOFF              -131.480581                   2.672724                      0.0                           
OIII_a_COMP_W80               1311.451421                   265.113961                    0.0                           
OIII_a_COMP_W80_CORR          1269.170441                   265.113961                    0.0                           
OIII_b_COMP_DISP              1538.956037                   57.053993                     0.0                           
OIII_b_COMP_DISP_CORR         1533.669725                   57.053993                     0.0                           
OIII_b_COMP_DISP_RES          127.447468                    nan                           nan                           
OIII_b_COMP_EW                45.928549                     0.829827                      0.0                           
OIII_b_COMP_FLUX              -14.062686                    0.007650                      0.0                           
OIII_b_COMP_FWHM              505.697976                    0.593083                      0.0                           
OIII_b_COMP_FWHM_CORR         407.016525                    0.593083                      0.0                           
OIII_b_COMP_LUM               41.981921                     0.007650                      0.0                           
OIII_b_COMP_NPIX              77.000000                     7.428052                      0.0                           
OIII_b_COMP_SNR               61.862991                     1.974960                      0.0                           
OIII_b_COMP_VOFF              -131.481951                   2.673440                      0.0                           
OIII_b_COMP_W80               1311.126324                   265.229736                    0.0                           
OIII_b_COMP_W80_CORR          1269.653539                   265.229736                    0.0                           
OII_COMP_DISP                 1246.731492                   0.005269                      0.0                           
OII_COMP_DISP_CORR            1234.913238                   0.005269                      0.0                           
OII_COMP_DISP_RES             171.256264                    nan                           nan                           
OII_COMP_EW                   6.482167                      0.388551                      0.0                           
OII_COMP_FLUX                 -14.872584                    0.025975                      0.0                           
OII_COMP_FWHM                 2936.357131                   0.000044                      0.0                           
OII_COMP_FWHM_CORR            2908.532806                   0.000044                      0.0                           
OII_COMP_LUM                  41.172022                     0.025975                      0.0                           
OII_COMP_NPIX                 59.000000                     1.315454                      0.0                           
OII_COMP_SNR                  3.563537                      0.217527                      0.0                           
OII_COMP_VOFF                 9.134386                      0.002192                      0.0                           
OII_COMP_W80                  3270.025088                   0.002537                      0.0                           
OII_COMP_W80_CORR             3240.339933                   0.002537                      0.0                           
POWER_AMP                     21.062543                     0.015577                      0.0                           
POWER_SLOPE                   2.104965                      0.000058                      0.0                           
RCHI_SQUARED                  3.022953                      0.012959                      0.0                           
R_SQUARED                     0.990176                      0.000011                      0.0                           
NOISE_STD                     0.769536                                                                                  
RESID_STD                     2.114556                                                                                  
--------------------------------------------------------------------------------------
 - Done fitting 2-onur! 

End process memory: 0.26028032                    
