7.0.1
1.3.2
2.1.6
3.1.6
['/home/onur/Documents/AGNEmissionLines_ThirdPartyLibraries/.venv/lib/python3.12/site-packages/pyqsofit']
FWHM Resolution: 1140 Å
[4000.06 4002.37 4004.69 ... 9997.56 9998.72 9999.89] Angstrom [2.31 2.32 2.31 ... 1.77 1.73 1.69] erg / (Angstrom s cm2) [0.0462 0.0464 0.0462 ... 0.0354 0.0346 0.0338] erg / (Angstrom s cm2) 0.348
Name            Value      Min      Max   Stderr     Vary     Expr Brute_Step
Balmer_Tau        0.5      0.1        2     None    False     None     None
Balmer_Te     1.5e+04    1e+04    5e+04     None    False     None     None
Blamer_norm         0        0    1e+10     None    False     None     None
Fe_op_FWHM       3000     1200  1.8e+04     None     True     None     None
Fe_op_norm          0        0    1e+10     None     True     None     None
Fe_op_shift         0    -0.01     0.01     None     True     None     None
Fe_uv_FWHM       3000     1200  1.8e+04     None     True     None     None
Fe_uv_norm          0        0    1e+10     None     True     None     None
Fe_uv_shift         0    -0.01     0.01     None     True     None     None
PL_norm             1        0    1e+10     None     True     None     None
PL_slope         -1.5       -5        3     None     True     None     None
conti_a_0           0     -inf      inf     None     True     None     None
conti_a_1           0     -inf      inf     None     True     None     None
conti_a_2           0     -inf      inf     None     True     None     None
Fitting continuum
Fit report
[[Variables]]
    Fe_uv_norm:   0.03230138 +/- 0.00848509 (26.27%) (init = 0)
    Fe_uv_FWHM:   17999.4708 +/- 20250.2066 (112.50%) (init = 3000)
    Fe_uv_shift:  0.00645823 +/- 0.01401349 (216.99%) (init = 0)
    Fe_op_norm:   0.16504298 +/- 0.01499876 (9.09%) (init = 0)
    Fe_op_FWHM:   2807.86285 +/- 864.718391 (30.80%) (init = 3000)
    Fe_op_shift: -0.01000000 +/- 16.8227350 (168227.35%) (init = 0)
    PL_norm:      3.16639270 +/- 0.09436444 (2.98%) (init = 1)
    PL_slope:     0.01003651 +/- 4.54430421 (45277.74%) (init = -1.5)
    Blamer_norm:  0 (fixed)
    Balmer_Te:    15000 (fixed)
    Balmer_Tau:   0.5 (fixed)
    conti_a_0:    12.1969714 +/- 4615.32935 (37839.96%) (init = 0)
    conti_a_1:   -0.04881155 +/- 0.54986404 (1126.50%) (init = 0)
    conti_a_2:    1.3014e-05 +/- 4.0449e-05 (310.82%) (init = 0)
[[Correlations]] (unreported correlations are < 0.100)
    C(PL_slope, conti_a_0)     = -0.9994
    C(conti_a_0, conti_a_1)    = -0.9957
    C(conti_a_1, conti_a_2)    = -0.9949
    C(PL_slope, conti_a_1)     = +0.9921
    C(conti_a_0, conti_a_2)    = +0.9815
    C(PL_slope, conti_a_2)     = -0.9749
    C(Fe_uv_norm, PL_norm)     = -0.9681
    C(Fe_uv_FWHM, PL_norm)     = -0.8869
    C(Fe_uv_norm, Fe_uv_FWHM)  = +0.8522
    C(Fe_op_norm, Fe_op_FWHM)  = +0.6310
    C(Fe_op_norm, conti_a_2)   = -0.5565
    C(Fe_op_norm, conti_a_1)   = +0.5186
    C(Fe_op_norm, conti_a_0)   = -0.4756
    C(Fe_uv_FWHM, PL_slope)    = +0.4679
    C(Fe_op_norm, PL_slope)    = +0.4618
    C(PL_norm, PL_slope)       = -0.4596
    C(Fe_uv_FWHM, conti_a_0)   = -0.4440
    C(PL_norm, conti_a_0)      = +0.4332
    C(Fe_op_FWHM, conti_a_2)   = -0.4257
    C(Fe_op_FWHM, conti_a_1)   = +0.4032
    C(Fe_uv_FWHM, conti_a_1)   = +0.3839
    C(Fe_op_FWHM, conti_a_0)   = -0.3747
    C(PL_norm, conti_a_1)      = -0.3698
    C(Fe_op_FWHM, PL_slope)    = +0.3642
    C(Fe_uv_norm, PL_slope)    = +0.3369
    C(Fe_uv_FWHM, conti_a_2)   = -0.3214
    C(Fe_uv_norm, conti_a_0)   = -0.3122
    C(PL_norm, conti_a_2)      = +0.3052
    C(Fe_uv_norm, conti_a_1)   = +0.2562
    C(Fe_uv_shift, PL_norm)    = -0.2407
    C(Fe_uv_norm, Fe_op_norm)  = +0.2342
    C(Fe_uv_norm, Fe_uv_shift) = +0.2188
    C(Fe_uv_FWHM, Fe_uv_shift) = +0.2066
    C(Fe_uv_norm, conti_a_2)   = -0.2011
    C(Fe_op_norm, PL_norm)     = -0.1847
    C(Fe_uv_norm, Fe_op_shift) = -0.1760
    C(Fe_op_shift, PL_norm)    = +0.1536
    C(Fe_uv_FWHM, Fe_op_norm)  = +0.1217
    C(Fe_uv_FWHM, Fe_op_shift) = -0.1204
    C(Fe_op_FWHM, Fe_op_shift) = +0.1146
    C(Fe_uv_shift, PL_slope)   = +0.1101
    C(Fe_uv_shift, conti_a_0)  = -0.1019
Name                    Value      Min      Max   Stderr     Vary     Expr Brute_Step
Hb_br_1_dwave               0    -0.01     0.01     None     True     None     None
Hb_br_1_scale               0        0    1e+10     None     True     None     None
Hb_br_1_sigma           0.005    0.004     0.05     None     True     None     None
Hb_br_2_dwave               0    -0.01     0.01     None     True     None     None
Hb_br_2_scale               0        0    1e+10     None     True     None     None
Hb_br_2_sigma           0.005    0.004     0.05     None     True     None     None
Hb_na_1_dwave               0    -0.01     0.01     None     True     None     None
Hb_na_1_scale               0        0    1e+10     None     True     None     None
Hb_na_1_sigma           0.001  0.00023  0.00169     None     True     None     None
HeII4687_br_1_dwave         0   -0.005    0.005     None     True     None     None
HeII4687_br_1_scale         0        0    1e+10     None     True     None     None
HeII4687_br_1_sigma     0.005    0.004     0.05     None     True     None     None
HeII4687_na_1_dwave         0   -0.005    0.005     None    False Hb_na_1_dwave     None
HeII4687_na_1_scale         0        0    1e+10     None     True     None     None
HeII4687_na_1_sigma     0.001  0.00023  0.00169     None    False Hb_na_1_sigma     None
OIII4959c_1_dwave           0    -0.01     0.01     None    False Hb_na_1_dwave     None
OIII4959c_1_scale           0        0    1e+10     None     True     None     None
OIII4959c_1_sigma       0.001  0.00023  0.00169     None    False Hb_na_1_sigma     None
OIII4959w_1_dwave           0    -0.01     0.01     None     True     None     None
OIII4959w_1_scale           0        0    1e+10     None     True     None     None
OIII4959w_1_sigma       0.003  0.00023    0.004     None     True     None     None
OIII5007c_1_dwave           0    -0.01     0.01     None    False Hb_na_1_dwave     None
OIII5007c_1_scale           0        0    1e+10     None     True     None     None
OIII5007c_1_sigma       0.001  0.00023  0.00169     None    False Hb_na_1_sigma     None
OIII5007w_1_dwave           0    -0.01     0.01     None    False OIII4959w_1_dwave     None
OIII5007w_1_scale           0        0    1e+10     None     True     None     None
OIII5007w_1_sigma       0.003  0.00023    0.004     None    False OIII4959w_1_sigma     None
Fitting complex Hb
Fit report
[[Variables]]
    Hb_br_1_scale:        0.03764711 (init = 0)
    Hb_br_1_dwave:       -8.5932e-04 (init = 0)
    Hb_br_1_sigma:        0.00400000 (init = 0.005)
    Hb_br_2_scale:        0.03764711 (init = 0)
    Hb_br_2_dwave:       -8.5932e-04 (init = 0)
    Hb_br_2_sigma:        0.00400000 (init = 0.005)
    Hb_na_1_scale:        1.78755344 (init = 0)
    Hb_na_1_dwave:        1.6165e-04 (init = 0)
    Hb_na_1_sigma:        0.00169000 (init = 0.001)
    OIII4959c_1_scale:    1.36519296 (init = 0)
    OIII4959c_1_dwave:    1.6165e-04 == 'Hb_na_1_dwave'
    OIII4959c_1_sigma:    0.00169000 == 'Hb_na_1_sigma'
    OIII5007c_1_scale:    1.79247006 (init = 0)
    OIII5007c_1_dwave:    1.6165e-04 == 'Hb_na_1_dwave'
    OIII5007c_1_sigma:    0.00169000 == 'Hb_na_1_sigma'
    OIII4959w_1_scale:    0.00309031 (init = 0)
    OIII4959w_1_dwave:    0.00130756 (init = 0)
    OIII4959w_1_sigma:    0.00267590 (init = 0.003)
    OIII5007w_1_scale:    1.68949188 (init = 0)
    OIII5007w_1_dwave:    0.00130756 == 'OIII4959w_1_dwave'
    OIII5007w_1_sigma:    0.00267590 == 'OIII4959w_1_sigma'
    HeII4687_br_1_scale:  0.05722922 (init = 0)
    HeII4687_br_1_dwave:  0.00500000 (init = 0)
    HeII4687_br_1_sigma:  0.00772542 (init = 0.005)
    HeII4687_na_1_scale:  0.11532830 (init = 0)
    HeII4687_na_1_dwave:  1.6165e-04 == 'Hb_na_1_dwave'
    HeII4687_na_1_sigma:  0.00169000 == 'Hb_na_1_sigma'
Name                Value      Min      Max   Stderr     Vary     Expr Brute_Step
Ha_br_1_dwave           0   -0.015    0.015     None     True     None     None
Ha_br_1_scale           0        0    1e+10     None     True     None     None
Ha_br_1_sigma       0.005    0.004     0.05     None     True     None     None
Ha_br_2_dwave           0   -0.015    0.015     None     True     None     None
Ha_br_2_scale           0        0    1e+10     None     True     None     None
Ha_br_2_sigma       0.005    0.004     0.05     None     True     None     None
Ha_na_1_dwave           0    -0.01     0.01     None     True     None     None
Ha_na_1_scale           0        0    1e+10     None     True     None     None
Ha_na_1_sigma       0.001   0.0005  0.00169     None     True     None     None
NII6549_1_dwave         0   -0.005    0.005     None    False Ha_na_1_dwave     None
NII6549_1_scale         0        0    1e+10     None     True     None     None
NII6549_1_sigma     0.001  0.00023  0.00169     None    False Ha_na_1_sigma     None
NII6585_1_dwave         0   -0.005    0.005     None    False Ha_na_1_dwave     None
NII6585_1_scale         0        0    1e+10     None    False 3.0 * NII6549_1_scale     None
NII6585_1_sigma     0.001  0.00023  0.00169     None    False Ha_na_1_sigma     None
SII6718_1_dwave         0   -0.005    0.005     None    False Ha_na_1_dwave     None
SII6718_1_scale         0        0    1e+10     None     True     None     None
SII6718_1_sigma     0.001  0.00023  0.00169     None    False Ha_na_1_sigma     None
SII6732_1_dwave         0   -0.005    0.005     None    False Ha_na_1_dwave     None
SII6732_1_scale         0        0    1e+10     None    False 1.0 * SII6718_1_scale     None
SII6732_1_sigma     0.001  0.00023  0.00169     None    False Ha_na_1_sigma     None
Fitting complex Ha
Fit report
[[Variables]]
    Ha_br_1_scale:    0.10230483 (init = 0)
    Ha_br_1_dwave:    0.01243681 (init = 0)
    Ha_br_1_sigma:    0.00400000 (init = 0.005)
    Ha_br_2_scale:    0.10184076 (init = 0)
    Ha_br_2_dwave:    0.01243681 (init = 0)
    Ha_br_2_sigma:    0.00400000 (init = 0.005)
    Ha_na_1_scale:    5.23868338 (init = 0)
    Ha_na_1_dwave:   -9.7852e-05 (init = 0)
    Ha_na_1_sigma:    0.00169000 (init = 0.001)
    NII6549_1_scale:  0.13312851 (init = 0)
    NII6549_1_dwave: -9.7852e-05 == 'Ha_na_1_dwave'
    NII6549_1_sigma:  0.00169000 == 'Ha_na_1_sigma'
    NII6585_1_scale:  0.39938552 == '3.0 * NII6549_1_scale'
    NII6585_1_dwave: -9.7852e-05 == 'Ha_na_1_dwave'
    NII6585_1_sigma:  0.00169000 == 'Ha_na_1_sigma'
    SII6718_1_scale:  0.19521995 (init = 0)
    SII6718_1_dwave: -9.7852e-05 == 'Ha_na_1_dwave'
    SII6718_1_sigma:  0.00169000 == 'Ha_na_1_sigma'
    SII6732_1_scale:  0.19521995 == '1.0 * SII6718_1_scale'
    SII6732_1_dwave: -9.7852e-05 == 'Ha_na_1_dwave'
    SII6732_1_sigma:  0.00169000 == 'Ha_na_1_sigma'
Saving figure as ./result.pdf
Fitting finished in 5.4s
['ra' 'dec' 'plateid' 'MJD' 'fiberid' 'redshift' 'SN_ratio_conti'
 'Fe_uv_norm' 'Fe_uv_FWHM' 'Fe_uv_shift' 'Fe_op_norm' 'Fe_op_FWHM'
 'Fe_op_shift' 'PL_norm' 'PL_slope' 'Blamer_norm' 'Balmer_Te' 'Balmer_Tau'
 'conti_a_0' 'conti_a_1' 'conti_a_2' 'L1350' 'L1450' 'L3000' 'L4200'
 'L5100' 'Fe_flux_4435_4685']

['-999' '-999' '0' '0' '0' '0.348' '17.202028926078437'
 '0.03230138378995662' '17999.47078567204' '0.006458230766114528'
 '0.1650429792832142' '2807.862845680689' '-0.009999999773706329'
 '3.166392703590759' '0.010036509567768803' '0.0' '15000.0' '0.5'
 '12.196971417407676' '-0.048811549577237386' '1.3013649763560052e-05'
 '-1.0' '-1.0' '43.587383747441834' '43.73042107821535'
 '43.81061092011542' '71.96987119248931']
['Hb_br_1_scale' 'Hb_br_1_centerwave' 'Hb_br_1_sigma' 'Hb_br_2_scale'
 'Hb_br_2_centerwave' 'Hb_br_2_sigma' 'Hb_na_1_scale' 'Hb_na_1_centerwave'
 'Hb_na_1_sigma' 'OIII4959c_1_scale' 'OIII4959c_1_centerwave'
 'OIII4959c_1_sigma' 'OIII5007c_1_scale' 'OIII5007c_1_centerwave'
 'OIII5007c_1_sigma' 'OIII4959w_1_scale' 'OIII4959w_1_centerwave'
 'OIII4959w_1_sigma' 'OIII5007w_1_scale' 'OIII5007w_1_centerwave'
 'OIII5007w_1_sigma' 'HeII4687_br_1_scale' 'HeII4687_br_1_centerwave'
 'HeII4687_br_1_sigma' 'HeII4687_na_1_scale' 'HeII4687_na_1_centerwave'
 'HeII4687_na_1_sigma' 'Ha_br_1_scale' 'Ha_br_1_centerwave'
 'Ha_br_1_sigma' 'Ha_br_2_scale' 'Ha_br_2_centerwave' 'Ha_br_2_sigma'
 'Ha_na_1_scale' 'Ha_na_1_centerwave' 'Ha_na_1_sigma' 'NII6549_1_scale'
 'NII6549_1_centerwave' 'NII6549_1_sigma' 'NII6585_1_scale'
 'NII6585_1_centerwave' 'NII6585_1_sigma' 'SII6718_1_scale'
 'SII6718_1_centerwave' 'SII6718_1_sigma' 'SII6732_1_scale'
 'SII6732_1_centerwave' 'SII6732_1_sigma']

[3.76471077e-02 8.48271078e+00 4.00000019e-03 3.76471077e-02
 8.48271078e+00 4.00000019e-03 1.78755344e+00 8.48373175e+00
 1.68999995e-03 1.36519296e+00 8.50331640e+00 1.68999995e-03
 1.79247006e+00 8.51900148e+00 1.68999995e-03 3.09030579e-03
 8.50446231e+00 2.67589629e-03 1.68949188e+00 8.52014739e+00
 2.67589629e-03 5.72292214e-02 8.45755184e+00 7.72542190e-03
 1.15328302e-01 8.45271349e+00 1.68999995e-03 1.02304831e-01
 8.79990286e+00 4.00000046e-03 1.01840758e-01 8.79990286e+00
 4.00000101e-03 5.23868338e+00 8.78736820e+00 1.68999995e-03
 1.33128508e-01 8.78709926e+00 1.68999995e-03 3.99385525e-01
 8.79249420e+00 1.68999995e-03 1.95219951e-01 8.81249084e+00
 1.68999995e-03 1.95219951e-01 8.81462898e+00 1.68999995e-03]
['Hb_br_1_scale' 'Hb_br_1_sigma' 'Hb_br_2_centerwave' 'Hb_na_1_scale'
 'Hb_na_1_sigma' 'OIII4959c_1_centerwave' 'OIII5007c_1_scale'
 'OIII5007c_1_sigma' 'OIII4959w_1_centerwave' 'OIII5007w_1_scale'
 'OIII5007w_1_sigma' 'HeII4687_br_1_centerwave' 'HeII4687_na_1_scale'
 'HeII4687_na_1_sigma' 'Ha_br_1_centerwave' 'Ha_br_2_scale'
 'Ha_br_2_sigma' 'Ha_na_1_centerwave' 'NII6549_1_scale' 'NII6549_1_sigma'
 'NII6585_1_centerwave' 'SII6718_1_scale' 'SII6718_1_sigma'
 'SII6732_1_centerwave']

[]
(0,)
['1_complex_name' '1_line_status' '1_line_min_chi2' '1_line_bic'
 '1_line_red_chi2' '1_niter' '1_ndof' '2_complex_name' '2_line_status'
 '2_line_min_chi2' '2_line_bic' '2_line_red_chi2' '2_niter' '2_ndof'
 'Hb_br_1_scale' 'Hb_br_1_centerwave' 'Hb_br_1_sigma' 'Hb_br_2_scale'
 'Hb_br_2_centerwave' 'Hb_br_2_sigma' 'Hb_na_1_scale' 'Hb_na_1_centerwave'
 'Hb_na_1_sigma' 'OIII4959c_1_scale' 'OIII4959c_1_centerwave'
 'OIII4959c_1_sigma' 'OIII5007c_1_scale' 'OIII5007c_1_centerwave'
 'OIII5007c_1_sigma' 'OIII4959w_1_scale' 'OIII4959w_1_centerwave'
 'OIII4959w_1_sigma' 'OIII5007w_1_scale' 'OIII5007w_1_centerwave'
 'OIII5007w_1_sigma' 'HeII4687_br_1_scale' 'HeII4687_br_1_centerwave'
 'HeII4687_br_1_sigma' 'HeII4687_na_1_scale' 'HeII4687_na_1_centerwave'
 'HeII4687_na_1_sigma' 'Ha_br_1_scale' 'Ha_br_1_centerwave'
 'Ha_br_1_sigma' 'Ha_br_2_scale' 'Ha_br_2_centerwave' 'Ha_br_2_sigma'
 'Ha_na_1_scale' 'Ha_na_1_centerwave' 'Ha_na_1_sigma' 'NII6549_1_scale'
 'NII6549_1_centerwave' 'NII6549_1_sigma' 'NII6585_1_scale'
 'NII6585_1_centerwave' 'NII6585_1_sigma' 'SII6718_1_scale'
 'SII6718_1_centerwave' 'SII6718_1_sigma' 'SII6732_1_scale'
 'SII6732_1_centerwave' 'SII6732_1_sigma' 'Hb_whole_br_fwhm'
 'Hb_whole_br_sigma' 'Hb_whole_br_ew' 'Hb_whole_br_peak'
 'Hb_whole_br_area' 'Hb_whole_br_snr' 'Ha_whole_br_fwhm'
 'Ha_whole_br_sigma' 'Ha_whole_br_ew' 'Ha_whole_br_peak'
 'Ha_whole_br_area' 'Ha_whole_br_snr']

['Hb' '1' '3010.2421056527305' '706.2797510548943' '13.808450025929956'
 '1452' '218' 'Ha' '1' '8913.501817285203' '1550.0901889419492'
 '17.44325208862075' '768' '511' '0.037647107653526746'
 '8.482710782171408' '0.004000000190699189' '0.037647107653526746'
 '8.482710782171777' '0.004000000190699189' '1.7875534386035952'
 '8.483731747008916' '0.0016899999463705591' '1.3651929586799838'
 '8.503316402770634' '0.0016899999463705591' '1.7924700612681477'
 '8.519001484252568' '0.0016899999463705591' '0.0030903057890441232'
 '8.504462312335283' '0.002675896291801799' '1.6894918797305536'
 '8.520147393817217' '0.002675896291801799' '0.05722922136186526'
 '8.457551841623927' '0.007725421903592499' '0.11532830246352432'
 '8.452713489867802' '0.0016899999463705591' '0.10230483127315892'
 '8.799902859762176' '0.0040000004638843885' '0.10184075804886561'
 '8.799902859111652' '0.004000001014293344' '5.238683375985431'
 '8.787368197576573' '0.0016899999463930726' '0.13312850821733946'
 '8.787099261419346' '0.0016899999463930726' '0.3993855246520184'
 '8.792494197027256' '0.0016899999463930726' '0.1952199513155506'
 '8.812490840093663' '0.0016899999463930726' '0.1952199513155506'
 '8.814628977911045' '0.0016899999463930726' '1959.7855488944294'
 '5649.632528117852' '21.085478009041857' '5014.49961782901'
 '65.71383997049529' '8.260777020236329' '2860.053725123721'
 '1197.8821504158843' '4.21067962499768' '6634.372472993199'
 '13.541453433484659' '1.1208971894898232']
Broad Hb:
FWHM (km/s) 2822.3
Sigma (km/s) 1182.1
EW (A) 1.2
Peak (A) 4830.0
Area (10^(-17) erg/s/cm^2) 3.6
SNR 0.3

Narrow Hb:
FWHM (km/s) 1195.4
Sigma (km/s) 499.9
EW (A) 11.7
Peak (A) 4834.9
Area (10^(-17) erg/s/cm^2) 36.5
SNR 7.3

Broad [OIII]5007:
FWHM (km/s) 1891.5
Sigma (km/s) 792.4
EW (A) 18.2
Peak (A) 5014.8
Area (10^(-17) erg/s/cm^2) 56.7
SNR 5.1

Narrow [OIII]5007:
FWHM (km/s) 1195.4
Sigma (km/s) 499.9
EW (A) 12.2
Peak (A) 5008.5
Area (10^(-17) erg/s/cm^2) 37.9
SNR 5.4
