my_sdss.fits
[1.348 1.348 1.348 ... 1.348 1.348 1.348]
Directory  my_sdss  Created 
global my_sdss/
Directory  output/  already exists
WARNING: parameter br_Heps_3970.fwhm less than new minimum; br_Heps_3970.fwhm reset to 1200
WARNING: parameter br_Hd_4102.fwhm less than new minimum; br_Hd_4102.fwhm reset to 1200
WARNING: parameter br_Hg_4340.fwhm less than new minimum; br_Hg_4340.fwhm reset to 1200
WARNING: parameter br_Hb_4861.fwhm less than new minimum; br_Hb_4861.fwhm reset to 1200
WARNING: parameter br_Ha_6563.fwhm less than new minimum; br_Ha_6563.fwhm reset to 1200
WARNING: parameter br_HeI_3188.fwhm less than new minimum; br_HeI_3188.fwhm reset to 1200
WARNING: parameter br_HeII_3203.fwhm less than new minimum; br_HeII_3203.fwhm reset to 1200
WARNING: parameter br_HeI_4144.fwhm less than new minimum; br_HeI_4144.fwhm reset to 1200
WARNING: parameter br_HeI_4471.fwhm less than new minimum; br_HeI_4471.fwhm reset to 1200
WARNING: parameter br_HeII_4686.fwhm less than new minimum; br_HeII_4686.fwhm reset to 1200
WARNING: parameter br_HeI_5877.fwhm less than new minimum; br_HeI_5877.fwhm reset to 1200
WARNING: parameter br_HeI_7065.fwhm less than new minimum; br_HeI_7065.fwhm reset to 1200
WARNING: parameter br_HeI_7281.fwhm less than new minimum; br_HeI_7281.fwhm reset to 1200
WARNING: parameter HBeta4834_br.fwhm less than new minimum; HBeta4834_br.fwhm reset to 1200
WARNING: parameter OIIIa4958_br.fwhm less than new minimum; OIIIa4958_br.fwhm reset to 1200
WARNING: parameter OIIIb5007_br.fwhm less than new minimum; OIIIb5007_br.fwhm reset to 1200
WARNING: parameter HAlpha6551_br.fwhm less than new minimum; HAlpha6551_br.fwhm reset to 1200
iteration:  1
iteration:  2
iteration:  3
iteration:  4
iteration:  5
iteration:  6
iteration:  7
iteration:  8
iteration:  9
iteration:  10
fit ok
mcmc ok
./output/my_sdss_model.csv
brokenpowerlaw + OIIIb5007_br + OIIIb5007_na + HBeta4834_br + HAlpha6551_br + HBeta4834_na + HAlpha6551_na
   Param        Type          Value          Min          Max      Units
   -----        ----          -----          ---          ---      -----
   brokenpowerlaw.refer thawed      6749.28         5400         7000  angstroms
   brokenpowerlaw.ampl thawed      3.29007      3.09905      3.42527  angstroms
   brokenpowerlaw.index1 thawed            0           -3            0           
   brokenpowerlaw.index2 thawed           -1           -1            1           
   OIIIb5007_br.ampl thawed      3.39364            0          500           
   OIIIb5007_br.pos frozen         5007            0  3.40282e+38  angstroms
   OIIIb5007_br.offs_kms thawed            0            0            0       km/s
   OIIIb5007_br.fwhm thawed      1792.89         1200        10000       km/s
   OIIIb5007_na.ampl thawed      14.8139            0          500           
   OIIIb5007_na.pos frozen         5007            0  3.40282e+38  angstroms
   OIIIb5007_na.offs_kms thawed            0            0            0       km/s
   OIIIb5007_na.fwhm thawed            0            0         1200       km/s
   HBeta4834_br.ampl thawed      1.25381            0          500           
   HBeta4834_br.pos frozen         4834            0  3.40282e+38  angstroms
   HBeta4834_br.offs_kms thawed            0            0            0       km/s
   HBeta4834_br.fwhm thawed      1945.06         1200        10000       km/s
   HAlpha6551_br.ampl thawed      4.77764            0          500           
   HAlpha6551_br.pos frozen         6551            0  3.40282e+38  angstroms
   HAlpha6551_br.offs_kms thawed            0            0            0       km/s
   HAlpha6551_br.fwhm thawed      1394.82         1200        10000       km/s
   HBeta4834_na.ampl thawed            0            0          500           
   HBeta4834_na.pos frozen         4834            0  3.40282e+38  angstroms
   HBeta4834_na.offs_kms thawed            0            0            0       km/s
   HBeta4834_na.fwhm thawed            0            0         1200       km/s
   HAlpha6551_na.ampl thawed            0            0          500           
   HAlpha6551_na.pos frozen         6551            0  3.40282e+38  angstroms
   HAlpha6551_na.offs_kms thawed            0            0            0       km/s
   HAlpha6551_na.fwhm thawed            0            0         1200       km/s
