<IPython.core.display.HTML object>
/app/BADASS3/example_spectra/2-onur
/app/BADASS3/example_spectra/2-onur/my_sdss.fits
0.3231107294559479
Start process memory: 0.22308864                    
 Folder has not been created.  Creating MCMC_output folder...

 > Starting fit for 2-onur

 Input fitting region exceeds available wavelength range.  BADASS will adjust your fitting range automatically...
		- Input fitting range: (2900, 8000)
		- Available wavelength range: (2695, 7859)
		- New fitting region is (2900, 7860). 


 Input spectrum is not linearly binned. BADASS will linearly rebin and conserve flux...


-----------------------------------------------------------
 file:                        my_sdss.fits                  
 redshift:                    0.32311                       
 fitting region:              (2900,7860) [A]               
 velocity scale:              69.03 [km/s/pixel]            
 Galactic E(B-V):             0.000                         
 Flux Normalization:          1e-17                         
 Fit Normalization:           215.45058                     
-----------------------------------------------------------

 Initializing parameters...
----------------------------------------------------------------------------------------------------
	- Fitting additive legendre polynomial component.
	- Fitting Simple AGN power-law continuum.
	- Fitting broad and narrow optical FeII using Veron-Cetty et al. (2004) optical FeII templates
	 		* varying optical FeII amplitudes
	 		* varying optical FeII dispersion.
	 		* varying optical FeII voff

 Warning! Peak finding algorithm used for initial guesses of amplitude and velocity failed! Defaulting to user-defined locations...

 Warning! Peak finding algorithm used for initial guesses of amplitude and velocity failed! Defaulting to user-defined locations...

----------------------------------------------------------------------------------------------------------------------------------------

----------------------------------------------------------------------------------------------------------------------------------------

 Line List:

----------------------------------------------------------------------------------------------------------------------------------------
BR_H_ALPHA                                                                                
                              amp                           free                          
                              center                        6564.6                        
                              center_pix                    3548.2700908270917            
                              disp                          free                          
                              disp_res_ang                  1.9257549904734386            
                              disp_res_kms                  87.94546843673623             
                              line_profile                  gaussian                      
                              line_type                     br                            
                              ncomp                         1                             
                              voff                          free                          
BR_H_BETA                                                                                 
                              amp                           free                          
                              center                        4862.691                      
                              center_pix                    2245.011382928234             
                              disp                          free                          
                              disp_res_ang                  1.9257549904734386            
                              disp_res_kms                  118.72578827233701            
                              line_profile                  gaussian                      
                              line_type                     br                            
                              ncomp                         1                             
                              voff                          free                          
BR_OII                                                                                    
                              amp                           free                          
                              center                        3727.09                       
                              center_pix                    1089.9941661475661            
                              disp                          free                          
                              disp_res_ang                  1.9257549904734386            
                              disp_res_kms                  154.90015591246754            
                              line_profile                  gaussian                      
                              line_type                     br                            
                              ncomp                         1                             
                              voff                          free                          
BR_OIII_a                                                                                 
                              amp                           (BR_OIII_b_AMP/2.98)          
                              center                        4960.295                      
                              center_pix                    2331.315895520442             
                              disp                          BR_OIII_b_DISP                
                              disp_res_ang                  1.9257549904734386            
                              disp_res_kms                  116.38961434749318            
                              line_profile                  gaussian                      
                              line_type                     br                            
                              ncomp                         1                             
                              voff                          BR_OIII_b_VOFF                
BR_OIII_b                                                                                 
                              amp                           free                          
                              center                        5008.24                       
                              center_pix                    2373.0903447359274            
                              disp                          free                          
                              disp_res_ang                  1.9257549904734386            
                              disp_res_kms                  115.27539057629002            
                              line_profile                  gaussian                      
                              line_type                     br                            
                              ncomp                         1                             
                              voff                          free                          
NA_H_ALPHA                                                                                
                              amp                           free                          
                              center                        6564.6                        
                              center_pix                    3548.2700908270917            
                              disp                          free                          
                              disp_res_ang                  1.9257549904734386            
                              disp_res_kms                  87.94546843673623             
                              label                         [H$\alpha$]                   
                              line_profile                  gaussian                      
                              line_type                     na                            
                              ncomp                         1                             
                              voff                          free                          
NA_H_BETA                                                                                 
                              amp                           free                          
                              center                        4862.691                      
                              center_pix                    2245.011382928234             
                              disp                          free                          
                              disp_res_ang                  1.9257549904734386            
                              disp_res_kms                  118.72578827233701            
                              label                         H$\beta$                      
                              line_profile                  gaussian                      
                              line_type                     na                            
                              ncomp                         1                             
                              voff                          free                          
NA_OII                                                                                    
                              amp                           free                          
                              center                        3727.09                       
                              center_pix                    1089.9941661475661            
                              disp                          free                          
                              disp_res_ang                  1.9257549904734386            
                              disp_res_kms                  154.90015591246754            
                              label                         [OII]                         
                              line_profile                  gaussian                      
                              line_type                     na                            
                              ncomp                         1                             
                              voff                          free                          
NA_OIII_a                                                                                 
                              amp                           (NA_OIII_b_AMP/2.98)          
                              center                        4960.295                      
                              center_pix                    2331.315895520442             
                              disp                          NA_OIII_b_DISP                
                              disp_res_ang                  1.9257549904734386            
                              disp_res_kms                  116.38961434749318            
                              label                         [OIIIa]                       
                              line_profile                  gaussian                      
                              line_type                     na                            
                              ncomp                         1                             
                              voff                          NA_OIII_b_VOFF                
NA_OIII_b                                                                                 
                              amp                           free                          
                              center                        5008.24                       
                              center_pix                    2373.0903447359274            
                              disp                          free                          
                              disp_res_ang                  1.9257549904734386            
                              disp_res_kms                  115.27539057629002            
                              label                         [OIIIb]                       
                              line_profile                  gaussian                      
                              line_type                     na                            
                              ncomp                         1                             
                              voff                          free                          

----------------------------------------------------------------------------------------------------------------------------------------

 Number of Free Line Parameters: 24

----------------------------------------------------------------------------------------------------------------------------------------

 All Free Parameters:

----------------------------------------------------------------------------------------------------------------------------------------
APOLY_COEFF_1                                                                             
                              init                          0.0                           
                              plim                          (-100.0, 100.0)               
APOLY_COEFF_2                                                                             
                              init                          0.0                           
                              plim                          (-100.0, 100.0)               
APOLY_COEFF_3                                                                             
                              init                          0.0                           
                              plim                          (-100.0, 100.0)               
APOLY_COEFF_4                                                                             
                              init                          0.0                           
                              plim                          (-100.0, 100.0)               
APOLY_COEFF_5                                                                             
                              init                          0.0                           
                              plim                          (-100.0, 100.0)               
APOLY_COEFF_6                                                                             
                              init                          0.0                           
                              plim                          (-100.0, 100.0)               
APOLY_COEFF_7                                                                             
                              init                          0.0                           
                              plim                          (-100.0, 100.0)               
BR_H_ALPHA_AMP                                                                            
                              init                          0.9320434655118524            
                              plim                          (0, 50)                       
BR_H_ALPHA_DISP                                                                           
                              init                          3300.0                        
                              plim                          (600, 6000)                   
BR_H_ALPHA_VOFF                                                                           
                              init                          0.0                           
                              plim                          (-1500, 1500)                 
                              prior                         {'type': 'gaussian'}          
BR_H_BETA_AMP                                                                             
                              init                          0.43007331352555067           
                              plim                          (0, 50)                       
BR_H_BETA_DISP                                                                            
                              init                          3300.0                        
                              plim                          (600, 6000)                   
BR_H_BETA_VOFF                                                                            
                              init                          0.0                           
                              plim                          (-1500, 1500)                 
                              prior                         {'type': 'gaussian'}          
BR_OIII_b_AMP                                                                             
                              init                          0.36549919212350335           
                              plim                          (0, 50)                       
BR_OIII_b_DISP                                                                            
                              init                          3300.0                        
                              plim                          (600, 6000)                   
BR_OIII_b_VOFF                                                                            
                              init                          0.0                           
                              plim                          (-1500, 1500)                 
                              prior                         {'type': 'gaussian'}          
BR_OII_AMP                                                                                
                              init                          0.3876777755766148            
                              plim                          (0, 50)                       
BR_OII_DISP                                                                               
                              init                          3300.0                        
                              plim                          (600, 6000)                   
BR_OII_VOFF                                                                               
                              init                          0.0                           
                              plim                          (-1500, 1500)                 
                              prior                         {'type': 'gaussian'}          
BR_OPT_FEII_AMP                                                                           
                              init                          0.018507018392083813          
                              plim                          (0, 1.50000001783651)         
BR_OPT_FEII_DISP                                                                          
                              init                          500.0                         
                              plim                          (500.0, 5000.0)               
BR_OPT_FEII_VOFF                                                                          
                              init                          0.0                           
                              plim                          (-500.0, 500.0)               
NA_H_ALPHA_AMP                                                                            
                              init                          0.9320434655118524            
                              plim                          (0, 50)                       
NA_H_ALPHA_DISP                                                                           
                              init                          1300.0                        
                              plim                          (100, 2500)                   
NA_H_ALPHA_VOFF                                                                           
                              init                          0.0                           
                              plim                          (-1000, 1000)                 
                              prior                         {'type': 'gaussian'}          
NA_H_BETA_AMP                                                                             
                              init                          0.43007331352555067           
                              plim                          (0, 50)                       
NA_H_BETA_DISP                                                                            
                              init                          1300.0                        
                              plim                          (100, 2500)                   
NA_H_BETA_VOFF                                                                            
                              init                          0.0                           
                              plim                          (-1000, 1000)                 
                              prior                         {'type': 'gaussian'}          
NA_OIII_b_AMP                                                                             
                              init                          0.36549919212350335           
                              plim                          (0, 50)                       
NA_OIII_b_DISP                                                                            
                              init                          1300.0                        
                              plim                          (100, 2500)                   
NA_OIII_b_VOFF                                                                            
                              init                          0.0                           
                              plim                          (-1000, 1000)                 
                              prior                         {'type': 'gaussian'}          
NA_OII_AMP                                                                                
                              init                          0.3876777755766148            
                              plim                          (0, 50)                       
NA_OII_DISP                                                                               
                              init                          1300.0                        
                              plim                          (100, 2500)                   
NA_OII_VOFF                                                                               
                              init                          0.0                           
                              plim                          (-1000, 1000)                 
                              prior                         {'type': 'gaussian'}          
NA_OPT_FEII_AMP                                                                           
                              init                          0.018507018392083813          
                              plim                          (0, 1.50000001783651)         
NA_OPT_FEII_DISP                                                                          
                              init                          10.0                          
                              plim                          (0.1, 500.0)                  
NA_OPT_FEII_VOFF                                                                          
                              init                          0.0                           
                              plim                          (-500.0, 500.0)               
POWER_AMP                                                                                 
                              init                          0.09253509196041906           
                              plim                          (0, 1.50000001783651)         
POWER_SLOPE                                                                               
                              init                          -1.0                          
                              plim                          (-6.0, 6.0)                   

----------------------------------------------------------------------------------------------------------------------------------------

 Total number of free parameters: 39

----------------------------------------------------------------------------------------------------------------------------------------

 Soft Constraints:


----------------------------------------------------------------------------------------------------------------------------------------

----------------------------------------------------------------------------------------------------------------------------------------

 Required Maximum Likelihood RMSE threshold: 0.9957 


 Performing max. likelihood fitting.

 Using Basin-hopping algorithm to estimate parameters. niter_success = 5
basinhopping step 0: f 2.19626
 Fit Status: False
 Force threshold: 0.9957
 Lowest RMSE: 0.1217
 Current RMSE: 0.1217
 Accepted count: 1
 Basinhop count: 0


adaptive stepsize: acceptance rate 0.000000 target 0.500000 new stepsize 0.9 old stepsize 1
basinhopping step 1: f 2.61857 trial_f 2.61857 accepted 1  lowest_f 2.19626
 Fit Status: False
 Force threshold: 0.9957
 Lowest RMSE: 0.1217
 Current RMSE: 0.1329
 Accepted count: 2
 Basinhop count: 1


adaptive stepsize: acceptance rate 0.500000 target 0.500000 new stepsize 0.81 old stepsize 0.9
basinhopping step 2: f 2.67922 trial_f 2.67922 accepted 1  lowest_f 2.19626
 Fit Status: False
 Force threshold: 0.9957
 Lowest RMSE: 0.1217
 Current RMSE: 0.1344
 Accepted count: 3
 Basinhop count: 2


adaptive stepsize: acceptance rate 0.666667 target 0.500000 new stepsize 0.9 old stepsize 0.81
basinhopping step 3: f 2.89812 trial_f 2.89812 accepted 1  lowest_f 2.19626
 Fit Status: False
 Force threshold: 0.9957
 Lowest RMSE: 0.1217
 Current RMSE: 0.1398
 Accepted count: 4
 Basinhop count: 3


adaptive stepsize: acceptance rate 0.750000 target 0.500000 new stepsize 1 old stepsize 0.9
basinhopping step 4: f 2.22783 trial_f 2.22783 accepted 1  lowest_f 2.19626
 Fit Status: False
 Force threshold: 0.9957
 Lowest RMSE: 0.1217
 Current RMSE: 0.1225
 Accepted count: 5
 Basinhop count: 4


adaptive stepsize: acceptance rate 0.800000 target 0.500000 new stepsize 1.11111 old stepsize 1
basinhopping step 5: f 2.22912 trial_f 2.22912 accepted 1  lowest_f 2.19626
 Fit Status: True
 Force threshold: 0.9957
 Lowest RMSE: 0.1217
 Current RMSE: 0.1226
 Accepted count: 6
 Basinhop count: 5



 Performing Monte Carlo bootstrapping...
	   Completed 1 of 100 iterations.
	   Completed 2 of 100 iterations.
	   Completed 3 of 100 iterations.
	   Completed 4 of 100 iterations.
	   Completed 5 of 100 iterations.
	   Completed 6 of 100 iterations.
	   Completed 7 of 100 iterations.
	   Completed 8 of 100 iterations.
	   Completed 9 of 100 iterations.
	   Completed 10 of 100 iterations.
	   Completed 11 of 100 iterations.
	   Completed 12 of 100 iterations.
	   Completed 13 of 100 iterations.
	   Completed 14 of 100 iterations.
	   Completed 15 of 100 iterations.
	   Completed 16 of 100 iterations.
	   Completed 17 of 100 iterations.
	   Completed 18 of 100 iterations.
	   Completed 19 of 100 iterations.
	   Completed 20 of 100 iterations.
	   Completed 21 of 100 iterations.
	   Completed 22 of 100 iterations.
	   Completed 23 of 100 iterations.
	   Completed 24 of 100 iterations.
	   Completed 25 of 100 iterations.
	   Completed 26 of 100 iterations.
	   Completed 27 of 100 iterations.
	   Completed 28 of 100 iterations.
	   Completed 29 of 100 iterations.
	   Completed 30 of 100 iterations.
	   Completed 31 of 100 iterations.
	   Completed 32 of 100 iterations.
	   Completed 33 of 100 iterations.
	   Completed 34 of 100 iterations.
	   Completed 35 of 100 iterations.
	   Completed 36 of 100 iterations.
	   Completed 37 of 100 iterations.
	   Completed 38 of 100 iterations.
	   Completed 39 of 100 iterations.
	   Completed 40 of 100 iterations.
	   Completed 41 of 100 iterations.
	   Completed 42 of 100 iterations.
	   Completed 43 of 100 iterations.
	   Completed 44 of 100 iterations.
	   Completed 45 of 100 iterations.
	   Completed 46 of 100 iterations.
	   Completed 47 of 100 iterations.
	   Completed 48 of 100 iterations.
	   Completed 49 of 100 iterations.
	   Completed 50 of 100 iterations.
	   Completed 51 of 100 iterations.
	   Completed 52 of 100 iterations.
	   Completed 53 of 100 iterations.
	   Completed 54 of 100 iterations.
	   Completed 55 of 100 iterations.
	   Completed 56 of 100 iterations.
	   Completed 57 of 100 iterations.
	   Completed 58 of 100 iterations.
	   Completed 59 of 100 iterations.
	   Completed 60 of 100 iterations.
	   Completed 61 of 100 iterations.
	   Completed 62 of 100 iterations.
	   Completed 63 of 100 iterations.
	   Completed 64 of 100 iterations.
	   Completed 65 of 100 iterations.
	   Completed 66 of 100 iterations.
	   Completed 67 of 100 iterations.
	   Completed 68 of 100 iterations.
	   Completed 69 of 100 iterations.
	   Completed 70 of 100 iterations.
	   Completed 71 of 100 iterations.
	   Completed 72 of 100 iterations.
	   Completed 73 of 100 iterations.
	   Completed 74 of 100 iterations.
	   Completed 75 of 100 iterations.
	   Completed 76 of 100 iterations.
	   Completed 77 of 100 iterations.
	   Completed 78 of 100 iterations.
	   Completed 79 of 100 iterations.
	   Completed 80 of 100 iterations.
	   Completed 81 of 100 iterations.
	   Completed 82 of 100 iterations.
	   Completed 83 of 100 iterations.
	   Completed 84 of 100 iterations.
	   Completed 85 of 100 iterations.
	   Completed 86 of 100 iterations.
	   Completed 87 of 100 iterations.
	   Completed 88 of 100 iterations.
	   Completed 89 of 100 iterations.
	   Completed 90 of 100 iterations.
	   Completed 91 of 100 iterations.
	   Completed 92 of 100 iterations.
	   Completed 93 of 100 iterations.
	   Completed 94 of 100 iterations.
	   Completed 95 of 100 iterations.
	   Completed 96 of 100 iterations.
	   Completed 97 of 100 iterations.
	   Completed 98 of 100 iterations.
	   Completed 99 of 100 iterations.
	   Completed 100 of 100 iterations.

 Maximum Likelihood Best-fit Parameters:
--------------------------------------------------------------------------------------

Parameter                     Best-fit Value                +/- 1-sigma                   Flag                          
--------------------------------------------------------------------------------------
AGN_FRAC_4000                 1.000000                      0.000000                      1.0                           
AGN_FRAC_7000                 1.000000                      0.000000                      1.0                           
APOLY_COEFF_1                 -0.363734                     0.000446                      0.0                           
APOLY_COEFF_2                 0.125925                      0.000521                      0.0                           
APOLY_COEFF_3                 -0.028376                     0.000561                      0.0                           
APOLY_COEFF_4                 -0.023476                     0.000607                      0.0                           
APOLY_COEFF_5                 0.019157                      0.000605                      0.0                           
APOLY_COEFF_6                 0.003831                      0.000791                      0.0                           
APOLY_COEFF_7                 -0.011631                     0.000766                      0.0                           
BR_H_ALPHA_AMP                26.043242                     0.522387                      0.0                           
BR_H_ALPHA_DISP               3307.902278                   0.000013                      0.0                           
BR_H_ALPHA_DISP_CORR          3306.732991                   0.000013                      0.0                           
BR_H_ALPHA_DISP_RES           87.945468                     nan                           nan                           
BR_H_ALPHA_EW                 317.896623                    6.866805                      0.0                           
BR_H_ALPHA_FLUX               -13.203649                    0.008703                      0.0                           
BR_H_ALPHA_FWHM               7789.698462                   0.000031                      0.0                           
BR_H_ALPHA_FWHM_CORR          7786.945114                   0.000031                      0.0                           
BR_H_ALPHA_LUM                43.331115                     0.008703                      0.0                           
BR_H_ALPHA_NPIX               245.000000                    0.944806                      0.0                           
BR_H_ALPHA_SNR                12.532454                     0.251382                      0.0                           
BR_H_ALPHA_VOFF               2.256229                      0.000019                      0.0                           
BR_H_ALPHA_W80                8676.618929                   0.000594                      0.0                           
BR_H_ALPHA_W80_CORR           8673.681471                   0.000594                      0.0                           
BR_H_BETA_AMP                 9.205813                      0.427602                      0.0                           
BR_H_BETA_DISP                3302.194938                   0.000005                      0.0                           
BR_H_BETA_DISP_CORR           3300.059938                   0.000005                      0.0                           
BR_H_BETA_DISP_RES            118.725788                    nan                           nan                           
BR_H_BETA_EW                  50.805764                     2.420082                      0.0                           
BR_H_BETA_FLUX                -13.786370                    0.020243                      0.0                           
BR_H_BETA_FWHM                7776.179541                   0.000013                      0.0                           
BR_H_BETA_FWHM_CORR           7771.152154                   0.000013                      0.0                           
BR_H_BETA_LUM                 42.748395                     0.020243                      0.0                           
BR_H_BETA_NPIX                175.000000                    3.334297                      0.0                           
BR_H_BETA_SNR                 4.430084                      0.205774                      0.0                           
BR_H_BETA_VOFF                -1.182487                     0.000005                      0.0                           
BR_H_BETA_W80                 8661.609736                   0.003673                      0.0                           
BR_H_BETA_W80_CORR            8656.246243                   0.003673                      0.0                           
BR_OIII_a_AMP                 0.000018                      0.000000                      1.0                           
BR_OIII_a_DISP                3299.888231                   0.000000                      0.0                           
BR_OIII_a_DISP_CORR           3297.835016                   0.000000                      0.0                           
BR_OIII_a_DISP_RES            116.389614                    nan                           nan                           
BR_OIII_a_EW                  0.000000                      0.000000                      1.0                           
BR_OIII_a_FLUX                0.000000                      0.000000                      0.0                           
BR_OIII_a_FWHM                0.000000                      0.000000                      0.0                           
BR_OIII_a_FWHM_CORR           0.000000                      0.000000                      0.0                           
BR_OIII_a_LUM                 0.000000                      0.000000                      1.0                           
BR_OIII_a_NPIX                0.000000                      0.000000                      0.0                           
BR_OIII_a_SNR                 0.000000                      0.000000                      0.0                           
BR_OIII_a_VOFF                -0.080460                     0.000000                      0.0                           
BR_OIII_a_W80                 0.000000                      0.000000                      0.0                           
BR_OIII_a_W80_CORR            0.000000                      0.000000                      0.0                           
BR_OIII_b_AMP                 0.000054                      0.000000                      1.0                           
BR_OIII_b_DISP                3299.888231                   0.000000                      0.0                           
BR_OIII_b_DISP_CORR           3297.874151                   0.000000                      0.0                           
BR_OIII_b_DISP_RES            115.275391                    nan                           nan                           
BR_OIII_b_EW                  0.000000                      0.000000                      1.0                           
BR_OIII_b_FLUX                0.000000                      0.000000                      0.0                           
BR_OIII_b_FWHM                0.000000                      0.000000                      0.0                           
BR_OIII_b_FWHM_CORR           0.000000                      0.000000                      0.0                           
BR_OIII_b_LUM                 0.000000                      0.000000                      1.0                           
BR_OIII_b_NPIX                0.000000                      0.000000                      0.0                           
BR_OIII_b_SNR                 0.000000                      0.000000                      0.0                           
BR_OIII_b_VOFF                -0.080460                     0.000000                      0.0                           
BR_OIII_b_W80                 0.000000                      0.000000                      0.0                           
BR_OIII_b_W80_CORR            0.000000                      0.000000                      0.0                           
BR_OII_AMP                    0.700212                      0.580886                      0.0                           
BR_OII_DISP                   3299.957546                   0.000000                      0.0                           
BR_OII_DISP_CORR              3296.320031                   0.000000                      0.0                           
BR_OII_DISP_RES               154.900156                    nan                           nan                           
BR_OII_EW                     1.283386                      1.065153                      0.0                           
BR_OII_FLUX                   -15.021026                    0.000000                      0.0                           
BR_OII_FWHM                   7770.904200                   2323.883475                   0.0                           
BR_OII_FWHM_CORR              7762.338761                   2323.883475                   0.0                           
BR_OII_LUM                    41.513739                     0.000000                      0.0                           
BR_OII_NPIX                   0.000000                      0.000000                      0.0                           
BR_OII_SNR                    0.336961                      0.279540                      0.0                           
BR_OII_VOFF                   -0.812955                     0.000003                      0.0                           
BR_OII_W80                    8654.948158                   2624.855181                   0.0                           
BR_OII_W80_CORR               8645.809334                   2624.855181                   0.0                           
BR_OPT_FEII_AMP               26.007891                     3.263797                      0.0                           
BR_OPT_FEII_DISP              507.158341                    0.000028                      0.0                           
BR_OPT_FEII_TEMPLATE_EW       37.771436                     4.781220                      0.0                           
BR_OPT_FEII_TEMPLATE_FLUX     -13.931245                    0.053591                      0.0                           
BR_OPT_FEII_TEMPLATE_LUM      42.603519                     0.053591                      0.0                           
BR_OPT_FEII_VOFF              -3.055201                     0.000013                      0.0                           
HOST_FRAC_4000                0.268228                      0.000962                      0.0                           
HOST_FRAC_7000                -2.733106                     0.007693                      1.0                           
H_ALPHA_COMP_DISP             2143.277901                   15.910344                     0.0                           
H_ALPHA_COMP_DISP_CORR        2141.472801                   15.910344                     0.0                           
H_ALPHA_COMP_DISP_RES         87.945468                     nan                           nan                           
H_ALPHA_COMP_EW               881.357662                    5.790392                      0.0                           
H_ALPHA_COMP_FLUX             -12.760587                    0.002392                      0.0                           
H_ALPHA_COMP_FWHM             2615.511197                   7.518900                      0.0                           
H_ALPHA_COMP_FWHM_CORR        2607.299542                   7.518900                      0.0                           
H_ALPHA_COMP_LUM              43.774178                     0.002392                      0.0                           
H_ALPHA_COMP_NPIX             245.000000                    0.944806                      0.0                           
H_ALPHA_COMP_SNR              75.034700                     0.589683                      0.0                           
H_ALPHA_COMP_VOFF             -109.724851                   1.200409                      0.0                           
H_ALPHA_COMP_W80              4624.042857                   60.857553                     0.0                           
H_ALPHA_COMP_W80_CORR         4618.528614                   60.857553                     0.0                           
H_BETA_COMP_DISP              2182.191078                   29.193978                     0.0                           
H_BETA_COMP_DISP_CORR         2178.958946                   29.193978                     0.0                           
H_BETA_COMP_DISP_RES          118.725788                    nan                           nan                           
H_BETA_COMP_EW                150.203137                    1.867528                      0.0                           
H_BETA_COMP_FLUX              -13.315620                    0.004692                      0.0                           
H_BETA_COMP_FWHM              3333.641625                   19.887999                     0.0                           
H_BETA_COMP_FWHM_CORR         3321.897655                   19.887999                     0.0                           
H_BETA_COMP_LUM               43.219145                     0.004692                      0.0                           
H_BETA_COMP_NPIX              175.000000                    3.342226                      0.0                           
H_BETA_COMP_SNR               26.439745                     0.277733                      0.0                           
H_BETA_COMP_VOFF              -13.967596                    0.265163                      0.0                           
H_BETA_COMP_W80               4923.005066                   87.826022                     0.0                           
H_BETA_COMP_W80_CORR          4913.562320                   87.826022                     0.0                           
LOG_LIKE                      2.196256                      0.079356                      0.0                           
L_CONT_AGN_3000               45.120140                     0.000899                      0.0                           
L_CONT_AGN_5100               44.715228                     0.001153                      0.0                           
L_CONT_HOST_3000              44.990487                     0.001147                      0.0                           
L_CONT_HOST_5100              0.000000                      0.000000                      1.0                           
L_CONT_TOT_3000               45.120140                     0.000899                      0.0                           
L_CONT_TOT_5100               44.715228                     0.001153                      0.0                           
NA_H_ALPHA_AMP                152.456521                    1.806014                      0.0                           
NA_H_ALPHA_DISP               1002.915400                   0.000281                      0.0                           
NA_H_ALPHA_DISP_CORR          999.051998                    0.000281                      0.0                           
NA_H_ALPHA_DISP_RES           87.945468                     nan                           nan                           
NA_H_ALPHA_EW                 563.461039                    6.291463                      0.0                           
NA_H_ALPHA_FLUX               -12.954764                    0.005136                      0.0                           
NA_H_ALPHA_FWHM               2362.164930                   0.000657                      0.0                           
NA_H_ALPHA_FWHM_CORR          2353.069322                   0.000657                      0.0                           
NA_H_ALPHA_LUM                43.580001                     0.005136                      0.0                           
NA_H_ALPHA_NPIX               87.000000                     0.000000                      0.0                           
NA_H_ALPHA_SNR                73.356693                     0.868990                      0.0                           
NA_H_ALPHA_VOFF               -172.818243                   0.000428                      0.0                           
NA_H_ALPHA_W80                2629.179609                   0.000730                      0.0                           
NA_H_ALPHA_W80_CORR           2619.469342                   0.000730                      0.0                           
NA_H_BETA_AMP                 46.688515                     0.863057                      0.0                           
NA_H_BETA_DISP                1273.918906                   0.000065                      0.0                           
NA_H_BETA_DISP_CORR           1268.374379                   0.000065                      0.0                           
NA_H_BETA_DISP_RES            118.725788                    nan                           nan                           
NA_H_BETA_EW                  99.397373                     1.839384                      0.0                           
NA_H_BETA_FLUX                -13.494932                    0.008046                      0.0                           
NA_H_BETA_FWHM                3000.272181                   0.000154                      0.0                           
NA_H_BETA_FWHM_CORR           2987.217888                   0.000154                      0.0                           
NA_H_BETA_LUM                 43.039833                     0.008046                      0.0                           
NA_H_BETA_NPIX                94.000000                     0.139319                      0.0                           
NA_H_BETA_SNR                 22.465071                     0.415277                      0.0                           
NA_H_BETA_VOFF                -20.502526                    0.000062                      0.0                           
NA_H_BETA_W80                 3340.712087                   0.000181                      0.0                           
NA_H_BETA_W80_CORR            3326.781184                   0.000181                      0.0                           
NA_OIII_a_AMP                 8.446096                      0.438291                      0.0                           
NA_OIII_a_DISP                1233.711968                   0.000188                      0.0                           
NA_OIII_a_DISP_CORR           1228.209541                   0.000188                      0.0                           
NA_OIII_a_DISP_RES            116.389614                    nan                           nan                           
NA_OIII_a_EW                  18.407937                     0.333686                      0.0                           
NA_OIII_a_FLUX                -14.242800                    0.007581                      0.0                           
NA_OIII_a_FWHM                2905.363707                   0.000440                      0.0                           
NA_OIII_a_FWHM_CORR           2892.407573                   0.000440                      0.0                           
NA_OIII_a_LUM                 42.291965                     0.007581                      0.0                           
NA_OIII_a_NPIX                61.000000                     0.801675                      0.0                           
NA_OIII_a_SNR                 4.064384                      0.070776                      0.0                           
NA_OIII_a_VOFF                -30.617474                    0.000081                      0.0                           
NA_OIII_a_W80                 3235.626152                   0.001268                      0.0                           
NA_OIII_a_W80_CORR            3221.802570                   0.001268                      0.0                           
NA_OIII_b_AMP                 25.169366                     0.438291                      0.0                           
NA_OIII_b_DISP                1233.711968                   0.000188                      0.0                           
NA_OIII_b_DISP_CORR           1228.314619                   0.000188                      0.0                           
NA_OIII_b_DISP_RES            115.275391                    nan                           nan                           
NA_OIII_b_EW                  56.278441                     1.022111                      0.0                           
NA_OIII_b_FLUX                -13.764405                    0.007581                      0.0                           
NA_OIII_b_FWHM                2905.863847                   0.000438                      0.0                           
NA_OIII_b_FWHM_CORR           2893.157329                   0.000438                      0.0                           
NA_OIII_b_LUM                 42.770360                     0.007581                      0.0                           
NA_OIII_b_NPIX                84.000000                     0.551086                      0.0                           
NA_OIII_b_SNR                 12.109807                     0.210876                      0.0                           
NA_OIII_b_VOFF                -30.617474                    0.000081                      0.0                           
NA_OIII_b_W80                 3235.147099                   0.000760                      0.0                           
NA_OIII_b_W80_CORR            3221.585462                   0.000760                      0.0                           
NA_OII_AMP                    2.575088                      0.881952                      0.0                           
NA_OII_DISP                   1299.874217                   0.000002                      0.0                           
NA_OII_DISP_CORR              1290.611840                   0.000002                      0.0                           
NA_OII_DISP_RES               154.900156                    nan                           nan                           
NA_OII_EW                     1.856726                      0.635992                      0.0                           
NA_OII_FLUX                   -14.860075                    0.177705                      0.0                           
NA_OII_FWHM                   3061.151421                   0.000005                      0.0                           
NA_OII_FWHM_CORR              3039.341866                   0.000005                      0.0                           
NA_OII_LUM                    41.674689                     0.177705                      0.0                           
NA_OII_NPIX                   0.000000                      11.433204                     0.0                           
NA_OII_SNR                    1.239200                      0.424418                      0.0                           
NA_OII_VOFF                   -1.140984                     0.000005                      0.0                           
NA_OII_W80                    3409.244561                   0.065198                      0.0                           
NA_OII_W80_CORR               3385.976948                   0.065198                      0.0                           
NA_OPT_FEII_AMP               7.904500                      1.334931                      0.0                           
NA_OPT_FEII_DISP              11.107438                     0.000003                      0.0                           
NA_OPT_FEII_TEMPLATE_EW       14.018756                     2.371379                      0.0                           
NA_OPT_FEII_TEMPLATE_FLUX     -14.295715                    0.076945                      0.0                           
NA_OPT_FEII_TEMPLATE_LUM      42.239049                     0.076945                      0.0                           
NA_OPT_FEII_VOFF              -0.129431                     0.000015                      0.0                           
OIII_a_COMP_DISP              1233.658499                   0.002326                      0.0                           
OIII_a_COMP_DISP_CORR         1228.155832                   0.002326                      0.0                           
OIII_a_COMP_DISP_RES          116.389614                    nan                           nan                           
OIII_a_COMP_EW                18.407937                     0.333686                      0.0                           
OIII_a_COMP_FLUX              -14.242800                    0.007581                      0.0                           
OIII_a_COMP_FWHM              2905.363707                   0.000440                      0.0                           
OIII_a_COMP_FWHM_CORR         2892.407573                   0.000440                      0.0                           
OIII_a_COMP_LUM               42.291965                     0.007581                      0.0                           
OIII_a_COMP_NPIX              61.000000                     0.801675                      0.0                           
OIII_a_COMP_SNR               5.124452                      0.077470                      0.0                           
OIII_a_COMP_VOFF              -30.616705                    0.001067                      0.0                           
OIII_a_COMP_W80               3235.626152                   0.001268                      0.0                           
OIII_a_COMP_W80_CORR          3221.802570                   0.001268                      0.0                           
OIII_b_COMP_DISP              1233.689828                   0.001305                      0.0                           
OIII_b_COMP_DISP_CORR         1228.292383                   0.001305                      0.0                           
OIII_b_COMP_DISP_RES          115.275391                    nan                           nan                           
OIII_b_COMP_EW                56.278441                     1.022111                      0.0                           
OIII_b_COMP_FLUX              -13.764405                    0.007581                      0.0                           
OIII_b_COMP_FWHM              2905.863847                   0.000438                      0.0                           
OIII_b_COMP_FWHM_CORR         2893.157329                   0.000438                      0.0                           
OIII_b_COMP_LUM               42.770360                     0.007581                      0.0                           
OIII_b_COMP_NPIX              84.000000                     0.551086                      0.0                           
OIII_b_COMP_SNR               13.686128                     0.247938                      0.0                           
OIII_b_COMP_VOFF              -30.617838                    0.000566                      0.0                           
OIII_b_COMP_W80               3235.147099                   0.000760                      0.0                           
OIII_b_COMP_W80_CORR          3221.585462                   0.000760                      0.0                           
OII_COMP_DISP                 2332.856049                   599.674306                    0.0                           
OII_COMP_DISP_CORR            2327.707732                   599.674306                    0.0                           
OII_COMP_DISP_RES             154.900156                    nan                           nan                           
OII_COMP_EW                   3.140112                      0.634628                      0.0                           
OII_COMP_FLUX                 -14.632107                    0.087163                      0.0                           
OII_COMP_FWHM                 3519.486485                   697.038471                    0.0                           
OII_COMP_FWHM_CORR            3500.533684                   697.038471                    0.0                           
OII_COMP_LUM                  41.902658                     0.087163                      0.0                           
OII_COMP_NPIX                 19.000000                     12.574257                     0.0                           
OII_COMP_SNR                  1.126606                      0.423229                      0.0                           
OII_COMP_VOFF                 -1.006273                     0.089526                      0.0                           
OII_COMP_W80                  5426.914483                   1514.683078                   0.0                           
OII_COMP_W80_CORR             5412.327801                   1514.683078                   0.0                           
POWER_AMP                     54.352438                     0.046265                      0.0                           
POWER_SLOPE                   0.848574                      0.000086                      0.0                           
RCHI_SQUARED                  20.611261                     0.129646                      0.0                           
R_SQUARED                     0.994518                      0.000005                      0.0                           
NOISE_STD                     1.581504                                                                                  
RESID_STD                     4.851713                                                                                  
--------------------------------------------------------------------------------------
 - Done fitting 2-onur! 

End process memory: 0.26015744                    
