patched GLEAM label offsets
patched GLEAM non-fatal plotting
patched GLEAM doublet ties
WARNING: AstropyDeprecationWarning: The truth value of a Quantity is ambiguous. In the future this will raise a ValueError. [astropy.units.quantity]
Now working in  on sdss in sdss + fiber1 on source 1 at z=0.323.
Warning: non-constant dispersion
[[Model]]
    (Model(constant) + Model(gaussian, prefix='g0_'))
[[Fit Statistics]]
    # fitting method   = leastsq
    # function evals   = 41
    # data points      = 93
    # variables        = 4
    chi-square         = 335.288352
    reduced chi-square = 3.76728485
    Akaike info crit   = 127.262402
    Bayesian info crit = 137.392800
    R-squared          = 0.37528553
[[Variables]]
    c:             871.138835 +/- 3.67504698 (0.42%) (init = 878.9625)
    g0_amplitude:  758.272575 +/- 129.754884 (17.11%) (init = 216.3247)
    g0_center:     3725.27991 +/- 0.50088094 (0.01%) (init = 3728.48)
    g0_sigma:      2.78823905 +/- 0.51447087 (18.45%) (init = 0.8023909)
    g0_fwhm:       6.56580107 +/- 1.21148630 (18.45%) == '2.3548200*g0_sigma'
    g0_height:     108.493928 +/- 17.4770715 (16.11%) == '0.3989423*g0_amplitude/max(1e-15, g0_sigma)'
[[Correlations]] (unreported correlations are < 0.100)
    C(g0_amplitude, g0_sigma) = +0.5919
    C(c, g0_amplitude)        = -0.4217
    C(c, g0_sigma)            = -0.2652
Warning: non-constant dispersion
Warning: non-constant dispersion
[[Model]]
    ((Model(constant) + Model(gaussian, prefix='g0_')) + Model(gaussian, prefix='g1_'))
[[Fit Statistics]]
    # fitting method   = leastsq
    # function evals   = 140
    # data points      = 72
    # variables        = 7
    chi-square         = 61.1956729
    reduced chi-square = 0.94147189
    Akaike info crit   = 2.29354622
    Bayesian info crit = 18.2302091
    R-squared          = 0.99567409
[[Variables]]
    c:             108.401924 +/- 2.89185729 (2.67%) (init = 174.6066)
    g0_amplitude:  5514.85179 +/- 236.436802 (4.29%) (init = 153.7217)
    g0_center:     4861.87049 +/- 0.14011857 (0.00%) (init = 4862.68)
    g0_sigma:      19.4845573 +/- 0.72386848 (3.72%) (init = 0.8023909)
    g1_amplitude:  394.942619 +/- 71.8409844 (18.19%) (init = 153.7217)
    g1_center:     4858.80015 +/- 0.38760141 (0.01%) (init = 4862.68)
    g1_sigma:      5.73938149 +/- 0.57709016 (10.05%) (init = 0.8023909)
    g0_fwhm:       45.8826252 +/- 1.70457998 (3.72%) == '2.3548200*g0_sigma'
    g0_height:     112.915455 +/- 2.05058058 (1.82%) == '0.3989423*g0_amplitude/max(1e-15, g0_sigma)'
    g1_fwhm:       13.5152103 +/- 1.35894345 (10.05%) == '2.3548200*g1_sigma'
    g1_height:     27.4523164 +/- 2.93216159 (10.68%) == '0.3989423*g1_amplitude/max(1e-15, g1_sigma)'
[[Correlations]] (unreported correlations are < 0.100)
    C(c, g0_amplitude)            = -0.9743
    C(c, g0_sigma)                = -0.9614
    C(g0_amplitude, g0_sigma)     = +0.9067
    C(g1_amplitude, g1_sigma)     = +0.8691
    C(g0_sigma, g1_amplitude)     = +0.8049
    C(c, g1_amplitude)            = -0.6745
    C(g0_sigma, g1_sigma)         = +0.6227
    C(g0_amplitude, g1_amplitude) = +0.5204
    C(c, g1_sigma)                = -0.5018
    C(g0_center, g1_amplitude)    = +0.4061
    C(g0_sigma, g1_center)        = +0.3751
    C(g0_center, g1_sigma)        = +0.3580
    C(g0_amplitude, g1_sigma)     = +0.3498
    C(c, g1_center)               = -0.3379
    C(g1_amplitude, g1_center)    = +0.3353
    C(g0_amplitude, g1_center)    = +0.3099
    C(g0_center, g0_sigma)        = +0.3057
    C(g1_center, g1_sigma)        = +0.2699
    C(c, g0_center)               = -0.2592
    C(g0_amplitude, g0_center)    = +0.1888
    C(g0_center, g1_center)       = -0.1653
Warning: non-constant dispersion
Warning: non-constant dispersion
[[Model]]
    ((Model(constant) + Model(gaussian, prefix='g0_')) + Model(gaussian, prefix='g1_'))
[[Fit Statistics]]
    # fitting method   = leastsq
    # function evals   = 78
    # data points      = 112
    # variables        = 6
    chi-square         = 1249.83959
    reduced chi-square = 11.7909395
    Akaike info crit   = 282.174422
    Bayesian info crit = 298.485415
    R-squared          = 0.97254216
[[Variables]]
    c:             82.4748274 +/- 0.62190034 (0.75%) (init = 88.78089)
    g0_amplitude:  572.259733 +/- 17.7673431 (3.10%) == 'g1_amplitude / 3.0'
    g0_center:     4955.54577 +/- 0.27935958 (0.01%) (init = 4960.3)
    g0_sigma:      3.92677883 +/- 0.24816865 (6.32%) (init = 0.8023909)
    g1_amplitude:  1716.77920 +/- 53.3020291 (3.10%) (init = 356.0313)
    g1_center:     5003.78382 +/- 0.13168618 (0.00%) (init = 5008.24)
    g1_sigma:      4.15497853 +/- 0.12975798 (3.12%) (init = 0.8023909)
    g0_fwhm:       9.24685733 +/- 0.58439251 (6.32%) == '2.3548200*g0_sigma'
    g0_height:     58.1389031 +/- 3.65023537 (6.28%) == '0.3989423*g0_amplitude/max(1e-15, g0_sigma)'
    g1_fwhm:       9.78422654 +/- 0.30555670 (3.12%) == '2.3548200*g1_sigma'
    g1_height:     164.837396 +/- 7.18997381 (4.36%) == '0.3989423*g1_amplitude/max(1e-15, g1_sigma)'
[[Correlations]] (unreported correlations are < 0.100)
    C(c, g1_amplitude)        = -0.3529
    C(g0_sigma, g1_amplitude) = +0.2589
    C(c, g1_sigma)            = -0.2297
    C(c, g0_sigma)            = -0.1802
Warning: non-constant dispersion
Warning: non-constant dispersion
[[Model]]
    ((((Model(constant) + Model(gaussian, prefix='g0_')) + Model(gaussian, prefix='g1_')) + Model(gaussian, prefix='g2_')) + Model(gaussian, prefix='g3_'))
[[Fit Statistics]]
    # fitting method   = leastsq
    # function evals   = 239
    # data points      = 76
    # variables        = 12
    chi-square         = 99.5311628
    reduced chi-square = 1.55517442
    Akaike info crit   = 44.5000461
    Bayesian info crit = 72.4688462
    R-squared          = 0.99643420
[[Variables]]
    c:             27.0032823 +/- 1.02250505 (3.79%) (init = 81.01444)
    g0_amplitude:  60.1469913 +/- 13.0762514 (21.74%) == 'g3_amplitude / 3.0'
    g0_center:     6542.67552 +/- 0.92703289 (0.01%) (init = 6549.86)
    g0_sigma:      3.20762241 +/- 0.71481451 (22.28%) (init = 0.8023909)
    g1_amplitude:  6365.28919 +/- 93.6915252 (1.47%) (init = 174.2117)
    g1_center:     6560.84580 +/- 0.12094429 (0.00%) (init = 6564.6)
    g1_sigma:      26.1078935 +/- 0.62121510 (2.38%) (init = 0.8023909)
    g2_amplitude:  664.956834 +/- 91.2577773 (13.72%) (init = 174.2117)
    g2_center:     6558.88794 +/- 0.40790370 (0.01%) (init = 6564.6)
    g2_sigma:      7.48929308 +/- 0.64376255 (8.60%) (init = 0.8023909)
    g3_amplitude:  180.440974 +/- 39.2287540 (21.74%) (init = 174.2117)
    g3_center:     6579.11137 +/- 0.71834304 (0.01%) (init = 6585.27)
    g3_sigma:      4.89576250 +/- 0.73865275 (15.09%) (init = 0.8023909)
    g0_fwhm:       7.55337340 +/- 1.68325951 (22.28%) == '2.3548200*g0_sigma'
    g0_height:     7.48067446 +/- 1.69413289 (22.65%) == '0.3989423*g0_amplitude/max(1e-15, g0_sigma)'
    g1_fwhm:       61.4793897 +/- 1.46284975 (2.38%) == '2.3548200*g1_sigma'
    g1_height:     97.2649561 +/- 2.36214989 (2.43%) == '0.3989423*g1_amplitude/max(1e-15, g1_sigma)'
    g2_fwhm:       17.6359371 +/- 1.51594491 (8.60%) == '2.3548200*g2_sigma'
    g2_height:     35.4211547 +/- 3.44723054 (9.73%) == '0.3989423*g2_amplitude/max(1e-15, g2_sigma)'
    g3_fwhm:       11.5286395 +/- 1.73939426 (15.09%) == '2.3548200*g3_sigma'
    g3_height:     14.7036416 +/- 1.91989140 (13.06%) == '0.3989423*g3_amplitude/max(1e-15, g3_sigma)'
[[Correlations]] (unreported correlations are < 0.100)
    C(c, g1_sigma)                = -0.9377
    C(g1_sigma, g2_amplitude)     = +0.8537
    C(g3_amplitude, g3_sigma)     = +0.8076
    C(c, g2_amplitude)            = -0.7235
    C(g2_amplitude, g2_sigma)     = +0.7100
    C(g2_sigma, g3_center)        = +0.6106
    C(g1_sigma, g3_amplitude)     = +0.5869
    C(c, g1_amplitude)            = -0.5535
    C(g3_center, g3_sigma)        = -0.5497
    C(g2_center, g3_center)       = +0.5267
    C(g3_amplitude, g3_center)    = -0.4775
    C(g0_sigma, g3_amplitude)     = +0.4710
    C(g1_sigma, g2_sigma)         = +0.4555
    C(c, g3_amplitude)            = -0.4321
    C(g0_center, g2_sigma)        = -0.4225
    C(g2_amplitude, g3_amplitude) = +0.4052
    C(c, g2_sigma)                = -0.4031
    C(g0_center, g2_amplitude)    = -0.4015
    C(g2_center, g3_sigma)        = -0.3949
    C(g1_center, g3_amplitude)    = -0.3768
    C(g0_sigma, g3_sigma)         = +0.3761
    C(g2_center, g2_sigma)        = +0.3519
    C(g2_sigma, g3_sigma)         = -0.3376
    C(g2_center, g3_amplitude)    = -0.3284
    C(g1_center, g3_sigma)        = -0.3194
    C(g1_sigma, g3_sigma)         = +0.3075
    C(g1_amplitude, g1_sigma)     = +0.2756
    C(g0_sigma, g1_sigma)         = +0.2735
    C(g1_amplitude, g1_center)    = +0.2723
    C(g2_amplitude, g3_center)    = +0.2578
    C(g1_amplitude, g3_amplitude) = -0.2524
    C(g0_center, g1_sigma)        = -0.2498
    C(g1_amplitude, g3_sigma)     = -0.2487
    C(c, g0_center)               = +0.2129
    C(c, g3_sigma)                = -0.1965
    C(c, g0_sigma)                = -0.1940
    C(g0_sigma, g2_amplitude)     = +0.1935
    C(g0_center, g3_center)       = -0.1878
    C(g2_sigma, g3_amplitude)     = -0.1848
    C(g0_sigma, g3_center)        = -0.1847
    C(g0_sigma, g1_center)        = -0.1841
    C(g0_center, g1_center)       = -0.1601
    C(g0_sigma, g1_amplitude)     = -0.1510
    C(g2_amplitude, g2_center)    = +0.1359
    C(g2_amplitude, g3_sigma)     = +0.1207
    C(g1_center, g2_center)       = -0.1163
    C(g1_center, g2_sigma)        = +0.1155
    C(g0_center, g0_sigma)        = +0.1125
    C(g0_center, g2_center)       = +0.1104
    C(g1_center, g1_sigma)        = -0.1067
Warning: non-constant dispersion
Warning: non-constant dispersion
[[Model]]
    ((Model(constant) + Model(gaussian, prefix='g0_')) + Model(gaussian, prefix='g1_'))
[[Fit Statistics]]
    # fitting method   = leastsq
    # function evals   = 2311
    # data points      = 61
    # variables        = 7
    chi-square         = 278.173232
    reduced chi-square = 5.15135615
    Akaike info crit   = 106.559582
    Bayesian info crit = 121.335699
    R-squared          = 0.50274098
[[Variables]]
    c:             304.456743 +/- 37.2961403 (12.25%) (init = 389.019)
    g0_amplitude:  9156.62443 +/- 5919.38716 (64.65%) (init = 132.3896)
    g0_center:     6708.29000 +/- 26.9549311 (0.40%) (init = 6718.29)
    g0_sigma:      34.2625849 +/- 11.3262731 (33.06%) (init = 0.8023909)
    g1_amplitude:  25.8055395 +/- 2.5515e+18 (9887500714841325568.00%) (init = 132.3896)
    g1_center:     6732.49099 +/- 7.0757e+15 (105097638632155.39%) (init = 6732.67)
    g1_sigma:      0.21388329 +/- 2.2050e+15 (1030919250263192576.00%) (init = 0.8023909)
    g0_fwhm:       80.6822203 +/- 26.6713345 (33.06%) == '2.3548200*g0_sigma'
    g0_height:     106.616731 +/- 35.1010616 (32.92%) == '0.3989423*g0_amplitude/max(1e-15, g0_sigma)'
    g1_fwhm:       0.50365665 +/- 5.1923e+15 (1030919254973394944.00%) == '2.3548200*g1_sigma'
    g1_height:     48.1333591 +/- 5.2554e+18 (10918419939208718336.00%) == '0.3989423*g1_amplitude/max(1e-15, g1_sigma)'
[[Correlations]] (unreported correlations are < 0.100)
    C(g1_amplitude, g1_center)    = -1.0000
    C(g1_center, g1_sigma)        = +1.0000
    C(g1_amplitude, g1_sigma)     = -1.0000
    C(c, g0_amplitude)            = -0.9919
    C(g0_amplitude, g0_sigma)     = +0.9799
    C(c, g0_sigma)                = -0.9541
    C(g0_center, g1_center)       = -0.2632
    C(g0_center, g1_amplitude)    = +0.2632
    C(g0_center, g1_sigma)        = -0.2632
    C(g0_center, g0_sigma)        = +0.2145
    C(g0_sigma, g1_sigma)         = -0.1858
    C(g0_sigma, g1_amplitude)     = +0.1858
    C(g0_sigma, g1_center)        = -0.1858
    C(g0_amplitude, g1_sigma)     = -0.1552
    C(g0_amplitude, g1_amplitude) = +0.1552
    C(g0_amplitude, g1_center)    = -0.1552
    C(c, g1_sigma)                = +0.1242
    C(c, g1_amplitude)            = -0.1242
    C(c, g1_center)               = +0.1242
NonDetection when fitting set of lines [6718.29 6732.67] Angstrom, try a simpler model
[[Model]]
    (Model(constant) + Model(gaussian, prefix='g0_'))
[[Fit Statistics]]
    # fitting method   = leastsq
    # function evals   = 1398
    # data points      = 61
    # variables        = 4
    chi-square         = 278.496376
    reduced chi-square = 4.88590133
    Akaike info crit   = 100.630402
    Bayesian info crit = 109.073898
    R-squared          = 0.50254766
[[Variables]]
    c:             303.740531 +/- 36.5343217 (12.03%) (init = 389.019)
    g0_amplitude:  9283.94321 +/- 5800.44762 (62.48%) (init = 132.3896)
    g0_center:     6708.29000 +/- 24.4063981 (0.36%) (init = 6718.29)
    g0_sigma:      34.4898798 +/- 10.9494709 (31.75%) (init = 0.8023909)
    g0_fwhm:       81.2174588 +/- 25.7840330 (31.75%) == '2.3548200*g0_sigma'
    g0_height:     107.386795 +/- 34.3383228 (31.98%) == '0.3989423*g0_amplitude/max(1e-15, g0_sigma)'
[[Correlations]] (unreported correlations are < 0.100)
    C(c, g0_amplitude)        = -0.9924
    C(g0_amplitude, g0_sigma) = +0.9803
    C(c, g0_sigma)            = -0.9557
    C(g0_center, g0_sigma)    = +0.2000
NonDetection when fitting set of lines [6718.29] Angstrom, try a simpler model
[[Model]]
    (Model(constant) + Model(gaussian, prefix='g0_'))
[[Fit Statistics]]
    # fitting method   = leastsq
    # function evals   = 46
    # data points      = 61
    # variables        = 4
    chi-square         = 738.601213
    reduced chi-square = 12.9579160
    Akaike info crit   = 160.126941
    Bayesian info crit = 168.570437
    R-squared          = 0.00132710
[[Variables]]
    c:             379.640402 +/- 4.85977591 (1.28%) (init = 389.019)
    g0_amplitude:  42.8360797 +/- 1.1014e+18 (2571207468513487360.00%) (init = 132.3896)
    g0_center:     6732.51320 +/- 2.1312e+15 (31655903230638.22%) (init = 6732.67)
    g0_sigma:      0.21840235 +/- 6.2703e+14 (287100794884732992.00%) (init = 0.8023909)
    g0_fwhm:       0.51429823 +/- 1.4766e+15 (287100793353014496.00%) == '2.3548200*g0_sigma'
    g0_height:     78.2460624 +/- 2.2365e+18 (2858308274019181056.00%) == '0.3989423*g0_amplitude/max(1e-15, g0_sigma)'
[[Correlations]] (unreported correlations are < 0.100)
    C(g0_center, g0_sigma)     = +1.0000
    C(g0_amplitude, g0_center) = -1.0000
    C(g0_amplitude, g0_sigma)  = -1.0000
    C(c, g0_center)            = +0.1003
    C(c, g0_amplitude)         = -0.1003
    C(c, g0_sigma)             = +0.1003
NonDetection when fitting set of lines [6732.67] Angstrom, try a simpler model
[[Model]]
    Model(constant)
[[Fit Statistics]]
    # fitting method   = leastsq
    # function evals   = 5
    # data points      = 61
    # variables        = 1
    chi-square         = 740.119907
    reduced chi-square = 12.3353318
    Akaike info crit   = 154.252239
    Bayesian info crit = 156.363113
    R-squared          = -7.5491e-04
[[Variables]]
    c:  379.843370 +/- 4.65736314 (1.23%) (init = 389.019)
Warning: non-constant dispersion
Warning: non-constant dispersion
Warning: non-constant dispersion
Warning: non-constant dispersion
Warning: non-constant dispersion
multiprocessing.pool.RemoteTraceback: 
"""
Traceback (most recent call last):
  File "/usr/local/lib/python3.8/multiprocessing/pool.py", line 125, in worker
    result = (True, func(*args, **kwds))
  File "/usr/local/lib/python3.8/multiprocessing/pool.py", line 51, in starmapstar
    return list(itertools.starmap(args[0], args[1]))
  File "/usr/local/lib/python3.8/site-packages/gleam/main.py", line 147, in run_main
    print("WARNING: GLEAM plot_line failed:", _e)
  File "/usr/local/lib/python3.8/contextlib.py", line 120, in __exit__
    next(self.gen)
  File "/usr/local/lib/python3.8/site-packages/gleam/plot_gaussian.py", line 401, in overview_plot
    plt.savefig(f"{basename}.png", format="png", bbox_inches="tight")
  File "/usr/local/lib/python3.8/site-packages/matplotlib/pyplot.py", line 1023, in savefig
    res = fig.savefig(*args, **kwargs)
  File "/usr/local/lib/python3.8/site-packages/matplotlib/figure.py", line 3378, in savefig
    self.canvas.print_figure(fname, **kwargs)
  File "/usr/local/lib/python3.8/site-packages/matplotlib/backend_bases.py", line 2342, in print_figure
    self.figure.draw(renderer)
  File "/usr/local/lib/python3.8/site-packages/matplotlib/artist.py", line 95, in draw_wrapper
    result = draw(artist, renderer, *args, **kwargs)
  File "/usr/local/lib/python3.8/site-packages/matplotlib/artist.py", line 72, in draw_wrapper
    return draw(artist, renderer)
  File "/usr/local/lib/python3.8/site-packages/matplotlib/figure.py", line 3175, in draw
    mimage._draw_list_compositing_images(
  File "/usr/local/lib/python3.8/site-packages/matplotlib/image.py", line 131, in _draw_list_compositing_images
    a.draw(renderer)
  File "/usr/local/lib/python3.8/site-packages/matplotlib/artist.py", line 39, in draw_wrapper
    return draw(artist, renderer, *args, **kwargs)
  File "/usr/local/lib/python3.8/site-packages/mpl_toolkits/axes_grid1/parasite_axes.py", line 138, in draw
    super().draw(renderer)
  File "/usr/local/lib/python3.8/site-packages/matplotlib/artist.py", line 72, in draw_wrapper
    return draw(artist, renderer)
  File "/usr/local/lib/python3.8/site-packages/matplotlib/axes/_base.py", line 3064, in draw
    mimage._draw_list_compositing_images(
  File "/usr/local/lib/python3.8/site-packages/matplotlib/image.py", line 131, in _draw_list_compositing_images
    a.draw(renderer)
  File "/usr/local/lib/python3.8/site-packages/matplotlib/artist.py", line 72, in draw_wrapper
    return draw(artist, renderer)
  File "/usr/local/lib/python3.8/site-packages/matplotlib/text.py", line 757, in draw
    posx = float(self.convert_xunits(self._x))
TypeError: only size-1 arrays can be converted to Python scalars
"""

The above exception was the direct cause of the following exception:

Traceback (most recent call last):
  File "/usr/local/bin/gleam", line 8, in <module>
    sys.exit(pipeline())
  File "/usr/local/lib/python3.8/site-packages/click/core.py", line 829, in __call__
    return self.main(*args, **kwargs)
  File "/usr/local/lib/python3.8/site-packages/click/core.py", line 782, in main
    rv = self.invoke(ctx)
  File "/usr/local/lib/python3.8/site-packages/click/core.py", line 1066, in invoke
    return ctx.invoke(self.callback, **ctx.params)
  File "/usr/local/lib/python3.8/site-packages/click/core.py", line 610, in invoke
    return callback(*args, **kwargs)
  File "/usr/local/lib/python3.8/site-packages/gleam/__init__.py", line 136, in pipeline
    p.starmap(gleam.main.run_main, unique_sources)
  File "/usr/local/lib/python3.8/multiprocessing/pool.py", line 372, in starmap
    return self._map_async(func, iterable, starmapstar, chunksize).get()
  File "/usr/local/lib/python3.8/multiprocessing/pool.py", line 771, in get
    raise self._value
TypeError: only size-1 arrays can be converted to Python scalars
Matplotlib Version: 3.7.5
total 4772
-rw-rw-r-- 1 1000 1000  16725 Sep 29 10:24 docker.log
-rw-r--r-- 1 1000 1000 446613 Sep 29 10:23 linefits.sdss.sdss.fiber1.001.Ha.Ha_broad.NII1.png
-rw-rw-r-- 1 1000 1000 437506 Sep 27 23:39 linefits.sdss.sdss.fiber1.001.Ha.NII1.png
-rw-r--r-- 1 root root 445957 Sep 29 15:30 linefits.sdss.sdss.fiber1.001.Hb.Hb_broad.png
-rw-rw-r-- 1 1000 1000 434830 Sep 27 23:39 linefits.sdss.sdss.fiber1.001.Hb.png
-rw-r--r-- 1 root root 450314 Sep 29 15:31 linefits.sdss.sdss.fiber1.001.NII2.Ha.Ha_broad.NII1.png
-rw-r--r-- 1 root root 442064 Sep 29 15:30 linefits.sdss.sdss.fiber1.001.OII.png
-rw-r--r-- 1 root root 433660 Sep 29 15:30 linefits.sdss.sdss.fiber1.001.OIII4.OIII5.png
-rw-r--r-- 1 1000 1000 418755 Sep 29 08:56 linefits.sdss.sdss.fiber1.001.OIII4.png
-rw-r--r-- 1 1000 1000 421680 Sep 29 08:56 linefits.sdss.sdss.fiber1.001.OIII5.png
-rw-r--r-- 1 root root 451867 Sep 29 15:31 linefits.sdss.sdss.fiber1.001.SII1.SII2.png
-rw-r--r-- 1 root root  20160 Sep 29 15:31 linefits.sdss.sdss.fiber1.001.fits
-rw-r--r-- 1 1000 1000 445161 Sep 29 10:24 linefits.sdss.sdss.fiber1.001.png
total 12K
-rw-r--r-- 1 root root 1.2K Sep 21 02:20 =5.2
drwxr-xr-x 1 root root 4.0K Sep 29 15:29 input
drwxrwxr-x 2 1000 1000 4.0K Sep 29 15:31 output
-rw-r--r-- 1 root root 1.2K Sep 21 02:20 /app/=5.2

/app/input:
total 132K
-rw-rw-r-- 1 1000 1000  12K Aug 28 20:16 Sky_bands.fits
-rw-rw-r-- 1 1000 1000 1.3K Sep 29 07:43 gleam.sh
-rw-rw-r-- 1 1000 1000 5.4K Sep 29 15:08 gleam_doublet_patch.py
-rw-rw-r-- 1 1000 1000 2.6K Sep 29 14:37 gleamconfig.yaml
-rw-rw-r-- 1 1000 1000 8.5K Sep 29 14:37 line_table.fits
-rw-rw-r-- 1 1000 1000  115 Sep 29 15:10 meta.dat
-rw-rw-r-- 1 1000 1000  85K Sep 29 15:10 spec1d.sdss.sdss.fiber1.1.fits

/app/output:
total 4.7M
-rw-rw-r-- 1 1000 1000  17K Sep 29 10:24 docker.log
-rw-r--r-- 1 1000 1000 437K Sep 29 10:23 linefits.sdss.sdss.fiber1.001.Ha.Ha_broad.NII1.png
-rw-rw-r-- 1 1000 1000 428K Sep 27 23:39 linefits.sdss.sdss.fiber1.001.Ha.NII1.png
-rw-r--r-- 1 root root 436K Sep 29 15:30 linefits.sdss.sdss.fiber1.001.Hb.Hb_broad.png
-rw-rw-r-- 1 1000 1000 425K Sep 27 23:39 linefits.sdss.sdss.fiber1.001.Hb.png
-rw-r--r-- 1 root root 440K Sep 29 15:31 linefits.sdss.sdss.fiber1.001.NII2.Ha.Ha_broad.NII1.png
-rw-r--r-- 1 root root 432K Sep 29 15:30 linefits.sdss.sdss.fiber1.001.OII.png
-rw-r--r-- 1 root root 424K Sep 29 15:30 linefits.sdss.sdss.fiber1.001.OIII4.OIII5.png
-rw-r--r-- 1 1000 1000 409K Sep 29 08:56 linefits.sdss.sdss.fiber1.001.OIII4.png
-rw-r--r-- 1 1000 1000 412K Sep 29 08:56 linefits.sdss.sdss.fiber1.001.OIII5.png
-rw-r--r-- 1 root root 442K Sep 29 15:31 linefits.sdss.sdss.fiber1.001.SII1.SII2.png
-rw-r--r-- 1 root root  20K Sep 29 15:31 linefits.sdss.sdss.fiber1.001.fits
-rw-r--r-- 1 1000 1000 435K Sep 29 10:24 linefits.sdss.sdss.fiber1.001.png
