my_sdss.fits
[1.3446083 1.3446083 1.3446083 ... 1.3446083 1.3446083 1.3446083]
Directory  my_sdss  Created 
global my_sdss/
Directory  output/  already exists
stati 930879.1209606249
1 iter stat:  2873.6832648948475
2 iter stat:  1373.925238692129
3 iter stat:  1052.094114606938
4 iter stat:  834.6757563557767
5 iter stat:  649.5690603198309
6 iter stat:  381.5088811775786
7 iter stat:  300.2894326317037
8 iter stat:  253.9057271247293
9 iter stat:  216.77016044626362
10 iter stat:  188.11357578514435
fit ok
./output/my_sdss_model.csv
brokenpowerlaw + OIIIb5007_br + OIIIa4959_br + OIIIb5007_na + OIIIa4959_na + NII6583_na + NII6548_na + HBeta4863_br + HAlpha6565_br + HBeta4863_na + HAlpha6565_na + feii
   Param        Type          Value          Min          Max      Units
   -----        ----          -----          ---          ---      -----
   brokenpowerlaw.refer thawed      5484.31         5400         7000  angstroms
   brokenpowerlaw.ampl thawed       33.343      30.1675       33.343  angstroms
   brokenpowerlaw.index1 thawed     -2.71479           -3            0           
   brokenpowerlaw.index2 thawed            1           -1            1           
   OIIIb5007_br.ampl thawed           50            0           50           
   OIIIb5007_br.pos frozen       5006.8            0  3.40282e+38  angstroms
   OIIIb5007_br.offs_kms thawed     -264.843        -1500          500       km/s
   OIIIb5007_br.fwhm thawed          700          700         6000       km/s
   OIIIa4959_br.ampl linked      16.6667 expr: OIIIb5007_br.ampl / 3.0           
   OIIIa4959_br.pos frozen       4958.9            0  3.40282e+38  angstroms
   OIIIa4959_br.offs_kms linked     -264.843 expr: OIIIb5007_br.offs_kms       km/s
   OIIIa4959_br.fwhm linked          700  expr: OIIIb5007_br.fwhm       km/s
   OIIIb5007_na.ampl thawed      17.0224            0           50           
   OIIIb5007_na.pos frozen       5006.8            0  3.40282e+38  angstroms
   OIIIb5007_na.offs_kms thawed      -356.35        -1500          500       km/s
   OIIIb5007_na.fwhm thawed         1500          100         1500       km/s
   OIIIa4959_na.ampl linked      5.67413 expr: OIIIb5007_na.ampl / 3.0           
   OIIIa4959_na.pos frozen       4958.9            0  3.40282e+38  angstroms
   OIIIa4959_na.offs_kms linked      -356.35 expr: OIIIb5007_na.offs_kms       km/s
   OIIIa4959_na.fwhm linked         1500  expr: OIIIb5007_na.fwhm       km/s
   NII6583_na.ampl thawed           50            0           50           
   NII6583_na.pos frozen      6583.46            0  3.40282e+38  angstroms
   NII6583_na.offs_kms linked      -356.35 expr: OIIIb5007_na.offs_kms       km/s
   NII6583_na.fwhm linked         1500  expr: OIIIb5007_na.fwhm       km/s
   NII6548_na.ampl linked      16.6667 expr: NII6583_na.ampl / 3.0           
   NII6548_na.pos frozen      6548.05            0  3.40282e+38  angstroms
   NII6548_na.offs_kms linked      -356.35 expr: OIIIb5007_na.offs_kms       km/s
   NII6548_na.fwhm linked         1500  expr: OIIIb5007_na.fwhm       km/s
   HBeta4863_br.ampl thawed      37.3867            0           50           
   HBeta4863_br.pos frozen      4862.68            0  3.40282e+38  angstroms
   HBeta4863_br.offs_kms thawed      115.519        -1500          500       km/s
   HBeta4863_br.fwhm thawed      4633.37          700         6000       km/s
   HAlpha6565_br.ampl thawed           50            0           50           
   HAlpha6565_br.pos frozen       6564.6            0  3.40282e+38  angstroms
   HAlpha6565_br.offs_kms thawed      204.104        -1500          500       km/s
   HAlpha6565_br.fwhm thawed         6000          700         6000       km/s
   HBeta4863_na.ampl thawed      44.8411            0           50           
   HBeta4863_na.pos frozen      4862.68            0  3.40282e+38  angstroms
   HBeta4863_na.offs_kms thawed     -250.215        -1500          500       km/s
   HBeta4863_na.fwhm thawed         1500          100         1500       km/s
   HAlpha6565_na.ampl thawed           50            0           50           
   HAlpha6565_na.pos frozen       6564.6            0  3.40282e+38  angstroms
   HAlpha6565_na.offs_kms thawed      -853.09        -1500          500       km/s
   HAlpha6565_na.fwhm thawed         1500          100         1500       km/s
   feii.amp_a2D2 thawed            0            0         1000           
   feii.amp_a4G thawed     0.566631            0         1000           
   feii.amp_a4H thawed      1.81929            0         1000           
   feii.amp_a6S thawed      2.31647            0         1000           
   feii.amp_b2H thawed     0.544851            0         1000           
   feii.amp_b4D thawed     0.928323            0         1000           
   feii.amp_b4F thawed            0            0         1000           
   feii.amp_b4P thawed            0            0         1000           
   feii.amp_e4D thawed        44.54            0         1000           
   feii.amp_z4D thawed      7.38146            0         1000           
   feii.amp_z4F thawed      17.6179            0         1000           
   feii.amp_z4P thawed      15.0567            0         1000           
   feii.amp_y4G thawed            0            0         1000           
   feii.amp_b4G thawed            0            0         1000           
   feii.amp_x4D thawed    0.0664997            0         1000           
   feii.amp_y4P thawed            0            0         1000           
   feii.offs_kms thawed          800         -800          800           
   feii.fwhm    thawed      2666.94          300         6000           
mcmc ok
