7.0.1
1.3.2
2.1.6
3.1.6
['/home/onur/Documents/AGNEmissionLines_ThirdPartyLibraries/pyqsofit/PyQSOFit/src/pyqsofit']
FWHM Resolution: 2.5 Å
[ 3566.97426784  3567.79484559  3568.6175712  ... 10394.41199851
 10396.80892696 10399.20640813] Angstrom [41.51423645 41.51011658 41.50600815 ...  1.33095062  1.3309654
  1.3309803 ] erg / (Angstrom s cm2) [1.24542709 1.2453035  1.24518024 ... 0.03992852 0.03992896 0.03992941] erg / (Angstrom s cm2) 0.09091717004776001
Name            Value      Min      Max   Stderr     Vary     Expr Brute_Step
Balmer_Tau        0.5      0.1        2     None    False     None     None
Balmer_Te     1.5e+04    1e+04    5e+04     None    False     None     None
Blamer_norm         0        0    1e+10     None    False     None     None
Fe_op_FWHM       3000     1200  1.8e+04     None    False     None     None
Fe_op_norm          0        0    1e+10     None    False     None     None
Fe_op_shift         0    -0.01     0.01     None    False     None     None
Fe_uv_FWHM       3000     1200  1.8e+04     None    False     None     None
Fe_uv_norm          0        0    1e+10     None    False     None     None
Fe_uv_shift         0    -0.01     0.01     None    False     None     None
PL_norm             1        0    1e+10     None     True     None     None
PL_slope         -1.5       -5        3     None     True     None     None
conti_a_0           0     -inf      inf     None     True     None     None
conti_a_1           0     -inf      inf     None     True     None     None
conti_a_2           0     -inf      inf     None     True     None     None
Fitting continuum
Fit report
[[Variables]]
    Fe_uv_norm:   0 (fixed)
    Fe_uv_FWHM:   3000 (fixed)
    Fe_uv_shift:  0 (fixed)
    Fe_op_norm:   0 (fixed)
    Fe_op_FWHM:   3000 (fixed)
    Fe_op_shift:  0 (fixed)
    PL_norm:      61.6559948 +/- 0.71612789 (1.16%) (init = 1)
    PL_slope:    -5.00000000 +/- 0.04448182 (0.89%) (init = -1.5)
    Blamer_norm:  0 (fixed)
    Balmer_Te:    15000 (fixed)
    Balmer_Tau:   0.5 (fixed)
    conti_a_0:    17740.7824 +/- 425.222039 (2.40%) (init = 0)
    conti_a_1:   -4.89600291 +/- 0.19700099 (4.02%) (init = 0)
    conti_a_2:    4.1890e-04 +/- 2.3328e-05 (5.57%) (init = 0)
[[Correlations]] (unreported correlations are < 0.100)
    C(conti_a_1, conti_a_2) = -0.9945
    C(conti_a_0, conti_a_1) = -0.9919
    C(conti_a_0, conti_a_2) = +0.9736
    C(PL_slope, conti_a_0)  = +0.9235
    C(PL_norm, PL_slope)    = +0.8936
    C(PL_slope, conti_a_1)  = -0.8817
    C(PL_slope, conti_a_2)  = +0.8403
    C(PL_norm, conti_a_0)   = +0.7176
    C(PL_norm, conti_a_1)   = -0.6676
    C(PL_norm, conti_a_2)   = +0.6235
Name                    Value      Min      Max   Stderr     Vary     Expr Brute_Step
Hb_br_1_dwave               0    -0.01     0.01     None     True     None     None
Hb_br_1_scale               0        0    1e+10     None     True     None     None
Hb_br_1_sigma           0.005    0.004     0.05     None     True     None     None
Hb_br_2_dwave               0    -0.01     0.01     None     True     None     None
Hb_br_2_scale               0        0    1e+10     None     True     None     None
Hb_br_2_sigma           0.005    0.004     0.05     None     True     None     None
Hb_na_1_dwave               0    -0.01     0.01     None     True     None     None
Hb_na_1_scale               0        0    1e+10     None     True     None     None
Hb_na_1_sigma           0.001  0.00023  0.00169     None     True     None     None
HeII4687_br_1_dwave         0   -0.005    0.005     None     True     None     None
HeII4687_br_1_scale         0        0    1e+10     None     True     None     None
HeII4687_br_1_sigma     0.005    0.004     0.05     None     True     None     None
HeII4687_na_1_dwave         0   -0.005    0.005     None    False Hb_na_1_dwave     None
HeII4687_na_1_scale         0        0    1e+10     None     True     None     None
HeII4687_na_1_sigma     0.001  0.00023  0.00169     None    False Hb_na_1_sigma     None
OIII4959c_1_dwave           0    -0.01     0.01     None    False Hb_na_1_dwave     None
OIII4959c_1_scale           0        0    1e+10     None     True     None     None
OIII4959c_1_sigma       0.001  0.00023  0.00169     None    False Hb_na_1_sigma     None
OIII4959w_1_dwave           0    -0.01     0.01     None     True     None     None
OIII4959w_1_scale           0        0    1e+10     None     True     None     None
OIII4959w_1_sigma       0.003  0.00023    0.004     None     True     None     None
OIII5007c_1_dwave           0    -0.01     0.01     None    False Hb_na_1_dwave     None
OIII5007c_1_scale           0        0    1e+10     None    False 3.0303030014038086 * OIII4959c_1_scale     None
OIII5007c_1_sigma       0.001  0.00023  0.00169     None    False Hb_na_1_sigma     None
OIII5007w_1_dwave           0    -0.01     0.01     None    False OIII4959w_1_dwave     None
OIII5007w_1_scale           0        0    1e+10     None    False 3.0303030014038086 * OIII4959w_1_scale     None
OIII5007w_1_sigma       0.003  0.00023    0.004     None    False OIII4959w_1_sigma     None
Fitting complex Hb
Fit report
[[Variables]]
    Hb_br_1_scale:        7.17078841 +/- 1.7077e+11 (2381427607826.97%) (init = 0)
    Hb_br_1_dwave:        0.00473388 +/- 11206.9155 (236738369.99%) (init = 0)
    Hb_br_1_sigma:        0.00577094 +/- 13800.6316 (239140273.56%) (init = 0.005)
    Hb_br_2_scale:        7.17078730 +/- 1.7077e+11 (2381427848252.28%) (init = 0)
    Hb_br_2_dwave:        0.00473481 +/- 14116.9045 (298151473.73%) (init = 0)
    Hb_br_2_sigma:        0.00577184 +/- 10958.1667 (189855607.06%) (init = 0.005)
    Hb_na_1_scale:        0.10656920 +/- 8.17129841 (7667.60%) (init = 0)
    Hb_na_1_dwave:       -8.8298e-05 +/- 1.3984e-04 (158.37%) (init = 0)
    Hb_na_1_sigma:        0.00150365 +/- 1.6353e-04 (10.88%) (init = 0.001)
    OIII4959c_1_scale:    3.38268746 +/- 0.50271367 (14.86%) (init = 0)
    OIII4959c_1_dwave:   -8.8298e-05 +/- 1.3984e-04 (158.37%) == 'Hb_na_1_dwave'
    OIII4959c_1_sigma:    0.00150365 +/- 1.6353e-04 (10.88%) == 'Hb_na_1_sigma'
    OIII5007c_1_scale:    10.2505680 +/- 1.52337473 (14.86%) == '3.0303030014038086 * OIII4959c_1_scale'
    OIII5007c_1_dwave:   -8.8298e-05 +/- 1.3984e-04 (158.37%) == 'Hb_na_1_dwave'
    OIII5007c_1_sigma:    0.00150365 +/- 1.6353e-04 (10.88%) == 'Hb_na_1_sigma'
    OIII4959w_1_scale:    11.4671217 +/- 0.90846093 (7.92%) (init = 0)
    OIII4959w_1_dwave:   -0.00958214 +/- 4.1905e-05 (0.44%) (init = 0)
    OIII4959w_1_sigma:    6.5363e-04 +/- 3.7900e-05 (5.80%) (init = 0.003)
    OIII5007w_1_scale:    34.7488533 +/- 2.75291190 (7.92%) == '3.0303030014038086 * OIII4959w_1_scale'
    OIII5007w_1_dwave:   -0.00958214 +/- 4.1905e-05 (0.44%) == 'OIII4959w_1_dwave'
    OIII5007w_1_sigma:    6.5363e-04 +/- 3.7900e-05 (5.80%) == 'OIII4959w_1_sigma'
    HeII4687_br_1_scale:  2.60293453 +/- 0.28130081 (10.81%) (init = 0)
    HeII4687_br_1_dwave: -0.00497357 +/- 0.02317818 (466.03%) (init = 0)
    HeII4687_br_1_sigma:  0.04166925 +/- 0.01366250 (32.79%) (init = 0.005)
    HeII4687_na_1_scale:  4.51338411 +/- 0.72050086 (15.96%) (init = 0)
    HeII4687_na_1_dwave: -8.8298e-05 +/- 1.3984e-04 (158.37%) == 'Hb_na_1_dwave'
    HeII4687_na_1_sigma:  0.00150365 +/- 1.6353e-04 (10.88%) == 'Hb_na_1_sigma'
[[Correlations]] (unreported correlations are < 0.100)
    C(Hb_br_1_scale, Hb_br_2_scale)             = -1.0000
    C(Hb_br_1_scale, Hb_br_1_sigma)             = +1.0000
    C(Hb_br_1_sigma, Hb_br_2_scale)             = -1.0000
    C(Hb_br_2_scale, Hb_br_2_sigma)             = -1.0000
    C(Hb_br_1_scale, Hb_br_2_sigma)             = +1.0000
    C(Hb_br_1_sigma, Hb_br_2_dwave)             = +1.0000
    C(Hb_br_1_dwave, Hb_br_2_sigma)             = +1.0000
    C(Hb_br_1_scale, Hb_br_2_dwave)             = +1.0000
    C(Hb_br_2_scale, Hb_br_2_dwave)             = -1.0000
    C(Hb_br_1_sigma, Hb_br_2_sigma)             = +1.0000
    C(Hb_br_1_dwave, Hb_br_2_scale)             = -1.0000
    C(Hb_br_1_scale, Hb_br_1_dwave)             = +1.0000
    C(Hb_br_2_dwave, Hb_br_2_sigma)             = +1.0000
    C(Hb_br_1_dwave, Hb_br_1_sigma)             = +1.0000
    C(Hb_br_1_dwave, Hb_br_2_dwave)             = +1.0000
    C(HeII4687_br_1_dwave, HeII4687_br_1_sigma) = -0.8957
    C(HeII4687_br_1_scale, HeII4687_br_1_dwave) = -0.7005
    C(Hb_na_1_sigma, OIII4959c_1_scale)         = -0.6711
    C(OIII4959w_1_scale, OIII4959w_1_sigma)     = -0.6021
    C(HeII4687_br_1_scale, HeII4687_br_1_sigma) = +0.5468
    C(HeII4687_br_1_scale, HeII4687_na_1_scale) = -0.3641
    C(Hb_br_2_sigma, OIII4959c_1_scale)         = -0.3071
    C(Hb_br_1_dwave, OIII4959c_1_scale)         = -0.3070
    C(Hb_br_1_scale, OIII4959c_1_scale)         = -0.3070
    C(Hb_br_2_scale, OIII4959c_1_scale)         = +0.3070
    C(Hb_br_2_dwave, OIII4959c_1_scale)         = -0.3070
    C(Hb_br_1_sigma, OIII4959c_1_scale)         = -0.3070
    C(Hb_na_1_sigma, HeII4687_na_1_scale)       = -0.2503
    C(Hb_br_2_sigma, Hb_na_1_sigma)             = +0.1895
    C(Hb_br_1_dwave, Hb_na_1_sigma)             = +0.1895
    C(Hb_br_1_scale, Hb_na_1_sigma)             = +0.1895
    C(Hb_br_2_scale, Hb_na_1_sigma)             = -0.1895
    C(Hb_br_2_dwave, Hb_na_1_sigma)             = +0.1895
    C(Hb_br_1_sigma, Hb_na_1_sigma)             = +0.1895
    C(Hb_na_1_sigma, HeII4687_br_1_sigma)       = -0.1783
    C(Hb_na_1_scale, HeII4687_br_1_dwave)       = +0.1610
    C(OIII4959c_1_scale, HeII4687_na_1_scale)   = +0.1579
    C(Hb_br_1_dwave, Hb_na_1_dwave)             = -0.1446
    C(Hb_br_1_sigma, Hb_na_1_dwave)             = -0.1446
    C(Hb_br_2_scale, Hb_na_1_dwave)             = +0.1446
    C(Hb_br_1_scale, Hb_na_1_dwave)             = -0.1446
    C(Hb_br_2_sigma, Hb_na_1_dwave)             = -0.1446
    C(Hb_br_2_dwave, Hb_na_1_dwave)             = -0.1446
    C(Hb_na_1_sigma, HeII4687_br_1_scale)       = -0.1446
    C(Hb_br_2_dwave, OIII4959w_1_sigma)         = -0.1429
    C(Hb_br_1_sigma, OIII4959w_1_sigma)         = -0.1429
    C(Hb_br_2_scale, OIII4959w_1_sigma)         = +0.1429
    C(Hb_br_1_scale, OIII4959w_1_sigma)         = -0.1429
    C(Hb_br_2_sigma, OIII4959w_1_sigma)         = -0.1429
    C(Hb_br_1_dwave, OIII4959w_1_sigma)         = -0.1428
    C(HeII4687_br_1_dwave, HeII4687_na_1_scale) = +0.1365
    C(Hb_na_1_scale, HeII4687_br_1_sigma)       = -0.1351
    C(Hb_br_1_dwave, OIII4959w_1_dwave)         = +0.1311
    C(Hb_br_2_sigma, OIII4959w_1_dwave)         = +0.1311
    C(Hb_br_1_scale, OIII4959w_1_dwave)         = +0.1310
    C(Hb_br_2_scale, OIII4959w_1_dwave)         = -0.1310
    C(Hb_br_1_sigma, OIII4959w_1_dwave)         = +0.1310
    C(Hb_br_2_dwave, OIII4959w_1_dwave)         = +0.1310
    C(Hb_br_2_dwave, HeII4687_br_1_sigma)       = -0.1139
    C(Hb_br_1_sigma, HeII4687_br_1_sigma)       = -0.1139
    C(Hb_br_1_scale, HeII4687_br_1_sigma)       = -0.1138
    C(Hb_br_2_scale, HeII4687_br_1_sigma)       = +0.1138
    C(Hb_br_2_sigma, HeII4687_br_1_sigma)       = -0.1138
    C(Hb_br_1_dwave, HeII4687_br_1_sigma)       = -0.1137
    C(OIII4959c_1_scale, HeII4687_br_1_scale)   = +0.1135
    C(Hb_na_1_dwave, OIII4959c_1_scale)         = +0.1074
Name                Value      Min      Max   Stderr     Vary     Expr Brute_Step
Ha_br_1_dwave           0   -0.015    0.015     None     True     None     None
Ha_br_1_scale           0        0    1e+10     None     True     None     None
Ha_br_1_sigma       0.005    0.004     0.05     None     True     None     None
Ha_br_2_dwave           0   -0.015    0.015     None     True     None     None
Ha_br_2_scale           0        0    1e+10     None     True     None     None
Ha_br_2_sigma       0.005    0.004     0.05     None     True     None     None
Ha_na_1_dwave           0    -0.01     0.01     None     True     None     None
Ha_na_1_scale           0        0    1e+10     None     True     None     None
Ha_na_1_sigma       0.001   0.0005  0.00169     None     True     None     None
NII6549_1_dwave         0   -0.005    0.005     None    False Ha_na_1_dwave     None
NII6549_1_scale         0        0    1e+10     None     True     None     None
NII6549_1_sigma     0.001  0.00023  0.00169     None    False Ha_na_1_sigma     None
NII6585_1_dwave         0   -0.005    0.005     None    False Ha_na_1_dwave     None
NII6585_1_scale         0        0    1e+10     None    False 3.0 * NII6549_1_scale     None
NII6585_1_sigma     0.001  0.00023  0.00169     None    False Ha_na_1_sigma     None
SII6718_1_dwave         0   -0.005    0.005     None    False Ha_na_1_dwave     None
SII6718_1_scale         0        0    1e+10     None     True     None     None
SII6718_1_sigma     0.001  0.00023  0.00169     None    False Ha_na_1_sigma     None
SII6732_1_dwave         0   -0.005    0.005     None    False Ha_na_1_dwave     None
SII6732_1_scale         0        0    1e+10     None    False 1.0 * SII6718_1_scale     None
SII6732_1_sigma     0.001  0.00023  0.00169     None    False Ha_na_1_sigma     None
Fitting complex Ha
Fit report
[[Variables]]
    Ha_br_1_scale:    10.4233411 +/- 2.65020514 (25.43%) (init = 0)
    Ha_br_1_dwave:    1.7466e-04 +/- 5.9602e-04 (341.24%) (init = 0)
    Ha_br_1_sigma:    0.01024926 +/- 9.5257e-04 (9.29%) (init = 0.005)
    Ha_br_2_scale:    38.7234844 +/- 2.61721123 (6.76%) (init = 0)
    Ha_br_2_dwave:    0.00205087 +/- 1.4502e-04 (7.07%) (init = 0)
    Ha_br_2_sigma:    0.00503033 +/- 2.5287e-04 (5.03%) (init = 0.005)
    Ha_na_1_scale:    2.57755595 +/- 2.42801491 (94.20%) (init = 0)
    Ha_na_1_dwave:    3.3519e-05 +/- 2.9847e-05 (89.05%) (init = 0)
    Ha_na_1_sigma:    5.0000e-04 +/- 3.6740e-05 (7.35%) (init = 0.001)
    NII6549_1_scale:  4.17478607 +/- 0.85845969 (20.56%) (init = 0)
    NII6549_1_dwave:  3.3519e-05 +/- 2.9847e-05 (89.05%) == 'Ha_na_1_dwave'
    NII6549_1_sigma:  5.0000e-04 +/- 3.6740e-05 (7.35%) == 'Ha_na_1_sigma'
    NII6585_1_scale:  12.5243582 +/- 2.57537905 (20.56%) == '3.0 * NII6549_1_scale'
    NII6585_1_dwave:  3.3519e-05 +/- 2.9847e-05 (89.05%) == 'Ha_na_1_dwave'
    NII6585_1_sigma:  5.0000e-04 +/- 3.6740e-05 (7.35%) == 'Ha_na_1_sigma'
    SII6718_1_scale:  18.9430915 +/- 1.06182711 (5.61%) (init = 0)
    SII6718_1_dwave:  3.3519e-05 +/- 2.9847e-05 (89.05%) == 'Ha_na_1_dwave'
    SII6718_1_sigma:  5.0000e-04 +/- 3.6740e-05 (7.35%) == 'Ha_na_1_sigma'
    SII6732_1_scale:  18.9430915 +/- 1.06182711 (5.61%) == '1.0 * SII6718_1_scale'
    SII6732_1_dwave:  3.3519e-05 +/- 2.9847e-05 (89.05%) == 'Ha_na_1_dwave'
    SII6732_1_sigma:  5.0000e-04 +/- 3.6740e-05 (7.35%) == 'Ha_na_1_sigma'
[[Correlations]] (unreported correlations are < 0.100)
    C(Ha_br_1_scale, Ha_br_1_sigma)   = -0.9474
    C(Ha_br_1_scale, Ha_br_2_scale)   = -0.9019
    C(Ha_br_1_scale, Ha_br_2_sigma)   = -0.8922
    C(Ha_br_1_sigma, Ha_br_2_scale)   = +0.8847
    C(Ha_br_1_sigma, Ha_br_2_sigma)   = +0.7682
    C(Ha_br_1_scale, Ha_br_1_dwave)   = +0.6702
    C(Ha_br_2_scale, Ha_br_2_sigma)   = +0.6695
    C(Ha_br_1_dwave, Ha_br_2_sigma)   = -0.6385
    C(Ha_br_1_dwave, Ha_br_2_scale)   = -0.6084
    C(Ha_na_1_sigma, SII6718_1_scale) = +0.5895
    C(Ha_br_1_dwave, Ha_br_1_sigma)   = -0.5810
    C(Ha_br_1_sigma, Ha_br_2_dwave)   = -0.4488
    C(Ha_br_1_scale, Ha_br_2_dwave)   = +0.4009
    C(Ha_br_2_scale, Ha_br_2_dwave)   = -0.3667
    C(Ha_br_2_dwave, Ha_br_2_sigma)   = -0.3083
    C(Ha_br_2_dwave, NII6549_1_scale) = -0.2288
    C(Ha_br_2_sigma, NII6549_1_scale) = +0.1899
    C(Ha_br_2_dwave, Ha_na_1_scale)   = +0.1887
    C(Ha_br_2_sigma, Ha_na_1_scale)   = +0.1781
    C(Ha_br_1_dwave, Ha_br_2_dwave)   = -0.1561
    C(Ha_na_1_scale, NII6549_1_scale) = -0.1398
    C(Ha_br_1_dwave, Ha_na_1_scale)   = -0.1355
    C(Ha_br_1_scale, NII6549_1_scale) = -0.1171
    C(Ha_br_2_scale, Ha_na_1_sigma)   = +0.1099
    C(Ha_br_1_sigma, NII6549_1_scale) = +0.1070
Saving figure as ./result.pdf
Fitting finished in 8.9s
wrote pyqsofit_model.csv
['ra' 'dec' 'plateid' 'MJD' 'fiberid' 'redshift' 'SN_ratio_conti'
 'Fe_uv_norm' 'Fe_uv_FWHM' 'Fe_uv_shift' 'Fe_op_norm' 'Fe_op_FWHM'
 'Fe_op_shift' 'PL_norm' 'PL_slope' 'Blamer_norm' 'Balmer_Te' 'Balmer_Tau'
 'conti_a_0' 'conti_a_1' 'conti_a_2' 'L1350' 'L1450' 'L3000' 'L4200'
 'L5100' 'Fe_flux_4435_4685']

['-999' '-999' '0' '0' '0' '0.09091717004776001' '27.71412859806795' '0.0'
 '3000.0' '0.0' '0.0' '3000.0' '0.0' '61.655994754161725'
 '-4.999999999911864' '0.0' '15000.0' '0.5' '17740.782379737153'
 '-4.896002905876774' '0.0004188978856957933' '-1.0' '-1.0' '-1.0'
 '43.3612493791497' '43.40167534902389' '0.0']
['Hb_br_1_scale' 'Hb_br_1_centerwave' 'Hb_br_1_sigma' 'Hb_br_2_scale'
 'Hb_br_2_centerwave' 'Hb_br_2_sigma' 'Hb_na_1_scale' 'Hb_na_1_centerwave'
 'Hb_na_1_sigma' 'OIII4959c_1_scale' 'OIII4959c_1_centerwave'
 'OIII4959c_1_sigma' 'OIII5007c_1_scale' 'OIII5007c_1_centerwave'
 'OIII5007c_1_sigma' 'OIII4959w_1_scale' 'OIII4959w_1_centerwave'
 'OIII4959w_1_sigma' 'OIII5007w_1_scale' 'OIII5007w_1_centerwave'
 'OIII5007w_1_sigma' 'HeII4687_br_1_scale' 'HeII4687_br_1_centerwave'
 'HeII4687_br_1_sigma' 'HeII4687_na_1_scale' 'HeII4687_na_1_centerwave'
 'HeII4687_na_1_sigma' 'Ha_br_1_scale' 'Ha_br_1_centerwave'
 'Ha_br_1_sigma' 'Ha_br_2_scale' 'Ha_br_2_centerwave' 'Ha_br_2_sigma'
 'Ha_na_1_scale' 'Ha_na_1_centerwave' 'Ha_na_1_sigma' 'NII6549_1_scale'
 'NII6549_1_centerwave' 'NII6549_1_sigma' 'NII6585_1_scale'
 'NII6585_1_centerwave' 'NII6585_1_sigma' 'SII6718_1_scale'
 'SII6718_1_centerwave' 'SII6718_1_sigma' 'SII6732_1_scale'
 'SII6732_1_centerwave' 'SII6732_1_sigma']

[7.17078841e+00 8.48830398e+00 5.77093579e-03 7.17078730e+00
 8.48830491e+00 5.77184252e-03 1.06569198e-01 8.48348180e+00
 1.50364903e-03 3.38268746e+00 8.50306646e+00 1.50364903e-03
 1.02505680e+01 8.51875154e+00 1.50364903e-03 1.14671217e+01
 8.49357261e+00 6.53633321e-04 3.47488533e+01 8.50925770e+00
 6.53633321e-04 2.60293453e+00 8.44757828e+00 4.16692484e-02
 4.51338411e+00 8.45246354e+00 1.50364903e-03 1.04233411e+01
 8.78764071e+00 1.02492565e-02 3.87234844e+01 8.78951692e+00
 5.03032571e-03 2.57755595e+00 8.78749957e+00 5.00000024e-04
 4.17478607e+00 8.78723063e+00 5.00000024e-04 1.25243582e+01
 8.79262557e+00 5.00000024e-04 1.89430915e+01 8.81262221e+00
 5.00000024e-04 1.89430915e+01 8.81476035e+00 5.00000024e-04]
['Hb_br_1_scale' 'Hb_br_1_sigma' 'Hb_br_2_centerwave' 'Hb_na_1_scale'
 'Hb_na_1_sigma' 'OIII4959c_1_centerwave' 'OIII5007c_1_scale'
 'OIII5007c_1_sigma' 'OIII4959w_1_centerwave' 'OIII5007w_1_scale'
 'OIII5007w_1_sigma' 'HeII4687_br_1_centerwave' 'HeII4687_na_1_scale'
 'HeII4687_na_1_sigma' 'Ha_br_1_centerwave' 'Ha_br_2_scale'
 'Ha_br_2_sigma' 'Ha_na_1_centerwave' 'NII6549_1_scale' 'NII6549_1_sigma'
 'NII6585_1_centerwave' 'SII6718_1_scale' 'SII6718_1_sigma'
 'SII6732_1_centerwave']

[]
(0,)
['1_complex_name' '1_line_status' '1_line_min_chi2' '1_line_bic'
 '1_line_red_chi2' '1_niter' '1_ndof' '2_complex_name' '2_line_status'
 '2_line_min_chi2' '2_line_bic' '2_line_red_chi2' '2_niter' '2_ndof'
 'Hb_br_1_scale' 'Hb_br_1_centerwave' 'Hb_br_1_sigma' 'Hb_br_2_scale'
 'Hb_br_2_centerwave' 'Hb_br_2_sigma' 'Hb_na_1_scale' 'Hb_na_1_centerwave'
 'Hb_na_1_sigma' 'OIII4959c_1_scale' 'OIII4959c_1_centerwave'
 'OIII4959c_1_sigma' 'OIII5007c_1_scale' 'OIII5007c_1_centerwave'
 'OIII5007c_1_sigma' 'OIII4959w_1_scale' 'OIII4959w_1_centerwave'
 'OIII4959w_1_sigma' 'OIII5007w_1_scale' 'OIII5007w_1_centerwave'
 'OIII5007w_1_sigma' 'HeII4687_br_1_scale' 'HeII4687_br_1_centerwave'
 'HeII4687_br_1_sigma' 'HeII4687_na_1_scale' 'HeII4687_na_1_centerwave'
 'HeII4687_na_1_sigma' 'Ha_br_1_scale' 'Ha_br_1_centerwave'
 'Ha_br_1_sigma' 'Ha_br_2_scale' 'Ha_br_2_centerwave' 'Ha_br_2_sigma'
 'Ha_na_1_scale' 'Ha_na_1_centerwave' 'Ha_na_1_sigma' 'NII6549_1_scale'
 'NII6549_1_centerwave' 'NII6549_1_sigma' 'NII6585_1_scale'
 'NII6585_1_centerwave' 'NII6585_1_sigma' 'SII6718_1_scale'
 'SII6718_1_centerwave' 'SII6718_1_sigma' 'SII6732_1_scale'
 'SII6732_1_centerwave' 'SII6732_1_sigma' 'Hb_whole_br_fwhm'
 'Hb_whole_br_sigma' 'Hb_whole_br_ew' 'Hb_whole_br_peak'
 'Hb_whole_br_area' 'Hb_whole_br_snr' 'Ha_whole_br_fwhm'
 'Ha_whole_br_sigma' 'Ha_whole_br_ew' 'Ha_whole_br_peak'
 'Ha_whole_br_area' 'Ha_whole_br_snr']

['Hb' '1' '2733.5891661058986' '869.651663034549' '7.155992581429054'
 '400' '382' 'Ha' '1' '1386.0509549021235' '497.70958264101614'
 '5.522115358175791' '3005' '251' '7.170788407506734' '8.488303981045027'
 '0.005770935792669119' '7.1707872972837094' '8.488304908436133'
 '0.005771842518015605' '0.10656919791074415' '8.483481800878856'
 '0.0015036490283493104' '3.3826874634712567' '8.503066456640575'
 '0.0015036490283493104' '10.250567973367986' '8.518751538122508'
 '0.0015036490283493104' '11.467121696639992' '8.493572614063273'
 '0.0006536333213154237' '34.748853294790905' '8.509257695545207'
 '0.0006536333213154237' '2.602934534579049' '8.447578275739847'
 '0.04166924840606814' '4.513384110893526' '8.452463543737743'
 '0.0015036490283493104' '10.423341079146553' '8.787640714154659'
 '0.010249256482668813' '38.72348441902318' '8.78951692063181'
 '0.00503032571392219' '2.5775559464591424' '8.787499567848888'
 '0.000500000023897799' '4.174786072397296' '8.787230631691662'
 '0.000500000023897799' '12.524358217191889' '8.792625567299572'
 '0.000500000023897799' '18.943091539824763' '8.812622210365978'
 '0.000500000023897799' '18.943091539824763' '8.814760348183361'
 '0.000500000023897799' '4434.8007701002725' '10581.387703684082'
 '92.7064651011542' '4856.975493342531' '2273.4607412129017'
 '13.501369946187516' '4002.5897532964145' '2188.258767955995'
 '233.34761165596566' '6564.884570650809' '4955.656992989357'
 '74.98736193840996']
Broad Hb:
FWHM (km/s) 4094.3
Sigma (km/s) 1715.2
EW (A) 41.4
Peak (A) 4857.1
Area (10^(-17) erg/s/cm^2) 1005.1
SNR 7.5

Narrow Hb:
FWHM (km/s) 1061.4
Sigma (km/s) 444.6
EW (A) 0.1
Peak (A) 4834.3
Area (10^(-17) erg/s/cm^2) 1.9
SNR 0.0

Broad [OIII]5007:
FWHM (km/s) 0
Sigma (km/s) 0
EW (A) 0
Peak (A) 0
Area (10^(-17) erg/s/cm^2) 0
SNR 0

Narrow [OIII]5007:
FWHM (km/s) 1061.4
Sigma (km/s) 444.6
EW (A) 8.0
Peak (A) 5007.8
Area (10^(-17) erg/s/cm^2) 192.9
SNR 3.9
