my_sdss.fits
Host contribution is negliglable
[1.3446083 1.3446083 1.3446083 ... 1.3446083 1.3446083 1.3446083]
Directory  my_sdss  Created 
global my_sdss/
Directory  output/  already exists
stati 950397.1271429283
1 iter stat:  1326.7485903607885
2 iter stat:  817.643893461398
3 iter stat:  604.0515390861547
4 iter stat:  624.003997082109
5 iter stat:  556.525398644575
6 iter stat:  201.78746364350081
7 iter stat:  162.6994406082813
8 iter stat:  143.42776384759054
9 iter stat:  127.71063035748375
10 iter stat:  99.68265149369836
11 iter stat:  84.10681509193091
12 iter stat:  69.77712502414943
13 iter stat:  49.67674173405976
14 iter stat:  43.98660068291065
15 iter stat:  39.6509287601948
16 iter stat:  36.843964158411836
17 iter stat:  34.05913650683942
18 iter stat:  30.330141868427745
19 iter stat:  28.52189315058058
20 iter stat:  25.66732532667811
21 iter stat:  24.858096182957524
22 iter stat:  22.434825356234796
23 iter stat:  21.13228142936714
24 iter stat:  18.508309458993608
25 iter stat:  17.41988769240561
26 iter stat:  15.772617631577305
27 iter stat:  14.783553529137862
28 iter stat:  13.876492482246249
29 iter stat:  12.966408332024002
30 iter stat:  11.830920464897645
fit ok
./output/my_sdss_model.csv
brokenpowerlaw + OIIIb5007_na + OIIIa4959_na + NII6583_na + NII6548_na + SII6716_na + SII6732_na + HBeta4863_br + HAlpha6565_br + HBeta4863_na + HAlpha6565_na + feii
   Param        Type          Value          Min          Max      Units
   -----        ----          -----          ---          ---      -----
   brokenpowerlaw.refer thawed      5509.14         5400         7000  angstroms
   brokenpowerlaw.ampl thawed       33.343      30.1675       33.343  angstroms
   brokenpowerlaw.index1 thawed       -2.684           -3            0           
   brokenpowerlaw.index2 thawed            1           -1            1           
   OIIIb5007_na.ampl thawed      102.001            0          200           
   OIIIb5007_na.pos frozen      5006.84            0  3.40282e+38  angstroms
   OIIIb5007_na.offs_kms thawed     -278.992         -400          400       km/s
   OIIIb5007_na.fwhm thawed          600           70          600       km/s
   OIIIa4959_na.ampl linked      34.0003 expr: OIIIb5007_na.ampl / 3.0           
   OIIIa4959_na.pos frozen       4958.9            0  3.40282e+38  angstroms
   OIIIa4959_na.offs_kms linked     -278.992 expr: OIIIb5007_na.offs_kms       km/s
   OIIIa4959_na.fwhm linked          600  expr: OIIIb5007_na.fwhm       km/s
   NII6583_na.ampl thawed      71.4585            0          200           
   NII6583_na.pos frozen      6583.46            0  3.40282e+38  angstroms
   NII6583_na.offs_kms linked     -278.992 expr: OIIIb5007_na.offs_kms       km/s
   NII6583_na.fwhm linked          600  expr: OIIIb5007_na.fwhm       km/s
   NII6548_na.ampl linked      23.8195 expr: NII6583_na.ampl / 3.0           
   NII6548_na.pos frozen      6548.05            0  3.40282e+38  angstroms
   NII6548_na.offs_kms linked     -278.992 expr: OIIIb5007_na.offs_kms       km/s
   NII6548_na.fwhm linked          600  expr: OIIIb5007_na.fwhm       km/s
   SII6716_na.ampl thawed      10.6098            0          200           
   SII6716_na.pos frozen      6718.29            0  3.40282e+38  angstroms
   SII6716_na.offs_kms linked     -278.992 expr: OIIIb5007_na.offs_kms       km/s
   SII6716_na.fwhm linked          600  expr: OIIIb5007_na.fwhm       km/s
   SII6732_na.ampl thawed      7.50192            0          200           
   SII6732_na.pos frozen      6732.67            0  3.40282e+38  angstroms
   SII6732_na.offs_kms linked     -278.992 expr: OIIIb5007_na.offs_kms       km/s
   SII6732_na.fwhm linked          600  expr: OIIIb5007_na.fwhm       km/s
   HBeta4863_br.ampl thawed      54.6818            0          200           
   HBeta4863_br.pos frozen      4861.33            0  3.40282e+38  angstroms
   HBeta4863_br.offs_kms thawed     -54.1324        -1500          500       km/s
   HBeta4863_br.fwhm thawed      3790.58         1200         8000       km/s
   HAlpha6565_br.ampl thawed      139.183            0          200           
   HAlpha6565_br.pos frozen      6562.82            0  3.40282e+38  angstroms
   HAlpha6565_br.offs_kms linked     -54.1324 expr: HBeta4863_br.offs_kms       km/s
   HAlpha6565_br.fwhm linked      3790.58  expr: HBeta4863_br.fwhm       km/s
   HBeta4863_na.ampl thawed      38.6629            0          200           
   HBeta4863_na.pos frozen      4861.33            0  3.40282e+38  angstroms
   HBeta4863_na.offs_kms linked     -278.992 expr: OIIIb5007_na.offs_kms       km/s
   HBeta4863_na.fwhm linked          600  expr: OIIIb5007_na.fwhm       km/s
   HAlpha6565_na.ampl linked      110.576 expr: HBeta4863_na.ampl * 2.86           
   HAlpha6565_na.pos frozen      6562.82            0  3.40282e+38  angstroms
   HAlpha6565_na.offs_kms linked     -278.992 expr: OIIIb5007_na.offs_kms       km/s
   HAlpha6565_na.fwhm linked          600  expr: OIIIb5007_na.fwhm       km/s
   feii.amp_a2D2 thawed            0            0         1000           
   feii.amp_a4G thawed            0            0         1000           
   feii.amp_a4H thawed     0.545781            0         1000           
   feii.amp_a6S thawed      2.40392            0         1000           
   feii.amp_b2H thawed    0.0789485            0         1000           
   feii.amp_b4D thawed       1.0004            0         1000           
   feii.amp_b4F thawed            0            0         1000           
   feii.amp_b4P thawed            0            0         1000           
   feii.amp_e4D thawed      24.2026            0         1000           
   feii.amp_z4D thawed      3.62884            0         1000           
   feii.amp_z4F thawed      17.9453            0         1000           
   feii.amp_z4P thawed      17.7835            0         1000           
   feii.amp_y4G thawed            0            0         1000           
   feii.amp_b4G thawed            0            0         1000           
   feii.amp_x4D thawed            0            0         1000           
   feii.amp_y4P thawed            0            0         1000           
   feii.offs_kms thawed          800         -800          800           
   feii.fwhm    thawed      4193.43          300         6000           
skipping monte_carlo (FANTASY_MC=0)
