<IPython.core.display.HTML object>
/app/BADASS3/example_spectra/2-onur
/app/BADASS3/example_spectra/2-onur/my_sdss.fits
0.4675198495388031
Start process memory: 0.22370304                    
 Folder has not been created.  Creating MCMC_output folder...

 > Starting fit for 2-onur

 Input fitting region exceeds available wavelength range.  BADASS will adjust your fitting range automatically...
		- Input fitting range: (2900, 8000)
		- Available wavelength range: (2430, 7086)
		- New fitting region is (2900, 7087). 


 Input spectrum is not linearly binned. BADASS will linearly rebin and conserve flux...


-----------------------------------------------------------
 file:                        my_sdss.fits                  
 redshift:                    0.46752                       
 fitting region:              (2900,7087) [A]               
 velocity scale:              69.03 [km/s/pixel]            
 Galactic E(B-V):             0.000                         
 Flux Normalization:          1e-17                         
 Fit Normalization:           87.21572                      
-----------------------------------------------------------

 Initializing parameters...
----------------------------------------------------------------------------------------------------
	- Fitting a SSP host-galaxy template.
	- Fitting additive legendre polynomial component.
	- Fitting Simple AGN power-law continuum.
	- Fitting broad and narrow optical FeII using Veron-Cetty et al. (2004) optical FeII templates
	 		* varying optical FeII amplitudes
	 		* varying optical FeII dispersion.
	 		* varying optical FeII voff

 Warning! Peak finding algorithm used for initial guesses of amplitude and velocity failed! Defaulting to user-defined locations...

 Warning! Peak finding algorithm used for initial guesses of amplitude and velocity failed! Defaulting to user-defined locations...

----------------------------------------------------------------------------------------------------------------------------------------

----------------------------------------------------------------------------------------------------------------------------------------

 Line List:

----------------------------------------------------------------------------------------------------------------------------------------
BR_H_ALPHA                                                                                
                              amp                           free                          
                              center                        6564.6                        
                              center_pix                    3548.1282776527223            
                              disp                          free                          
                              disp_res_ang                  1.7362539191544824            
                              disp_res_kms                  79.29132470149827             
                              line_profile                  gaussian                      
                              line_type                     br                            
                              ncomp                         1                             
                              voff                          free                          
BR_H_BETA                                                                                 
                              amp                           free                          
                              center                        4862.691                      
                              center_pix                    2244.869548166945             
                              disp                          free                          
                              disp_res_ang                  1.7362539191544824            
                              disp_res_kms                  107.04275269299562            
                              line_profile                  gaussian                      
                              line_type                     br                            
                              ncomp                         1                             
                              voff                          free                          
BR_OII                                                                                    
                              amp                           free                          
                              center                        3727.09                       
                              center_pix                    1089.8523293271826            
                              disp                          free                          
                              disp_res_ang                  1.7362539191544824            
                              disp_res_kms                  139.6574351935305             
                              line_profile                  gaussian                      
                              line_type                     br                            
                              ncomp                         1                             
                              voff                          free                          
BR_OIII_a                                                                                 
                              amp                           (BR_OIII_b_AMP/2.98)          
                              center                        4960.295                      
                              center_pix                    2331.1740808502395            
                              disp                          BR_OIII_b_DISP                
                              disp_res_ang                  1.7362539191544824            
                              disp_res_kms                  104.93646650762817            
                              line_profile                  gaussian                      
                              line_type                     br                            
                              ncomp                         1                             
                              voff                          BR_OIII_b_VOFF                
BR_OIII_b                                                                                 
                              amp                           free                          
                              center                        5008.24                       
                              center_pix                    2372.948525579921             
                              disp                          free                          
                              disp_res_ang                  1.7362539191544824            
                              disp_res_kms                  103.93188627850412            
                              line_profile                  gaussian                      
                              line_type                     br                            
                              ncomp                         1                             
                              voff                          free                          
NA_H_ALPHA                                                                                
                              amp                           free                          
                              center                        6564.6                        
                              center_pix                    3548.1282776527223            
                              disp                          free                          
                              disp_res_ang                  1.7362539191544824            
                              disp_res_kms                  79.29132470149827             
                              label                         [H$\alpha$]                   
                              line_profile                  gaussian                      
                              line_type                     na                            
                              ncomp                         1                             
                              voff                          free                          
NA_H_BETA                                                                                 
                              amp                           free                          
                              center                        4862.691                      
                              center_pix                    2244.869548166945             
                              disp                          free                          
                              disp_res_ang                  1.7362539191544824            
                              disp_res_kms                  107.04275269299562            
                              label                         H$\beta$                      
                              line_profile                  gaussian                      
                              line_type                     na                            
                              ncomp                         1                             
                              voff                          free                          
NA_NII_6549                                                                               
                              amp                           (NA_NII_6585_AMP/3.0)         
                              center                        6549.86                       
                              center_pix                    3538.36618088992              
                              disp                          NA_H_ALPHA_DISP               
                              disp_res_ang                  1.7362539191544824            
                              disp_res_kms                  79.46976425991633             
                              label                         [NII]                         
                              line_profile                  gaussian                      
                              line_type                     na                            
                              ncomp                         1                             
                              voff                          NA_H_ALPHA_VOFF               
NA_NII_6585                                                                               
                              amp                           free                          
                              center                        6585.27                       
                              center_pix                    3561.7808471600956            
                              disp                          NA_H_ALPHA_DISP               
                              disp_res_ang                  1.7362539191544824            
                              disp_res_kms                  79.04244323094657             
                              label                         [NII]                         
                              line_profile                  gaussian                      
                              line_type                     na                            
                              ncomp                         1                             
                              voff                          NA_H_ALPHA_VOFF               
NA_OII                                                                                    
                              amp                           free                          
                              center                        3727.09                       
                              center_pix                    1089.8523293271826            
                              disp                          free                          
                              disp_res_ang                  1.7362539191544824            
                              disp_res_kms                  139.6574351935305             
                              label                         [OII]                         
                              line_profile                  gaussian                      
                              line_type                     na                            
                              ncomp                         1                             
                              voff                          free                          
NA_OIII_a                                                                                 
                              amp                           (NA_OIII_b_AMP/2.98)          
                              center                        4960.295                      
                              center_pix                    2331.1740808502395            
                              disp                          NA_OIII_b_DISP                
                              disp_res_ang                  1.7362539191544824            
                              disp_res_kms                  104.93646650762817            
                              label                         [OIIIa]                       
                              line_profile                  gaussian                      
                              line_type                     na                            
                              ncomp                         1                             
                              voff                          NA_OIII_b_VOFF                
NA_OIII_b                                                                                 
                              amp                           free                          
                              center                        5008.24                       
                              center_pix                    2372.948525579921             
                              disp                          free                          
                              disp_res_ang                  1.7362539191544824            
                              disp_res_kms                  103.93188627850412            
                              label                         [OIIIb]                       
                              line_profile                  gaussian                      
                              line_type                     na                            
                              ncomp                         1                             
                              voff                          free                          
NA_SII_6716                                                                               
                              amp                           free                          
                              center                        6718.29                       
                              center_pix                    3648.6286322931655            
                              disp                          NA_H_ALPHA_DISP               
                              disp_res_ang                  1.7362539191544824            
                              disp_res_kms                  77.47742805616541             
                              label                         [SII]                         
                              line_profile                  gaussian                      
                              line_type                     na                            
                              ncomp                         1                             
                              voff                          NA_H_ALPHA_VOFF               
NA_SII_6731                                                                               
                              amp                           free                          
                              center                        6732.67                       
                              center_pix                    3657.914058500287             
                              disp                          NA_H_ALPHA_DISP               
                              disp_res_ang                  1.7362539191544824            
                              disp_res_kms                  77.31194758327017             
                              label                         [SII]                         
                              line_profile                  gaussian                      
                              line_type                     na                            
                              ncomp                         1                             
                              voff                          NA_H_ALPHA_VOFF               

----------------------------------------------------------------------------------------------------------------------------------------

 Number of Free Line Parameters: 27

----------------------------------------------------------------------------------------------------------------------------------------

 All Free Parameters:

----------------------------------------------------------------------------------------------------------------------------------------
APOLY_COEFF_1                                                                             
                              init                          0.0                           
                              plim                          (-100.0, 100.0)               
APOLY_COEFF_2                                                                             
                              init                          0.0                           
                              plim                          (-100.0, 100.0)               
APOLY_COEFF_3                                                                             
                              init                          0.0                           
                              plim                          (-100.0, 100.0)               
APOLY_COEFF_4                                                                             
                              init                          0.0                           
                              plim                          (-100.0, 100.0)               
APOLY_COEFF_5                                                                             
                              init                          0.0                           
                              plim                          (-100.0, 100.0)               
APOLY_COEFF_6                                                                             
                              init                          0.0                           
                              plim                          (-100.0, 100.0)               
APOLY_COEFF_7                                                                             
                              init                          0.0                           
                              plim                          (-100.0, 100.0)               
BR_H_ALPHA_AMP                                                                            
                              init                          0.9648794860810453            
                              plim                          (0, 50)                       
BR_H_ALPHA_DISP                                                                           
                              init                          3300.0                        
                              plim                          (600, 6000)                   
BR_H_ALPHA_VOFF                                                                           
                              init                          0.0                           
                              plim                          (-1500, 1500)                 
                              prior                         {'type': 'gaussian'}          
BR_H_BETA_AMP                                                                             
                              init                          0.5465992832570769            
                              plim                          (0, 50)                       
BR_H_BETA_DISP                                                                            
                              init                          3300.0                        
                              plim                          (600, 6000)                   
BR_H_BETA_VOFF                                                                            
                              init                          0.0                           
                              plim                          (-1500, 1500)                 
                              prior                         {'type': 'gaussian'}          
BR_OIII_b_AMP                                                                             
                              init                          0.48584111588999296           
                              plim                          (0, 50)                       
BR_OIII_b_DISP                                                                            
                              init                          3300.0                        
                              plim                          (600, 6000)                   
BR_OIII_b_VOFF                                                                            
                              init                          0.0                           
                              plim                          (-1500, 1500)                 
                              prior                         {'type': 'gaussian'}          
BR_OII_AMP                                                                                
                              init                          0.47989342199418317           
                              plim                          (0, 50)                       
BR_OII_DISP                                                                               
                              init                          3300.0                        
                              plim                          (600, 6000)                   
BR_OII_VOFF                                                                               
                              init                          0.0                           
                              plim                          (-1500, 1500)                 
                              prior                         {'type': 'gaussian'}          
BR_OPT_FEII_AMP                                                                           
                              init                          0.041571630317719536          
                              plim                          (0, 1.4999999519529292)       
BR_OPT_FEII_DISP                                                                          
                              init                          500.0                         
                              plim                          (500.0, 5000.0)               
BR_OPT_FEII_VOFF                                                                          
                              init                          0.0                           
                              plim                          (-500.0, 500.0)               
HOST_TEMP_DISP                                                                            
                              init                          100.0                         
                              plim                          (0.001, 500.0)                
HOST_TEMP_VEL                                                                             
                              init                          0.0                           
                              plim                          (-500.0, 500)                 
NA_H_ALPHA_AMP                                                                            
                              init                          0.9648794860810453            
                              plim                          (0, 50)                       
NA_H_ALPHA_DISP                                                                           
                              init                          1300.0                        
                              plim                          (100, 2500)                   
NA_H_ALPHA_VOFF                                                                           
                              init                          0.0                           
                              plim                          (-1000, 1000)                 
                              prior                         {'type': 'gaussian'}          
NA_H_BETA_AMP                                                                             
                              init                          0.5465992832570769            
                              plim                          (0, 50)                       
NA_H_BETA_DISP                                                                            
                              init                          1300.0                        
                              plim                          (100, 2500)                   
NA_H_BETA_VOFF                                                                            
                              init                          0.0                           
                              plim                          (-1000, 1000)                 
                              prior                         {'type': 'gaussian'}          
NA_NII_6585_AMP                                                                           
                              init                          0.778895320728317             
                              plim                          (0, 50)                       
NA_OIII_b_AMP                                                                             
                              init                          0.48584111588999296           
                              plim                          (0, 50)                       
NA_OIII_b_DISP                                                                            
                              init                          1300.0                        
                              plim                          (100, 2500)                   
NA_OIII_b_VOFF                                                                            
                              init                          0.0                           
                              plim                          (-1000, 1000)                 
                              prior                         {'type': 'gaussian'}          
NA_OII_AMP                                                                                
                              init                          0.47989342199418317           
                              plim                          (0, 50)                       
NA_OII_DISP                                                                               
                              init                          1300.0                        
                              plim                          (100, 2500)                   
NA_OII_VOFF                                                                               
                              init                          0.0                           
                              plim                          (-1000, 1000)                 
                              prior                         {'type': 'gaussian'}          
NA_OPT_FEII_AMP                                                                           
                              init                          0.041571630317719536          
                              plim                          (0, 1.4999999519529292)       
NA_OPT_FEII_DISP                                                                          
                              init                          10.0                          
                              plim                          (0.1, 500.0)                  
NA_OPT_FEII_VOFF                                                                          
                              init                          0.0                           
                              plim                          (-500.0, 500.0)               
NA_SII_6716_AMP                                                                           
                              init                          0.3006850457889317            
                              plim                          (0, 50)                       
NA_SII_6731_AMP                                                                           
                              init                          0.29431471064886405           
                              plim                          (0, 50)                       
POWER_AMP                                                                                 
                              init                          0.20785815158859766           
                              plim                          (0, 1.4999999519529292)       
POWER_SLOPE                                                                               
                              init                          -1.0                          
                              plim                          (-6.0, 6.0)                   

----------------------------------------------------------------------------------------------------------------------------------------

 Total number of free parameters: 44

----------------------------------------------------------------------------------------------------------------------------------------

 Soft Constraints:


----------------------------------------------------------------------------------------------------------------------------------------

----------------------------------------------------------------------------------------------------------------------------------------

 Required Maximum Likelihood RMSE threshold: 0.2384 


 Performing max. likelihood fitting.

 Using Basin-hopping algorithm to estimate parameters. niter_success = 5
basinhopping step 0: f 1.41096
 Fit Status: False
 Force threshold: 0.2384
 Lowest RMSE: 0.0459
 Current RMSE: 0.0459
 Accepted count: 1
 Basinhop count: 0


adaptive stepsize: acceptance rate 0.000000 target 0.500000 new stepsize 0.9 old stepsize 1
basinhopping step 1: f 1.41096 trial_f 2.21136 accepted 0  lowest_f 1.41096
 Fit Status: False
 Force threshold: 0.2384
 Lowest RMSE: 0.0459
 Current RMSE: 0.0574
 Accepted count: 1
 Basinhop count: 1


adaptive stepsize: acceptance rate 0.000000 target 0.500000 new stepsize 0.81 old stepsize 0.9
basinhopping step 2: f 1.11593 trial_f 1.11593 accepted 1  lowest_f 1.11593
found new global minimum on step 2 with function value 1.11593
 Fit Status: False
 Force threshold: 0.2384
 Lowest RMSE: 0.0408
 Current RMSE: 0.0408
 Accepted count: 2
 Basinhop count: 0


adaptive stepsize: acceptance rate 0.333333 target 0.500000 new stepsize 0.729 old stepsize 0.81
basinhopping step 3: f 1.11593 trial_f 1.35423 accepted 0  lowest_f 1.11593
 Fit Status: False
 Force threshold: 0.2384
 Lowest RMSE: 0.0408
 Current RMSE: 0.0449
 Accepted count: 2
 Basinhop count: 1


adaptive stepsize: acceptance rate 0.250000 target 0.500000 new stepsize 0.6561 old stepsize 0.729
basinhopping step 4: f 1.05677 trial_f 1.05677 accepted 1  lowest_f 1.05677
found new global minimum on step 4 with function value 1.05677
 Fit Status: False
 Force threshold: 0.2384
 Lowest RMSE: 0.0397
 Current RMSE: 0.0397
 Accepted count: 3
 Basinhop count: 0


adaptive stepsize: acceptance rate 0.400000 target 0.500000 new stepsize 0.59049 old stepsize 0.6561
basinhopping step 5: f 1.08935 trial_f 1.08935 accepted 1  lowest_f 1.05677
 Fit Status: False
 Force threshold: 0.2384
 Lowest RMSE: 0.0397
 Current RMSE: 0.0403
 Accepted count: 4
 Basinhop count: 1


adaptive stepsize: acceptance rate 0.500000 target 0.500000 new stepsize 0.531441 old stepsize 0.59049
basinhopping step 6: f 1.08935 trial_f 2.36153 accepted 0  lowest_f 1.05677
 Fit Status: False
 Force threshold: 0.2384
 Lowest RMSE: 0.0397
 Current RMSE: 0.0593
 Accepted count: 4
 Basinhop count: 2


adaptive stepsize: acceptance rate 0.428571 target 0.500000 new stepsize 0.478297 old stepsize 0.531441
basinhopping step 7: f 1.32967 trial_f 1.32967 accepted 1  lowest_f 1.05677
 Fit Status: False
 Force threshold: 0.2384
 Lowest RMSE: 0.0397
 Current RMSE: 0.0445
 Accepted count: 5
 Basinhop count: 3


adaptive stepsize: acceptance rate 0.500000 target 0.500000 new stepsize 0.430467 old stepsize 0.478297
basinhopping step 8: f 1.05509 trial_f 1.05509 accepted 1  lowest_f 1.05509
found new global minimum on step 8 with function value 1.05509
 Fit Status: False
 Force threshold: 0.2384
 Lowest RMSE: 0.0397
 Current RMSE: 0.0397
 Accepted count: 6
 Basinhop count: 0


adaptive stepsize: acceptance rate 0.555556 target 0.500000 new stepsize 0.478297 old stepsize 0.430467
basinhopping step 9: f 1.29386 trial_f 1.29386 accepted 1  lowest_f 1.05509
 Fit Status: False
 Force threshold: 0.2384
 Lowest RMSE: 0.0397
 Current RMSE: 0.0439
 Accepted count: 7
 Basinhop count: 1


adaptive stepsize: acceptance rate 0.600000 target 0.500000 new stepsize 0.531441 old stepsize 0.478297
basinhopping step 10: f 1.29371 trial_f 1.29371 accepted 1  lowest_f 1.05509
 Fit Status: False
 Force threshold: 0.2384
 Lowest RMSE: 0.0397
 Current RMSE: 0.0439
 Accepted count: 8
 Basinhop count: 2


adaptive stepsize: acceptance rate 0.636364 target 0.500000 new stepsize 0.59049 old stepsize 0.531441
basinhopping step 11: f 1.09772 trial_f 1.09772 accepted 1  lowest_f 1.05509
 Fit Status: False
 Force threshold: 0.2384
 Lowest RMSE: 0.0397
 Current RMSE: 0.0405
 Accepted count: 9
 Basinhop count: 3


adaptive stepsize: acceptance rate 0.666667 target 0.500000 new stepsize 0.6561 old stepsize 0.59049
basinhopping step 12: f 1.04881 trial_f 1.04881 accepted 1  lowest_f 1.04881
found new global minimum on step 12 with function value 1.04881
 Fit Status: False
 Force threshold: 0.2384
 Lowest RMSE: 0.0395
 Current RMSE: 0.0395
 Accepted count: 10
 Basinhop count: 0


adaptive stepsize: acceptance rate 0.692308 target 0.500000 new stepsize 0.729 old stepsize 0.6561
basinhopping step 13: f 1.08444 trial_f 1.08444 accepted 1  lowest_f 1.04881
 Fit Status: False
 Force threshold: 0.2384
 Lowest RMSE: 0.0395
 Current RMSE: 0.0402
 Accepted count: 11
 Basinhop count: 1


adaptive stepsize: acceptance rate 0.714286 target 0.500000 new stepsize 0.81 old stepsize 0.729
basinhopping step 14: f 1.07386 trial_f 1.07386 accepted 1  lowest_f 1.04881
 Fit Status: False
 Force threshold: 0.2384
 Lowest RMSE: 0.0395
 Current RMSE: 0.0400
 Accepted count: 12
 Basinhop count: 2


adaptive stepsize: acceptance rate 0.733333 target 0.500000 new stepsize 0.9 old stepsize 0.81
basinhopping step 15: f 1.21878 trial_f 1.21878 accepted 1  lowest_f 1.04881
 Fit Status: False
 Force threshold: 0.2384
 Lowest RMSE: 0.0395
 Current RMSE: 0.0426
 Accepted count: 13
 Basinhop count: 3


adaptive stepsize: acceptance rate 0.750000 target 0.500000 new stepsize 1 old stepsize 0.9
basinhopping step 16: f 1.06037 trial_f 1.06037 accepted 1  lowest_f 1.04881
 Fit Status: False
 Force threshold: 0.2384
 Lowest RMSE: 0.0395
 Current RMSE: 0.0398
 Accepted count: 14
 Basinhop count: 4


adaptive stepsize: acceptance rate 0.764706 target 0.500000 new stepsize 1.11111 old stepsize 1
basinhopping step 17: f 1.06037 trial_f 2.36463 accepted 0  lowest_f 1.04881
 Fit Status: True
 Force threshold: 0.2384
 Lowest RMSE: 0.0395
 Current RMSE: 0.0594
 Accepted count: 14
 Basinhop count: 5



 Maximum Likelihood Best-fit Parameters:
--------------------------------------------------------------------------------------

Parameter                     Best-fit Value                +/- 1-sigma                   Flag                          
--------------------------------------------------------------------------------------
AGN_FRAC_4000                 0.994509                      0.000000                      1.0                           
AGN_FRAC_7000                 0.983865                      0.000000                      1.0                           
APOLY_COEFF_1                 -0.343015                     0.000000                      1.0                           
APOLY_COEFF_2                 -0.049504                     0.000000                      1.0                           
APOLY_COEFF_3                 0.025215                      0.000000                      1.0                           
APOLY_COEFF_4                 -0.012667                     0.000000                      1.0                           
APOLY_COEFF_5                 0.004054                      0.000000                      1.0                           
APOLY_COEFF_6                 -0.020648                     0.000000                      1.0                           
APOLY_COEFF_7                 -0.027744                     0.000000                      1.0                           
BR_H_ALPHA_AMP                7.060578                      0.000000                      1.0                           
BR_H_ALPHA_DISP               3300.076993                   0.000000                      1.0                           
BR_H_ALPHA_DISP_CORR          3299.124285                   0.000000                      1.0                           
BR_H_ALPHA_DISP_RES           79.291325                     nan                           nan                           
BR_H_ALPHA_EW                 73.333165                     0.000000                      0.0                           
BR_H_ALPHA_FLUX               -13.726549                    0.000000                      0.0                           
BR_H_ALPHA_FWHM               7771.197282                   0.000000                      0.0                           
BR_H_ALPHA_FWHM_CORR          7768.953895                   0.000000                      0.0                           
BR_H_ALPHA_LUM                43.186096                     0.000000                      0.0                           
BR_H_ALPHA_NPIX               177.000000                    0.000000                      0.0                           
BR_H_ALPHA_SNR                4.906731                      0.000000                      0.0                           
BR_H_ALPHA_VOFF               -0.152633                     0.000000                      1.0                           
BR_H_ALPHA_W80                8656.152706                   0.000000                      0.0                           
BR_H_ALPHA_W80_CORR           8653.759345                   0.000000                      0.0                           
BR_H_BETA_AMP                 9.774310                      0.000000                      1.0                           
BR_H_BETA_DISP                3273.206402                   0.000000                      1.0                           
BR_H_BETA_DISP_CORR           3271.455639                   0.000000                      1.0                           
BR_H_BETA_DISP_RES            107.042753                    nan                           nan                           
BR_H_BETA_EW                  58.950333                     0.000000                      0.0                           
BR_H_BETA_FLUX                -13.719188                    0.000000                      0.0                           
BR_H_BETA_FWHM                7707.897666                   0.000000                      0.0                           
BR_H_BETA_FWHM_CORR           7703.775051                   0.000000                      0.0                           
BR_H_BETA_LUM                 43.193457                     0.000000                      0.0                           
BR_H_BETA_NPIX                186.000000                    0.000000                      0.0                           
BR_H_BETA_SNR                 6.792620                      0.000000                      0.0                           
BR_H_BETA_VOFF                -1.698279                     0.000000                      1.0                           
BR_H_BETA_W80                 8585.498236                   0.000000                      0.0                           
BR_H_BETA_W80_CORR            8581.099964                   0.000000                      0.0                           
BR_OIII_a_AMP                 0.406192                      0.000000                      1.0                           
BR_OIII_a_DISP                3299.805814                   0.000000                      1.0                           
BR_OIII_a_DISP_CORR           3298.136860                   0.000000                      1.0                           
BR_OIII_a_DISP_RES            104.936467                    nan                           nan                           
BR_OIII_a_EW                  2.575262                      0.000000                      0.0                           
BR_OIII_a_FLUX                -15.088415                    0.000000                      0.0                           
BR_OIII_a_FWHM                7770.558220                   0.000000                      0.0                           
BR_OIII_a_FWHM_CORR           7766.628256                   0.000000                      0.0                           
BR_OIII_a_LUM                 41.824230                     0.000000                      0.0                           
BR_OIII_a_NPIX                0.000000                      0.000000                      0.0                           
BR_OIII_a_SNR                 0.282282                      0.000000                      0.0                           
BR_OIII_a_VOFF                -3.148369                     0.000000                      1.0                           
BR_OIII_a_W80                 8654.765593                   0.000000                      0.0                           
BR_OIII_a_W80_CORR            8650.572596                   0.000000                      0.0                           
BR_OIII_b_AMP                 1.210453                      0.000000                      1.0                           
BR_OIII_b_DISP                3299.805814                   0.000000                      1.0                           
BR_OIII_b_DISP_CORR           3298.168669                   0.000000                      1.0                           
BR_OIII_b_DISP_RES            103.931886                    nan                           nan                           
BR_OIII_b_EW                  7.841450                      0.000000                      0.0                           
BR_OIII_b_FLUX                -14.610009                    0.000000                      0.0                           
BR_OIII_b_FWHM                7770.553043                   0.000000                      0.0                           
BR_OIII_b_FWHM_CORR           7766.697979                   0.000000                      0.0                           
BR_OIII_b_LUM                 42.302635                     0.000000                      0.0                           
BR_OIII_b_NPIX                2.000000                      0.000000                      0.0                           
BR_OIII_b_SNR                 0.841202                      0.000000                      0.0                           
BR_OIII_b_VOFF                -3.148369                     0.000000                      1.0                           
BR_OIII_b_W80                 8655.132993                   0.000000                      0.0                           
BR_OIII_b_W80_CORR            8651.020087                   0.000000                      0.0                           
BR_OII_AMP                    0.000127                      0.000000                      1.0                           
BR_OII_DISP                   3299.987776                   0.000000                      1.0                           
BR_OII_DISP_CORR              3297.031259                   0.000000                      1.0                           
BR_OII_DISP_RES               139.657435                    nan                           nan                           
BR_OII_EW                     0.000298                      0.000000                      0.0                           
BR_OII_FLUX                   -18.928364                    0.000000                      1.0                           
BR_OII_FWHM                   5699.031929                   0.000000                      0.0                           
BR_OII_FWHM_CORR              5689.535352                   0.000000                      0.0                           
BR_OII_LUM                    37.984281                     0.000000                      0.0                           
BR_OII_NPIX                   0.000000                      0.000000                      0.0                           
BR_OII_SNR                    0.000088                      0.000000                      0.0                           
BR_OII_VOFF                   0.555630                      0.000000                      1.0                           
BR_OII_W80                    4430.275985                   0.000000                      0.0                           
BR_OII_W80_CORR               4415.747117                   0.000000                      0.0                           
BR_OPT_FEII_AMP               48.298685                     0.000000                      1.0                           
BR_OPT_FEII_DISP              590.417018                    0.000000                      1.0                           
BR_OPT_FEII_TEMPLATE_EW       78.557291                     0.000000                      1.0                           
BR_OPT_FEII_TEMPLATE_FLUX     -13.617807                    0.000000                      1.0                           
BR_OPT_FEII_TEMPLATE_LUM      43.294838                     0.000000                      1.0                           
BR_OPT_FEII_VOFF              24.758742                     0.000000                      1.0                           
HOST_FRAC_4000                0.270574                      0.000000                      1.0                           
HOST_FRAC_7000                -1.554783                     0.000000                      1.0                           
HOST_TEMP_DISP                100.487362                    0.000000                      1.0                           
HOST_TEMP_VEL                 -1.025149                     0.000000                      1.0                           
H_ALPHA_COMP_DISP             2577.030018                   0.000000                      0.0                           
H_ALPHA_COMP_DISP_CORR        2575.809892                   0.000000                      0.0                           
H_ALPHA_COMP_DISP_RES         79.291325                     nan                           nan                           
H_ALPHA_COMP_EW               425.127621                    0.000000                      1.0                           
H_ALPHA_COMP_FLUX             -12.962892                    0.000000                      1.0                           
H_ALPHA_COMP_FWHM             5849.415400                   0.000000                      0.0                           
H_ALPHA_COMP_FWHM_CORR        5846.434636                   0.000000                      0.0                           
H_ALPHA_COMP_LUM              43.949753                     0.000000                      1.0                           
H_ALPHA_COMP_NPIX             209.000000                    0.000000                      0.0                           
H_ALPHA_COMP_SNR              24.925176                     0.000000                      0.0                           
H_ALPHA_COMP_VOFF             -431.028095                   0.000000                      0.0                           
H_ALPHA_COMP_W80              6661.529502                   0.000000                      0.0                           
H_ALPHA_COMP_W80_CORR         6658.419215                   0.000000                      0.0                           
H_BETA_COMP_DISP              3012.656812                   0.000000                      0.0                           
H_BETA_COMP_DISP_CORR         3010.754543                   0.000000                      0.0                           
H_BETA_COMP_DISP_RES          107.042753                    nan                           nan                           
H_BETA_COMP_EW                72.012967                     0.000000                      1.0                           
H_BETA_COMP_FLUX              -13.632246                    0.000000                      1.0                           
H_BETA_COMP_FWHM              5378.858794                   0.000000                      0.0                           
H_BETA_COMP_FWHM_CORR         5372.949425                   0.000000                      0.0                           
H_BETA_COMP_LUM               43.280399                     0.000000                      1.0                           
H_BETA_COMP_NPIX              186.000000                    0.000000                      0.0                           
H_BETA_COMP_SNR               9.151761                      0.000000                      0.0                           
H_BETA_COMP_VOFF              -1.619784                     0.000000                      0.0                           
H_BETA_COMP_W80               7838.150040                   0.000000                      0.0                           
H_BETA_COMP_W80_CORR          7833.332158                   0.000000                      0.0                           
LOG_LIKE                      1.048805                      0.000000                      0.0                           
L_CONT_AGN_3000               45.001366                     0.000000                      1.0                           
L_CONT_AGN_5100               45.100978                     0.000000                      1.0                           
L_CONT_HOST_3000              44.734336                     0.000000                      1.0                           
L_CONT_HOST_5100              0.000000                      0.000000                      1.0                           
L_CONT_TOT_3000               45.001672                     0.000000                      1.0                           
L_CONT_TOT_5100               45.105439                     0.000000                      1.0                           
NA_H_ALPHA_AMP                46.910989                     0.000000                      1.0                           
NA_H_ALPHA_DISP               2389.864591                   0.000000                      1.0                           
NA_H_ALPHA_DISP_CORR          2388.548858                   0.000000                      1.0                           
NA_H_ALPHA_DISP_RES           79.291325                     nan                           nan                           
NA_H_ALPHA_EW                 351.794456                    0.000000                      0.0                           
NA_H_ALPHA_FLUX               -13.045031                    0.000000                      0.0                           
NA_H_ALPHA_FWHM               5628.114230                   0.000000                      0.0                           
NA_H_ALPHA_FWHM_CORR          5625.016197                   0.000000                      0.0                           
NA_H_ALPHA_LUM                43.867614                     0.000000                      0.0                           
NA_H_ALPHA_NPIX               186.000000                    0.000000                      0.0                           
NA_H_ALPHA_SNR                32.598470                     0.000000                      0.0                           
NA_H_ALPHA_VOFF               -520.578355                   0.000000                      1.0                           
NA_H_ALPHA_W80                6257.326270                   0.000000                      0.0                           
NA_H_ALPHA_W80_CORR           6254.014964                   0.000000                      0.0                           
NA_H_BETA_AMP                 5.456814                      0.000000                      1.0                           
NA_H_BETA_DISP                1299.518822                   0.000000                      1.0                           
NA_H_BETA_DISP_CORR           1295.102706                   0.000000                      1.0                           
NA_H_BETA_DISP_RES            107.042753                    nan                           nan                           
NA_H_BETA_EW                  13.062634                     0.000000                      0.0                           
NA_H_BETA_FLUX                -14.373547                    0.000000                      0.0                           
NA_H_BETA_FWHM                3060.346414                   0.000000                      0.0                           
NA_H_BETA_FWHM_CORR           3049.948159                   0.000000                      0.0                           
NA_H_BETA_LUM                 42.539097                     0.000000                      0.0                           
NA_H_BETA_NPIX                56.000000                     0.000000                      0.0                           
NA_H_BETA_SNR                 3.792094                      0.000000                      0.0                           
NA_H_BETA_VOFF                -1.267928                     0.000000                      1.0                           
NA_H_BETA_W80                 3408.373308                   0.000000                      0.0                           
NA_H_BETA_W80_CORR            3397.279095                   0.000000                      0.0                           
NA_NII_6549_AMP               0.000000                      0.000000                      2.0                           
NA_NII_6549_DISP              2389.864591                   0.000000                      1.0                           
NA_NII_6549_DISP_CORR         2388.542928                   0.000000                      1.0                           
NA_NII_6549_DISP_RES          79.469764                     nan                           nan                           
NA_NII_6549_EW                0.000000                      0.000000                      1.0                           
NA_NII_6549_FLUX              0.000000                      0.000000                      0.0                           
NA_NII_6549_FWHM              0.000000                      0.000000                      0.0                           
NA_NII_6549_FWHM_CORR         0.000000                      0.000000                      0.0                           
NA_NII_6549_LUM               0.000000                      0.000000                      1.0                           
NA_NII_6549_NPIX              0.000000                      0.000000                      0.0                           
NA_NII_6549_SNR               0.000000                      0.000000                      0.0                           
NA_NII_6549_VOFF              -520.578355                   0.000000                      1.0                           
NA_NII_6549_W80               0.000000                      0.000000                      0.0                           
NA_NII_6549_W80_CORR          0.000000                      0.000000                      0.0                           
NA_NII_6585_AMP               0.000000                      0.000000                      2.0                           
NA_NII_6585_DISP              2389.864591                   0.000000                      1.0                           
NA_NII_6585_DISP_CORR         2388.557107                   0.000000                      1.0                           
NA_NII_6585_DISP_RES          79.042443                     nan                           nan                           
NA_NII_6585_EW                0.000000                      0.000000                      1.0                           
NA_NII_6585_FLUX              0.000000                      0.000000                      0.0                           
NA_NII_6585_FWHM              0.000000                      0.000000                      0.0                           
NA_NII_6585_FWHM_CORR         0.000000                      0.000000                      0.0                           
NA_NII_6585_LUM               0.000000                      0.000000                      1.0                           
NA_NII_6585_NPIX              0.000000                      0.000000                      0.0                           
NA_NII_6585_SNR               0.000000                      0.000000                      0.0                           
NA_NII_6585_VOFF              -520.578355                   0.000000                      1.0                           
NA_NII_6585_W80               0.000000                      0.000000                      0.0                           
NA_NII_6585_W80_CORR          0.000000                      0.000000                      0.0                           
NA_OIII_a_AMP                 0.000000                      0.000000                      2.0                           
NA_OIII_a_DISP                1300.291470                   0.000000                      1.0                           
NA_OIII_a_DISP_CORR           1296.050248                   0.000000                      1.0                           
NA_OIII_a_DISP_RES            104.936467                    nan                           nan                           
NA_OIII_a_EW                  0.000000                      0.000000                      1.0                           
NA_OIII_a_FLUX                0.000000                      0.000000                      0.0                           
NA_OIII_a_FWHM                0.000000                      0.000000                      0.0                           
NA_OIII_a_FWHM_CORR           0.000000                      0.000000                      0.0                           
NA_OIII_a_LUM                 0.000000                      0.000000                      1.0                           
NA_OIII_a_NPIX                0.000000                      0.000000                      0.0                           
NA_OIII_a_SNR                 0.000000                      0.000000                      0.0                           
NA_OIII_a_VOFF                -1.403394                     0.000000                      1.0                           
NA_OIII_a_W80                 0.000000                      0.000000                      0.0                           
NA_OIII_a_W80_CORR            0.000000                      0.000000                      0.0                           
NA_OIII_b_AMP                 0.000000                      0.000000                      2.0                           
NA_OIII_b_DISP                1300.291470                   0.000000                      1.0                           
NA_OIII_b_DISP_CORR           1296.131194                   0.000000                      1.0                           
NA_OIII_b_DISP_RES            103.931886                    nan                           nan                           
NA_OIII_b_EW                  0.000000                      0.000000                      1.0                           
NA_OIII_b_FLUX                0.000000                      0.000000                      0.0                           
NA_OIII_b_FWHM                0.000000                      0.000000                      0.0                           
NA_OIII_b_FWHM_CORR           0.000000                      0.000000                      0.0                           
NA_OIII_b_LUM                 0.000000                      0.000000                      1.0                           
NA_OIII_b_NPIX                0.000000                      0.000000                      0.0                           
NA_OIII_b_SNR                 0.000000                      0.000000                      0.0                           
NA_OIII_b_VOFF                -1.403394                     0.000000                      1.0                           
NA_OIII_b_W80                 0.000000                      0.000000                      0.0                           
NA_OIII_b_W80_CORR            0.000000                      0.000000                      0.0                           
NA_OII_AMP                    0.971293                      0.000000                      1.0                           
NA_OII_DISP                   1300.501880                   0.000000                      1.0                           
NA_OII_DISP_CORR              1292.981415                   0.000000                      1.0                           
NA_OII_DISP_RES               139.657435                    nan                           nan                           
NA_OII_EW                     1.459897                      0.000000                      0.0                           
NA_OII_FLUX                   -15.238318                    0.000000                      0.0                           
NA_OII_FWHM                   3062.674820                   0.000000                      0.0                           
NA_OII_FWHM_CORR              3044.967101                   0.000000                      0.0                           
NA_OII_LUM                    41.674327                     0.000000                      0.0                           
NA_OII_NPIX                   0.000000                      0.000000                      0.0                           
NA_OII_SNR                    0.674979                      0.000000                      0.0                           
NA_OII_VOFF                   -0.072479                     0.000000                      1.0                           
NA_OII_W80                    3410.853984                   0.000000                      0.0                           
NA_OII_W80_CORR               3391.961408                   0.000000                      0.0                           
NA_OPT_FEII_AMP               2.502769                      0.000000                      1.0                           
NA_OPT_FEII_DISP              11.549108                     0.000000                      1.0                           
NA_OPT_FEII_TEMPLATE_EW       5.449602                      0.000000                      1.0                           
NA_OPT_FEII_TEMPLATE_FLUX     -14.750178                    0.000000                      1.0                           
NA_OPT_FEII_TEMPLATE_LUM      42.162467                     0.000000                      1.0                           
NA_OPT_FEII_VOFF              2.117918                      0.000000                      1.0                           
NA_SII_6716_AMP               0.000000                      0.000000                      1.0                           
NA_SII_6716_DISP              2389.864591                   0.000000                      1.0                           
NA_SII_6716_DISP_CORR         2388.608384                   0.000000                      1.0                           
NA_SII_6716_DISP_RES          77.477428                     nan                           nan                           
NA_SII_6716_EW                0.000000                      0.000000                      1.0                           
NA_SII_6716_FLUX              0.000000                      0.000000                      0.0                           
NA_SII_6716_FWHM              0.000000                      0.000000                      0.0                           
NA_SII_6716_FWHM_CORR         0.000000                      0.000000                      0.0                           
NA_SII_6716_LUM               0.000000                      0.000000                      1.0                           
NA_SII_6716_NPIX              0.000000                      0.000000                      0.0                           
NA_SII_6716_SNR               0.000000                      0.000000                      0.0                           
NA_SII_6716_VOFF              -520.578355                   0.000000                      1.0                           
NA_SII_6716_W80               0.000000                      0.000000                      0.0                           
NA_SII_6716_W80_CORR          0.000000                      0.000000                      0.0                           
NA_SII_6731_AMP               0.001152                      0.000000                      1.0                           
NA_SII_6731_DISP              2389.864591                   0.000000                      1.0                           
NA_SII_6731_DISP_CORR         2388.613746                   0.000000                      1.0                           
NA_SII_6731_DISP_RES          77.311948                     nan                           nan                           
NA_SII_6731_EW                0.008800                      0.000000                      0.0                           
NA_SII_6731_FLUX              -17.653940                    0.000000                      0.0                           
NA_SII_6731_FWHM              5628.055264                   0.000000                      0.0                           
NA_SII_6731_FWHM_CORR         5625.109984                   0.000000                      0.0                           
NA_SII_6731_LUM               39.258704                     0.000000                      0.0                           
NA_SII_6731_NPIX              0.000000                      0.000000                      0.0                           
NA_SII_6731_SNR               0.000800                      0.000000                      0.0                           
NA_SII_6731_VOFF              -520.578355                   0.000000                      1.0                           
NA_SII_6731_W80               6008.162334                   0.000000                      0.0                           
NA_SII_6731_W80_CORR          6004.883708                   0.000000                      0.0                           
OIII_a_COMP_DISP              3298.647632                   0.000000                      0.0                           
OIII_a_COMP_DISP_CORR         3296.978092                   0.000000                      0.0                           
OIII_a_COMP_DISP_RES          104.936467                    nan                           nan                           
OIII_a_COMP_EW                2.575262                      0.000000                      1.0                           
OIII_a_COMP_FLUX              -15.088415                    0.000000                      1.0                           
OIII_a_COMP_FWHM              7770.558220                   0.000000                      0.0                           
OIII_a_COMP_FWHM_CORR         7766.628256                   0.000000                      0.0                           
OIII_a_COMP_LUM               41.824230                     0.000000                      1.0                           
OIII_a_COMP_NPIX              0.000000                      0.000000                      0.0                           
OIII_a_COMP_SNR               0.000000                      0.000000                      0.0                           
OIII_a_COMP_VOFF              -3.154592                     0.000000                      0.0                           
OIII_a_COMP_W80               8654.765593                   0.000000                      0.0                           
OIII_a_COMP_W80_CORR          8650.572596                   0.000000                      0.0                           
OIII_b_COMP_DISP              3299.381623                   0.000000                      0.0                           
OIII_b_COMP_DISP_CORR         3297.744268                   0.000000                      0.0                           
OIII_b_COMP_DISP_RES          103.931886                    nan                           nan                           
OIII_b_COMP_EW                7.841450                      0.000000                      1.0                           
OIII_b_COMP_FLUX              -14.610009                    0.000000                      1.0                           
OIII_b_COMP_FWHM              7770.553043                   0.000000                      0.0                           
OIII_b_COMP_FWHM_CORR         7766.697979                   0.000000                      0.0                           
OIII_b_COMP_LUM               42.302635                     0.000000                      1.0                           
OIII_b_COMP_NPIX              2.000000                      0.000000                      0.0                           
OIII_b_COMP_SNR               1.034432                      0.000000                      0.0                           
OIII_b_COMP_VOFF              -3.146646                     0.000000                      0.0                           
OIII_b_COMP_W80               8655.132993                   0.000000                      0.0                           
OIII_b_COMP_W80_CORR          8651.020087                   0.000000                      0.0                           
OII_COMP_DISP                 1300.369681                   0.000000                      0.0                           
OII_COMP_DISP_CORR            1292.848447                   0.000000                      0.0                           
OII_COMP_DISP_RES             139.657435                    nan                           nan                           
OII_COMP_EW                   1.460195                      0.000000                      1.0                           
OII_COMP_FLUX                 -15.238229                    0.000000                      1.0                           
OII_COMP_FWHM                 3062.906298                   0.000000                      0.0                           
OII_COMP_FWHM_CORR            3045.199926                   0.000000                      0.0                           
OII_COMP_LUM                  41.674415                     0.000000                      1.0                           
OII_COMP_NPIX                 0.000000                      0.000000                      0.0                           
OII_COMP_SNR                  0.000000                      0.000000                      0.0                           
OII_COMP_VOFF                 -0.067778                     0.000000                      0.0                           
OII_COMP_W80                  3411.114732                   0.000000                      0.0                           
OII_COMP_W80_CORR             3392.223608                   0.000000                      0.0                           
POWER_AMP                     35.715903                     0.000000                      1.0                           
POWER_SLOPE                   1.258697                      0.000000                      1.0                           
RCHI_SQUARED                  0.965027                      0.000000                      0.0                           
R_SQUARED                     0.998472                      0.000000                      0.0                           
NOISE_STD                     1.446706                                                                                  
RESID_STD                     1.433740                                                                                  
--------------------------------------------------------------------------------------
 - Done fitting 2-onur! 

End process memory: 0.26207437                    
