<IPython.core.display.HTML object>
/app/BADASS3/example_spectra/2-onur
/app/BADASS3/example_spectra/2-onur/my_sdss.fits
0.09091717004776001
Start process memory: 0.22282650                    
 Folder has not been created.  Creating MCMC_output folder...

 > Starting fit for 2-onur

 Input fitting region exceeds available wavelength range.  BADASS will adjust your fitting range automatically...
		- Input fitting range: (2900, 8000)
		- Available wavelength range: (3269, 9532)
		- New fitting region is (3269, 8000). 


 Input spectrum is not linearly binned. BADASS will linearly rebin and conserve flux...


-----------------------------------------------------------
 file:                        my_sdss.fits                  
 redshift:                    0.09092                       
 fitting region:              (3269,8000) [A]               
 velocity scale:              69.03 [km/s/pixel]            
 Galactic E(B-V):             0.000                         
 Flux Normalization:          1e-17                         
 Fit Normalization:           200.35920                     
-----------------------------------------------------------

 Initializing parameters...
----------------------------------------------------------------------------------------------------
	- Fitting additive legendre polynomial component.
	- Fitting Simple AGN power-law continuum.
	- Fitting broad and narrow optical FeII using Veron-Cetty et al. (2004) optical FeII templates
	 		* varying optical FeII amplitudes
	 		* varying optical FeII dispersion.
	 		* varying optical FeII voff

 Warning! Peak finding algorithm used for initial guesses of amplitude and velocity failed! Defaulting to user-defined locations...

 Warning! Peak finding algorithm used for initial guesses of amplitude and velocity failed! Defaulting to user-defined locations...

----------------------------------------------------------------------------------------------------------------------------------------

----------------------------------------------------------------------------------------------------------------------------------------

 Line List:

----------------------------------------------------------------------------------------------------------------------------------------
BR_H_ALPHA                                                                                
                              amp                           free                          
                              center                        6564.6                        
                              center_pix                    3027.262745683908             
                              disp                          free                          
                              disp_res_ang                  2.335637535237614             
                              disp_res_kms                  106.6640035471995             
                              line_profile                  gaussian                      
                              line_type                     br                            
                              ncomp                         1                             
                              voff                          free                          
BR_H_BETA                                                                                 
                              amp                           free                          
                              center                        4862.691                      
                              center_pix                    1724.0040382226402            
                              disp                          free                          
                              disp_res_ang                  2.335637535237614             
                              disp_res_kms                  143.99568421804838            
                              line_profile                  gaussian                      
                              line_type                     br                            
                              ncomp                         1                             
                              voff                          free                          
BR_OII                                                                                    
                              amp                           free                          
                              center                        3727.09                       
                              center_pix                    568.9868197796488             
                              disp                          free                          
                              disp_res_ang                  2.335637535237614             
                              disp_res_kms                  187.86949542027315            
                              line_profile                  gaussian                      
                              line_type                     br                            
                              ncomp                         1                             
                              voff                          free                          
BR_OIII_a                                                                                 
                              amp                           (BR_OIII_b_AMP/2.98)          
                              center                        4960.295                      
                              center_pix                    1810.3085502997817            
                              disp                          BR_OIII_b_DISP                
                              disp_res_ang                  2.335637535237614             
                              disp_res_kms                  141.16227314825952            
                              line_profile                  gaussian                      
                              line_type                     br                            
                              ncomp                         1                             
                              voff                          BR_OIII_b_VOFF                
BR_OIII_b                                                                                 
                              amp                           free                          
                              center                        5008.24                       
                              center_pix                    1852.082999896774             
                              disp                          free                          
                              disp_res_ang                  2.335637535237614             
                              disp_res_kms                  139.81089518192937            
                              line_profile                  gaussian                      
                              line_type                     br                            
                              ncomp                         1                             
                              voff                          free                          
NA_H_ALPHA                                                                                
                              amp                           free                          
                              center                        6564.6                        
                              center_pix                    3027.262745683908             
                              disp                          free                          
                              disp_res_ang                  2.335637535237614             
                              disp_res_kms                  106.6640035471995             
                              label                         [H$\alpha$]                   
                              line_profile                  gaussian                      
                              line_type                     na                            
                              ncomp                         1                             
                              voff                          free                          
NA_H_BETA                                                                                 
                              amp                           free                          
                              center                        4862.691                      
                              center_pix                    1724.0040382226402            
                              disp                          free                          
                              disp_res_ang                  2.335637535237614             
                              disp_res_kms                  143.99568421804838            
                              label                         H$\beta$                      
                              line_profile                  gaussian                      
                              line_type                     na                            
                              ncomp                         1                             
                              voff                          free                          
NA_OII                                                                                    
                              amp                           free                          
                              center                        3727.09                       
                              center_pix                    568.9868197796488             
                              disp                          free                          
                              disp_res_ang                  2.335637535237614             
                              disp_res_kms                  187.86949542027315            
                              label                         [OII]                         
                              line_profile                  gaussian                      
                              line_type                     na                            
                              ncomp                         1                             
                              voff                          free                          
NA_OIII_a                                                                                 
                              amp                           (NA_OIII_b_AMP/2.98)          
                              center                        4960.295                      
                              center_pix                    1810.3085502997817            
                              disp                          NA_OIII_b_DISP                
                              disp_res_ang                  2.335637535237614             
                              disp_res_kms                  141.16227314825952            
                              label                         [OIIIa]                       
                              line_profile                  gaussian                      
                              line_type                     na                            
                              ncomp                         1                             
                              voff                          NA_OIII_b_VOFF                
NA_OIII_b                                                                                 
                              amp                           free                          
                              center                        5008.24                       
                              center_pix                    1852.082999896774             
                              disp                          free                          
                              disp_res_ang                  2.335637535237614             
                              disp_res_kms                  139.81089518192937            
                              label                         [OIIIb]                       
                              line_profile                  gaussian                      
                              line_type                     na                            
                              ncomp                         1                             
                              voff                          free                          

----------------------------------------------------------------------------------------------------------------------------------------

 Number of Free Line Parameters: 24

----------------------------------------------------------------------------------------------------------------------------------------

 All Free Parameters:

----------------------------------------------------------------------------------------------------------------------------------------
APOLY_COEFF_1                                                                             
                              init                          0.0                           
                              plim                          (-100.0, 100.0)               
APOLY_COEFF_2                                                                             
                              init                          0.0                           
                              plim                          (-100.0, 100.0)               
APOLY_COEFF_3                                                                             
                              init                          0.0                           
                              plim                          (-100.0, 100.0)               
APOLY_COEFF_4                                                                             
                              init                          0.0                           
                              plim                          (-100.0, 100.0)               
APOLY_COEFF_5                                                                             
                              init                          0.0                           
                              plim                          (-100.0, 100.0)               
APOLY_COEFF_6                                                                             
                              init                          0.0                           
                              plim                          (-100.0, 100.0)               
APOLY_COEFF_7                                                                             
                              init                          0.0                           
                              plim                          (-100.0, 100.0)               
BR_H_ALPHA_AMP                                                                            
                              init                          0.6165122316343027            
                              plim                          (0, 50)                       
BR_H_ALPHA_DISP                                                                           
                              init                          3300.0                        
                              plim                          (600, 6000)                   
BR_H_ALPHA_VOFF                                                                           
                              init                          0.0                           
                              plim                          (-1500, 1500)                 
                              prior                         {'type': 'gaussian'}          
BR_H_BETA_AMP                                                                             
                              init                          0.2804312774274264            
                              plim                          (0, 50)                       
BR_H_BETA_DISP                                                                            
                              init                          3300.0                        
                              plim                          (600, 6000)                   
BR_H_BETA_VOFF                                                                            
                              init                          0.0                           
                              plim                          (-1500, 1500)                 
                              prior                         {'type': 'gaussian'}          
BR_OIII_b_AMP                                                                             
                              init                          1.0000000011497598            
                              plim                          (0, 50)                       
BR_OIII_b_DISP                                                                            
                              init                          3300.0                        
                              plim                          (600, 6000)                   
BR_OIII_b_VOFF                                                                            
                              init                          0.0                           
                              plim                          (-1500, 1500)                 
                              prior                         {'type': 'gaussian'}          
BR_OII_AMP                                                                                
                              init                          0.3515851053630792            
                              plim                          (0, 50)                       
BR_OII_DISP                                                                               
                              init                          3300.0                        
                              plim                          (600, 6000)                   
BR_OII_VOFF                                                                               
                              init                          0.0                           
                              plim                          (-1500, 1500)                 
                              prior                         {'type': 'gaussian'}          
BR_OPT_FEII_AMP                                                                           
                              init                          0.011320403543349223          
                              plim                          (0, 1.5000000017246398)       
BR_OPT_FEII_DISP                                                                          
                              init                          500.0                         
                              plim                          (500.0, 5000.0)               
BR_OPT_FEII_VOFF                                                                          
                              init                          0.0                           
                              plim                          (-500.0, 500.0)               
NA_H_ALPHA_AMP                                                                            
                              init                          0.6165122316343027            
                              plim                          (0, 50)                       
NA_H_ALPHA_DISP                                                                           
                              init                          1300.0                        
                              plim                          (100, 2500)                   
NA_H_ALPHA_VOFF                                                                           
                              init                          0.0                           
                              plim                          (-1000, 1000)                 
                              prior                         {'type': 'gaussian'}          
NA_H_BETA_AMP                                                                             
                              init                          0.2804312774274264            
                              plim                          (0, 50)                       
NA_H_BETA_DISP                                                                            
                              init                          1300.0                        
                              plim                          (100, 2500)                   
NA_H_BETA_VOFF                                                                            
                              init                          0.0                           
                              plim                          (-1000, 1000)                 
                              prior                         {'type': 'gaussian'}          
NA_OIII_b_AMP                                                                             
                              init                          1.0000000011497598            
                              plim                          (0, 50)                       
NA_OIII_b_DISP                                                                            
                              init                          1300.0                        
                              plim                          (100, 2500)                   
NA_OIII_b_VOFF                                                                            
                              init                          0.0                           
                              plim                          (-1000, 1000)                 
                              prior                         {'type': 'gaussian'}          
NA_OII_AMP                                                                                
                              init                          0.3515851053630792            
                              plim                          (0, 50)                       
NA_OII_DISP                                                                               
                              init                          1300.0                        
                              plim                          (100, 2500)                   
NA_OII_VOFF                                                                               
                              init                          0.0                           
                              plim                          (-1000, 1000)                 
                              prior                         {'type': 'gaussian'}          
NA_OPT_FEII_AMP                                                                           
                              init                          0.011320403543349223          
                              plim                          (0, 1.5000000017246398)       
NA_OPT_FEII_DISP                                                                          
                              init                          10.0                          
                              plim                          (0.1, 500.0)                  
NA_OPT_FEII_VOFF                                                                          
                              init                          0.0                           
                              plim                          (-500.0, 500.0)               
POWER_AMP                                                                                 
                              init                          0.05660201771674611           
                              plim                          (0, 1.5000000017246398)       
POWER_SLOPE                                                                               
                              init                          -1.0                          
                              plim                          (-6.0, 6.0)                   

----------------------------------------------------------------------------------------------------------------------------------------

 Total number of free parameters: 39

----------------------------------------------------------------------------------------------------------------------------------------

 Soft Constraints:


----------------------------------------------------------------------------------------------------------------------------------------

----------------------------------------------------------------------------------------------------------------------------------------

 Required Maximum Likelihood RMSE threshold: 0.4587 


 Performing max. likelihood fitting.

 Using Basin-hopping algorithm to estimate parameters. niter_success = 5
basinhopping step 0: f 3.53906
 Fit Status: False
 Force threshold: 0.4587
 Lowest RMSE: 0.2665
 Current RMSE: 0.2665
 Accepted count: 1
 Basinhop count: 0


adaptive stepsize: acceptance rate 0.000000 target 0.500000 new stepsize 0.9 old stepsize 1
basinhopping step 1: f 4.29796 trial_f 4.29796 accepted 1  lowest_f 3.53906
 Fit Status: False
 Force threshold: 0.4587
 Lowest RMSE: 0.2665
 Current RMSE: 0.2937
 Accepted count: 2
 Basinhop count: 1


adaptive stepsize: acceptance rate 0.500000 target 0.500000 new stepsize 0.81 old stepsize 0.9
basinhopping step 2: f 4.29796 trial_f 4.99164 accepted 0  lowest_f 3.53906
 Fit Status: False
 Force threshold: 0.4587
 Lowest RMSE: 0.2665
 Current RMSE: 0.3166
 Accepted count: 2
 Basinhop count: 2


adaptive stepsize: acceptance rate 0.333333 target 0.500000 new stepsize 0.729 old stepsize 0.81
basinhopping step 3: f 3.61232 trial_f 3.61232 accepted 1  lowest_f 3.53906
 Fit Status: False
 Force threshold: 0.4587
 Lowest RMSE: 0.2665
 Current RMSE: 0.2693
 Accepted count: 3
 Basinhop count: 3


adaptive stepsize: acceptance rate 0.500000 target 0.500000 new stepsize 0.6561 old stepsize 0.729
basinhopping step 4: f 4.86032 trial_f 4.86032 accepted 1  lowest_f 3.53906
 Fit Status: False
 Force threshold: 0.4587
 Lowest RMSE: 0.2665
 Current RMSE: 0.3124
 Accepted count: 4
 Basinhop count: 4


adaptive stepsize: acceptance rate 0.600000 target 0.500000 new stepsize 0.729 old stepsize 0.6561
basinhopping step 5: f 4.36795 trial_f 4.36795 accepted 1  lowest_f 3.53906
 Fit Status: True
 Force threshold: 0.4587
 Lowest RMSE: 0.2665
 Current RMSE: 0.2961
 Accepted count: 5
 Basinhop count: 5



 Performing Monte Carlo bootstrapping...
	   Completed 1 of 100 iterations.
	   Completed 2 of 100 iterations.
	   Completed 3 of 100 iterations.
	   Completed 4 of 100 iterations.
	   Completed 5 of 100 iterations.
	   Completed 6 of 100 iterations.
	   Completed 7 of 100 iterations.
	   Completed 8 of 100 iterations.
	   Completed 9 of 100 iterations.
	   Completed 10 of 100 iterations.
	   Completed 11 of 100 iterations.
	   Completed 12 of 100 iterations.
	   Completed 13 of 100 iterations.
	   Completed 14 of 100 iterations.
	   Completed 15 of 100 iterations.
	   Completed 16 of 100 iterations.
	   Completed 17 of 100 iterations.
	   Completed 18 of 100 iterations.
	   Completed 19 of 100 iterations.
	   Completed 20 of 100 iterations.
	   Completed 21 of 100 iterations.
	   Completed 22 of 100 iterations.
	   Completed 23 of 100 iterations.
	   Completed 24 of 100 iterations.
	   Completed 25 of 100 iterations.
	   Completed 26 of 100 iterations.
	   Completed 27 of 100 iterations.
	   Completed 28 of 100 iterations.
	   Completed 29 of 100 iterations.
	   Completed 30 of 100 iterations.
	   Completed 31 of 100 iterations.
	   Completed 32 of 100 iterations.
	   Completed 33 of 100 iterations.
	   Completed 34 of 100 iterations.
	   Completed 35 of 100 iterations.
	   Completed 36 of 100 iterations.
	   Completed 37 of 100 iterations.
	   Completed 38 of 100 iterations.
	   Completed 39 of 100 iterations.
	   Completed 40 of 100 iterations.
	   Completed 41 of 100 iterations.
	   Completed 42 of 100 iterations.
	   Completed 43 of 100 iterations.
	   Completed 44 of 100 iterations.
	   Completed 45 of 100 iterations.
	   Completed 46 of 100 iterations.
	   Completed 47 of 100 iterations.
	   Completed 48 of 100 iterations.
	   Completed 49 of 100 iterations.
	   Completed 50 of 100 iterations.
	   Completed 51 of 100 iterations.
	   Completed 52 of 100 iterations.
	   Completed 53 of 100 iterations.
	   Completed 54 of 100 iterations.
	   Completed 55 of 100 iterations.
	   Completed 56 of 100 iterations.
	   Completed 57 of 100 iterations.
	   Completed 58 of 100 iterations.
	   Completed 59 of 100 iterations.
	   Completed 60 of 100 iterations.
	   Completed 61 of 100 iterations.
	   Completed 62 of 100 iterations.
	   Completed 63 of 100 iterations.
	   Completed 64 of 100 iterations.
	   Completed 65 of 100 iterations.
	   Completed 66 of 100 iterations.
	   Completed 67 of 100 iterations.
	   Completed 68 of 100 iterations.
	   Completed 69 of 100 iterations.
	   Completed 70 of 100 iterations.
	   Completed 71 of 100 iterations.
	   Completed 72 of 100 iterations.
	   Completed 73 of 100 iterations.
	   Completed 74 of 100 iterations.
	   Completed 75 of 100 iterations.
	   Completed 76 of 100 iterations.
	   Completed 77 of 100 iterations.
	   Completed 78 of 100 iterations.
	   Completed 79 of 100 iterations.
	   Completed 80 of 100 iterations.
	   Completed 81 of 100 iterations.
	   Completed 82 of 100 iterations.
	   Completed 83 of 100 iterations.
	   Completed 84 of 100 iterations.
	   Completed 85 of 100 iterations.
	   Completed 86 of 100 iterations.
	   Completed 87 of 100 iterations.
	   Completed 88 of 100 iterations.
	   Completed 89 of 100 iterations.
	   Completed 90 of 100 iterations.
	   Completed 91 of 100 iterations.
	   Completed 92 of 100 iterations.
	   Completed 93 of 100 iterations.
	   Completed 94 of 100 iterations.
	   Completed 95 of 100 iterations.
	   Completed 96 of 100 iterations.
	   Completed 97 of 100 iterations.
	   Completed 98 of 100 iterations.
	   Completed 99 of 100 iterations.
	   Completed 100 of 100 iterations.

 Maximum Likelihood Best-fit Parameters:
--------------------------------------------------------------------------------------

Parameter                     Best-fit Value                +/- 1-sigma                   Flag                          
--------------------------------------------------------------------------------------
AGN_FRAC_4000                 1.000000                      0.000000                      1.0                           
AGN_FRAC_7000                 1.000000                      0.000000                      1.0                           
APOLY_COEFF_1                 -0.029970                     0.000151                      0.0                           
APOLY_COEFF_2                 0.021785                      0.000217                      0.0                           
APOLY_COEFF_3                 -0.020084                     0.000227                      0.0                           
APOLY_COEFF_4                 0.011446                      0.000284                      0.0                           
APOLY_COEFF_5                 -0.006745                     0.000241                      0.0                           
APOLY_COEFF_6                 -0.000596                     0.000327                      0.0                           
APOLY_COEFF_7                 0.010593                      0.000309                      0.0                           
BR_H_ALPHA_AMP                8.219712                      0.344980                      0.0                           
BR_H_ALPHA_DISP               3299.996895                   0.000003                      0.0                           
BR_H_ALPHA_DISP_CORR          3298.272624                   0.000003                      0.0                           
BR_H_ALPHA_DISP_RES           106.664004                    nan                           nan                           
BR_H_ALPHA_EW                 79.728211                     3.408653                      0.0                           
BR_H_ALPHA_FLUX               -13.789336                    0.020143                      0.0                           
BR_H_ALPHA_FWHM               7771.047266                   0.000007                      0.0                           
BR_H_ALPHA_FWHM_CORR          7766.987063                   0.000007                      0.0                           
BR_H_ALPHA_LUM                41.526715                     0.020143                      0.0                           
BR_H_ALPHA_NPIX               199.000000                    1.202145                      0.0                           
BR_H_ALPHA_SNR                8.415281                      0.353188                      0.0                           
BR_H_ALPHA_VOFF               0.000029                      0.000003                      0.0                           
BR_H_ALPHA_W80                8655.855592                   0.003661                      0.0                           
BR_H_ALPHA_W80_CORR           8651.523914                   0.003661                      0.0                           
BR_H_BETA_AMP                 2.824648                      0.253388                      0.0                           
BR_H_BETA_DISP                3299.996415                   0.000001                      0.0                           
BR_H_BETA_DISP_CORR           3296.853285                   0.000001                      0.0                           
BR_H_BETA_DISP_RES            143.995684                    nan                           nan                           
BR_H_BETA_EW                  17.837170                     1.622341                      0.0                           
BR_H_BETA_FLUX                -14.383564                    0.040072                      0.0                           
BR_H_BETA_FWHM                7770.995647                   0.000003                      0.0                           
BR_H_BETA_FWHM_CORR           7763.594361                   0.000003                      0.0                           
BR_H_BETA_LUM                 40.932487                     0.040072                      0.0                           
BR_H_BETA_NPIX                140.000000                    6.588542                      0.0                           
BR_H_BETA_SNR                 2.891897                      0.259421                      0.0                           
BR_H_BETA_VOFF                -0.002785                     0.000003                      0.0                           
BR_H_BETA_W80                 8655.768169                   0.020320                      0.0                           
BR_H_BETA_W80_CORR            8647.872059                   0.020320                      0.0                           
BR_OIII_a_AMP                 0.000049                      0.000000                      1.0                           
BR_OIII_a_DISP                3299.980180                   0.000000                      0.0                           
BR_OIII_a_DISP_CORR           3296.959569                   0.000000                      0.0                           
BR_OIII_a_DISP_RES            141.162273                    nan                           nan                           
BR_OIII_a_EW                  0.000000                      0.000000                      1.0                           
BR_OIII_a_FLUX                0.000000                      0.000000                      0.0                           
BR_OIII_a_FWHM                0.000000                      0.000000                      0.0                           
BR_OIII_a_FWHM_CORR           0.000000                      0.000000                      0.0                           
BR_OIII_a_LUM                 0.000000                      0.000000                      1.0                           
BR_OIII_a_NPIX                0.000000                      0.000000                      0.0                           
BR_OIII_a_SNR                 0.000000                      0.000000                      0.0                           
BR_OIII_a_VOFF                0.002249                      0.000000                      1.0                           
BR_OIII_a_W80                 0.000000                      0.000000                      0.0                           
BR_OIII_a_W80_CORR            0.000000                      0.000000                      0.0                           
BR_OIII_b_AMP                 0.000147                      0.000000                      1.0                           
BR_OIII_b_DISP                3299.980180                   0.000000                      0.0                           
BR_OIII_b_DISP_CORR           3297.017152                   0.000000                      0.0                           
BR_OIII_b_DISP_RES            139.810895                    nan                           nan                           
BR_OIII_b_EW                  0.000000                      0.000000                      1.0                           
BR_OIII_b_FLUX                0.000000                      0.000000                      0.0                           
BR_OIII_b_FWHM                0.000000                      0.000000                      0.0                           
BR_OIII_b_FWHM_CORR           0.000000                      0.000000                      0.0                           
BR_OIII_b_LUM                 0.000000                      0.000000                      1.0                           
BR_OIII_b_NPIX                0.000000                      0.000000                      0.0                           
BR_OIII_b_SNR                 0.000000                      0.000000                      0.0                           
BR_OIII_b_VOFF                0.002249                      0.000000                      1.0                           
BR_OIII_b_W80                 0.000000                      0.000000                      0.0                           
BR_OIII_b_W80_CORR            0.000000                      0.000000                      0.0                           
BR_OII_AMP                    0.111410                      0.011027                      0.0                           
BR_OII_DISP                   3299.997678                   0.000000                      0.0                           
BR_OII_DISP_CORR              3294.645615                   0.000000                      0.0                           
BR_OII_DISP_RES               187.869495                    nan                           nan                           
BR_OII_EW                     0.446499                      0.044207                      0.0                           
BR_OII_FLUX                   -15.903276                    0.000000                      0.0                           
BR_OII_FWHM                   7770.998741                   852.013170                    0.0                           
BR_OII_FWHM_CORR              7758.395969                   852.013170                    0.0                           
BR_OII_LUM                    39.412775                     0.000000                      0.0                           
BR_OII_NPIX                   0.000000                      0.000000                      0.0                           
BR_OII_SNR                    0.114062                      0.011293                      0.0                           
BR_OII_VOFF                   -0.000294                     0.000000                      0.0                           
BR_OII_W80                    8649.788307                   904.220105                    0.0                           
BR_OII_W80_CORR               8636.333834                   904.220105                    0.0                           
BR_OPT_FEII_AMP               14.130943                     1.499377                      0.0                           
BR_OPT_FEII_DISP              500.000899                    0.000006                      0.0                           
BR_OPT_FEII_TEMPLATE_EW       23.057791                     2.470032                      0.0                           
BR_OPT_FEII_TEMPLATE_FLUX     -14.279980                    0.044353                      0.0                           
BR_OPT_FEII_TEMPLATE_LUM      41.036071                     0.044353                      0.0                           
BR_OPT_FEII_VOFF              -0.001693                     0.000019                      0.0                           
HOST_FRAC_4000                -0.003426                     0.001694                      1.0                           
HOST_FRAC_7000                -0.129193                     0.001905                      1.0                           
H_ALPHA_COMP_DISP             2119.540349                   27.062439                     0.0                           
H_ALPHA_COMP_DISP_CORR        2116.854762                   27.062439                     0.0                           
H_ALPHA_COMP_DISP_RES         106.664004                    nan                           nan                           
H_ALPHA_COMP_EW               261.587456                    2.135589                      0.0                           
H_ALPHA_COMP_FLUX             -13.273154                    0.003155                      0.0                           
H_ALPHA_COMP_FWHM             3356.842850                   15.483315                     0.0                           
H_ALPHA_COMP_FWHM_CORR        3347.432799                   15.483315                     0.0                           
H_ALPHA_COMP_LUM              42.042897                     0.003155                      0.0                           
H_ALPHA_COMP_NPIX             199.000000                    1.202145                      0.0                           
H_ALPHA_COMP_SNR              37.147760                     0.312036                      0.0                           
H_ALPHA_COMP_VOFF             -0.001070                     0.000490                      0.0                           
H_ALPHA_COMP_W80              4767.674387                   69.147282                     0.0                           
H_ALPHA_COMP_W80_CORR         4759.805570                   69.147282                     0.0                           
H_BETA_COMP_DISP              2163.579398                   52.305512                     0.0                           
H_BETA_COMP_DISP_CORR         2158.782309                   52.305512                     0.0                           
H_BETA_COMP_DISP_RES          143.995684                    nan                           nan                           
H_BETA_COMP_EW                54.827545                     1.118481                      0.0                           
H_BETA_COMP_FLUX              -13.895760                    0.008221                      0.0                           
H_BETA_COMP_FWHM              3385.508552                   34.292181                     0.0                           
H_BETA_COMP_FWHM_CORR         3368.485150                   34.292181                     0.0                           
H_BETA_COMP_LUM               41.420290                     0.008221                      0.0                           
H_BETA_COMP_NPIX              142.000000                    5.474093                      0.0                           
H_BETA_COMP_SNR               14.872404                     0.214346                      0.0                           
H_BETA_COMP_VOFF              -0.001791                     0.000376                      0.0                           
H_BETA_COMP_W80               4891.089970                   147.162245                    0.0                           
H_BETA_COMP_W80_CORR          4877.102587                   147.162245                    0.0                           
LOG_LIKE                      3.539058                      0.091290                      0.0                           
L_CONT_AGN_5100               43.372039                     0.000931                      0.0                           
L_CONT_HOST_5100              0.000000                      0.000000                      1.0                           
L_CONT_TOT_5100               43.372039                     0.000931                      0.0                           
NA_H_ALPHA_AMP                47.624342                     0.773269                      0.0                           
NA_H_ALPHA_DISP               1299.990374                   0.000066                      0.0                           
NA_H_ALPHA_DISP_CORR          1295.607102                   0.000066                      0.0                           
NA_H_ALPHA_DISP_RES           106.664004                    nan                           nan                           
NA_H_ALPHA_EW                 181.859245                    2.859999                      0.0                           
NA_H_ALPHA_FLUX               -13.430958                    0.006938                      0.0                           
NA_H_ALPHA_FWHM               3061.652870                   0.000156                      0.0                           
NA_H_ALPHA_FWHM_CORR          3051.332614                   0.000156                      0.0                           
NA_H_ALPHA_LUM                41.885093                     0.006938                      0.0                           
NA_H_ALPHA_NPIX               103.000000                    0.169767                      0.0                           
NA_H_ALPHA_SNR                48.753444                     0.791602                      0.0                           
NA_H_ALPHA_VOFF               -0.000533                     0.000042                      0.0                           
NA_H_ALPHA_W80                3409.197302                   0.000290                      0.0                           
NA_H_ALPHA_W80_CORR           3398.184257                   0.000290                      0.0                           
NA_H_BETA_AMP                 14.876789                     0.381920                      0.0                           
NA_H_BETA_DISP                1299.997601                   0.000006                      0.0                           
NA_H_BETA_DISP_CORR           1291.998067                   0.000006                      0.0                           
NA_H_BETA_DISP_RES            143.995684                    nan                           nan                           
NA_H_BETA_EW                  36.990375                     0.943409                      0.0                           
NA_H_BETA_FLUX                -14.066607                    0.011009                      0.0                           
NA_H_BETA_FWHM                3061.442826                   0.000015                      0.0                           
NA_H_BETA_FWHM_CORR           3042.606815                   0.000015                      0.0                           
NA_H_BETA_LUM                 41.249443                     0.011009                      0.0                           
NA_H_BETA_NPIX                87.000000                     0.596530                      0.0                           
NA_H_BETA_SNR                 15.230977                     0.391013                      0.0                           
NA_H_BETA_VOFF                -0.001265                     0.000011                      0.0                           
NA_H_BETA_W80                 3409.643386                   0.000367                      0.0                           
NA_H_BETA_W80_CORR            3389.548136                   0.000367                      0.0                           
NA_OIII_a_AMP                 9.179959                      0.401377                      0.0                           
NA_OIII_a_DISP                1299.946057                   0.000320                      0.0                           
NA_OIII_a_DISP_CORR           1292.258861                   0.000320                      0.0                           
NA_OIII_a_DISP_RES            141.162273                    nan                           nan                           
NA_OIII_a_EW                  23.630180                     0.368623                      0.0                           
NA_OIII_a_FLUX                -14.267663                    0.006299                      0.0                           
NA_OIII_a_FWHM                3061.651393                   0.000751                      0.0                           
NA_OIII_a_FWHM_CORR           3043.552787                   0.000751                      0.0                           
NA_OIII_a_LUM                 41.048388                     0.006299                      0.0                           
NA_OIII_a_NPIX                76.000000                     0.000000                      0.0                           
NA_OIII_a_SNR                 9.397255                      0.137878                      0.0                           
NA_OIII_a_VOFF                0.000404                      0.000015                      0.0                           
NA_OIII_a_W80                 3409.135312                   0.001472                      0.0                           
NA_OIII_a_W80_CORR            3389.822448                   0.001472                      0.0                           
NA_OIII_b_AMP                 27.356278                     0.401377                      0.0                           
NA_OIII_b_DISP                1299.946057                   0.000320                      0.0                           
NA_OIII_b_DISP_CORR           1292.405767                   0.000320                      0.0                           
NA_OIII_b_DISP_RES            139.810895                    nan                           nan                           
NA_OIII_b_EW                  71.668524                     1.118939                      0.0                           
NA_OIII_b_FLUX                -13.789268                    0.006299                      0.0                           
NA_OIII_b_FWHM                3061.332461                   0.000757                      0.0                           
NA_OIII_b_FWHM_CORR           3043.577865                   0.000757                      0.0                           
NA_OIII_b_LUM                 41.526783                     0.006299                      0.0                           
NA_OIII_b_NPIX                92.000000                     0.950804                      0.0                           
NA_OIII_b_SNR                 28.007308                     0.410929                      0.0                           
NA_OIII_b_VOFF                0.000404                      0.000015                      0.0                           
NA_OIII_b_W80                 3409.436158                   0.000827                      0.0                           
NA_OIII_b_W80_CORR            3390.494006                   0.000827                      0.0                           
NA_OII_AMP                    12.755021                     0.299603                      0.0                           
NA_OII_DISP                   1299.993673                   0.000048                      0.0                           
NA_OII_DISP_CORR              1286.346999                   0.000048                      0.0                           
NA_OII_DISP_RES               187.869495                    nan                           nan                           
NA_OII_EW                     20.155212                     0.491118                      0.0                           
NA_OII_FLUX                   -14.248944                    0.010100                      0.0                           
NA_OII_FWHM                   3061.433790                   0.000113                      0.0                           
NA_OII_FWHM_CORR              3029.300817                   0.000113                      0.0                           
NA_OII_LUM                    41.067107                     0.010100                      0.0                           
NA_OII_NPIX                   85.000000                     0.447630                      0.0                           
NA_OII_SNR                    13.058692                     0.306736                      0.0                           
NA_OII_VOFF                   0.000171                      0.000010                      0.0                           
NA_OII_W80                    3409.639038                   0.000124                      0.0                           
NA_OII_W80_CORR               3375.361121                   0.000124                      0.0                           
NA_OPT_FEII_AMP               0.000000                      0.000000                      1.0                           
NA_OPT_FEII_DISP              10.000124                     0.000000                      0.0                           
NA_OPT_FEII_TEMPLATE_EW       0.000000                      0.000000                      1.0                           
NA_OPT_FEII_TEMPLATE_FLUX     -29.452623                    0.000000                      1.0                           
NA_OPT_FEII_TEMPLATE_LUM      25.863428                     0.000000                      1.0                           
NA_OPT_FEII_VOFF              -0.000053                     0.000000                      0.0                           
OIII_a_COMP_DISP              1299.890603                   0.002852                      0.0                           
OIII_a_COMP_DISP_CORR         1292.203077                   0.002852                      0.0                           
OIII_a_COMP_DISP_RES          141.162273                    nan                           nan                           
OIII_a_COMP_EW                23.630180                     0.368623                      0.0                           
OIII_a_COMP_FLUX              -14.267663                    0.006299                      0.0                           
OIII_a_COMP_FWHM              3061.651393                   0.000751                      0.0                           
OIII_a_COMP_FWHM_CORR         3043.552787                   0.000751                      0.0                           
OIII_a_COMP_LUM               41.048388                     0.006299                      0.0                           
OIII_a_COMP_NPIX              76.000000                     0.000000                      0.0                           
OIII_a_COMP_SNR               8.155530                      0.119660                      0.0                           
OIII_a_COMP_VOFF              0.001530                      0.001295                      0.0                           
OIII_a_COMP_W80               3409.135312                   0.001472                      0.0                           
OIII_a_COMP_W80_CORR          3389.822448                   0.001472                      0.0                           
OIII_b_COMP_DISP              1299.927286                   0.000320                      0.0                           
OIII_b_COMP_DISP_CORR         1292.386886                   0.000320                      0.0                           
OIII_b_COMP_DISP_RES          139.810895                    nan                           nan                           
OIII_b_COMP_EW                71.668524                     1.118939                      0.0                           
OIII_b_COMP_FLUX              -13.789268                    0.006299                      0.0                           
OIII_b_COMP_FWHM              3061.332461                   0.000757                      0.0                           
OIII_b_COMP_FWHM_CORR         3043.577865                   0.000757                      0.0                           
OIII_b_COMP_LUM               41.526783                     0.006299                      0.0                           
OIII_b_COMP_NPIX              92.000000                     0.950804                      0.0                           
OIII_b_COMP_SNR               19.621286                     0.320636                      0.0                           
OIII_b_COMP_VOFF              0.000238                      0.000015                      0.0                           
OIII_b_COMP_W80               3409.436158                   0.000827                      0.0                           
OIII_b_COMP_W80_CORR          3390.494006                   0.000827                      0.0                           
OII_COMP_DISP                 1374.091274                   7.340284                      0.0                           
OII_COMP_DISP_CORR            1361.187673                   7.340284                      0.0                           
OII_COMP_DISP_RES             187.869495                    nan                           nan                           
OII_COMP_EW                   20.601711                     0.491885                      0.0                           
OII_COMP_FLUX                 -14.239423                    0.010112                      0.0                           
OII_COMP_FWHM                 3076.842857                   1.525852                      0.0                           
OII_COMP_FWHM_CORR            3044.872501                   1.525852                      0.0                           
OII_COMP_LUM                  41.076628                     0.010112                      0.0                           
OII_COMP_NPIX                 85.000000                     0.447630                      0.0                           
OII_COMP_SNR                  10.706334                     0.254054                      0.0                           
OII_COMP_VOFF                 0.000318                      0.000011                      0.0                           
OII_COMP_W80                  3480.365173                   7.002685                      0.0                           
OII_COMP_W80_CORR             3446.790691                   7.002685                      0.0                           
POWER_AMP                     23.094265                     0.018688                      0.0                           
POWER_SLOPE                   -0.194685                     0.000034                      0.0                           
RCHI_SQUARED                  11.349378                     0.167471                      0.0                           
R_SQUARED                     0.950951                      0.000005                      0.0                           
NOISE_STD                     0.897673                                                                                  
RESID_STD                     6.045688                                                                                  
--------------------------------------------------------------------------------------
 - Done fitting 2-onur! 

End process memory: 0.25810534                    
