patched GLEAM label offsets
patched GLEAM non-fatal plotting
patched GLEAM doublet ties
WARNING: AstropyDeprecationWarning: The truth value of a Quantity is ambiguous. In the future this will raise a ValueError. [astropy.units.quantity]
Now working in  on sdss in sdss + fiber1 on source 1 at z=0.298.
Warning: non-constant dispersion
[[Model]]
    (Model(constant) + Model(gaussian, prefix='g0_'))
[[Fit Statistics]]
    # fitting method   = leastsq
    # function evals   = 36
    # data points      = 93
    # variables        = 4
    chi-square         = 95.5320657
    reduced chi-square = 1.07339400
    Akaike info crit   = 10.4982092
    Bayesian info crit = 20.6286072
    R-squared          = 0.92590790
[[Variables]]
    c:             490.370123 +/- 1.27848206 (0.26%) (init = 493.2707)
    g0_amplitude:  1227.64585 +/- 49.8954935 (4.06%) (init = 335.8709)
    g0_center:     3729.60264 +/- 0.13129532 (0.00%) (init = 3728.48)
    g0_sigma:      3.08045684 +/- 0.13383501 (4.34%) (init = 0.8181143)
    g0_fwhm:       7.25392137 +/- 0.31515736 (4.34%) == '2.3548200*g0_sigma'
    g0_height:     158.989360 +/- 6.42505483 (4.04%) == '0.3989423*g0_amplitude/max(1e-15, g0_sigma)'
[[Correlations]] (unreported correlations are < 0.100)
    C(g0_amplitude, g0_sigma) = +0.5398
    C(c, g0_amplitude)        = -0.4219
    C(c, g0_sigma)            = -0.2761
Warning: non-constant dispersion
Warning: non-constant dispersion
[[Model]]
    ((Model(constant) + Model(gaussian, prefix='g0_')) + Model(gaussian, prefix='g1_'))
[[Fit Statistics]]
    # fitting method   = leastsq
    # function evals   = 183
    # data points      = 72
    # variables        = 7
    chi-square         = 113.228434
    reduced chi-square = 1.74197591
    Akaike info crit   = 46.5973663
    Bayesian info crit = 62.5340291
    R-squared          = 0.94354518
[[Variables]]
    c:             362.340906 +/- 4.98817092 (1.38%) (init = 408.433)
    g0_amplitude:  4057.68664 +/- 401.746632 (9.90%) (init = 211.377)
    g0_center:     4860.61721 +/- 0.45303911 (0.01%) (init = 4862.68)
    g0_sigma:      16.6724406 +/- 1.32507198 (7.95%) (init = 0.8181143)
    g1_amplitude:  341.938896 +/- 76.5028126 (22.37%) (init = 211.377)
    g1_center:     4862.85680 +/- 0.40634292 (0.01%) (init = 4862.68)
    g1_sigma:      2.80722563 +/- 0.50752069 (18.08%) (init = 0.8181143)
    g0_fwhm:       39.2605965 +/- 3.12030597 (7.95%) == '2.3548200*g0_sigma'
    g0_height:     97.0933340 +/- 4.64835170 (4.79%) == '0.3989423*g0_amplitude/max(1e-15, g0_sigma)'
    g1_fwhm:       6.61051105 +/- 1.19511987 (18.08%) == '2.3548200*g1_sigma'
    g1_height:     48.5938459 +/- 7.21229693 (14.84%) == '0.3989423*g1_amplitude/max(1e-15, g1_sigma)'
[[Correlations]] (unreported correlations are < 0.100)
    C(c, g0_amplitude)            = -0.9626
    C(c, g0_sigma)                = -0.9080
    C(g0_amplitude, g0_sigma)     = +0.8786
    C(g1_amplitude, g1_sigma)     = +0.7505
    C(g0_sigma, g1_amplitude)     = +0.6090
    C(c, g1_amplitude)            = -0.4296
    C(g0_sigma, g1_sigma)         = +0.3959
    C(g0_amplitude, g1_amplitude) = +0.2904
    C(c, g1_sigma)                = -0.2717
    C(g0_amplitude, g1_sigma)     = +0.1679
    C(g0_center, g1_amplitude)    = -0.1485
    C(g0_center, g1_center)       = -0.1480
    C(g0_center, g1_sigma)        = -0.1254
    C(g1_center, g1_sigma)        = -0.1130
Warning: non-constant dispersion
Warning: non-constant dispersion
[[Model]]
    ((Model(constant) + Model(gaussian, prefix='g0_')) + Model(gaussian, prefix='g1_'))
[[Fit Statistics]]
    # fitting method   = leastsq
    # function evals   = 92
    # data points      = 112
    # variables        = 6
    chi-square         = 3042.27315
    reduced chi-square = 28.7006901
    Akaike info crit   = 381.808476
    Bayesian info crit = 398.119469
    R-squared          = 0.91930578
[[Variables]]
    c:             74.7685513 +/- 0.83349234 (1.11%) (init = 79.78668)
    g0_amplitude:  542.292991 +/- 23.9569509 (4.42%) == 'g1_amplitude / 3.0'
    g0_center:     4960.31776 +/- 0.32057524 (0.01%) (init = 4960.3)
    g0_sigma:      3.56546709 +/- 0.29111851 (8.16%) (init = 0.8181143)
    g1_amplitude:  1626.87897 +/- 71.8708527 (4.42%) (init = 400.2368)
    g1_center:     5007.88565 +/- 0.17442705 (0.00%) (init = 5008.24)
    g1_sigma:      3.83225858 +/- 0.16515231 (4.31%) (init = 0.8181143)
    g0_fwhm:       8.39603321 +/- 0.68553170 (8.16%) == '2.3548200*g0_sigma'
    g0_height:     60.6774954 +/- 4.90989385 (8.09%) == '0.3989423*g0_amplitude/max(1e-15, g0_sigma)'
    g1_fwhm:       9.02427915 +/- 0.38890395 (4.31%) == '2.3548200*g1_sigma'
    g1_height:     169.359876 +/- 10.5757162 (6.24%) == '0.3989423*g1_amplitude/max(1e-15, g1_sigma)'
[[Correlations]] (unreported correlations are < 0.100)
    C(c, g1_amplitude)        = -0.3460
    C(g0_sigma, g1_amplitude) = +0.2870
    C(c, g1_sigma)            = -0.2155
    C(c, g0_sigma)            = -0.1794
Warning: non-constant dispersion
Warning: non-constant dispersion
[[Model]]
    ((((Model(constant) + Model(gaussian, prefix='g0_')) + Model(gaussian, prefix='g1_')) + Model(gaussian, prefix='g2_')) + Model(gaussian, prefix='g3_'))
[[Fit Statistics]]
    # fitting method   = leastsq
    # function evals   = 316
    # data points      = 76
    # variables        = 12
    chi-square         = 81.3816190
    reduced chi-square = 1.27158780
    Akaike info crit   = 29.1996233
    Bayesian info crit = 57.1684234
    R-squared          = 0.99558168
[[Variables]]
    c:             88.9837801 +/- 1.23055253 (1.38%) (init = 144.6586)
    g0_amplitude:  74.4372031 +/- 7.92165041 (10.64%) == 'g3_amplitude / 3.0'
    g0_center:     6551.51361 +/- 0.60593505 (0.01%) (init = 6549.86)
    g0_sigma:      2.41786346 +/- 0.48589455 (20.10%) (init = 0.8181143)
    g1_amplitude:  6527.53912 +/- 165.500345 (2.54%) (init = 175.9596)
    g1_center:     6561.24234 +/- 0.22689003 (0.00%) (init = 6564.6)
    g1_sigma:      25.3169099 +/- 0.48901835 (1.93%) (init = 0.8181143)
    g2_amplitude:  427.104486 +/- 46.1869783 (10.81%) (init = 175.9596)
    g2_center:     6565.01106 +/- 0.28604013 (0.00%) (init = 6564.6)
    g2_sigma:      4.64115290 +/- 0.38856983 (8.37%) (init = 0.8181143)
    g3_amplitude:  223.311609 +/- 23.7649513 (10.64%) (init = 175.9596)
    g3_center:     6587.13716 +/- 0.26204533 (0.00%) (init = 6585.27)
    g3_sigma:      3.39563805 +/- 0.31387775 (9.24%) (init = 0.8181143)
    g0_fwhm:       5.69363324 +/- 1.14419421 (20.10%) == '2.3548200*g0_sigma'
    g0_height:     12.2819793 +/- 2.44103962 (19.87%) == '0.3989423*g0_amplitude/max(1e-15, g0_sigma)'
    g1_fwhm:       59.6167658 +/- 1.15155019 (1.93%) == '2.3548200*g1_sigma'
    g1_height:     102.860558 +/- 1.77985325 (1.73%) == '0.3989423*g1_amplitude/max(1e-15, g1_sigma)'
    g2_fwhm:       10.9290797 +/- 0.91501199 (8.37%) == '2.3548200*g2_sigma'
    g2_height:     36.7128706 +/- 2.51296139 (6.84%) == '0.3989423*g2_amplitude/max(1e-15, g2_sigma)'
    g3_fwhm:       7.99611639 +/- 0.73912560 (9.24%) == '2.3548200*g3_sigma'
    g3_height:     26.2361435 +/- 1.92753563 (7.35%) == '0.3989423*g3_amplitude/max(1e-15, g3_sigma)'
[[Correlations]] (unreported correlations are < 0.100)
    C(c, g1_amplitude)            = -0.9020
    C(c, g1_sigma)                = -0.8933
    C(g2_amplitude, g2_sigma)     = +0.7742
    C(g3_amplitude, g3_sigma)     = +0.7356
    C(g1_amplitude, g1_sigma)     = +0.7315
    C(g1_center, g3_amplitude)    = -0.6738
    C(g1_sigma, g2_amplitude)     = +0.5406
    C(g2_amplitude, g3_amplitude) = +0.5175
    C(g1_center, g3_sigma)        = -0.4967
    C(g1_amplitude, g3_amplitude) = -0.4599
    C(g1_center, g2_amplitude)    = -0.4480
    C(g1_sigma, g2_sigma)         = +0.4246
    C(g1_amplitude, g1_center)    = +0.4011
    C(g2_amplitude, g3_sigma)     = +0.3730
    C(g2_sigma, g3_amplitude)     = +0.3565
    C(g0_center, g2_sigma)        = -0.3431
    C(g1_amplitude, g3_sigma)     = -0.3321
    C(g1_center, g2_sigma)        = -0.3264
    C(g0_center, g2_amplitude)    = -0.3112
    C(g0_sigma, g3_amplitude)     = +0.2854
    C(c, g2_amplitude)            = -0.2820
    C(g2_sigma, g3_sigma)         = +0.2439
    C(c, g2_sigma)                = -0.2209
    C(g0_center, g1_sigma)        = -0.2209
    C(g1_center, g2_center)       = -0.2195
    C(g2_amplitude, g3_center)    = -0.2175
    C(g0_sigma, g3_sigma)         = +0.2114
    C(g1_sigma, g3_center)        = -0.2069
    C(g0_center, g2_center)       = +0.1889
    C(g0_sigma, g1_center)        = -0.1830
    C(g0_sigma, g1_amplitude)     = -0.1788
    C(g1_amplitude, g2_center)    = -0.1781
    C(c, g1_center)               = -0.1691
    C(g1_sigma, g2_center)        = -0.1665
    C(c, g2_center)               = +0.1648
    C(g2_center, g3_amplitude)    = +0.1634
    C(g2_sigma, g3_center)        = -0.1556
    C(g0_sigma, g2_center)        = +0.1536
    C(c, g3_amplitude)            = +0.1518
    C(g3_amplitude, g3_center)    = -0.1458
    C(c, g0_center)               = +0.1412
    C(g3_center, g3_sigma)        = -0.1329
    C(g2_center, g2_sigma)        = -0.1327
    C(c, g0_sigma)                = +0.1261
    C(c, g3_center)               = +0.1195
    C(g2_center, g3_sigma)        = +0.1150
    C(g0_sigma, g1_sigma)         = -0.1088
    C(g0_center, g0_sigma)        = +0.1059
    C(c, g3_sigma)                = +0.1047
Warning: non-constant dispersion
Warning: non-constant dispersion
[[Model]]
    ((Model(constant) + Model(gaussian, prefix='g0_')) + Model(gaussian, prefix='g1_'))
[[Fit Statistics]]
    # fitting method   = leastsq
    # function evals   = 153
    # data points      = 61
    # variables        = 7
    chi-square         = 548.949226
    reduced chi-square = 10.1657264
    Akaike info crit   = 148.025057
    Bayesian info crit = 162.801174
    R-squared          = 0.43413946
[[Variables]]
    c:             399.659660 +/- 4.86271523 (1.22%) (init = 420.6564)
    g0_amplitude:  1048.40476 +/- 233.277057 (22.25%) (init = 129.3315)
    g0_center:     6719.98981 +/- 1.13319483 (0.02%) (init = 6718.29)
    g0_sigma:      5.39882842 +/- 1.32082425 (24.47%) (init = 0.8181143)
    g1_amplitude:  476.225983 +/- 152.210600 (31.96%) (init = 129.3315)
    g1_center:     6734.55574 +/- 0.87348533 (0.01%) (init = 6732.67)
    g1_sigma:      2.60000138 +/- 0.87608395 (33.70%) (init = 0.8181143)
    g0_fwhm:       12.7132691 +/- 3.11030335 (24.47%) == '2.3548200*g0_sigma'
    g0_height:     77.4710685 +/- 15.1193578 (19.52%) == '0.3989423*g0_amplitude/max(1e-15, g0_sigma)'
    g1_fwhm:       6.12253525 +/- 2.06301999 (33.70%) == '2.3548200*g1_sigma'
    g1_height:     73.0717647 +/- 20.1212854 (27.54%) == '0.3989423*g1_amplitude/max(1e-15, g1_sigma)'
[[Correlations]] (unreported correlations are < 0.100)
    C(g0_amplitude, g0_sigma)     = +0.6547
    C(g1_amplitude, g1_sigma)     = +0.6494
    C(c, g0_amplitude)            = -0.5354
    C(g0_sigma, g1_center)        = +0.3596
    C(g0_sigma, g1_amplitude)     = -0.3207
    C(c, g1_amplitude)            = -0.2992
    C(g0_amplitude, g1_center)    = +0.2928
    C(g0_center, g1_amplitude)    = -0.2911
    C(c, g0_sigma)                = -0.2830
    C(g0_sigma, g1_sigma)         = -0.2826
    C(g0_center, g1_sigma)        = -0.2708
    C(g0_center, g1_center)       = +0.2268
    C(g1_center, g1_sigma)        = -0.1950
    C(g1_amplitude, g1_center)    = -0.1766
    C(c, g1_sigma)                = -0.1601
    C(g0_amplitude, g1_sigma)     = -0.1593
    C(g0_center, g0_sigma)        = +0.1407
    C(g0_amplitude, g1_amplitude) = -0.1189
    C(c, g1_center)               = -0.1174
Warning: non-constant dispersion
multiprocessing.pool.RemoteTraceback: 
"""
Traceback (most recent call last):
  File "/usr/local/lib/python3.8/multiprocessing/pool.py", line 125, in worker
    result = (True, func(*args, **kwds))
  File "/usr/local/lib/python3.8/multiprocessing/pool.py", line 51, in starmapstar
    return list(itertools.starmap(args[0], args[1]))
  File "/usr/local/lib/python3.8/site-packages/gleam/main.py", line 147, in run_main
    print("WARNING: GLEAM plot_line failed:", _e)
  File "/usr/local/lib/python3.8/contextlib.py", line 120, in __exit__
    next(self.gen)
  File "/usr/local/lib/python3.8/site-packages/gleam/plot_gaussian.py", line 401, in overview_plot
    plt.savefig(f"{basename}.png", format="png", bbox_inches="tight")
  File "/usr/local/lib/python3.8/site-packages/matplotlib/pyplot.py", line 1023, in savefig
    res = fig.savefig(*args, **kwargs)
  File "/usr/local/lib/python3.8/site-packages/matplotlib/figure.py", line 3378, in savefig
    self.canvas.print_figure(fname, **kwargs)
  File "/usr/local/lib/python3.8/site-packages/matplotlib/backend_bases.py", line 2342, in print_figure
    self.figure.draw(renderer)
  File "/usr/local/lib/python3.8/site-packages/matplotlib/artist.py", line 95, in draw_wrapper
    result = draw(artist, renderer, *args, **kwargs)
  File "/usr/local/lib/python3.8/site-packages/matplotlib/artist.py", line 72, in draw_wrapper
    return draw(artist, renderer)
  File "/usr/local/lib/python3.8/site-packages/matplotlib/figure.py", line 3175, in draw
    mimage._draw_list_compositing_images(
  File "/usr/local/lib/python3.8/site-packages/matplotlib/image.py", line 131, in _draw_list_compositing_images
    a.draw(renderer)
  File "/usr/local/lib/python3.8/site-packages/matplotlib/artist.py", line 39, in draw_wrapper
    return draw(artist, renderer, *args, **kwargs)
  File "/usr/local/lib/python3.8/site-packages/mpl_toolkits/axes_grid1/parasite_axes.py", line 138, in draw
    super().draw(renderer)
  File "/usr/local/lib/python3.8/site-packages/matplotlib/artist.py", line 72, in draw_wrapper
    return draw(artist, renderer)
  File "/usr/local/lib/python3.8/site-packages/matplotlib/axes/_base.py", line 3064, in draw
    mimage._draw_list_compositing_images(
  File "/usr/local/lib/python3.8/site-packages/matplotlib/image.py", line 131, in _draw_list_compositing_images
    a.draw(renderer)
  File "/usr/local/lib/python3.8/site-packages/matplotlib/artist.py", line 72, in draw_wrapper
    return draw(artist, renderer)
  File "/usr/local/lib/python3.8/site-packages/matplotlib/text.py", line 757, in draw
    posx = float(self.convert_xunits(self._x))
TypeError: only size-1 arrays can be converted to Python scalars
"""

The above exception was the direct cause of the following exception:

Traceback (most recent call last):
  File "/usr/local/bin/gleam", line 8, in <module>
    sys.exit(pipeline())
  File "/usr/local/lib/python3.8/site-packages/click/core.py", line 829, in __call__
    return self.main(*args, **kwargs)
  File "/usr/local/lib/python3.8/site-packages/click/core.py", line 782, in main
    rv = self.invoke(ctx)
  File "/usr/local/lib/python3.8/site-packages/click/core.py", line 1066, in invoke
    return ctx.invoke(self.callback, **ctx.params)
  File "/usr/local/lib/python3.8/site-packages/click/core.py", line 610, in invoke
    return callback(*args, **kwargs)
  File "/usr/local/lib/python3.8/site-packages/gleam/__init__.py", line 136, in pipeline
    p.starmap(gleam.main.run_main, unique_sources)
  File "/usr/local/lib/python3.8/multiprocessing/pool.py", line 372, in starmap
    return self._map_async(func, iterable, starmapstar, chunksize).get()
  File "/usr/local/lib/python3.8/multiprocessing/pool.py", line 771, in get
    raise self._value
TypeError: only size-1 arrays can be converted to Python scalars
Matplotlib Version: 3.7.5
total 5312
-rw-rw-r-- 1 1000 1000  13545 Sep 29 10:37 docker.log
-rw-r--r-- 1 1000 1000 488191 Sep 29 10:36 linefits.sdss.sdss.fiber1.001.Ha.Ha_broad.NII1.png
-rw-rw-r-- 1 1000 1000 485333 Sep 27 23:39 linefits.sdss.sdss.fiber1.001.Ha.NII1.png
-rw-r--r-- 1 root root 503899 Sep 29 16:11 linefits.sdss.sdss.fiber1.001.Hb.Hb_broad.png
-rw-rw-r-- 1 1000 1000 482277 Sep 27 23:39 linefits.sdss.sdss.fiber1.001.Hb.png
-rw-r--r-- 1 root root 488338 Sep 29 16:12 linefits.sdss.sdss.fiber1.001.NII2.Ha.Ha_broad.NII1.png
-rw-r--r-- 1 root root 480249 Sep 29 16:11 linefits.sdss.sdss.fiber1.001.OII.png
-rw-r--r-- 1 root root 488499 Sep 29 16:11 linefits.sdss.sdss.fiber1.001.OIII4.OIII5.png
-rw-r--r-- 1 1000 1000 470747 Sep 29 09:10 linefits.sdss.sdss.fiber1.001.OIII4.png
-rw-r--r-- 1 1000 1000 464647 Sep 29 09:10 linefits.sdss.sdss.fiber1.001.OIII5.png
-rw-r--r-- 1 root root 488755 Sep 29 16:12 linefits.sdss.sdss.fiber1.001.SII1.SII2.png
-rw-r--r-- 1 root root  20160 Sep 29 16:12 linefits.sdss.sdss.fiber1.001.fits
-rw-r--r-- 1 1000 1000 533599 Sep 29 10:37 linefits.sdss.sdss.fiber1.001.png
total 12K
-rw-r--r-- 1 root root 1.2K Sep 21 02:20 =5.2
drwxr-xr-x 1 root root 4.0K Sep 29 16:09 input
drwxrwxr-x 2 1000 1000 4.0K Sep 29 16:12 output
-rw-r--r-- 1 root root 1.2K Sep 21 02:20 /app/=5.2

/app/input:
total 132K
-rw-rw-r-- 1 1000 1000  12K Aug 28 20:16 Sky_bands.fits
-rw-rw-r-- 1 1000 1000 1.3K Sep 29 07:43 gleam.sh
-rw-rw-r-- 1 1000 1000 5.4K Sep 29 15:08 gleam_doublet_patch.py
-rw-rw-r-- 1 1000 1000 2.6K Sep 29 14:37 gleamconfig.yaml
-rw-rw-r-- 1 1000 1000 8.5K Sep 29 14:37 line_table.fits
-rw-rw-r-- 1 1000 1000  115 Sep 29 15:10 meta.dat
-rw-rw-r-- 1 1000 1000  85K Sep 29 15:10 spec1d.sdss.sdss.fiber1.1.fits

/app/output:
total 5.2M
-rw-rw-r-- 1 1000 1000  14K Sep 29 10:37 docker.log
-rw-r--r-- 1 1000 1000 477K Sep 29 10:36 linefits.sdss.sdss.fiber1.001.Ha.Ha_broad.NII1.png
-rw-rw-r-- 1 1000 1000 474K Sep 27 23:39 linefits.sdss.sdss.fiber1.001.Ha.NII1.png
-rw-r--r-- 1 root root 493K Sep 29 16:11 linefits.sdss.sdss.fiber1.001.Hb.Hb_broad.png
-rw-rw-r-- 1 1000 1000 471K Sep 27 23:39 linefits.sdss.sdss.fiber1.001.Hb.png
-rw-r--r-- 1 root root 477K Sep 29 16:12 linefits.sdss.sdss.fiber1.001.NII2.Ha.Ha_broad.NII1.png
-rw-r--r-- 1 root root 469K Sep 29 16:11 linefits.sdss.sdss.fiber1.001.OII.png
-rw-r--r-- 1 root root 478K Sep 29 16:11 linefits.sdss.sdss.fiber1.001.OIII4.OIII5.png
-rw-r--r-- 1 1000 1000 460K Sep 29 09:10 linefits.sdss.sdss.fiber1.001.OIII4.png
-rw-r--r-- 1 1000 1000 454K Sep 29 09:10 linefits.sdss.sdss.fiber1.001.OIII5.png
-rw-r--r-- 1 root root 478K Sep 29 16:12 linefits.sdss.sdss.fiber1.001.SII1.SII2.png
-rw-r--r-- 1 root root  20K Sep 29 16:12 linefits.sdss.sdss.fiber1.001.fits
-rw-r--r-- 1 1000 1000 522K Sep 29 10:37 linefits.sdss.sdss.fiber1.001.png
