patched GLEAM label offsets
patched GLEAM total-line plot
patched GLEAM overview labels
patched GLEAM non-fatal plotting
patched GLEAM doublet ties
WARNING: AstropyDeprecationWarning: The truth value of a Quantity is ambiguous. In the future this will raise a ValueError. [astropy.units.quantity]
Now working in  on sdss in sdss + fiber1 on source 1 at z=0.468.
Warning: non-constant dispersion
[[Model]]
    (Model(constant) + Model(gaussian, prefix='g0_'))
[[Fit Statistics]]
    # fitting method   = leastsq
    # function evals   = 10000
    # data points      = 467
    # variables        = 4
    chi-square         = 1293.75212
    reduced chi-square = 2.79428104
    Akaike info crit   = 483.860222
    Bayesian info crit = 500.445539
    R-squared          = 0.09449972
##  Warning: uncertainties could not be estimated:
    g0_center:     at boundary
[[Variables]]
    c:             4356.31212 (init = 5077.105)
    g0_amplitude:  475161.309 (init = 1740.146)
    g0_center:     3713.48007 (init = 3728.48)
    g0_sigma:      252.807310 (init = 0.7234329)
    g0_fwhm:       595.315709 == '2.3548200*g0_sigma'
    g0_height:     749.827787 == '0.3989423*g0_amplitude/max(1e-15, g0_sigma)'
NonDetection when fitting set of lines [3728.48] Angstrom, try a simpler model
[[Model]]
    Model(constant)
[[Fit Statistics]]
    # fitting method   = leastsq
    # function evals   = 5
    # data points      = 467
    # variables        = 1
    chi-square         = 1463.69620
    reduced chi-square = 3.14097897
    Akaike info crit   = 535.496552
    Bayesian info crit = 539.642881
    R-squared          = -0.00151346
[[Variables]]
    c:  5033.39781 +/- 8.83148476 (0.18%) (init = 5077.105)
Warning: non-constant dispersion
Warning: non-constant dispersion
Warning: non-constant dispersion
Warning: non-constant dispersion
[[Model]]
    ((Model(constant) + Model(gaussian, prefix='g0_')) + Model(gaussian, prefix='g1_'))
[[Fit Statistics]]
    # fitting method   = leastsq
    # function evals   = 236
    # data points      = 272
    # variables        = 7
    chi-square         = 686.591285
    reduced chi-square = 2.59091051
    Akaike info crit   = 265.854897
    Bayesian info crit = 291.095511
    R-squared          = 0.96428412
[[Variables]]
    c:             1163.25212 +/- 5.60237297 (0.48%) (init = 1302.335)
    g0_amplitude:  25984.1372 +/- 6650.26602 (25.59%) (init = 900.7166)
    g0_center:     4847.68000 +/- 2.28631691 (0.05%) (init = 4862.68)
    g0_sigma:      32.6877979 +/- 2.77042613 (8.48%) (init = 0.7234329)
    g1_amplitude:  39164.3591 +/- 6713.79209 (17.14%) (init = 900.7166)
    g1_center:     4877.68000 +/- 5.15296548 (0.11%) (init = 4862.68)
    g1_sigma:      55.5574777 +/- 3.59576494 (6.47%) (init = 14.15552)
    g0_fwhm:       76.9738801 +/- 6.52385483 (8.48%) == '2.3548200*g0_sigma'
    g0_height:     317.126639 +/- 56.2570381 (17.74%) == '0.3989423*g0_amplitude/max(1e-15, g0_sigma)'
    g1_fwhm:       130.827860 +/- 8.46737921 (6.47%) == '2.3548200*g1_sigma'
    g1_height:     281.228021 +/- 54.0492422 (19.22%) == '0.3989423*g1_amplitude/max(1e-15, g1_sigma)'
[[Correlations]] (unreported correlations are < 0.100)
    C(g0_amplitude, g1_amplitude) = -0.9573
    C(g0_amplitude, g0_sigma)     = +0.9501
    C(g0_amplitude, g1_center)    = -0.9373
    C(g1_amplitude, g1_center)    = +0.9298
    C(g0_sigma, g1_amplitude)     = -0.9280
    C(g0_sigma, g1_center)        = -0.8732
    C(g0_center, g1_sigma)        = +0.8311
    C(c, g1_sigma)                = -0.7128
    C(g0_amplitude, g0_center)    = +0.4567
    C(c, g0_center)               = -0.4516
    C(g0_amplitude, g1_sigma)     = +0.3906
    C(g0_center, g0_sigma)        = +0.3884
    C(g0_center, g1_amplitude)    = -0.3012
    C(g0_sigma, g1_sigma)         = +0.2701
    C(g1_center, g1_sigma)        = -0.2114
    C(g0_center, g1_center)       = -0.1986
    C(c, g1_amplitude)            = -0.1925
    C(g1_amplitude, g1_sigma)     = -0.1515
Warning: non-constant dispersion
Warning: non-constant dispersion
[[Model]]
    ((Model(constant) + Model(gaussian, prefix='g0_')) + Model(gaussian, prefix='g1_'))
[[Fit Statistics]]
    # fitting method   = leastsq
    # function evals   = 64
    # data points      = 340
    # variables        = 6
    chi-square         = 18455.2670
    reduced chi-square = 55.2552906
    Akaike info crit   = 1370.01422
    Bayesian info crit = 1392.98789
    R-squared          = 0.01714276
[[Variables]]
    c:             1354.53306 +/- 10.2206506 (0.75%) (init = 1345.007)
    g0_amplitude:  1030.60703 +/- 278.008992 (26.98%) == 'g1_amplitude / 3.0'
    g0_center:     4957.93212 +/- 2.32373674 (0.05%) (init = 4960.3)
    g0_sigma:      2.64473086 +/- 1.98910419 (75.21%) (init = 0.7234329)
    g1_amplitude:  3091.82110 +/- 834.026978 (26.98%) (init = 1019.81)
    g1_center:     5005.86612 +/- 0.95380439 (0.02%) (init = 5008.24)
    g1_sigma:      2.93044594 +/- 0.90846574 (31.00%) (init = 0.7234329)
    g0_fwhm:       6.22786511 +/- 4.68398231 (75.21%) == '2.3548200*g0_sigma'
    g0_height:     155.461090 +/- 115.437530 (74.25%) == '0.3989423*g0_amplitude/max(1e-15, g0_sigma)'
    g1_fwhm:       6.90067270 +/- 2.13927328 (31.00%) == '2.3548200*g1_sigma'
    g1_height:     420.911441 +/- 125.060367 (29.71%) == '0.3989423*g1_amplitude/max(1e-15, g1_sigma)'
[[Correlations]] (unreported correlations are < 0.100)
    C(g1_amplitude, g1_sigma) = +0.4819
    C(c, g1_amplitude)        = -0.2328
    C(g0_sigma, g1_amplitude) = +0.2145
    C(c, g1_sigma)            = -0.1366
    C(g0_sigma, g1_sigma)     = +0.1038
Warning: non-constant dispersion
Warning: non-constant dispersion
[[Model]]
    ((((Model(constant) + Model(gaussian, prefix='g0_')) + Model(gaussian, prefix='g1_')) + Model(gaussian, prefix='g2_')) + Model(gaussian, prefix='g3_'))
[[Fit Statistics]]
    # fitting method   = leastsq
    # function evals   = 744
    # data points      = 265
    # variables        = 12
    chi-square         = 779.213467
    reduced chi-square = 3.07989513
    Akaike info crit   = 309.817131
    Bayesian info crit = 352.773888
    R-squared          = 0.99378460
[[Variables]]
    c:             273.830613 +/- 1.73312731 (0.63%) (init = 375.1143)
    g0_amplitude:  886.252588 +/- 1255.51885 (141.67%) == 'g3_amplitude / 3.0'
    g0_center:     6538.54130 +/- 10.4061810 (0.16%) (init = 6549.86)
    g0_sigma:      8.50000000 +/- 0.17602770 (2.07%) (init = 0.7234329)
    g1_amplitude:  2952.21033 +/- 1286.97310 (43.59%) (init = 980.1217)
    g1_center:     6558.23013 +/- 4.31107641 (0.07%) (init = 6564.6)
    g1_sigma:      9.68661549 +/- 2.60858338 (26.93%) (init = 0.7234329)
    g2_amplitude:  73570.1405 +/- 687.309897 (0.93%) (init = 980.1217)
    g2_center:     6555.40594 +/- 0.36345644 (0.01%) (init = 6564.6)
    g2_sigma:      57.5512793 +/- 0.57553753 (1.00%) (init = 19.1099)
    g3_amplitude:  2658.75776 +/- 3766.55656 (141.67%) (init = 980.1217)
    g3_center:     6583.66796 +/- 0.21911007 (0.00%) (init = 6585.27)
    g3_sigma:      0.20212834 +/- 0.06694773 (33.12%) (init = 0.7234329)
    g0_fwhm:       20.0000000 +/- 0.41451354 (2.07%) == '2.3548200*g0_sigma'
    g0_height:     41.5957230 +/- 59.7239305 (143.58%) == '0.3989423*g0_amplitude/max(1e-15, g0_sigma)'
    g1_fwhm:       22.8102359 +/- 6.14274430 (26.93%) == '2.3548200*g1_sigma'
    g1_height:     121.586490 +/- 24.3286871 (20.01%) == '0.3989423*g1_amplitude/max(1e-15, g1_sigma)'
    g2_fwhm:       135.522903 +/- 1.35528730 (1.00%) == '2.3548200*g2_sigma'
    g2_height:     509.984165 +/- 6.01451578 (1.18%) == '0.3989423*g2_amplitude/max(1e-15, g2_sigma)'
    g3_fwhm:       0.47597586 +/- 0.15764986 (33.12%) == '2.3548200*g3_sigma'
    g3_height:     5247.61117 +/- 7902.59274 (150.59%) == '0.3989423*g3_amplitude/max(1e-15, g3_sigma)'
[[Correlations]] (unreported correlations are < 0.100)
    C(g1_center, g3_amplitude)    = +0.9739
    C(g0_center, g1_center)       = +0.9651
    C(g0_center, g1_amplitude)    = -0.9622
    C(g0_center, g3_amplitude)    = +0.9526
    C(g1_amplitude, g1_sigma)     = +0.9477
    C(g1_amplitude, g1_center)    = -0.9461
    C(g1_amplitude, g3_amplitude) = -0.9385
    C(g0_sigma, g3_amplitude)     = -0.9241
    C(g0_center, g1_sigma)        = -0.8961
    C(g1_center, g1_sigma)        = -0.8955
    C(g1_sigma, g3_amplitude)     = -0.8822
    C(g0_sigma, g1_center)        = -0.8753
    C(g0_center, g0_sigma)        = -0.8633
    C(g0_sigma, g1_amplitude)     = +0.8342
    C(g3_center, g3_sigma)        = -0.7168
    C(g0_sigma, g1_sigma)         = +0.7147
    C(c, g2_sigma)                = -0.6805
    C(c, g2_amplitude)            = -0.6148
    C(g2_amplitude, g2_sigma)     = +0.2579
    C(g1_amplitude, g2_sigma)     = +0.1870
    C(g1_amplitude, g3_sigma)     = +0.1830
    C(g1_sigma, g2_sigma)         = +0.1786
    C(g2_center, g3_amplitude)    = +0.1784
    C(g0_sigma, g2_center)        = -0.1781
    C(g0_center, g3_sigma)        = -0.1774
    C(g1_center, g3_sigma)        = -0.1720
    C(g0_sigma, g3_sigma)         = +0.1651
    C(g3_amplitude, g3_sigma)     = -0.1612
    C(g1_amplitude, g2_center)    = -0.1386
    C(g1_sigma, g3_sigma)         = +0.1363
    C(g1_sigma, g2_center)        = -0.1344
    C(g1_center, g2_center)       = +0.1244
    C(g3_amplitude, g3_center)    = -0.1193
    C(g1_sigma, g3_center)        = +0.1164
    C(g0_center, g2_center)       = +0.1113
    C(g1_center, g3_center)       = -0.1090
    C(g2_sigma, g3_sigma)         = +0.1073
    C(g0_center, g3_center)       = -0.1041
    C(g1_amplitude, g3_center)    = +0.1020
NonDetection when fitting set of lines [6549.86 6564.6  6564.6  6585.27] Angstrom, try a simpler model
[[Model]]
    (((Model(constant) + Model(gaussian, prefix='g0_')) + Model(gaussian, prefix='g1_')) + Model(gaussian, prefix='g2_'))
[[Fit Statistics]]
    # fitting method   = leastsq
    # function evals   = 410
    # data points      = 265
    # variables        = 10
    chi-square         = 779.652504
    reduced chi-square = 3.05746080
    Akaike info crit   = 305.966399
    Bayesian info crit = 341.763697
    R-squared          = 0.99377830
[[Variables]]
    c:             273.867012 +/- 1.72325054 (0.63%) (init = 375.1143)
    g0_amplitude:  870.154665 +/- 1238.59133 (142.34%) (init = 980.1217)
    g0_center:     6538.49815 +/- 10.4602434 (0.16%) (init = 6549.86)
    g0_sigma:      8.49999990 +/- 13.2021088 (155.32%) (init = 0.7234329)
    g1_amplitude:  2951.13675 +/- 1279.60593 (43.36%) (init = 980.1217)
    g1_center:     6558.19199 +/- 4.29002219 (0.07%) (init = 6564.6)
    g1_sigma:      9.72151975 +/- 2.59320750 (26.67%) (init = 0.7234329)
    g2_amplitude:  73588.9756 +/- 681.762479 (0.93%) (init = 980.1217)
    g2_center:     6555.41483 +/- 0.36175401 (0.01%) (init = 6564.6)
    g2_sigma:      57.5242952 +/- 0.56800997 (0.99%) (init = 19.1099)
    g0_fwhm:       20.0000000 +/- 31.0885899 (155.44%) == '2.3548200*g0_sigma'
    g0_height:     40.8401773 +/- 119.173664 (291.80%) == '0.3989423*g0_amplitude/max(1e-15, g0_sigma)'
    g1_fwhm:       22.8924291 +/- 6.10653691 (26.67%) == '2.3548200*g1_sigma'
    g1_height:     121.105888 +/- 24.2203699 (20.00%) == '0.3989423*g1_amplitude/max(1e-15, g1_sigma)'
    g2_fwhm:       135.459361 +/- 1.33756123 (0.99%) == '2.3548200*g2_sigma'
    g2_height:     510.354018 +/- 5.89741608 (1.16%) == '0.3989423*g2_amplitude/max(1e-15, g2_sigma)'
[[Correlations]] (unreported correlations are < 0.100)
    C(g0_amplitude, g1_center)    = +0.9737
    C(g0_center, g1_center)       = +0.9645
    C(g0_center, g1_amplitude)    = -0.9616
    C(g0_amplitude, g0_center)    = +0.9523
    C(g1_amplitude, g1_sigma)     = +0.9474
    C(g1_amplitude, g1_center)    = -0.9458
    C(g0_amplitude, g1_amplitude) = -0.9387
    C(g0_amplitude, g0_sigma)     = -0.9219
    C(g0_center, g1_sigma)        = -0.8941
    C(g1_center, g1_sigma)        = -0.8936
    C(g0_amplitude, g1_sigma)     = -0.8799
    C(g0_sigma, g1_center)        = -0.8719
    C(g0_center, g0_sigma)        = -0.8600
    C(g0_sigma, g1_amplitude)     = +0.8306
    C(g0_sigma, g1_sigma)         = +0.7077
    C(c, g2_sigma)                = -0.6799
    C(c, g2_amplitude)            = -0.6225
    C(g2_amplitude, g2_sigma)     = +0.2722
    C(g1_amplitude, g2_sigma)     = +0.2081
    C(g1_sigma, g2_sigma)         = +0.2043
    C(g0_amplitude, g2_center)    = +0.1874
    C(g0_sigma, g2_center)        = -0.1854
    C(g1_amplitude, g2_center)    = -0.1441
    C(g1_sigma, g2_center)        = -0.1416
    C(g1_center, g2_center)       = +0.1314
    C(g0_center, g2_center)       = +0.1173
    C(g0_center, g2_sigma)        = -0.1008
NonDetection when fitting set of lines [6549.86 6564.6  6564.6 ] Angstrom, try a simpler model
[[Model]]
    (((Model(constant) + Model(gaussian, prefix='g0_')) + Model(gaussian, prefix='g1_')) + Model(gaussian, prefix='g2_'))
[[Fit Statistics]]
    # fitting method   = leastsq
    # function evals   = 11265
    # data points      = 265
    # variables        = 9
    chi-square         = 1286.40659
    reduced chi-square = 5.02502573
    Akaike info crit   = 436.667721
    Bayesian info crit = 468.885290
    R-squared          = 0.98548918
##  Warning: uncertainties could not be estimated:
    g2_amplitude:  at boundary
[[Variables]]
    c:             278.848781 (init = 375.1143)
    g0_amplitude:  1.8983e-12 == 'g2_amplitude / 3.0'
    g0_center:     6537.56277 (init = 6549.86)
    g0_sigma:      0.18305788 (init = 0.7234329)
    g1_amplitude:  75195.5267 (init = 980.1217)
    g1_center:     6555.36204 (init = 6564.6)
    g1_sigma:      54.1159655 (init = 0.7234329)
    g2_amplitude:  5.6948e-12 (init = 980.1217)
    g2_center:     6593.09202 (init = 6585.27)
    g2_sigma:      0.48398091 (init = 0.7234329)
    g0_fwhm:       0.43106836 == '2.3548200*g0_sigma'
    g0_height:     4.1369e-12 == '0.3989423*g0_amplitude/max(1e-15, g0_sigma)'
    g1_fwhm:       127.433358 == '2.3548200*g1_sigma'
    g1_height:     554.340592 == '0.3989423*g1_amplitude/max(1e-15, g1_sigma)'
    g2_fwhm:       1.13968793 == '2.3548200*g2_sigma'
    g2_height:     4.6942e-12 == '0.3989423*g2_amplitude/max(1e-15, g2_sigma)'
NonDetection when fitting set of lines [6549.86 6564.6  6585.27] Angstrom, try a simpler model
[[Model]]
    (((Model(constant) + Model(gaussian, prefix='g0_')) + Model(gaussian, prefix='g1_')) + Model(gaussian, prefix='g2_'))
[[Fit Statistics]]
    # fitting method   = leastsq
    # function evals   = 11265
    # data points      = 265
    # variables        = 9
    chi-square         = 1286.40659
    reduced chi-square = 5.02502573
    Akaike info crit   = 436.667721
    Bayesian info crit = 468.885290
    R-squared          = 0.98548918
##  Warning: uncertainties could not be estimated:
    g2_amplitude:  at boundary
[[Variables]]
    c:             278.848781 (init = 375.1143)
    g0_amplitude:  1.8983e-12 == 'g2_amplitude / 3.0'
    g0_center:     6537.56277 (init = 6549.86)
    g0_sigma:      0.18305788 (init = 0.7234329)
    g1_amplitude:  75195.5267 (init = 980.1217)
    g1_center:     6555.36204 (init = 6564.6)
    g1_sigma:      54.1159655 (init = 0.7234329)
    g2_amplitude:  5.6948e-12 (init = 980.1217)
    g2_center:     6593.09202 (init = 6585.27)
    g2_sigma:      0.48398091 (init = 0.7234329)
    g0_fwhm:       0.43106836 == '2.3548200*g0_sigma'
    g0_height:     4.1369e-12 == '0.3989423*g0_amplitude/max(1e-15, g0_sigma)'
    g1_fwhm:       127.433358 == '2.3548200*g1_sigma'
    g1_height:     554.340592 == '0.3989423*g1_amplitude/max(1e-15, g1_sigma)'
    g2_fwhm:       1.13968793 == '2.3548200*g2_sigma'
    g2_height:     4.6942e-12 == '0.3989423*g2_amplitude/max(1e-15, g2_sigma)'
NonDetection when fitting set of lines [6549.86 6564.6  6585.27] Angstrom, try a simpler model
[[Model]]
    (((Model(constant) + Model(gaussian, prefix='g0_')) + Model(gaussian, prefix='g1_')) + Model(gaussian, prefix='g2_'))
[[Fit Statistics]]
    # fitting method   = leastsq
    # function evals   = 5779
    # data points      = 265
    # variables        = 10
    chi-square         = 793.811725
    reduced chi-square = 3.11298716
    Akaike info crit   = 310.735868
    Bayesian info crit = 346.533167
    R-squared          = 0.99352984
##  Warning: uncertainties could not be estimated:
    g2_amplitude:  at boundary
[[Variables]]
    c:             273.914669 (init = 375.1143)
    g0_amplitude:  3742.13244 (init = 980.1217)
    g0_center:     6554.87237 (init = 6564.6)
    g0_sigma:      12.4564051 (init = 0.7234329)
    g1_amplitude:  73632.5205 (init = 980.1217)
    g1_center:     6555.31403 (init = 6564.6)
    g1_sigma:      57.4751564 (init = 19.1099)
    g2_amplitude:  1.1444e-10 (init = 980.1217)
    g2_center:     6584.21158 (init = 6585.27)
    g2_sigma:      3.65341923 (init = 0.7234329)
    g0_fwhm:       29.3325919 == '2.3548200*g0_sigma'
    g0_height:     119.849580 == '0.3989423*g0_amplitude/max(1e-15, g0_sigma)'
    g1_fwhm:       135.343648 == '2.3548200*g1_sigma'
    g1_height:     511.092600 == '0.3989423*g1_amplitude/max(1e-15, g1_sigma)'
    g2_fwhm:       8.60314466 == '2.3548200*g2_sigma'
    g2_height:     1.2497e-11 == '0.3989423*g2_amplitude/max(1e-15, g2_sigma)'
NonDetection when fitting set of lines [6564.6  6564.6  6585.27] Angstrom, try a simpler model
[[Model]]
    ((Model(constant) + Model(gaussian, prefix='g0_')) + Model(gaussian, prefix='g1_'))
[[Fit Statistics]]
    # fitting method   = leastsq
    # function evals   = 349
    # data points      = 265
    # variables        = 7
    chi-square         = 841.468409
    reduced chi-square = 3.26150546
    Akaike info crit   = 320.185941
    Bayesian info crit = 345.244050
    R-squared          = 0.99276566
[[Variables]]
    c:             275.316357 +/- 1.71179666 (0.62%) (init = 375.1143)
    g0_amplitude:  2561.04954 +/- 300.389055 (11.73%) (init = 980.1217)
    g0_center:     6555.96462 +/- 0.78555171 (0.01%) (init = 6549.86)
    g0_sigma:      8.50000000 +/- 0.17821035 (2.10%) (init = 0.7234329)
    g1_amplitude:  74249.3967 +/- 659.223257 (0.89%) (init = 980.1217)
    g1_center:     6555.28197 +/- 0.34683131 (0.01%) (init = 6564.6)
    g1_sigma:      56.4508441 +/- 0.50416702 (0.89%) (init = 0.7234329)
    g0_fwhm:       20.0000000 +/- 0.41965330 (2.10%) == '2.3548200*g0_sigma'
    g0_height:     120.201294 +/- 15.9456808 (13.27%) == '0.3989423*g0_amplitude/max(1e-15, g0_sigma)'
    g1_fwhm:       132.931577 +/- 1.18722257 (0.89%) == '2.3548200*g1_sigma'
    g1_height:     524.725991 +/- 4.91316450 (0.94%) == '0.3989423*g1_amplitude/max(1e-15, g1_sigma)'
[[Correlations]] (unreported correlations are < 0.100)
    C(c, g1_amplitude)            = -0.7029
    C(g0_amplitude, g0_sigma)     = -0.6916
    C(c, g1_sigma)                = -0.6698
    C(g0_amplitude, g1_sigma)     = +0.5226
    C(g1_amplitude, g1_sigma)     = +0.4472
    C(g0_sigma, g1_sigma)         = -0.3583
    C(c, g0_amplitude)            = -0.2156
    C(g0_amplitude, g1_amplitude) = -0.2126
    C(g0_sigma, g1_amplitude)     = +0.1675
    C(c, g0_sigma)                = +0.1440
    C(g0_center, g1_center)       = -0.1258
Warning: non-constant dispersion
Warning: non-constant dispersion
Warning: non-constant dispersion
Warning: non-constant dispersion
Warning: non-constant dispersion
Warning: non-constant dispersion
[[Model]]
    ((Model(constant) + Model(gaussian, prefix='g0_')) + Model(gaussian, prefix='g1_'))
[[Fit Statistics]]
    # fitting method   = leastsq
    # function evals   = 143
    # data points      = 230
    # variables        = 7
    chi-square         = 42313.4539
    reduced chi-square = 189.746430
    Akaike info crit   = 1213.39964
    Bayesian info crit = 1237.46620
    R-squared          = -0.02034889
##  Warning: uncertainties could not be estimated:
    g0_sigma:      at boundary
[[Variables]]
    c:             403.437105 (init = 334.58)
    g0_amplitude:  0.00243879 (init = 1311.212)
    g0_center:     6718.39007 (init = 6718.29)
    g0_sigma:      0.18085959 (init = 0.7234329)
    g1_amplitude:  0.01873017 (init = 1311.212)
    g1_center:     6732.33695 (init = 6732.67)
    g1_sigma:      0.18133465 (init = 0.7234329)
    g0_fwhm:       0.42589178 == '2.3548200*g0_sigma'
    g0_height:     0.00537952 == '0.3989423*g0_amplitude/max(1e-15, g0_sigma)'
    g1_fwhm:       0.42701045 == '2.3548200*g1_sigma'
    g1_height:     0.04120701 == '0.3989423*g1_amplitude/max(1e-15, g1_sigma)'
NonDetection when fitting set of lines [6718.29 6732.67] Angstrom, try a simpler model
[[Model]]
    (Model(constant) + Model(gaussian, prefix='g0_'))
[[Fit Statistics]]
    # fitting method   = leastsq
    # function evals   = 66
    # data points      = 230
    # variables        = 4
    chi-square         = 42313.4539
    reduced chi-square = 187.227672
    Akaike info crit   = 1207.39964
    Bayesian info crit = 1221.15196
    R-squared          = -0.02034889
[[Variables]]
    c:             403.437104 +/- 11.0852262 (2.75%) (init = 334.58)
    g0_amplitude:  0.00711446 +/- 7.0107e+20 (9854213297686375447920640.00%) (init = 1311.212)
    g0_center:     6718.39052 +/- 6.3518e+18 (94544218909851744.00%) (init = 6718.29)
    g0_sigma:      0.18086335 +/- 9.8458e+19 (54437591453786292879360.00%) (init = 0.7234329)
    g0_fwhm:       0.42590063 +/- 2.3185e+20 (54437591442742656892928.00%) == '2.3548200*g0_sigma'
    g0_height:     0.01569283 +/- 1.5379e+21 (9799775652078082913730560.00%) == '0.3989423*g0_amplitude/max(1e-15, g0_sigma)'
[[Correlations]] (unreported correlations are < 0.100)
    C(g0_amplitude, g0_sigma)  = +1.0000
    C(g0_amplitude, g0_center) = -1.0000
    C(g0_center, g0_sigma)     = -1.0000
    C(c, g0_sigma)             = -0.2938
    C(c, g0_amplitude)         = -0.2938
    C(c, g0_center)            = +0.2938
NonDetection when fitting set of lines [6718.29] Angstrom, try a simpler model
[[Model]]
    (Model(constant) + Model(gaussian, prefix='g0_'))
[[Fit Statistics]]
    # fitting method   = leastsq
    # function evals   = 53
    # data points      = 230
    # variables        = 4
    chi-square         = 42313.4539
    reduced chi-square = 187.227672
    Akaike info crit   = 1207.39964
    Bayesian info crit = 1221.15196
    R-squared          = -0.02034713
[[Variables]]
    c:             403.438339 +/- 11.9167952 (2.95%) (init = 334.58)
    g0_amplitude:  4.4423e-04 +/- 4.6497e+19 (10466766006997260215255040.00%) (init = 1311.212)
    g0_center:     6732.52936 +/- 6.5805e+20 (9774179055169955840.00%) (init = 6732.67)
    g0_sigma:      0.18487369 +/- 6.1842e+20 (334512055446025854255104.00%) (init = 0.7234329)
    g0_fwhm:       0.43534426 +/- 1.4563e+21 (334512055439013850382336.00%) == '2.3548200*g0_sigma'
    g0_height:     9.5861e-04 +/- 9.7129e+19 (10132253957071657295151104.00%) == '0.3989423*g0_amplitude/max(1e-15, g0_sigma)'
[[Correlations]] (unreported correlations are < 0.100)
    C(g0_amplitude, g0_center) = +1.0000
    C(g0_center, g0_sigma)     = +1.0000
    C(g0_amplitude, g0_sigma)  = +1.0000
    C(c, g0_center)            = +0.4597
    C(c, g0_amplitude)         = +0.4597
    C(c, g0_sigma)             = +0.4597
NonDetection when fitting set of lines [6732.67] Angstrom, try a simpler model
[[Model]]
    Model(constant)
[[Fit Statistics]]
    # fitting method   = leastsq
    # function evals   = 5
    # data points      = 230
    # variables        = 1
    chi-square         = 42313.4539
    reduced chi-square = 184.774908
    Akaike info crit   = 1201.39964
    Bayesian info crit = 1204.83772
    R-squared          = -0.02034890
[[Variables]]
    c:  403.437103 +/- 10.4449674 (2.59%) (init = 334.58)
Warning: non-constant dispersion
Warning: non-constant dispersion
Warning: non-constant dispersion
Warning: non-constant dispersion
Warning: non-constant dispersion
Matplotlib Version: 3.7.5
total 3136
-rw-r--r-- 1 root root 555979 Oct  1 15:51 linefits.sdss.sdss.fiber1.001.Hb.Hb_broad.png
-rw-r--r-- 1 root root 542825 Oct  1 15:52 linefits.sdss.sdss.fiber1.001.NII2.Ha.Ha_broad.NII1.png
-rw-r--r-- 1 root root 505497 Oct  1 15:51 linefits.sdss.sdss.fiber1.001.OII.png
-rw-r--r-- 1 root root 500269 Oct  1 15:51 linefits.sdss.sdss.fiber1.001.OIII4.OIII5.png
-rw-r--r-- 1 root root 493350 Oct  1 15:52 linefits.sdss.sdss.fiber1.001.SII1.SII2.png
-rw-r--r-- 1 root root  20160 Oct  1 15:52 linefits.sdss.sdss.fiber1.001.fits
-rw-r--r-- 1 root root 577883 Oct  1 15:52 linefits.sdss.sdss.fiber1.001.png
total 12K
-rw-r--r-- 1 root root 1.2K Sep 21 02:20 =5.2
drwxr-xr-x 1 root root 4.0K Oct  1 15:49 input
drwxrwxr-x 2 1000 1000 4.0K Oct  1 15:52 output
-rw-r--r-- 1 root root 1.2K Sep 21 02:20 /app/=5.2

/app/input:
total 132K
-rw-rw-r-- 1 1000 1000  12K Aug 28 20:16 Sky_bands.fits
-rw-rw-r-- 1 1000 1000 1.3K Sep 29 07:43 gleam.sh
-rw-rw-r-- 1 1000 1000 8.0K Oct  1 15:49 gleam_doublet_patch.py
-rw-rw-r-- 1 1000 1000 2.6K Oct  1 11:39 gleamconfig.yaml
-rw-rw-r-- 1 1000 1000 8.5K Sep 29 14:37 line_table.fits
-rw-rw-r-- 1 1000 1000  115 Oct  1 15:49 meta.dat
-rw-rw-r-- 1 1000 1000  85K Oct  1 15:49 spec1d.sdss.sdss.fiber1.1.fits

/app/output:
total 3.1M
-rw-r--r-- 1 root root 543K Oct  1 15:51 linefits.sdss.sdss.fiber1.001.Hb.Hb_broad.png
-rw-r--r-- 1 root root 531K Oct  1 15:52 linefits.sdss.sdss.fiber1.001.NII2.Ha.Ha_broad.NII1.png
-rw-r--r-- 1 root root 494K Oct  1 15:51 linefits.sdss.sdss.fiber1.001.OII.png
-rw-r--r-- 1 root root 489K Oct  1 15:51 linefits.sdss.sdss.fiber1.001.OIII4.OIII5.png
-rw-r--r-- 1 root root 482K Oct  1 15:52 linefits.sdss.sdss.fiber1.001.SII1.SII2.png
-rw-r--r-- 1 root root  20K Oct  1 15:52 linefits.sdss.sdss.fiber1.001.fits
-rw-r--r-- 1 root root 565K Oct  1 15:52 linefits.sdss.sdss.fiber1.001.png
