7.0.1
1.3.2
2.1.6
3.1.6
['/home/onur/Documents/AGNEmissionLines_ThirdPartyLibraries/pyqsofit/PyQSOFit/src/pyqsofit']
FWHM Resolution: 2.5 Å
[ 3566.97426784  3567.79484559  3568.6175712  ... 10394.41199851
 10396.80892696 10399.20640813] Angstrom [58.55295181 58.5471344  58.54131699 ... -6.29245901 -6.29252863
 -6.29259872] erg / (Angstrom s cm2) [ 1.17105904  1.17094269  1.17082634 ... -0.12584918 -0.12585057
 -0.12585197] erg / (Angstrom s cm2) 0.31352314352989197
Got negative host galaxy / QSO flux over 10% of coverage, decomposition is not applied!
Name            Value      Min      Max   Stderr     Vary     Expr Brute_Step
Balmer_Tau        0.5      0.1        2     None    False     None     None
Balmer_Te     1.5e+04    1e+04    5e+04     None    False     None     None
Blamer_norm         0        0    1e+10     None    False     None     None
Fe_op_FWHM       3000     1200  1.8e+04     None     True     None     None
Fe_op_norm          0        0    1e+10     None     True     None     None
Fe_op_shift         0    -0.01     0.01     None     True     None     None
Fe_uv_FWHM       3000     1200  1.8e+04     None     True     None     None
Fe_uv_norm          0        0    1e+10     None     True     None     None
Fe_uv_shift         0    -0.01     0.01     None     True     None     None
PL_norm             1        0    1e+10     None     True     None     None
PL_slope         -1.5       -5        3     None     True     None     None
conti_a_0           0     -inf      inf     None     True     None     None
conti_a_1           0     -inf      inf     None     True     None     None
conti_a_2           0     -inf      inf     None     True     None     None
Fitting continuum
Fit report
[[Variables]]
    Fe_uv_norm:   2.98996161 (init = 0)
    Fe_uv_FWHM:   13249.0617 (init = 3000)
    Fe_uv_shift:  0.01000000 (init = 0)
    Fe_op_norm:   4.59829896 (init = 0)
    Fe_op_FWHM:   2647.20149 (init = 3000)
    Fe_op_shift:  3.1977e-04 (init = 0)
    PL_norm:      49.9102981 (init = 1)
    PL_slope:    -3.22360483 (init = -1.5)
    Blamer_norm:  0 (fixed)
    Balmer_Te:    15000 (fixed)
    Balmer_Tau:   0.5 (fixed)
    conti_a_0:    11158.5622 (init = 0)
    conti_a_1:   -2.86655995 (init = 0)
    conti_a_2:    2.3751e-04 (init = 0)
Name                    Value      Min      Max   Stderr     Vary     Expr Brute_Step
Hb_br_1_dwave               0    -0.01     0.01     None     True     None     None
Hb_br_1_scale               0        0    1e+10     None     True     None     None
Hb_br_1_sigma           0.005    0.004     0.05     None     True     None     None
Hb_br_2_dwave               0    -0.01     0.01     None     True     None     None
Hb_br_2_scale               0        0    1e+10     None     True     None     None
Hb_br_2_sigma           0.005    0.004     0.05     None     True     None     None
Hb_na_1_dwave               0    -0.01     0.01     None     True     None     None
Hb_na_1_scale               0        0    1e+10     None     True     None     None
Hb_na_1_sigma           0.001  0.00023  0.00169     None     True     None     None
HeII4687_br_1_dwave         0   -0.005    0.005     None     True     None     None
HeII4687_br_1_scale         0        0    1e+10     None     True     None     None
HeII4687_br_1_sigma     0.005    0.004     0.05     None     True     None     None
HeII4687_na_1_dwave         0   -0.005    0.005     None    False Hb_na_1_dwave     None
HeII4687_na_1_scale         0        0    1e+10     None     True     None     None
HeII4687_na_1_sigma     0.001  0.00023  0.00169     None    False Hb_na_1_sigma     None
OIII4959c_1_dwave           0    -0.01     0.01     None    False Hb_na_1_dwave     None
OIII4959c_1_scale           0        0    1e+10     None     True     None     None
OIII4959c_1_sigma       0.001  0.00023  0.00169     None    False Hb_na_1_sigma     None
OIII4959w_1_dwave           0    -0.01     0.01     None     True     None     None
OIII4959w_1_scale           0        0    1e+10     None     True     None     None
OIII4959w_1_sigma       0.003  0.00023    0.004     None     True     None     None
OIII5007c_1_dwave           0    -0.01     0.01     None    False Hb_na_1_dwave     None
OIII5007c_1_scale           0        0    1e+10     None    False 3.0303030014038086 * OIII4959c_1_scale     None
OIII5007c_1_sigma       0.001  0.00023  0.00169     None    False Hb_na_1_sigma     None
OIII5007w_1_dwave           0    -0.01     0.01     None    False OIII4959w_1_dwave     None
OIII5007w_1_scale           0        0    1e+10     None    False 3.0303030014038086 * OIII4959w_1_scale     None
OIII5007w_1_sigma       0.003  0.00023    0.004     None    False OIII4959w_1_sigma     None
Fitting complex Hb
Fit report
[[Variables]]
    Hb_br_1_scale:        20.4412570 +/- 1.16682478 (5.71%) (init = 0)
    Hb_br_1_dwave:       -3.7304e-04 +/- 9.3721e-05 (25.12%) (init = 0)
    Hb_br_1_sigma:        0.00400000 +/- 0.00474550 (118.64%) (init = 0.005)
    Hb_br_2_scale:        4.86775120 +/- 1.08150701 (22.22%) (init = 0)
    Hb_br_2_dwave:       -0.00375754 +/- 0.00117071 (31.16%) (init = 0)
    Hb_br_2_sigma:        0.00799273 +/- 8.5997e-04 (10.76%) (init = 0.005)
    Hb_na_1_scale:        3.75986131 +/- 0.70710329 (18.81%) (init = 0)
    Hb_na_1_dwave:       -4.0850e-04 +/- 2.3352e-05 (5.72%) (init = 0)
    Hb_na_1_sigma:        5.5444e-04 +/- 3.5362e-05 (6.38%) (init = 0.001)
    OIII4959c_1_scale:    6.44461762 +/- 0.40892840 (6.35%) (init = 0)
    OIII4959c_1_dwave:   -4.0850e-04 +/- 2.3352e-05 (5.72%) == 'Hb_na_1_dwave'
    OIII4959c_1_sigma:    5.5444e-04 +/- 3.5362e-05 (6.38%) == 'Hb_na_1_sigma'
    OIII5007c_1_scale:    19.5291441 +/- 1.23917694 (6.35%) == '3.0303030014038086 * OIII4959c_1_scale'
    OIII5007c_1_dwave:   -4.0850e-04 +/- 2.3352e-05 (5.72%) == 'Hb_na_1_dwave'
    OIII5007c_1_sigma:    5.5444e-04 +/- 3.5362e-05 (6.38%) == 'Hb_na_1_sigma'
    OIII4959w_1_scale:    2.66962341 +/- 0.12685601 (4.75%) (init = 0)
    OIII4959w_1_dwave:   -0.00214439 +/- 2.1595e-04 (10.07%) (init = 0)
    OIII4959w_1_sigma:    0.00131572 +/- 1.4131e-04 (10.74%) (init = 0.003)
    OIII5007w_1_scale:    8.08976784 +/- 0.38441216 (4.75%) == '3.0303030014038086 * OIII4959w_1_scale'
    OIII5007w_1_dwave:   -0.00214439 +/- 2.1595e-04 (10.07%) == 'OIII4959w_1_dwave'
    OIII5007w_1_sigma:    0.00131572 +/- 1.4131e-04 (10.74%) == 'OIII4959w_1_sigma'
    HeII4687_br_1_scale:  1.00284447 +/- 0.08150439 (8.13%) (init = 0)
    HeII4687_br_1_dwave:  0.00500000 +/- 0.00289114 (57.82%) (init = 0)
    HeII4687_br_1_sigma:  0.00938327 +/- 0.00266596 (28.41%) (init = 0.005)
    HeII4687_na_1_scale:  1.04278919 +/- 0.28720487 (27.54%) (init = 0)
    HeII4687_na_1_dwave: -4.0850e-04 +/- 2.3352e-05 (5.72%) == 'Hb_na_1_dwave'
    HeII4687_na_1_sigma:  5.5444e-04 +/- 3.5362e-05 (6.38%) == 'Hb_na_1_sigma'
[[Correlations]] (unreported correlations are < 0.100)
    C(Hb_br_1_scale, Hb_br_2_scale)             = -0.9580
    C(Hb_br_2_scale, Hb_br_2_dwave)             = +0.9186
    C(Hb_br_1_scale, Hb_br_2_dwave)             = -0.9185
    C(Hb_br_1_sigma, Hb_br_2_scale)             = +0.9046
    C(Hb_br_2_scale, Hb_br_2_sigma)             = -0.8936
    C(Hb_br_1_scale, Hb_br_2_sigma)             = +0.8749
    C(OIII4959w_1_dwave, OIII4959w_1_sigma)     = +0.8650
    C(OIII4959c_1_scale, OIII4959w_1_dwave)     = -0.8604
    C(Hb_br_1_sigma, Hb_br_2_dwave)             = +0.8323
    C(OIII4959c_1_scale, OIII4959w_1_sigma)     = -0.8294
    C(Hb_na_1_sigma, OIII4959w_1_dwave)         = -0.8272
    C(Hb_br_2_dwave, Hb_br_2_sigma)             = -0.8247
    C(Hb_br_1_scale, Hb_br_1_sigma)             = -0.7928
    C(Hb_br_2_sigma, HeII4687_br_1_dwave)       = +0.7879
    C(Hb_br_2_sigma, HeII4687_br_1_sigma)       = -0.7543
    C(Hb_br_2_dwave, HeII4687_br_1_dwave)       = -0.7381
    C(Hb_na_1_sigma, OIII4959w_1_sigma)         = -0.7329
    C(Hb_br_2_dwave, HeII4687_br_1_sigma)       = +0.7298
    C(Hb_br_1_sigma, Hb_br_2_sigma)             = -0.7001
    C(Hb_br_1_scale, HeII4687_br_1_dwave)       = +0.6989
    C(Hb_br_2_scale, HeII4687_br_1_dwave)       = -0.6880
    C(Hb_br_1_dwave, Hb_br_2_sigma)             = -0.6737
    C(Hb_br_1_scale, HeII4687_br_1_sigma)       = -0.6429
    C(HeII4687_br_1_dwave, HeII4687_br_1_sigma) = -0.6409
    C(Hb_na_1_sigma, OIII4959w_1_scale)         = -0.6170
    C(Hb_br_2_scale, HeII4687_br_1_sigma)       = +0.6166
    C(OIII4959w_1_scale, OIII4959w_1_dwave)     = +0.5983
    C(Hb_br_1_dwave, Hb_br_2_scale)             = +0.5867
    C(Hb_na_1_sigma, OIII4959c_1_scale)         = +0.5796
    C(Hb_br_1_sigma, HeII4687_br_1_dwave)       = -0.5371
    C(Hb_br_1_scale, Hb_br_1_dwave)             = -0.5326
    C(Hb_na_1_dwave, OIII4959w_1_scale)         = +0.5245
    C(OIII4959c_1_scale, OIII4959w_1_scale)     = -0.4879
    C(Hb_br_1_sigma, HeII4687_br_1_sigma)       = +0.4771
    C(HeII4687_br_1_scale, HeII4687_br_1_sigma) = -0.4755
    C(Hb_br_1_dwave, Hb_br_1_sigma)             = +0.4444
    C(Hb_br_1_dwave, HeII4687_br_1_dwave)       = -0.4099
    C(Hb_na_1_dwave, Hb_na_1_sigma)             = -0.4093
    C(Hb_na_1_dwave, OIII4959w_1_dwave)         = +0.4015
    C(Hb_br_1_sigma, Hb_na_1_scale)             = -0.3564
    C(Hb_br_1_dwave, Hb_br_2_dwave)             = +0.3476
    C(Hb_br_1_dwave, HeII4687_br_1_sigma)       = +0.3430
    C(OIII4959w_1_scale, OIII4959w_1_sigma)     = +0.3232
    C(Hb_na_1_dwave, OIII4959c_1_scale)         = -0.3149
    C(HeII4687_br_1_dwave, HeII4687_na_1_scale) = -0.2964
    C(HeII4687_br_1_scale, HeII4687_na_1_scale) = -0.2755
    C(Hb_na_1_dwave, OIII4959w_1_sigma)         = +0.2203
    C(Hb_br_2_scale, Hb_na_1_scale)             = -0.2134
    C(Hb_br_2_dwave, Hb_na_1_scale)             = -0.1918
    C(HeII4687_br_1_scale, HeII4687_br_1_dwave) = +0.1685
    C(Hb_br_2_sigma, HeII4687_na_1_scale)       = -0.1586
    C(Hb_br_2_dwave, HeII4687_na_1_scale)       = +0.1526
    C(HeII4687_br_1_sigma, HeII4687_na_1_scale) = +0.1501
    C(Hb_br_2_dwave, HeII4687_br_1_scale)       = -0.1352
    C(Hb_br_1_scale, HeII4687_na_1_scale)       = -0.1338
    C(Hb_br_2_scale, HeII4687_na_1_scale)       = +0.1312
    C(Hb_br_2_sigma, Hb_na_1_scale)             = +0.1301
    C(Hb_br_2_sigma, HeII4687_br_1_scale)       = +0.1094
    C(Hb_br_1_sigma, HeII4687_na_1_scale)       = +0.1032
Name                Value      Min      Max   Stderr     Vary     Expr Brute_Step
Ha_br_1_dwave           0   -0.015    0.015     None     True     None     None
Ha_br_1_scale           0        0    1e+10     None     True     None     None
Ha_br_1_sigma       0.005    0.004     0.05     None     True     None     None
Ha_br_2_dwave           0   -0.015    0.015     None     True     None     None
Ha_br_2_scale           0        0    1e+10     None     True     None     None
Ha_br_2_sigma       0.005    0.004     0.05     None     True     None     None
Ha_na_1_dwave           0    -0.01     0.01     None     True     None     None
Ha_na_1_scale           0        0    1e+10     None     True     None     None
Ha_na_1_sigma       0.001   0.0005  0.00169     None     True     None     None
NII6549_1_dwave         0   -0.005    0.005     None    False Ha_na_1_dwave     None
NII6549_1_scale         0        0    1e+10     None     True     None     None
NII6549_1_sigma     0.001  0.00023  0.00169     None    False Ha_na_1_sigma     None
NII6585_1_dwave         0   -0.005    0.005     None    False Ha_na_1_dwave     None
NII6585_1_scale         0        0    1e+10     None    False 3.0 * NII6549_1_scale     None
NII6585_1_sigma     0.001  0.00023  0.00169     None    False Ha_na_1_sigma     None
SII6718_1_dwave         0   -0.005    0.005     None    False Ha_na_1_dwave     None
SII6718_1_scale         0        0    1e+10     None     True     None     None
SII6718_1_sigma     0.001  0.00023  0.00169     None    False Ha_na_1_sigma     None
SII6732_1_dwave         0   -0.005    0.005     None    False Ha_na_1_dwave     None
SII6732_1_scale         0        0    1e+10     None     True     None     None
SII6732_1_sigma     0.001  0.00023  0.00169     None    False Ha_na_1_sigma     None
Fitting complex Ha
Fit report
[[Variables]]
    Ha_br_1_scale:    42.2110308 +/- 3.50354989 (8.30%) (init = 0)
    Ha_br_1_dwave:   -4.8494e-04 +/- 7.1285e-05 (14.70%) (init = 0)
    Ha_br_1_sigma:    0.00429503 +/- 1.7962e-04 (4.18%) (init = 0.005)
    Ha_br_2_scale:    8.21455293 +/- 0.64645654 (7.87%) (init = 0)
    Ha_br_2_dwave:   -0.00268526 +/- 3.1919e-04 (11.89%) (init = 0)
    Ha_br_2_sigma:    0.01243484 +/- 5.5283e-04 (4.45%) (init = 0.005)
    Ha_na_1_scale:    36.8843878 +/- 2.82372393 (7.66%) (init = 0)
    Ha_na_1_dwave:   -0.00111145 +/- 8.0983e-05 (7.29%) (init = 0)
    Ha_na_1_sigma:    0.00141583 +/- 1.0119e-04 (7.15%) (init = 0.001)
    NII6549_1_scale:  7.18076765 +/- 0.82660275 (11.51%) (init = 0)
    NII6549_1_dwave: -0.00111145 +/- 8.0983e-05 (7.29%) == 'Ha_na_1_dwave'
    NII6549_1_sigma:  0.00141583 +/- 1.0119e-04 (7.15%) == 'Ha_na_1_sigma'
    NII6585_1_scale:  21.5423029 +/- 2.47980827 (11.51%) == '3.0 * NII6549_1_scale'
    NII6585_1_dwave: -0.00111145 +/- 8.0983e-05 (7.29%) == 'Ha_na_1_dwave'
    NII6585_1_sigma:  0.00141583 +/- 1.0119e-04 (7.15%) == 'Ha_na_1_sigma'
    SII6718_1_scale:  1.24158850 +/- 0.25107132 (20.22%) (init = 0)
    SII6718_1_dwave: -0.00111145 +/- 8.0983e-05 (7.29%) == 'Ha_na_1_dwave'
    SII6718_1_sigma:  0.00141583 +/- 1.0119e-04 (7.15%) == 'Ha_na_1_sigma'
    SII6732_1_scale:  2.04985084 +/- 0.25902048 (12.64%) (init = 0)
    SII6732_1_dwave: -0.00111145 +/- 8.0983e-05 (7.29%) == 'Ha_na_1_dwave'
    SII6732_1_sigma:  0.00141583 +/- 1.0119e-04 (7.15%) == 'Ha_na_1_sigma'
[[Correlations]] (unreported correlations are < 0.100)
    C(Ha_br_2_scale, Ha_br_2_sigma)     = -0.9275
    C(Ha_br_1_scale, Ha_br_1_sigma)     = -0.8668
    C(Ha_br_1_sigma, Ha_na_1_scale)     = +0.8113
    C(Ha_br_1_sigma, Ha_br_2_scale)     = -0.7859
    C(Ha_br_1_scale, Ha_na_1_scale)     = -0.7738
    C(Ha_br_1_scale, NII6549_1_scale)   = -0.7490
    C(Ha_br_1_sigma, NII6549_1_scale)   = +0.7455
    C(Ha_br_1_scale, Ha_na_1_sigma)     = -0.7159
    C(Ha_na_1_scale, NII6549_1_scale)   = +0.6861
    C(Ha_br_1_sigma, Ha_br_2_sigma)     = +0.6328
    C(Ha_br_2_scale, Ha_br_2_dwave)     = +0.5855
    C(Ha_br_2_scale, Ha_na_1_scale)     = -0.5554
    C(Ha_br_1_sigma, Ha_na_1_sigma)     = +0.5370
    C(Ha_br_2_dwave, Ha_br_2_sigma)     = -0.5139
    C(Ha_br_1_sigma, Ha_br_2_dwave)     = -0.4953
    C(Ha_br_2_scale, NII6549_1_scale)   = -0.4936
    C(Ha_br_1_dwave, Ha_na_1_dwave)     = -0.4778
    C(Ha_br_2_sigma, Ha_na_1_scale)     = +0.4357
    C(Ha_br_1_scale, Ha_br_2_scale)     = +0.4334
    C(Ha_br_2_sigma, NII6549_1_scale)   = +0.3931
    C(SII6718_1_scale, SII6732_1_scale) = -0.3828
    C(Ha_na_1_dwave, NII6549_1_scale)   = -0.3552
    C(Ha_br_2_dwave, Ha_na_1_scale)     = -0.3366
    C(Ha_na_1_scale, Ha_na_1_sigma)     = +0.3077
    C(Ha_br_1_dwave, Ha_br_2_sigma)     = -0.3067
    C(Ha_br_1_dwave, Ha_br_2_scale)     = +0.2986
    C(Ha_br_1_scale, Ha_br_2_sigma)     = -0.2886
    C(Ha_br_1_dwave, Ha_br_1_sigma)     = -0.2854
    C(Ha_br_2_dwave, NII6549_1_scale)   = -0.2842
    C(Ha_br_1_scale, Ha_br_2_dwave)     = +0.2817
    C(Ha_na_1_dwave, SII6732_1_scale)   = -0.2641
    C(Ha_na_1_dwave, SII6718_1_scale)   = +0.2575
    C(Ha_br_1_dwave, SII6732_1_scale)   = +0.2514
    C(Ha_br_1_dwave, Ha_na_1_scale)     = -0.2469
    C(Ha_na_1_sigma, SII6732_1_scale)   = -0.2419
    C(Ha_br_2_sigma, SII6732_1_scale)   = -0.2401
    C(Ha_br_2_sigma, SII6718_1_scale)   = -0.2383
    C(Ha_br_2_scale, Ha_na_1_sigma)     = -0.2361
    C(Ha_br_1_scale, Ha_br_1_dwave)     = +0.2347
    C(Ha_na_1_sigma, SII6718_1_scale)   = -0.2322
    C(Ha_br_1_dwave, NII6549_1_scale)   = -0.2262
    C(Ha_br_2_scale, SII6732_1_scale)   = +0.2175
    C(Ha_br_1_scale, SII6718_1_scale)   = +0.2101
    C(Ha_br_1_sigma, SII6718_1_scale)   = -0.2008
    C(Ha_br_1_scale, Ha_na_1_dwave)     = +0.1986
    C(Ha_br_1_sigma, SII6732_1_scale)   = -0.1900
    C(Ha_br_2_dwave, Ha_na_1_sigma)     = -0.1897
    C(Ha_br_2_dwave, Ha_na_1_dwave)     = +0.1867
    C(Ha_br_2_scale, SII6718_1_scale)   = +0.1848
    C(Ha_na_1_sigma, NII6549_1_scale)   = +0.1819
    C(Ha_br_1_sigma, Ha_na_1_dwave)     = -0.1745
    C(Ha_br_1_dwave, Ha_br_2_dwave)     = -0.1650
    C(NII6549_1_scale, SII6718_1_scale) = -0.1595
    C(Ha_br_1_scale, SII6732_1_scale)   = +0.1578
    C(Ha_br_1_dwave, Ha_na_1_sigma)     = -0.1462
    C(Ha_br_2_sigma, Ha_na_1_sigma)     = +0.1342
    C(Ha_na_1_scale, SII6732_1_scale)   = -0.1342
Saving figure as ./result.pdf
Fitting finished in 45.6s
wrote pyqsofit_model.csv
['ra' 'dec' 'plateid' 'MJD' 'fiberid' 'redshift' 'SN_ratio_conti'
 'Fe_uv_norm' 'Fe_uv_FWHM' 'Fe_uv_shift' 'Fe_op_norm' 'Fe_op_FWHM'
 'Fe_op_shift' 'PL_norm' 'PL_slope' 'Blamer_norm' 'Balmer_Te' 'Balmer_Tau'
 'conti_a_0' 'conti_a_1' 'conti_a_2' 'L1350' 'L1450' 'L3000' 'L4200'
 'L5100' 'Fe_flux_4435_4685']

['-999' '-999' '0' '0' '0' '0.31352314352989197' '30.709148679597067'
 '2.9899616116324523' '13249.06167932458' '0.009999999776174204'
 '4.5982989638204685' '2647.201486547134' '0.00031977316865624064'
 '49.91029811662884' '-3.2236048332276117' '0.0' '15000.0' '0.5'
 '11158.562164055904' '-2.8665599538490922' '0.00023750720218235923'
 '-1.0' '-1.0' '44.67966052338383' '44.55155602734346' '44.55460322268206'
 '1986.9344951582334']
['Hb_br_1_scale' 'Hb_br_1_centerwave' 'Hb_br_1_sigma' 'Hb_br_2_scale'
 'Hb_br_2_centerwave' 'Hb_br_2_sigma' 'Hb_na_1_scale' 'Hb_na_1_centerwave'
 'Hb_na_1_sigma' 'OIII4959c_1_scale' 'OIII4959c_1_centerwave'
 'OIII4959c_1_sigma' 'OIII5007c_1_scale' 'OIII5007c_1_centerwave'
 'OIII5007c_1_sigma' 'OIII4959w_1_scale' 'OIII4959w_1_centerwave'
 'OIII4959w_1_sigma' 'OIII5007w_1_scale' 'OIII5007w_1_centerwave'
 'OIII5007w_1_sigma' 'HeII4687_br_1_scale' 'HeII4687_br_1_centerwave'
 'HeII4687_br_1_sigma' 'HeII4687_na_1_scale' 'HeII4687_na_1_centerwave'
 'HeII4687_na_1_sigma' 'Ha_br_1_scale' 'Ha_br_1_centerwave'
 'Ha_br_1_sigma' 'Ha_br_2_scale' 'Ha_br_2_centerwave' 'Ha_br_2_sigma'
 'Ha_na_1_scale' 'Ha_na_1_centerwave' 'Ha_na_1_sigma' 'NII6549_1_scale'
 'NII6549_1_centerwave' 'NII6549_1_sigma' 'NII6585_1_scale'
 'NII6585_1_centerwave' 'NII6585_1_sigma' 'SII6718_1_scale'
 'SII6718_1_centerwave' 'SII6718_1_sigma' 'SII6732_1_scale'
 'SII6732_1_centerwave' 'SII6732_1_sigma']

[2.04412570e+01 8.48897251e+00 4.00000019e-03 4.86775120e+00
 8.48558802e+00 7.99272820e-03 3.75986131e+00 8.48893705e+00
 5.54436491e-04 6.44461762e+00 8.50881257e+00 5.54436491e-04
 1.95291441e+01 8.51843133e+00 5.54436491e-04 2.66962341e+00
 8.50707668e+00 1.31572456e-03 8.08976784e+00 8.51669544e+00
 1.31572456e-03 1.00284447e+00 8.45755184e+00 9.38327013e-03
 1.04278919e+00 8.45214334e+00 5.54436491e-04 4.22110308e+01
 8.78896379e+00 4.29502879e-03 8.21455293e+00 8.78676348e+00
 1.24348398e-02 3.68843878e+01 8.78833729e+00 1.41582946e-03
 7.18076765e+00 8.78608566e+00 1.41582946e-03 2.15423029e+01
 8.79148060e+00 1.41582946e-03 1.24158850e+00 8.81147724e+00
 1.41582946e-03 2.04985084e+00 8.81361538e+00 1.41582946e-03]
['Hb_br_1_scale' 'Hb_br_1_sigma' 'Hb_br_2_centerwave' 'Hb_na_1_scale'
 'Hb_na_1_sigma' 'OIII4959c_1_centerwave' 'OIII5007c_1_scale'
 'OIII5007c_1_sigma' 'OIII4959w_1_centerwave' 'OIII5007w_1_scale'
 'OIII5007w_1_sigma' 'HeII4687_br_1_centerwave' 'HeII4687_na_1_scale'
 'HeII4687_na_1_sigma' 'Ha_br_1_centerwave' 'Ha_br_2_scale'
 'Ha_br_2_sigma' 'Ha_na_1_centerwave' 'NII6549_1_scale' 'NII6549_1_sigma'
 'NII6585_1_centerwave' 'SII6718_1_scale' 'SII6718_1_sigma'
 'SII6732_1_centerwave']

[]
(0,)
['1_complex_name' '1_line_status' '1_line_min_chi2' '1_line_bic'
 '1_line_red_chi2' '1_niter' '1_ndof' '2_complex_name' '2_line_status'
 '2_line_min_chi2' '2_line_bic' '2_line_red_chi2' '2_niter' '2_ndof'
 'Hb_br_1_scale' 'Hb_br_1_centerwave' 'Hb_br_1_sigma' 'Hb_br_2_scale'
 'Hb_br_2_centerwave' 'Hb_br_2_sigma' 'Hb_na_1_scale' 'Hb_na_1_centerwave'
 'Hb_na_1_sigma' 'OIII4959c_1_scale' 'OIII4959c_1_centerwave'
 'OIII4959c_1_sigma' 'OIII5007c_1_scale' 'OIII5007c_1_centerwave'
 'OIII5007c_1_sigma' 'OIII4959w_1_scale' 'OIII4959w_1_centerwave'
 'OIII4959w_1_sigma' 'OIII5007w_1_scale' 'OIII5007w_1_centerwave'
 'OIII5007w_1_sigma' 'HeII4687_br_1_scale' 'HeII4687_br_1_centerwave'
 'HeII4687_br_1_sigma' 'HeII4687_na_1_scale' 'HeII4687_na_1_centerwave'
 'HeII4687_na_1_sigma' 'Ha_br_1_scale' 'Ha_br_1_centerwave'
 'Ha_br_1_sigma' 'Ha_br_2_scale' 'Ha_br_2_centerwave' 'Ha_br_2_sigma'
 'Ha_na_1_scale' 'Ha_na_1_centerwave' 'Ha_na_1_sigma' 'NII6549_1_scale'
 'NII6549_1_centerwave' 'NII6549_1_sigma' 'NII6585_1_scale'
 'NII6585_1_centerwave' 'NII6585_1_sigma' 'SII6718_1_scale'
 'SII6718_1_centerwave' 'SII6718_1_sigma' 'SII6732_1_scale'
 'SII6732_1_centerwave' 'SII6732_1_sigma' 'Hb_whole_br_fwhm'
 'Hb_whole_br_sigma' 'Hb_whole_br_ew' 'Hb_whole_br_peak'
 'Hb_whole_br_area' 'Hb_whole_br_snr' 'Ha_whole_br_fwhm'
 'Ha_whole_br_sigma' 'Ha_whole_br_ew' 'Ha_whole_br_peak'
 'Ha_whole_br_area' 'Ha_whole_br_snr']

['Hb' '1' '665.2554832046956' '300.2446170204108' '1.688465693412933'
 '16479' '394' 'Ha' '1' '991.0375960634469' '415.76123782566214'
 '3.9483569564280754' '635' '251' '20.441257020387127' '8.488972512636158'
 '0.004000000190655253' '4.867751202120019' '8.48558801541093'
 '0.007992728201762904' '3.759861311181112' '8.488937047234653'
 '0.0005544364905419612' '6.444617617340498' '8.508812573662876'
 '0.0005544364905419612' '19.529144108726772' '8.51843133281815'
 '0.0005544364905419612' '2.669623411222233' '8.507076684009922'
 '0.0013157245557486646' '8.089767835644606' '8.516695443165196'
 '0.0013157245557486646' '1.0028444741294607' '8.457551840945033'
 '0.009383270125684968' '1.0427891883324492' '8.452143338433384'
 '0.0005544364905419612' '42.211030781835746' '8.788963794588382'
 '0.004295028785168661' '8.214552926766316' '8.786763479573189'
 '0.01243483978269715' '36.88438776627834' '8.788337289781161'
 '0.0014158294551149724' '7.180767647163577' '8.786085664720126'
 '0.0014158294551149724' '21.542302941490732' '8.791480600328036'
 '0.0014158294551149724' '1.2415884986793913' '8.811477243394442'
 '0.0014158294551149724' '2.0498508446209485' '8.813615381211825'
 '0.0014158294551149724' '3140.8979952676036' '2913.0801550162946'
 '68.75799566630042' '4859.905831659877' '1579.044146953042'
 '32.47564406044682' '3380.3169524814534' '2445.3724664833944'
 '256.75866818633745' '6561.390743587823' '4653.75975626274'
 '81.38056580517694']
Broad Hb:
FWHM (km/s) 3139.3
Sigma (km/s) 1723.8
EW (A) 64.0
Peak (A) 4859.6
Area (10^(-17) erg/s/cm^2) 1467.5
SNR 27.2

Narrow Hb:
FWHM (km/s) 398.7
Sigma (km/s) 163.7
EW (A) 1.1
Peak (A) 4860.1
Area (10^(-17) erg/s/cm^2) 25.3
SNR 3.0

Broad [OIII]5007:
FWHM (km/s) 0
Sigma (km/s) 0
EW (A) 0
Peak (A) 0
Area (10^(-17) erg/s/cm^2) 0
SNR 0

Narrow [OIII]5007:
FWHM (km/s) 398.7
Sigma (km/s) 163.7
EW (A) 6.1
Peak (A) 5005.6
Area (10^(-17) erg/s/cm^2) 135.4
SNR 16.0
