my_sdss.fits
[0.7885094 0.7885094 0.7885094 ... 0.7885094 0.7885094 0.7885094]
Directory  my_sdss  Created 
global my_sdss/
Directory  output/  already exists
stati 342422.6082488433
1 iter stat:  474.0683851012327
2 iter stat:  70.5037526602755
3 iter stat:  41.41108854855702
4 iter stat:  30.137232653578394
5 iter stat:  21.268485697117285
6 iter stat:  16.400196961789334
7 iter stat:  13.357289742802095
8 iter stat:  11.432636700748844
9 iter stat:  10.008413998169999
10 iter stat:  8.966319895629567
fit ok
./output/my_sdss_model.csv
brokenpowerlaw + OIIIb5007_br + OIIIa4959_br + OIIIb5007_na + OIIIa4959_na + NII6583_na + NII6548_na + HBeta4863_br + HAlpha6565_br + HBeta4863_na + HAlpha6565_na + feii
   Param        Type          Value          Min          Max      Units
   -----        ----          -----          ---          ---      -----
   brokenpowerlaw.refer thawed         5400         5400         7000  angstroms
   brokenpowerlaw.ampl thawed      22.5514      20.4199      22.5693  angstroms
   brokenpowerlaw.index1 thawed     -1.71342           -3            0           
   brokenpowerlaw.index2 thawed     0.915802           -1            1           
   OIIIb5007_br.ampl thawed      1.03262            0           50           
   OIIIb5007_br.pos frozen       5006.8            0  3.40282e+38  angstroms
   OIIIb5007_br.offs_kms thawed        -1500        -1500          500       km/s
   OIIIb5007_br.fwhm thawed      4309.44          700         6000       km/s
   OIIIa4959_br.ampl linked     0.344207 expr: OIIIb5007_br.ampl / 3.0           
   OIIIa4959_br.pos frozen       4958.9            0  3.40282e+38  angstroms
   OIIIa4959_br.offs_kms linked        -1500 expr: OIIIb5007_br.offs_kms       km/s
   OIIIa4959_br.fwhm linked      4309.44  expr: OIIIb5007_br.fwhm       km/s
   OIIIb5007_na.ampl thawed      24.0128            0           50           
   OIIIb5007_na.pos frozen       5006.8            0  3.40282e+38  angstroms
   OIIIb5007_na.offs_kms thawed      -93.761        -1500          500       km/s
   OIIIb5007_na.fwhm thawed      672.055          100         1500       km/s
   OIIIa4959_na.ampl linked      8.00426 expr: OIIIb5007_na.ampl / 3.0           
   OIIIa4959_na.pos frozen       4958.9            0  3.40282e+38  angstroms
   OIIIa4959_na.offs_kms linked      -93.761 expr: OIIIb5007_na.offs_kms       km/s
   OIIIa4959_na.fwhm linked      672.055  expr: OIIIb5007_na.fwhm       km/s
   NII6583_na.ampl thawed      8.79451            0           50           
   NII6583_na.pos frozen      6583.46            0  3.40282e+38  angstroms
   NII6583_na.offs_kms linked      -93.761 expr: OIIIb5007_na.offs_kms       km/s
   NII6583_na.fwhm linked      672.055  expr: OIIIb5007_na.fwhm       km/s
   NII6548_na.ampl linked       2.9315 expr: NII6583_na.ampl / 3.0           
   NII6548_na.pos frozen      6548.05            0  3.40282e+38  angstroms
   NII6548_na.offs_kms linked      -93.761 expr: OIIIb5007_na.offs_kms       km/s
   NII6548_na.fwhm linked      672.055  expr: OIIIb5007_na.fwhm       km/s
   HBeta4863_br.ampl thawed      15.9154            0           50           
   HBeta4863_br.pos frozen      4862.68            0  3.40282e+38  angstroms
   HBeta4863_br.offs_kms thawed     -81.2205        -1500          500       km/s
   HBeta4863_br.fwhm thawed      4765.62          700         6000       km/s
   HAlpha6565_br.ampl thawed      36.0539            0           50           
   HAlpha6565_br.pos frozen       6564.6            0  3.40282e+38  angstroms
   HAlpha6565_br.offs_kms thawed     -227.399        -1500          500       km/s
   HAlpha6565_br.fwhm thawed      5077.54          700         6000       km/s
   HBeta4863_na.ampl thawed      13.7675            0           50           
   HBeta4863_na.pos frozen      4862.68            0  3.40282e+38  angstroms
   HBeta4863_na.offs_kms thawed     -451.496        -1500          500       km/s
   HBeta4863_na.fwhm thawed         1500          100         1500       km/s
   HAlpha6565_na.ampl thawed           50            0           50           
   HAlpha6565_na.pos frozen       6564.6            0  3.40282e+38  angstroms
   HAlpha6565_na.offs_kms thawed     -281.503        -1500          500       km/s
   HAlpha6565_na.fwhm thawed         1500          100         1500       km/s
   feii.amp_a2D2 thawed            0            0         1000           
   feii.amp_a4G thawed      1.61873            0         1000           
   feii.amp_a4H thawed      2.75573            0         1000           
   feii.amp_a6S thawed      2.44115            0         1000           
   feii.amp_b2H thawed            0            0         1000           
   feii.amp_b4D thawed            0            0         1000           
   feii.amp_b4F thawed      1.30184            0         1000           
   feii.amp_b4P thawed            0            0         1000           
   feii.amp_e4D thawed            0            0         1000           
   feii.amp_z4D thawed      1.41903            0         1000           
   feii.amp_z4F thawed      0.56734            0         1000           
   feii.amp_z4P thawed            0            0         1000           
   feii.amp_y4G thawed            0            0         1000           
   feii.amp_b4G thawed            0            0         1000           
   feii.amp_x4D thawed     0.683227            0         1000           
   feii.amp_y4P thawed            0            0         1000           
   feii.offs_kms thawed      80.9433         -800          800           
   feii.fwhm    thawed      4029.65          300         6000           
mcmc ok
