7.0.1
1.3.2
2.1.6
3.1.6
['/home/onur/Documents/AGNEmissionLines_ThirdPartyLibraries/pyqsofit/PyQSOFit/src/pyqsofit']
FWHM Resolution: 2.5 Å
[ 3566.97426784  3567.79484559  3568.6175712  ... 10394.41199851
 10396.80892696 10399.20640813] Angstrom [23.38215828 15.90559006 12.79592037 ... 18.21431732 18.21451569
 18.21471405] erg / (Angstrom s cm2) [0.46764317 0.3181118  0.25591841 ... 0.36428635 0.36429031 0.36429428] erg / (Angstrom s cm2) 0.08313549309968948
Name            Value      Min      Max   Stderr     Vary     Expr Brute_Step
Balmer_Tau        0.5      0.1        2     None    False     None     None
Balmer_Te     1.5e+04    1e+04    5e+04     None    False     None     None
Blamer_norm         0        0    1e+10     None    False     None     None
Fe_op_FWHM       3000     1200  1.8e+04     None     True     None     None
Fe_op_norm          0        0    1e+10     None     True     None     None
Fe_op_shift         0    -0.01     0.01     None     True     None     None
Fe_uv_FWHM       3000     1200  1.8e+04     None     True     None     None
Fe_uv_norm          0        0    1e+10     None     True     None     None
Fe_uv_shift         0    -0.01     0.01     None     True     None     None
PL_norm             1        0    1e+10     None     True     None     None
PL_slope         -1.5       -5        3     None     True     None     None
conti_a_0           0     -inf      inf     None     True     None     None
conti_a_1           0     -inf      inf     None     True     None     None
conti_a_2           0     -inf      inf     None     True     None     None
Fitting continuum
Fit report
[[Variables]]
    Fe_uv_norm:   1.19731614 (init = 0)
    Fe_uv_FWHM:   16733.4716 (init = 3000)
    Fe_uv_shift:  0.01000000 (init = 0)
    Fe_op_norm:   1.06350706 (init = 0)
    Fe_op_FWHM:   17999.9993 (init = 3000)
    Fe_op_shift: -0.00999982 (init = 0)
    PL_norm:      4.26515434 (init = 1)
    PL_slope:     0.72779960 (init = -1.5)
    Blamer_norm:  0 (fixed)
    Balmer_Te:    15000 (fixed)
    Balmer_Tau:   0.5 (fixed)
    conti_a_0:    6971.10432 (init = 0)
    conti_a_1:   -1.76844386 (init = 0)
    conti_a_2:    1.3246e-04 (init = 0)
Name                    Value      Min      Max   Stderr     Vary     Expr Brute_Step
Hb_br_1_dwave               0    -0.01     0.01     None     True     None     None
Hb_br_1_scale               0        0    1e+10     None     True     None     None
Hb_br_1_sigma           0.005    0.004     0.05     None     True     None     None
Hb_br_2_dwave               0    -0.01     0.01     None     True     None     None
Hb_br_2_scale               0        0    1e+10     None     True     None     None
Hb_br_2_sigma           0.005    0.004     0.05     None     True     None     None
Hb_na_1_dwave               0    -0.01     0.01     None     True     None     None
Hb_na_1_scale               0        0    1e+10     None     True     None     None
Hb_na_1_sigma           0.001  0.00023  0.00169     None     True     None     None
HeII4687_br_1_dwave         0   -0.005    0.005     None     True     None     None
HeII4687_br_1_scale         0        0    1e+10     None     True     None     None
HeII4687_br_1_sigma     0.005    0.004     0.05     None     True     None     None
HeII4687_na_1_dwave         0   -0.005    0.005     None    False Hb_na_1_dwave     None
HeII4687_na_1_scale         0        0    1e+10     None     True     None     None
HeII4687_na_1_sigma     0.001  0.00023  0.00169     None    False Hb_na_1_sigma     None
OIII4959c_1_dwave           0    -0.01     0.01     None    False Hb_na_1_dwave     None
OIII4959c_1_scale           0        0    1e+10     None     True     None     None
OIII4959c_1_sigma       0.001  0.00023  0.00169     None    False Hb_na_1_sigma     None
OIII4959w_1_dwave           0    -0.01     0.01     None     True     None     None
OIII4959w_1_scale           0        0    1e+10     None     True     None     None
OIII4959w_1_sigma       0.003  0.00023    0.004     None     True     None     None
OIII5007c_1_dwave           0    -0.01     0.01     None    False Hb_na_1_dwave     None
OIII5007c_1_scale           0        0    1e+10     None    False 3.0303030014038086 * OIII4959c_1_scale     None
OIII5007c_1_sigma       0.001  0.00023  0.00169     None    False Hb_na_1_sigma     None
OIII5007w_1_dwave           0    -0.01     0.01     None    False OIII4959w_1_dwave     None
OIII5007w_1_scale           0        0    1e+10     None    False 3.0303030014038086 * OIII4959w_1_scale     None
OIII5007w_1_sigma       0.003  0.00023    0.004     None    False OIII4959w_1_sigma     None
Fitting complex Hb
Fit report
[[Variables]]
    Hb_br_1_scale:        1.63342118 +/- 63218.2283 (3870295.63%) (init = 0)
    Hb_br_1_dwave:        0.00308473 +/- 2.76837676 (89744.65%) (init = 0)
    Hb_br_1_sigma:        0.00465001 +/- 2.00541799 (43127.20%) (init = 0.005)
    Hb_br_2_scale:        1.63341618 +/- 63218.2950 (3870311.55%) (init = 0)
    Hb_br_2_dwave:        0.00319208 +/- 2.66697300 (83549.75%) (init = 0)
    Hb_br_2_sigma:        0.00456982 +/- 2.05291916 (44923.38%) (init = 0.005)
    Hb_na_1_scale:        0.01789457 +/- 0.54483330 (3044.68%) (init = 0)
    Hb_na_1_dwave:        1.2037e-04 +/- 6.6278e-05 (55.06%) (init = 0)
    Hb_na_1_sigma:        9.5738e-04 +/- 5.5206e-05 (5.77%) (init = 0.001)
    OIII4959c_1_scale:    5.79679749 +/- 0.38606615 (6.66%) (init = 0)
    OIII4959c_1_dwave:    1.2037e-04 +/- 6.6278e-05 (55.06%) == 'Hb_na_1_dwave'
    OIII4959c_1_sigma:    9.5738e-04 +/- 5.5206e-05 (5.77%) == 'Hb_na_1_sigma'
    OIII5007c_1_scale:    17.5660528 +/- 1.16989741 (6.66%) == '3.0303030014038086 * OIII4959c_1_scale'
    OIII5007c_1_dwave:    1.2037e-04 +/- 6.6278e-05 (55.06%) == 'Hb_na_1_dwave'
    OIII5007c_1_sigma:    9.5738e-04 +/- 5.5206e-05 (5.77%) == 'Hb_na_1_sigma'
    OIII4959w_1_scale:    3.95998234 +/- 0.27859431 (7.04%) (init = 0)
    OIII4959w_1_dwave:   -0.00928253 +/- 7.2006e-05 (0.78%) (init = 0)
    OIII4959w_1_sigma:    9.1987e-04 +/- 6.9931e-05 (7.60%) (init = 0.003)
    OIII5007w_1_scale:    11.9999464 +/- 0.84422517 (7.04%) == '3.0303030014038086 * OIII4959w_1_scale'
    OIII5007w_1_dwave:   -0.00928253 +/- 7.2006e-05 (0.78%) == 'OIII4959w_1_dwave'
    OIII5007w_1_sigma:    9.1987e-04 +/- 6.9931e-05 (7.60%) == 'OIII4959w_1_sigma'
    HeII4687_br_1_scale:  0.97709729 +/- 0.11830782 (12.11%) (init = 0)
    HeII4687_br_1_dwave:  0.00499046 +/- 0.00852794 (170.88%) (init = 0)
    HeII4687_br_1_sigma:  0.02177033 +/- 0.01274771 (58.56%) (init = 0.005)
    HeII4687_na_1_scale:  1.25703725 +/- 0.43646373 (34.72%) (init = 0)
    HeII4687_na_1_dwave:  1.2037e-04 +/- 6.6278e-05 (55.06%) == 'Hb_na_1_dwave'
    HeII4687_na_1_sigma:  9.5738e-04 +/- 5.5206e-05 (5.77%) == 'Hb_na_1_sigma'
[[Correlations]] (unreported correlations are < 0.100)
    C(Hb_br_1_scale, Hb_br_2_scale)             = -1.0000
    C(Hb_br_1_dwave, Hb_br_2_sigma)             = -0.9998
    C(Hb_br_1_sigma, Hb_br_2_dwave)             = -0.9998
    C(Hb_br_2_scale, Hb_br_2_sigma)             = +0.9998
    C(Hb_br_1_scale, Hb_br_2_sigma)             = -0.9998
    C(Hb_br_1_scale, Hb_br_1_sigma)             = -0.9997
    C(Hb_br_1_sigma, Hb_br_2_scale)             = +0.9997
    C(Hb_br_1_dwave, Hb_br_2_scale)             = -0.9996
    C(Hb_br_1_scale, Hb_br_1_dwave)             = +0.9996
    C(Hb_br_1_scale, Hb_br_2_dwave)             = +0.9995
    C(Hb_br_2_scale, Hb_br_2_dwave)             = -0.9995
    C(Hb_br_1_sigma, Hb_br_2_sigma)             = +0.9990
    C(Hb_br_2_dwave, Hb_br_2_sigma)             = -0.9988
    C(Hb_br_1_dwave, Hb_br_1_sigma)             = -0.9988
    C(Hb_br_1_dwave, Hb_br_2_dwave)             = +0.9981
    C(OIII4959w_1_scale, OIII4959w_1_sigma)     = -0.5267
    C(Hb_br_2_dwave, Hb_na_1_scale)             = -0.5120
    C(Hb_br_2_sigma, Hb_na_1_scale)             = +0.5096
    C(Hb_br_2_scale, Hb_na_1_scale)             = +0.5063
    C(Hb_br_1_scale, Hb_na_1_scale)             = -0.5063
    C(Hb_br_1_sigma, Hb_na_1_scale)             = +0.5027
    C(Hb_br_1_dwave, Hb_na_1_scale)             = -0.5005
    C(HeII4687_br_1_scale, HeII4687_br_1_sigma) = -0.4975
    C(Hb_na_1_sigma, OIII4959c_1_scale)         = -0.4682
    C(HeII4687_br_1_scale, HeII4687_na_1_scale) = -0.3477
    C(Hb_br_1_sigma, HeII4687_br_1_dwave)       = -0.3372
    C(Hb_br_2_dwave, HeII4687_br_1_dwave)       = +0.3326
    C(Hb_br_2_scale, HeII4687_br_1_dwave)       = -0.3294
    C(Hb_br_1_scale, HeII4687_br_1_dwave)       = +0.3294
    C(Hb_br_1_dwave, HeII4687_br_1_dwave)       = +0.3261
    C(Hb_br_2_sigma, HeII4687_br_1_dwave)       = -0.3220
    C(OIII4959w_1_sigma, HeII4687_br_1_sigma)   = -0.3063
    C(OIII4959c_1_scale, HeII4687_br_1_sigma)   = -0.2740
    C(Hb_br_1_dwave, HeII4687_br_1_scale)       = +0.2557
    C(Hb_br_2_sigma, HeII4687_br_1_scale)       = -0.2512
    C(Hb_br_2_scale, HeII4687_br_1_scale)       = -0.2484
    C(Hb_br_1_scale, HeII4687_br_1_scale)       = +0.2484
    C(Hb_br_1_sigma, HeII4687_br_1_scale)       = -0.2450
    C(Hb_br_2_dwave, HeII4687_br_1_scale)       = +0.2407
    C(Hb_na_1_sigma, HeII4687_br_1_sigma)       = -0.2091
    C(Hb_na_1_dwave, OIII4959c_1_scale)         = +0.2060
    C(HeII4687_br_1_dwave, HeII4687_na_1_scale) = +0.1822
    C(OIII4959w_1_sigma, HeII4687_br_1_scale)   = +0.1368
    C(OIII4959c_1_scale, HeII4687_br_1_scale)   = +0.1310
    C(HeII4687_br_1_sigma, HeII4687_na_1_scale) = +0.1204
Name                Value      Min      Max   Stderr     Vary     Expr Brute_Step
Ha_br_1_dwave           0   -0.015    0.015     None     True     None     None
Ha_br_1_scale           0        0    1e+10     None     True     None     None
Ha_br_1_sigma       0.005    0.004     0.05     None     True     None     None
Ha_br_2_dwave           0   -0.015    0.015     None     True     None     None
Ha_br_2_scale           0        0    1e+10     None     True     None     None
Ha_br_2_sigma       0.005    0.004     0.05     None     True     None     None
Ha_na_1_dwave           0    -0.01     0.01     None     True     None     None
Ha_na_1_scale           0        0    1e+10     None     True     None     None
Ha_na_1_sigma       0.001   0.0005  0.00169     None     True     None     None
NII6549_1_dwave         0   -0.005    0.005     None    False Ha_na_1_dwave     None
NII6549_1_scale         0        0    1e+10     None     True     None     None
NII6549_1_sigma     0.001  0.00023  0.00169     None    False Ha_na_1_sigma     None
NII6585_1_dwave         0   -0.005    0.005     None    False Ha_na_1_dwave     None
NII6585_1_scale         0        0    1e+10     None    False 3.0 * NII6549_1_scale     None
NII6585_1_sigma     0.001  0.00023  0.00169     None    False Ha_na_1_sigma     None
SII6718_1_dwave         0   -0.005    0.005     None    False Ha_na_1_dwave     None
SII6718_1_scale         0        0    1e+10     None     True     None     None
SII6718_1_sigma     0.001  0.00023  0.00169     None    False Ha_na_1_sigma     None
SII6732_1_dwave         0   -0.005    0.005     None    False Ha_na_1_dwave     None
SII6732_1_scale         0        0    1e+10     None    False 1.0 * SII6718_1_scale     None
SII6732_1_sigma     0.001  0.00023  0.00169     None    False Ha_na_1_sigma     None
Fitting complex Ha
Fit report
[[Variables]]
    Ha_br_1_scale:    15.9745306 +/- 0.62157438 (3.89%) (init = 0)
    Ha_br_1_dwave:    0.00226712 +/- 1.1972e-04 (5.28%) (init = 0)
    Ha_br_1_sigma:    0.00400000 +/- 1.9328e-04 (4.83%) (init = 0.005)
    Ha_br_2_scale:    2.09587403 +/- 0.37573253 (17.93%) (init = 0)
    Ha_br_2_dwave:    0.00348861 +/- 0.00111231 (31.88%) (init = 0)
    Ha_br_2_sigma:    0.01327220 +/- 0.00187364 (14.12%) (init = 0.005)
    Ha_na_1_scale:    0.00260736 +/- 0.16106660 (6177.39%) (init = 0)
    Ha_na_1_dwave:    6.5319e-04 +/- 3.1046e-05 (4.75%) (init = 0)
    Ha_na_1_sigma:    5.0000e-04 +/- 13.2216841 (2644336.70%) (init = 0.001)
    NII6549_1_scale:  6.59520771 +/- 0.44686042 (6.78%) (init = 0)
    NII6549_1_dwave:  6.5319e-04 +/- 3.1046e-05 (4.75%) == 'Ha_na_1_dwave'
    NII6549_1_sigma:  5.0000e-04 +/- 13.2216841 (2644336.70%) == 'Ha_na_1_sigma'
    NII6585_1_scale:  19.7856231 +/- 1.34058126 (6.78%) == '3.0 * NII6549_1_scale'
    NII6585_1_dwave:  6.5319e-04 +/- 3.1046e-05 (4.75%) == 'Ha_na_1_dwave'
    NII6585_1_sigma:  5.0000e-04 +/- 13.2216841 (2644336.70%) == 'Ha_na_1_sigma'
    SII6718_1_scale:  6.80773105 +/- 0.47329982 (6.95%) (init = 0)
    SII6718_1_dwave:  6.5319e-04 +/- 3.1046e-05 (4.75%) == 'Ha_na_1_dwave'
    SII6718_1_sigma:  5.0000e-04 +/- 13.2216841 (2644336.70%) == 'Ha_na_1_sigma'
    SII6732_1_scale:  6.80773105 +/- 0.47329982 (6.95%) == '1.0 * SII6718_1_scale'
    SII6732_1_dwave:  6.5319e-04 +/- 3.1046e-05 (4.75%) == 'Ha_na_1_dwave'
    SII6732_1_sigma:  5.0000e-04 +/- 13.2216841 (2644336.70%) == 'Ha_na_1_sigma'
[[Correlations]] (unreported correlations are < 0.100)
    C(Ha_br_2_scale, Ha_br_2_sigma)   = -0.8905
    C(Ha_br_1_sigma, Ha_br_2_scale)   = -0.7645
    C(Ha_br_1_sigma, Ha_br_2_sigma)   = +0.6096
    C(Ha_br_1_scale, Ha_br_2_scale)   = -0.4831
    C(Ha_br_1_scale, Ha_br_2_sigma)   = +0.4732
    C(Ha_br_1_dwave, Ha_br_2_dwave)   = -0.3211
    C(Ha_na_1_sigma, SII6718_1_scale) = -0.3198
    C(Ha_br_1_sigma, Ha_na_1_scale)   = +0.3113
    C(Ha_br_1_scale, Ha_na_1_scale)   = -0.2860
    C(Ha_br_1_dwave, Ha_na_1_scale)   = +0.2708
    C(Ha_br_2_sigma, SII6718_1_scale) = -0.2695
    C(Ha_br_1_dwave, NII6549_1_scale) = -0.2615
    C(Ha_br_1_scale, NII6549_1_scale) = -0.2444
    C(Ha_na_1_scale, NII6549_1_scale) = -0.2383
    C(Ha_br_2_scale, Ha_br_2_dwave)   = -0.2331
    C(Ha_br_1_scale, Ha_na_1_sigma)   = -0.2309
    C(Ha_br_2_dwave, SII6718_1_scale) = -0.2050
    C(Ha_br_2_dwave, Ha_br_2_sigma)   = +0.2042
    C(Ha_br_2_scale, SII6718_1_scale) = +0.1969
    C(Ha_br_1_sigma, Ha_br_2_dwave)   = +0.1868
    C(Ha_br_1_dwave, Ha_br_2_sigma)   = +0.1606
    C(Ha_br_1_dwave, Ha_na_1_sigma)   = -0.1588
    C(Ha_na_1_scale, Ha_na_1_dwave)   = -0.1574
    C(Ha_br_1_dwave, Ha_br_2_scale)   = -0.1548
    C(Ha_br_2_scale, Ha_na_1_scale)   = -0.1505
    C(Ha_br_2_sigma, Ha_na_1_sigma)   = -0.1379
    C(Ha_br_1_scale, Ha_br_2_dwave)   = +0.1354
    C(Ha_br_1_sigma, SII6718_1_scale) = -0.1316
    C(Ha_br_1_dwave, Ha_br_1_sigma)   = +0.1297
    C(Ha_br_1_sigma, Ha_na_1_dwave)   = -0.1190
    C(Ha_br_2_sigma, Ha_na_1_scale)   = +0.1180
    C(Ha_br_1_scale, Ha_br_1_dwave)   = +0.1126
    C(Ha_br_2_scale, Ha_na_1_sigma)   = +0.1063
    C(Ha_br_1_dwave, Ha_na_1_dwave)   = -0.1037
Saving figure as ./result.pdf
Fitting finished in 180.0s
wrote pyqsofit_model.csv
['ra' 'dec' 'plateid' 'MJD' 'fiberid' 'redshift' 'SN_ratio_conti'
 'Fe_uv_norm' 'Fe_uv_norm_err' 'Fe_uv_FWHM' 'Fe_uv_FWHM_err' 'Fe_uv_shift'
 'Fe_uv_shift_err' 'Fe_op_norm' 'Fe_op_norm_err' 'Fe_op_FWHM'
 'Fe_op_FWHM_err' 'Fe_op_shift' 'Fe_op_shift_err' 'PL_norm' 'PL_norm_err'
 'PL_slope' 'PL_slope_err' 'Blamer_norm' 'Blamer_norm_err' 'Balmer_Te'
 'Balmer_Te_err' 'Balmer_Tau' 'Balmer_Tau_err' 'conti_a_0' 'conti_a_0_err'
 'conti_a_1' 'conti_a_1_err' 'conti_a_2' 'conti_a_2_err' 'L1350'
 'L1350_err' 'L1450' 'L1450_err' 'L3000' 'L3000_err' 'L4200' 'L4200_err'
 'L5100' 'L5100_err' 'Fe_flux_4435_4685' 'Fe_flux_4435_4685_err']

['-999' '-999' '0' '0' '0' '0.08313549309968948' '31.451217410471692'
 '1.1973161351264139' '0.0' '16733.47156614537' '0.0'
 '0.009999999776174082' '0.0' '1.0635070601949792' '0.0'
 '17999.99927225967' '0.0' '-0.009999816449887877' '0.0'
 '4.265154340821198' '0.0' '0.7277995967486408' '0.0' '0.0' '0.0'
 '15000.0' '0.0' '0.5' '0.0' '6971.104321724881' '0.0'
 '-1.7684438625639018' '0.0' '0.00013246201519495277' '0.0' '-1.0' '-1.0'
 '-1.0' '-1.0' '-1.0' '-1.0' '42.91743111785131' '0.0' '43.09782895139461'
 '0.0' '397.9918682128958' '0.0']
['Hb_br_1_scale' 'Hb_br_1_scale_err' 'Hb_br_1_centerwave'
 'Hb_br_1_centerwave_err' 'Hb_br_1_sigma' 'Hb_br_1_sigma_err'
 'Hb_br_2_scale' 'Hb_br_2_scale_err' 'Hb_br_2_centerwave'
 'Hb_br_2_centerwave_err' 'Hb_br_2_sigma' 'Hb_br_2_sigma_err'
 'Hb_na_1_scale' 'Hb_na_1_scale_err' 'Hb_na_1_centerwave'
 'Hb_na_1_centerwave_err' 'Hb_na_1_sigma' 'Hb_na_1_sigma_err'
 'OIII4959c_1_scale' 'OIII4959c_1_scale_err' 'OIII4959c_1_centerwave'
 'OIII4959c_1_centerwave_err' 'OIII4959c_1_sigma' 'OIII4959c_1_sigma_err'
 'OIII5007c_1_scale' 'OIII5007c_1_scale_err' 'OIII5007c_1_centerwave'
 'OIII5007c_1_centerwave_err' 'OIII5007c_1_sigma' 'OIII5007c_1_sigma_err'
 'OIII4959w_1_scale' 'OIII4959w_1_scale_err' 'OIII4959w_1_centerwave'
 'OIII4959w_1_centerwave_err' 'OIII4959w_1_sigma' 'OIII4959w_1_sigma_err'
 'OIII5007w_1_scale' 'OIII5007w_1_scale_err' 'OIII5007w_1_centerwave'
 'OIII5007w_1_centerwave_err' 'OIII5007w_1_sigma' 'OIII5007w_1_sigma_err'
 'HeII4687_br_1_scale' 'HeII4687_br_1_scale_err'
 'HeII4687_br_1_centerwave' 'HeII4687_br_1_centerwave_err'
 'HeII4687_br_1_sigma' 'HeII4687_br_1_sigma_err' 'HeII4687_na_1_scale'
 'HeII4687_na_1_scale_err' 'HeII4687_na_1_centerwave'
 'HeII4687_na_1_centerwave_err' 'HeII4687_na_1_sigma'
 'HeII4687_na_1_sigma_err' 'Ha_br_1_scale' 'Ha_br_1_scale_err'
 'Ha_br_1_centerwave' 'Ha_br_1_centerwave_err' 'Ha_br_1_sigma'
 'Ha_br_1_sigma_err' 'Ha_br_2_scale' 'Ha_br_2_scale_err'
 'Ha_br_2_centerwave' 'Ha_br_2_centerwave_err' 'Ha_br_2_sigma'
 'Ha_br_2_sigma_err' 'Ha_na_1_scale' 'Ha_na_1_scale_err'
 'Ha_na_1_centerwave' 'Ha_na_1_centerwave_err' 'Ha_na_1_sigma'
 'Ha_na_1_sigma_err' 'NII6549_1_scale' 'NII6549_1_scale_err'
 'NII6549_1_centerwave' 'NII6549_1_centerwave_err' 'NII6549_1_sigma'
 'NII6549_1_sigma_err' 'NII6585_1_scale' 'NII6585_1_scale_err'
 'NII6585_1_centerwave' 'NII6585_1_centerwave_err' 'NII6585_1_sigma'
 'NII6585_1_sigma_err' 'SII6718_1_scale' 'SII6718_1_scale_err'
 'SII6718_1_centerwave' 'SII6718_1_centerwave_err' 'SII6718_1_sigma'
 'SII6718_1_sigma_err' 'SII6732_1_scale' 'SII6732_1_scale_err'
 'SII6732_1_centerwave' 'SII6732_1_centerwave_err' 'SII6732_1_sigma'
 'SII6732_1_sigma_err']

[1.63342118e+00 1.21013420e+00 8.48665483e+00 4.53711899e-03
 4.65000701e-03 3.59049029e-04 1.63341618e+00 1.21302232e+00
 8.48676218e+00 4.53657020e-03 4.56982348e-03 3.69313065e-04
 1.78945747e-02 6.05283601e-02 8.48369047e+00 1.65416115e-05
 9.57383866e-04 1.97688648e-05 5.79679749e+00 1.32486733e-01
 8.50327512e+00 1.65416115e-05 9.57383866e-04 1.97688648e-05
 1.75660528e+01 4.01474944e-01 8.51896020e+00 1.65416115e-05
 9.57383866e-04 1.97688648e-05 3.95998234e+00 8.89101237e-02
 8.49387223e+00 1.73295235e-05 9.19871479e-04 2.58001597e-05
 1.19999464e+01 2.69424615e-01 8.50955731e+00 1.73295235e-05
 9.19871479e-04 2.58001597e-05 9.77097292e-01 3.18777338e-02
 8.45754230e+00 2.69595624e-03 2.17703339e-02 3.84356181e-03
 1.25703725e+00 1.34228106e-01 8.45267221e+00 1.65416115e-05
 9.57383866e-04 1.97688648e-05 1.59745306e+01 7.00467400e+00
 8.78973317e+00 7.20813358e-04 4.00000021e-03 4.73382500e-03
 2.09587403e+00 6.99950484e+00 8.79095466e+00 6.69654947e-04
 1.32722018e-02 4.66382492e-03 2.60735877e-03 3.54826168e-03
 8.78811924e+00 1.00329935e-05 5.00000024e-04 7.97958027e-12
 6.59520771e+00 1.83691784e-01 8.78785031e+00 1.00329935e-05
 5.00000024e-04 7.97958027e-12 1.97856231e+01 5.51075352e-01
 8.79324524e+00 1.00329935e-05 5.00000024e-04 7.97958027e-12
 6.80773105e+00 1.70739067e-01 8.81324189e+00 1.00329935e-05
 5.00000024e-04 7.97958027e-12 6.80773105e+00 1.70739067e-01
 8.81538002e+00 1.00329935e-05 5.00000024e-04 7.97958027e-12]
['Hb_br_1_scale' 'Hb_br_1_centerwave' 'Hb_br_1_sigma' 'Hb_br_2_scale'
 'Hb_br_2_centerwave' 'Hb_br_2_sigma' 'Hb_na_1_scale' 'Hb_na_1_centerwave'
 'Hb_na_1_sigma' 'OIII4959c_1_scale' 'OIII4959c_1_centerwave'
 'OIII4959c_1_sigma' 'OIII5007c_1_scale' 'OIII5007c_1_centerwave'
 'OIII5007c_1_sigma' 'OIII4959w_1_scale' 'OIII4959w_1_centerwave'
 'OIII4959w_1_sigma' 'OIII5007w_1_scale' 'OIII5007w_1_centerwave'
 'OIII5007w_1_sigma' 'HeII4687_br_1_scale' 'HeII4687_br_1_centerwave'
 'HeII4687_br_1_sigma' 'HeII4687_na_1_scale' 'HeII4687_na_1_centerwave'
 'HeII4687_na_1_sigma' 'Ha_br_1_scale' 'Ha_br_1_centerwave'
 'Ha_br_1_sigma' 'Ha_br_2_scale' 'Ha_br_2_centerwave' 'Ha_br_2_sigma'
 'Ha_na_1_scale' 'Ha_na_1_centerwave' 'Ha_na_1_sigma' 'NII6549_1_scale'
 'NII6549_1_centerwave' 'NII6549_1_sigma' 'NII6585_1_scale'
 'NII6585_1_centerwave' 'NII6585_1_sigma' 'SII6718_1_scale'
 'SII6718_1_centerwave' 'SII6718_1_sigma' 'SII6732_1_scale'
 'SII6732_1_centerwave' 'SII6732_1_sigma']

[[8.74996187e-01 8.47777030e+00 4.00000019e-03 ... 6.66380340e+00
  8.81538439e+00 5.00000024e-04]
 [3.53077900e+00 8.48763971e+00 4.00000019e-03 ... 6.79616807e+00
  8.81538377e+00 5.00000025e-04]
 [1.64060154e+00 8.48671127e+00 4.52788632e-03 ... 6.74598155e+00
  8.81537702e+00 5.00000024e-04]
 ...
 [7.84955434e-01 8.47899937e+00 4.00000019e-03 ... 6.65856370e+00
  8.81536512e+00 5.00000024e-04]
 [1.63533576e+00 8.48626517e+00 4.95743590e-03 ... 6.81054158e+00
  8.81539350e+00 5.00000024e-04]
 [3.55401431e+00 8.48767785e+00 4.00000020e-03 ... 7.16327386e+00
  8.81537222e+00 5.00000024e-04]]
(50, 48)
['1_complex_name' '1_line_status' '1_line_min_chi2' '1_line_bic'
 '1_line_red_chi2' '1_niter' '1_ndof' '2_complex_name' '2_line_status'
 '2_line_min_chi2' '2_line_bic' '2_line_red_chi2' '2_niter' '2_ndof'
 'Hb_br_1_scale' 'Hb_br_1_scale_err' 'Hb_br_1_centerwave'
 'Hb_br_1_centerwave_err' 'Hb_br_1_sigma' 'Hb_br_1_sigma_err'
 'Hb_br_2_scale' 'Hb_br_2_scale_err' 'Hb_br_2_centerwave'
 'Hb_br_2_centerwave_err' 'Hb_br_2_sigma' 'Hb_br_2_sigma_err'
 'Hb_na_1_scale' 'Hb_na_1_scale_err' 'Hb_na_1_centerwave'
 'Hb_na_1_centerwave_err' 'Hb_na_1_sigma' 'Hb_na_1_sigma_err'
 'OIII4959c_1_scale' 'OIII4959c_1_scale_err' 'OIII4959c_1_centerwave'
 'OIII4959c_1_centerwave_err' 'OIII4959c_1_sigma' 'OIII4959c_1_sigma_err'
 'OIII5007c_1_scale' 'OIII5007c_1_scale_err' 'OIII5007c_1_centerwave'
 'OIII5007c_1_centerwave_err' 'OIII5007c_1_sigma' 'OIII5007c_1_sigma_err'
 'OIII4959w_1_scale' 'OIII4959w_1_scale_err' 'OIII4959w_1_centerwave'
 'OIII4959w_1_centerwave_err' 'OIII4959w_1_sigma' 'OIII4959w_1_sigma_err'
 'OIII5007w_1_scale' 'OIII5007w_1_scale_err' 'OIII5007w_1_centerwave'
 'OIII5007w_1_centerwave_err' 'OIII5007w_1_sigma' 'OIII5007w_1_sigma_err'
 'HeII4687_br_1_scale' 'HeII4687_br_1_scale_err'
 'HeII4687_br_1_centerwave' 'HeII4687_br_1_centerwave_err'
 'HeII4687_br_1_sigma' 'HeII4687_br_1_sigma_err' 'HeII4687_na_1_scale'
 'HeII4687_na_1_scale_err' 'HeII4687_na_1_centerwave'
 'HeII4687_na_1_centerwave_err' 'HeII4687_na_1_sigma'
 'HeII4687_na_1_sigma_err' 'Ha_br_1_scale' 'Ha_br_1_scale_err'
 'Ha_br_1_centerwave' 'Ha_br_1_centerwave_err' 'Ha_br_1_sigma'
 'Ha_br_1_sigma_err' 'Ha_br_2_scale' 'Ha_br_2_scale_err'
 'Ha_br_2_centerwave' 'Ha_br_2_centerwave_err' 'Ha_br_2_sigma'
 'Ha_br_2_sigma_err' 'Ha_na_1_scale' 'Ha_na_1_scale_err'
 'Ha_na_1_centerwave' 'Ha_na_1_centerwave_err' 'Ha_na_1_sigma'
 'Ha_na_1_sigma_err' 'NII6549_1_scale' 'NII6549_1_scale_err'
 'NII6549_1_centerwave' 'NII6549_1_centerwave_err' 'NII6549_1_sigma'
 'NII6549_1_sigma_err' 'NII6585_1_scale' 'NII6585_1_scale_err'
 'NII6585_1_centerwave' 'NII6585_1_centerwave_err' 'NII6585_1_sigma'
 'NII6585_1_sigma_err' 'SII6718_1_scale' 'SII6718_1_scale_err'
 'SII6718_1_centerwave' 'SII6718_1_centerwave_err' 'SII6718_1_sigma'
 'SII6718_1_sigma_err' 'SII6732_1_scale' 'SII6732_1_scale_err'
 'SII6732_1_centerwave' 'SII6732_1_centerwave_err' 'SII6732_1_sigma'
 'SII6732_1_sigma_err' 'Hb_whole_br_fwhm' 'Hb_whole_br_fwhm_err'
 'Hb_whole_br_sigma' 'Hb_whole_br_sigma_err' 'Hb_whole_br_ew'
 'Hb_whole_br_ew_err' 'Hb_whole_br_peak' 'Hb_whole_br_peak_err'
 'Hb_whole_br_area' 'Hb_whole_br_area_err' 'Hb_whole_br_snr'
 'Hb_whole_br_snr_err' 'Ha_whole_br_fwhm' 'Ha_whole_br_fwhm_err'
 'Ha_whole_br_sigma' 'Ha_whole_br_sigma_err' 'Ha_whole_br_ew'
 'Ha_whole_br_ew_err' 'Ha_whole_br_peak' 'Ha_whole_br_peak_err'
 'Ha_whole_br_area' 'Ha_whole_br_area_err' 'Ha_whole_br_snr'
 'Ha_whole_br_snr_err']

['Hb' '1' '7489.850697100687' '1287.5336437486246' '19.20474537718125'
 '382' '390' 'Ha' '1' '2287.894363582263' '629.0169711537236'
 '9.115116986383518' '545' '251' '1.6334211760948847' '1.2101342039549934'
 '8.486654825185312' '0.004537118987841815' '0.004650007014343888'
 '0.00035904902932693515' '1.6334161800912739' '1.2130223159267928'
 '8.486762176469723' '0.004536570200310841' '0.004569823480870974'
 '0.00036931306532629604' '0.017894574710908273' '0.06052836010184137'
 '8.483690467403077' '1.6541611461029504e-05' '0.0009573838660985029'
 '1.976886476011229e-05' '5.796797486468108' '0.13248673269572464'
 '8.503275123164796' '1.6541611461029504e-05' '0.0009573838660985029'
 '1.976886476011229e-05' '17.566052821774363' '0.401474943734037'
 '8.51896020464673' '1.6541611461029504e-05' '0.0009573838660985029'
 '1.976886476011229e-05' '3.9599823420388702' '0.08891012370781937'
 '8.493872228158668' '1.7329523523734736e-05' '0.0009198714785625359'
 '2.5800159727122727e-05' '11.999946376586472' '0.2694246147269892'
 '8.509557309640602' '1.7329523523734736e-05' '0.0009198714785625359'
 '2.5800159727122727e-05' '0.9770972919653786' '0.031877733785989903'
 '8.457542298480547' '0.002695956235711172' '0.02177033389490548'
 '0.003843561806346152' '1.2570372520670503' '0.13422810640761895'
 '8.452672210261964' '1.6541611461029504e-05' '0.0009573838660985029'
 '1.976886476011229e-05' '15.974530587214986' '7.004673996391375'
 '8.789733171673447' '0.0007208133575895559' '0.004000000214529172'
 '0.004733825002992872' '2.0958740298837597' '6.999504842397641'
 '8.790954657272374' '0.0006696549470879276' '0.013272201815560167'
 '0.004663824918703704' '0.00260735877333218' '0.0035482616844717523'
 '8.788119242863072' '1.003299345736508e-05' '0.0005000000237670772'
 '7.979580266947311e-12' '6.595207713289142' '0.18369178400590158'
 '8.787850306705845' '1.003299345736508e-05' '0.0005000000237670772'
 '7.979580266947311e-12' '19.785623139867425' '0.5510753520177047'
 '8.793245242313755' '1.003299345736508e-05' '0.0005000000237670772'
 '7.979580266947311e-12' '6.807731045554988' '0.17073906732889554'
 '8.813241885380162' '1.003299345736508e-05' '0.0005000000237670772'
 '7.979580266947311e-12' '6.807731045554988' '0.17073906732889554'
 '8.815380023197545' '1.003299345736508e-05' '0.0005000000237670772'
 '7.979580266947311e-12' '3590.3083870277715' '210.96625617444215'
 '6404.014520361287' '642.3763677166389' '32.13164654905626'
 '1.7207137806336448' '4849.450579757488' '2.197951609109623'
 '433.62521059286837' '22.55480313961317' '4.776259470755521'
 '0.21645970991397157' '3063.9912456482316' '9.689907919301959'
 '2398.252931145675' '70.58461144784542' '94.78541834456705'
 '0.7132629125940824' '6566.900258670875' '0.5673656557705726'
 '1508.972688939671' '11.354573412319837' '34.13712141142361'
 '0.5139825937949425']
Broad Hb:
FWHM (km/s) 3264.8
Sigma (km/s) 1369.2
EW (A) 13.3
Peak (A) 4849.6
Area (10^(-17) erg/s/cm^2) 182.6
SNR 3.6

Narrow Hb:
FWHM (km/s) 680.1
Sigma (km/s) 283.1
EW (A) 0.0
Peak (A) 4834.7
Area (10^(-17) erg/s/cm^2) 0.2
SNR 0.0

Broad [OIII]5007:
FWHM (km/s) 0
Sigma (km/s) 0
EW (A) 0
Peak (A) 0
Area (10^(-17) erg/s/cm^2) 0
SNR 0

Narrow [OIII]5007:
FWHM (km/s) 680.1
Sigma (km/s) 283.1
EW (A) 14.9
Peak (A) 5008.2
Area (10^(-17) erg/s/cm^2) 210.5
SNR 14.1
