my_sdss.fits
[ 9.877535  10.508429   9.698313  ...  0.3723009  0.3723009  0.3723009]
Directory  my_sdss  Created 
global my_sdss/
Directory  output/  already exists
stati 1963399.0749289151
1 iter stat:  17457.03963579968
2 iter stat:  2342.6406305434502
3 iter stat:  1846.3026972756488
4 iter stat:  1068.1534795740008
5 iter stat:  633.8421989322669
6 iter stat:  379.93902671939577
7 iter stat:  224.5210519596294
8 iter stat:  159.0478189470159
9 iter stat:  114.78093429600995
10 iter stat:  84.23073488032969
fit ok
./output/my_sdss_model.csv
brokenpowerlaw + OIIIb5007_br + OIIIb5007_na + HBeta4834_br + HAlpha6551_br + HBeta4834_na + HAlpha6551_na
   Param        Type          Value          Min          Max      Units
   -----        ----          -----          ---          ---      -----
   brokenpowerlaw.refer thawed         5400         5400         7000  angstroms
   brokenpowerlaw.ampl thawed      15.5694      15.5694      17.2083  angstroms
   brokenpowerlaw.index1 thawed            0           -3            0           
   brokenpowerlaw.index2 thawed     0.125459           -1            1           
   OIIIb5007_br.ampl thawed      1.77924            0           50           
   OIIIb5007_br.pos frozen         5007            0  3.40282e+38  angstroms
   OIIIb5007_br.offs_kms thawed        -1500        -1500          500       km/s
   OIIIb5007_br.fwhm thawed      4502.52          400         6000       km/s
   OIIIb5007_na.ampl thawed      42.7904            0           50           
   OIIIb5007_na.pos frozen         5007            0  3.40282e+38  angstroms
   OIIIb5007_na.offs_kms thawed      107.448        -1500          500       km/s
   OIIIb5007_na.fwhm thawed      518.239          100         1500       km/s
   HBeta4834_br.ampl thawed      2.51544            0           50           
   HBeta4834_br.pos frozen         4834            0  3.40282e+38  angstroms
   HBeta4834_br.offs_kms thawed          500        -1500          500       km/s
   HBeta4834_br.fwhm thawed      4480.36          400         6000       km/s
   HAlpha6551_br.ampl thawed       19.911            0           50           
   HAlpha6551_br.pos frozen         6551            0  3.40282e+38  angstroms
   HAlpha6551_br.offs_kms thawed          500        -1500          500       km/s
   HAlpha6551_br.fwhm thawed      3169.19          400         6000       km/s
   HBeta4834_na.ampl thawed            0            0           50           
   HBeta4834_na.pos frozen         4834            0  3.40282e+38  angstroms
   HBeta4834_na.offs_kms thawed     -15.4957        -1500          500       km/s
   HBeta4834_na.fwhm thawed      613.155          100         1500       km/s
   HAlpha6551_na.ampl thawed            0            0           50           
   HAlpha6551_na.pos frozen         6551            0  3.40282e+38  angstroms
   HAlpha6551_na.offs_kms thawed     -668.385        -1500          500       km/s
   HAlpha6551_na.fwhm thawed          100          100         1500       km/s
skipping monte_carlo (FANTASY_MC=0)
