patched GLEAM label offsets
patched GLEAM non-fatal plotting
patched GLEAM doublet ties
WARNING: AstropyDeprecationWarning: The truth value of a Quantity is ambiguous. In the future this will raise a ValueError. [astropy.units.quantity]
Now working in  on sdss in sdss + fiber1 on source 1 at z=0.377.
Warning: non-constant dispersion
[[Model]]
    (Model(constant) + Model(gaussian, prefix='g0_'))
[[Fit Statistics]]
    # fitting method   = leastsq
    # function evals   = 10000
    # data points      = 163
    # variables        = 4
    chi-square         = 233.353979
    reduced chi-square = 1.46763509
    Akaike info crit   = 66.4854303
    Bayesian info crit = 78.8604311
    R-squared          = 0.46556477
##  Warning: uncertainties could not be estimated:
    g0_center:     at boundary
[[Variables]]
    c:             1425.79768 (init = 1915.031)
    g0_amplitude:  119041.707 (init = 1129.339)
    g0_center:     3718.48007 (init = 3728.48)
    g0_sigma:      88.4623927 (init = 2.466999)
    g0_fwhm:       208.313012 == '2.3548200*g0_sigma'
    g0_height:     536.847027 == '0.3989423*g0_amplitude/max(1e-15, g0_sigma)'
NonDetection when fitting set of lines [3728.48] Angstrom, try a simpler model
[[Model]]
    Model(constant)
[[Fit Statistics]]
    # fitting method   = leastsq
    # function evals   = 5
    # data points      = 163
    # variables        = 1
    chi-square         = 467.640428
    reduced chi-square = 2.88666931
    Akaike info crit   = 173.793766
    Bayesian info crit = 176.887516
    R-squared          = -0.00222011
[[Variables]]
    c:  1908.01186 +/- 5.58992180 (0.29%) (init = 1915.031)
Warning: non-constant dispersion
Warning: non-constant dispersion
Warning: non-constant dispersion
Warning: non-constant dispersion
[[Model]]
    ((Model(constant) + Model(gaussian, prefix='g0_')) + Model(gaussian, prefix='g1_'))
[[Fit Statistics]]
    # fitting method   = leastsq
    # function evals   = 516
    # data points      = 125
    # variables        = 7
    chi-square         = 241.949532
    reduced chi-square = 2.05041976
    Akaike info crit   = 96.5519275
    Bayesian info crit = 116.350124
    R-squared          = 0.97409690
[[Variables]]
    c:             395.657614 +/- 1.76307189 (0.45%) (init = 417.2478)
    g0_amplitude:  1655.53877 +/- 293.236647 (17.71%) (init = 1362.382)
    g0_center:     4856.96483 +/- 0.41024077 (0.01%) (init = 4862.68)
    g0_sigma:      5.91593386 +/- 0.59318425 (10.03%) (init = 2.466999)
    g1_amplitude:  5546.32766 +/- 301.208285 (5.43%) (init = 1362.382)
    g1_center:     4852.68000 +/- 1.08156668 (0.02%) (init = 4862.68)
    g1_sigma:      16.8742932 +/- 0.87366088 (5.18%) (init = 14.15552)
    g0_fwhm:       13.9309594 +/- 1.39684214 (10.03%) == '2.3548200*g0_sigma'
    g0_height:     111.641621 +/- 11.4529733 (10.26%) == '0.3989423*g0_amplitude/max(1e-15, g0_sigma)'
    g1_fwhm:       39.7359231 +/- 2.05731410 (5.18%) == '2.3548200*g1_sigma'
    g1_height:     131.126364 +/- 10.9378872 (8.34%) == '0.3989423*g1_amplitude/max(1e-15, g1_sigma)'
[[Correlations]] (unreported correlations are < 0.100)
    C(g0_amplitude, g0_sigma)     = +0.8700
    C(g0_amplitude, g1_sigma)     = +0.7446
    C(g0_amplitude, g1_amplitude) = -0.7445
    C(g0_sigma, g1_amplitude)     = -0.6967
    C(g0_amplitude, g1_center)    = -0.5862
    C(c, g1_sigma)                = -0.5792
    C(g0_sigma, g1_sigma)         = +0.5674
    C(g0_sigma, g1_center)        = -0.4946
    C(g1_amplitude, g1_center)    = +0.4587
    C(g1_center, g1_sigma)        = -0.3947
    C(g0_center, g1_sigma)        = -0.3526
    C(c, g1_amplitude)            = -0.3128
    C(c, g0_amplitude)            = -0.2525
    C(g0_amplitude, g0_center)    = -0.2413
    C(g1_amplitude, g1_sigma)     = -0.2362
    C(g0_center, g1_center)       = -0.2080
    C(g0_center, g0_sigma)        = -0.2008
    C(c, g0_sigma)                = -0.1711
    C(c, g0_center)               = +0.1705
    C(c, g1_center)               = +0.1127
Warning: non-constant dispersion
Warning: non-constant dispersion
[[Model]]
    ((Model(constant) + Model(gaussian, prefix='g0_')) + Model(gaussian, prefix='g1_'))
[[Fit Statistics]]
    # fitting method   = leastsq
    # function evals   = 85
    # data points      = 113
    # variables        = 6
    chi-square         = 1618.99060
    reduced chi-square = 15.1307533
    Akaike info crit   = 312.825248
    Bayesian info crit = 329.189574
    R-squared          = 0.05402409
##  Warning: uncertainties could not be estimated:
    g0_center:     at boundary
    g1_center:     at initial value
    g1_sigma:      at initial value
[[Variables]]
    c:             885.136224 (init = 916.9588)
    g0_amplitude:  935.532677 == 'g1_amplitude / 3.0'
    g0_center:     4950.30000 (init = 4960.3)
    g0_sigma:      4.13738419 (init = 2.466999)
    g1_amplitude:  2806.59803 (init = 650.3009)
    g1_center:     5008.24000 (init = 5008.24)
    g1_sigma:      2.46699911 (init = 2.466999)
    g0_fwhm:       9.74279503 == '2.3548200*g0_sigma'
    g0_height:     90.2076145 == '0.3989423*g0_amplitude/max(1e-15, g0_sigma)'
    g1_fwhm:       5.80933884 == '2.3548200*g1_sigma'
    g1_height:     453.859375 == '0.3989423*g1_amplitude/max(1e-15, g1_sigma)'
NonDetection when fitting set of lines [4960.3  5008.24] Angstrom, try a simpler model
[[Model]]
    (Model(constant) + Model(gaussian, prefix='g0_'))
[[Fit Statistics]]
    # fitting method   = leastsq
    # function evals   = 57
    # data points      = 113
    # variables        = 4
    chi-square         = 1618.99059
    reduced chi-square = 14.8531247
    Akaike info crit   = 308.825247
    Bayesian info crit = 319.734798
    R-squared          = 0.05403196
[[Variables]]
    c:             885.139549 +/- 7.16486833 (0.81%) (init = 916.9588)
    g0_amplitude:  935.198452 +/- 389.709166 (41.67%) (init = 650.3009)
    g0_center:     4950.30000 +/- 0.11129486 (0.00%) (init = 4960.3)
    g0_sigma:      4.13592233 +/- 1.91109337 (46.21%) (init = 2.466999)
    g0_fwhm:       9.73935262 +/- 4.50028091 (46.21%) == '2.3548200*g0_sigma'
    g0_height:     90.2072602 +/- 34.4858721 (38.23%) == '0.3989423*g0_amplitude/max(1e-15, g0_sigma)'
[[Correlations]] (unreported correlations are < 0.100)
    C(g0_amplitude, g0_sigma) = +0.6258
    C(c, g0_amplitude)        = -0.4003
    C(c, g0_sigma)            = -0.2376
Warning: non-constant dispersion
Warning: non-constant dispersion
No spectral coverage on line 5008.24 Angstrom
Warning: non-constant dispersion
Warning: non-constant dispersion
[[Model]]
    ((((Model(constant) + Model(gaussian, prefix='g0_')) + Model(gaussian, prefix='g1_')) + Model(gaussian, prefix='g2_')) + Model(gaussian, prefix='g3_'))
[[Fit Statistics]]
    # fitting method   = leastsq
    # function evals   = 26000
    # data points      = 116
    # variables        = 12
    chi-square         = 1048.83945
    reduced chi-square = 10.0849947
    Akaike info crit   = 279.414525
    Bayesian info crit = 312.457607
    R-squared          = 0.98439543
##  Warning: uncertainties could not be estimated:
    g0_center:     at boundary
    g2_center:     at boundary
[[Variables]]
    c:             81.4588654 (init = 115.4363)
    g0_amplitude:  0.00282015 == 'g3_amplitude / 3.0'
    g0_center:     6559.85919 (init = 6549.86)
    g0_sigma:      18.1148207 (init = 2.466999)
    g1_amplitude:  2561.09642 (init = 1296.627)
    g1_center:     6557.08672 (init = 6564.6)
    g1_sigma:      8.68777884 (init = 2.466999)
    g2_amplitude:  7914.53243 (init = 1296.627)
    g2_center:     6554.60000 (init = 6564.6)
    g2_sigma:      26.5273702 (init = 19.1099)
    g3_amplitude:  0.00846045 (init = 1296.627)
    g3_center:     6587.72355 (init = 6585.27)
    g3_sigma:      3.34635474 (init = 2.466999)
    g0_fwhm:       42.6571422 == '2.3548200*g0_sigma'
    g0_height:     6.2108e-05 == '0.3989423*g0_amplitude/max(1e-15, g0_sigma)'
    g1_fwhm:       20.4581554 == '2.3548200*g1_sigma'
    g1_height:     117.605399 == '0.3989423*g1_amplitude/max(1e-15, g1_sigma)'
    g2_fwhm:       62.4671818 == '2.3548200*g2_sigma'
    g2_height:     119.025812 == '0.3989423*g2_amplitude/max(1e-15, g2_sigma)'
    g3_fwhm:       7.88006307 == '2.3548200*g3_sigma'
    g3_height:     0.00100863 == '0.3989423*g3_amplitude/max(1e-15, g3_sigma)'
NonDetection when fitting set of lines [6549.86 6564.6  6564.6  6585.27] Angstrom, try a simpler model
[[Model]]
    (((Model(constant) + Model(gaussian, prefix='g0_')) + Model(gaussian, prefix='g1_')) + Model(gaussian, prefix='g2_'))
[[Fit Statistics]]
    # fitting method   = leastsq
    # function evals   = 977
    # data points      = 116
    # variables        = 10
    chi-square         = 196.289030
    reduced chi-square = 1.85178330
    Akaike info crit   = 81.0157708
    Bayesian info crit = 108.551673
    R-squared          = 0.99537856
[[Variables]]
    c:             76.7713786 +/- 0.89287276 (1.16%) (init = 115.4363)
    g0_amplitude:  6431.77526 +/- 257.297531 (4.00%) (init = 1296.627)
    g0_center:     6544.72742 +/- 0.82431863 (0.01%) (init = 6549.86)
    g0_sigma:      35.2117673 +/- 0.99180420 (2.82%) (init = 2.466999)
    g1_amplitude:  478.156159 +/- 145.674747 (30.47%) (init = 1296.627)
    g1_center:     6555.78195 +/- 0.56300336 (0.01%) (init = 6564.6)
    g1_sigma:      4.69284761 +/- 0.81166762 (17.30%) (init = 2.466999)
    g2_amplitude:  4675.88880 +/- 202.872099 (4.34%) (init = 1296.627)
    g2_center:     6557.97509 +/- 0.28824487 (0.00%) (init = 6564.6)
    g2_sigma:      13.4980990 +/- 0.47973920 (3.55%) (init = 19.1099)
    g0_fwhm:       82.9173738 +/- 2.33552036 (2.82%) == '2.3548200*g0_sigma'
    g0_height:     72.8707308 +/- 3.35584296 (4.61%) == '0.3989423*g0_amplitude/max(1e-15, g0_sigma)'
    g1_fwhm:       11.0508114 +/- 1.91133114 (17.30%) == '2.3548200*g1_sigma'
    g1_height:     40.6483939 +/- 7.24545502 (17.82%) == '0.3989423*g1_amplitude/max(1e-15, g1_sigma)'
    g2_fwhm:       31.7855934 +/- 1.12969947 (3.55%) == '2.3548200*g2_sigma'
    g2_height:     138.197967 +/- 6.62138049 (4.79%) == '0.3989423*g2_amplitude/max(1e-15, g2_sigma)'
[[Correlations]] (unreported correlations are < 0.100)
    C(g1_amplitude, g1_sigma)     = +0.8631
    C(g1_amplitude, g2_sigma)     = +0.7319
    C(g0_amplitude, g0_center)    = +0.7049
    C(c, g0_sigma)                = -0.6959
    C(g0_amplitude, g2_sigma)     = -0.6853
    C(g0_center, g2_sigma)        = -0.6768
    C(c, g0_amplitude)            = -0.6391
    C(g1_sigma, g2_sigma)         = +0.5621
    C(g0_sigma, g2_center)        = -0.5349
    C(g0_center, g2_amplitude)    = -0.5304
    C(g0_sigma, g2_amplitude)     = +0.5219
    C(g0_amplitude, g2_amplitude) = -0.4338
    C(g2_amplitude, g2_center)    = -0.3923
    C(g1_sigma, g2_amplitude)     = -0.3829
    C(g0_amplitude, g1_amplitude) = -0.3802
    C(g1_center, g2_center)       = -0.3727
    C(c, g2_center)               = +0.3679
    C(g1_amplitude, g2_amplitude) = -0.3586
    C(g0_center, g1_amplitude)    = -0.3582
    C(g1_center, g2_sigma)        = +0.3428
    C(g0_sigma, g2_sigma)         = +0.2915
    C(g2_amplitude, g2_sigma)     = +0.2756
    C(g0_amplitude, g1_sigma)     = -0.2718
    C(g1_amplitude, g2_center)    = +0.2712
    C(g0_center, g0_sigma)        = -0.2648
    C(g1_center, g1_sigma)        = +0.2599
    C(g0_center, g1_sigma)        = -0.2564
    C(g1_sigma, g2_center)        = +0.2514
    C(g1_amplitude, g1_center)    = +0.2468
    C(g0_sigma, g1_center)        = +0.1971
    C(c, g0_center)               = -0.1824
    C(g0_amplitude, g1_center)    = -0.1544
    C(g0_center, g2_center)       = -0.1487
    C(c, g1_amplitude)            = +0.1331
    C(g0_amplitude, g2_center)    = -0.1253
    C(g0_center, g1_center)       = -0.1226
    C(g0_amplitude, g0_sigma)     = +0.1211
    C(c, g2_amplitude)            = -0.1069
    C(c, g1_sigma)                = +0.1034
Warning: non-constant dispersion
Warning: non-constant dispersion
Warning: non-constant dispersion
Warning: non-constant dispersion
[[Model]]
    ((Model(constant) + Model(gaussian, prefix='g0_')) + Model(gaussian, prefix='g1_'))
[[Fit Statistics]]
    # fitting method   = leastsq
    # function evals   = 2860
    # data points      = 100
    # variables        = 7
    chi-square         = 275.162009
    reduced chi-square = 2.95873128
    Akaike info crit   = 115.218986
    Bayesian info crit = 133.455178
    R-squared          = 0.06288189
##  Warning: uncertainties could not be estimated:
    g0_center:     at boundary
    g1_amplitude:  at boundary
[[Variables]]
    c:             1217.52652 (init = 1216.099)
    g0_amplitude:  1225.61705 (init = 1326.979)
    g0_center:     6708.29000 (init = 6718.29)
    g0_sigma:      8.49724217 (init = 2.466999)
    g1_amplitude:  5.9689e-09 (init = 1326.979)
    g1_center:     6735.24977 (init = 6732.67)
    g1_sigma:      0.72261350 (init = 2.466999)
    g0_fwhm:       20.0094758 == '2.3548200*g0_sigma'
    g0_height:     57.5422560 == '0.3989423*g0_amplitude/max(1e-15, g0_sigma)'
    g1_fwhm:       1.70162471 == '2.3548200*g1_sigma'
    g1_height:     3.2953e-09 == '0.3989423*g1_amplitude/max(1e-15, g1_sigma)'
NonDetection when fitting set of lines [6718.29 6732.67] Angstrom, try a simpler model
[[Model]]
    (Model(constant) + Model(gaussian, prefix='g0_'))
[[Fit Statistics]]
    # fitting method   = leastsq
    # function evals   = 145
    # data points      = 100
    # variables        = 4
    chi-square         = 275.162010
    reduced chi-square = 2.86627093
    Akaike info crit   = 109.218986
    Bayesian info crit = 119.639667
    R-squared          = 0.06288070
[[Variables]]
    c:             1217.52733 +/- 7.84504298 (0.64%) (init = 1216.099)
    g0_amplitude:  1225.51434 +/- 597.965634 (48.79%) (init = 1326.979)
    g0_center:     6708.29000 +/- 2.10094596 (0.03%) (init = 6718.29)
    g0_sigma:      8.49617911 +/- 4.17392723 (49.13%) (init = 2.466999)
    g0_fwhm:       20.0069725 +/- 9.82884734 (49.13%) == '2.3548200*g0_sigma'
    g0_height:     57.5446330 +/- 22.7367731 (39.51%) == '0.3989423*g0_amplitude/max(1e-15, g0_sigma)'
[[Correlations]] (unreported correlations are < 0.100)
    C(g0_amplitude, g0_sigma) = +0.6744
    C(c, g0_amplitude)        = -0.6013
    C(c, g0_sigma)            = -0.4049
Warning: non-constant dispersion
Warning: non-constant dispersion
Warning: non-constant dispersion
multiprocessing.pool.RemoteTraceback: 
"""
Traceback (most recent call last):
  File "/usr/local/lib/python3.8/multiprocessing/pool.py", line 125, in worker
    result = (True, func(*args, **kwds))
  File "/usr/local/lib/python3.8/multiprocessing/pool.py", line 51, in starmapstar
    return list(itertools.starmap(args[0], args[1]))
  File "/usr/local/lib/python3.8/site-packages/gleam/main.py", line 147, in run_main
    print("WARNING: GLEAM plot_line failed:", _e)
  File "/usr/local/lib/python3.8/contextlib.py", line 120, in __exit__
    next(self.gen)
  File "/usr/local/lib/python3.8/site-packages/gleam/plot_gaussian.py", line 401, in overview_plot
    plt.savefig(f"{basename}.png", format="png", bbox_inches="tight")
  File "/usr/local/lib/python3.8/site-packages/matplotlib/pyplot.py", line 1023, in savefig
    res = fig.savefig(*args, **kwargs)
  File "/usr/local/lib/python3.8/site-packages/matplotlib/figure.py", line 3378, in savefig
    self.canvas.print_figure(fname, **kwargs)
  File "/usr/local/lib/python3.8/site-packages/matplotlib/backend_bases.py", line 2342, in print_figure
    self.figure.draw(renderer)
  File "/usr/local/lib/python3.8/site-packages/matplotlib/artist.py", line 95, in draw_wrapper
    result = draw(artist, renderer, *args, **kwargs)
  File "/usr/local/lib/python3.8/site-packages/matplotlib/artist.py", line 72, in draw_wrapper
    return draw(artist, renderer)
  File "/usr/local/lib/python3.8/site-packages/matplotlib/figure.py", line 3175, in draw
    mimage._draw_list_compositing_images(
  File "/usr/local/lib/python3.8/site-packages/matplotlib/image.py", line 131, in _draw_list_compositing_images
    a.draw(renderer)
  File "/usr/local/lib/python3.8/site-packages/matplotlib/artist.py", line 39, in draw_wrapper
    return draw(artist, renderer, *args, **kwargs)
  File "/usr/local/lib/python3.8/site-packages/mpl_toolkits/axes_grid1/parasite_axes.py", line 138, in draw
    super().draw(renderer)
  File "/usr/local/lib/python3.8/site-packages/matplotlib/artist.py", line 72, in draw_wrapper
    return draw(artist, renderer)
  File "/usr/local/lib/python3.8/site-packages/matplotlib/axes/_base.py", line 3064, in draw
    mimage._draw_list_compositing_images(
  File "/usr/local/lib/python3.8/site-packages/matplotlib/image.py", line 131, in _draw_list_compositing_images
    a.draw(renderer)
  File "/usr/local/lib/python3.8/site-packages/matplotlib/artist.py", line 72, in draw_wrapper
    return draw(artist, renderer)
  File "/usr/local/lib/python3.8/site-packages/matplotlib/text.py", line 757, in draw
    posx = float(self.convert_xunits(self._x))
TypeError: only size-1 arrays can be converted to Python scalars
"""

The above exception was the direct cause of the following exception:

Traceback (most recent call last):
  File "/usr/local/bin/gleam", line 8, in <module>
    sys.exit(pipeline())
  File "/usr/local/lib/python3.8/site-packages/click/core.py", line 829, in __call__
    return self.main(*args, **kwargs)
  File "/usr/local/lib/python3.8/site-packages/click/core.py", line 782, in main
    rv = self.invoke(ctx)
  File "/usr/local/lib/python3.8/site-packages/click/core.py", line 1066, in invoke
    return ctx.invoke(self.callback, **ctx.params)
  File "/usr/local/lib/python3.8/site-packages/click/core.py", line 610, in invoke
    return callback(*args, **kwargs)
  File "/usr/local/lib/python3.8/site-packages/gleam/__init__.py", line 136, in pipeline
    p.starmap(gleam.main.run_main, unique_sources)
  File "/usr/local/lib/python3.8/multiprocessing/pool.py", line 372, in starmap
    return self._map_async(func, iterable, starmapstar, chunksize).get()
  File "/usr/local/lib/python3.8/multiprocessing/pool.py", line 771, in get
    raise self._value
TypeError: only size-1 arrays can be converted to Python scalars
Matplotlib Version: 3.7.5
total 5240
-rw-rw-r-- 1 1000 1000  25949 Sep 30 01:12 docker.log
-rw-r--r-- 1 1000 1000 487498 Sep 29 10:29 linefits.sdss.sdss.fiber1.001.Ha.Ha_broad.NII1.png
-rw-rw-r-- 1 1000 1000 479607 Sep 27 23:39 linefits.sdss.sdss.fiber1.001.Ha.NII1.png
-rw-r--r-- 1 root root 490571 Sep 30 22:23 linefits.sdss.sdss.fiber1.001.Hb.Hb_broad.png
-rw-rw-r-- 1 1000 1000 476010 Sep 27 23:39 linefits.sdss.sdss.fiber1.001.Hb.png
-rw-r--r-- 1 root root 503099 Sep 30 22:24 linefits.sdss.sdss.fiber1.001.NII2.Ha.Ha_broad.NII1.png
-rw-r--r-- 1 root root 492772 Sep 30 22:23 linefits.sdss.sdss.fiber1.001.OII.png
-rw-r--r-- 1 root root 463092 Sep 30 22:23 linefits.sdss.sdss.fiber1.001.OIII4.OIII5.png
-rw-r--r-- 1 1000 1000 457868 Sep 29 09:02 linefits.sdss.sdss.fiber1.001.OIII4.png
-rw-r--r-- 1 1000 1000 444054 Sep 29 09:02 linefits.sdss.sdss.fiber1.001.OIII5.png
-rw-r--r-- 1 root root 488842 Sep 30 22:25 linefits.sdss.sdss.fiber1.001.SII1.SII2.png
-rw-r--r-- 1 root root  20160 Sep 30 22:25 linefits.sdss.sdss.fiber1.001.fits
-rw-r--r-- 1 1000 1000 505491 Sep 29 10:29 linefits.sdss.sdss.fiber1.001.png
total 12K
-rw-r--r-- 1 root root 1.2K Sep 21 02:20 =5.2
drwxr-xr-x 1 root root 4.0K Sep 30 22:21 input
drwxrwxr-x 2 1000 1000 4.0K Sep 30 22:25 output
-rw-r--r-- 1 root root 1.2K Sep 21 02:20 /app/=5.2

/app/input:
total 132K
-rw-rw-r-- 1 1000 1000  12K Aug 28 20:16 Sky_bands.fits
-rw-rw-r-- 1 1000 1000 1.3K Sep 29 07:43 gleam.sh
-rw-rw-r-- 1 1000 1000 5.9K Sep 30 14:06 gleam_doublet_patch.py
-rw-rw-r-- 1 1000 1000 2.6K Sep 30 14:27 gleamconfig.yaml
-rw-rw-r-- 1 1000 1000 8.5K Sep 29 14:37 line_table.fits
-rw-rw-r-- 1 1000 1000  115 Sep 30 22:21 meta.dat
-rw-rw-r-- 1 1000 1000  85K Sep 30 22:21 spec1d.sdss.sdss.fiber1.1.fits

/app/output:
total 5.2M
-rw-rw-r-- 1 1000 1000  26K Sep 30 01:12 docker.log
-rw-r--r-- 1 1000 1000 477K Sep 29 10:29 linefits.sdss.sdss.fiber1.001.Ha.Ha_broad.NII1.png
-rw-rw-r-- 1 1000 1000 469K Sep 27 23:39 linefits.sdss.sdss.fiber1.001.Ha.NII1.png
-rw-r--r-- 1 root root 480K Sep 30 22:23 linefits.sdss.sdss.fiber1.001.Hb.Hb_broad.png
-rw-rw-r-- 1 1000 1000 465K Sep 27 23:39 linefits.sdss.sdss.fiber1.001.Hb.png
-rw-r--r-- 1 root root 492K Sep 30 22:24 linefits.sdss.sdss.fiber1.001.NII2.Ha.Ha_broad.NII1.png
-rw-r--r-- 1 root root 482K Sep 30 22:23 linefits.sdss.sdss.fiber1.001.OII.png
-rw-r--r-- 1 root root 453K Sep 30 22:23 linefits.sdss.sdss.fiber1.001.OIII4.OIII5.png
-rw-r--r-- 1 1000 1000 448K Sep 29 09:02 linefits.sdss.sdss.fiber1.001.OIII4.png
-rw-r--r-- 1 1000 1000 434K Sep 29 09:02 linefits.sdss.sdss.fiber1.001.OIII5.png
-rw-r--r-- 1 root root 478K Sep 30 22:25 linefits.sdss.sdss.fiber1.001.SII1.SII2.png
-rw-r--r-- 1 root root  20K Sep 30 22:25 linefits.sdss.sdss.fiber1.001.fits
-rw-r--r-- 1 1000 1000 494K Sep 29 10:29 linefits.sdss.sdss.fiber1.001.png
