<IPython.core.display.HTML object>
/app/BADASS3/example_spectra/2-onur
/app/BADASS3/example_spectra/2-onur/my_sdss.fits
0.3231107294559479
Start process memory: 0.22302720                    
 Folder has not been created.  Creating MCMC_output folder...

 > Starting fit for 2-onur

 Input fitting region exceeds available wavelength range.  BADASS will adjust your fitting range automatically...
		- Input fitting range: (2900, 8000)
		- Available wavelength range: (2695, 7859)
		- New fitting region is (2900, 7860). 


 Input spectrum is not linearly binned. BADASS will linearly rebin and conserve flux...


-----------------------------------------------------------
 file:                        my_sdss.fits                  
 redshift:                    0.32311                       
 fitting region:              (2900,7860) [A]               
 velocity scale:              69.03 [km/s/pixel]            
 Galactic E(B-V):             0.000                         
 Flux Normalization:          1e-17                         
 Fit Normalization:           215.45058                     
-----------------------------------------------------------

 Initializing parameters...
----------------------------------------------------------------------------------------------------
	- Fitting additive legendre polynomial component.
	- Fitting Simple AGN power-law continuum.
	- Fitting broad and narrow optical FeII using Veron-Cetty et al. (2004) optical FeII templates
	 		* varying optical FeII amplitudes
	 		* varying optical FeII dispersion.
	 		* varying optical FeII voff

 Warning! Peak finding algorithm used for initial guesses of amplitude and velocity failed! Defaulting to user-defined locations...

 Warning! Peak finding algorithm used for initial guesses of amplitude and velocity failed! Defaulting to user-defined locations...

----------------------------------------------------------------------------------------------------------------------------------------

----------------------------------------------------------------------------------------------------------------------------------------

 Line List:

----------------------------------------------------------------------------------------------------------------------------------------
BR_H_ALPHA                                                                                
                              amp                           free                          
                              center                        6564.6                        
                              center_pix                    3548.2700908270917            
                              disp                          free                          
                              disp_res_ang                  1.9257549904734386            
                              disp_res_kms                  87.94546843673623             
                              line_profile                  gaussian                      
                              line_type                     br                            
                              ncomp                         1                             
                              voff                          free                          
BR_H_BETA                                                                                 
                              amp                           free                          
                              center                        4862.691                      
                              center_pix                    2245.011382928234             
                              disp                          free                          
                              disp_res_ang                  1.9257549904734386            
                              disp_res_kms                  118.72578827233701            
                              line_profile                  gaussian                      
                              line_type                     br                            
                              ncomp                         1                             
                              voff                          free                          
BR_OII                                                                                    
                              amp                           free                          
                              center                        3727.09                       
                              center_pix                    1089.9941661475661            
                              disp                          free                          
                              disp_res_ang                  1.9257549904734386            
                              disp_res_kms                  154.90015591246754            
                              line_profile                  gaussian                      
                              line_type                     br                            
                              ncomp                         1                             
                              voff                          free                          
BR_OIII_a                                                                                 
                              amp                           (BR_OIII_b_AMP/2.98)          
                              center                        4960.295                      
                              center_pix                    2331.315895520442             
                              disp                          BR_OIII_b_DISP                
                              disp_res_ang                  1.9257549904734386            
                              disp_res_kms                  116.38961434749318            
                              line_profile                  gaussian                      
                              line_type                     br                            
                              ncomp                         1                             
                              voff                          BR_OIII_b_VOFF                
BR_OIII_b                                                                                 
                              amp                           free                          
                              center                        5008.24                       
                              center_pix                    2373.0903447359274            
                              disp                          free                          
                              disp_res_ang                  1.9257549904734386            
                              disp_res_kms                  115.27539057629002            
                              line_profile                  gaussian                      
                              line_type                     br                            
                              ncomp                         1                             
                              voff                          free                          
NA_H_ALPHA                                                                                
                              amp                           free                          
                              center                        6564.6                        
                              center_pix                    3548.2700908270917            
                              disp                          free                          
                              disp_res_ang                  1.9257549904734386            
                              disp_res_kms                  87.94546843673623             
                              label                         [H$\alpha$]                   
                              line_profile                  gaussian                      
                              line_type                     na                            
                              ncomp                         1                             
                              voff                          free                          
NA_H_BETA                                                                                 
                              amp                           free                          
                              center                        4862.691                      
                              center_pix                    2245.011382928234             
                              disp                          free                          
                              disp_res_ang                  1.9257549904734386            
                              disp_res_kms                  118.72578827233701            
                              label                         H$\beta$                      
                              line_profile                  gaussian                      
                              line_type                     na                            
                              ncomp                         1                             
                              voff                          free                          
NA_OII                                                                                    
                              amp                           free                          
                              center                        3727.09                       
                              center_pix                    1089.9941661475661            
                              disp                          free                          
                              disp_res_ang                  1.9257549904734386            
                              disp_res_kms                  154.90015591246754            
                              label                         [OII]                         
                              line_profile                  gaussian                      
                              line_type                     na                            
                              ncomp                         1                             
                              voff                          free                          
NA_OIII_a                                                                                 
                              amp                           (NA_OIII_b_AMP/2.98)          
                              center                        4960.295                      
                              center_pix                    2331.315895520442             
                              disp                          NA_OIII_b_DISP                
                              disp_res_ang                  1.9257549904734386            
                              disp_res_kms                  116.38961434749318            
                              label                         [OIIIa]                       
                              line_profile                  gaussian                      
                              line_type                     na                            
                              ncomp                         1                             
                              voff                          NA_OIII_b_VOFF                
NA_OIII_b                                                                                 
                              amp                           free                          
                              center                        5008.24                       
                              center_pix                    2373.0903447359274            
                              disp                          free                          
                              disp_res_ang                  1.9257549904734386            
                              disp_res_kms                  115.27539057629002            
                              label                         [OIIIb]                       
                              line_profile                  gaussian                      
                              line_type                     na                            
                              ncomp                         1                             
                              voff                          free                          

----------------------------------------------------------------------------------------------------------------------------------------

 Number of Free Line Parameters: 24

----------------------------------------------------------------------------------------------------------------------------------------

 All Free Parameters:

----------------------------------------------------------------------------------------------------------------------------------------
APOLY_COEFF_1                                                                             
                              init                          0.0                           
                              plim                          (-100.0, 100.0)               
APOLY_COEFF_2                                                                             
                              init                          0.0                           
                              plim                          (-100.0, 100.0)               
APOLY_COEFF_3                                                                             
                              init                          0.0                           
                              plim                          (-100.0, 100.0)               
APOLY_COEFF_4                                                                             
                              init                          0.0                           
                              plim                          (-100.0, 100.0)               
APOLY_COEFF_5                                                                             
                              init                          0.0                           
                              plim                          (-100.0, 100.0)               
APOLY_COEFF_6                                                                             
                              init                          0.0                           
                              plim                          (-100.0, 100.0)               
APOLY_COEFF_7                                                                             
                              init                          0.0                           
                              plim                          (-100.0, 100.0)               
BR_H_ALPHA_AMP                                                                            
                              init                          0.9320434655118524            
                              plim                          (0, 50)                       
BR_H_ALPHA_DISP                                                                           
                              init                          3750.0                        
                              plim                          (1500, 6000)                  
BR_H_ALPHA_VOFF                                                                           
                              init                          0.0                           
                              plim                          (-1500, 1500)                 
                              prior                         {'type': 'gaussian'}          
BR_H_BETA_AMP                                                                             
                              init                          0.43007331352555067           
                              plim                          (0, 50)                       
BR_H_BETA_DISP                                                                            
                              init                          3750.0                        
                              plim                          (1500, 6000)                  
BR_H_BETA_VOFF                                                                            
                              init                          0.0                           
                              plim                          (-1500, 1500)                 
                              prior                         {'type': 'gaussian'}          
BR_OIII_b_AMP                                                                             
                              init                          0.36549919212350335           
                              plim                          (0, 50)                       
BR_OIII_b_DISP                                                                            
                              init                          3750.0                        
                              plim                          (1500, 6000)                  
BR_OIII_b_VOFF                                                                            
                              init                          0.0                           
                              plim                          (-1500, 1500)                 
                              prior                         {'type': 'gaussian'}          
BR_OII_AMP                                                                                
                              init                          0.3876777755766148            
                              plim                          (0, 50)                       
BR_OII_DISP                                                                               
                              init                          3750.0                        
                              plim                          (1500, 6000)                  
BR_OII_VOFF                                                                               
                              init                          0.0                           
                              plim                          (-1500, 1500)                 
                              prior                         {'type': 'gaussian'}          
BR_OPT_FEII_AMP                                                                           
                              init                          0.018507018392083813          
                              plim                          (0, 1.50000001783651)         
BR_OPT_FEII_DISP                                                                          
                              init                          500.0                         
                              plim                          (500.0, 5000.0)               
BR_OPT_FEII_VOFF                                                                          
                              init                          0.0                           
                              plim                          (-500.0, 500.0)               
NA_H_ALPHA_AMP                                                                            
                              init                          0.9320434655118524            
                              plim                          (0, 50)                       
NA_H_ALPHA_DISP                                                                           
                              init                          1300.0                        
                              plim                          (100, 2500)                   
NA_H_ALPHA_VOFF                                                                           
                              init                          0.0                           
                              plim                          (-1000, 1000)                 
                              prior                         {'type': 'gaussian'}          
NA_H_BETA_AMP                                                                             
                              init                          0.43007331352555067           
                              plim                          (0, 50)                       
NA_H_BETA_DISP                                                                            
                              init                          1300.0                        
                              plim                          (100, 2500)                   
NA_H_BETA_VOFF                                                                            
                              init                          0.0                           
                              plim                          (-1000, 1000)                 
                              prior                         {'type': 'gaussian'}          
NA_OIII_b_AMP                                                                             
                              init                          0.36549919212350335           
                              plim                          (0, 50)                       
NA_OIII_b_DISP                                                                            
                              init                          1300.0                        
                              plim                          (100, 2500)                   
NA_OIII_b_VOFF                                                                            
                              init                          0.0                           
                              plim                          (-1000, 1000)                 
                              prior                         {'type': 'gaussian'}          
NA_OII_AMP                                                                                
                              init                          0.3876777755766148            
                              plim                          (0, 50)                       
NA_OII_DISP                                                                               
                              init                          1300.0                        
                              plim                          (100, 2500)                   
NA_OII_VOFF                                                                               
                              init                          0.0                           
                              plim                          (-1000, 1000)                 
                              prior                         {'type': 'gaussian'}          
NA_OPT_FEII_AMP                                                                           
                              init                          0.018507018392083813          
                              plim                          (0, 1.50000001783651)         
NA_OPT_FEII_DISP                                                                          
                              init                          10.0                          
                              plim                          (0.1, 500.0)                  
NA_OPT_FEII_VOFF                                                                          
                              init                          0.0                           
                              plim                          (-500.0, 500.0)               
POWER_AMP                                                                                 
                              init                          0.09253509196041906           
                              plim                          (0, 1.50000001783651)         
POWER_SLOPE                                                                               
                              init                          -1.0                          
                              plim                          (-6.0, 6.0)                   

----------------------------------------------------------------------------------------------------------------------------------------

 Total number of free parameters: 39

----------------------------------------------------------------------------------------------------------------------------------------

 Soft Constraints:


----------------------------------------------------------------------------------------------------------------------------------------

----------------------------------------------------------------------------------------------------------------------------------------

 Required Maximum Likelihood RMSE threshold: 0.9957 


 Performing max. likelihood fitting.

 Using Basin-hopping algorithm to estimate parameters. niter_success = 5
basinhopping step 0: f 2.5626
 Fit Status: False
 Force threshold: 0.9957
 Lowest RMSE: 0.1314
 Current RMSE: 0.1314
 Accepted count: 1
 Basinhop count: 0


adaptive stepsize: acceptance rate 0.000000 target 0.500000 new stepsize 0.9 old stepsize 1
basinhopping step 1: f 2.96808 trial_f 2.96808 accepted 1  lowest_f 2.5626
 Fit Status: False
 Force threshold: 0.9957
 Lowest RMSE: 0.1314
 Current RMSE: 0.1415
 Accepted count: 2
 Basinhop count: 1


adaptive stepsize: acceptance rate 0.500000 target 0.500000 new stepsize 0.81 old stepsize 0.9
basinhopping step 2: f 2.21278 trial_f 2.21278 accepted 1  lowest_f 2.21278
found new global minimum on step 2 with function value 2.21278
 Fit Status: False
 Force threshold: 0.9957
 Lowest RMSE: 0.1221
 Current RMSE: 0.1221
 Accepted count: 3
 Basinhop count: 0


adaptive stepsize: acceptance rate 0.666667 target 0.500000 new stepsize 0.9 old stepsize 0.81
basinhopping step 3: f 2.96107 trial_f 2.96107 accepted 1  lowest_f 2.21278
 Fit Status: False
 Force threshold: 0.9957
 Lowest RMSE: 0.1221
 Current RMSE: 0.1413
 Accepted count: 4
 Basinhop count: 1


adaptive stepsize: acceptance rate 0.750000 target 0.500000 new stepsize 1 old stepsize 0.9
basinhopping step 4: f 2.96351 trial_f 2.96351 accepted 1  lowest_f 2.21278
 Fit Status: False
 Force threshold: 0.9957
 Lowest RMSE: 0.1221
 Current RMSE: 0.1413
 Accepted count: 5
 Basinhop count: 2


adaptive stepsize: acceptance rate 0.800000 target 0.500000 new stepsize 1.11111 old stepsize 1
basinhopping step 5: f 2.96351 trial_f 4.46019 accepted 0  lowest_f 2.21278
 Fit Status: False
 Force threshold: 0.9957
 Lowest RMSE: 0.1221
 Current RMSE: 0.1734
 Accepted count: 5
 Basinhop count: 3


adaptive stepsize: acceptance rate 0.666667 target 0.500000 new stepsize 1.23457 old stepsize 1.11111
basinhopping step 6: f 2.57618 trial_f 2.57618 accepted 1  lowest_f 2.21278
 Fit Status: False
 Force threshold: 0.9957
 Lowest RMSE: 0.1221
 Current RMSE: 0.1318
 Accepted count: 6
 Basinhop count: 4


adaptive stepsize: acceptance rate 0.714286 target 0.500000 new stepsize 1.37174 old stepsize 1.23457
basinhopping step 7: f 2.57618 trial_f 19.8361 accepted 0  lowest_f 2.21278
 Fit Status: True
 Force threshold: 0.9957
 Lowest RMSE: 0.1221
 Current RMSE: 0.3657
 Accepted count: 6
 Basinhop count: 5



 Maximum Likelihood Best-fit Parameters:
--------------------------------------------------------------------------------------

Parameter                     Best-fit Value                +/- 1-sigma                   Flag                          
--------------------------------------------------------------------------------------
AGN_FRAC_4000                 1.000000                      0.000000                      1.0                           
AGN_FRAC_7000                 1.000000                      0.000000                      1.0                           
APOLY_COEFF_1                 -0.353392                     0.000000                      1.0                           
APOLY_COEFF_2                 0.128912                      0.000000                      1.0                           
APOLY_COEFF_3                 -0.027069                     0.000000                      1.0                           
APOLY_COEFF_4                 -0.023800                     0.000000                      1.0                           
APOLY_COEFF_5                 0.019276                      0.000000                      1.0                           
APOLY_COEFF_6                 0.004970                      0.000000                      1.0                           
APOLY_COEFF_7                 -0.012815                     0.000000                      1.0                           
BR_H_ALPHA_AMP                21.718700                     0.000000                      1.0                           
BR_H_ALPHA_DISP               3754.201828                   0.000000                      1.0                           
BR_H_ALPHA_DISP_CORR          3753.171586                   0.000000                      1.0                           
BR_H_ALPHA_DISP_RES           87.945468                     nan                           nan                           
BR_H_ALPHA_EW                 303.773302                    0.000000                      0.0                           
BR_H_ALPHA_FLUX               -13.227537                    0.000000                      0.0                           
BR_H_ALPHA_FWHM               8840.667266                   0.000000                      0.0                           
BR_H_ALPHA_FWHM_CORR          8838.241329                   0.000000                      0.0                           
BR_H_ALPHA_LUM                43.307228                     0.000000                      0.0                           
BR_H_ALPHA_NPIX               272.000000                    0.000000                      0.0                           
BR_H_ALPHA_SNR                10.451442                     0.000000                      0.0                           
BR_H_ALPHA_VOFF               3.204126                      0.000000                      1.0                           
BR_H_ALPHA_W80                9847.821345                   0.000000                      0.0                           
BR_H_ALPHA_W80_CORR           9845.233337                   0.000000                      0.0                           
BR_H_BETA_AMP                 8.140627                      0.000000                      1.0                           
BR_H_BETA_DISP                3750.528528                   0.000000                      1.0                           
BR_H_BETA_DISP_CORR           3748.648880                   0.000000                      1.0                           
BR_H_BETA_DISP_RES            118.725788                    nan                           nan                           
BR_H_BETA_EW                  51.211906                     0.000000                      0.0                           
BR_H_BETA_FLUX                -13.784476                    0.000000                      0.0                           
BR_H_BETA_FWHM                8831.832206                   0.000000                      0.0                           
BR_H_BETA_FWHM_CORR           8827.406056                   0.000000                      0.0                           
BR_H_BETA_LUM                 42.750289                     0.000000                      0.0                           
BR_H_BETA_NPIX                200.000000                    0.000000                      0.0                           
BR_H_BETA_SNR                 3.917487                      0.000000                      0.0                           
BR_H_BETA_VOFF                -0.207599                     0.000000                      1.0                           
BR_H_BETA_W80                 9838.043629                   0.000000                      0.0                           
BR_H_BETA_W80_CORR            9833.321831                   0.000000                      0.0                           
BR_OIII_a_AMP                 0.000000                      0.000000                      2.0                           
BR_OIII_a_DISP                3751.289719                   0.000000                      1.0                           
BR_OIII_a_DISP_CORR           3749.483700                   0.000000                      1.0                           
BR_OIII_a_DISP_RES            116.389614                    nan                           nan                           
BR_OIII_a_EW                  0.000000                      0.000000                      1.0                           
BR_OIII_a_FLUX                0.000000                      0.000000                      0.0                           
BR_OIII_a_FWHM                0.000000                      0.000000                      0.0                           
BR_OIII_a_FWHM_CORR           0.000000                      0.000000                      0.0                           
BR_OIII_a_LUM                 0.000000                      0.000000                      1.0                           
BR_OIII_a_NPIX                0.000000                      0.000000                      0.0                           
BR_OIII_a_SNR                 0.000000                      0.000000                      0.0                           
BR_OIII_a_VOFF                0.555326                      0.000000                      1.0                           
BR_OIII_a_W80                 0.000000                      0.000000                      0.0                           
BR_OIII_a_W80_CORR            0.000000                      0.000000                      0.0                           
BR_OIII_b_AMP                 0.000000                      0.000000                      2.0                           
BR_OIII_b_DISP                3751.289719                   0.000000                      1.0                           
BR_OIII_b_DISP_CORR           3749.518122                   0.000000                      1.0                           
BR_OIII_b_DISP_RES            115.275391                    nan                           nan                           
BR_OIII_b_EW                  0.000000                      0.000000                      1.0                           
BR_OIII_b_FLUX                0.000000                      0.000000                      0.0                           
BR_OIII_b_FWHM                0.000000                      0.000000                      0.0                           
BR_OIII_b_FWHM_CORR           0.000000                      0.000000                      0.0                           
BR_OIII_b_LUM                 0.000000                      0.000000                      1.0                           
BR_OIII_b_NPIX                0.000000                      0.000000                      0.0                           
BR_OIII_b_SNR                 0.000000                      0.000000                      0.0                           
BR_OIII_b_VOFF                0.555326                      0.000000                      1.0                           
BR_OIII_b_W80                 0.000000                      0.000000                      0.0                           
BR_OIII_b_W80_CORR            0.000000                      0.000000                      0.0                           
BR_OII_AMP                    0.000000                      0.000000                      2.0                           
BR_OII_DISP                   3749.348704                   0.000000                      1.0                           
BR_OII_DISP_CORR              3746.147574                   0.000000                      1.0                           
BR_OII_DISP_RES               154.900156                    nan                           nan                           
BR_OII_EW                     0.000000                      0.000000                      1.0                           
BR_OII_FLUX                   0.000000                      0.000000                      0.0                           
BR_OII_FWHM                   0.000000                      0.000000                      0.0                           
BR_OII_FWHM_CORR              0.000000                      0.000000                      0.0                           
BR_OII_LUM                    0.000000                      0.000000                      1.0                           
BR_OII_NPIX                   0.000000                      0.000000                      0.0                           
BR_OII_SNR                    0.000000                      0.000000                      0.0                           
BR_OII_VOFF                   0.607520                      0.000000                      1.0                           
BR_OII_W80                    0.000000                      0.000000                      0.0                           
BR_OII_W80_CORR               0.000000                      0.000000                      0.0                           
BR_OPT_FEII_AMP               28.079100                     0.000000                      1.0                           
BR_OPT_FEII_DISP              506.152844                    0.000000                      1.0                           
BR_OPT_FEII_TEMPLATE_EW       40.946072                     0.000000                      1.0                           
BR_OPT_FEII_TEMPLATE_FLUX     -13.897967                    0.000000                      1.0                           
BR_OPT_FEII_TEMPLATE_LUM      42.636797                     0.000000                      1.0                           
BR_OPT_FEII_VOFF              -3.176464                     0.000000                      1.0                           
HOST_FRAC_4000                0.252877                      0.000000                      1.0                           
HOST_FRAC_7000                -2.650287                     0.000000                      1.0                           
H_ALPHA_COMP_DISP             2334.503336                   0.000000                      0.0                           
H_ALPHA_COMP_DISP_CORR        2332.846206                   0.000000                      0.0                           
H_ALPHA_COMP_DISP_RES         87.945468                     nan                           nan                           
H_ALPHA_COMP_EW               903.070868                    0.000000                      1.0                           
H_ALPHA_COMP_FLUX             -12.754217                    0.000000                      1.0                           
H_ALPHA_COMP_FWHM             2648.751504                   0.000000                      0.0                           
H_ALPHA_COMP_FWHM_CORR        2640.643219                   0.000000                      0.0                           
H_ALPHA_COMP_LUM              43.780547                     0.000000                      1.0                           
H_ALPHA_COMP_NPIX             272.000000                    0.000000                      0.0                           
H_ALPHA_COMP_SNR              79.500273                     0.000000                      0.0                           
H_ALPHA_COMP_VOFF             -105.574755                   0.000000                      0.0                           
H_ALPHA_COMP_W80              4815.431569                   0.000000                      0.0                           
H_ALPHA_COMP_W80_CORR         4810.136736                   0.000000                      0.0                           
H_BETA_COMP_DISP              2402.616604                   0.000000                      0.0                           
H_BETA_COMP_DISP_CORR         2399.681382                   0.000000                      0.0                           
H_BETA_COMP_DISP_RES          118.725788                    nan                           nan                           
H_BETA_COMP_EW                154.484203                    0.000000                      1.0                           
H_BETA_COMP_FLUX              -13.305007                    0.000000                      1.0                           
H_BETA_COMP_FWHM              3344.180128                   0.000000                      0.0                           
H_BETA_COMP_FWHM_CORR         3332.473297                   0.000000                      0.0                           
H_BETA_COMP_LUM               43.229758                     0.000000                      1.0                           
H_BETA_COMP_NPIX              200.000000                    0.000000                      0.0                           
H_BETA_COMP_SNR               27.207185                     0.000000                      0.0                           
H_BETA_COMP_VOFF              -12.591343                    0.000000                      0.0                           
H_BETA_COMP_W80               5227.834035                   0.000000                      0.0                           
H_BETA_COMP_W80_CORR          5218.942852                   0.000000                      0.0                           
LOG_LIKE                      2.212784                      0.000000                      0.0                           
L_CONT_AGN_3000               45.119823                     0.000000                      1.0                           
L_CONT_AGN_5100               44.714004                     0.000000                      1.0                           
L_CONT_HOST_3000              44.982111                     0.000000                      1.0                           
L_CONT_HOST_5100              0.000000                      0.000000                      1.0                           
L_CONT_TOT_3000               45.119823                     0.000000                      1.0                           
L_CONT_TOT_5100               44.714004                     0.000000                      1.0                           
NA_H_ALPHA_AMP                156.081177                    0.000000                      1.0                           
NA_H_ALPHA_DISP               1031.772679                   0.000000                      1.0                           
NA_H_ALPHA_DISP_CORR          1028.017731                   0.000000                      1.0                           
NA_H_ALPHA_DISP_RES           87.945468                     nan                           nan                           
NA_H_ALPHA_EW                 599.297566                    0.000000                      0.0                           
NA_H_ALPHA_FLUX               -12.932222                    0.000000                      0.0                           
NA_H_ALPHA_FWHM               2430.002745                   0.000000                      0.0                           
NA_H_ALPHA_FWHM_CORR          2421.161998                   0.000000                      0.0                           
NA_H_ALPHA_LUM                43.602543                     0.000000                      0.0                           
NA_H_ALPHA_NPIX               91.000000                     0.000000                      0.0                           
NA_H_ALPHA_SNR                75.109889                     0.000000                      0.0                           
NA_H_ALPHA_VOFF               -160.650832                   0.000000                      1.0                           
NA_H_ALPHA_W80                2705.020762                   0.000000                      0.0                           
NA_H_ALPHA_W80_CORR           2695.583711                   0.000000                      0.0                           
NA_H_BETA_AMP                 47.783005                     0.000000                      1.0                           
NA_H_BETA_DISP                1288.482575                   0.000000                      1.0                           
NA_H_BETA_DISP_CORR           1283.000987                   0.000000                      1.0                           
NA_H_BETA_DISP_RES            118.725788                    nan                           nan                           
NA_H_BETA_EW                  103.272297                    0.000000                      0.0                           
NA_H_BETA_FLUX                -13.479929                    0.000000                      0.0                           
NA_H_BETA_FWHM                3034.590167                   0.000000                      0.0                           
NA_H_BETA_FWHM_CORR           3021.684138                   0.000000                      0.0                           
NA_H_BETA_LUM                 43.054835                     0.000000                      0.0                           
NA_H_BETA_NPIX                95.000000                     0.000000                      0.0                           
NA_H_BETA_SNR                 22.992229                     0.000000                      0.0                           
NA_H_BETA_VOFF                -18.732779                    0.000000                      1.0                           
NA_H_BETA_W80                 3379.233723                   0.000000                      0.0                           
NA_H_BETA_W80_CORR            3365.462279                   0.000000                      0.0                           
NA_OIII_a_AMP                 8.157452                      0.000000                      1.0                           
NA_OIII_a_DISP                1259.807216                   0.000000                      1.0                           
NA_OIII_a_DISP_CORR           1254.419259                   0.000000                      1.0                           
NA_OIII_a_DISP_RES            116.389614                    nan                           nan                           
NA_OIII_a_EW                  18.218727                     0.000000                      0.0                           
NA_OIII_a_FLUX                -14.248793                    0.000000                      0.0                           
NA_OIII_a_FWHM                2966.936262                   0.000000                      0.0                           
NA_OIII_a_FWHM_CORR           2954.250172                   0.000000                      0.0                           
NA_OIII_a_LUM                 42.285972                     0.000000                      0.0                           
NA_OIII_a_NPIX                62.000000                     0.000000                      0.0                           
NA_OIII_a_SNR                 3.925565                      0.000000                      0.0                           
NA_OIII_a_VOFF                -17.918610                    0.000000                      1.0                           
NA_OIII_a_W80                 3303.398708                   0.000000                      0.0                           
NA_OIII_a_W80_CORR            3289.859911                   0.000000                      0.0                           
NA_OIII_b_AMP                 24.309207                     0.000000                      1.0                           
NA_OIII_b_DISP                1259.807216                   0.000000                      1.0                           
NA_OIII_b_DISP_CORR           1254.522142                   0.000000                      1.0                           
NA_OIII_b_DISP_RES            115.275391                    nan                           nan                           
NA_OIII_b_EW                  55.689538                     0.000000                      0.0                           
NA_OIII_b_FLUX                -13.770397                    0.000000                      0.0                           
NA_OIII_b_FWHM                2966.986272                   0.000000                      0.0                           
NA_OIII_b_FWHM_CORR           2954.542633                   0.000000                      0.0                           
NA_OIII_b_LUM                 42.764367                     0.000000                      0.0                           
NA_OIII_b_NPIX                84.000000                     0.000000                      0.0                           
NA_OIII_b_SNR                 11.697738                     0.000000                      0.0                           
NA_OIII_b_VOFF                -17.918610                    0.000000                      1.0                           
NA_OIII_b_W80                 3303.563314                   0.000000                      0.0                           
NA_OIII_b_W80_CORR            3290.283681                   0.000000                      0.0                           
NA_OII_AMP                    0.000000                      0.000000                      2.0                           
NA_OII_DISP                   1300.099835                   0.000000                      1.0                           
NA_OII_DISP_CORR              1290.839077                   0.000000                      1.0                           
NA_OII_DISP_RES               154.900156                    nan                           nan                           
NA_OII_EW                     0.000000                      0.000000                      1.0                           
NA_OII_FLUX                   0.000000                      0.000000                      0.0                           
NA_OII_FWHM                   0.000000                      0.000000                      0.0                           
NA_OII_FWHM_CORR              0.000000                      0.000000                      0.0                           
NA_OII_LUM                    0.000000                      0.000000                      1.0                           
NA_OII_NPIX                   0.000000                      0.000000                      0.0                           
NA_OII_SNR                    0.000000                      0.000000                      0.0                           
NA_OII_VOFF                   -0.057593                     0.000000                      1.0                           
NA_OII_W80                    0.000000                      0.000000                      0.0                           
NA_OII_W80_CORR               0.000000                      0.000000                      0.0                           
NA_OPT_FEII_AMP               8.202780                      0.000000                      1.0                           
NA_OPT_FEII_DISP              10.078666                     0.000000                      1.0                           
NA_OPT_FEII_TEMPLATE_EW       14.582366                     0.000000                      1.0                           
NA_OPT_FEII_TEMPLATE_FLUX     -14.279630                    0.000000                      1.0                           
NA_OPT_FEII_TEMPLATE_LUM      42.255135                     0.000000                      1.0                           
NA_OPT_FEII_VOFF              -0.738597                     0.000000                      1.0                           
OIII_a_COMP_DISP              1259.741944                   0.000000                      0.0                           
OIII_a_COMP_DISP_CORR         1254.353708                   0.000000                      0.0                           
OIII_a_COMP_DISP_RES          116.389614                    nan                           nan                           
OIII_a_COMP_EW                18.218727                     0.000000                      1.0                           
OIII_a_COMP_FLUX              -14.248793                    0.000000                      1.0                           
OIII_a_COMP_FWHM              2966.936262                   0.000000                      0.0                           
OIII_a_COMP_FWHM_CORR         2954.250172                   0.000000                      0.0                           
OIII_a_COMP_LUM               42.285972                     0.000000                      1.0                           
OIII_a_COMP_NPIX              62.000000                     0.000000                      0.0                           
OIII_a_COMP_SNR               4.938574                      0.000000                      0.0                           
OIII_a_COMP_VOFF              -17.919017                    0.000000                      0.0                           
OIII_a_COMP_W80               3303.398708                   0.000000                      0.0                           
OIII_a_COMP_W80_CORR          3289.859911                   0.000000                      0.0                           
OIII_b_COMP_DISP              1259.785559                   0.000000                      0.0                           
OIII_b_COMP_DISP_CORR         1254.500394                   0.000000                      0.0                           
OIII_b_COMP_DISP_RES          115.275391                    nan                           nan                           
OIII_b_COMP_EW                55.689538                     0.000000                      1.0                           
OIII_b_COMP_FLUX              -13.770397                    0.000000                      1.0                           
OIII_b_COMP_FWHM              2966.986272                   0.000000                      0.0                           
OIII_b_COMP_FWHM_CORR         2954.542633                   0.000000                      0.0                           
OIII_b_COMP_LUM               42.764367                     0.000000                      1.0                           
OIII_b_COMP_NPIX              84.000000                     0.000000                      0.0                           
OIII_b_COMP_SNR               13.220420                     0.000000                      0.0                           
OIII_b_COMP_VOFF              -17.919394                    0.000000                      0.0                           
OIII_b_COMP_W80               3303.563314                   0.000000                      0.0                           
OIII_b_COMP_W80_CORR          3290.283681                   0.000000                      0.0                           
OII_COMP_DISP                 0.000000                      0.000000                      0.0                           
OII_COMP_DISP_CORR            0.000000                      0.000000                      0.0                           
OII_COMP_DISP_RES             154.900156                    nan                           nan                           
OII_COMP_EW                   0.000000                      0.000000                      1.0                           
OII_COMP_FLUX                 0.000000                      0.000000                      1.0                           
OII_COMP_FWHM                 0.000000                      0.000000                      0.0                           
OII_COMP_FWHM_CORR            0.000000                      0.000000                      0.0                           
OII_COMP_LUM                  0.000000                      0.000000                      1.0                           
OII_COMP_NPIX                 0.000000                      0.000000                      0.0                           
OII_COMP_SNR                  0.000000                      0.000000                      0.0                           
OII_COMP_VOFF                 0.000000                      0.000000                      0.0                           
OII_COMP_W80                  0.000000                      0.000000                      0.0                           
OII_COMP_W80_CORR             0.000000                      0.000000                      0.0                           
POWER_AMP                     54.056479                     0.000000                      1.0                           
POWER_SLOPE                   0.752272                      0.000000                      1.0                           
RCHI_SQUARED                  20.689171                     0.000000                      0.0                           
R_SQUARED                     0.994476                      0.000000                      0.0                           
NOISE_STD                     1.581504                                                                                  
RESID_STD                     4.869934                                                                                  
--------------------------------------------------------------------------------------
 - Done fitting 2-onur! 

End process memory: 0.26015334                    
