<IPython.core.display.HTML object>
/app/BADASS3/example_spectra/2-onur
/app/BADASS3/example_spectra/2-onur/my_sdss.fits
0.34872591495513916
Start process memory: 0.22320742                    
 Folder has not been created.  Creating MCMC_output folder...

 > Starting fit for 2-onur

 Input fitting region exceeds available wavelength range.  BADASS will adjust your fitting range automatically...
		- Input fitting range: (2900, 8000)
		- Available wavelength range: (2644, 7710)
		- New fitting region is (2900, 7711). 


 Input spectrum is not linearly binned. BADASS will linearly rebin and conserve flux...


-----------------------------------------------------------
 file:                        my_sdss.fits                  
 redshift:                    0.34873                       
 fitting region:              (2900,7711) [A]               
 velocity scale:              69.03 [km/s/pixel]            
 Galactic E(B-V):             0.000                         
 Flux Normalization:          1e-17                         
 Fit Normalization:           89.33414                      
-----------------------------------------------------------

 Initializing parameters...
----------------------------------------------------------------------------------------------------
	- Fitting additive legendre polynomial component.
	- Fitting Simple AGN power-law continuum.
	- Fitting broad and narrow optical FeII using Veron-Cetty et al. (2004) optical FeII templates
	 		* varying optical FeII amplitudes
	 		* varying optical FeII dispersion.
	 		* varying optical FeII voff

 Warning! Peak finding algorithm used for initial guesses of amplitude and velocity failed! Defaulting to user-defined locations...

 Warning! Peak finding algorithm used for initial guesses of amplitude and velocity failed! Defaulting to user-defined locations...

----------------------------------------------------------------------------------------------------------------------------------------

----------------------------------------------------------------------------------------------------------------------------------------

 Line List:

----------------------------------------------------------------------------------------------------------------------------------------
BR_H_ALPHA                                                                                
                              amp                           free                          
                              center                        6551                          
                              center_pix                    3539.535244513191             
                              disp                          free                          
                              disp_res_ang                  1.8891807905118316            
                              disp_res_kms                  86.45430511279575             
                              line_profile                  gaussian                      
                              line_type                     br                            
                              ncomp                         1                             
                              voff                          free                          
BR_H_BETA                                                                                 
                              amp                           free                          
                              center                        4834                          
                              center_pix                    2219.5836676343856            
                              disp                          free                          
                              disp_res_ang                  1.8891807905118316            
                              disp_res_kms                  117.16221613444871            
                              line_profile                  gaussian                      
                              line_type                     br                            
                              ncomp                         1                             
                              voff                          free                          
BR_OII                                                                                    
                              amp                           free                          
                              center                        3784                          
                              center_pix                    1156.0752004156132            
                              disp                          free                          
                              disp_res_ang                  1.8891807905118316            
                              disp_res_kms                  149.6728733599168             
                              line_profile                  gaussian                      
                              line_type                     br                            
                              ncomp                         1                             
                              voff                          free                          
BR_OIII_a                                                                                 
                              amp                           free                          
                              center                        4931                          
                              center_pix                    2305.863458285288             
                              disp                          free                          
                              disp_res_ang                  1.8891807905118316            
                              disp_res_kms                  114.85746355585582            
                              line_profile                  gaussian                      
                              line_type                     br                            
                              ncomp                         1                             
                              voff                          free                          
BR_OIII_b                                                                                 
                              amp                           free                          
                              center                        5007                          
                              center_pix                    2372.286420522893             
                              disp                          free                          
                              disp_res_ang                  1.8891807905118316            
                              disp_res_kms                  113.11407085958159            
                              line_profile                  gaussian                      
                              line_type                     br                            
                              ncomp                         1                             
                              voff                          free                          
NA_H_ALPHA                                                                                
                              amp                           free                          
                              center                        6551                          
                              center_pix                    3539.535244513191             
                              disp                          free                          
                              disp_res_ang                  1.8891807905118316            
                              disp_res_kms                  86.45430511279575             
                              label                         [H$\alpha$]                   
                              line_profile                  gaussian                      
                              line_type                     na                            
                              ncomp                         1                             
                              voff                          free                          
NA_H_BETA                                                                                 
                              amp                           free                          
                              center                        4834                          
                              center_pix                    2219.5836676343856            
                              disp                          free                          
                              disp_res_ang                  1.8891807905118316            
                              disp_res_kms                  117.16221613444871            
                              label                         H$\beta$                      
                              line_profile                  gaussian                      
                              line_type                     na                            
                              ncomp                         1                             
                              voff                          free                          
NA_OII                                                                                    
                              amp                           free                          
                              center                        3784                          
                              center_pix                    1156.0752004156132            
                              disp                          free                          
                              disp_res_ang                  1.8891807905118316            
                              disp_res_kms                  149.6728733599168             
                              label                         [OII]                         
                              line_profile                  gaussian                      
                              line_type                     na                            
                              ncomp                         1                             
                              voff                          free                          
NA_OIII_a                                                                                 
                              amp                           free                          
                              center                        4931                          
                              center_pix                    2305.863458285288             
                              disp                          free                          
                              disp_res_ang                  1.8891807905118316            
                              disp_res_kms                  114.85746355585582            
                              label                         [OIIIa]                       
                              line_profile                  gaussian                      
                              line_type                     na                            
                              ncomp                         1                             
                              voff                          free                          
NA_OIII_b                                                                                 
                              amp                           free                          
                              center                        5007                          
                              center_pix                    2372.286420522893             
                              disp                          free                          
                              disp_res_ang                  1.8891807905118316            
                              disp_res_kms                  113.11407085958159            
                              label                         [OIIIb]                       
                              line_profile                  gaussian                      
                              line_type                     na                            
                              ncomp                         1                             
                              voff                          free                          

----------------------------------------------------------------------------------------------------------------------------------------

 Number of Free Line Parameters: 30

----------------------------------------------------------------------------------------------------------------------------------------

 All Free Parameters:

----------------------------------------------------------------------------------------------------------------------------------------
APOLY_COEFF_1                                                                             
                              init                          0.0                           
                              plim                          (-100.0, 100.0)               
APOLY_COEFF_2                                                                             
                              init                          0.0                           
                              plim                          (-100.0, 100.0)               
APOLY_COEFF_3                                                                             
                              init                          0.0                           
                              plim                          (-100.0, 100.0)               
APOLY_COEFF_4                                                                             
                              init                          0.0                           
                              plim                          (-100.0, 100.0)               
APOLY_COEFF_5                                                                             
                              init                          0.0                           
                              plim                          (-100.0, 100.0)               
APOLY_COEFF_6                                                                             
                              init                          0.0                           
                              plim                          (-100.0, 100.0)               
APOLY_COEFF_7                                                                             
                              init                          0.0                           
                              plim                          (-100.0, 100.0)               
BR_H_ALPHA_AMP                                                                            
                              init                          0.8452130464969889            
                              plim                          (0, 50)                       
BR_H_ALPHA_DISP                                                                           
                              init                          3300.0                        
                              plim                          (600, 6000)                   
BR_H_ALPHA_VOFF                                                                           
                              init                          0.0                           
                              plim                          (-1500, 1500)                 
                              prior                         {'type': 'gaussian'}          
BR_H_BETA_AMP                                                                             
                              init                          0.3471204259951919            
                              plim                          (0, 50)                       
BR_H_BETA_DISP                                                                            
                              init                          3300.0                        
                              plim                          (600, 6000)                   
BR_H_BETA_VOFF                                                                            
                              init                          0.0                           
                              plim                          (-1500, 1500)                 
                              prior                         {'type': 'gaussian'}          
BR_OIII_a_AMP                                                                             
                              init                          0.26129098659448363           
                              plim                          (0, 50)                       
BR_OIII_a_DISP                                                                            
                              init                          3300.0                        
                              plim                          (600, 6000)                   
BR_OIII_a_VOFF                                                                            
                              init                          0.0                           
                              plim                          (-1500, 1500)                 
                              prior                         {'type': 'gaussian'}          
BR_OIII_b_AMP                                                                             
                              init                          0.4434641904953897            
                              plim                          (0, 50)                       
BR_OIII_b_DISP                                                                            
                              init                          3300.0                        
                              plim                          (600, 6000)                   
BR_OIII_b_VOFF                                                                            
                              init                          0.0                           
                              plim                          (-1500, 1500)                 
                              prior                         {'type': 'gaussian'}          
BR_OII_AMP                                                                                
                              init                          0.3492445012161061            
                              plim                          (0, 50)                       
BR_OII_DISP                                                                               
                              init                          3300.0                        
                              plim                          (600, 6000)                   
BR_OII_VOFF                                                                               
                              init                          0.0                           
                              plim                          (-1500, 1500)                 
                              prior                         {'type': 'gaussian'}          
BR_OPT_FEII_AMP                                                                           
                              init                          0.026628368030811103          
                              plim                          (0, 1.5000000427715077)       
BR_OPT_FEII_DISP                                                                          
                              init                          500.0                         
                              plim                          (500.0, 5000.0)               
BR_OPT_FEII_VOFF                                                                          
                              init                          0.0                           
                              plim                          (-500.0, 500.0)               
NA_H_ALPHA_AMP                                                                            
                              init                          0.8452130464969889            
                              plim                          (0, 50)                       
NA_H_ALPHA_DISP                                                                           
                              init                          1300.0                        
                              plim                          (100, 2500)                   
NA_H_ALPHA_VOFF                                                                           
                              init                          0.0                           
                              plim                          (-1000, 1000)                 
                              prior                         {'type': 'gaussian'}          
NA_H_BETA_AMP                                                                             
                              init                          0.3471204259951919            
                              plim                          (0, 50)                       
NA_H_BETA_DISP                                                                            
                              init                          1300.0                        
                              plim                          (100, 2500)                   
NA_H_BETA_VOFF                                                                            
                              init                          0.0                           
                              plim                          (-1000, 1000)                 
                              prior                         {'type': 'gaussian'}          
NA_OIII_a_AMP                                                                             
                              init                          0.26129098659448363           
                              plim                          (0, 50)                       
NA_OIII_a_DISP                                                                            
                              init                          1300.0                        
                              plim                          (100, 2500)                   
NA_OIII_a_VOFF                                                                            
                              init                          0.0                           
                              plim                          (-1000, 1000)                 
                              prior                         {'type': 'gaussian'}          
NA_OIII_b_AMP                                                                             
                              init                          0.4434641904953897            
                              plim                          (0, 50)                       
NA_OIII_b_DISP                                                                            
                              init                          1300.0                        
                              plim                          (100, 2500)                   
NA_OIII_b_VOFF                                                                            
                              init                          0.0                           
                              plim                          (-1000, 1000)                 
                              prior                         {'type': 'gaussian'}          
NA_OII_AMP                                                                                
                              init                          0.3492445012161061            
                              plim                          (0, 50)                       
NA_OII_DISP                                                                               
                              init                          1300.0                        
                              plim                          (100, 2500)                   
NA_OII_VOFF                                                                               
                              init                          0.0                           
                              plim                          (-1000, 1000)                 
                              prior                         {'type': 'gaussian'}          
NA_OPT_FEII_AMP                                                                           
                              init                          0.026628368030811103          
                              plim                          (0, 1.5000000427715077)       
NA_OPT_FEII_DISP                                                                          
                              init                          10.0                          
                              plim                          (0.1, 500.0)                  
NA_OPT_FEII_VOFF                                                                          
                              init                          0.0                           
                              plim                          (-500.0, 500.0)               
POWER_AMP                                                                                 
                              init                          0.1331418401540555            
                              plim                          (0, 1.5000000427715077)       
POWER_SLOPE                                                                               
                              init                          -1.0                          
                              plim                          (-6.0, 6.0)                   

----------------------------------------------------------------------------------------------------------------------------------------

 Total number of free parameters: 45

----------------------------------------------------------------------------------------------------------------------------------------

 Soft Constraints:

                 NA_OIII_b_AMP > NA_OIII_a_AMP

----------------------------------------------------------------------------------------------------------------------------------------

----------------------------------------------------------------------------------------------------------------------------------------

 Required Maximum Likelihood RMSE threshold: 0.4694 


 Performing max. likelihood fitting.

 Using Basin-hopping algorithm to estimate parameters. niter_success = 5
basinhopping step 0: f 3.16101
 Fit Status: False
 Force threshold: 0.4694
 Lowest RMSE: 0.1024
 Current RMSE: 0.1024
 Accepted count: 1
 Basinhop count: 0


adaptive stepsize: acceptance rate 0.000000 target 0.500000 new stepsize 0.9 old stepsize 1
basinhopping step 1: f 3.16101 trial_f 4.03542 accepted 0  lowest_f 3.16101
 Fit Status: False
 Force threshold: 0.4694
 Lowest RMSE: 0.1024
 Current RMSE: 0.1157
 Accepted count: 1
 Basinhop count: 1


adaptive stepsize: acceptance rate 0.000000 target 0.500000 new stepsize 0.81 old stepsize 0.9
basinhopping step 2: f 3.30768 trial_f 3.30768 accepted 1  lowest_f 3.16101
 Fit Status: False
 Force threshold: 0.4694
 Lowest RMSE: 0.1024
 Current RMSE: 0.1048
 Accepted count: 2
 Basinhop count: 2


adaptive stepsize: acceptance rate 0.333333 target 0.500000 new stepsize 0.729 old stepsize 0.81
basinhopping step 3: f 3.22865 trial_f 3.22865 accepted 1  lowest_f 3.16101
 Fit Status: False
 Force threshold: 0.4694
 Lowest RMSE: 0.1024
 Current RMSE: 0.1035
 Accepted count: 3
 Basinhop count: 3


adaptive stepsize: acceptance rate 0.500000 target 0.500000 new stepsize 0.6561 old stepsize 0.729
basinhopping step 4: f 3.20784 trial_f 3.20784 accepted 1  lowest_f 3.16101
 Fit Status: False
 Force threshold: 0.4694
 Lowest RMSE: 0.1024
 Current RMSE: 0.1032
 Accepted count: 4
 Basinhop count: 4


adaptive stepsize: acceptance rate 0.600000 target 0.500000 new stepsize 0.729 old stepsize 0.6561
basinhopping step 5: f 3.39661 trial_f 3.39661 accepted 1  lowest_f 3.16101
 Fit Status: True
 Force threshold: 0.4694
 Lowest RMSE: 0.1024
 Current RMSE: 0.1062
 Accepted count: 5
 Basinhop count: 5



 Maximum Likelihood Best-fit Parameters:
--------------------------------------------------------------------------------------

Parameter                     Best-fit Value                +/- 1-sigma                   Flag                          
--------------------------------------------------------------------------------------
AGN_FRAC_4000                 1.000000                      0.000000                      1.0                           
AGN_FRAC_7000                 1.000000                      0.000000                      1.0                           
APOLY_COEFF_1                 -0.058058                     0.000000                      1.0                           
APOLY_COEFF_2                 0.045204                      0.000000                      1.0                           
APOLY_COEFF_3                 0.001249                      0.000000                      1.0                           
APOLY_COEFF_4                 -0.021299                     0.000000                      1.0                           
APOLY_COEFF_5                 0.008991                      0.000000                      1.0                           
APOLY_COEFF_6                 -0.007163                     0.000000                      1.0                           
APOLY_COEFF_7                 -0.003771                     0.000000                      1.0                           
BR_H_ALPHA_AMP                6.609429                      0.000000                      1.0                           
BR_H_ALPHA_DISP               3299.995872                   0.000000                      1.0                           
BR_H_ALPHA_DISP_CORR          3298.863199                   0.000000                      1.0                           
BR_H_ALPHA_DISP_RES           86.454305                     nan                           nan                           
BR_H_ALPHA_EW                 112.682141                    0.000000                      0.0                           
BR_H_ALPHA_FLUX               -13.792797                    0.000000                      0.0                           
BR_H_ALPHA_FWHM               7771.238742                   0.000000                      0.0                           
BR_H_ALPHA_FWHM_CORR          7768.571665                   0.000000                      0.0                           
BR_H_ALPHA_LUM                42.819105                     0.000000                      0.0                           
BR_H_ALPHA_NPIX               204.000000                    0.000000                      0.0                           
BR_H_ALPHA_SNR                6.545360                      0.000000                      0.0                           
BR_H_ALPHA_VOFF               0.002087                      0.000000                      1.0                           
BR_H_ALPHA_W80                8655.800215                   0.000000                      0.0                           
BR_H_ALPHA_W80_CORR           8652.954712                   0.000000                      0.0                           
BR_H_BETA_AMP                 4.636899                      0.000000                      1.0                           
BR_H_BETA_DISP                3299.999540                   0.000000                      1.0                           
BR_H_BETA_DISP_CORR           3297.919038                   0.000000                      1.0                           
BR_H_BETA_DISP_RES            117.162216                    nan                           nan                           
BR_H_BETA_EW                  41.562805                     0.000000                      0.0                           
BR_H_BETA_FLUX                -14.078734                    0.000000                      0.0                           
BR_H_BETA_FWHM                7771.192594                   0.000000                      0.0                           
BR_H_BETA_FWHM_CORR           7766.293650                   0.000000                      0.0                           
BR_H_BETA_LUM                 42.533168                     0.000000                      0.0                           
BR_H_BETA_NPIX                171.000000                    0.000000                      0.0                           
BR_H_BETA_SNR                 4.591994                      0.000000                      0.0                           
BR_H_BETA_VOFF                0.001551                      0.000000                      1.0                           
BR_H_BETA_W80                 8655.804298                   0.000000                      0.0                           
BR_H_BETA_W80_CORR            8650.577682                   0.000000                      0.0                           
BR_OIII_a_AMP                 4.763705                      0.000000                      1.0                           
BR_OIII_a_DISP                3300.000019                   0.000000                      1.0                           
BR_OIII_a_DISP_CORR           3298.000589                   0.000000                      1.0                           
BR_OIII_a_DISP_RES            114.857464                    nan                           nan                           
BR_OIII_a_EW                  44.775360                     0.000000                      0.0                           
BR_OIII_a_FLUX                -14.058388                    0.000000                      0.0                           
BR_OIII_a_FWHM                7771.017774                   0.000000                      0.0                           
BR_OIII_a_FWHM_CORR           7766.309625                   0.000000                      0.0                           
BR_OIII_a_LUM                 42.553513                     0.000000                      0.0                           
BR_OIII_a_NPIX                164.000000                    0.000000                      0.0                           
BR_OIII_a_SNR                 4.717731                      0.000000                      0.0                           
BR_OIII_a_VOFF                -0.000952                     0.000000                      1.0                           
BR_OIII_a_W80                 8655.857112                   0.000000                      0.0                           
BR_OIII_a_W80_CORR            8650.834193                   0.000000                      0.0                           
BR_OIII_b_AMP                 0.000117                      0.000000                      1.0                           
BR_OIII_b_DISP                3300.000273                   0.000000                      1.0                           
BR_OIII_b_DISP_CORR           3298.061099                   0.000000                      1.0                           
BR_OIII_b_DISP_RES            113.114071                    nan                           nan                           
BR_OIII_b_EW                  0.000612                      0.000000                      0.0                           
BR_OIII_b_FLUX                -18.931414                    0.000000                      1.0                           
BR_OIII_b_FWHM                4811.759499                   0.000000                      0.0                           
BR_OIII_b_FWHM_CORR           4804.381468                   0.000000                      0.0                           
BR_OIII_b_LUM                 37.680488                     0.000000                      0.0                           
BR_OIII_b_NPIX                0.000000                      0.000000                      0.0                           
BR_OIII_b_SNR                 0.000116                      0.000000                      0.0                           
BR_OIII_b_VOFF                0.000703                      0.000000                      1.0                           
BR_OIII_b_W80                 3789.533377                   0.000000                      0.0                           
BR_OIII_b_W80_CORR            3778.392789                   0.000000                      0.0                           
BR_OII_AMP                    0.000000                      0.000000                      1.0                           
BR_OII_DISP                   3300.000245                   0.000000                      1.0                           
BR_OII_DISP_CORR              3296.604260                   0.000000                      1.0                           
BR_OII_DISP_RES               149.672873                    nan                           nan                           
BR_OII_EW                     0.000000                      0.000000                      1.0                           
BR_OII_FLUX                   0.000000                      0.000000                      0.0                           
BR_OII_FWHM                   0.000000                      0.000000                      0.0                           
BR_OII_FWHM_CORR              0.000000                      0.000000                      0.0                           
BR_OII_LUM                    0.000000                      0.000000                      1.0                           
BR_OII_NPIX                   0.000000                      0.000000                      0.0                           
BR_OII_SNR                    0.000000                      0.000000                      0.0                           
BR_OII_VOFF                   -0.000127                     0.000000                      1.0                           
BR_OII_W80                    0.000000                      0.000000                      0.0                           
BR_OII_W80_CORR               0.000000                      0.000000                      0.0                           
BR_OPT_FEII_AMP               47.742513                     0.000000                      1.0                           
BR_OPT_FEII_DISP              500.008032                    0.000000                      1.0                           
BR_OPT_FEII_TEMPLATE_EW       113.499073                    0.000000                      1.0                           
BR_OPT_FEII_TEMPLATE_FLUX     -13.659113                    0.000000                      1.0                           
BR_OPT_FEII_TEMPLATE_LUM      42.952788                     0.000000                      1.0                           
BR_OPT_FEII_VOFF              -0.003805                     0.000000                      1.0                           
HOST_FRAC_4000                0.002556                      0.000000                      1.0                           
HOST_FRAC_7000                -0.133157                     0.000000                      1.0                           
H_ALPHA_COMP_DISP             2010.353115                   0.000000                      0.0                           
H_ALPHA_COMP_DISP_CORR        2008.493291                   0.000000                      0.0                           
H_ALPHA_COMP_DISP_RES         86.454305                     nan                           nan                           
H_ALPHA_COMP_EW               440.818863                    0.000000                      1.0                           
H_ALPHA_COMP_FLUX             -13.200407                    0.000000                      1.0                           
H_ALPHA_COMP_FWHM             3294.963477                   0.000000                      0.0                           
H_ALPHA_COMP_FWHM_CORR        3288.668187                   0.000000                      0.0                           
H_ALPHA_COMP_LUM              43.411495                     0.000000                      1.0                           
H_ALPHA_COMP_NPIX             204.000000                    0.000000                      0.0                           
H_ALPHA_COMP_SNR              42.660592                     0.000000                      0.0                           
H_ALPHA_COMP_VOFF             0.033738                      0.000000                      0.0                           
H_ALPHA_COMP_W80              4489.240228                   0.000000                      0.0                           
H_ALPHA_COMP_W80_CORR         4483.751297                   0.000000                      0.0                           
H_BETA_COMP_DISP              2678.952336                   0.000000                      0.0                           
H_BETA_COMP_DISP_CORR         2676.389104                   0.000000                      0.0                           
H_BETA_COMP_DISP_RES          117.162216                    nan                           nan                           
H_BETA_COMP_EW                69.679398                     0.000000                      1.0                           
H_BETA_COMP_FLUX              -13.854311                    0.000000                      1.0                           
H_BETA_COMP_FWHM              3999.630285                   0.000000                      0.0                           
H_BETA_COMP_FWHM_CORR         3990.103400                   0.000000                      0.0                           
H_BETA_COMP_LUM               42.757590                     0.000000                      1.0                           
H_BETA_COMP_NPIX              171.000000                    0.000000                      0.0                           
H_BETA_COMP_SNR               11.554465                     0.000000                      0.0                           
H_BETA_COMP_VOFF              0.002584                      0.000000                      0.0                           
H_BETA_COMP_W80               6684.527279                   0.000000                      0.0                           
H_BETA_COMP_W80_CORR          6677.757942                   0.000000                      0.0                           
LOG_LIKE                      3.161008                      0.000000                      0.0                           
L_CONT_AGN_3000               44.734202                     0.000000                      1.0                           
L_CONT_AGN_5100               44.590513                     0.000000                      1.0                           
L_CONT_HOST_3000              43.934323                     0.000000                      1.0                           
L_CONT_HOST_5100              0.000000                      0.000000                      1.0                           
L_CONT_TOT_3000               44.734202                     0.000000                      1.0                           
L_CONT_TOT_5100               44.590513                     0.000000                      1.0                           
NA_H_ALPHA_AMP                48.858162                     0.000000                      1.0                           
NA_H_ALPHA_DISP               1299.992129                   0.000000                      1.0                           
NA_H_ALPHA_DISP_CORR          1297.114177                   0.000000                      1.0                           
NA_H_ALPHA_DISP_RES           86.454305                     nan                           nan                           
NA_H_ALPHA_EW                 328.136722                    0.000000                      0.0                           
NA_H_ALPHA_FLUX               -13.328618                    0.000000                      0.0                           
NA_H_ALPHA_FWHM               3062.170905                   0.000000                      0.0                           
NA_H_ALPHA_FWHM_CORR          3055.396010                   0.000000                      0.0                           
NA_H_ALPHA_LUM                43.283284                     0.000000                      0.0                           
NA_H_ALPHA_NPIX               106.000000                    0.000000                      0.0                           
NA_H_ALPHA_SNR                48.372144                     0.000000                      0.0                           
NA_H_ALPHA_VOFF               0.044669                      0.000000                      1.0                           
NA_H_ALPHA_W80                3409.350402                   0.000000                      0.0                           
NA_H_ALPHA_W80_CORR           3402.119639                   0.000000                      0.0                           
NA_H_BETA_AMP                 7.964056                      0.000000                      1.0                           
NA_H_BETA_DISP                1300.001875                   0.000000                      1.0                           
NA_H_BETA_DISP_CORR           1294.711509                   0.000000                      1.0                           
NA_H_BETA_DISP_RES            117.162216                    nan                           nan                           
NA_H_BETA_EW                  28.116594                     0.000000                      0.0                           
NA_H_BETA_FLUX                -14.248419                    0.000000                      0.0                           
NA_H_BETA_FWHM                3062.056827                   0.000000                      0.0                           
NA_H_BETA_FWHM_CORR           3049.602390                   0.000000                      0.0                           
NA_H_BETA_LUM                 42.363483                     0.000000                      0.0                           
NA_H_BETA_NPIX                75.000000                     0.000000                      0.0                           
NA_H_BETA_SNR                 7.885302                      0.000000                      0.0                           
NA_H_BETA_VOFF                0.004950                      0.000000                      1.0                           
NA_H_BETA_W80                 3409.314579                   0.000000                      0.0                           
NA_H_BETA_W80_CORR            3396.022980                   0.000000                      0.0                           
NA_OIII_a_AMP                 0.000000                      0.000000                      1.0                           
NA_OIII_a_DISP                1299.999715                   0.000000                      1.0                           
NA_OIII_a_DISP_CORR           1294.915836                   0.000000                      1.0                           
NA_OIII_a_DISP_RES            114.857464                    nan                           nan                           
NA_OIII_a_EW                  0.000000                      0.000000                      1.0                           
NA_OIII_a_FLUX                0.000000                      0.000000                      0.0                           
NA_OIII_a_FWHM                0.000000                      0.000000                      0.0                           
NA_OIII_a_FWHM_CORR           0.000000                      0.000000                      0.0                           
NA_OIII_a_LUM                 0.000000                      0.000000                      1.0                           
NA_OIII_a_NPIX                0.000000                      0.000000                      0.0                           
NA_OIII_a_SNR                 0.000000                      0.000000                      0.0                           
NA_OIII_a_VOFF                -0.000223                     0.000000                      1.0                           
NA_OIII_a_W80                 0.000000                      0.000000                      0.0                           
NA_OIII_a_W80_CORR            0.000000                      0.000000                      0.0                           
NA_OIII_b_AMP                 4.952857                      0.000000                      1.0                           
NA_OIII_b_DISP                1299.997915                   0.000000                      1.0                           
NA_OIII_b_DISP_CORR           1295.067483                   0.000000                      1.0                           
NA_OIII_b_DISP_RES            113.114071                    nan                           nan                           
NA_OIII_b_EW                  19.008354                     0.000000                      0.0                           
NA_OIII_b_FLUX                -14.439428                    0.000000                      0.0                           
NA_OIII_b_FWHM                3061.722512                   0.000000                      0.0                           
NA_OIII_b_FWHM_CORR           3050.114187                   0.000000                      0.0                           
NA_OIII_b_LUM                 42.172473                     0.000000                      0.0                           
NA_OIII_b_NPIX                71.000000                     0.000000                      0.0                           
NA_OIII_b_SNR                 4.904511                      0.000000                      0.0                           
NA_OIII_b_VOFF                -0.000002                     0.000000                      1.0                           
NA_OIII_b_W80                 3409.245414                   0.000000                      0.0                           
NA_OIII_b_W80_CORR            3396.857834                   0.000000                      0.0                           
NA_OII_AMP                    0.043162                      0.000000                      1.0                           
NA_OII_DISP                   1299.998687                   0.000000                      1.0                           
NA_OII_DISP_CORR              1291.353793                   0.000000                      1.0                           
NA_OII_DISP_RES               149.672873                    nan                           nan                           
NA_OII_EW                     0.077203                      0.000000                      0.0                           
NA_OII_FLUX                   -16.620986                    0.000000                      0.0                           
NA_OII_FWHM                   3061.455008                   0.000000                      0.0                           
NA_OII_FWHM_CORR              3041.099471                   0.000000                      0.0                           
NA_OII_LUM                    39.990916                     0.000000                      0.0                           
NA_OII_NPIX                   0.000000                      0.000000                      0.0                           
NA_OII_SNR                    0.042745                      0.000000                      0.0                           
NA_OII_VOFF                   0.000036                      0.000000                      1.0                           
NA_OII_W80                    3407.044427                   0.000000                      0.0                           
NA_OII_W80_CORR               3385.311537                   0.000000                      0.0                           
NA_OPT_FEII_AMP               0.001431                      0.000000                      1.0                           
NA_OPT_FEII_DISP              10.002132                     0.000000                      1.0                           
NA_OPT_FEII_TEMPLATE_EW       0.004399                      0.000000                      1.0                           
NA_OPT_FEII_TEMPLATE_FLUX     -18.029641                    0.000000                      1.0                           
NA_OPT_FEII_TEMPLATE_LUM      38.582261                     0.000000                      1.0                           
NA_OPT_FEII_VOFF              -0.001238                     0.000000                      1.0                           
OIII_a_COMP_DISP              3299.884441                   0.000000                      0.0                           
OIII_a_COMP_DISP_CORR         3297.884942                   0.000000                      0.0                           
OIII_a_COMP_DISP_RES          114.857464                    nan                           nan                           
OIII_a_COMP_EW                44.775360                     0.000000                      1.0                           
OIII_a_COMP_FLUX              -14.058388                    0.000000                      1.0                           
OIII_a_COMP_FWHM              7771.017774                   0.000000                      0.0                           
OIII_a_COMP_FWHM_CORR         7766.309625                   0.000000                      0.0                           
OIII_a_COMP_LUM               42.553513                     0.000000                      1.0                           
OIII_a_COMP_NPIX              164.000000                    0.000000                      0.0                           
OIII_a_COMP_SNR               4.350676                      0.000000                      0.0                           
OIII_a_COMP_VOFF              -0.002709                     0.000000                      0.0                           
OIII_a_COMP_W80               8655.857112                   0.000000                      0.0                           
OIII_a_COMP_W80_CORR          8650.834193                   0.000000                      0.0                           
OIII_b_COMP_DISP              1299.955535                   0.000000                      0.0                           
OIII_b_COMP_DISP_CORR         1295.024942                   0.000000                      0.0                           
OIII_b_COMP_DISP_RES          113.114071                    nan                           nan                           
OIII_b_COMP_EW                19.008966                     0.000000                      1.0                           
OIII_b_COMP_FLUX              -14.439414                    0.000000                      1.0                           
OIII_b_COMP_FWHM              3061.764016                   0.000000                      0.0                           
OIII_b_COMP_FWHM_CORR         3050.155849                   0.000000                      0.0                           
OIII_b_COMP_LUM               42.172487                     0.000000                      1.0                           
OIII_b_COMP_NPIX              71.000000                     0.000000                      0.0                           
OIII_b_COMP_SNR               5.044920                      0.000000                      0.0                           
OIII_b_COMP_VOFF              0.001388                      0.000000                      0.0                           
OIII_b_COMP_W80               3409.264182                   0.000000                      0.0                           
OIII_b_COMP_W80_CORR          3396.876671                   0.000000                      0.0                           
OII_COMP_DISP                 1296.407167                   0.000000                      0.0                           
OII_COMP_DISP_CORR            1287.738162                   0.000000                      0.0                           
OII_COMP_DISP_RES             149.672873                    nan                           nan                           
OII_COMP_EW                   0.077203                      0.000000                      1.0                           
OII_COMP_FLUX                 -16.620986                    0.000000                      1.0                           
OII_COMP_FWHM                 3061.455008                   0.000000                      0.0                           
OII_COMP_FWHM_CORR            3041.099471                   0.000000                      0.0                           
OII_COMP_LUM                  39.990916                     0.000000                      1.0                           
OII_COMP_NPIX                 0.000000                      0.000000                      0.0                           
OII_COMP_SNR                  0.000000                      0.000000                      0.0                           
OII_COMP_VOFF                 -0.028607                     0.000000                      0.0                           
OII_COMP_W80                  3407.044427                   0.000000                      0.0                           
OII_COMP_W80_CORR             3385.311537                   0.000000                      0.0                           
POWER_AMP                     20.652787                     0.000000                      1.0                           
POWER_SLOPE                   -1.031128                     0.000000                      1.0                           
RCHI_SQUARED                  99.742891                     0.000000                      0.0                           
R_SQUARED                     0.992415                      0.000000                      0.0                           
NOISE_STD                     0.936060                                                                                  
RESID_STD                     2.436902                                                                                  
--------------------------------------------------------------------------------------
 - Done fitting 2-onur! 

End process memory: 0.25967411                    
