7.0.1
1.3.2
2.1.6
3.1.6
['/home/onur/Documents/AGNEmissionLines_ThirdPartyLibraries/pyqsofit/PyQSOFit/src/pyqsofit']
FWHM Resolution: 2.5 Å
[ 3566.97426784  3567.79484559  3568.6175712  ... 10394.41199851
 10396.80892696 10399.20640813] Angstrom [174.60990906 174.59364319 174.57740784 ...  21.887146    21.88740349
  21.88766289] erg / (Angstrom s cm2) [3.49219818 3.49187286 3.49154816 ... 0.43774292 0.43774807 0.43775326] erg / (Angstrom s cm2) 0.3231107294559479
Got negative host galaxy / QSO flux over 10% of coverage, decomposition is not applied!
Name            Value      Min      Max   Stderr     Vary     Expr Brute_Step
Balmer_Tau        0.5      0.1        2     None    False     None     None
Balmer_Te     1.5e+04    1e+04    5e+04     None    False     None     None
Blamer_norm         0        0    1e+10     None    False     None     None
Fe_op_FWHM       3000     1200  1.8e+04     None     True     None     None
Fe_op_norm          0        0    1e+10     None     True     None     None
Fe_op_shift         0    -0.01     0.01     None     True     None     None
Fe_uv_FWHM       3000     1200  1.8e+04     None     True     None     None
Fe_uv_norm          0        0    1e+10     None     True     None     None
Fe_uv_shift         0    -0.01     0.01     None     True     None     None
PL_norm             1        0    1e+10     None     True     None     None
PL_slope         -1.5       -5        3     None     True     None     None
conti_a_0           0     -inf      inf     None     True     None     None
conti_a_1           0     -inf      inf     None     True     None     None
conti_a_2           0     -inf      inf     None     True     None     None
Fitting continuum
Fit report
[[Variables]]
    Fe_uv_norm:   5.43819378 (init = 0)
    Fe_uv_FWHM:   9101.84992 (init = 3000)
    Fe_uv_shift:  0.01000000 (init = 0)
    Fe_op_norm:   0.15421386 (init = 0)
    Fe_op_FWHM:   18000.0000 (init = 3000)
    Fe_op_shift:  0.01000000 (init = 0)
    PL_norm:      155.071364 (init = 1)
    PL_slope:    -2.83950628 (init = -1.5)
    Blamer_norm:  0 (fixed)
    Balmer_Te:    15000 (fixed)
    Balmer_Tau:   0.5 (fixed)
    conti_a_0:    123.302281 (init = 0)
    conti_a_1:    1.68044393 (init = 0)
    conti_a_2:   -2.6719e-04 (init = 0)
Name                    Value      Min      Max   Stderr     Vary     Expr Brute_Step
Hb_br_1_dwave               0    -0.01     0.01     None     True     None     None
Hb_br_1_scale               0        0    1e+10     None     True     None     None
Hb_br_1_sigma           0.005   0.0015     0.05     None     True     None     None
Hb_br_2_dwave               0    -0.01     0.01     None     True     None     None
Hb_br_2_scale               0        0    1e+10     None     True     None     None
Hb_br_2_sigma           0.005   0.0015     0.05     None     True     None     None
Hb_na_1_dwave               0    -0.01     0.01     None     True     None     None
Hb_na_1_scale               0        0    1e+10     None     True     None     None
Hb_na_1_sigma           0.001  0.00023   0.0012     None     True     None     None
HeII4687_br_1_dwave         0   -0.005    0.005     None     True     None     None
HeII4687_br_1_scale         0        0    1e+10     None     True     None     None
HeII4687_br_1_sigma     0.005    0.004     0.05     None     True     None     None
HeII4687_na_1_dwave         0   -0.005    0.005     None    False Hb_na_1_dwave     None
HeII4687_na_1_scale         0        0    1e+10     None     True     None     None
HeII4687_na_1_sigma     0.001  0.00023   0.0012     None    False Hb_na_1_sigma     None
OIII4959c_1_dwave           0    -0.01     0.01     None    False Hb_na_1_dwave     None
OIII4959c_1_scale           0        0    1e+10     None     True     None     None
OIII4959c_1_sigma       0.001  0.00023   0.0012     None    False Hb_na_1_sigma     None
OIII4959w_1_dwave           0    -0.01     0.01     None     True     None     None
OIII4959w_1_scale           0        0    1e+10     None     True     None     None
OIII4959w_1_sigma       0.003  0.00023    0.006     None     True     None     None
OIII5007c_1_dwave           0    -0.01     0.01     None    False Hb_na_1_dwave     None
OIII5007c_1_scale           0        0    1e+10     None    False 3.0303030014038086 * OIII4959c_1_scale     None
OIII5007c_1_sigma       0.001  0.00023   0.0012     None    False Hb_na_1_sigma     None
OIII5007w_1_dwave           0    -0.01     0.01     None    False OIII4959w_1_dwave     None
OIII5007w_1_scale           0        0    1e+10     None    False 3.0303030014038086 * OIII4959w_1_scale     None
OIII5007w_1_sigma       0.003  0.00023    0.006     None    False OIII4959w_1_sigma     None
Fitting complex Hb
Fit report
[[Variables]]
    Hb_br_1_scale:        51.2463549 +/- 1.44874911 (2.83%) (init = 0)
    Hb_br_1_dwave:       -4.8540e-04 +/- 6.1705e-05 (12.71%) (init = 0)
    Hb_br_1_sigma:        0.00356140 +/- 1.0300e-04 (2.89%) (init = 0.005)
    Hb_br_2_scale:        21.5587759 +/- 1.41853530 (6.58%) (init = 0)
    Hb_br_2_dwave:        0.00193012 +/- 2.4526e-04 (12.71%) (init = 0)
    Hb_br_2_sigma:        0.00899687 +/- 3.2922e-04 (3.66%) (init = 0.005)
    Hb_na_1_scale:        10.7823539 +/- 1.91607733 (17.77%) (init = 0)
    Hb_na_1_dwave:       -9.0303e-04 +/- 1.1212e-05 (1.24%) (init = 0)
    Hb_na_1_sigma:        8.0401e-04 +/- 1.1170e-05 (1.39%) (init = 0.001)
    OIII4959c_1_scale:    33.1487987 +/- 0.51246067 (1.55%) (init = 0)
    OIII4959c_1_dwave:   -9.0303e-04 +/- 1.1212e-05 (1.24%) == 'Hb_na_1_dwave'
    OIII4959c_1_sigma:    8.0401e-04 +/- 1.1170e-05 (1.39%) == 'Hb_na_1_sigma'
    OIII5007c_1_scale:    100.450904 +/- 1.55291109 (1.55%) == '3.0303030014038086 * OIII4959c_1_scale'
    OIII5007c_1_dwave:   -9.0303e-04 +/- 1.1212e-05 (1.24%) == 'Hb_na_1_dwave'
    OIII5007c_1_sigma:    8.0401e-04 +/- 1.1170e-05 (1.39%) == 'Hb_na_1_sigma'
    OIII4959w_1_scale:    2.54156085 +/- 0.11790740 (4.64%) (init = 0)
    OIII4959w_1_dwave:    0.00110616 +/- 2.9857e-04 (26.99%) (init = 0)
    OIII4959w_1_sigma:    0.00463177 +/- 2.5788e-04 (5.57%) (init = 0.003)
    OIII5007w_1_scale:    7.70169947 +/- 0.35729514 (4.64%) == '3.0303030014038086 * OIII4959w_1_scale'
    OIII5007w_1_dwave:    0.00110616 +/- 2.9857e-04 (26.99%) == 'OIII4959w_1_dwave'
    OIII5007w_1_sigma:    0.00463177 +/- 2.5788e-04 (5.57%) == 'OIII4959w_1_sigma'
    HeII4687_br_1_scale:  5.52645707 +/- 0.23186451 (4.20%) (init = 0)
    HeII4687_br_1_dwave: -4.2840e-04 +/- 6.4178e-04 (149.81%) (init = 0)
    HeII4687_br_1_sigma:  0.00990939 +/- 8.3716e-04 (8.45%) (init = 0.005)
    HeII4687_na_1_scale:  2.68164879 +/- 0.60275549 (22.48%) (init = 0)
    HeII4687_na_1_dwave: -9.0303e-04 +/- 1.1212e-05 (1.24%) == 'Hb_na_1_dwave'
    HeII4687_na_1_sigma:  8.0401e-04 +/- 1.1170e-05 (1.39%) == 'Hb_na_1_sigma'
[[Correlations]] (unreported correlations are < 0.100)
    C(Hb_br_2_scale, Hb_br_2_sigma)             = -0.9065
    C(Hb_br_1_sigma, Hb_br_2_scale)             = -0.8402
    C(Hb_br_2_scale, Hb_br_2_dwave)             = -0.7282
    C(Hb_br_1_scale, Hb_br_2_scale)             = -0.7091
    C(Hb_br_1_scale, Hb_br_2_sigma)             = +0.6888
    C(Hb_br_1_sigma, Hb_br_2_sigma)             = +0.6657
    C(HeII4687_br_1_scale, HeII4687_br_1_sigma) = -0.6454
    C(Hb_br_1_sigma, Hb_br_2_dwave)             = +0.6397
    C(Hb_br_2_dwave, Hb_br_2_sigma)             = +0.6128
    C(OIII4959w_1_scale, OIII4959w_1_sigma)     = -0.6114
    C(Hb_br_1_scale, Hb_br_2_dwave)             = +0.5636
    C(Hb_br_2_sigma, OIII4959w_1_dwave)         = +0.5596
    C(Hb_na_1_sigma, OIII4959c_1_scale)         = -0.5275
    C(HeII4687_br_1_scale, HeII4687_na_1_scale) = -0.5054
    C(Hb_br_1_sigma, Hb_na_1_scale)             = +0.5035
    C(HeII4687_br_1_dwave, HeII4687_br_1_sigma) = -0.4886
    C(Hb_br_2_dwave, OIII4959w_1_dwave)         = +0.4747
    C(Hb_br_2_scale, OIII4959w_1_dwave)         = -0.4681
    C(Hb_br_1_dwave, Hb_br_2_sigma)             = +0.4383
    C(Hb_br_1_dwave, Hb_br_2_scale)             = -0.3864
    C(Hb_na_1_sigma, OIII4959w_1_scale)         = -0.3850
    C(Hb_br_1_scale, OIII4959w_1_dwave)         = +0.3780
    C(Hb_br_2_sigma, OIII4959w_1_sigma)         = -0.3629
    C(Hb_br_2_dwave, OIII4959w_1_sigma)         = -0.3307
    C(Hb_br_2_sigma, HeII4687_br_1_sigma)       = -0.3298
    C(Hb_br_1_sigma, OIII4959w_1_dwave)         = +0.3295
    C(Hb_br_1_scale, Hb_br_1_sigma)             = +0.3209
    C(HeII4687_br_1_sigma, HeII4687_na_1_scale) = +0.3098
    C(Hb_br_1_dwave, Hb_br_1_sigma)             = +0.3081
    C(Hb_br_2_scale, Hb_na_1_scale)             = -0.2863
    C(Hb_br_2_scale, OIII4959w_1_sigma)         = +0.2827
    C(Hb_br_1_scale, Hb_na_1_scale)             = -0.2775
    C(OIII4959w_1_scale, OIII4959w_1_dwave)     = -0.2744
    C(OIII4959w_1_dwave, OIII4959w_1_sigma)     = -0.2561
    C(Hb_br_1_dwave, HeII4687_br_1_sigma)       = -0.2479
    C(Hb_br_1_scale, OIII4959w_1_sigma)         = -0.2430
    C(Hb_na_1_sigma, OIII4959w_1_dwave)         = +0.2293
    C(Hb_br_1_scale, Hb_br_1_dwave)             = +0.2159
    C(Hb_br_2_sigma, Hb_na_1_scale)             = +0.2112
    C(Hb_br_2_dwave, Hb_na_1_scale)             = +0.1930
    C(Hb_br_1_sigma, OIII4959w_1_sigma)         = -0.1905
    C(Hb_br_2_scale, OIII4959w_1_scale)         = +0.1892
    C(Hb_br_2_sigma, OIII4959w_1_scale)         = -0.1889
    C(Hb_br_1_dwave, Hb_na_1_scale)             = +0.1866
    C(Hb_br_2_sigma, HeII4687_br_1_scale)       = +0.1674
    C(HeII4687_br_1_scale, HeII4687_br_1_dwave) = +0.1627
    C(Hb_na_1_dwave, OIII4959w_1_sigma)         = +0.1603
    C(Hb_br_2_scale, HeII4687_br_1_sigma)       = +0.1509
    C(OIII4959w_1_dwave, HeII4687_br_1_sigma)   = -0.1502
    C(Hb_br_1_sigma, OIII4959w_1_scale)         = -0.1479
    C(Hb_br_1_dwave, OIII4959w_1_dwave)         = +0.1393
    C(Hb_br_1_dwave, HeII4687_br_1_scale)       = +0.1346
    C(Hb_br_1_scale, OIII4959w_1_scale)         = -0.1307
    C(Hb_br_2_dwave, OIII4959w_1_scale)         = -0.1242
    C(Hb_br_2_dwave, HeII4687_br_1_sigma)       = +0.1197
    C(Hb_br_1_scale, HeII4687_br_1_sigma)       = -0.1186
    C(Hb_na_1_dwave, OIII4959w_1_scale)         = -0.1150
    C(Hb_na_1_sigma, OIII4959w_1_sigma)         = +0.1149
    C(OIII4959w_1_sigma, HeII4687_br_1_sigma)   = +0.1005
Name                Value      Min      Max   Stderr     Vary     Expr Brute_Step
Ha_br_1_dwave           0   -0.015    0.015     None     True     None     None
Ha_br_1_scale           0        0    1e+10     None     True     None     None
Ha_br_1_sigma       0.005   0.0015     0.05     None     True     None     None
Ha_br_2_dwave           0   -0.015    0.015     None     True     None     None
Ha_br_2_scale           0        0    1e+10     None     True     None     None
Ha_br_2_sigma       0.005   0.0015     0.05     None     True     None     None
Ha_na_1_dwave           0    -0.01     0.01     None     True     None     None
Ha_na_1_scale           0        0    1e+10     None     True     None     None
Ha_na_1_sigma       0.001   0.0005   0.0012     None     True     None     None
NII6549_1_dwave         0   -0.005    0.005     None    False Ha_na_1_dwave     None
NII6549_1_scale         0        0    1e+10     None     True     None     None
NII6549_1_sigma     0.001  0.00023   0.0012     None    False Ha_na_1_sigma     None
NII6585_1_dwave         0   -0.005    0.005     None    False Ha_na_1_dwave     None
NII6585_1_scale         0        0    1e+10     None    False 3.0 * NII6549_1_scale     None
NII6585_1_sigma     0.001  0.00023   0.0012     None    False Ha_na_1_sigma     None
SII6718_1_dwave         0   -0.005    0.005     None    False Ha_na_1_dwave     None
SII6718_1_scale         0        0    1e+10     None     True     None     None
SII6718_1_sigma     0.001  0.00023   0.0012     None    False Ha_na_1_sigma     None
SII6732_1_dwave         0   -0.005    0.005     None    False Ha_na_1_dwave     None
SII6732_1_scale         0        0    1e+10     None     True     None     None
SII6732_1_sigma     0.001  0.00023   0.0012     None    False Ha_na_1_sigma     None
Fitting complex Ha
Fit report
[[Variables]]
    Ha_br_1_scale:    164.442073 +/- 5.57067151 (3.39%) (init = 0)
    Ha_br_1_dwave:   -6.4211e-04 +/- 3.7569e-05 (5.85%) (init = 0)
    Ha_br_1_sigma:    0.00400545 +/- 6.5229e-05 (1.63%) (init = 0.005)
    Ha_br_2_scale:    24.0639536 +/- 0.94750619 (3.94%) (init = 0)
    Ha_br_2_dwave:    0.00102230 +/- 1.5896e-04 (15.55%) (init = 0)
    Ha_br_2_sigma:    0.01202869 +/- 2.4771e-04 (2.06%) (init = 0.005)
    Ha_na_1_scale:    64.1775183 +/- 6.60498870 (10.29%) (init = 0)
    Ha_na_1_dwave:   -9.3264e-04 +/- 9.0665e-05 (9.72%) (init = 0)
    Ha_na_1_sigma:    0.00100046 +/- 9.0011e-05 (9.00%) (init = 0.001)
    NII6549_1_scale:  8.66161864 +/- 1.60417765 (18.52%) (init = 0)
    NII6549_1_dwave: -9.3264e-04 +/- 9.0665e-05 (9.72%) == 'Ha_na_1_dwave'
    NII6549_1_sigma:  0.00100046 +/- 9.0011e-05 (9.00%) == 'Ha_na_1_sigma'
    NII6585_1_scale:  25.9848559 +/- 4.81253293 (18.52%) == '3.0 * NII6549_1_scale'
    NII6585_1_dwave: -9.3264e-04 +/- 9.0665e-05 (9.72%) == 'Ha_na_1_dwave'
    NII6585_1_sigma:  0.00100046 +/- 9.0011e-05 (9.00%) == 'Ha_na_1_sigma'
    SII6718_1_scale:  0.43448356 +/- 0.35441990 (81.57%) (init = 0)
    SII6718_1_dwave: -9.3264e-04 +/- 9.0665e-05 (9.72%) == 'Ha_na_1_dwave'
    SII6718_1_sigma:  0.00100046 +/- 9.0011e-05 (9.00%) == 'Ha_na_1_sigma'
    SII6732_1_scale:  1.55339519 +/- 0.41074334 (26.44%) (init = 0)
    SII6732_1_dwave: -9.3264e-04 +/- 9.0665e-05 (9.72%) == 'Ha_na_1_dwave'
    SII6732_1_sigma:  0.00100046 +/- 9.0011e-05 (9.00%) == 'Ha_na_1_sigma'
[[Correlations]] (unreported correlations are < 0.100)
    C(Ha_br_2_scale, Ha_br_2_sigma)   = -0.9061
    C(Ha_br_1_scale, Ha_br_1_sigma)   = -0.8099
    C(Ha_br_1_scale, NII6549_1_scale) = -0.7507
    C(Ha_br_1_sigma, Ha_br_2_scale)   = -0.7006
    C(Ha_br_1_scale, Ha_na_1_scale)   = -0.6817
    C(Ha_br_1_sigma, Ha_na_1_scale)   = +0.6473
    C(Ha_br_1_scale, Ha_na_1_sigma)   = -0.6405
    C(Ha_na_1_scale, NII6549_1_scale) = +0.6206
    C(Ha_br_1_sigma, NII6549_1_scale) = +0.6145
    C(Ha_br_1_sigma, Ha_br_2_sigma)   = +0.5428
    C(Ha_br_1_sigma, Ha_na_1_sigma)   = +0.5104
    C(Ha_br_2_scale, Ha_br_2_dwave)   = -0.4098
    C(Ha_br_2_sigma, SII6732_1_scale) = -0.3704
    C(Ha_br_2_dwave, Ha_br_2_sigma)   = +0.3603
    C(Ha_br_1_sigma, Ha_br_2_dwave)   = +0.3533
    C(Ha_br_1_dwave, NII6549_1_scale) = -0.3474
    C(Ha_br_2_sigma, SII6718_1_scale) = -0.3418
    C(Ha_br_2_scale, Ha_na_1_scale)   = -0.3356
    C(Ha_br_1_dwave, Ha_br_2_dwave)   = -0.3146
    C(Ha_br_2_scale, SII6732_1_scale) = +0.3135
    C(Ha_br_1_scale, Ha_br_1_dwave)   = +0.3130
    C(Ha_br_2_dwave, SII6718_1_scale) = -0.3025
    C(Ha_br_1_dwave, Ha_na_1_dwave)   = -0.2949
    C(Ha_br_2_dwave, SII6732_1_scale) = -0.2710
    C(Ha_br_1_scale, Ha_br_2_scale)   = +0.2707
    C(Ha_br_2_scale, NII6549_1_scale) = -0.2662
    C(Ha_br_2_scale, SII6718_1_scale) = +0.2600
    C(Ha_br_2_sigma, Ha_na_1_scale)   = +0.2455
    C(Ha_br_1_sigma, SII6732_1_scale) = -0.2260
    C(Ha_br_2_dwave, NII6549_1_scale) = +0.2086
    C(Ha_br_2_scale, Ha_na_1_sigma)   = -0.2059
    C(Ha_na_1_sigma, NII6549_1_scale) = +0.2043
    C(Ha_br_2_dwave, Ha_na_1_scale)   = +0.1957
    C(Ha_br_1_scale, Ha_br_2_dwave)   = -0.1932
    C(Ha_br_1_sigma, SII6718_1_scale) = -0.1927
    C(Ha_br_1_dwave, Ha_na_1_sigma)   = -0.1860
    C(Ha_br_2_sigma, NII6549_1_scale) = +0.1837
    C(Ha_br_1_dwave, Ha_na_1_scale)   = -0.1741
    C(Ha_br_1_dwave, Ha_br_1_sigma)   = -0.1735
    C(Ha_na_1_sigma, SII6732_1_scale) = -0.1647
    C(Ha_br_1_scale, Ha_br_2_sigma)   = -0.1547
    C(Ha_na_1_sigma, SII6718_1_scale) = -0.1532
    C(Ha_br_1_sigma, Ha_na_1_dwave)   = -0.1488
    C(Ha_na_1_dwave, SII6718_1_scale) = +0.1318
    C(Ha_br_2_sigma, Ha_na_1_sigma)   = +0.1294
    C(Ha_br_1_scale, SII6732_1_scale) = +0.1230
    C(Ha_br_2_dwave, Ha_na_1_sigma)   = +0.1223
    C(Ha_br_2_scale, Ha_na_1_dwave)   = +0.1209
    C(Ha_na_1_scale, Ha_na_1_sigma)   = +0.1190
    C(Ha_br_1_scale, SII6718_1_scale) = +0.1148
    C(Ha_na_1_dwave, NII6549_1_scale) = -0.1128
    C(Ha_br_2_sigma, Ha_na_1_dwave)   = -0.1119
    C(Ha_br_1_scale, Ha_na_1_dwave)   = +0.1069
Saving figure as ./result.pdf
Fitting finished in 1906.3s
wrote pyqsofit_model.csv
['ra' 'dec' 'plateid' 'MJD' 'fiberid' 'redshift' 'SN_ratio_conti'
 'Fe_uv_norm' 'Fe_uv_FWHM' 'Fe_uv_shift' 'Fe_op_norm' 'Fe_op_FWHM'
 'Fe_op_shift' 'PL_norm' 'PL_slope' 'Blamer_norm' 'Balmer_Te' 'Balmer_Tau'
 'conti_a_0' 'conti_a_1' 'conti_a_2' 'L1350' 'L1450' 'L3000' 'L4200'
 'L5100' 'Fe_flux_4435_4685']

['-999' '-999' '0' '0' '0' '0.3231107294559479' '41.46555342594531'
 '5.438193784179646' '9101.849916239364' '0.009999999776174103'
 '0.15421386390102043' '17999.999987305095' '0.009999999773706695'
 '155.0713640829926' '-2.839506276387949' '0.0' '15000.0' '0.5'
 '123.30228054815623' '1.6804439298899803' '-0.0002671854174681244' '-1.0'
 '-1.0' '45.20232691574714' '44.94859328757851' '44.839550625200545'
 '52.18208019723083']
['Hb_br_1_scale' 'Hb_br_1_centerwave' 'Hb_br_1_sigma' 'Hb_br_2_scale'
 'Hb_br_2_centerwave' 'Hb_br_2_sigma' 'Hb_na_1_scale' 'Hb_na_1_centerwave'
 'Hb_na_1_sigma' 'OIII4959c_1_scale' 'OIII4959c_1_centerwave'
 'OIII4959c_1_sigma' 'OIII5007c_1_scale' 'OIII5007c_1_centerwave'
 'OIII5007c_1_sigma' 'OIII4959w_1_scale' 'OIII4959w_1_centerwave'
 'OIII4959w_1_sigma' 'OIII5007w_1_scale' 'OIII5007w_1_centerwave'
 'OIII5007w_1_sigma' 'HeII4687_br_1_scale' 'HeII4687_br_1_centerwave'
 'HeII4687_br_1_sigma' 'HeII4687_na_1_scale' 'HeII4687_na_1_centerwave'
 'HeII4687_na_1_sigma' 'Ha_br_1_scale' 'Ha_br_1_centerwave'
 'Ha_br_1_sigma' 'Ha_br_2_scale' 'Ha_br_2_centerwave' 'Ha_br_2_sigma'
 'Ha_na_1_scale' 'Ha_na_1_centerwave' 'Ha_na_1_sigma' 'NII6549_1_scale'
 'NII6549_1_centerwave' 'NII6549_1_sigma' 'NII6585_1_scale'
 'NII6585_1_centerwave' 'NII6585_1_sigma' 'SII6718_1_scale'
 'SII6718_1_centerwave' 'SII6718_1_sigma' 'SII6732_1_scale'
 'SII6732_1_centerwave' 'SII6732_1_sigma']

[5.12463549e+01 8.48886015e+00 3.56140475e-03 2.15587759e+01
 8.49127567e+00 8.99686866e-03 1.07823539e+01 8.48844252e+00
 8.04013494e-04 3.31487987e+01 8.50831805e+00 8.04013494e-04
 1.00450904e+02 8.51793681e+00 8.04013494e-04 2.54156085e+00
 8.51032724e+00 4.63176581e-03 7.70169947e+00 8.51994600e+00
 4.63176581e-03 5.52645707e+00 8.45212344e+00 9.90939004e-03
 2.68164879e+00 8.45164881e+00 8.04013494e-04 1.64442073e+02
 8.78880663e+00 4.00545443e-03 2.40639536e+01 8.79047104e+00
 1.20286913e-02 6.41775183e+01 8.78851610e+00 1.00045870e-03
 8.66161864e+00 8.78626448e+00 1.00045870e-03 2.59848559e+01
 8.79165941e+00 1.00045870e-03 4.34483560e-01 8.81165605e+00
 1.00045870e-03 1.55339519e+00 8.81379419e+00 1.00045870e-03]
['Hb_br_1_scale' 'Hb_br_1_sigma' 'Hb_br_2_centerwave' 'Hb_na_1_scale'
 'Hb_na_1_sigma' 'OIII4959c_1_centerwave' 'OIII5007c_1_scale'
 'OIII5007c_1_sigma' 'OIII4959w_1_centerwave' 'OIII5007w_1_scale'
 'OIII5007w_1_sigma' 'HeII4687_br_1_centerwave' 'HeII4687_na_1_scale'
 'HeII4687_na_1_sigma' 'Ha_br_1_centerwave' 'Ha_br_2_scale'
 'Ha_br_2_sigma' 'Ha_na_1_centerwave' 'NII6549_1_scale' 'NII6549_1_sigma'
 'NII6585_1_centerwave' 'SII6718_1_scale' 'SII6718_1_sigma'
 'SII6732_1_centerwave']

[]
(0,)
['1_complex_name' '1_line_status' '1_line_min_chi2' '1_line_bic'
 '1_line_red_chi2' '1_niter' '1_ndof' '2_complex_name' '2_line_status'
 '2_line_min_chi2' '2_line_bic' '2_line_red_chi2' '2_niter' '2_ndof'
 'Hb_br_1_scale' 'Hb_br_1_centerwave' 'Hb_br_1_sigma' 'Hb_br_2_scale'
 'Hb_br_2_centerwave' 'Hb_br_2_sigma' 'Hb_na_1_scale' 'Hb_na_1_centerwave'
 'Hb_na_1_sigma' 'OIII4959c_1_scale' 'OIII4959c_1_centerwave'
 'OIII4959c_1_sigma' 'OIII5007c_1_scale' 'OIII5007c_1_centerwave'
 'OIII5007c_1_sigma' 'OIII4959w_1_scale' 'OIII4959w_1_centerwave'
 'OIII4959w_1_sigma' 'OIII5007w_1_scale' 'OIII5007w_1_centerwave'
 'OIII5007w_1_sigma' 'HeII4687_br_1_scale' 'HeII4687_br_1_centerwave'
 'HeII4687_br_1_sigma' 'HeII4687_na_1_scale' 'HeII4687_na_1_centerwave'
 'HeII4687_na_1_sigma' 'Ha_br_1_scale' 'Ha_br_1_centerwave'
 'Ha_br_1_sigma' 'Ha_br_2_scale' 'Ha_br_2_centerwave' 'Ha_br_2_sigma'
 'Ha_na_1_scale' 'Ha_na_1_centerwave' 'Ha_na_1_sigma' 'NII6549_1_scale'
 'NII6549_1_centerwave' 'NII6549_1_sigma' 'NII6585_1_scale'
 'NII6585_1_centerwave' 'NII6585_1_sigma' 'SII6718_1_scale'
 'SII6718_1_centerwave' 'SII6718_1_sigma' 'SII6732_1_scale'
 'SII6732_1_centerwave' 'SII6732_1_sigma' 'Hb_whole_br_fwhm'
 'Hb_whole_br_sigma' 'Hb_whole_br_ew' 'Hb_whole_br_peak'
 'Hb_whole_br_area' 'Hb_whole_br_snr' 'Ha_whole_br_fwhm'
 'Ha_whole_br_sigma' 'Ha_whole_br_ew' 'Ha_whole_br_peak'
 'Ha_whole_br_area' 'Ha_whole_br_snr']

['Hb' '1' '823.422517162262' '388.17271300489267' '2.0952226899803104'
 '1068' '393' 'Ha' '1' '1074.6605627558015' '437.5175016799901'
 '4.264526042681752' '898' '252' '51.24635493736207' '8.488860145933966'
 '0.003561404754564901' '21.558775875618608' '8.491275670274383'
 '0.008996868662994203' '10.78235389861959' '8.488442520887224'
 '0.0008040134938596196' '33.14879870597309' '8.508318047315447'
 '0.0008040134938596196' '100.45090421164095' '8.51793680647072'
 '0.0008040134938596196' '2.541560850666258' '8.5103272387376'
 '0.004631765814204131' '7.7016994740243785' '8.519945997892874'
 '0.004631765814204131' '5.526457069748858' '8.452123437422896'
 '0.00990939003544801' '2.68164879191346' '8.451648812085955'
 '0.0008040134938596196' '164.44207273647038' '8.788806626242586'
 '0.004005454427455997' '24.063953607544875' '8.790471041339854'
 '0.012028691332790695' '64.17751829967955' '8.788516100600775'
 '0.0010004586995923282' '8.661618644545399' '8.78626447553974'
 '0.0010004586995923282' '25.984855933636197' '8.79165941114765'
 '0.0010004586995923282' '0.43448356024100576' '8.811656054214057'
 '0.0010004586995923282' '1.5533951902568788' '8.81379419203144'
 '0.0010004586995923282' '3090.541022541138' '5042.3164112281975'
 '133.30403100022562' '4861.383243649916' '5828.9254450341205'
 '56.235697203036196' '3076.3318426565907' '2222.0151539438575'
 '588.7617128547715' '6560.694822739036' '15586.866421714329'
 '149.88702567517797']
Broad Hb:
FWHM (km/s) 3089.4
Sigma (km/s) 2087.4
EW (A) 105.2
Peak (A) 4861.4
Area (10^(-17) erg/s/cm^2) 4586.0
SNR 30.5

Narrow Hb:
FWHM (km/s) 572.2
Sigma (km/s) 237.4
EW (A) 2.4
Peak (A) 4857.7
Area (10^(-17) erg/s/cm^2) 105.3
SNR 2.7

Broad [OIII]5007:
FWHM (km/s) 3274.2
Sigma (km/s) 1371.5
EW (A) 10.9
Peak (A) 5013.2
Area (10^(-17) erg/s/cm^2) 447.1
SNR 2.1

Narrow [OIII]5007:
FWHM (km/s) 572.2
Sigma (km/s) 237.4
EW (A) 24.6
Peak (A) 5003.1
Area (10^(-17) erg/s/cm^2) 1010.0
SNR 22.5
