<IPython.core.display.HTML object>
/app/BADASS3/example_spectra/2-onur
/app/BADASS3/example_spectra/2-onur/my_sdss.fits
0.17511339485645294
Start process memory: 0.22337126                    
 Folder has not been created.  Creating MCMC_output folder...

 > Starting fit for 2-onur

 Input fitting region exceeds available wavelength range.  BADASS will adjust your fitting range automatically...
		- Input fitting range: (2900, 8000)
		- Available wavelength range: (3035, 8849)
		- New fitting region is (3035, 8000). 


 Input spectrum is not linearly binned. BADASS will linearly rebin and conserve flux...


-----------------------------------------------------------
 file:                        my_sdss.fits                  
 redshift:                    0.17511                       
 fitting region:              (3035,8000) [A]               
 velocity scale:              69.03 [km/s/pixel]            
 Galactic E(B-V):             0.000                         
 Flux Normalization:          1e-17                         
 Fit Normalization:           132.18542                     
-----------------------------------------------------------

 Initializing parameters...
----------------------------------------------------------------------------------------------------
	- Fitting additive legendre polynomial component.
	- Fitting Simple AGN power-law continuum.
	- Fitting broad and narrow optical FeII using Veron-Cetty et al. (2004) optical FeII templates
	 		* varying optical FeII amplitudes
	 		* varying optical FeII dispersion.
	 		* varying optical FeII voff

 Warning! Peak finding algorithm used for initial guesses of amplitude and velocity failed! Defaulting to user-defined locations...

 Warning! Peak finding algorithm used for initial guesses of amplitude and velocity failed! Defaulting to user-defined locations...

----------------------------------------------------------------------------------------------------------------------------------------

----------------------------------------------------------------------------------------------------------------------------------------

 Line List:

----------------------------------------------------------------------------------------------------------------------------------------
BR_H_ALPHA                                                                                
                              amp                           free                          
                              center                        6564.6                        
                              center_pix                    3350.1285739153345            
                              disp                          free                          
                              disp_res_ang                  2.168290397634345             
                              disp_res_kms                  99.02158668686553             
                              line_profile                  gaussian                      
                              line_type                     br                            
                              ncomp                         1                             
                              voff                          free                          
BR_H_BETA                                                                                 
                              amp                           free                          
                              center                        4862.691                      
                              center_pix                    2046.869844480125             
                              disp                          free                          
                              disp_res_ang                  2.168290397634345             
                              disp_res_kms                  133.67847308508757            
                              line_profile                  gaussian                      
                              line_type                     br                            
                              ncomp                         1                             
                              voff                          free                          
BR_OII                                                                                    
                              amp                           free                          
                              center                        3727.09                       
                              center_pix                    891.852625639188              
                              disp                          free                          
                              disp_res_ang                  2.168290397634345             
                              disp_res_kms                  174.40874998043984            
                              line_profile                  gaussian                      
                              line_type                     br                            
                              ncomp                         1                             
                              voff                          free                          
BR_OIII_a                                                                                 
                              amp                           (BR_OIII_b_AMP/2.98)          
                              center                        4960.295                      
                              center_pix                    2133.174377115971             
                              disp                          BR_OIII_b_DISP                
                              disp_res_ang                  2.168290397634345             
                              disp_res_kms                  131.04807435134353            
                              line_profile                  gaussian                      
                              line_type                     br                            
                              ncomp                         1                             
                              voff                          BR_OIII_b_VOFF                
BR_OIII_b                                                                                 
                              amp                           free                          
                              center                        5008.24                       
                              center_pix                    2174.948821898495             
                              disp                          free                          
                              disp_res_ang                  2.168290397634345             
                              disp_res_kms                  129.7935218688796             
                              line_profile                  gaussian                      
                              line_type                     br                            
                              ncomp                         1                             
                              voff                          free                          
NA_H_ALPHA                                                                                
                              amp                           free                          
                              center                        6564.6                        
                              center_pix                    3350.1285739153345            
                              disp                          free                          
                              disp_res_ang                  2.168290397634345             
                              disp_res_kms                  99.02158668686553             
                              label                         [H$\alpha$]                   
                              line_profile                  gaussian                      
                              line_type                     na                            
                              ncomp                         1                             
                              voff                          free                          
NA_H_BETA                                                                                 
                              amp                           free                          
                              center                        4862.691                      
                              center_pix                    2046.869844480125             
                              disp                          free                          
                              disp_res_ang                  2.168290397634345             
                              disp_res_kms                  133.67847308508757            
                              label                         H$\beta$                      
                              line_profile                  gaussian                      
                              line_type                     na                            
                              ncomp                         1                             
                              voff                          free                          
NA_OII                                                                                    
                              amp                           free                          
                              center                        3727.09                       
                              center_pix                    891.852625639188              
                              disp                          free                          
                              disp_res_ang                  2.168290397634345             
                              disp_res_kms                  174.40874998043984            
                              label                         [OII]                         
                              line_profile                  gaussian                      
                              line_type                     na                            
                              ncomp                         1                             
                              voff                          free                          
NA_OIII_a                                                                                 
                              amp                           (NA_OIII_b_AMP/2.98)          
                              center                        4960.295                      
                              center_pix                    2133.174377115971             
                              disp                          NA_OIII_b_DISP                
                              disp_res_ang                  2.168290397634345             
                              disp_res_kms                  131.04807435134353            
                              label                         [OIIIa]                       
                              line_profile                  gaussian                      
                              line_type                     na                            
                              ncomp                         1                             
                              voff                          NA_OIII_b_VOFF                
NA_OIII_b                                                                                 
                              amp                           free                          
                              center                        5008.24                       
                              center_pix                    2174.948821898495             
                              disp                          free                          
                              disp_res_ang                  2.168290397634345             
                              disp_res_kms                  129.7935218688796             
                              label                         [OIIIb]                       
                              line_profile                  gaussian                      
                              line_type                     na                            
                              ncomp                         1                             
                              voff                          free                          

----------------------------------------------------------------------------------------------------------------------------------------

 Number of Free Line Parameters: 24

----------------------------------------------------------------------------------------------------------------------------------------

 All Free Parameters:

----------------------------------------------------------------------------------------------------------------------------------------
APOLY_COEFF_1                                                                             
                              init                          0.0                           
                              plim                          (-100.0, 100.0)               
APOLY_COEFF_2                                                                             
                              init                          0.0                           
                              plim                          (-100.0, 100.0)               
APOLY_COEFF_3                                                                             
                              init                          0.0                           
                              plim                          (-100.0, 100.0)               
APOLY_COEFF_4                                                                             
                              init                          0.0                           
                              plim                          (-100.0, 100.0)               
APOLY_COEFF_5                                                                             
                              init                          0.0                           
                              plim                          (-100.0, 100.0)               
APOLY_COEFF_6                                                                             
                              init                          0.0                           
                              plim                          (-100.0, 100.0)               
APOLY_COEFF_7                                                                             
                              init                          0.0                           
                              plim                          (-100.0, 100.0)               
BR_H_ALPHA_AMP                                                                            
                              init                          0.954159481656466             
                              plim                          (0, 50)                       
BR_H_ALPHA_DISP                                                                           
                              init                          3300.0                        
                              plim                          (600, 6000)                   
BR_H_ALPHA_VOFF                                                                           
                              init                          0.0                           
                              plim                          (-1500, 1500)                 
                              prior                         {'type': 'gaussian'}          
BR_H_BETA_AMP                                                                             
                              init                          0.4867263372681617            
                              plim                          (0, 50)                       
BR_H_BETA_DISP                                                                            
                              init                          3300.0                        
                              plim                          (600, 6000)                   
BR_H_BETA_VOFF                                                                            
                              init                          0.0                           
                              plim                          (-1500, 1500)                 
                              prior                         {'type': 'gaussian'}          
BR_OIII_b_AMP                                                                             
                              init                          0.43386158242594336           
                              plim                          (0, 50)                       
BR_OIII_b_DISP                                                                            
                              init                          3300.0                        
                              plim                          (600, 6000)                   
BR_OIII_b_VOFF                                                                            
                              init                          0.0                           
                              plim                          (-1500, 1500)                 
                              prior                         {'type': 'gaussian'}          
BR_OII_AMP                                                                                
                              init                          0.45859458999633473           
                              plim                          (0, 50)                       
BR_OII_DISP                                                                               
                              init                          3300.0                        
                              plim                          (600, 6000)                   
BR_OII_VOFF                                                                               
                              init                          0.0                           
                              plim                          (-1500, 1500)                 
                              prior                         {'type': 'gaussian'}          
BR_OPT_FEII_AMP                                                                           
                              init                          0.026222564774247538          
                              plim                          (0, 1.5000000253431303)       
BR_OPT_FEII_DISP                                                                          
                              init                          500.0                         
                              plim                          (500.0, 5000.0)               
BR_OPT_FEII_VOFF                                                                          
                              init                          0.0                           
                              plim                          (-500.0, 500.0)               
NA_H_ALPHA_AMP                                                                            
                              init                          0.954159481656466             
                              plim                          (0, 50)                       
NA_H_ALPHA_DISP                                                                           
                              init                          1300.0                        
                              plim                          (100, 2500)                   
NA_H_ALPHA_VOFF                                                                           
                              init                          0.0                           
                              plim                          (-1000, 1000)                 
                              prior                         {'type': 'gaussian'}          
NA_H_BETA_AMP                                                                             
                              init                          0.4867263372681617            
                              plim                          (0, 50)                       
NA_H_BETA_DISP                                                                            
                              init                          1300.0                        
                              plim                          (100, 2500)                   
NA_H_BETA_VOFF                                                                            
                              init                          0.0                           
                              plim                          (-1000, 1000)                 
                              prior                         {'type': 'gaussian'}          
NA_OIII_b_AMP                                                                             
                              init                          0.43386158242594336           
                              plim                          (0, 50)                       
NA_OIII_b_DISP                                                                            
                              init                          1300.0                        
                              plim                          (100, 2500)                   
NA_OIII_b_VOFF                                                                            
                              init                          0.0                           
                              plim                          (-1000, 1000)                 
                              prior                         {'type': 'gaussian'}          
NA_OII_AMP                                                                                
                              init                          0.45859458999633473           
                              plim                          (0, 50)                       
NA_OII_DISP                                                                               
                              init                          1300.0                        
                              plim                          (100, 2500)                   
NA_OII_VOFF                                                                               
                              init                          0.0                           
                              plim                          (-1000, 1000)                 
                              prior                         {'type': 'gaussian'}          
NA_OPT_FEII_AMP                                                                           
                              init                          0.026222564774247538          
                              plim                          (0, 1.5000000253431303)       
NA_OPT_FEII_DISP                                                                          
                              init                          10.0                          
                              plim                          (0.1, 500.0)                  
NA_OPT_FEII_VOFF                                                                          
                              init                          0.0                           
                              plim                          (-500.0, 500.0)               
POWER_AMP                                                                                 
                              init                          0.13111282387123768           
                              plim                          (0, 1.5000000253431303)       
POWER_SLOPE                                                                               
                              init                          -1.0                          
                              plim                          (-6.0, 6.0)                   

----------------------------------------------------------------------------------------------------------------------------------------

 Total number of free parameters: 39

----------------------------------------------------------------------------------------------------------------------------------------

 Soft Constraints:


----------------------------------------------------------------------------------------------------------------------------------------

----------------------------------------------------------------------------------------------------------------------------------------

 Required Maximum Likelihood RMSE threshold: 0.5366 


 Performing max. likelihood fitting.

 Using Basin-hopping algorithm to estimate parameters. niter_success = 5
basinhopping step 0: f 1.76685
 Fit Status: False
 Force threshold: 0.5366
 Lowest RMSE: 0.0781
 Current RMSE: 0.0781
 Accepted count: 1
 Basinhop count: 0


adaptive stepsize: acceptance rate 0.000000 target 0.500000 new stepsize 0.9 old stepsize 1
basinhopping step 1: f 1.75289 trial_f 1.75289 accepted 1  lowest_f 1.75289
found new global minimum on step 1 with function value 1.75289
 Fit Status: False
 Force threshold: 0.5366
 Lowest RMSE: 0.0778
 Current RMSE: 0.0778
 Accepted count: 2
 Basinhop count: 0


adaptive stepsize: acceptance rate 0.500000 target 0.500000 new stepsize 0.81 old stepsize 0.9
basinhopping step 2: f 1.75289 trial_f 15.0154 accepted 0  lowest_f 1.75289
 Fit Status: False
 Force threshold: 0.5366
 Lowest RMSE: 0.0778
 Current RMSE: 0.2277
 Accepted count: 2
 Basinhop count: 1


adaptive stepsize: acceptance rate 0.333333 target 0.500000 new stepsize 0.729 old stepsize 0.81
basinhopping step 3: f 1.75289 trial_f 3.22254 accepted 0  lowest_f 1.75289
 Fit Status: False
 Force threshold: 0.5366
 Lowest RMSE: 0.0778
 Current RMSE: 0.1055
 Accepted count: 2
 Basinhop count: 2


adaptive stepsize: acceptance rate 0.250000 target 0.500000 new stepsize 0.6561 old stepsize 0.729
basinhopping step 4: f 1.79109 trial_f 1.79109 accepted 1  lowest_f 1.75289
 Fit Status: False
 Force threshold: 0.5366
 Lowest RMSE: 0.0778
 Current RMSE: 0.0787
 Accepted count: 3
 Basinhop count: 3


adaptive stepsize: acceptance rate 0.400000 target 0.500000 new stepsize 0.59049 old stepsize 0.6561
basinhopping step 5: f 1.71755 trial_f 1.71755 accepted 1  lowest_f 1.71755
found new global minimum on step 5 with function value 1.71755
 Fit Status: False
 Force threshold: 0.5366
 Lowest RMSE: 0.0770
 Current RMSE: 0.0770
 Accepted count: 4
 Basinhop count: 0


adaptive stepsize: acceptance rate 0.500000 target 0.500000 new stepsize 0.531441 old stepsize 0.59049
basinhopping step 6: f 1.71755 trial_f 3.26476 accepted 0  lowest_f 1.71755
 Fit Status: False
 Force threshold: 0.5366
 Lowest RMSE: 0.0770
 Current RMSE: 0.1062
 Accepted count: 4
 Basinhop count: 1


adaptive stepsize: acceptance rate 0.428571 target 0.500000 new stepsize 0.478297 old stepsize 0.531441
basinhopping step 7: f 1.71755 trial_f 3.38647 accepted 0  lowest_f 1.71755
 Fit Status: False
 Force threshold: 0.5366
 Lowest RMSE: 0.0770
 Current RMSE: 0.1082
 Accepted count: 4
 Basinhop count: 2


adaptive stepsize: acceptance rate 0.375000 target 0.500000 new stepsize 0.430467 old stepsize 0.478297
basinhopping step 8: f 2.19587 trial_f 2.19587 accepted 1  lowest_f 1.71755
 Fit Status: False
 Force threshold: 0.5366
 Lowest RMSE: 0.0770
 Current RMSE: 0.0871
 Accepted count: 5
 Basinhop count: 3


adaptive stepsize: acceptance rate 0.444444 target 0.500000 new stepsize 0.38742 old stepsize 0.430467
basinhopping step 9: f 2.05007 trial_f 2.05007 accepted 1  lowest_f 1.71755
 Fit Status: False
 Force threshold: 0.5366
 Lowest RMSE: 0.0770
 Current RMSE: 0.0842
 Accepted count: 6
 Basinhop count: 4


adaptive stepsize: acceptance rate 0.500000 target 0.500000 new stepsize 0.348678 old stepsize 0.38742
basinhopping step 10: f 2.19794 trial_f 2.19794 accepted 1  lowest_f 1.71755
 Fit Status: True
 Force threshold: 0.5366
 Lowest RMSE: 0.0770
 Current RMSE: 0.0871
 Accepted count: 7
 Basinhop count: 5



 Performing Monte Carlo bootstrapping...
	   Completed 1 of 100 iterations.
	   Completed 2 of 100 iterations.
	   Completed 3 of 100 iterations.
	   Completed 4 of 100 iterations.
	   Completed 5 of 100 iterations.
	   Completed 6 of 100 iterations.
	   Completed 7 of 100 iterations.
	   Completed 8 of 100 iterations.
	   Completed 9 of 100 iterations.
	   Completed 10 of 100 iterations.
	   Completed 11 of 100 iterations.
	   Completed 12 of 100 iterations.
	   Completed 13 of 100 iterations.
	   Completed 14 of 100 iterations.
	   Completed 15 of 100 iterations.
	   Completed 16 of 100 iterations.
	   Completed 17 of 100 iterations.
	   Completed 18 of 100 iterations.
	   Completed 19 of 100 iterations.
	   Completed 20 of 100 iterations.
	   Completed 21 of 100 iterations.
	   Completed 22 of 100 iterations.
	   Completed 23 of 100 iterations.
	   Completed 24 of 100 iterations.
	   Completed 25 of 100 iterations.
	   Completed 26 of 100 iterations.
	   Completed 27 of 100 iterations.
	   Completed 28 of 100 iterations.
	   Completed 29 of 100 iterations.
	   Completed 30 of 100 iterations.
	   Completed 31 of 100 iterations.
	   Completed 32 of 100 iterations.
	   Completed 33 of 100 iterations.
	   Completed 34 of 100 iterations.
	   Completed 35 of 100 iterations.
	   Completed 36 of 100 iterations.
	   Completed 37 of 100 iterations.
	   Completed 38 of 100 iterations.
	   Completed 39 of 100 iterations.
	   Completed 40 of 100 iterations.
	   Completed 41 of 100 iterations.
	   Completed 42 of 100 iterations.
	   Completed 43 of 100 iterations.
	   Completed 44 of 100 iterations.
	   Completed 45 of 100 iterations.
	   Completed 46 of 100 iterations.
	   Completed 47 of 100 iterations.
	   Completed 48 of 100 iterations.
	   Completed 49 of 100 iterations.
	   Completed 50 of 100 iterations.
	   Completed 51 of 100 iterations.
	   Completed 52 of 100 iterations.
	   Completed 53 of 100 iterations.
	   Completed 54 of 100 iterations.
	   Completed 55 of 100 iterations.
	   Completed 56 of 100 iterations.
	   Completed 57 of 100 iterations.
	   Completed 58 of 100 iterations.
	   Completed 59 of 100 iterations.
	   Completed 60 of 100 iterations.
	   Completed 61 of 100 iterations.
	   Completed 62 of 100 iterations.
	   Completed 63 of 100 iterations.
	   Completed 64 of 100 iterations.
	   Completed 65 of 100 iterations.
	   Completed 66 of 100 iterations.
	   Completed 67 of 100 iterations.
	   Completed 68 of 100 iterations.
	   Completed 69 of 100 iterations.
	   Completed 70 of 100 iterations.
	   Completed 71 of 100 iterations.
	   Completed 72 of 100 iterations.
	   Completed 73 of 100 iterations.
	   Completed 74 of 100 iterations.
	   Completed 75 of 100 iterations.
	   Completed 76 of 100 iterations.
	   Completed 77 of 100 iterations.
	   Completed 78 of 100 iterations.
	   Completed 79 of 100 iterations.
	   Completed 80 of 100 iterations.
	   Completed 81 of 100 iterations.
	   Completed 82 of 100 iterations.
	   Completed 83 of 100 iterations.
	   Completed 84 of 100 iterations.
	   Completed 85 of 100 iterations.
	   Completed 86 of 100 iterations.
	   Completed 87 of 100 iterations.
	   Completed 88 of 100 iterations.
	   Completed 89 of 100 iterations.
	   Completed 90 of 100 iterations.
	   Completed 91 of 100 iterations.
	   Completed 92 of 100 iterations.
	   Completed 93 of 100 iterations.
	   Completed 94 of 100 iterations.
	   Completed 95 of 100 iterations.
	   Completed 96 of 100 iterations.
	   Completed 97 of 100 iterations.
	   Completed 98 of 100 iterations.
	   Completed 99 of 100 iterations.
	   Completed 100 of 100 iterations.

 Maximum Likelihood Best-fit Parameters:
--------------------------------------------------------------------------------------

Parameter                     Best-fit Value                +/- 1-sigma                   Flag                          
--------------------------------------------------------------------------------------
AGN_FRAC_4000                 1.000000                      0.000000                      1.0                           
AGN_FRAC_7000                 1.000000                      0.000000                      1.0                           
APOLY_COEFF_1                 -0.186558                     0.000382                      0.0                           
APOLY_COEFF_2                 0.113190                      0.000510                      0.0                           
APOLY_COEFF_3                 -0.052547                     0.000514                      0.0                           
APOLY_COEFF_4                 0.008981                      0.000684                      0.0                           
APOLY_COEFF_5                 -0.000835                     0.000706                      0.0                           
APOLY_COEFF_6                 -0.012129                     0.000793                      0.0                           
APOLY_COEFF_7                 0.025794                      0.000756                      0.0                           
BR_H_ALPHA_AMP                85.132232                     0.792203                      0.0                           
BR_H_ALPHA_DISP               1190.822286                   0.000259                      0.0                           
BR_H_ALPHA_DISP_CORR          1186.698126                   0.000259                      0.0                           
BR_H_ALPHA_DISP_RES           99.021587                     nan                           nan                           
BR_H_ALPHA_EW                 261.630667                    2.600893                      0.0                           
BR_H_ALPHA_FLUX               -13.184693                    0.004047                      0.0                           
BR_H_ALPHA_FWHM               2804.526907                   0.000613                      0.0                           
BR_H_ALPHA_FWHM_CORR          2794.816650                   0.000613                      0.0                           
BR_H_ALPHA_LUM                42.747560                     0.004047                      0.0                           
BR_H_ALPHA_NPIX               99.000000                     0.216920                      0.0                           
BR_H_ALPHA_SNR                56.874762                     0.529252                      0.0                           
BR_H_ALPHA_VOFF               -134.550249                   0.000399                      0.0                           
BR_H_ALPHA_W80                3121.925122                   0.000657                      0.0                           
BR_H_ALPHA_W80_CORR           3111.559853                   0.000657                      0.0                           
BR_H_BETA_AMP                 5.051710                      0.322612                      0.0                           
BR_H_BETA_DISP                3294.871834                   0.000003                      0.0                           
BR_H_BETA_DISP_CORR           3292.158937                   0.000003                      0.0                           
BR_H_BETA_DISP_RES            133.678473                    nan                           nan                           
BR_H_BETA_EW                  25.238652                     1.635725                      0.0                           
BR_H_BETA_FLUX                -14.099464                    0.028322                      0.0                           
BR_H_BETA_FWHM                7758.907919                   0.000007                      0.0                           
BR_H_BETA_FWHM_CORR           7752.519709                   0.000007                      0.0                           
BR_H_BETA_LUM                 41.832790                     0.028322                      0.0                           
BR_H_BETA_NPIX                157.000000                    3.598380                      0.0                           
BR_H_BETA_SNR                 3.375105                      0.215540                      0.0                           
BR_H_BETA_VOFF                6.437347                      0.000008                      0.0                           
BR_H_BETA_W80                 8642.674461                   0.005078                      0.0                           
BR_H_BETA_W80_CORR            8635.859431                   0.005078                      0.0                           
BR_OIII_a_AMP                 0.000025                      0.000000                      0.0                           
BR_OIII_a_DISP                3301.079221                   0.000000                      0.0                           
BR_OIII_a_DISP_CORR           3298.476986                   0.000000                      0.0                           
BR_OIII_a_DISP_RES            131.048074                    nan                           nan                           
BR_OIII_a_EW                  0.000000                      0.000000                      1.0                           
BR_OIII_a_FLUX                0.000000                      0.000000                      0.0                           
BR_OIII_a_FWHM                0.000000                      0.000000                      0.0                           
BR_OIII_a_FWHM_CORR           0.000000                      0.000000                      0.0                           
BR_OIII_a_LUM                 0.000000                      0.000000                      1.0                           
BR_OIII_a_NPIX                0.000000                      0.000000                      0.0                           
BR_OIII_a_SNR                 0.000000                      0.000000                      0.0                           
BR_OIII_a_VOFF                -0.394093                     0.000000                      0.0                           
BR_OIII_a_W80                 0.000000                      0.000000                      0.0                           
BR_OIII_a_W80_CORR            0.000000                      0.000000                      0.0                           
BR_OIII_b_AMP                 0.000074                      0.000000                      0.0                           
BR_OIII_b_DISP                3301.079221                   0.000000                      0.0                           
BR_OIII_b_DISP_CORR           3298.526590                   0.000000                      0.0                           
BR_OIII_b_DISP_RES            129.793522                    nan                           nan                           
BR_OIII_b_EW                  0.000000                      0.000000                      1.0                           
BR_OIII_b_FLUX                0.000000                      0.000000                      0.0                           
BR_OIII_b_FWHM                0.000000                      0.000000                      0.0                           
BR_OIII_b_FWHM_CORR           0.000000                      0.000000                      0.0                           
BR_OIII_b_LUM                 0.000000                      0.000000                      1.0                           
BR_OIII_b_NPIX                0.000000                      0.000000                      0.0                           
BR_OIII_b_SNR                 0.000000                      0.000000                      0.0                           
BR_OIII_b_VOFF                -0.394093                     0.000000                      0.0                           
BR_OIII_b_W80                 0.000000                      0.000000                      0.0                           
BR_OIII_b_W80_CORR            0.000000                      0.000000                      0.0                           
BR_OII_AMP                    0.000000                      0.000000                      2.0                           
BR_OII_DISP                   3300.818632                   0.000000                      0.0                           
BR_OII_DISP_CORR              3296.207704                   0.000000                      0.0                           
BR_OII_DISP_RES               174.408750                    nan                           nan                           
BR_OII_EW                     0.000000                      0.000000                      1.0                           
BR_OII_FLUX                   0.000000                      0.000000                      0.0                           
BR_OII_FWHM                   0.000000                      0.000000                      0.0                           
BR_OII_FWHM_CORR              0.000000                      0.000000                      0.0                           
BR_OII_LUM                    0.000000                      0.000000                      1.0                           
BR_OII_NPIX                   0.000000                      0.000000                      0.0                           
BR_OII_SNR                    0.000000                      0.000000                      0.0                           
BR_OII_VOFF                   0.543662                      0.000000                      0.0                           
BR_OII_W80                    0.000000                      0.000000                      0.0                           
BR_OII_W80_CORR               0.000000                      0.000000                      0.0                           
BR_OPT_FEII_AMP               45.425027                     2.475615                      0.0                           
BR_OPT_FEII_DISP              500.001570                    0.000105                      0.0                           
BR_OPT_FEII_TEMPLATE_EW       58.580418                     3.233651                      0.0                           
BR_OPT_FEII_TEMPLATE_FLUX     -13.740568                    0.023833                      0.0                           
BR_OPT_FEII_TEMPLATE_LUM      42.191686                     0.023833                      0.0                           
BR_OPT_FEII_VOFF              -0.330508                     0.000019                      0.0                           
HOST_FRAC_4000                0.079168                      0.001221                      0.0                           
HOST_FRAC_7000                -0.529899                     0.002714                      1.0                           
H_ALPHA_COMP_DISP             1190.818775                   0.000259                      0.0                           
H_ALPHA_COMP_DISP_CORR        1186.694603                   0.000259                      0.0                           
H_ALPHA_COMP_DISP_RES         99.021587                     nan                           nan                           
H_ALPHA_COMP_EW               261.630667                    2.600893                      0.0                           
H_ALPHA_COMP_FLUX             -13.184693                    0.004047                      0.0                           
H_ALPHA_COMP_FWHM             2804.526907                   0.000613                      0.0                           
H_ALPHA_COMP_FWHM_CORR        2794.816650                   0.000613                      0.0                           
H_ALPHA_COMP_LUM              42.747560                     0.004047                      0.0                           
H_ALPHA_COMP_NPIX             99.000000                     0.216920                      0.0                           
H_ALPHA_COMP_SNR              31.770248                     0.308978                      0.0                           
H_ALPHA_COMP_VOFF             -134.550322                   0.000403                      0.0                           
H_ALPHA_COMP_W80              3121.925122                   0.000657                      0.0                           
H_ALPHA_COMP_W80_CORR         3111.559853                   0.000657                      0.0                           
H_BETA_COMP_DISP              2210.368620                   39.597123                     0.0                           
H_BETA_COMP_DISP_CORR         2206.322620                   39.597123                     0.0                           
H_BETA_COMP_DISP_RES          133.678473                    nan                           nan                           
H_BETA_COMP_EW                71.513861                     1.225189                      0.0                           
H_BETA_COMP_FLUX              -13.646977                    0.006931                      0.0                           
H_BETA_COMP_FWHM              3365.242261                   28.210974                     0.0                           
H_BETA_COMP_FWHM_CORR         3350.487308                   28.210974                     0.0                           
H_BETA_COMP_LUM               42.285276                     0.006931                      0.0                           
H_BETA_COMP_NPIX              157.000000                    3.369946                      0.0                           
H_BETA_COMP_SNR               17.223707                     0.236687                      0.0                           
H_BETA_COMP_VOFF              -19.737992                    0.763481                      0.0                           
H_BETA_COMP_W80               5018.913511                   121.366082                    0.0                           
H_BETA_COMP_W80_CORR          5007.168771                   121.366082                    0.0                           
LOG_LIKE                      1.717547                      0.083433                      0.0                           
L_CONT_AGN_5100               44.105723                     0.000884                      0.0                           
L_CONT_HOST_5100              0.000000                      0.000000                      1.0                           
L_CONT_TOT_5100               44.105723                     0.000884                      0.0                           
NA_H_ALPHA_AMP                0.000000                      0.000000                      2.0                           
NA_H_ALPHA_DISP               1301.047025                   0.000000                      0.0                           
NA_H_ALPHA_DISP_CORR          1297.273328                   0.000000                      0.0                           
NA_H_ALPHA_DISP_RES           99.021587                     nan                           nan                           
NA_H_ALPHA_EW                 0.000000                      0.000000                      1.0                           
NA_H_ALPHA_FLUX               0.000000                      0.000000                      0.0                           
NA_H_ALPHA_FWHM               0.000000                      0.000000                      0.0                           
NA_H_ALPHA_FWHM_CORR          0.000000                      0.000000                      0.0                           
NA_H_ALPHA_LUM                0.000000                      0.000000                      1.0                           
NA_H_ALPHA_NPIX               0.000000                      0.000000                      0.0                           
NA_H_ALPHA_SNR                0.000000                      0.000000                      0.0                           
NA_H_ALPHA_VOFF               1.046324                      0.000000                      0.0                           
NA_H_ALPHA_W80                0.000000                      0.000000                      0.0                           
NA_H_ALPHA_W80_CORR           0.000000                      0.000000                      0.0                           
NA_H_BETA_AMP                 23.907779                     0.559410                      0.0                           
NA_H_BETA_DISP                1277.468508                   0.000036                      0.0                           
NA_H_BETA_DISP_CORR           1270.454980                   0.000036                      0.0                           
NA_H_BETA_DISP_RES            133.678473                    nan                           nan                           
NA_H_BETA_EW                  46.275209                     1.076108                      0.0                           
NA_H_BETA_FLUX                -13.835931                    0.010141                      0.0                           
NA_H_BETA_FWHM                3008.901891                   0.000086                      0.0                           
NA_H_BETA_FWHM_CORR           2992.390402                   0.000086                      0.0                           
NA_H_BETA_LUM                 42.096323                     0.010141                      0.0                           
NA_H_BETA_NPIX                88.000000                     0.195027                      0.0                           
NA_H_BETA_SNR                 15.969748                     0.373671                      0.0                           
NA_H_BETA_VOFF                -34.003523                    0.000043                      0.0                           
NA_H_BETA_W80                 3350.034872                   0.000094                      0.0                           
NA_H_BETA_W80_CORR            3332.413526                   0.000094                      0.0                           
NA_OIII_a_AMP                 3.256817                      0.264756                      0.0                           
NA_OIII_a_DISP                1189.847113                   0.000080                      0.0                           
NA_OIII_a_DISP_CORR           1182.608369                   0.000080                      0.0                           
NA_OIII_a_DISP_RES            131.048074                    nan                           nan                           
NA_OIII_a_EW                  6.180458                      0.173234                      0.0                           
NA_OIII_a_FLUX                -14.723927                    0.011806                      0.0                           
NA_OIII_a_FWHM                2802.890120                   0.000188                      0.0                           
NA_OIII_a_FWHM_CORR           2785.850678                   0.000188                      0.0                           
NA_OIII_a_LUM                 41.208327                     0.011806                      0.0                           
NA_OIII_a_NPIX                47.000000                     0.523724                      0.0                           
NA_OIII_a_SNR                 2.175038                      0.059334                      0.0                           
NA_OIII_a_VOFF                -47.239929                    0.000041                      0.0                           
NA_OIII_a_W80                 3119.665885                   0.005240                      0.0                           
NA_OIII_a_W80_CORR            3101.475455                   0.005240                      0.0                           
NA_OIII_b_AMP                 9.705315                      0.264756                      0.0                           
NA_OIII_b_DISP                1189.847113                   0.000080                      0.0                           
NA_OIII_b_DISP_CORR           1182.746716                   0.000080                      0.0                           
NA_OIII_b_DISP_RES            129.793522                    nan                           nan                           
NA_OIII_b_EW                  18.882440                     0.529422                      0.0                           
NA_OIII_b_FLUX                -14.245531                    0.011806                      0.0                           
NA_OIII_b_FWHM                2802.295383                   0.000189                      0.0                           
NA_OIII_b_FWHM_CORR           2785.578029                   0.000189                      0.0                           
NA_OIII_b_LUM                 41.686723                     0.011806                      0.0                           
NA_OIII_b_NPIX                70.000000                     0.280742                      0.0                           
NA_OIII_b_SNR                 6.483471                      0.176866                      0.0                           
NA_OIII_b_VOFF                -47.239929                    0.000041                      0.0                           
NA_OIII_b_W80                 3120.082525                   0.000490                      0.0                           
NA_OIII_b_W80_CORR            3102.242104                   0.000490                      0.0                           
NA_OII_AMP                    4.568696                      0.347145                      0.0                           
NA_OII_DISP                   1300.891688                   0.000007                      0.0                           
NA_OII_DISP_CORR              1289.147305                   0.000007                      0.0                           
NA_OII_DISP_RES               174.408750                    nan                           nan                           
NA_OII_EW                     4.525377                      0.345738                      0.0                           
NA_OII_FLUX                   -14.662244                    0.033346                      0.0                           
NA_OII_FWHM                   3063.588422                   0.000017                      0.0                           
NA_OII_FWHM_CORR              3035.935012                   0.000017                      0.0                           
NA_OII_LUM                    41.270010                     0.033346                      0.0                           
NA_OII_NPIX                   52.000000                     2.209363                      0.0                           
NA_OII_SNR                    3.052328                      0.231926                      0.0                           
NA_OII_VOFF                   1.281571                      0.000008                      0.0                           
NA_OII_W80                    3411.957175                   0.003095                      0.0                           
NA_OII_W80_CORR               3382.456204                   0.003095                      0.0                           
NA_OPT_FEII_AMP               2.041688                      0.888036                      0.0                           
NA_OPT_FEII_DISP              10.668272                     0.000001                      0.0                           
NA_OPT_FEII_TEMPLATE_EW       3.485475                      1.516105                      0.0                           
NA_OPT_FEII_TEMPLATE_FLUX     -14.935113                    0.000000                      1.0                           
NA_OPT_FEII_TEMPLATE_LUM      40.997141                     0.000000                      1.0                           
NA_OPT_FEII_VOFF              2.937151                      0.000006                      0.0                           
OIII_a_COMP_DISP              1189.770560                   0.010194                      0.0                           
OIII_a_COMP_DISP_CORR         1182.531348                   0.010194                      0.0                           
OIII_a_COMP_DISP_RES          131.048074                    nan                           nan                           
OIII_a_COMP_EW                6.180458                      0.173234                      0.0                           
OIII_a_COMP_FLUX              -14.723927                    0.011806                      0.0                           
OIII_a_COMP_FWHM              2802.890120                   0.000188                      0.0                           
OIII_a_COMP_FWHM_CORR         2785.850678                   0.000188                      0.0                           
OIII_a_COMP_LUM               41.208327                     0.011806                      0.0                           
OIII_a_COMP_NPIX              47.000000                     0.523724                      0.0                           
OIII_a_COMP_SNR               2.360446                      0.067239                      0.0                           
OIII_a_COMP_VOFF              -47.239841                    0.001440                      0.0                           
OIII_a_COMP_W80               3119.665885                   0.005240                      0.0                           
OIII_a_COMP_W80_CORR          3101.475455                   0.005240                      0.0                           
OIII_b_COMP_DISP              1189.815792                   0.001037                      0.0                           
OIII_b_COMP_DISP_CORR         1182.715207                   0.001037                      0.0                           
OIII_b_COMP_DISP_RES          129.793522                    nan                           nan                           
OIII_b_COMP_EW                18.882440                     0.529422                      0.0                           
OIII_b_COMP_FLUX              -14.245531                    0.011806                      0.0                           
OIII_b_COMP_FWHM              2802.295383                   0.000189                      0.0                           
OIII_b_COMP_FWHM_CORR         2785.578029                   0.000189                      0.0                           
OIII_b_COMP_LUM               41.686723                     0.011806                      0.0                           
OIII_b_COMP_NPIX              70.000000                     0.280742                      0.0                           
OIII_b_COMP_SNR               6.800298                      0.187357                      0.0                           
OIII_b_COMP_VOFF              -47.240889                    0.000458                      0.0                           
OIII_b_COMP_W80               3120.082525                   0.000490                      0.0                           
OIII_b_COMP_W80_CORR          3102.242104                   0.000490                      0.0                           
OII_COMP_DISP                 1300.828447                   0.006429                      0.0                           
OII_COMP_DISP_CORR            1289.083487                   0.006429                      0.0                           
OII_COMP_DISP_RES             174.408750                    nan                           nan                           
OII_COMP_EW                   4.525377                      0.345738                      0.0                           
OII_COMP_FLUX                 -14.662244                    0.033346                      0.0                           
OII_COMP_FWHM                 3063.588422                   0.000017                      0.0                           
OII_COMP_FWHM_CORR            3035.935012                   0.000017                      0.0                           
OII_COMP_LUM                  41.270010                     0.033346                      0.0                           
OII_COMP_NPIX                 52.000000                     2.209363                      0.0                           
OII_COMP_SNR                  2.432574                      0.191462                      0.0                           
OII_COMP_VOFF                 1.282435                      0.001650                      0.0                           
OII_COMP_W80                  3411.957175                   0.003095                      0.0                           
OII_COMP_W80_CORR             3382.456204                   0.003095                      0.0                           
POWER_AMP                     36.962366                     0.027540                      0.0                           
POWER_SLOPE                   -0.105100                     0.000160                      0.0                           
RCHI_SQUARED                  2.474834                      0.010685                      0.0                           
R_SQUARED                     0.996177                      0.000004                      0.0                           
NOISE_STD                     1.339121                                                                                  
RESID_STD                     2.669911                                                                                  
--------------------------------------------------------------------------------------
 - Done fitting 2-onur! 

End process memory: 0.26079232                    
