my_sdss.fits
[0.63840896 0.63840896 0.63840896 ... 0.63840896 0.63840896 0.63840896]
Directory  my_sdss  Created 
global my_sdss/
Directory  output/  already exists
stati 733543.5883275091
1 iter stat:  424.5451775610636
2 iter stat:  465.4306467719143
3 iter stat:  275.1225042528022
4 iter stat:  99.6028171565631
5 iter stat:  73.28095007024967
6 iter stat:  15.352580767168547
7 iter stat:  13.460016206729051
8 iter stat:  12.277942501255893
9 iter stat:  11.232281719625462
10 iter stat:  10.305156293215987
fit ok
./output/my_sdss_model.csv
brokenpowerlaw + OIIIb5007_br + OIIIa4959_br + OIIIb5007_na + OIIIa4959_na + NII6583_na + NII6548_na + HBeta4863_br + HAlpha6565_br + HBeta4863_na + HAlpha6565_na
   Param        Type          Value          Min          Max      Units
   -----        ----          -----          ---          ---      -----
   brokenpowerlaw.refer thawed       5462.4         5400         7000  angstroms
   brokenpowerlaw.ampl thawed      21.4125      19.5936      21.6561  angstroms
   brokenpowerlaw.index1 thawed    -0.525037           -3            0           
   brokenpowerlaw.index2 thawed    0.0998938           -1            1           
   OIIIb5007_br.ampl thawed           50            0           50           
   OIIIb5007_br.pos frozen       5006.8            0  3.40282e+38  angstroms
   OIIIb5007_br.offs_kms thawed     -190.785        -1500          500       km/s
   OIIIb5007_br.fwhm thawed          700          700         6000       km/s
   OIIIa4959_br.ampl linked      16.6667 expr: OIIIb5007_br.ampl / 3.0           
   OIIIa4959_br.pos frozen       4958.9            0  3.40282e+38  angstroms
   OIIIa4959_br.offs_kms linked     -190.785 expr: OIIIb5007_br.offs_kms       km/s
   OIIIa4959_br.fwhm linked          700  expr: OIIIb5007_br.fwhm       km/s
   OIIIb5007_na.ampl thawed      5.31673            0           50           
   OIIIb5007_na.pos frozen       5006.8            0  3.40282e+38  angstroms
   OIIIb5007_na.offs_kms thawed     -712.007        -1500          500       km/s
   OIIIb5007_na.fwhm thawed      1221.96          100         1500       km/s
   OIIIa4959_na.ampl linked      1.77224 expr: OIIIb5007_na.ampl / 3.0           
   OIIIa4959_na.pos frozen       4958.9            0  3.40282e+38  angstroms
   OIIIa4959_na.offs_kms linked     -712.007 expr: OIIIb5007_na.offs_kms       km/s
   OIIIa4959_na.fwhm linked      1221.96  expr: OIIIb5007_na.fwhm       km/s
   NII6583_na.ampl thawed            0            0           50           
   NII6583_na.pos frozen      6583.46            0  3.40282e+38  angstroms
   NII6583_na.offs_kms linked     -712.007 expr: OIIIb5007_na.offs_kms       km/s
   NII6583_na.fwhm linked      1221.96  expr: OIIIb5007_na.fwhm       km/s
   NII6548_na.ampl linked            0 expr: NII6583_na.ampl / 3.0           
   NII6548_na.pos frozen      6548.05            0  3.40282e+38  angstroms
   NII6548_na.offs_kms linked     -712.007 expr: OIIIb5007_na.offs_kms       km/s
   NII6548_na.fwhm linked      1221.96  expr: OIIIb5007_na.fwhm       km/s
   HBeta4863_br.ampl thawed      7.98103            0           50           
   HBeta4863_br.pos frozen      4862.68            0  3.40282e+38  angstroms
   HBeta4863_br.offs_kms thawed      307.166        -1500          500       km/s
   HBeta4863_br.fwhm thawed      4843.13          700         6000       km/s
   HAlpha6565_br.ampl thawed      24.6252            0           50           
   HAlpha6565_br.pos frozen       6564.6            0  3.40282e+38  angstroms
   HAlpha6565_br.offs_kms thawed      184.712        -1500          500       km/s
   HAlpha6565_br.fwhm thawed      4249.54          700         6000       km/s
   HBeta4863_na.ampl thawed      16.8714            0           50           
   HBeta4863_na.pos frozen      4862.68            0  3.40282e+38  angstroms
   HBeta4863_na.offs_kms thawed      -174.47        -1500          500       km/s
   HBeta4863_na.fwhm thawed      316.426          100         1500       km/s
   HAlpha6565_na.ampl thawed       38.287            0           50           
   HAlpha6565_na.pos frozen       6564.6            0  3.40282e+38  angstroms
   HAlpha6565_na.offs_kms thawed     -133.069        -1500          500       km/s
   HAlpha6565_na.fwhm thawed         1500          100         1500       km/s
skipping monte_carlo (FANTASY_MC=0)
