my_sdss.fits
[0.7471234 0.7471234 0.7471234 ... 0.7471234 0.7471234 0.7471234]
Directory  my_sdss  Created 
global my_sdss/
Directory  output/  already exists
stati 269402.0930696188
1 iter stat:  5.544697415229166
2 iter stat:  4.582954978948692
3 iter stat:  23.921954154022387
4 iter stat:  9.991603357466374
5 iter stat:  3.326877641497049
6 iter stat:  2.624419785066493
7 iter stat:  2.2992634517213446
8 iter stat:  2.0313473298920144
9 iter stat:  1.143568706647784
10 iter stat:  0.9712683205834765
fit ok
./output/my_sdss_model.csv
brokenpowerlaw + OIIIb5007_br + OIIIa4959_br + OIIIb5007_na + OIIIa4959_na + NII6583_na + NII6548_na + HBeta4863_br + HAlpha6565_br + HBeta4863_na + HAlpha6565_na + feii
   Param        Type          Value          Min          Max      Units
   -----        ----          -----          ---          ---      -----
   brokenpowerlaw.refer thawed      6125.17         5400         7000  angstroms
   brokenpowerlaw.ampl thawed      15.3291      15.3291      16.9427  angstroms
   brokenpowerlaw.index1 thawed     -1.77374           -3            0           
   brokenpowerlaw.index2 thawed    -0.231438           -1            1           
   OIIIb5007_br.ampl thawed      9.08563            0           50           
   OIIIb5007_br.pos frozen       5006.8            0  3.40282e+38  angstroms
   OIIIb5007_br.offs_kms thawed      -712.47        -1500          500       km/s
   OIIIb5007_br.fwhm thawed      956.148          700         6000       km/s
   OIIIa4959_br.ampl linked      3.02854 expr: OIIIb5007_br.ampl / 3.0           
   OIIIa4959_br.pos frozen       4958.9            0  3.40282e+38  angstroms
   OIIIa4959_br.offs_kms linked      -712.47 expr: OIIIb5007_br.offs_kms       km/s
   OIIIa4959_br.fwhm linked      956.148  expr: OIIIb5007_br.fwhm       km/s
   OIIIb5007_na.ampl thawed      1.29931            0           50           
   OIIIb5007_na.pos frozen       5006.8            0  3.40282e+38  angstroms
   OIIIb5007_na.offs_kms thawed          500        -1500          500       km/s
   OIIIb5007_na.fwhm thawed        405.2          100         1500       km/s
   OIIIa4959_na.ampl linked     0.433105 expr: OIIIb5007_na.ampl / 3.0           
   OIIIa4959_na.pos frozen       4958.9            0  3.40282e+38  angstroms
   OIIIa4959_na.offs_kms linked          500 expr: OIIIb5007_na.offs_kms       km/s
   OIIIa4959_na.fwhm linked        405.2  expr: OIIIb5007_na.fwhm       km/s
   NII6583_na.ampl thawed            0            0           50           
   NII6583_na.pos frozen      6583.46            0  3.40282e+38  angstroms
   NII6583_na.offs_kms linked          500 expr: OIIIb5007_na.offs_kms       km/s
   NII6583_na.fwhm linked        405.2  expr: OIIIb5007_na.fwhm       km/s
   NII6548_na.ampl linked            0 expr: NII6583_na.ampl / 3.0           
   NII6548_na.pos frozen      6548.05            0  3.40282e+38  angstroms
   NII6548_na.offs_kms linked          500 expr: OIIIb5007_na.offs_kms       km/s
   NII6548_na.fwhm linked        405.2  expr: OIIIb5007_na.fwhm       km/s
   HBeta4863_br.ampl thawed      6.96921            0           50           
   HBeta4863_br.pos frozen      4862.68            0  3.40282e+38  angstroms
   HBeta4863_br.offs_kms thawed      -946.84        -1500          500       km/s
   HBeta4863_br.fwhm thawed      4116.07          700         6000       km/s
   HAlpha6565_br.ampl thawed       14.264            0           50           
   HAlpha6565_br.pos frozen       6564.6            0  3.40282e+38  angstroms
   HAlpha6565_br.offs_kms thawed     -798.899        -1500          500       km/s
   HAlpha6565_br.fwhm thawed      4219.91          700         6000       km/s
   HBeta4863_na.ampl thawed      10.7103            0           50           
   HBeta4863_na.pos frozen      4862.68            0  3.40282e+38  angstroms
   HBeta4863_na.offs_kms thawed     -465.815        -1500          500       km/s
   HBeta4863_na.fwhm thawed      1182.32          100         1500       km/s
   HAlpha6565_na.ampl thawed      30.3904            0           50           
   HAlpha6565_na.pos frozen       6564.6            0  3.40282e+38  angstroms
   HAlpha6565_na.offs_kms thawed     -424.931        -1500          500       km/s
   HAlpha6565_na.fwhm thawed      1317.03          100         1500       km/s
   feii.amp_a2D2 thawed      1.40361            0         1000           
   feii.amp_a4G thawed      2.20859            0         1000           
   feii.amp_a4H thawed        3.487            0         1000           
   feii.amp_a6S thawed      2.59071            0         1000           
   feii.amp_b2H thawed     0.293617            0         1000           
   feii.amp_b4D thawed       1.2326            0         1000           
   feii.amp_b4F thawed       2.2144            0         1000           
   feii.amp_b4P thawed      1.07519            0         1000           
   feii.amp_e4D thawed      28.3128            0         1000           
   feii.amp_z4D thawed     0.930003            0         1000           
   feii.amp_z4F thawed            0            0         1000           
   feii.amp_z4P thawed       1.3153            0         1000           
   feii.amp_y4G thawed     0.846818            0         1000           
   feii.amp_b4G thawed    0.0366838            0         1000           
   feii.amp_x4D thawed      1.41373            0         1000           
   feii.amp_y4P thawed            0            0         1000           
   feii.offs_kms thawed     -509.652         -800          800           
   feii.fwhm    thawed      3104.08          300         6000           
mcmc ok
