patched GLEAM doublet ties
WARNING: AstropyDeprecationWarning: The truth value of a Quantity is ambiguous. In the future this will raise a ValueError. [astropy.units.quantity]
Now working in  on sdss in sdss + fiber1 on source 1 at z=0.323.
Warning: non-constant dispersion
[[Model]]
    (Model(constant) + Model(gaussian, prefix='g0_'))
[[Fit Statistics]]
    # fitting method   = leastsq
    # function evals   = 40
    # data points      = 164
    # variables        = 4
    chi-square         = 3692.19041
    reduced chi-square = 23.0761901
    Akaike info crit   = 518.713834
    Bayesian info crit = 531.113299
    R-squared          = 0.11878832
[[Variables]]
    c:             1044.07391 +/- 5.50038311 (0.53%) (init = 1056.422)
    g0_amplitude:  945.394764 +/- 254.279569 (26.90%) (init = 827.542)
    g0_center:     3725.48000 +/- 0.03135218 (0.00%) (init = 3728.48)
    g0_sigma:      2.85720244 +/- 0.85493100 (29.92%) (init = 2.567651)
    g0_fwhm:       6.72819746 +/- 2.01320862 (29.92%) == '2.3548200*g0_sigma'
    g0_height:     132.002534 +/- 33.7623117 (25.58%) == '0.3989423*g0_amplitude/max(1e-15, g0_sigma)'
[[Correlations]] (unreported correlations are < 0.100)
    C(g0_amplitude, g0_sigma) = +0.5993
    C(c, g0_amplitude)        = -0.3286
    C(c, g0_sigma)            = -0.1969
Warning: non-constant dispersion
Warning: non-constant dispersion
[[Model]]
    ((Model(constant) + Model(gaussian, prefix='g0_')) + Model(gaussian, prefix='g1_'))
[[Fit Statistics]]
    # fitting method   = leastsq
    # function evals   = 416
    # data points      = 125
    # variables        = 7
    chi-square         = 203.990503
    reduced chi-square = 1.72873308
    Akaike info crit   = 75.2199627
    Bayesian info crit = 95.0181588
    R-squared          = 0.99485768
[[Variables]]
    c:             153.858784 +/- 1.20033690 (0.78%) (init = 199.1903)
    g0_amplitude:  8895.30146 +/- 152.133202 (1.71%) (init = 1149.196)
    g0_center:     4862.13202 +/- 0.19856652 (0.00%) (init = 4862.68)
    g0_sigma:      21.5235967 +/- 0.46446454 (2.16%) (init = 2.567651)
    g1_amplitude:  977.877607 +/- 151.506033 (15.49%) (init = 1149.196)
    g1_center:     4859.68000 +/- 4.05872232 (0.08%) (init = 4862.68)
    g1_sigma:      7.33845883 +/- 0.58461999 (7.97%) (init = 2.567651)
    g0_fwhm:       50.6841960 +/- 1.09373038 (2.16%) == '2.3548200*g0_sigma'
    g0_height:     164.875419 +/- 4.43478414 (2.69%) == '0.3989423*g0_amplitude/max(1e-15, g0_sigma)'
    g1_fwhm:       17.2807496 +/- 1.37667483 (7.97%) == '2.3548200*g1_sigma'
    g1_height:     53.1605819 +/- 4.80989980 (9.05%) == '0.3989423*g1_amplitude/max(1e-15, g1_sigma)'
[[Correlations]] (unreported correlations are < 0.100)
    C(g1_amplitude, g1_sigma)     = +0.8979
    C(g0_sigma, g1_amplitude)     = +0.8218
    C(c, g0_sigma)                = -0.7685
    C(g0_sigma, g1_sigma)         = +0.6582
    C(g0_amplitude, g1_sigma)     = -0.4946
    C(c, g0_amplitude)            = -0.4860
    C(c, g1_amplitude)            = -0.4699
    C(g0_amplitude, g1_amplitude) = -0.4636
    C(g0_center, g1_center)       = +0.3771
    C(g0_center, g1_amplitude)    = +0.3553
    C(c, g1_sigma)                = -0.3522
    C(g0_center, g1_sigma)        = +0.3103
    C(g0_center, g0_sigma)        = +0.2618
    C(g0_sigma, g1_center)        = -0.2205
    C(g0_amplitude, g0_center)    = -0.1942
    C(g1_amplitude, g1_center)    = -0.1654
    C(c, g1_center)               = +0.1527
    C(c, g0_center)               = -0.1391
    C(g1_center, g1_sigma)        = -0.1332
Warning: non-constant dispersion
Warning: non-constant dispersion
[[Model]]
    ((Model(constant) + Model(gaussian, prefix='g0_')) + Model(gaussian, prefix='g1_'))
[[Fit Statistics]]
    # fitting method   = leastsq
    # function evals   = 109
    # data points      = 164
    # variables        = 6
    chi-square         = 7284.29025
    reduced chi-square = 46.1031029
    Akaike info crit   = 634.151853
    Bayesian info crit = 652.751052
    R-squared          = 0.81737079
##  Warning: uncertainties could not be estimated:
    g0_center:     at boundary
    g1_center:     at boundary
[[Variables]]
    c:             169.154659 (init = 176.5935)
    g0_amplitude:  1122.29023 == 'g1_amplitude / 3.0'
    g0_center:     4957.30000 (init = 4960.3)
    g0_sigma:      4.13797198 (init = 2.567651)
    g1_amplitude:  3366.87070 (init = 2266.175)
    g1_center:     5005.24000 (init = 5008.24)
    g1_sigma:      4.11307410 (init = 2.567651)
    g0_fwhm:       9.74417918 == '2.3548200*g0_sigma'
    g0_height:     108.200116 == '0.3989423*g0_amplitude/max(1e-15, g0_sigma)'
    g1_fwhm:       9.68554916 == '2.3548200*g1_sigma'
    g1_height:     326.565266 == '0.3989423*g1_amplitude/max(1e-15, g1_sigma)'
NonDetection when fitting set of lines [4960.3  5008.24] Angstrom, try a simpler model
[[Model]]
    (Model(constant) + Model(gaussian, prefix='g0_'))
[[Fit Statistics]]
    # fitting method   = leastsq
    # function evals   = 53
    # data points      = 164
    # variables        = 4
    chi-square         = 38328.7688
    reduced chi-square = 239.554805
    Akaike info crit   = 902.470696
    Bayesian info crit = 914.870162
    R-squared          = 0.03903434
[[Variables]]
    c:             189.632510 +/- 5.66287798 (2.99%) (init = 176.5935)
    g0_amplitude:  623.551906 +/- 304.087990 (48.77%) (init = 2266.175)
    g0_center:     4957.30000 +/- 3.07613427 (0.06%) (init = 4960.3)
    g0_sigma:      2.89548020 +/- 1.58544278 (54.76%) (init = 2.567651)
    g0_fwhm:       6.81833468 +/- 3.73343236 (54.76%) == '2.3548200*g0_sigma'
    g0_height:     85.9136358 +/- 40.3376586 (46.95%) == '0.3989423*g0_amplitude/max(1e-15, g0_sigma)'
[[Correlations]] (unreported correlations are < 0.100)
    C(g0_amplitude, g0_sigma) = +0.5939
    C(c, g0_amplitude)        = -0.2868
    C(c, g0_sigma)            = -0.1704
Warning: non-constant dispersion
Warning: non-constant dispersion
Warning: non-constant dispersion
Warning: non-constant dispersion
[[Model]]
    (((Model(constant) + Model(gaussian, prefix='g0_')) + Model(gaussian, prefix='g1_')) + Model(gaussian, prefix='g2_'))
[[Fit Statistics]]
    # fitting method   = leastsq
    # function evals   = 3123
    # data points      = 106
    # variables        = 10
    chi-square         = 2267.90358
    reduced chi-square = 23.6239956
    Akaike info crit   = 344.696238
    Bayesian info crit = 371.330629
    R-squared          = 0.99343892
##  Warning: uncertainties could not be estimated:
    g0_center:     at boundary
    g1_center:     at boundary
    g2_center:     at boundary
[[Variables]]
    c:             39.0208191 (init = 92.79192)
    g0_amplitude:  1456.75759 (init = 1141.773)
    g0_center:     6561.60000 (init = 6564.6)
    g0_sigma:      11.5734325 (init = 2.567651)
    g1_amplitude:  10807.7491 (init = 1141.773)
    g1_center:     6561.60000 (init = 6564.6)
    g1_sigma:      26.9531249 (init = 2.567651)
    g2_amplitude:  47.6128143 (init = 1141.773)
    g2_center:     6582.27000 (init = 6585.27)
    g2_sigma:      2.07721695 (init = 2.567651)
    g0_fwhm:       27.2533503 == '2.3548200*g0_sigma'
    g0_height:     50.2151996 == '0.3989423*g0_amplitude/max(1e-15, g0_sigma)'
    g1_fwhm:       63.4697575 == '2.3548200*g1_sigma'
    g1_height:     159.969143 == '0.3989423*g1_amplitude/max(1e-15, g1_sigma)'
    g2_fwhm:       4.89147202 == '2.3548200*g2_sigma'
    g2_height:     9.14433403 == '0.3989423*g2_amplitude/max(1e-15, g2_sigma)'
NonDetection when fitting set of lines [6564.6  6564.6  6585.27] Angstrom, try a simpler model
[[Model]]
    ((Model(constant) + Model(gaussian, prefix='g0_')) + Model(gaussian, prefix='g1_'))
[[Fit Statistics]]
    # fitting method   = leastsq
    # function evals   = 1185
    # data points      = 106
    # variables        = 7
    chi-square         = 2370.12934
    reduced chi-square = 23.9407004
    Akaike info crit   = 343.369635
    Bayesian info crit = 362.013709
    R-squared          = 0.99314317
##  Warning: uncertainties could not be estimated:
    g0_center:     at boundary
    g1_center:     at boundary
[[Variables]]
    c:             38.7710074 (init = 92.79192)
    g0_amplitude:  1723.97712 (init = 1141.773)
    g0_center:     6561.60000 (init = 6564.6)
    g0_sigma:      12.7975486 (init = 2.567651)
    g1_amplitude:  10632.9400 (init = 1141.773)
    g1_center:     6561.60000 (init = 6564.6)
    g1_sigma:      27.2621404 (init = 2.567651)
    g0_fwhm:       30.1359233 == '2.3548200*g0_sigma'
    g0_height:     53.7421204 == '0.3989423*g0_amplitude/max(1e-15, g0_sigma)'
    g1_fwhm:       64.1974334 == '2.3548200*g1_sigma'
    g1_height:     155.597817 == '0.3989423*g1_amplitude/max(1e-15, g1_sigma)'
NonDetection when fitting set of lines [6564.6 6564.6] Angstrom, try a simpler model
[[Model]]
    ((Model(constant) + Model(gaussian, prefix='g0_')) + Model(gaussian, prefix='g1_'))
[[Fit Statistics]]
    # fitting method   = leastsq
    # function evals   = 165
    # data points      = 106
    # variables        = 7
    chi-square         = 2644.96671
    reduced chi-square = 26.7168354
    Akaike info crit   = 354.999314
    Bayesian info crit = 373.643388
    R-squared          = 0.99234807
[[Variables]]
    c:             41.0437510 +/- 1.84568913 (4.50%) (init = 92.79192)
    g0_amplitude:  13440.2655 +/- 1341.34909 (9.98%) (init = 1141.773)
    g0_center:     6564.37072 +/- 2.00238200 (0.03%) (init = 6564.6)
    g0_sigma:      24.8004487 +/- 0.84381143 (3.40%) (init = 2.567651)
    g1_amplitude: -1490.30159 +/- 1166.18208 (78.25%) (init = 1141.773)
    g1_center:     6584.66538 +/- 2.02413183 (0.03%) (init = 6585.27)
    g1_sigma:      15.0850646 +/- 3.36222859 (22.29%) (init = 2.567651)
    g0_fwhm:       58.4005925 +/- 1.98702402 (3.40%) == '2.3548200*g0_sigma'
    g0_height:     216.201349 +/- 15.8114210 (7.31%) == '0.3989423*g0_amplitude/max(1e-15, g0_sigma)'
    g1_fwhm:       35.5226119 +/- 7.91744319 (22.29%) == '2.3548200*g1_sigma'
    g1_height:    -39.4127807 +/- 22.4839058 (57.05%) == '0.3989423*g1_amplitude/max(1e-15, g1_sigma)'
[[Correlations]] (unreported correlations are < 0.100)
    C(g0_center, g1_amplitude)    = -0.9882
    C(g0_amplitude, g0_center)    = +0.9846
    C(g0_amplitude, g1_amplitude) = -0.9837
    C(g1_amplitude, g1_sigma)     = -0.9649
    C(g0_amplitude, g1_sigma)     = +0.9285
    C(g0_center, g1_sigma)        = +0.9281
    C(g0_amplitude, g0_sigma)     = +0.8495
    C(g0_center, g0_sigma)        = +0.8192
    C(c, g0_sigma)                = -0.8056
    C(g0_sigma, g1_amplitude)     = -0.7663
    C(g0_sigma, g1_sigma)         = +0.6618
    C(c, g0_amplitude)            = -0.6388
    C(c, g0_center)               = -0.5527
    C(g0_sigma, g1_center)        = +0.5312
    C(c, g1_amplitude)            = +0.5035
    C(c, g1_center)               = -0.4039
    C(c, g1_sigma)                = -0.3951
    C(g1_center, g1_sigma)        = -0.1288
NonDetection when fitting set of lines [6564.6  6585.27] Angstrom, try a simpler model
[[Model]]
    ((Model(constant) + Model(gaussian, prefix='g0_')) + Model(gaussian, prefix='g1_'))
[[Fit Statistics]]
    # fitting method   = leastsq
    # function evals   = 165
    # data points      = 106
    # variables        = 7
    chi-square         = 2644.96671
    reduced chi-square = 26.7168354
    Akaike info crit   = 354.999314
    Bayesian info crit = 373.643388
    R-squared          = 0.99234807
[[Variables]]
    c:             41.0437510 +/- 1.84568913 (4.50%) (init = 92.79192)
    g0_amplitude:  13440.2655 +/- 1341.34909 (9.98%) (init = 1141.773)
    g0_center:     6564.37072 +/- 2.00238200 (0.03%) (init = 6564.6)
    g0_sigma:      24.8004487 +/- 0.84381143 (3.40%) (init = 2.567651)
    g1_amplitude: -1490.30159 +/- 1166.18208 (78.25%) (init = 1141.773)
    g1_center:     6584.66538 +/- 2.02413183 (0.03%) (init = 6585.27)
    g1_sigma:      15.0850646 +/- 3.36222859 (22.29%) (init = 2.567651)
    g0_fwhm:       58.4005925 +/- 1.98702402 (3.40%) == '2.3548200*g0_sigma'
    g0_height:     216.201349 +/- 15.8114210 (7.31%) == '0.3989423*g0_amplitude/max(1e-15, g0_sigma)'
    g1_fwhm:       35.5226119 +/- 7.91744319 (22.29%) == '2.3548200*g1_sigma'
    g1_height:    -39.4127807 +/- 22.4839058 (57.05%) == '0.3989423*g1_amplitude/max(1e-15, g1_sigma)'
[[Correlations]] (unreported correlations are < 0.100)
    C(g0_center, g1_amplitude)    = -0.9882
    C(g0_amplitude, g0_center)    = +0.9846
    C(g0_amplitude, g1_amplitude) = -0.9837
    C(g1_amplitude, g1_sigma)     = -0.9649
    C(g0_amplitude, g1_sigma)     = +0.9285
    C(g0_center, g1_sigma)        = +0.9281
    C(g0_amplitude, g0_sigma)     = +0.8495
    C(g0_center, g0_sigma)        = +0.8192
    C(c, g0_sigma)                = -0.8056
    C(g0_sigma, g1_amplitude)     = -0.7663
    C(g0_sigma, g1_sigma)         = +0.6618
    C(c, g0_amplitude)            = -0.6388
    C(c, g0_center)               = -0.5527
    C(g0_sigma, g1_center)        = +0.5312
    C(c, g1_amplitude)            = +0.5035
    C(c, g1_center)               = -0.4039
    C(c, g1_sigma)                = -0.3951
    C(g1_center, g1_sigma)        = -0.1288
NonDetection when fitting set of lines [6564.6  6585.27] Angstrom, try a simpler model
[[Model]]
    (Model(constant) + Model(gaussian, prefix='g0_'))
[[Fit Statistics]]
    # fitting method   = leastsq
    # function evals   = 96
    # data points      = 106
    # variables        = 4
    chi-square         = 3437.10657
    reduced chi-square = 33.6971233
    Akaike info crit   = 376.768296
    Bayesian info crit = 387.422052
    R-squared          = 0.99005639
[[Variables]]
    c:             44.4102260 +/- 1.37580484 (3.10%) (init = 92.79192)
    g0_amplitude:  11397.3268 +/- 193.157085 (1.69%) (init = 1141.773)
    g0_center:     6561.60000 +/- 0.43358807 (0.01%) (init = 6564.6)
    g0_sigma:      23.1196556 +/- 0.31711304 (1.37%) (init = 2.567651)
    g0_fwhm:       54.4426273 +/- 0.74674413 (1.37%) == '2.3548200*g0_sigma'
    g0_height:     196.667106 +/- 1.95156247 (0.99%) == '0.3989423*g0_amplitude/max(1e-15, g0_sigma)'
[[Correlations]] (unreported correlations are < 0.100)
    C(c, g0_amplitude)        = -0.8646
    C(g0_amplitude, g0_sigma) = +0.8107
    C(c, g0_sigma)            = -0.6965
Warning: non-constant dispersion
Warning: non-constant dispersion
Warning: non-constant dispersion
Warning: non-constant dispersion
Warning: non-constant dispersion
Warning: non-constant dispersion
[[Model]]
    ((Model(constant) + Model(gaussian, prefix='g0_')) + Model(gaussian, prefix='g1_'))
[[Fit Statistics]]
    # fitting method   = leastsq
    # function evals   = 16000
    # data points      = 99
    # variables        = 7
    chi-square         = 159.390452
    reduced chi-square = 1.73250491
    Akaike info crit   = 61.1474642
    Bayesian info crit = 79.3133031
    R-squared          = 0.87349759
##  Warning: uncertainties could not be estimated:
    g0_center:     at boundary
    g1_center:     at boundary
[[Variables]]
    c:             694.541981 (init = 461.4292)
    g0_amplitude:  99570.2209 (init = 1092.173)
    g0_center:     6715.29000 (init = 6718.29)
    g0_sigma:      79.2197078 (init = 2.567651)
    g1_amplitude: -165114.761 (init = 1092.173)
    g1_center:     6735.66731 (init = 6732.67)
    g1_sigma:      87.5270697 (init = 2.567651)
    g0_fwhm:       186.548152 == '2.3548200*g0_sigma'
    g0_height:     501.425391 == '0.3989423*g0_amplitude/max(1e-15, g0_sigma)'
    g1_fwhm:       206.110494 == '2.3548200*g1_sigma'
    g1_height:    -752.581603 == '0.3989423*g1_amplitude/max(1e-15, g1_sigma)'
NonDetection when fitting set of lines [6718.29 6732.67] Angstrom, try a simpler model
[[Model]]
    (Model(constant) + Model(gaussian, prefix='g0_'))
[[Fit Statistics]]
    # fitting method   = leastsq
    # function evals   = 10000
    # data points      = 99
    # variables        = 4
    chi-square         = 1210.40928
    reduced chi-square = 12.7411503
    Akaike info crit   = 255.855804
    Bayesian info crit = 266.236283
    R-squared          = 0.03934213
##  Warning: uncertainties could not be estimated:
    g0_center:     at boundary
[[Variables]]
    c:             348.763454 (init = 461.4292)
    g0_amplitude:  28756.9851 (init = 1092.173)
    g0_center:     6715.29002 (init = 6718.29)
    g0_sigma:      89.5891789 (init = 2.567651)
    g0_fwhm:       210.966390 == '2.3548200*g0_sigma'
    g0_height:     128.055396 == '0.3989423*g0_amplitude/max(1e-15, g0_sigma)'
NonDetection when fitting set of lines [6718.29] Angstrom, try a simpler model
[[Model]]
    (Model(constant) + Model(gaussian, prefix='g0_'))
[[Fit Statistics]]
    # fitting method   = leastsq
    # function evals   = 10000
    # data points      = 99
    # variables        = 4
    chi-square         = 819.306396
    reduced chi-square = 8.62427785
    Akaike info crit   = 217.220489
    Bayesian info crit = 227.600968
    R-squared          = 0.34974628
##  Warning: uncertainties could not be estimated:
    g0_center:     at boundary
[[Variables]]
    c:             691.533709 (init = 461.4292)
    g0_amplitude: -49732.2646 (init = 1092.173)
    g0_center:     6735.66992 (init = 6732.67)
    g0_sigma:      72.1551491 (init = 2.567651)
    g0_fwhm:       169.912388 == '2.3548200*g0_sigma'
    g0_height:    -274.967265 == '0.3989423*g0_amplitude/max(1e-15, g0_sigma)'
NonDetection when fitting set of lines [6732.67] Angstrom, try a simpler model
[[Model]]
    Model(constant)
[[Fit Statistics]]
    # fitting method   = leastsq
    # function evals   = 5
    # data points      = 99
    # variables        = 1
    chi-square         = 1259.97956
    reduced chi-square = 12.8569343
    Akaike info crit   = 253.829362
    Bayesian info crit = 256.424481
    R-squared          = -2.2204e-16
[[Variables]]
    c:  462.216832 +/- 7.07106781 (1.53%) (init = 461.4292)
Warning: non-constant dispersion
Warning: non-constant dispersion
Warning: non-constant dispersion
Warning: non-constant dispersion
Warning: non-constant dispersion
Matplotlib Version: 3.7.5
total 2608
-rw-r--r-- 1 root root 444156 Sep 29 11:17 linefits.sdss.sdss.fiber1.001.Ha.Ha_broad.NII1.png
-rw-r--r-- 1 root root 444111 Sep 29 11:16 linefits.sdss.sdss.fiber1.001.Hb.Hb_broad.png
-rw-r--r-- 1 root root 442428 Sep 29 11:15 linefits.sdss.sdss.fiber1.001.OII.png
-rw-r--r-- 1 root root 421834 Sep 29 11:16 linefits.sdss.sdss.fiber1.001.OIII4.OIII5.png
-rw-r--r-- 1 root root 440716 Sep 29 11:18 linefits.sdss.sdss.fiber1.001.SII1.SII2.png
-rw-r--r-- 1 root root  20160 Sep 29 11:18 linefits.sdss.sdss.fiber1.001.fits
-rw-r--r-- 1 root root 446018 Sep 29 11:18 linefits.sdss.sdss.fiber1.001.png
total 12K
-rw-r--r-- 1 root root 1.2K Sep 21 02:20 =5.2
drwxr-xr-x 1 root root 4.0K Sep 29 11:14 input
drwxrwxr-x 2 1000 1000 4.0K Sep 29 11:18 output
-rw-r--r-- 1 root root 1.2K Sep 21 02:20 /app/=5.2

/app/input:
total 128K
-rw-rw-r-- 1 1000 1000  12K Aug 28 20:16 Sky_bands.fits
-rw-rw-r-- 1 1000 1000 1.3K Sep 29 07:43 gleam.sh
-rw-rw-r-- 1 1000 1000 2.6K Sep 29 07:43 gleam_doublet_patch.py
-rw-rw-r-- 1 1000 1000 2.5K Sep 29 07:43 gleamconfig.yaml
-rw-rw-r-- 1 1000 1000 8.5K Sep 27 12:39 line_table.fits
-rw-rw-r-- 1 1000 1000  115 Sep 29 10:45 meta.dat
-rw-rw-r-- 1 1000 1000  85K Sep 29 10:45 spec1d.sdss.sdss.fiber1.1.fits

/app/output:
total 2.6M
-rw-r--r-- 1 root root 434K Sep 29 11:17 linefits.sdss.sdss.fiber1.001.Ha.Ha_broad.NII1.png
-rw-r--r-- 1 root root 434K Sep 29 11:16 linefits.sdss.sdss.fiber1.001.Hb.Hb_broad.png
-rw-r--r-- 1 root root 433K Sep 29 11:15 linefits.sdss.sdss.fiber1.001.OII.png
-rw-r--r-- 1 root root 412K Sep 29 11:16 linefits.sdss.sdss.fiber1.001.OIII4.OIII5.png
-rw-r--r-- 1 root root 431K Sep 29 11:18 linefits.sdss.sdss.fiber1.001.SII1.SII2.png
-rw-r--r-- 1 root root  20K Sep 29 11:18 linefits.sdss.sdss.fiber1.001.fits
-rw-r--r-- 1 root root 436K Sep 29 11:18 linefits.sdss.sdss.fiber1.001.png
