7.0.1
1.3.2
2.1.6
3.1.6
['/home/onur/Documents/AGNEmissionLines_ThirdPartyLibraries/pyqsofit/PyQSOFit/src/pyqsofit']
FWHM Resolution: 2.5 Å
[ 3566.97426784  3567.79484559  3568.6175712  ... 10394.41199851
 10396.80892696 10399.20640813] Angstrom [35.80971527 35.80603409 35.80236435 ... 21.0622921  21.06251717
 21.06274223] erg / (Angstrom s cm2) [1.07429146 1.07418102 1.07407093 ... 0.63186876 0.63187551 0.63188227] erg / (Angstrom s cm2) 0.4675198495388031
Name            Value      Min      Max   Stderr     Vary     Expr Brute_Step
Balmer_Tau        0.5      0.1        2     None    False     None     None
Balmer_Te     1.5e+04    1e+04    5e+04     None    False     None     None
Blamer_norm         0        0    1e+10     None    False     None     None
Fe_op_FWHM       3000     1200  1.8e+04     None    False     None     None
Fe_op_norm          0        0    1e+10     None    False     None     None
Fe_op_shift         0    -0.01     0.01     None    False     None     None
Fe_uv_FWHM       3000     1200  1.8e+04     None    False     None     None
Fe_uv_norm          0        0    1e+10     None    False     None     None
Fe_uv_shift         0    -0.01     0.01     None    False     None     None
PL_norm             1        0    1e+10     None     True     None     None
PL_slope         -1.5       -5        3     None     True     None     None
conti_a_0           0     -inf      inf     None    False     None     None
conti_a_1           0     -inf      inf     None    False     None     None
conti_a_2           0     -inf      inf     None    False     None     None
Fitting continuum
Fit report
[[Variables]]
    Fe_uv_norm:   0 (fixed)
    Fe_uv_FWHM:   3000 (fixed)
    Fe_uv_shift:  0 (fixed)
    Fe_op_norm:   0 (fixed)
    Fe_op_FWHM:   3000 (fixed)
    Fe_op_shift:  0 (fixed)
    PL_norm:      62.5836416 +/- 0.17108799 (0.27%) (init = 1)
    PL_slope:    -0.66449066 +/- 0.00645762 (0.97%) (init = -1.5)
    Blamer_norm:  0 (fixed)
    Balmer_Te:    15000 (fixed)
    Balmer_Tau:   0.5 (fixed)
    conti_a_0:    0 (fixed)
    conti_a_1:    0 (fixed)
    conti_a_2:    0 (fixed)
[[Correlations]] (unreported correlations are < 0.100)
    C(PL_norm, PL_slope) = -0.7148
Name                    Value      Min      Max   Stderr     Vary     Expr Brute_Step
Hb_br_1_dwave               0    -0.01     0.01     None     True     None     None
Hb_br_1_scale               0        0    1e+10     None     True     None     None
Hb_br_1_sigma           0.005    0.004     0.05     None     True     None     None
Hb_br_2_dwave               0    -0.01     0.01     None     True     None     None
Hb_br_2_scale               0        0    1e+10     None     True     None     None
Hb_br_2_sigma           0.005    0.004     0.05     None     True     None     None
Hb_na_1_dwave               0    -0.01     0.01     None     True     None     None
Hb_na_1_scale               0        0    1e+10     None     True     None     None
Hb_na_1_sigma           0.001  0.00023  0.00169     None     True     None     None
HeII4687_br_1_dwave         0   -0.005    0.005     None     True     None     None
HeII4687_br_1_scale         0        0    1e+10     None     True     None     None
HeII4687_br_1_sigma     0.005    0.004     0.05     None     True     None     None
HeII4687_na_1_dwave         0   -0.005    0.005     None    False Hb_na_1_dwave     None
HeII4687_na_1_scale         0        0    1e+10     None     True     None     None
HeII4687_na_1_sigma     0.001  0.00023  0.00169     None    False Hb_na_1_sigma     None
OIII4959c_1_dwave           0    -0.01     0.01     None    False Hb_na_1_dwave     None
OIII4959c_1_scale           0        0    1e+10     None     True     None     None
OIII4959c_1_sigma       0.001  0.00023  0.00169     None    False Hb_na_1_sigma     None
OIII4959w_1_dwave           0    -0.01     0.01     None     True     None     None
OIII4959w_1_scale           0        0    1e+10     None     True     None     None
OIII4959w_1_sigma       0.003  0.00023    0.004     None     True     None     None
OIII5007c_1_dwave           0    -0.01     0.01     None    False Hb_na_1_dwave     None
OIII5007c_1_scale           0        0    1e+10     None    False 3.0303030014038086 * OIII4959c_1_scale     None
OIII5007c_1_sigma       0.001  0.00023  0.00169     None    False Hb_na_1_sigma     None
OIII5007w_1_dwave           0    -0.01     0.01     None    False OIII4959w_1_dwave     None
OIII5007w_1_scale           0        0    1e+10     None    False 3.0303030014038086 * OIII4959w_1_scale     None
OIII5007w_1_sigma       0.003  0.00023    0.004     None    False OIII4959w_1_sigma     None
Fitting complex Hb
Fit report
[[Variables]]
    Hb_br_1_scale:        11.7046284 (init = 0)
    Hb_br_1_dwave:        0.00429154 (init = 0)
    Hb_br_1_sigma:        0.00873348 (init = 0.005)
    Hb_br_2_scale:        11.7046284 (init = 0)
    Hb_br_2_dwave:        0.00429155 (init = 0)
    Hb_br_2_sigma:        0.00873348 (init = 0.005)
    Hb_na_1_scale:        0.01979528 (init = 0)
    Hb_na_1_dwave:       -5.4250e-04 (init = 0)
    Hb_na_1_sigma:        0.00126083 (init = 0.001)
    OIII4959c_1_scale:    4.72367923 (init = 0)
    OIII4959c_1_dwave:   -5.4250e-04 == 'Hb_na_1_dwave'
    OIII4959c_1_sigma:    0.00126083 == 'Hb_na_1_sigma'
    OIII5007c_1_scale:    14.3141793 == '3.0303030014038086 * OIII4959c_1_scale'
    OIII5007c_1_dwave:   -5.4250e-04 == 'Hb_na_1_dwave'
    OIII5007c_1_sigma:    0.00126083 == 'Hb_na_1_sigma'
    OIII4959w_1_scale:    2.19982643 (init = 0)
    OIII4959w_1_dwave:   -0.00776693 (init = 0)
    OIII4959w_1_sigma:    0.00400000 (init = 0.003)
    OIII5007w_1_scale:    6.66614064 == '3.0303030014038086 * OIII4959w_1_scale'
    OIII5007w_1_dwave:   -0.00776693 == 'OIII4959w_1_dwave'
    OIII5007w_1_sigma:    0.00400000 == 'OIII4959w_1_sigma'
    HeII4687_br_1_scale:  3.65250330 (init = 0)
    HeII4687_br_1_dwave: -0.00500000 (init = 0)
    HeII4687_br_1_sigma:  0.00545128 (init = 0.005)
    HeII4687_na_1_scale:  1.9929e-04 (init = 0)
    HeII4687_na_1_dwave: -5.4250e-04 == 'Hb_na_1_dwave'
    HeII4687_na_1_sigma:  0.00126083 == 'Hb_na_1_sigma'
Name                Value      Min      Max   Stderr     Vary     Expr Brute_Step
Ha_br_1_dwave           0   -0.015    0.015     None     True     None     None
Ha_br_1_scale           0        0    1e+10     None     True     None     None
Ha_br_1_sigma       0.005    0.004     0.05     None     True     None     None
Ha_br_2_dwave           0   -0.015    0.015     None     True     None     None
Ha_br_2_scale           0        0    1e+10     None     True     None     None
Ha_br_2_sigma       0.005    0.004     0.05     None     True     None     None
Ha_na_1_dwave           0    -0.01     0.01     None     True     None     None
Ha_na_1_scale           0        0    1e+10     None     True     None     None
Ha_na_1_sigma       0.001   0.0005  0.00169     None     True     None     None
NII6549_1_dwave         0   -0.005    0.005     None    False Ha_na_1_dwave     None
NII6549_1_scale         0        0    1e+10     None     True     None     None
NII6549_1_sigma     0.001  0.00023  0.00169     None    False Ha_na_1_sigma     None
NII6585_1_dwave         0   -0.005    0.005     None    False Ha_na_1_dwave     None
NII6585_1_scale         0        0    1e+10     None    False 3.0 * NII6549_1_scale     None
NII6585_1_sigma     0.001  0.00023  0.00169     None    False Ha_na_1_sigma     None
SII6718_1_dwave         0   -0.005    0.005     None    False Ha_na_1_dwave     None
SII6718_1_scale         0        0    1e+10     None     True     None     None
SII6718_1_sigma     0.001  0.00023  0.00169     None    False Ha_na_1_sigma     None
SII6732_1_dwave         0   -0.005    0.005     None    False Ha_na_1_dwave     None
SII6732_1_scale         0        0    1e+10     None    False 1.0 * SII6718_1_scale     None
SII6732_1_sigma     0.001  0.00023  0.00169     None    False Ha_na_1_sigma     None
Fitting complex Ha
Fit report
[[Variables]]
    Ha_br_1_scale:    50.0782027 +/- 51.3678655 (102.58%) (init = 0)
    Ha_br_1_dwave:    2.3531e-05 +/- 0.00120976 (5141.02%) (init = 0)
    Ha_br_1_sigma:    0.00953447 +/- 0.00109509 (11.49%) (init = 0.005)
    Ha_br_2_scale:    24.2081427 +/- 48.4106447 (199.98%) (init = 0)
    Ha_br_2_dwave:    0.00178715 +/- 0.00180828 (101.18%) (init = 0)
    Ha_br_2_sigma:    0.00736547 +/- 0.00303018 (41.14%) (init = 0.005)
    Ha_na_1_scale:    16.6048225 +/- 2.11620299 (12.74%) (init = 0)
    Ha_na_1_dwave:    3.9659e-04 +/- 1.8958e-04 (47.80%) (init = 0)
    Ha_na_1_sigma:    0.00168042 +/- 2.5881e-04 (15.40%) (init = 0.001)
    NII6549_1_scale:  0.00315692 +/- 0.14995928 (4750.18%) (init = 0)
    NII6549_1_dwave:  3.9659e-04 +/- 1.8958e-04 (47.80%) == 'Ha_na_1_dwave'
    NII6549_1_sigma:  0.00168042 +/- 2.5881e-04 (15.40%) == 'Ha_na_1_sigma'
    NII6585_1_scale:  0.00947076 +/- 0.44987784 (4750.18%) == '3.0 * NII6549_1_scale'
    NII6585_1_dwave:  3.9659e-04 +/- 1.8958e-04 (47.80%) == 'Ha_na_1_dwave'
    NII6585_1_sigma:  0.00168042 +/- 2.5881e-04 (15.40%) == 'Ha_na_1_sigma'
    SII6718_1_scale:  0.25891012 +/- 0.14423517 (55.71%) (init = 0)
    SII6718_1_dwave:  3.9659e-04 +/- 1.8958e-04 (47.80%) == 'Ha_na_1_dwave'
    SII6718_1_sigma:  0.00168042 +/- 2.5881e-04 (15.40%) == 'Ha_na_1_sigma'
    SII6732_1_scale:  0.25891012 +/- 0.14423517 (55.71%) == '1.0 * SII6718_1_scale'
    SII6732_1_dwave:  3.9659e-04 +/- 1.8958e-04 (47.80%) == 'Ha_na_1_dwave'
    SII6732_1_sigma:  0.00168042 +/- 2.5881e-04 (15.40%) == 'Ha_na_1_sigma'
[[Correlations]] (unreported correlations are < 0.100)
    C(Ha_br_1_scale, Ha_br_2_scale)     = -0.9992
    C(Ha_br_1_sigma, Ha_br_2_scale)     = +0.9849
    C(Ha_br_1_scale, Ha_br_1_sigma)     = -0.9811
    C(Ha_br_1_scale, Ha_br_2_sigma)     = -0.9809
    C(Ha_br_1_dwave, Ha_br_2_sigma)     = -0.9739
    C(Ha_br_2_scale, Ha_br_2_sigma)     = +0.9737
    C(Ha_br_1_scale, Ha_br_1_dwave)     = +0.9712
    C(Ha_br_1_dwave, Ha_br_2_scale)     = -0.9686
    C(Ha_br_1_sigma, Ha_br_2_dwave)     = -0.9604
    C(Ha_br_2_scale, Ha_br_2_dwave)     = -0.9386
    C(Ha_br_1_scale, Ha_br_2_dwave)     = +0.9370
    C(Ha_br_1_sigma, Ha_br_2_sigma)     = +0.9283
    C(Ha_br_1_dwave, Ha_br_1_sigma)     = -0.9236
    C(Ha_br_2_dwave, Ha_br_2_sigma)     = -0.8905
    C(Ha_br_1_dwave, Ha_br_2_dwave)     = +0.8304
    C(Ha_br_2_sigma, NII6549_1_scale)   = -0.7288
    C(Ha_br_1_scale, NII6549_1_scale)   = +0.6482
    C(Ha_br_1_dwave, NII6549_1_scale)   = +0.6350
    C(Ha_br_2_scale, NII6549_1_scale)   = -0.6229
    C(Ha_br_2_dwave, NII6549_1_scale)   = +0.6192
    C(Ha_na_1_scale, NII6549_1_scale)   = -0.5875
    C(Ha_br_1_sigma, NII6549_1_scale)   = -0.5757
    C(Ha_br_2_sigma, Ha_na_1_scale)     = +0.5507
    C(Ha_br_1_dwave, Ha_na_1_scale)     = -0.5080
    C(Ha_na_1_sigma, NII6549_1_scale)   = -0.4848
    C(Ha_br_2_sigma, Ha_na_1_sigma)     = +0.4688
    C(Ha_br_1_scale, Ha_na_1_scale)     = -0.4576
    C(Ha_br_1_dwave, Ha_na_1_sigma)     = -0.4374
    C(Ha_br_2_scale, Ha_na_1_scale)     = +0.4348
    C(Ha_br_1_scale, Ha_na_1_sigma)     = -0.3744
    C(Ha_br_1_sigma, Ha_na_1_scale)     = +0.3669
    C(Ha_br_2_dwave, Ha_na_1_dwave)     = -0.3585
    C(Ha_br_2_scale, Ha_na_1_sigma)     = +0.3506
    C(Ha_br_2_dwave, Ha_na_1_scale)     = -0.3361
    C(Ha_br_2_sigma, Ha_na_1_dwave)     = +0.3306
    C(Ha_br_1_scale, Ha_na_1_dwave)     = -0.3263
    C(Ha_br_2_scale, Ha_na_1_dwave)     = +0.3244
    C(Ha_br_1_sigma, Ha_na_1_dwave)     = +0.3172
    C(Ha_na_1_scale, Ha_na_1_sigma)     = +0.3120
    C(Ha_br_1_dwave, SII6718_1_scale)   = -0.2923
    C(Ha_br_1_dwave, Ha_na_1_dwave)     = -0.2893
    C(Ha_br_1_sigma, Ha_na_1_sigma)     = +0.2843
    C(Ha_br_2_sigma, SII6718_1_scale)   = +0.2532
    C(Ha_na_1_scale, SII6718_1_scale)   = +0.2512
    C(Ha_br_2_dwave, Ha_na_1_sigma)     = -0.2378
    C(Ha_na_1_dwave, NII6549_1_scale)   = -0.2009
    C(Ha_br_1_scale, SII6718_1_scale)   = -0.1929
    C(Ha_br_2_scale, SII6718_1_scale)   = +0.1875
    C(NII6549_1_scale, SII6718_1_scale) = -0.1787
    C(Ha_na_1_sigma, SII6718_1_scale)   = +0.1716
    C(Ha_na_1_scale, Ha_na_1_dwave)     = +0.1674
    C(Ha_na_1_dwave, Ha_na_1_sigma)     = +0.1352
    C(Ha_br_1_sigma, SII6718_1_scale)   = +0.1019
Saving figure as ./result.pdf
Fitting finished in 6.3s
wrote pyqsofit_model.csv
['ra' 'dec' 'plateid' 'MJD' 'fiberid' 'redshift' 'SN_ratio_conti'
 'Fe_uv_norm' 'Fe_uv_FWHM' 'Fe_uv_shift' 'Fe_op_norm' 'Fe_op_FWHM'
 'Fe_op_shift' 'PL_norm' 'PL_slope' 'Blamer_norm' 'Balmer_Te' 'Balmer_Tau'
 'conti_a_0' 'conti_a_1' 'conti_a_2' 'L1350' 'L1450' 'L3000' 'L4200'
 'L5100' 'Fe_flux_4435_4685']

['-999' '-999' '0' '0' '0' '0.4675198495388031' '51.22707495882209' '0.0'
 '3000.0' '0.0' '0.0' '3000.0' '0.0' '62.583641602387274'
 '-0.6644906635733623' '0.0' '15000.0' '0.5' '0.0' '0.0' '0.0' '-1.0'
 '-1.0' '45.18613607587758' '45.23516337833919' '45.2634538123571' '0.0']
['Hb_br_1_scale' 'Hb_br_1_centerwave' 'Hb_br_1_sigma' 'Hb_br_2_scale'
 'Hb_br_2_centerwave' 'Hb_br_2_sigma' 'Hb_na_1_scale' 'Hb_na_1_centerwave'
 'Hb_na_1_sigma' 'OIII4959c_1_scale' 'OIII4959c_1_centerwave'
 'OIII4959c_1_sigma' 'OIII5007c_1_scale' 'OIII5007c_1_centerwave'
 'OIII5007c_1_sigma' 'OIII4959w_1_scale' 'OIII4959w_1_centerwave'
 'OIII4959w_1_sigma' 'OIII5007w_1_scale' 'OIII5007w_1_centerwave'
 'OIII5007w_1_sigma' 'HeII4687_br_1_scale' 'HeII4687_br_1_centerwave'
 'HeII4687_br_1_sigma' 'HeII4687_na_1_scale' 'HeII4687_na_1_centerwave'
 'HeII4687_na_1_sigma' 'Ha_br_1_scale' 'Ha_br_1_centerwave'
 'Ha_br_1_sigma' 'Ha_br_2_scale' 'Ha_br_2_centerwave' 'Ha_br_2_sigma'
 'Ha_na_1_scale' 'Ha_na_1_centerwave' 'Ha_na_1_sigma' 'NII6549_1_scale'
 'NII6549_1_centerwave' 'NII6549_1_sigma' 'NII6585_1_scale'
 'NII6585_1_centerwave' 'NII6585_1_sigma' 'SII6718_1_scale'
 'SII6718_1_centerwave' 'SII6718_1_sigma' 'SII6732_1_scale'
 'SII6732_1_centerwave' 'SII6732_1_sigma']

[1.17046284e+01 8.48786164e+00 8.73348196e-03 1.17046284e+01
 8.48786165e+00 8.73348336e-03 1.97952765e-02 8.48302760e+00
 1.26082767e-03 4.72367923e+00 8.50261225e+00 1.26082767e-03
 1.43141793e+01 8.51829733e+00 1.26082767e-03 2.19982643e+00
 8.49538782e+00 4.00000019e-03 6.66614064e+00 8.51107291e+00
 4.00000019e-03 3.65250330e+00 8.44755184e+00 5.45128343e-03
 1.99285033e-04 8.45200934e+00 1.26082767e-03 5.00782027e+01
 8.78748958e+00 9.53446968e-03 2.42081427e+01 8.78925320e+00
 7.36546658e-03 1.66048225e+01 8.78786264e+00 1.68042270e-03
 3.15691917e-03 8.78759371e+00 1.68042270e-03 9.47075751e-03
 8.79298864e+00 1.68042270e-03 2.58910116e-01 8.81298528e+00
 1.68042270e-03 2.58910116e-01 8.81512342e+00 1.68042270e-03]
['Hb_br_1_scale' 'Hb_br_1_sigma' 'Hb_br_2_centerwave' 'Hb_na_1_scale'
 'Hb_na_1_sigma' 'OIII4959c_1_centerwave' 'OIII5007c_1_scale'
 'OIII5007c_1_sigma' 'OIII4959w_1_centerwave' 'OIII5007w_1_scale'
 'OIII5007w_1_sigma' 'HeII4687_br_1_centerwave' 'HeII4687_na_1_scale'
 'HeII4687_na_1_sigma' 'Ha_br_1_centerwave' 'Ha_br_2_scale'
 'Ha_br_2_sigma' 'Ha_na_1_centerwave' 'NII6549_1_scale' 'NII6549_1_sigma'
 'NII6585_1_centerwave' 'SII6718_1_scale' 'SII6718_1_sigma'
 'SII6732_1_centerwave']

[]
(0,)
['1_complex_name' '1_line_status' '1_line_min_chi2' '1_line_bic'
 '1_line_red_chi2' '1_niter' '1_ndof' '2_complex_name' '2_line_status'
 '2_line_min_chi2' '2_line_bic' '2_line_red_chi2' '2_niter' '2_ndof'
 'Hb_br_1_scale' 'Hb_br_1_centerwave' 'Hb_br_1_sigma' 'Hb_br_2_scale'
 'Hb_br_2_centerwave' 'Hb_br_2_sigma' 'Hb_na_1_scale' 'Hb_na_1_centerwave'
 'Hb_na_1_sigma' 'OIII4959c_1_scale' 'OIII4959c_1_centerwave'
 'OIII4959c_1_sigma' 'OIII5007c_1_scale' 'OIII5007c_1_centerwave'
 'OIII5007c_1_sigma' 'OIII4959w_1_scale' 'OIII4959w_1_centerwave'
 'OIII4959w_1_sigma' 'OIII5007w_1_scale' 'OIII5007w_1_centerwave'
 'OIII5007w_1_sigma' 'HeII4687_br_1_scale' 'HeII4687_br_1_centerwave'
 'HeII4687_br_1_sigma' 'HeII4687_na_1_scale' 'HeII4687_na_1_centerwave'
 'HeII4687_na_1_sigma' 'Ha_br_1_scale' 'Ha_br_1_centerwave'
 'Ha_br_1_sigma' 'Ha_br_2_scale' 'Ha_br_2_centerwave' 'Ha_br_2_sigma'
 'Ha_na_1_scale' 'Ha_na_1_centerwave' 'Ha_na_1_sigma' 'NII6549_1_scale'
 'NII6549_1_centerwave' 'NII6549_1_sigma' 'NII6585_1_scale'
 'NII6585_1_centerwave' 'NII6585_1_sigma' 'SII6718_1_scale'
 'SII6718_1_centerwave' 'SII6718_1_sigma' 'SII6732_1_scale'
 'SII6732_1_centerwave' 'SII6732_1_sigma' 'Hb_whole_br_fwhm'
 'Hb_whole_br_sigma' 'Hb_whole_br_ew' 'Hb_whole_br_peak'
 'Hb_whole_br_area' 'Hb_whole_br_snr' 'Ha_whole_br_fwhm'
 'Ha_whole_br_sigma' 'Ha_whole_br_ew' 'Ha_whole_br_peak'
 'Ha_whole_br_area' 'Ha_whole_br_snr']

['Hb' '1' '352.2353618546688' '40.013069692225' '0.8962731853808366' '482'
 '393' 'Ha' '1' '371.89355022407494' '152.41099794816907'
 '1.4757680564447417' '268' '252' '11.704628377628978' '8.487861642975014'
 '0.008733481961786159' '11.704628377628978' '8.487861645553673'
 '0.008733483361077224' '0.01979527652906654' '8.483027596568327'
 '0.001260827670338735' '4.723679225548949' '8.502612252330046'
 '0.001260827670338735' '14.314179334849799' '8.51829733381198'
 '0.001260827670338735' '2.1998264321254624' '8.495387823818811'
 '0.004000000189989805' '6.66614063983722' '8.511072905300745'
 '0.004000000189989805' '3.6525032998113716' '8.447551841906002'
 '0.005451283425792533' '0.0001992850329202156' '8.452009339427214'
 '0.001260827670338735' '50.07820269575802' '8.787489580608305'
 '0.00953446967644612' '24.208142712645042' '8.789253202396951'
 '0.007365466580221733' '16.604822516974593' '8.787862641344164'
 '0.001680422702928792' '0.0031569191705216326' '8.787593705186937'
 '0.001680422702928792' '0.009470757511564898' '8.792988640794848'
 '0.001680422702928792' '0.25891011556922194' '8.812985283861254'
 '0.001680422702928792' '0.25891011556922194' '8.815123421678637'
 '0.001680422702928792' '6409.636759053452' '4650.888174856241'
 '69.53257463741105' '4859.43533243806' '3160.3437433114773'
 '8.194765064536213' '6205.470676424307' '2677.526555903936'
 '288.8567077679824' '6557.077001090845' '10753.614119867596'
 '34.18623065041274']
Broad Hb:
FWHM (km/s) 6192.1
Sigma (km/s) 2594.5
EW (A) 54.6
Peak (A) 4855.5
Area (10^(-17) erg/s/cm^2) 2481.6
SNR 7.3

Narrow Hb:
FWHM (km/s) 892.6
Sigma (km/s) 372.6
EW (A) 0.0
Peak (A) 4831.5
Area (10^(-17) erg/s/cm^2) 0.3
SNR 0.0

Broad [OIII]5007:
FWHM (km/s) 2802.8
Sigma (km/s) 1173.9
EW (A) 7.4
Peak (A) 4968.9
Area (10^(-17) erg/s/cm^2) 331.3
SNR 2.2

Narrow [OIII]5007:
FWHM (km/s) 892.6
Sigma (km/s) 372.6
EW (A) 5.1
Peak (A) 5004.9
Area (10^(-17) erg/s/cm^2) 225.8
SNR 4.2
