7.0.1
1.3.2
2.1.6
3.1.6
['/home/onur/Documents/AGNEmissionLines_ThirdPartyLibraries/pyqsofit/PyQSOFit/src/pyqsofit']
FWHM Resolution: 2.5 Å
[ 3566.97426784  3567.79484559  3568.6175712  ... 10394.41199851
 10396.80892696 10399.20640813] Angstrom [174.60990906 174.59364319 174.57740784 ...  21.887146    21.88740349
  21.88766289] erg / (Angstrom s cm2) [3.49219818 3.49187286 3.49154816 ... 0.43774292 0.43774807 0.43775326] erg / (Angstrom s cm2) 0.3231107294559479
Name            Value      Min      Max   Stderr     Vary     Expr Brute_Step
Balmer_Tau        0.5      0.1        2     None    False     None     None
Balmer_Te     1.5e+04    1e+04    5e+04     None    False     None     None
Blamer_norm         0        0    1e+10     None    False     None     None
Fe_op_FWHM       3000     1200  1.8e+04     None     True     None     None
Fe_op_norm          0        0    1e+10     None     True     None     None
Fe_op_shift         0    -0.01     0.01     None     True     None     None
Fe_uv_FWHM       3000     1200  1.8e+04     None     True     None     None
Fe_uv_norm          0        0    1e+10     None     True     None     None
Fe_uv_shift         0    -0.01     0.01     None     True     None     None
PL_norm             1        0    1e+10     None     True     None     None
PL_slope         -1.5       -5        3     None     True     None     None
conti_a_0           0     -inf      inf     None     True     None     None
conti_a_1           0     -inf      inf     None     True     None     None
conti_a_2           0     -inf      inf     None     True     None     None
Fitting continuum
Fit report
[[Variables]]
    Fe_uv_norm:   5.43819378 (init = 0)
    Fe_uv_FWHM:   9101.84992 (init = 3000)
    Fe_uv_shift:  0.01000000 (init = 0)
    Fe_op_norm:   0.15421386 (init = 0)
    Fe_op_FWHM:   18000.0000 (init = 3000)
    Fe_op_shift:  0.01000000 (init = 0)
    PL_norm:      155.071364 (init = 1)
    PL_slope:    -2.83950628 (init = -1.5)
    Blamer_norm:  0 (fixed)
    Balmer_Te:    15000 (fixed)
    Balmer_Tau:   0.5 (fixed)
    conti_a_0:    123.302281 (init = 0)
    conti_a_1:    1.68044393 (init = 0)
    conti_a_2:   -2.6719e-04 (init = 0)
Name                    Value      Min      Max   Stderr     Vary     Expr Brute_Step
Hb_br_1_dwave               0    -0.01     0.01     None     True     None     None
Hb_br_1_scale               0        0    1e+10     None     True     None     None
Hb_br_1_sigma           0.005    0.004     0.05     None     True     None     None
Hb_br_2_dwave               0    -0.01     0.01     None     True     None     None
Hb_br_2_scale               0        0    1e+10     None     True     None     None
Hb_br_2_sigma           0.005    0.004     0.05     None     True     None     None
Hb_na_1_dwave               0    -0.01     0.01     None     True     None     None
Hb_na_1_scale               0        0    1e+10     None     True     None     None
Hb_na_1_sigma           0.001  0.00023  0.00169     None     True     None     None
HeII4687_br_1_dwave         0   -0.005    0.005     None     True     None     None
HeII4687_br_1_scale         0        0    1e+10     None     True     None     None
HeII4687_br_1_sigma     0.005    0.004     0.05     None     True     None     None
HeII4687_na_1_dwave         0   -0.005    0.005     None    False Hb_na_1_dwave     None
HeII4687_na_1_scale         0        0    1e+10     None     True     None     None
HeII4687_na_1_sigma     0.001  0.00023  0.00169     None    False Hb_na_1_sigma     None
OIII4959c_1_dwave           0    -0.01     0.01     None    False Hb_na_1_dwave     None
OIII4959c_1_scale           0        0    1e+10     None     True     None     None
OIII4959c_1_sigma       0.001  0.00023  0.00169     None    False Hb_na_1_sigma     None
OIII4959w_1_dwave           0    -0.01     0.01     None     True     None     None
OIII4959w_1_scale           0        0    1e+10     None     True     None     None
OIII4959w_1_sigma       0.003  0.00023    0.004     None     True     None     None
OIII5007c_1_dwave           0    -0.01     0.01     None    False Hb_na_1_dwave     None
OIII5007c_1_scale           0        0    1e+10     None    False 3.0303030014038086 * OIII4959c_1_scale     None
OIII5007c_1_sigma       0.001  0.00023  0.00169     None    False Hb_na_1_sigma     None
OIII5007w_1_dwave           0    -0.01     0.01     None    False OIII4959w_1_dwave     None
OIII5007w_1_scale           0        0    1e+10     None    False 3.0303030014038086 * OIII4959w_1_scale     None
OIII5007w_1_sigma       0.003  0.00023    0.004     None    False OIII4959w_1_sigma     None
Fitting complex Hb
Fit report
[[Variables]]
    Hb_br_1_scale:        34.4039908 (init = 0)
    Hb_br_1_dwave:        0.00566272 (init = 0)
    Hb_br_1_sigma:        0.00436095 (init = 0.005)
    Hb_br_2_scale:        34.4040124 (init = 0)
    Hb_br_2_dwave:        0.00566160 (init = 0)
    Hb_br_2_sigma:        0.00435987 (init = 0.005)
    Hb_na_1_scale:        0.13132662 (init = 0)
    Hb_na_1_dwave:       -8.5168e-04 (init = 0)
    Hb_na_1_sigma:        0.00108503 (init = 0.001)
    OIII4959c_1_scale:    22.1430907 (init = 0)
    OIII4959c_1_dwave:   -8.5168e-04 == 'Hb_na_1_dwave'
    OIII4959c_1_sigma:    0.00108503 == 'Hb_na_1_sigma'
    OIII5007c_1_scale:    67.1002742 == '3.0303030014038086 * OIII4959c_1_scale'
    OIII5007c_1_dwave:   -8.5168e-04 == 'Hb_na_1_dwave'
    OIII5007c_1_sigma:    0.00108503 == 'Hb_na_1_sigma'
    OIII4959w_1_scale:    2.06517692 (init = 0)
    OIII4959w_1_dwave:   -0.00391087 (init = 0)
    OIII4959w_1_sigma:    9.2611e-04 (init = 0.003)
    OIII5007w_1_scale:    6.25811181 == '3.0303030014038086 * OIII4959w_1_scale'
    OIII5007w_1_dwave:   -0.00391087 == 'OIII4959w_1_dwave'
    OIII5007w_1_sigma:    9.2611e-04 == 'OIII4959w_1_sigma'
    HeII4687_br_1_scale:  4.85995910 (init = 0)
    HeII4687_br_1_dwave:  0.00500000 (init = 0)
    HeII4687_br_1_sigma:  0.05000000 (init = 0.005)
    HeII4687_na_1_scale:  3.16308701 (init = 0)
    HeII4687_na_1_dwave: -8.5168e-04 == 'Hb_na_1_dwave'
    HeII4687_na_1_sigma:  0.00108503 == 'Hb_na_1_sigma'
Name                Value      Min      Max   Stderr     Vary     Expr Brute_Step
Ha_br_1_dwave           0   -0.015    0.015     None     True     None     None
Ha_br_1_scale           0        0    1e+10     None     True     None     None
Ha_br_1_sigma       0.005    0.004     0.05     None     True     None     None
Ha_br_2_dwave           0   -0.015    0.015     None     True     None     None
Ha_br_2_scale           0        0    1e+10     None     True     None     None
Ha_br_2_sigma       0.005    0.004     0.05     None     True     None     None
Ha_na_1_dwave           0    -0.01     0.01     None     True     None     None
Ha_na_1_scale           0        0    1e+10     None     True     None     None
Ha_na_1_sigma       0.001   0.0005  0.00169     None     True     None     None
NII6549_1_dwave         0   -0.005    0.005     None    False Ha_na_1_dwave     None
NII6549_1_scale         0        0    1e+10     None     True     None     None
NII6549_1_sigma     0.001  0.00023  0.00169     None    False Ha_na_1_sigma     None
NII6585_1_dwave         0   -0.005    0.005     None    False Ha_na_1_dwave     None
NII6585_1_scale         0        0    1e+10     None    False 3.0 * NII6549_1_scale     None
NII6585_1_sigma     0.001  0.00023  0.00169     None    False Ha_na_1_sigma     None
SII6718_1_dwave         0   -0.005    0.005     None    False Ha_na_1_dwave     None
SII6718_1_scale         0        0    1e+10     None     True     None     None
SII6718_1_sigma     0.001  0.00023  0.00169     None    False Ha_na_1_sigma     None
SII6732_1_dwave         0   -0.005    0.005     None    False Ha_na_1_dwave     None
SII6732_1_scale         0        0    1e+10     None    False 1.0 * SII6718_1_scale     None
SII6732_1_sigma     0.001  0.00023  0.00169     None    False Ha_na_1_sigma     None
Fitting complex Ha
Fit report
[[Variables]]
    Ha_br_1_scale:    23.5443981 (init = 0)
    Ha_br_1_dwave:    0.00302167 (init = 0)
    Ha_br_1_sigma:    0.01220625 (init = 0.005)
    Ha_br_2_scale:    168.323693 (init = 0)
    Ha_br_2_dwave:    0.00139553 (init = 0)
    Ha_br_2_sigma:    0.00400051 (init = 0.005)
    Ha_na_1_scale:    50.8918374 (init = 0)
    Ha_na_1_dwave:    0.00127492 (init = 0)
    Ha_na_1_sigma:    0.00169000 (init = 0.001)
    NII6549_1_scale:  0.08859136 (init = 0)
    NII6549_1_dwave:  0.00127492 == 'Ha_na_1_dwave'
    NII6549_1_sigma:  0.00169000 == 'Ha_na_1_sigma'
    NII6585_1_scale:  0.26577407 == '3.0 * NII6549_1_scale'
    NII6585_1_dwave:  0.00127492 == 'Ha_na_1_dwave'
    NII6585_1_sigma:  0.00169000 == 'Ha_na_1_sigma'
    SII6718_1_scale:  0.35778380 (init = 0)
    SII6718_1_dwave:  0.00127492 == 'Ha_na_1_dwave'
    SII6718_1_sigma:  0.00169000 == 'Ha_na_1_sigma'
    SII6732_1_scale:  0.35778380 == '1.0 * SII6718_1_scale'
    SII6732_1_dwave:  0.00127492 == 'Ha_na_1_dwave'
    SII6732_1_sigma:  0.00169000 == 'Ha_na_1_sigma'
Saving figure as ./result.pdf
Fitting finished in 405.4s
wrote pyqsofit_model.csv
['ra' 'dec' 'plateid' 'MJD' 'fiberid' 'redshift' 'SN_ratio_conti'
 'Fe_uv_norm' 'Fe_uv_norm_err' 'Fe_uv_FWHM' 'Fe_uv_FWHM_err' 'Fe_uv_shift'
 'Fe_uv_shift_err' 'Fe_op_norm' 'Fe_op_norm_err' 'Fe_op_FWHM'
 'Fe_op_FWHM_err' 'Fe_op_shift' 'Fe_op_shift_err' 'PL_norm' 'PL_norm_err'
 'PL_slope' 'PL_slope_err' 'Blamer_norm' 'Blamer_norm_err' 'Balmer_Te'
 'Balmer_Te_err' 'Balmer_Tau' 'Balmer_Tau_err' 'conti_a_0' 'conti_a_0_err'
 'conti_a_1' 'conti_a_1_err' 'conti_a_2' 'conti_a_2_err' 'L1350'
 'L1350_err' 'L1450' 'L1450_err' 'L3000' 'L3000_err' 'L4200' 'L4200_err'
 'L5100' 'L5100_err' 'Fe_flux_4435_4685' 'Fe_flux_4435_4685_err']

['-999' '-999' '0' '0' '0' '0.3231107294559479' '41.46555342594531'
 '5.438193784179646' '0.06552151043948129' '9101.849916239364'
 '220.08564930724242' '0.009999999776174103' '0.0' '0.15421386390102043'
 '0.0927224741431587' '17999.999987305095' '163.1875272810679'
 '0.009999999773706695' '0.00018733714543766943' '155.0713640829926'
 '0.2906271556746276' '-2.839506276387949' '0.020593701251573115' '0.0'
 '0.0' '15000.0' '0.0' '0.5' '0.0' '123.30228054815623'
 '541.7186434196506' '1.6804439298899803' '0.21298350447154535'
 '-0.0002671854174681244' '2.3615287620230364e-05' '-1.0' '-1.0' '-1.0'
 '-1.0' '45.20232691574714' '0.0008154054812479217' '44.94859328757851'
 '0.0013299953706713552' '44.839550625200545' '0.0013602268412924445'
 '52.18208019723083' '39.48911927166904']
['Hb_br_1_scale' 'Hb_br_1_scale_err' 'Hb_br_1_centerwave'
 'Hb_br_1_centerwave_err' 'Hb_br_1_sigma' 'Hb_br_1_sigma_err'
 'Hb_br_2_scale' 'Hb_br_2_scale_err' 'Hb_br_2_centerwave'
 'Hb_br_2_centerwave_err' 'Hb_br_2_sigma' 'Hb_br_2_sigma_err'
 'Hb_na_1_scale' 'Hb_na_1_scale_err' 'Hb_na_1_centerwave'
 'Hb_na_1_centerwave_err' 'Hb_na_1_sigma' 'Hb_na_1_sigma_err'
 'OIII4959c_1_scale' 'OIII4959c_1_scale_err' 'OIII4959c_1_centerwave'
 'OIII4959c_1_centerwave_err' 'OIII4959c_1_sigma' 'OIII4959c_1_sigma_err'
 'OIII5007c_1_scale' 'OIII5007c_1_scale_err' 'OIII5007c_1_centerwave'
 'OIII5007c_1_centerwave_err' 'OIII5007c_1_sigma' 'OIII5007c_1_sigma_err'
 'OIII4959w_1_scale' 'OIII4959w_1_scale_err' 'OIII4959w_1_centerwave'
 'OIII4959w_1_centerwave_err' 'OIII4959w_1_sigma' 'OIII4959w_1_sigma_err'
 'OIII5007w_1_scale' 'OIII5007w_1_scale_err' 'OIII5007w_1_centerwave'
 'OIII5007w_1_centerwave_err' 'OIII5007w_1_sigma' 'OIII5007w_1_sigma_err'
 'HeII4687_br_1_scale' 'HeII4687_br_1_scale_err'
 'HeII4687_br_1_centerwave' 'HeII4687_br_1_centerwave_err'
 'HeII4687_br_1_sigma' 'HeII4687_br_1_sigma_err' 'HeII4687_na_1_scale'
 'HeII4687_na_1_scale_err' 'HeII4687_na_1_centerwave'
 'HeII4687_na_1_centerwave_err' 'HeII4687_na_1_sigma'
 'HeII4687_na_1_sigma_err' 'Ha_br_1_scale' 'Ha_br_1_scale_err'
 'Ha_br_1_centerwave' 'Ha_br_1_centerwave_err' 'Ha_br_1_sigma'
 'Ha_br_1_sigma_err' 'Ha_br_2_scale' 'Ha_br_2_scale_err'
 'Ha_br_2_centerwave' 'Ha_br_2_centerwave_err' 'Ha_br_2_sigma'
 'Ha_br_2_sigma_err' 'Ha_na_1_scale' 'Ha_na_1_scale_err'
 'Ha_na_1_centerwave' 'Ha_na_1_centerwave_err' 'Ha_na_1_sigma'
 'Ha_na_1_sigma_err' 'NII6549_1_scale' 'NII6549_1_scale_err'
 'NII6549_1_centerwave' 'NII6549_1_centerwave_err' 'NII6549_1_sigma'
 'NII6549_1_sigma_err' 'NII6585_1_scale' 'NII6585_1_scale_err'
 'NII6585_1_centerwave' 'NII6585_1_centerwave_err' 'NII6585_1_sigma'
 'NII6585_1_sigma_err' 'SII6718_1_scale' 'SII6718_1_scale_err'
 'SII6718_1_centerwave' 'SII6718_1_centerwave_err' 'SII6718_1_sigma'
 'SII6718_1_sigma_err' 'SII6732_1_scale' 'SII6732_1_scale_err'
 'SII6732_1_centerwave' 'SII6732_1_centerwave_err' 'SII6732_1_sigma'
 'SII6732_1_sigma_err']

[3.44039908e+01 6.59535164e+00 8.48923282e+00 8.01514964e-05
 4.36094733e-03 2.12491485e-04 3.44040124e+01 6.48502579e+00
 8.48923170e+00 1.58256654e-04 4.35986939e-03 3.74350717e-04
 1.31326616e-01 7.58335061e-02 8.48271842e+00 1.44047186e-05
 1.08502581e-03 4.07448823e-04 2.21430907e+01 5.33653527e+00
 8.50230308e+00 1.44047186e-05 1.08502581e-03 4.07448823e-04
 6.71002742e+01 1.61713188e+01 8.51798816e+00 1.44047186e-05
 1.08502581e-03 4.07448823e-04 2.06517692e+00 5.47343244e+00
 8.49924389e+00 3.32000558e-04 9.26105304e-04 1.65035510e-03
 6.25811181e+00 1.65861588e+01 8.51492897e+00 3.32000558e-04
 9.26105304e-04 1.65035510e-03 4.85995910e+00 3.02330916e-01
 8.45755184e+00 1.56249556e-08 5.00000003e-02 1.72062902e-03
 3.16308701e+00 1.05244763e+00 8.45170016e+00 1.44047186e-05
 1.08502581e-03 4.07448823e-04 2.35443981e+01 7.28432823e+01
 8.79048772e+00 8.34364808e-04 1.22062521e-02 4.09822520e-03
 1.68323693e+02 7.22641341e+01 8.78886158e+00 8.40494983e-04
 4.00050685e-03 4.15757819e-03 5.08918374e+01 2.47702221e+00
 8.78874097e+00 8.46903202e-05 1.68999995e-03 2.24700482e-06
 8.85913565e-02 5.40716694e-02 8.78847203e+00 8.46903202e-05
 1.68999995e-03 2.24700482e-06 2.65774069e-01 1.62215008e-01
 8.79386697e+00 8.46903202e-05 1.68999995e-03 2.24700482e-06
 3.57783803e-01 1.37602429e-01 8.81386361e+00 8.46903202e-05
 1.68999995e-03 2.24700482e-06 3.57783803e-01 1.37602429e-01
 8.81600175e+00 8.46903202e-05 1.68999995e-03 2.24700482e-06]
['Hb_br_1_scale' 'Hb_br_1_centerwave' 'Hb_br_1_sigma' 'Hb_br_2_scale'
 'Hb_br_2_centerwave' 'Hb_br_2_sigma' 'Hb_na_1_scale' 'Hb_na_1_centerwave'
 'Hb_na_1_sigma' 'OIII4959c_1_scale' 'OIII4959c_1_centerwave'
 'OIII4959c_1_sigma' 'OIII5007c_1_scale' 'OIII5007c_1_centerwave'
 'OIII5007c_1_sigma' 'OIII4959w_1_scale' 'OIII4959w_1_centerwave'
 'OIII4959w_1_sigma' 'OIII5007w_1_scale' 'OIII5007w_1_centerwave'
 'OIII5007w_1_sigma' 'HeII4687_br_1_scale' 'HeII4687_br_1_centerwave'
 'HeII4687_br_1_sigma' 'HeII4687_na_1_scale' 'HeII4687_na_1_centerwave'
 'HeII4687_na_1_sigma' 'Ha_br_1_scale' 'Ha_br_1_centerwave'
 'Ha_br_1_sigma' 'Ha_br_2_scale' 'Ha_br_2_centerwave' 'Ha_br_2_sigma'
 'Ha_na_1_scale' 'Ha_na_1_centerwave' 'Ha_na_1_sigma' 'NII6549_1_scale'
 'NII6549_1_centerwave' 'NII6549_1_sigma' 'NII6585_1_scale'
 'NII6585_1_centerwave' 'NII6585_1_sigma' 'SII6718_1_scale'
 'SII6718_1_centerwave' 'SII6718_1_sigma' 'SII6732_1_scale'
 'SII6732_1_centerwave' 'SII6732_1_sigma']

[[5.43032252e+01 8.48931773e+00 4.00000019e-03 ... 1.53776436e-01
  8.81607556e+00 1.68999995e-03]
 [3.43289436e+01 8.48915625e+00 4.42738466e-03 ... 3.81963905e-01
  8.81605298e+00 1.68999995e-03]
 [3.45147150e+01 8.48917690e+00 4.39888362e-03 ... 3.62046504e-01
  8.81593428e+00 1.68977442e-03]
 ...
 [3.46272272e+01 8.48913801e+00 4.37811542e-03 ... 1.49427137e-01
  8.81605286e+00 1.68999995e-03]
 [3.42098283e+01 8.48924284e+00 4.42081730e-03 ... 3.64385189e-01
  8.81589121e+00 1.66620443e-03]
 [3.42009804e+01 8.48920468e+00 4.41784354e-03 ... 8.24451618e-03
  8.81103753e+00 1.68999900e-03]]
(50, 48)
['1_complex_name' '1_line_status' '1_line_min_chi2' '1_line_bic'
 '1_line_red_chi2' '1_niter' '1_ndof' '2_complex_name' '2_line_status'
 '2_line_min_chi2' '2_line_bic' '2_line_red_chi2' '2_niter' '2_ndof'
 'Hb_br_1_scale' 'Hb_br_1_scale_err' 'Hb_br_1_centerwave'
 'Hb_br_1_centerwave_err' 'Hb_br_1_sigma' 'Hb_br_1_sigma_err'
 'Hb_br_2_scale' 'Hb_br_2_scale_err' 'Hb_br_2_centerwave'
 'Hb_br_2_centerwave_err' 'Hb_br_2_sigma' 'Hb_br_2_sigma_err'
 'Hb_na_1_scale' 'Hb_na_1_scale_err' 'Hb_na_1_centerwave'
 'Hb_na_1_centerwave_err' 'Hb_na_1_sigma' 'Hb_na_1_sigma_err'
 'OIII4959c_1_scale' 'OIII4959c_1_scale_err' 'OIII4959c_1_centerwave'
 'OIII4959c_1_centerwave_err' 'OIII4959c_1_sigma' 'OIII4959c_1_sigma_err'
 'OIII5007c_1_scale' 'OIII5007c_1_scale_err' 'OIII5007c_1_centerwave'
 'OIII5007c_1_centerwave_err' 'OIII5007c_1_sigma' 'OIII5007c_1_sigma_err'
 'OIII4959w_1_scale' 'OIII4959w_1_scale_err' 'OIII4959w_1_centerwave'
 'OIII4959w_1_centerwave_err' 'OIII4959w_1_sigma' 'OIII4959w_1_sigma_err'
 'OIII5007w_1_scale' 'OIII5007w_1_scale_err' 'OIII5007w_1_centerwave'
 'OIII5007w_1_centerwave_err' 'OIII5007w_1_sigma' 'OIII5007w_1_sigma_err'
 'HeII4687_br_1_scale' 'HeII4687_br_1_scale_err'
 'HeII4687_br_1_centerwave' 'HeII4687_br_1_centerwave_err'
 'HeII4687_br_1_sigma' 'HeII4687_br_1_sigma_err' 'HeII4687_na_1_scale'
 'HeII4687_na_1_scale_err' 'HeII4687_na_1_centerwave'
 'HeII4687_na_1_centerwave_err' 'HeII4687_na_1_sigma'
 'HeII4687_na_1_sigma_err' 'Ha_br_1_scale' 'Ha_br_1_scale_err'
 'Ha_br_1_centerwave' 'Ha_br_1_centerwave_err' 'Ha_br_1_sigma'
 'Ha_br_1_sigma_err' 'Ha_br_2_scale' 'Ha_br_2_scale_err'
 'Ha_br_2_centerwave' 'Ha_br_2_centerwave_err' 'Ha_br_2_sigma'
 'Ha_br_2_sigma_err' 'Ha_na_1_scale' 'Ha_na_1_scale_err'
 'Ha_na_1_centerwave' 'Ha_na_1_centerwave_err' 'Ha_na_1_sigma'
 'Ha_na_1_sigma_err' 'NII6549_1_scale' 'NII6549_1_scale_err'
 'NII6549_1_centerwave' 'NII6549_1_centerwave_err' 'NII6549_1_sigma'
 'NII6549_1_sigma_err' 'NII6585_1_scale' 'NII6585_1_scale_err'
 'NII6585_1_centerwave' 'NII6585_1_centerwave_err' 'NII6585_1_sigma'
 'NII6585_1_sigma_err' 'SII6718_1_scale' 'SII6718_1_scale_err'
 'SII6718_1_centerwave' 'SII6718_1_centerwave_err' 'SII6718_1_sigma'
 'SII6718_1_sigma_err' 'SII6732_1_scale' 'SII6732_1_scale_err'
 'SII6732_1_centerwave' 'SII6732_1_centerwave_err' 'SII6732_1_sigma'
 'SII6732_1_sigma_err' 'Hb_whole_br_fwhm' 'Hb_whole_br_fwhm_err'
 'Hb_whole_br_sigma' 'Hb_whole_br_sigma_err' 'Hb_whole_br_ew'
 'Hb_whole_br_ew_err' 'Hb_whole_br_peak' 'Hb_whole_br_peak_err'
 'Hb_whole_br_area' 'Hb_whole_br_area_err' 'Hb_whole_br_snr'
 'Hb_whole_br_snr_err' 'Ha_whole_br_fwhm' 'Ha_whole_br_fwhm_err'
 'Ha_whole_br_sigma' 'Ha_whole_br_sigma_err' 'Ha_whole_br_ew'
 'Ha_whole_br_ew_err' 'Ha_whole_br_peak' 'Ha_whole_br_peak_err'
 'Ha_whole_br_area' 'Ha_whole_br_area_err' 'Ha_whole_br_snr'
 'Ha_whole_br_snr_err']

['Hb' '1' '8069.998109837208' '1323.972732326198' '20.534346335463635'
 '1565' '393' 'Ha' '1' '1183.8615381784962' '457.49060913183837'
 '4.679294617306309' '506' '253' '34.403990767373216' '6.595351642602051'
 '8.489232820157074' '8.015149638307406e-05' '0.004360947329882967'
 '0.00021249148519558725' '34.404012416722196' '6.485025794145113'
 '8.489231701076312' '0.00015825665370172715' '0.004359869391375337'
 '0.00037435071726027664' '0.13132661624837283' '0.07583350614126516'
 '8.482718419890945' '1.4404718630345315e-05' '0.0010850258131835135'
 '0.0004074488226361649' '22.143090694370926' '5.336535269240272'
 '8.502303075652664' '1.4404718630345315e-05' '0.0010850258131835135'
 '0.0004074488226361649' '67.10027419150896' '16.171318843476076'
 '8.517988157134598' '1.4404718630345315e-05' '0.0010850258131835135'
 '0.0004074488226361649' '2.0651769183643864' '5.473432440616932'
 '8.499243885672492' '0.00033200055765458814' '0.0009261053037942472'
 '0.001650355098369516' '6.258111814149468' '16.586158752782463'
 '8.514928967154425' '0.00033200055765458814' '0.0009261053037942472'
 '0.001650355098369516' '4.859959101821687' '0.3023309158578513'
 '8.45755184158864' '1.5624955551629682e-08' '0.0500000002616625'
 '0.0017206290233794073' '3.1630870145349377' '1.052447629046327'
 '8.451700162749832' '1.4404718630345315e-05' '0.0010850258131835135'
 '0.0004074488226361649' '23.54439809781894' '72.84328232826098'
 '8.790487715391972' '0.000834364807635879' '0.012206252143020338'
 '0.004098225199972059' '168.32369276187364' '72.2641341321939'
 '8.788861578514062' '0.0008404949832279129' '0.004000506852612849'
 '0.0041575781905821615' '50.89183741091574' '2.477022209568247'
 '8.788740970506364' '8.469032022340173e-05' '0.0016899999463930726'
 '2.2470048156057396e-06' '0.08859135647298899' '0.05407166936421959'
 '8.788472034349137' '8.469032022340173e-05' '0.0016899999463930726'
 '2.2470048156057396e-06' '0.265774069418967' '0.16221500809265876'
 '8.793866969957048' '8.469032022340173e-05' '0.0016899999463930726'
 '2.2470048156057396e-06' '0.3577838025847768' '0.13760242945082268'
 '8.813863613023454' '8.469032022340173e-05' '0.0016899999463930726'
 '2.2470048156057396e-06' '0.3577838025847768' '0.13760242945082268'
 '8.816001750840837' '8.469032022340173e-05' '0.0016899999463930726'
 '2.2470048156057396e-06' '3225.148789329851' '30.144687158674742'
 '10488.751561169913' '470.4061561276367' '145.32423001132062'
 '4.621234065657774' '4862.258016589118' '0.29375073837718446'
 '6521.615568942645' '168.63183359456843' '28.3471881856423'
 '2.489804712152262' '3069.9702176513606' '4.193817018369145'
 '2235.0112908347555' '16.026066934364053' '596.6712758817846'
 '3.1591301041601128' '6561.575362490467' '0.5387664610607317'
 '15795.552769102636' '84.17650293943552' '154.59826934327896'
 '2.6736796301713497']
Broad Hb:
FWHM (km/s) 3095.8
Sigma (km/s) 1297.0
EW (A) 83.5
Peak (A) 4862.1
Area (10^(-17) erg/s/cm^2) 3646.8
SNR 21.1

Narrow Hb:
FWHM (km/s) 768.7
Sigma (km/s) 320.5
EW (A) 0.0
Peak (A) 4830.0
Area (10^(-17) erg/s/cm^2) 1.7
SNR 0.0

Broad [OIII]5007:
FWHM (km/s) 0
Sigma (km/s) 0
EW (A) 0
Peak (A) 0
Area (10^(-17) erg/s/cm^2) 0
SNR 0

Narrow [OIII]5007:
FWHM (km/s) 768.7
Sigma (km/s) 320.5
EW (A) 22.1
Peak (A) 5003.4
Area (10^(-17) erg/s/cm^2) 910.6
SNR 15.5
