patched GLEAM doublet ties
WARNING: AstropyDeprecationWarning: The truth value of a Quantity is ambiguous. In the future this will raise a ValueError. [astropy.units.quantity]
Now working in  on sdss in sdss + fiber1 on source 1 at z=0.314.
Warning: non-constant dispersion
[[Model]]
    (Model(constant) + Model(gaussian, prefix='g0_'))
[[Fit Statistics]]
    # fitting method   = leastsq
    # function evals   = 36
    # data points      = 163
    # variables        = 4
    chi-square         = 213.463062
    reduced chi-square = 1.34253498
    Akaike info crit   = 51.9633179
    Bayesian info crit = 64.3383188
    R-squared          = 0.58259675
[[Variables]]
    c:             1139.13816 +/- 3.78583624 (0.33%) (init = 1150.572)
    g0_amplitude:  2024.08085 +/- 169.536711 (8.38%) (init = 1889.9)
    g0_center:     3726.64627 +/- 0.24709149 (0.01%) (init = 3728.48)
    g0_sigma:      2.69664601 +/- 0.25173673 (9.34%) (init = 2.586393)
    g0_fwhm:       6.35011596 +/- 0.59279469 (9.34%) == '2.3548200*g0_sigma'
    g0_height:     299.442888 +/- 23.9105394 (7.99%) == '0.3989423*g0_amplitude/max(1e-15, g0_sigma)'
[[Correlations]] (unreported correlations are < 0.100)
    C(g0_amplitude, g0_sigma) = +0.5982
    C(c, g0_amplitude)        = -0.3202
    C(c, g0_sigma)            = -0.1915
Warning: non-constant dispersion
Warning: non-constant dispersion
[[Model]]
    ((Model(constant) + Model(gaussian, prefix='g0_')) + Model(gaussian, prefix='g1_'))
[[Fit Statistics]]
    # fitting method   = leastsq
    # function evals   = 16000
    # data points      = 125
    # variables        = 7
    chi-square         = 70.7218959
    reduced chi-square = 0.59933810
    Akaike info crit   = -57.1948139
    Bayesian info crit = -37.3966177
    R-squared          = 0.98442416
##  Warning: uncertainties could not be estimated:
    g0_center:     at boundary
    g1_center:     at boundary
[[Variables]]
    c:             158.890468 (init = 295.1249)
    g0_amplitude:  5577.09864 (init = 1245.067)
    g0_center:     4859.68001 (init = 4862.68)
    g0_sigma:      14.7164617 (init = 2.586393)
    g1_amplitude:  23988.8510 (init = 1245.067)
    g1_center:     4865.68000 (init = 4862.68)
    g1_sigma:      63.5417268 (init = 2.586393)
    g0_fwhm:       34.6546184 == '2.3548200*g0_sigma'
    g0_height:     151.187194 == '0.3989423*g0_amplitude/max(1e-15, g0_sigma)'
    g1_fwhm:       149.629329 == '2.3548200*g1_sigma'
    g1_height:     150.612328 == '0.3989423*g1_amplitude/max(1e-15, g1_sigma)'
NonDetection when fitting set of lines [4862.68 4862.68] Angstrom, try a simpler model
[[Model]]
    (Model(constant) + Model(gaussian, prefix='g0_'))
[[Fit Statistics]]
    # fitting method   = leastsq
    # function evals   = 46
    # data points      = 125
    # variables        = 4
    chi-square         = 133.097873
    reduced chi-square = 1.09998242
    Akaike info crit   = 15.8463758
    Bayesian info crit = 27.1596308
    R-squared          = 0.97068643
[[Variables]]
    c:             258.147497 +/- 2.01841246 (0.78%) (init = 295.1249)
    g0_amplitude:  9166.68384 +/- 238.224799 (2.60%) (init = 1245.067)
    g0_center:     4860.48051 +/- 0.30335918 (0.01%) (init = 4862.68)
    g0_sigma:      18.7264550 +/- 0.40744665 (2.18%) (init = 2.586393)
    g0_fwhm:       44.0974307 +/- 0.95946351 (2.18%) == '2.3548200*g0_sigma'
    g0_height:     195.284048 +/- 3.09283476 (1.58%) == '0.3989423*g0_amplitude/max(1e-15, g0_sigma)'
[[Correlations]] (unreported correlations are < 0.100)
    C(c, g0_amplitude)        = -0.8418
    C(g0_amplitude, g0_sigma) = +0.7940
    C(c, g0_sigma)            = -0.6676
Warning: non-constant dispersion
Warning: non-constant dispersion
Warning: non-constant dispersion
Warning: non-constant dispersion
[[Model]]
    ((Model(constant) + Model(gaussian, prefix='g0_')) + Model(gaussian, prefix='g1_'))
[[Fit Statistics]]
    # fitting method   = leastsq
    # function evals   = 150
    # data points      = 164
    # variables        = 6
    chi-square         = 817.960309
    reduced chi-square = 5.17696398
    Akaike info crit   = 275.539371
    Bayesian info crit = 294.138570
    R-squared          = 0.67250198
[[Variables]]
    c:             387.621806 +/- 3.57820583 (0.92%) (init = 401.2793)
    g0_amplitude:  1081.93379 +/- 76.6920448 (7.09%) == 'g1_amplitude / 3.0'
    g0_center:     4957.30000 +/- 3.34098542 (0.07%) (init = 4960.3)
    g0_sigma:      5.35614633 +/- 1.11495756 (20.82%) (init = 2.586393)
    g1_amplitude:  3245.80137 +/- 230.076135 (7.09%) (init = 2056.762)
    g1_center:     5005.24000 +/- 0.08029831 (0.00%) (init = 5008.24)
    g1_sigma:      4.50181120 +/- 0.35190774 (7.82%) (init = 2.586393)
    g0_fwhm:       12.6127605 +/- 2.62552436 (20.82%) == '2.3548200*g0_sigma'
    g0_height:     80.5857659 +/- 16.4478717 (20.41%) == '0.3989423*g0_amplitude/max(1e-15, g0_sigma)'
    g1_fwhm:       10.6009551 +/- 0.82867939 (7.82%) == '2.3548200*g1_sigma'
    g1_height:     287.636999 +/- 19.1566772 (6.66%) == '0.3989423*g1_amplitude/max(1e-15, g1_sigma)'
[[Correlations]] (unreported correlations are < 0.100)
    C(g1_amplitude, g1_sigma) = +0.6045
    C(c, g1_amplitude)        = -0.4547
    C(c, g1_sigma)            = -0.2749
    C(g0_sigma, g1_amplitude) = +0.2270
    C(g0_sigma, g1_sigma)     = +0.1372
    C(c, g0_sigma)            = -0.1032
Warning: non-constant dispersion
Warning: non-constant dispersion
[[Model]]
    (((Model(constant) + Model(gaussian, prefix='g0_')) + Model(gaussian, prefix='g1_')) + Model(gaussian, prefix='g2_'))
[[Fit Statistics]]
    # fitting method   = leastsq
    # function evals   = 2939
    # data points      = 107
    # variables        = 10
    chi-square         = 701.260600
    reduced chi-square = 7.22949072
    Akaike info crit   = 221.165429
    Bayesian info crit = 247.893717
    R-squared          = 0.98636661
##  Warning: uncertainties could not be estimated:
    g0_center:     at boundary
[[Variables]]
    c:             62.6704741 (init = 97.90842)
    g0_amplitude: -871941.610 (init = 1211.911)
    g0_center:     6567.60000 (init = 6564.6)
    g0_sigma:      20.4966412 (init = 2.586393)
    g1_amplitude:  882401.833 (init = 1211.911)
    g1_center:     6567.52739 (init = 6564.6)
    g1_sigma:      20.5204767 (init = 2.586393)
    g2_amplitude:  189.379365 (init = 1211.911)
    g2_center:     6582.93014 (init = 6585.27)
    g2_sigma:      2.66200919 (init = 2.586393)
    g0_fwhm:       48.2659006 == '2.3548200*g0_sigma'
    g0_height:    -16971.2875 == '0.3989423*g0_amplitude/max(1e-15, g0_sigma)'
    g1_fwhm:       48.3220290 == '2.3548200*g1_sigma'
    g1_height:     17154.9336 == '0.3989423*g1_amplitude/max(1e-15, g1_sigma)'
    g2_fwhm:       6.26855248 == '2.3548200*g2_sigma'
    g2_height:     28.3813594 == '0.3989423*g2_amplitude/max(1e-15, g2_sigma)'
NonDetection when fitting set of lines [6564.6  6564.6  6585.27] Angstrom, try a simpler model
[[Model]]
    ((Model(constant) + Model(gaussian, prefix='g0_')) + Model(gaussian, prefix='g1_'))
[[Fit Statistics]]
    # fitting method   = leastsq
    # function evals   = 1552
    # data points      = 107
    # variables        = 7
    chi-square         = 705.439494
    reduced chi-square = 7.05439494
    Akaike info crit   = 215.801162
    Bayesian info crit = 234.510964
    R-squared          = 0.98628537
##  Warning: uncertainties could not be estimated:
    g0_center:     at boundary
    g1_center:     at boundary
[[Variables]]
    c:             44.6070994 (init = 97.90842)
    g0_amplitude:  7376.49547 (init = 1211.911)
    g0_center:     6561.60000 (init = 6564.6)
    g0_sigma:      18.8076967 (init = 2.586393)
    g1_amplitude:  6742.66590 (init = 1211.911)
    g1_center:     6561.60000 (init = 6564.6)
    g1_sigma:      44.5676266 (init = 2.586393)
    g0_fwhm:       44.2887402 == '2.3548200*g0_sigma'
    g0_height:     156.467649 == '0.3989423*g0_amplitude/max(1e-15, g0_sigma)'
    g1_fwhm:       104.948739 == '2.3548200*g1_sigma'
    g1_height:     60.3562461 == '0.3989423*g1_amplitude/max(1e-15, g1_sigma)'
NonDetection when fitting set of lines [6564.6 6564.6] Angstrom, try a simpler model
[[Model]]
    ((Model(constant) + Model(gaussian, prefix='g0_')) + Model(gaussian, prefix='g1_'))
[[Fit Statistics]]
    # fitting method   = leastsq
    # function evals   = 249
    # data points      = 107
    # variables        = 7
    chi-square         = 860.821579
    reduced chi-square = 8.60821579
    Akaike info crit   = 237.101251
    Bayesian info crit = 255.811053
    R-squared          = 0.98326454
[[Variables]]
    c:             61.5203410 +/- 2.73122030 (4.44%) (init = 97.90842)
    g0_amplitude:  10842.3638 +/- 14400.5525 (132.82%) (init = 1211.911)
    g0_center:     6561.60000 +/- 23.6893638 (0.36%) (init = 6564.6)
    g0_sigma:      22.0407414 +/- 4.66745655 (21.18%) (init = 2.586393)
    g1_amplitude: -1.60241712 +/- 14392.7357 (898189.09%) (init = 1211.911)
    g1_center:     6587.58817 +/- 103442.012 (1570.26%) (init = 6585.27)
    g1_sigma:      21.2872709 +/- 23692.6450 (111299.59%) (init = 2.586393)
    g0_fwhm:       51.9019787 +/- 10.9910200 (21.18%) == '2.3548200*g0_sigma'
    g0_height:     196.249185 +/- 220.660073 (112.44%) == '0.3989423*g0_amplitude/max(1e-15, g0_sigma)'
    g1_fwhm:       50.1276912 +/- 55791.9144 (111299.59%) == '2.3548200*g1_sigma'
    g1_height:    -0.03003072 +/- 238.079802 (792787.65%) == '0.3989423*g1_amplitude/max(1e-15, g1_sigma)'
[[Correlations]] (unreported correlations are < 0.100)
    C(g0_amplitude, g1_amplitude) = -0.9996
    C(g0_amplitude, g0_center)    = -0.9988
    C(g1_amplitude, g1_center)    = +0.9979
    C(g0_center, g1_amplitude)    = +0.9978
    C(g0_amplitude, g1_center)    = -0.9966
    C(g0_center, g1_center)       = +0.9922
    C(g0_center, g0_sigma)        = -0.9766
    C(g0_amplitude, g0_sigma)     = +0.9682
    C(g1_center, g1_sigma)        = -0.9674
    C(g0_sigma, g1_amplitude)     = -0.9621
    C(g1_amplitude, g1_sigma)     = -0.9534
    C(g0_amplitude, g1_sigma)     = +0.9461
    C(g0_sigma, g1_center)        = -0.9451
    C(g0_center, g1_sigma)        = -0.9322
    C(g0_sigma, g1_sigma)         = +0.8401
    C(c, g1_sigma)                = +0.2200
    C(c, g0_sigma)                = -0.2062
NonDetection when fitting set of lines [6564.6  6585.27] Angstrom, try a simpler model
[[Model]]
    ((Model(constant) + Model(gaussian, prefix='g0_')) + Model(gaussian, prefix='g1_'))
[[Fit Statistics]]
    # fitting method   = leastsq
    # function evals   = 249
    # data points      = 107
    # variables        = 7
    chi-square         = 860.821579
    reduced chi-square = 8.60821579
    Akaike info crit   = 237.101251
    Bayesian info crit = 255.811053
    R-squared          = 0.98326454
[[Variables]]
    c:             61.5203410 +/- 2.73122030 (4.44%) (init = 97.90842)
    g0_amplitude:  10842.3638 +/- 14400.5525 (132.82%) (init = 1211.911)
    g0_center:     6561.60000 +/- 23.6893638 (0.36%) (init = 6564.6)
    g0_sigma:      22.0407414 +/- 4.66745655 (21.18%) (init = 2.586393)
    g1_amplitude: -1.60241712 +/- 14392.7357 (898189.09%) (init = 1211.911)
    g1_center:     6587.58817 +/- 103442.012 (1570.26%) (init = 6585.27)
    g1_sigma:      21.2872709 +/- 23692.6450 (111299.59%) (init = 2.586393)
    g0_fwhm:       51.9019787 +/- 10.9910200 (21.18%) == '2.3548200*g0_sigma'
    g0_height:     196.249185 +/- 220.660073 (112.44%) == '0.3989423*g0_amplitude/max(1e-15, g0_sigma)'
    g1_fwhm:       50.1276912 +/- 55791.9144 (111299.59%) == '2.3548200*g1_sigma'
    g1_height:    -0.03003072 +/- 238.079802 (792787.65%) == '0.3989423*g1_amplitude/max(1e-15, g1_sigma)'
[[Correlations]] (unreported correlations are < 0.100)
    C(g0_amplitude, g1_amplitude) = -0.9996
    C(g0_amplitude, g0_center)    = -0.9988
    C(g1_amplitude, g1_center)    = +0.9979
    C(g0_center, g1_amplitude)    = +0.9978
    C(g0_amplitude, g1_center)    = -0.9966
    C(g0_center, g1_center)       = +0.9922
    C(g0_center, g0_sigma)        = -0.9766
    C(g0_amplitude, g0_sigma)     = +0.9682
    C(g1_center, g1_sigma)        = -0.9674
    C(g0_sigma, g1_amplitude)     = -0.9621
    C(g1_amplitude, g1_sigma)     = -0.9534
    C(g0_amplitude, g1_sigma)     = +0.9461
    C(g0_sigma, g1_center)        = -0.9451
    C(g0_center, g1_sigma)        = -0.9322
    C(g0_sigma, g1_sigma)         = +0.8401
    C(c, g1_sigma)                = +0.2200
    C(c, g0_sigma)                = -0.2062
NonDetection when fitting set of lines [6564.6  6585.27] Angstrom, try a simpler model
[[Model]]
    (Model(constant) + Model(gaussian, prefix='g0_'))
[[Fit Statistics]]
    # fitting method   = leastsq
    # function evals   = 63
    # data points      = 107
    # variables        = 4
    chi-square         = 860.822430
    reduced chi-square = 8.35749932
    Akaike info crit   = 231.101357
    Bayesian info crit = 241.792672
    R-squared          = 0.98326453
[[Variables]]
    c:             61.5193476 +/- 1.66524506 (2.71%) (init = 97.90842)
    g0_amplitude:  10840.9189 +/- 229.262911 (2.11%) (init = 1211.911)
    g0_center:     6561.60000 +/- 3.90452206 (0.06%) (init = 6564.6)
    g0_sigma:      22.0391656 +/- 0.38744114 (1.76%) (init = 2.586393)
    g0_fwhm:       51.8982679 +/- 0.91235415 (1.76%) == '2.3548200*g0_sigma'
    g0_height:     196.237063 +/- 2.52732815 (1.29%) == '0.3989423*g0_amplitude/max(1e-15, g0_sigma)'
[[Correlations]] (unreported correlations are < 0.100)
    C(c, g0_amplitude)        = -0.8443
    C(g0_amplitude, g0_sigma) = +0.7940
    C(c, g0_sigma)            = -0.6675
Warning: non-constant dispersion
Warning: non-constant dispersion
Warning: non-constant dispersion
Warning: non-constant dispersion
Warning: non-constant dispersion
Warning: non-constant dispersion
[[Model]]
    ((Model(constant) + Model(gaussian, prefix='g0_')) + Model(gaussian, prefix='g1_'))
[[Fit Statistics]]
    # fitting method   = leastsq
    # function evals   = 161
    # data points      = 100
    # variables        = 7
    chi-square         = 128.690609
    reduced chi-square = 1.38376999
    Akaike info crit   = 39.2240957
    Bayesian info crit = 57.4602870
    R-squared          = 0.29402861
[[Variables]]
    c:             752.930140 +/- 6.82368438 (0.91%) (init = 771.2581)
    g0_amplitude:  1496.62433 +/- 347.450493 (23.22%) (init = 1001.471)
    g0_center:     6715.37657 +/- 0.85996074 (0.01%) (init = 6718.29)
    g0_sigma:      3.42200917 +/- 0.89015416 (26.01%) (init = 2.586393)
    g1_amplitude:  879.598076 +/- 321.460489 (36.55%) (init = 1001.471)
    g1_center:     6729.94105 +/- 1.18706824 (0.02%) (init = 6732.67)
    g1_sigma:      2.97179910 +/- 1.22169761 (41.11%) (init = 2.586393)
    g0_fwhm:       8.05821564 +/- 2.09615282 (26.01%) == '2.3548200*g0_sigma'
    g0_height:     174.478420 +/- 38.3043385 (21.95%) == '0.3989423*g0_amplitude/max(1e-15, g0_sigma)'
    g1_fwhm:       6.99805195 +/- 2.87687796 (41.11%) == '2.3548200*g1_sigma'
    g1_height:     118.079610 +/- 41.0306767 (34.75%) == '0.3989423*g1_amplitude/max(1e-15, g1_sigma)'
[[Correlations]] (unreported correlations are < 0.100)
    C(g0_amplitude, g0_sigma) = +0.6074
    C(g1_amplitude, g1_sigma) = +0.6051
    C(c, g0_amplitude)        = -0.3297
    C(c, g1_amplitude)        = -0.3045
    C(c, g0_sigma)            = -0.1730
    C(g0_sigma, g1_sigma)     = -0.1597
    C(c, g1_sigma)            = -0.1572
    C(g0_sigma, g1_center)    = +0.1180
    C(g0_center, g1_sigma)    = -0.1062
Warning: non-constant dispersion
Matplotlib Version: 3.7.5
total 2756
-rw-r--r-- 1 root root 468112 Sep 29 11:03 linefits.sdss.sdss.fiber1.001.Ha.Ha_broad.NII1.png
-rw-r--r-- 1 root root 461956 Sep 29 11:02 linefits.sdss.sdss.fiber1.001.Hb.Hb_broad.png
-rw-r--r-- 1 root root 457263 Sep 29 11:02 linefits.sdss.sdss.fiber1.001.OII.png
-rw-r--r-- 1 root root 453440 Sep 29 11:03 linefits.sdss.sdss.fiber1.001.OIII4.OIII5.png
-rw-r--r-- 1 root root 462281 Sep 29 11:04 linefits.sdss.sdss.fiber1.001.SII1.SII2.png
-rw-r--r-- 1 root root  20160 Sep 29 11:04 linefits.sdss.sdss.fiber1.001.fits
-rw-r--r-- 1 root root 490234 Sep 29 11:04 linefits.sdss.sdss.fiber1.001.png
total 12K
-rw-r--r-- 1 root root 1.2K Sep 21 02:20 =5.2
drwxr-xr-x 1 root root 4.0K Sep 29 11:00 input
drwxrwxr-x 2 1000 1000 4.0K Sep 29 11:04 output
-rw-r--r-- 1 root root 1.2K Sep 21 02:20 /app/=5.2

/app/input:
total 128K
-rw-rw-r-- 1 1000 1000  12K Aug 28 20:16 Sky_bands.fits
-rw-rw-r-- 1 1000 1000 1.3K Sep 29 07:43 gleam.sh
-rw-rw-r-- 1 1000 1000 2.6K Sep 29 07:43 gleam_doublet_patch.py
-rw-rw-r-- 1 1000 1000 2.5K Sep 29 07:43 gleamconfig.yaml
-rw-rw-r-- 1 1000 1000 8.5K Sep 27 12:39 line_table.fits
-rw-rw-r-- 1 1000 1000  115 Sep 29 10:45 meta.dat
-rw-rw-r-- 1 1000 1000  85K Sep 29 10:45 spec1d.sdss.sdss.fiber1.1.fits

/app/output:
total 2.7M
-rw-r--r-- 1 root root 458K Sep 29 11:03 linefits.sdss.sdss.fiber1.001.Ha.Ha_broad.NII1.png
-rw-r--r-- 1 root root 452K Sep 29 11:02 linefits.sdss.sdss.fiber1.001.Hb.Hb_broad.png
-rw-r--r-- 1 root root 447K Sep 29 11:02 linefits.sdss.sdss.fiber1.001.OII.png
-rw-r--r-- 1 root root 443K Sep 29 11:03 linefits.sdss.sdss.fiber1.001.OIII4.OIII5.png
-rw-r--r-- 1 root root 452K Sep 29 11:04 linefits.sdss.sdss.fiber1.001.SII1.SII2.png
-rw-r--r-- 1 root root  20K Sep 29 11:04 linefits.sdss.sdss.fiber1.001.fits
-rw-r--r-- 1 root root 479K Sep 29 11:04 linefits.sdss.sdss.fiber1.001.png
