<IPython.core.display.HTML object>
/app/BADASS3/example_spectra/2-onur
/app/BADASS3/example_spectra/2-onur/my_sdss.fits
0.31352314352989197
Start process memory: 0.22351462                    
 Folder has not been created.  Creating MCMC_output folder...

 > Starting fit for 2-onur

 Input fitting region exceeds available wavelength range.  BADASS will adjust your fitting range automatically...
		- Input fitting range: (2900, 8000)
		- Available wavelength range: (2715, 7917)
		- New fitting region is (2900, 7918). 


 Input spectrum is not linearly binned. BADASS will linearly rebin and conserve flux...


-----------------------------------------------------------
 file:                        my_sdss.fits                  
 redshift:                    0.31352                       
 fitting region:              (2900,7918) [A]               
 velocity scale:              69.03 [km/s/pixel]            
 Galactic E(B-V):             0.000                         
 Flux Normalization:          1e-17                         
 Fit Normalization:           89.15874                      
-----------------------------------------------------------

 Initializing parameters...
----------------------------------------------------------------------------------------------------
	- Fitting a SSP host-galaxy template.
	- Fitting additive legendre polynomial component.
	- Fitting Simple AGN power-law continuum.
	- Fitting broad and narrow optical FeII using Veron-Cetty et al. (2004) optical FeII templates
	 		* varying optical FeII amplitudes
	 		* varying optical FeII dispersion.
	 		* varying optical FeII voff

 Warning! Peak finding algorithm used for initial guesses of amplitude and velocity failed! Defaulting to user-defined locations...

 Warning! Peak finding algorithm used for initial guesses of amplitude and velocity failed! Defaulting to user-defined locations...

----------------------------------------------------------------------------------------------------------------------------------------

----------------------------------------------------------------------------------------------------------------------------------------

 Line List:

----------------------------------------------------------------------------------------------------------------------------------------
BR_H_ALPHA                                                                                
                              amp                           free                          
                              center                        6564.6                        
                              center_pix                    3548.6868550016816            
                              disp                          free                          
                              disp_res_ang                  1.9398113407818751            
                              disp_res_kms                  88.58739449612679             
                              line_profile                  gaussian                      
                              line_type                     br                            
                              ncomp                         1                             
                              voff                          free                          
BR_H_BETA                                                                                 
                              amp                           free                          
                              center                        4862.691                      
                              center_pix                    2245.428122273908             
                              disp                          BR_H_ALPHA_DISP               
                              disp_res_ang                  1.9398113407818751            
                              disp_res_kms                  119.59238411597076            
                              line_profile                  gaussian                      
                              line_type                     br                            
                              ncomp                         1                             
                              voff                          BR_H_ALPHA_VOFF               
NA_H_ALPHA                                                                                
                              amp                           free                          
                              center                        6564.6                        
                              center_pix                    3548.6868550016816            
                              disp                          free                          
                              disp_res_ang                  1.9398113407818751            
                              disp_res_kms                  88.58739449612679             
                              label                         [H$\alpha$]                   
                              line_profile                  gaussian                      
                              line_type                     na                            
                              ncomp                         1                             
                              voff                          free                          
NA_H_BETA                                                                                 
                              amp                           free                          
                              center                        4862.691                      
                              center_pix                    2245.428122273908             
                              disp                          NA_H_ALPHA_DISP               
                              disp_res_ang                  1.9398113407818751            
                              disp_res_kms                  119.59238411597076            
                              label                         H$\beta$                      
                              line_profile                  gaussian                      
                              line_type                     na                            
                              ncomp                         1                             
                              voff                          NA_H_ALPHA_VOFF               
NA_NII_6549                                                                               
                              amp                           (NA_NII_6585_AMP/3.0)         
                              center                        6549.86                       
                              center_pix                    3538.924788841288             
                              disp                          NA_H_ALPHA_DISP               
                              disp_res_ang                  1.9398113407818751            
                              disp_res_kms                  88.7867542068493              
                              label                         [NII]                         
                              line_profile                  gaussian                      
                              line_type                     na                            
                              ncomp                         1                             
                              voff                          NA_H_ALPHA_VOFF               
NA_NII_6585                                                                               
                              amp                           free                          
                              center                        6585.27                       
                              center_pix                    3562.3394302824404            
                              disp                          NA_H_ALPHA_DISP               
                              disp_res_ang                  1.9398113407818751            
                              disp_res_kms                  88.30933430357054             
                              label                         [NII]                         
                              line_profile                  gaussian                      
                              line_type                     na                            
                              ncomp                         1                             
                              voff                          NA_H_ALPHA_VOFF               
NA_OII                                                                                    
                              amp                           free                          
                              center                        3727.09                       
                              center_pix                    1090.4109051842304            
                              disp                          free                          
                              disp_res_ang                  1.9398113407818751            
                              disp_res_kms                  156.03079343650782            
                              label                         [OII]                         
                              line_profile                  gaussian                      
                              line_type                     na                            
                              ncomp                         1                             
                              voff                          free                          
NA_OIII_a                                                                                 
                              amp                           (NA_OIII_b_AMP/2.98)          
                              center                        4960.295                      
                              center_pix                    2331.7326640910414            
                              disp                          NA_H_ALPHA_DISP               
                              disp_res_ang                  1.9398113407818751            
                              disp_res_kms                  117.23915813661766            
                              label                         [OIIIa]                       
                              line_profile                  gaussian                      
                              line_type                     na                            
                              ncomp                         1                             
                              voff                          NA_H_ALPHA_VOFF               
NA_OIII_b                                                                                 
                              amp                           free                          
                              center                        5008.24                       
                              center_pix                    2373.507091659783             
                              disp                          NA_H_ALPHA_DISP               
                              disp_res_ang                  1.9398113407818751            
                              disp_res_kms                  116.11680149299434            
                              label                         [OIIIb]                       
                              line_profile                  gaussian                      
                              line_type                     na                            
                              ncomp                         1                             
                              voff                          NA_H_ALPHA_VOFF               
NA_SII_6716                                                                               
                              amp                           free                          
                              center                        6718.29                       
                              center_pix                    3649.187230886307             
                              disp                          NA_H_ALPHA_DISP               
                              disp_res_ang                  1.9398113407818751            
                              disp_res_kms                  86.56083764012479             
                              label                         [SII]                         
                              line_profile                  gaussian                      
                              line_type                     na                            
                              ncomp                         1                             
                              voff                          NA_H_ALPHA_VOFF               
NA_SII_6731                                                                               
                              amp                           free                          
                              center                        6732.67                       
                              center_pix                    3658.4726280833074            
                              disp                          NA_H_ALPHA_DISP               
                              disp_res_ang                  1.9398113407818751            
                              disp_res_kms                  86.37595633073862             
                              label                         [SII]                         
                              line_profile                  gaussian                      
                              line_type                     na                            
                              ncomp                         1                             
                              voff                          NA_H_ALPHA_VOFF               

----------------------------------------------------------------------------------------------------------------------------------------

 Number of Free Line Parameters: 15

----------------------------------------------------------------------------------------------------------------------------------------

 All Free Parameters:

----------------------------------------------------------------------------------------------------------------------------------------
APOLY_COEFF_1                                                                             
                              init                          0.0                           
                              plim                          (-100.0, 100.0)               
APOLY_COEFF_2                                                                             
                              init                          0.0                           
                              plim                          (-100.0, 100.0)               
APOLY_COEFF_3                                                                             
                              init                          0.0                           
                              plim                          (-100.0, 100.0)               
BR_H_ALPHA_AMP                                                                            
                              init                          0.9488564870410666            
                              plim                          (0, 50)                       
BR_H_ALPHA_DISP                                                                           
                              init                          3300.0                        
                              plim                          (600, 6000)                   
BR_H_ALPHA_VOFF                                                                           
                              init                          0.0                           
                              plim                          (-1500, 1500)                 
                              prior                         {'type': 'gaussian'}          
BR_H_BETA_AMP                                                                             
                              init                          0.4519196319848149            
                              plim                          (0, 50)                       
BR_OPT_FEII_AMP                                                                           
                              init                          0.025974303504454677          
                              plim                          (0, 1.4999999754010191)       
BR_OPT_FEII_DISP                                                                          
                              init                          500.0                         
                              plim                          (500.0, 5000.0)               
BR_OPT_FEII_VOFF                                                                          
                              init                          0.0                           
                              plim                          (-500.0, 500.0)               
HOST_TEMP_DISP                                                                            
                              init                          100.0                         
                              plim                          (0.001, 500.0)                
HOST_TEMP_VEL                                                                             
                              init                          0.0                           
                              plim                          (-500.0, 500)                 
NA_H_ALPHA_AMP                                                                            
                              init                          0.9488564870410666            
                              plim                          (0, 50)                       
NA_H_ALPHA_DISP                                                                           
                              init                          1300.0                        
                              plim                          (100, 2500)                   
NA_H_ALPHA_VOFF                                                                           
                              init                          0.0                           
                              plim                          (-1000, 1000)                 
                              prior                         {'type': 'gaussian'}          
NA_H_BETA_AMP                                                                             
                              init                          0.4519196319848149            
                              plim                          (0, 50)                       
NA_NII_6585_AMP                                                                           
                              init                          0.6591143753135944            
                              plim                          (0, 50)                       
NA_OIII_b_AMP                                                                             
                              init                          0.3768112424119175            
                              plim                          (0, 50)                       
NA_OII_AMP                                                                                
                              init                          0.4042068651327095            
                              plim                          (0, 50)                       
NA_OII_DISP                                                                               
                              init                          1300.0                        
                              plim                          (100, 2500)                   
NA_OII_VOFF                                                                               
                              init                          0.0                           
                              plim                          (-1000, 1000)                 
                              prior                         {'type': 'gaussian'}          
NA_OPT_FEII_AMP                                                                           
                              init                          0.025974303504454677          
                              plim                          (0, 1.4999999754010191)       
NA_OPT_FEII_DISP                                                                          
                              init                          10.0                          
                              plim                          (0.1, 500.0)                  
NA_OPT_FEII_VOFF                                                                          
                              init                          0.0                           
                              plim                          (-500.0, 500.0)               
NA_SII_6716_AMP                                                                           
                              init                          0.19262650800951492           
                              plim                          (0, 50)                       
NA_SII_6731_AMP                                                                           
                              init                          0.18764408347727562           
                              plim                          (0, 50)                       
POWER_AMP                                                                                 
                              init                          0.12987151752227338           
                              plim                          (0, 1.4999999754010191)       
POWER_SLOPE                                                                               
                              init                          -1.0                          
                              plim                          (-6.0, 6.0)                   

----------------------------------------------------------------------------------------------------------------------------------------

 Total number of free parameters: 28

----------------------------------------------------------------------------------------------------------------------------------------

 Soft Constraints:


----------------------------------------------------------------------------------------------------------------------------------------

----------------------------------------------------------------------------------------------------------------------------------------

 Required Maximum Likelihood RMSE threshold: 0.4739 


 Performing max. likelihood fitting.

 Using Basin-hopping algorithm to estimate parameters. niter_success = 5
basinhopping step 0: f 3.09158
 Fit Status: False
 Force threshold: 0.4739
 Lowest RMSE: 0.1025
 Current RMSE: 0.1025
 Accepted count: 1
 Basinhop count: 0


adaptive stepsize: acceptance rate 0.000000 target 0.500000 new stepsize 0.9 old stepsize 1
basinhopping step 1: f 3.2245 trial_f 3.2245 accepted 1  lowest_f 3.09158
 Fit Status: False
 Force threshold: 0.4739
 Lowest RMSE: 0.1025
 Current RMSE: 0.1047
 Accepted count: 2
 Basinhop count: 1


adaptive stepsize: acceptance rate 0.500000 target 0.500000 new stepsize 0.81 old stepsize 0.9
warning: basinhopping: local minimization failure
basinhopping step 2: f 3.01835 trial_f 3.01835 accepted 1  lowest_f 3.01835
found new global minimum on step 2 with function value 3.01835
 Fit Status: False
 Force threshold: 0.4739
 Lowest RMSE: 0.1013
 Current RMSE: 0.1013
 Accepted count: 3
 Basinhop count: 0


adaptive stepsize: acceptance rate 0.666667 target 0.500000 new stepsize 0.9 old stepsize 0.81
basinhopping step 3: f 2.79322 trial_f 2.79322 accepted 1  lowest_f 2.79322
found new global minimum on step 3 with function value 2.79322
 Fit Status: False
 Force threshold: 0.4739
 Lowest RMSE: 0.0974
 Current RMSE: 0.0974
 Accepted count: 4
 Basinhop count: 0


adaptive stepsize: acceptance rate 0.750000 target 0.500000 new stepsize 1 old stepsize 0.9
basinhopping step 4: f 2.78455 trial_f 2.78455 accepted 1  lowest_f 2.78455
found new global minimum on step 4 with function value 2.78455
 Fit Status: False
 Force threshold: 0.4739
 Lowest RMSE: 0.0973
 Current RMSE: 0.0973
 Accepted count: 5
 Basinhop count: 0


adaptive stepsize: acceptance rate 0.800000 target 0.500000 new stepsize 1.11111 old stepsize 1
basinhopping step 5: f 2.78455 trial_f 2.98676 accepted 0  lowest_f 2.78455
 Fit Status: False
 Force threshold: 0.4739
 Lowest RMSE: 0.0973
 Current RMSE: 0.1007
 Accepted count: 5
 Basinhop count: 1


adaptive stepsize: acceptance rate 0.666667 target 0.500000 new stepsize 1.23457 old stepsize 1.11111
basinhopping step 6: f 2.78455 trial_f 3.24282 accepted 0  lowest_f 2.78455
 Fit Status: False
 Force threshold: 0.4739
 Lowest RMSE: 0.0973
 Current RMSE: 0.1050
 Accepted count: 5
 Basinhop count: 2


adaptive stepsize: acceptance rate 0.571429 target 0.500000 new stepsize 1.37174 old stepsize 1.23457
basinhopping step 7: f 2.78455 trial_f 17.2262 accepted 0  lowest_f 2.78455
 Fit Status: False
 Force threshold: 0.4739
 Lowest RMSE: 0.0973
 Current RMSE: 0.2419
 Accepted count: 5
 Basinhop count: 3


adaptive stepsize: acceptance rate 0.500000 target 0.500000 new stepsize 1.23457 old stepsize 1.37174
warning: basinhopping: local minimization failure
basinhopping step 8: f 4.11551 trial_f 4.11551 accepted 1  lowest_f 2.78455
 Fit Status: False
 Force threshold: 0.4739
 Lowest RMSE: 0.0973
 Current RMSE: 0.1182
 Accepted count: 6
 Basinhop count: 4


adaptive stepsize: acceptance rate 0.555556 target 0.500000 new stepsize 1.37174 old stepsize 1.23457
basinhopping step 9: f 3.18529 trial_f 3.18529 accepted 1  lowest_f 2.78455
 Fit Status: True
 Force threshold: 0.4739
 Lowest RMSE: 0.0973
 Current RMSE: 0.1040
 Accepted count: 7
 Basinhop count: 5



 Maximum Likelihood Best-fit Parameters:
--------------------------------------------------------------------------------------

Parameter                     Best-fit Value                +/- 1-sigma                   Flag                          
--------------------------------------------------------------------------------------
AGN_FRAC_4000                 0.883391                      0.000000                      1.0                           
AGN_FRAC_7000                 0.594883                      0.000000                      1.0                           
APOLY_COEFF_1                 -0.192629                     0.000000                      1.0                           
APOLY_COEFF_2                 0.084247                      0.000000                      1.0                           
APOLY_COEFF_3                 -0.023091                     0.000000                      1.0                           
BR_H_ALPHA_AMP                1.383509                      0.000000                      1.0                           
BR_H_ALPHA_DISP               3300.190862                   0.000000                      1.0                           
BR_H_ALPHA_DISP_CORR          3299.001667                   0.000000                      1.0                           
BR_H_ALPHA_DISP_RES           88.587394                     nan                           nan                           
BR_H_ALPHA_EW                 23.454704                     0.000000                      0.0                           
BR_H_ALPHA_FLUX               -14.482543                    0.000000                      0.0                           
BR_H_ALPHA_FWHM               7771.547792                   0.000000                      0.0                           
BR_H_ALPHA_FWHM_CORR          7768.747569                   0.000000                      0.0                           
BR_H_ALPHA_LUM                42.021897                     0.000000                      0.0                           
BR_H_ALPHA_NPIX               43.000000                     0.000000                      0.0                           
BR_H_ALPHA_SNR                1.433203                      0.000000                      0.0                           
BR_H_ALPHA_VOFF               -0.737472                     0.000000                      1.0                           
BR_H_ALPHA_W80                8656.148563                   0.000000                      0.0                           
BR_H_ALPHA_W80_CORR           8653.161008                   0.000000                      0.0                           
BR_H_BETA_AMP                 0.458982                      0.000000                      1.0                           
BR_H_BETA_DISP                3300.190862                   0.000000                      1.0                           
BR_H_BETA_DISP_CORR           3298.023255                   0.000000                      1.0                           
BR_H_BETA_DISP_RES            119.592384                    nan                           nan                           
BR_H_BETA_EW                  3.994171                      0.000000                      0.0                           
BR_H_BETA_FLUX                -15.092072                    0.000000                      0.0                           
BR_H_BETA_FWHM                7771.643457                   0.000000                      0.0                           
BR_H_BETA_FWHM_CORR           7766.539407                   0.000000                      0.0                           
BR_H_BETA_LUM                 41.412368                     0.000000                      0.0                           
BR_H_BETA_NPIX                12.000000                     0.000000                      0.0                           
BR_H_BETA_SNR                 0.475461                      0.000000                      0.0                           
BR_H_BETA_VOFF                -0.737472                     0.000000                      1.0                           
BR_H_BETA_W80                 8655.723872                   0.000000                      0.0                           
BR_H_BETA_W80_CORR            8650.278068                   0.000000                      0.0                           
BR_OPT_FEII_AMP               58.982859                     0.000000                      1.0                           
BR_OPT_FEII_DISP              523.797709                    0.000000                      1.0                           
BR_OPT_FEII_TEMPLATE_EW       137.314177                    0.000000                      1.0                           
BR_OPT_FEII_TEMPLATE_FLUX     -13.578786                    0.000000                      1.0                           
BR_OPT_FEII_TEMPLATE_LUM      42.925654                     0.000000                      1.0                           
BR_OPT_FEII_VOFF              -4.876428                     0.000000                      1.0                           
HOST_FRAC_4000                0.230955                      0.000000                      1.0                           
HOST_FRAC_7000                -0.377215                     0.000000                      1.0                           
HOST_TEMP_DISP                103.710056                    0.000000                      1.0                           
HOST_TEMP_VEL                 -1.525812                     0.000000                      1.0                           
H_ALPHA_COMP_DISP             1421.794986                   0.000000                      0.0                           
H_ALPHA_COMP_DISP_CORR        1419.032507                   0.000000                      0.0                           
H_ALPHA_COMP_DISP_RES         88.587394                     nan                           nan                           
H_ALPHA_COMP_EW               401.487700                    0.000000                      1.0                           
H_ALPHA_COMP_FLUX             -13.250918                    0.000000                      1.0                           
H_ALPHA_COMP_FWHM             2892.790106                   0.000000                      0.0                           
H_ALPHA_COMP_FWHM_CORR        2885.258793                   0.000000                      0.0                           
H_ALPHA_COMP_LUM              43.253522                     0.000000                      1.0                           
H_ALPHA_COMP_NPIX             133.000000                    0.000000                      0.0                           
H_ALPHA_COMP_SNR              42.077961                     0.000000                      0.0                           
H_ALPHA_COMP_VOFF             -91.269805                    0.000000                      0.0                           
H_ALPHA_COMP_W80              3375.228948                   0.000000                      0.0                           
H_ALPHA_COMP_W80_CORR         3367.559642                   0.000000                      0.0                           
H_BETA_COMP_DISP              1436.039521                   0.000000                      0.0                           
H_BETA_COMP_DISP_CORR         1431.051071                   0.000000                      0.0                           
H_BETA_COMP_DISP_RES          119.592384                    nan                           nan                           
H_BETA_COMP_EW                63.855425                     0.000000                      1.0                           
H_BETA_COMP_FLUX              -13.891512                    0.000000                      1.0                           
H_BETA_COMP_FWHM              2895.317370                   0.000000                      0.0                           
H_BETA_COMP_FWHM_CORR         2881.588974                   0.000000                      0.0                           
H_BETA_COMP_LUM               42.612928                     0.000000                      1.0                           
H_BETA_COMP_NPIX              105.000000                    0.000000                      0.0                           
H_BETA_COMP_SNR               16.974042                     0.000000                      0.0                           
H_BETA_COMP_VOFF              -90.851322                    0.000000                      0.0                           
H_BETA_COMP_W80               3391.819799                   0.000000                      0.0                           
H_BETA_COMP_W80_CORR          3377.898229                   0.000000                      0.0                           
LOG_LIKE                      2.784553                      0.000000                      0.0                           
L_CONT_AGN_3000               44.632877                     0.000000                      1.0                           
L_CONT_AGN_5100               44.353053                     0.000000                      1.0                           
L_CONT_HOST_3000              44.357557                     0.000000                      1.0                           
L_CONT_HOST_5100              0.000000                      0.000000                      1.0                           
L_CONT_TOT_3000               44.637073                     0.000000                      1.0                           
L_CONT_TOT_5100               44.481891                     0.000000                      1.0                           
NA_H_ALPHA_AMP                60.478691                     0.000000                      1.0                           
NA_H_ALPHA_DISP               1211.841728                   0.000000                      1.0                           
NA_H_ALPHA_DISP_CORR          1208.599457                   0.000000                      1.0                           
NA_H_ALPHA_DISP_RES           88.587394                     nan                           nan                           
NA_H_ALPHA_EW                 378.032996                    0.000000                      0.0                           
NA_H_ALPHA_FLUX               -13.277173                    0.000000                      0.0                           
NA_H_ALPHA_FWHM               2854.119174                   0.000000                      0.0                           
NA_H_ALPHA_FWHM_CORR          2846.485546                   0.000000                      0.0                           
NA_H_ALPHA_LUM                43.227266                     0.000000                      0.0                           
NA_H_ALPHA_NPIX               115.000000                    0.000000                      0.0                           
NA_H_ALPHA_SNR                62.644310                     0.000000                      0.0                           
NA_H_ALPHA_VOFF               -96.909630                    0.000000                      1.0                           
NA_H_ALPHA_W80                3177.479522                   0.000000                      0.0                           
NA_H_ALPHA_W80_CORR           3169.331728                   0.000000                      0.0                           
NA_H_BETA_AMP                 18.592103                     0.000000                      1.0                           
NA_H_BETA_DISP                1211.841728                   0.000000                      1.0                           
NA_H_BETA_DISP_CORR           1205.926215                   0.000000                      1.0                           
NA_H_BETA_DISP_RES            119.592384                    nan                           nan                           
NA_H_BETA_EW                  59.861254                     0.000000                      0.0                           
NA_H_BETA_FLUX                -13.919779                    0.000000                      0.0                           
NA_H_BETA_FWHM                2853.946173                   0.000000                      0.0                           
NA_H_BETA_FWHM_CORR           2840.017800                   0.000000                      0.0                           
NA_H_BETA_LUM                 42.584661                     0.000000                      0.0                           
NA_H_BETA_NPIX                99.000000                     0.000000                      0.0                           
NA_H_BETA_SNR                 19.260334                     0.000000                      0.0                           
NA_H_BETA_VOFF                -96.909630                    0.000000                      1.0                           
NA_H_BETA_W80                 3176.607166                   0.000000                      0.0                           
NA_H_BETA_W80_CORR            3161.738127                   0.000000                      0.0                           
NA_NII_6549_AMP               0.000000                      0.000000                      2.0                           
NA_NII_6549_DISP              1211.841728                   0.000000                      1.0                           
NA_NII_6549_DISP_CORR         1208.584828                   0.000000                      1.0                           
NA_NII_6549_DISP_RES          88.786754                     nan                           nan                           
NA_NII_6549_EW                0.000000                      0.000000                      1.0                           
NA_NII_6549_FLUX              0.000000                      0.000000                      0.0                           
NA_NII_6549_FWHM              0.000000                      0.000000                      0.0                           
NA_NII_6549_FWHM_CORR         0.000000                      0.000000                      0.0                           
NA_NII_6549_LUM               0.000000                      0.000000                      1.0                           
NA_NII_6549_NPIX              12.000000                     0.000000                      0.0                           
NA_NII_6549_SNR               0.000000                      0.000000                      0.0                           
NA_NII_6549_VOFF              -96.909630                    0.000000                      1.0                           
NA_NII_6549_W80               0.000000                      0.000000                      0.0                           
NA_NII_6549_W80_CORR          0.000000                      0.000000                      0.0                           
NA_NII_6585_AMP               0.000000                      0.000000                      2.0                           
NA_NII_6585_DISP              1211.841728                   0.000000                      1.0                           
NA_NII_6585_DISP_CORR         1208.619806                   0.000000                      1.0                           
NA_NII_6585_DISP_RES          88.309334                     nan                           nan                           
NA_NII_6585_EW                0.000000                      0.000000                      1.0                           
NA_NII_6585_FLUX              0.000000                      0.000000                      0.0                           
NA_NII_6585_FWHM              0.000000                      0.000000                      0.0                           
NA_NII_6585_FWHM_CORR         0.000000                      0.000000                      0.0                           
NA_NII_6585_LUM               0.000000                      0.000000                      1.0                           
NA_NII_6585_NPIX              12.000000                     0.000000                      0.0                           
NA_NII_6585_SNR               0.000000                      0.000000                      0.0                           
NA_NII_6585_VOFF              -96.909630                    0.000000                      1.0                           
NA_NII_6585_W80               0.000000                      0.000000                      0.0                           
NA_NII_6585_W80_CORR          0.000000                      0.000000                      0.0                           
NA_OIII_a_AMP                 2.158654                      0.000000                      1.0                           
NA_OIII_a_DISP                1211.841728                   0.000000                      1.0                           
NA_OIII_a_DISP_CORR           1206.157268                   0.000000                      1.0                           
NA_OIII_a_DISP_RES            117.239158                    nan                           nan                           
NA_OIII_a_EW                  7.198184                      0.000000                      0.0                           
NA_OIII_a_FLUX                -14.846296                    0.000000                      0.0                           
NA_OIII_a_FWHM                2854.180695                   0.000000                      0.0                           
NA_OIII_a_FWHM_CORR           2840.797452                   0.000000                      0.0                           
NA_OIII_a_LUM                 41.658143                     0.000000                      0.0                           
NA_OIII_a_NPIX                62.000000                     0.000000                      0.0                           
NA_OIII_a_SNR                 2.235849                      0.000000                      0.0                           
NA_OIII_a_VOFF                -96.909630                    0.000000                      1.0                           
NA_OIII_a_W80                 3177.523411                   0.000000                      0.0                           
NA_OIII_a_W80_CORR            3163.239221                   0.000000                      0.0                           
NA_OIII_b_AMP                 6.432789                      0.000000                      1.0                           
NA_OIII_b_DISP                1211.841728                   0.000000                      1.0                           
NA_OIII_b_DISP_CORR           1206.265834                   0.000000                      1.0                           
NA_OIII_b_DISP_RES            116.116801                    nan                           nan                           
NA_OIII_b_EW                  22.327357                     0.000000                      0.0                           
NA_OIII_b_FLUX                -14.367901                    0.000000                      0.0                           
NA_OIII_b_FWHM                2853.968085                   0.000000                      0.0                           
NA_OIII_b_FWHM_CORR           2840.839463                   0.000000                      0.0                           
NA_OIII_b_LUM                 42.136539                     0.000000                      0.0                           
NA_OIII_b_NPIX                83.000000                     0.000000                      0.0                           
NA_OIII_b_SNR                 6.663885                      0.000000                      0.0                           
NA_OIII_b_VOFF                -96.909630                    0.000000                      1.0                           
NA_OIII_b_W80                 3176.937256                   0.000000                      0.0                           
NA_OIII_b_W80_CORR            3162.923255                   0.000000                      0.0                           
NA_OII_AMP                    1.281436                      0.000000                      1.0                           
NA_OII_DISP                   1301.873521                   0.000000                      1.0                           
NA_OII_DISP_CORR              1292.489480                   0.000000                      1.0                           
NA_OII_DISP_RES               156.030793                    nan                           nan                           
NA_OII_EW                     2.370136                      0.000000                      0.0                           
NA_OII_FLUX                   -15.165657                    0.000000                      0.0                           
NA_OII_FWHM                   3066.467073                   0.000000                      0.0                           
NA_OII_FWHM_CORR              3044.375451                   0.000000                      0.0                           
NA_OII_LUM                    41.338783                     0.000000                      0.0                           
NA_OII_NPIX                   25.000000                     0.000000                      0.0                           
NA_OII_SNR                    1.327160                      0.000000                      0.0                           
NA_OII_VOFF                   0.858132                      0.000000                      1.0                           
NA_OII_W80                    3414.349569                   0.000000                      0.0                           
NA_OII_W80_CORR               3390.775407                   0.000000                      0.0                           
NA_OPT_FEII_AMP               6.814989                      0.000000                      1.0                           
NA_OPT_FEII_DISP              11.048426                     0.000000                      1.0                           
NA_OPT_FEII_TEMPLATE_EW       20.675974                     0.000000                      1.0                           
NA_OPT_FEII_TEMPLATE_FLUX     -14.363284                    0.000000                      1.0                           
NA_OPT_FEII_TEMPLATE_LUM      42.141155                     0.000000                      1.0                           
NA_OPT_FEII_VOFF              -1.036403                     0.000000                      1.0                           
NA_SII_6716_AMP               2.165442                      0.000000                      1.0                           
NA_SII_6716_DISP              1211.841728                   0.000000                      1.0                           
NA_SII_6716_DISP_CORR         1208.746291                   0.000000                      1.0                           
NA_SII_6716_DISP_RES          86.560838                     nan                           nan                           
NA_SII_6716_EW                14.300257                     0.000000                      0.0                           
NA_SII_6716_FLUX              -14.713182                    0.000000                      0.0                           
NA_SII_6716_FWHM              2854.046935                   0.000000                      0.0                           
NA_SII_6716_FWHM_CORR         2846.758829                   0.000000                      0.0                           
NA_SII_6716_LUM               41.791258                     0.000000                      0.0                           
NA_SII_6716_NPIX              67.000000                     0.000000                      0.0                           
NA_SII_6716_SNR               2.243103                      0.000000                      0.0                           
NA_SII_6716_VOFF              -96.909630                    0.000000                      1.0                           
NA_SII_6716_W80               3177.166654                   0.000000                      0.0                           
NA_SII_6716_W80_CORR          3169.387064                   0.000000                      0.0                           
NA_SII_6731_AMP               0.000060                      0.000000                      1.0                           
NA_SII_6731_DISP              1211.841728                   0.000000                      1.0                           
NA_SII_6731_DISP_CORR         1208.759516                   0.000000                      1.0                           
NA_SII_6731_DISP_RES          86.375956                     nan                           nan                           
NA_SII_6731_EW                0.000000                      0.000000                      1.0                           
NA_SII_6731_FLUX              0.000000                      0.000000                      0.0                           
NA_SII_6731_FWHM              0.000000                      0.000000                      0.0                           
NA_SII_6731_FWHM_CORR         0.000000                      0.000000                      0.0                           
NA_SII_6731_LUM               0.000000                      0.000000                      1.0                           
NA_SII_6731_NPIX              12.000000                     0.000000                      0.0                           
NA_SII_6731_SNR               0.000000                      0.000000                      0.0                           
NA_SII_6731_VOFF              -96.909630                    0.000000                      1.0                           
NA_SII_6731_W80               0.000000                      0.000000                      0.0                           
NA_SII_6731_W80_CORR          0.000000                      0.000000                      0.0                           
POWER_AMP                     18.940741                     0.000000                      1.0                           
POWER_SLOPE                   -0.212756                     0.000000                      1.0                           
RCHI_SQUARED                  496.952686                    0.000000                      0.0                           
R_SQUARED                     0.993014                      0.000000                      0.0                           
NOISE_STD                     0.905891                                                                                  
RESID_STD                     2.252418                                                                                  
--------------------------------------------------------------------------------------
 - Done fitting 2-onur! 

End process memory: 0.26131661                    
