patched GLEAM label offsets
patched GLEAM non-fatal plotting
patched GLEAM doublet ties
WARNING: AstropyDeprecationWarning: The truth value of a Quantity is ambiguous. In the future this will raise a ValueError. [astropy.units.quantity]
Now working in  on sdss in sdss + fiber1 on source 1 at z=0.468.
Warning: non-constant dispersion
[[Model]]
    (Model(constant) + Model(gaussian, prefix='g0_'))
[[Fit Statistics]]
    # fitting method   = leastsq
    # function evals   = 51
    # data points      = 93
    # variables        = 4
    chi-square         = 34.9328915
    reduced chi-square = 0.39250440
    Akaike info crit   = -83.0628711
    Bayesian info crit = -72.9324731
    R-squared          = 0.46912722
[[Variables]]
    c:             2244.36666 +/- 4.03134877 (0.18%) (init = 2259.482)
    g0_amplitude:  1352.00017 +/- 209.663916 (15.51%) (init = 229.254)
    g0_center:     3728.42655 +/- 0.86078422 (0.02%) (init = 3728.48)
    g0_sigma:      6.24803803 +/- 0.95360902 (15.26%) (init = 0.8681195)
    g0_fwhm:       14.7130049 +/- 2.24557759 (15.26%) == '2.3548200*g0_sigma'
    g0_height:     86.3263081 +/- 10.7443395 (12.45%) == '0.3989423*g0_amplitude/max(1e-15, g0_sigma)'
[[Correlations]] (unreported correlations are < 0.100)
    C(g0_amplitude, g0_sigma) = +0.6729
    C(c, g0_amplitude)        = -0.6395
    C(c, g0_sigma)            = -0.4352
Warning: non-constant dispersion
Warning: non-constant dispersion
[[Model]]
    ((Model(constant) + Model(gaussian, prefix='g0_')) + Model(gaussian, prefix='g1_'))
[[Fit Statistics]]
    # fitting method   = leastsq
    # function evals   = 16000
    # data points      = 72
    # variables        = 7
    chi-square         = 104.932360
    reduced chi-square = 1.61434400
    Akaike info crit   = 41.1187879
    Bayesian info crit = 57.0554507
    R-squared          = 0.80572209
##  Warning: uncertainties could not be estimated:
    g0_center:     at boundary
    g1_center:     at boundary
[[Variables]]
    c:             781.555549 (init = 869.433)
    g0_amplitude:  1402.98915 (init = 195.2235)
    g0_center:     4859.68000 (init = 4862.68)
    g0_sigma:      9.63688787 (init = 0.8681195)
    g1_amplitude:  8210.93834 (init = 195.2235)
    g1_center:     4859.68000 (init = 4862.68)
    g1_sigma:      32.7040846 (init = 0.8681195)
    g0_fwhm:       22.6931363 == '2.3548200*g0_sigma'
    g0_height:     58.0801319 == '0.3989423*g0_amplitude/max(1e-15, g0_sigma)'
    g1_fwhm:       77.0122325 == '2.3548200*g1_sigma'
    g1_height:     100.161514 == '0.3989423*g1_amplitude/max(1e-15, g1_sigma)'
NonDetection when fitting set of lines [4862.68 4862.68] Angstrom, try a simpler model
[[Model]]
    (Model(constant) + Model(gaussian, prefix='g0_'))
[[Fit Statistics]]
    # fitting method   = leastsq
    # function evals   = 535
    # data points      = 72
    # variables        = 4
    chi-square         = 109.726571
    reduced chi-square = 1.61362604
    Akaike info crit   = 38.3354312
    Bayesian info crit = 47.4420957
    R-squared          = 0.79785179
[[Variables]]
    c:             832.216558 +/- 6.29504938 (0.76%) (init = 869.433)
    g0_amplitude:  3747.08957 +/- 498.708348 (13.31%) (init = 195.2235)
    g0_center:     4859.68000 +/- 2.56454701 (0.05%) (init = 4862.68)
    g0_sigma:      14.4443983 +/- 1.38256953 (9.57%) (init = 0.8681195)
    g0_fwhm:       34.0139579 +/- 3.25570237 (9.57%) == '2.3548200*g0_sigma'
    g0_height:     103.491506 +/- 6.82140465 (6.59%) == '0.3989423*g0_amplitude/max(1e-15, g0_sigma)'
[[Correlations]] (unreported correlations are < 0.100)
    C(c, g0_amplitude)        = -0.9380
    C(g0_amplitude, g0_sigma) = +0.8843
    C(c, g0_sigma)            = -0.8316
Warning: non-constant dispersion
Warning: non-constant dispersion
Warning: non-constant dispersion
Warning: non-constant dispersion
[[Model]]
    ((Model(constant) + Model(gaussian, prefix='g0_')) + Model(gaussian, prefix='g1_'))
[[Fit Statistics]]
    # fitting method   = leastsq
    # function evals   = 71
    # data points      = 112
    # variables        = 6
    chi-square         = 898.715928
    reduced chi-square = 8.47845215
    Akaike info crit   = 245.236430
    Bayesian info crit = 261.547423
    R-squared          = 0.63740981
[[Variables]]
    c:             460.617756 +/- 2.67633243 (0.58%) (init = 473.1912)
    g0_amplitude:  445.131009 +/- 43.8953673 (9.86%) == 'g1_amplitude / 3.0'
    g0_center:     4957.75358 +/- 1.00526013 (0.02%) (init = 4960.3)
    g0_sigma:      3.29297424 +/- 0.87076524 (26.44%) (init = 0.8681195)
    g1_amplitude:  1335.39303 +/- 131.686102 (9.86%) (init = 328.9124)
    g1_center:     5005.73273 +/- 0.37057636 (0.01%) (init = 5008.24)
    g1_sigma:      3.41646359 +/- 0.36711655 (10.75%) (init = 0.8681195)
    g0_fwhm:       7.75436161 +/- 2.05049541 (26.44%) == '2.3548200*g0_sigma'
    g0_height:     53.9274150 +/- 14.0036247 (25.97%) == '0.3989423*g0_amplitude/max(1e-15, g0_sigma)'
    g1_fwhm:       8.04515680 +/- 0.86449340 (10.75%) == '2.3548200*g1_sigma'
    g1_height:     155.934566 +/- 15.9286016 (10.21%) == '0.3989423*g1_amplitude/max(1e-15, g1_sigma)'
[[Correlations]] (unreported correlations are < 0.100)
    C(g1_amplitude, g1_sigma) = +0.5113
    C(c, g1_amplitude)        = -0.4478
    C(c, g1_sigma)            = -0.2747
    C(g0_sigma, g1_amplitude) = +0.2343
    C(c, g0_sigma)            = -0.1312
    C(g0_sigma, g1_sigma)     = +0.1213
Warning: non-constant dispersion
Warning: non-constant dispersion
[[Model]]
    ((((Model(constant) + Model(gaussian, prefix='g0_')) + Model(gaussian, prefix='g1_')) + Model(gaussian, prefix='g2_')) + Model(gaussian, prefix='g3_'))
[[Fit Statistics]]
    # fitting method   = leastsq
    # function evals   = 26000
    # data points      = 76
    # variables        = 12
    chi-square         = 858.526740
    reduced chi-square = 13.4144803
    Akaike info crit   = 208.260821
    Bayesian info crit = 236.229621
    R-squared          = 0.83096263
##  Warning: uncertainties could not be estimated:
    g0_center:     at boundary
    g1_center:     at boundary
    g2_center:     at boundary
    g3_center:     at boundary
[[Variables]]
    c:             231.487019 (init = 282.7222)
    g0_amplitude:  0.00376008 == 'g3_amplitude / 3.0'
    g0_center:     6546.86000 (init = 6549.86)
    g0_sigma:      3.70693191 (init = 0.8681195)
    g1_amplitude:  1470.42273 (init = 148.1207)
    g1_center:     6561.60000 (init = 6564.6)
    g1_sigma:      17.1357633 (init = 0.8681195)
    g2_amplitude:  4340.07275 (init = 148.1207)
    g2_center:     6561.60000 (init = 6564.6)
    g2_sigma:      23.6307924 (init = 0.8681195)
    g3_amplitude:  0.01128025 (init = 148.1207)
    g3_center:     6582.29048 (init = 6585.27)
    g3_sigma:      6.27746423 (init = 0.8681195)
    g0_fwhm:       8.72915739 == '2.3548200*g0_sigma'
    g0_height:     4.0466e-04 == '0.3989423*g0_amplitude/max(1e-15, g0_sigma)'
    g1_fwhm:       40.3516381 == '2.3548200*g1_sigma'
    g1_height:     34.2333058 == '0.3989423*g1_amplitude/max(1e-15, g1_sigma)'
    g2_fwhm:       55.6462626 == '2.3548200*g2_sigma'
    g2_height:     73.2704421 == '0.3989423*g2_amplitude/max(1e-15, g2_sigma)'
    g3_fwhm:       14.7822983 == '2.3548200*g3_sigma'
    g3_height:     7.1688e-04 == '0.3989423*g3_amplitude/max(1e-15, g3_sigma)'
NonDetection when fitting set of lines [6549.86 6564.6  6564.6  6585.27] Angstrom, try a simpler model
[[Model]]
    (((Model(constant) + Model(gaussian, prefix='g0_')) + Model(gaussian, prefix='g1_')) + Model(gaussian, prefix='g2_'))
[[Fit Statistics]]
    # fitting method   = leastsq
    # function evals   = 22000
    # data points      = 76
    # variables        = 10
    chi-square         = 47.8056939
    reduced chi-square = 0.72432870
    Akaike info crit   = -15.2327328
    Bayesian info crit = 8.07460063
    R-squared          = 0.99036397
##  Warning: uncertainties could not be estimated:
    g0_center:     at boundary
    g1_center:     at boundary
    g2_center:     at boundary
[[Variables]]
    c:             111.481584 (init = 282.7222)
    g0_amplitude:  3368.22157 (init = 148.1207)
    g0_center:     6546.86000 (init = 6549.86)
    g0_sigma:      22.4281049 (init = 0.8681195)
    g1_amplitude:  27970.7793 (init = 148.1207)
    g1_center:     6561.60000 (init = 6564.6)
    g1_sigma:      74.8530170 (init = 0.8681195)
    g2_amplitude:  953.735399 (init = 148.1207)
    g2_center:     6561.60003 (init = 6564.6)
    g2_sigma:      11.5240370 (init = 0.8681195)
    g0_fwhm:       52.8141501 == '2.3548200*g0_sigma'
    g0_height:     59.9125991 == '0.3989423*g0_amplitude/max(1e-15, g0_sigma)'
    g1_fwhm:       176.265382 == '2.3548200*g1_sigma'
    g1_height:     149.075181 == '0.3989423*g1_amplitude/max(1e-15, g1_sigma)'
    g2_fwhm:       27.1370327 == '2.3548200*g2_sigma'
    g2_height:     33.0166759 == '0.3989423*g2_amplitude/max(1e-15, g2_sigma)'
NonDetection when fitting set of lines [6549.86 6564.6  6564.6 ] Angstrom, try a simpler model
[[Model]]
    (((Model(constant) + Model(gaussian, prefix='g0_')) + Model(gaussian, prefix='g1_')) + Model(gaussian, prefix='g2_'))
[[Fit Statistics]]
    # fitting method   = leastsq
    # function evals   = 20000
    # data points      = 76
    # variables        = 9
    chi-square         = 884.532027
    reduced chi-square = 13.2019706
    Akaike info crit   = 204.528729
    Bayesian info crit = 225.505329
    R-squared          = 0.82663114
##  Warning: uncertainties could not be estimated:
    g1_center:     at boundary
[[Variables]]
    c:             234.947801 (init = 282.7222)
    g0_amplitude:  0.00632014 == 'g2_amplitude / 3.0'
    g0_center:     6549.64036 (init = 6549.86)
    g0_sigma:      1.66034585 (init = 0.8681195)
    g1_amplitude:  5358.36973 (init = 148.1207)
    g1_center:     6561.60000 (init = 6564.6)
    g1_sigma:      20.8498498 (init = 0.8681195)
    g2_amplitude:  0.01896041 (init = 148.1207)
    g2_center:     6583.72614 (init = 6585.27)
    g2_sigma:      4.28019831 (init = 0.8681195)
    g0_fwhm:       3.90981561 == '2.3548200*g0_sigma'
    g0_height:     0.00151858 == '0.3989423*g0_amplitude/max(1e-15, g0_sigma)'
    g1_fwhm:       49.0976434 == '2.3548200*g1_sigma'
    g1_height:     102.527374 == '0.3989423*g1_amplitude/max(1e-15, g1_sigma)'
    g2_fwhm:       10.0790966 == '2.3548200*g2_sigma'
    g2_height:     0.00176723 == '0.3989423*g2_amplitude/max(1e-15, g2_sigma)'
NonDetection when fitting set of lines [6549.86 6564.6  6585.27] Angstrom, try a simpler model
[[Model]]
    (((Model(constant) + Model(gaussian, prefix='g0_')) + Model(gaussian, prefix='g1_')) + Model(gaussian, prefix='g2_'))
[[Fit Statistics]]
    # fitting method   = leastsq
    # function evals   = 20000
    # data points      = 76
    # variables        = 9
    chi-square         = 884.532027
    reduced chi-square = 13.2019706
    Akaike info crit   = 204.528729
    Bayesian info crit = 225.505329
    R-squared          = 0.82663114
##  Warning: uncertainties could not be estimated:
    g1_center:     at boundary
[[Variables]]
    c:             234.947801 (init = 282.7222)
    g0_amplitude:  0.00632014 == 'g2_amplitude / 3.0'
    g0_center:     6549.64036 (init = 6549.86)
    g0_sigma:      1.66034585 (init = 0.8681195)
    g1_amplitude:  5358.36973 (init = 148.1207)
    g1_center:     6561.60000 (init = 6564.6)
    g1_sigma:      20.8498498 (init = 0.8681195)
    g2_amplitude:  0.01896041 (init = 148.1207)
    g2_center:     6583.72614 (init = 6585.27)
    g2_sigma:      4.28019831 (init = 0.8681195)
    g0_fwhm:       3.90981561 == '2.3548200*g0_sigma'
    g0_height:     0.00151858 == '0.3989423*g0_amplitude/max(1e-15, g0_sigma)'
    g1_fwhm:       49.0976434 == '2.3548200*g1_sigma'
    g1_height:     102.527374 == '0.3989423*g1_amplitude/max(1e-15, g1_sigma)'
    g2_fwhm:       10.0790966 == '2.3548200*g2_sigma'
    g2_height:     0.00176723 == '0.3989423*g2_amplitude/max(1e-15, g2_sigma)'
NonDetection when fitting set of lines [6549.86 6564.6  6585.27] Angstrom, try a simpler model
[[Model]]
    (((Model(constant) + Model(gaussian, prefix='g0_')) + Model(gaussian, prefix='g1_')) + Model(gaussian, prefix='g2_'))
[[Fit Statistics]]
    # fitting method   = leastsq
    # function evals   = 22000
    # data points      = 76
    # variables        = 10
    chi-square         = 787.008460
    reduced chi-square = 11.9243706
    Akaike info crit   = 197.650430
    Bayesian info crit = 220.957763
    R-squared          = 0.84449966
##  Warning: uncertainties could not be estimated:
    g0_center:     at boundary
    g1_center:     at boundary
[[Variables]]
    c:             221.580101 (init = 282.7222)
    g0_amplitude:  6939.24322 (init = 148.1207)
    g0_center:     6561.60000 (init = 6564.6)
    g0_sigma:      25.3304313 (init = 0.8681195)
    g1_amplitude:  137.923246 (init = 148.1207)
    g1_center:     6561.60000 (init = 6564.6)
    g1_sigma:      3.07031939 (init = 0.8681195)
    g2_amplitude:  0.00145810 (init = 148.1207)
    g2_center:     6583.41045 (init = 6585.27)
    g2_sigma:      3.38246897 (init = 0.8681195)
    g0_fwhm:       59.6486061 == '2.3548200*g0_sigma'
    g0_height:     109.289795 == '0.3989423*g0_amplitude/max(1e-15, g0_sigma)'
    g1_fwhm:       7.23004949 == '2.3548200*g1_sigma'
    g1_height:     17.9210727 == '0.3989423*g1_amplitude/max(1e-15, g1_sigma)'
    g2_fwhm:       7.96510559 == '2.3548200*g2_sigma'
    g2_height:     1.7197e-04 == '0.3989423*g2_amplitude/max(1e-15, g2_sigma)'
NonDetection when fitting set of lines [6564.6  6564.6  6585.27] Angstrom, try a simpler model
[[Model]]
    ((Model(constant) + Model(gaussian, prefix='g0_')) + Model(gaussian, prefix='g1_'))
[[Fit Statistics]]
    # fitting method   = leastsq
    # function evals   = 357
    # data points      = 76
    # variables        = 7
    chi-square         = 69.7768033
    reduced chi-square = 1.01125802
    Akaike info crit   = 7.50718951
    Bayesian info crit = 23.8223229
    R-squared          = 0.98697109
[[Variables]]
    c:             220.006348 +/- 2.11832850 (0.96%) (init = 282.7222)
    g0_amplitude:  7160.83466 +/- 297.549932 (4.16%) (init = 148.1207)
    g0_center:     6552.86000 +/- 0.18805519 (0.00%) (init = 6549.86)
    g0_sigma:      26.5859248 +/- 0.98219665 (3.69%) (init = 0.8681195)
    g1_amplitude:  472.396431 +/- 174.967197 (37.04%) (init = 148.1207)
    g1_center:     6561.60000 +/- 1901.59515 (28.98%) (init = 6564.6)
    g1_sigma:      9.16210817 +/- 1.83638219 (20.04%) (init = 0.8681195)
    g0_fwhm:       62.6050673 +/- 2.31289631 (3.69%) == '2.3548200*g0_sigma'
    g0_height:     107.453845 +/- 4.30536875 (4.01%) == '0.3989423*g0_amplitude/max(1e-15, g0_sigma)'
    g1_fwhm:       21.5751156 +/- 4.32434950 (20.04%) == '2.3548200*g1_sigma'
    g1_height:     20.5693837 +/- 4.44749088 (21.62%) == '0.3989423*g1_amplitude/max(1e-15, g1_sigma)'
[[Correlations]] (unreported correlations are < 0.100)
    C(g1_amplitude, g1_sigma)     = +0.8797
    C(c, g0_amplitude)            = -0.8473
    C(c, g0_sigma)                = -0.7765
    C(g0_center, g1_amplitude)    = +0.7360
    C(g0_sigma, g1_amplitude)     = +0.6511
    C(g0_center, g1_sigma)        = +0.6332
    C(g0_sigma, g1_center)        = -0.5252
    C(g0_amplitude, g0_sigma)     = +0.4840
    C(g0_sigma, g1_sigma)         = +0.4739
    C(c, g1_center)               = +0.3914
    C(g0_center, g0_sigma)        = +0.3882
    C(g0_amplitude, g0_center)    = -0.3461
    C(g0_amplitude, g1_sigma)     = -0.3397
    C(g1_amplitude, g1_center)    = -0.3379
    C(g0_amplitude, g1_amplitude) = -0.2812
    C(g1_center, g1_sigma)        = -0.2571
    C(g0_amplitude, g1_center)    = -0.2327
    C(c, g1_amplitude)            = -0.2030
Warning: non-constant dispersion
Warning: non-constant dispersion
Warning: non-constant dispersion
Warning: non-constant dispersion
Warning: non-constant dispersion
Warning: non-constant dispersion
[[Model]]
    ((Model(constant) + Model(gaussian, prefix='g0_')) + Model(gaussian, prefix='g1_'))
[[Fit Statistics]]
    # fitting method   = leastsq
    # function evals   = 16000
    # data points      = 61
    # variables        = 7
    chi-square         = 335.976072
    reduced chi-square = 6.22177911
    Akaike info crit   = 118.076131
    Bayesian info crit = 132.852248
    R-squared          = 0.22938600
##  Warning: uncertainties could not be estimated:
    g0_center:     at boundary
[[Variables]]
    c:             468.124083 (init = 514.3456)
    g0_amplitude:  4046.43592 (init = 133.7168)
    g0_center:     6715.29000 (init = 6718.29)
    g0_sigma:      26.7648157 (init = 0.8681195)
    g1_amplitude:  0.00809052 (init = 133.7168)
    g1_center:     6733.09981 (init = 6732.67)
    g1_sigma:      0.52596754 (init = 0.8681195)
    g0_fwhm:       63.0263233 == '2.3548200*g0_sigma'
    g0_height:     60.3140507 == '0.3989423*g0_amplitude/max(1e-15, g0_sigma)'
    g1_fwhm:       1.23855889 == '2.3548200*g1_sigma'
    g1_height:     0.00613660 == '0.3989423*g1_amplitude/max(1e-15, g1_sigma)'
NonDetection when fitting set of lines [6718.29 6732.67] Angstrom, try a simpler model
[[Model]]
    (Model(constant) + Model(gaussian, prefix='g0_'))
[[Fit Statistics]]
    # fitting method   = leastsq
    # function evals   = 10000
    # data points      = 61
    # variables        = 4
    chi-square         = 316.376459
    reduced chi-square = 5.55046419
    Akaike info crit   = 108.409597
    Bayesian info crit = 116.853092
    R-squared          = 0.26970934
##  Warning: uncertainties could not be estimated:
    g0_center:     at boundary
[[Variables]]
    c:             396.267462 (init = 514.3456)
    g0_amplitude:  15216.5730 (init = 133.7168)
    g0_center:     6715.29001 (init = 6718.29)
    g0_sigma:      45.7443572 (init = 0.8681195)
    g0_fwhm:       107.719727 == '2.3548200*g0_sigma'
    g0_height:     132.705649 == '0.3989423*g0_amplitude/max(1e-15, g0_sigma)'
NonDetection when fitting set of lines [6718.29] Angstrom, try a simpler model
[[Model]]
    (Model(constant) + Model(gaussian, prefix='g0_'))
[[Fit Statistics]]
    # fitting method   = leastsq
    # function evals   = 140
    # data points      = 61
    # variables        = 4
    chi-square         = 459.565211
    reduced chi-square = 8.06254757
    Akaike info crit   = 131.183826
    Bayesian info crit = 139.627322
    R-squared          = -3.9105e-04
[[Variables]]
    c:             507.206825 +/- 5.33674143 (1.05%) (init = 514.3456)
    g0_amplitude:  5.9447e-06 +/- 266.868270 (4489150607.05%) (init = 133.7168)
    g0_center:     6731.13446 +/- 1.1821e+08 (1756163.43%) (init = 6732.67)
    g0_sigma:      2.22633977 +/- 96988857.8 (4356426596.82%) (init = 0.8681195)
    g0_fwhm:       5.24262941 +/- 2.2839e+08 (4356426593.22%) == '2.3548200*g0_sigma'
    g0_height:     1.0652e-06 +/- 85.2174892 (7999766778.55%) == '0.3989423*g0_amplitude/max(1e-15, g0_sigma)'
[[Correlations]] (unreported correlations are < 0.100)
    C(g0_amplitude, g0_sigma)  = -0.6357
    C(g0_amplitude, g0_center) = +0.5816
    C(g0_center, g0_sigma)     = -0.3610
    C(c, g0_amplitude)         = +0.2831
    C(c, g0_sigma)             = -0.2128
NonDetection when fitting set of lines [6732.67] Angstrom, try a simpler model
[[Model]]
    Model(constant)
[[Fit Statistics]]
    # fitting method   = leastsq
    # function evals   = 5
    # data points      = 61
    # variables        = 1
    chi-square         = 459.565200
    reduced chi-square = 7.65942000
    Akaike info crit   = 125.183825
    Bayesian info crit = 127.294698
    R-squared          = -3.9680e-04
[[Variables]]
    c:  507.201024 +/- 4.92253646 (0.97%) (init = 514.3456)
Warning: non-constant dispersion
Warning: non-constant dispersion
Warning: non-constant dispersion
Warning: non-constant dispersion
Warning: non-constant dispersion
multiprocessing.pool.RemoteTraceback: 
"""
Traceback (most recent call last):
  File "/usr/local/lib/python3.8/multiprocessing/pool.py", line 125, in worker
    result = (True, func(*args, **kwds))
  File "/usr/local/lib/python3.8/multiprocessing/pool.py", line 51, in starmapstar
    return list(itertools.starmap(args[0], args[1]))
  File "/usr/local/lib/python3.8/site-packages/gleam/main.py", line 147, in run_main
    print("WARNING: GLEAM plot_line failed:", _e)
  File "/usr/local/lib/python3.8/contextlib.py", line 120, in __exit__
    next(self.gen)
  File "/usr/local/lib/python3.8/site-packages/gleam/plot_gaussian.py", line 401, in overview_plot
    plt.savefig(f"{basename}.png", format="png", bbox_inches="tight")
  File "/usr/local/lib/python3.8/site-packages/matplotlib/pyplot.py", line 1023, in savefig
    res = fig.savefig(*args, **kwargs)
  File "/usr/local/lib/python3.8/site-packages/matplotlib/figure.py", line 3378, in savefig
    self.canvas.print_figure(fname, **kwargs)
  File "/usr/local/lib/python3.8/site-packages/matplotlib/backend_bases.py", line 2342, in print_figure
    self.figure.draw(renderer)
  File "/usr/local/lib/python3.8/site-packages/matplotlib/artist.py", line 95, in draw_wrapper
    result = draw(artist, renderer, *args, **kwargs)
  File "/usr/local/lib/python3.8/site-packages/matplotlib/artist.py", line 72, in draw_wrapper
    return draw(artist, renderer)
  File "/usr/local/lib/python3.8/site-packages/matplotlib/figure.py", line 3175, in draw
    mimage._draw_list_compositing_images(
  File "/usr/local/lib/python3.8/site-packages/matplotlib/image.py", line 131, in _draw_list_compositing_images
    a.draw(renderer)
  File "/usr/local/lib/python3.8/site-packages/matplotlib/artist.py", line 39, in draw_wrapper
    return draw(artist, renderer, *args, **kwargs)
  File "/usr/local/lib/python3.8/site-packages/mpl_toolkits/axes_grid1/parasite_axes.py", line 138, in draw
    super().draw(renderer)
  File "/usr/local/lib/python3.8/site-packages/matplotlib/artist.py", line 72, in draw_wrapper
    return draw(artist, renderer)
  File "/usr/local/lib/python3.8/site-packages/matplotlib/axes/_base.py", line 3064, in draw
    mimage._draw_list_compositing_images(
  File "/usr/local/lib/python3.8/site-packages/matplotlib/image.py", line 131, in _draw_list_compositing_images
    a.draw(renderer)
  File "/usr/local/lib/python3.8/site-packages/matplotlib/artist.py", line 72, in draw_wrapper
    return draw(artist, renderer)
  File "/usr/local/lib/python3.8/site-packages/matplotlib/text.py", line 757, in draw
    posx = float(self.convert_xunits(self._x))
TypeError: only size-1 arrays can be converted to Python scalars
"""

The above exception was the direct cause of the following exception:

Traceback (most recent call last):
  File "/usr/local/bin/gleam", line 8, in <module>
    sys.exit(pipeline())
  File "/usr/local/lib/python3.8/site-packages/click/core.py", line 829, in __call__
    return self.main(*args, **kwargs)
  File "/usr/local/lib/python3.8/site-packages/click/core.py", line 782, in main
    rv = self.invoke(ctx)
  File "/usr/local/lib/python3.8/site-packages/click/core.py", line 1066, in invoke
    return ctx.invoke(self.callback, **ctx.params)
  File "/usr/local/lib/python3.8/site-packages/click/core.py", line 610, in invoke
    return callback(*args, **kwargs)
  File "/usr/local/lib/python3.8/site-packages/gleam/__init__.py", line 136, in pipeline
    p.starmap(gleam.main.run_main, unique_sources)
  File "/usr/local/lib/python3.8/multiprocessing/pool.py", line 372, in starmap
    return self._map_async(func, iterable, starmapstar, chunksize).get()
  File "/usr/local/lib/python3.8/multiprocessing/pool.py", line 771, in get
    raise self._value
TypeError: only size-1 arrays can be converted to Python scalars
Matplotlib Version: 3.7.5
total 5544
-rw-rw-r-- 1 1000 1000  32073 Sep 29 15:15 docker.log
-rw-r--r-- 1 1000 1000 516690 Sep 29 10:17 linefits.sdss.sdss.fiber1.001.Ha.Ha_broad.NII1.png
-rw-rw-r-- 1 1000 1000 492137 Sep 27 23:39 linefits.sdss.sdss.fiber1.001.Ha.NII1.png
-rw-r--r-- 1 root root 532451 Sep 30 00:16 linefits.sdss.sdss.fiber1.001.Hb.Hb_broad.png
-rw-rw-r-- 1 1000 1000 487219 Sep 27 23:39 linefits.sdss.sdss.fiber1.001.Hb.png
-rw-r--r-- 1 root root 515825 Sep 30 00:19 linefits.sdss.sdss.fiber1.001.NII2.Ha.Ha_broad.NII1.png
-rw-r--r-- 1 root root 521734 Sep 30 00:16 linefits.sdss.sdss.fiber1.001.OII.png
-rw-r--r-- 1 root root 503773 Sep 30 00:17 linefits.sdss.sdss.fiber1.001.OIII4.OIII5.png
-rw-r--r-- 1 1000 1000 500822 Sep 29 08:50 linefits.sdss.sdss.fiber1.001.OIII4.png
-rw-r--r-- 1 1000 1000 491808 Sep 29 08:50 linefits.sdss.sdss.fiber1.001.OIII5.png
-rw-r--r-- 1 root root 508813 Sep 30 00:20 linefits.sdss.sdss.fiber1.001.SII1.SII2.png
-rw-r--r-- 1 root root  20160 Sep 30 00:20 linefits.sdss.sdss.fiber1.001.fits
-rw-r--r-- 1 1000 1000 529915 Sep 29 10:18 linefits.sdss.sdss.fiber1.001.png
total 12K
-rw-r--r-- 1 root root 1.2K Sep 21 02:20 =5.2
drwxr-xr-x 1 root root 4.0K Sep 30 00:15 input
drwxrwxr-x 2 1000 1000 4.0K Sep 30 00:20 output
-rw-r--r-- 1 root root 1.2K Sep 21 02:20 /app/=5.2

/app/input:
total 132K
-rw-rw-r-- 1 1000 1000  12K Aug 28 20:16 Sky_bands.fits
-rw-rw-r-- 1 1000 1000 1.3K Sep 29 07:43 gleam.sh
-rw-rw-r-- 1 1000 1000 5.4K Sep 29 15:08 gleam_doublet_patch.py
-rw-rw-r-- 1 1000 1000 2.6K Sep 30 00:15 gleamconfig.yaml
-rw-rw-r-- 1 1000 1000 8.5K Sep 29 14:37 line_table.fits
-rw-rw-r-- 1 1000 1000  115 Sep 30 00:15 meta.dat
-rw-rw-r-- 1 1000 1000  85K Sep 30 00:15 spec1d.sdss.sdss.fiber1.1.fits

/app/output:
total 5.5M
-rw-rw-r-- 1 1000 1000  32K Sep 29 15:15 docker.log
-rw-r--r-- 1 1000 1000 505K Sep 29 10:17 linefits.sdss.sdss.fiber1.001.Ha.Ha_broad.NII1.png
-rw-rw-r-- 1 1000 1000 481K Sep 27 23:39 linefits.sdss.sdss.fiber1.001.Ha.NII1.png
-rw-r--r-- 1 root root 520K Sep 30 00:16 linefits.sdss.sdss.fiber1.001.Hb.Hb_broad.png
-rw-rw-r-- 1 1000 1000 476K Sep 27 23:39 linefits.sdss.sdss.fiber1.001.Hb.png
-rw-r--r-- 1 root root 504K Sep 30 00:19 linefits.sdss.sdss.fiber1.001.NII2.Ha.Ha_broad.NII1.png
-rw-r--r-- 1 root root 510K Sep 30 00:16 linefits.sdss.sdss.fiber1.001.OII.png
-rw-r--r-- 1 root root 492K Sep 30 00:17 linefits.sdss.sdss.fiber1.001.OIII4.OIII5.png
-rw-r--r-- 1 1000 1000 490K Sep 29 08:50 linefits.sdss.sdss.fiber1.001.OIII4.png
-rw-r--r-- 1 1000 1000 481K Sep 29 08:50 linefits.sdss.sdss.fiber1.001.OIII5.png
-rw-r--r-- 1 root root 497K Sep 30 00:20 linefits.sdss.sdss.fiber1.001.SII1.SII2.png
-rw-r--r-- 1 root root  20K Sep 30 00:20 linefits.sdss.sdss.fiber1.001.fits
-rw-r--r-- 1 1000 1000 518K Sep 29 10:18 linefits.sdss.sdss.fiber1.001.png
