<IPython.core.display.HTML object>
/app/BADASS3/example_spectra/2-onur
/app/BADASS3/example_spectra/2-onur/my_sdss.fits
0.31352314352989197
Start process memory: 0.22315008                    
 Folder has not been created.  Creating MCMC_output folder...

 > Starting fit for 2-onur

 Input fitting region exceeds available wavelength range.  BADASS will adjust your fitting range automatically...
		- Input fitting range: (2900, 8000)
		- Available wavelength range: (2715, 7917)
		- New fitting region is (2900, 7918). 


 Input spectrum is not linearly binned. BADASS will linearly rebin and conserve flux...


-----------------------------------------------------------
 file:                        my_sdss.fits                  
 redshift:                    0.31352                       
 fitting region:              (2900,7918) [A]               
 velocity scale:              69.03 [km/s/pixel]            
 Galactic E(B-V):             0.000                         
 Flux Normalization:          1e-17                         
 Fit Normalization:           89.15874                      
-----------------------------------------------------------

 Initializing parameters...
----------------------------------------------------------------------------------------------------
	- Fitting a SSP host-galaxy template.
	- Fitting additive legendre polynomial component.
	- Fitting Simple AGN power-law continuum.

 Warning! Peak finding algorithm used for initial guesses of amplitude and velocity failed! Defaulting to user-defined locations...

 Warning! Peak finding algorithm used for initial guesses of amplitude and velocity failed! Defaulting to user-defined locations...

----------------------------------------------------------------------------------------------------------------------------------------

----------------------------------------------------------------------------------------------------------------------------------------

 Line List:

----------------------------------------------------------------------------------------------------------------------------------------
BR_H_ALPHA                                                                                
                              amp                           free                          
                              center                        6564.6                        
                              center_pix                    3548.6868550016816            
                              disp                          free                          
                              disp_res_ang                  1.9398113407818751            
                              disp_res_kms                  88.58739449612679             
                              line_profile                  gaussian                      
                              line_type                     br                            
                              ncomp                         1                             
                              voff                          free                          
BR_H_BETA                                                                                 
                              amp                           (BR_H_ALPHA_AMP/3.0)          
                              center                        4862.691                      
                              center_pix                    2245.428122273908             
                              disp                          BR_H_ALPHA_DISP               
                              disp_res_ang                  1.9398113407818751            
                              disp_res_kms                  119.59238411597076            
                              line_profile                  gaussian                      
                              line_type                     br                            
                              ncomp                         1                             
                              voff                          BR_H_ALPHA_VOFF               
NA_H_ALPHA                                                                                
                              amp                           free                          
                              center                        6564.6                        
                              center_pix                    3548.6868550016816            
                              disp                          free                          
                              disp_res_ang                  1.9398113407818751            
                              disp_res_kms                  88.58739449612679             
                              label                         [H$\alpha$]                   
                              line_profile                  gaussian                      
                              line_type                     na                            
                              ncomp                         1                             
                              voff                          free                          
NA_H_BETA                                                                                 
                              amp                           free                          
                              center                        4862.691                      
                              center_pix                    2245.428122273908             
                              disp                          NA_H_ALPHA_DISP               
                              disp_res_ang                  1.9398113407818751            
                              disp_res_kms                  119.59238411597076            
                              label                         H$\beta$                      
                              line_profile                  gaussian                      
                              line_type                     na                            
                              ncomp                         1                             
                              voff                          NA_H_ALPHA_VOFF               
NA_NII_6549                                                                               
                              amp                           (NA_NII_6585_AMP/3.0)         
                              center                        6549.86                       
                              center_pix                    3538.924788841288             
                              disp                          NA_H_ALPHA_DISP               
                              disp_res_ang                  1.9398113407818751            
                              disp_res_kms                  88.7867542068493              
                              label                         [NII]                         
                              line_profile                  gaussian                      
                              line_type                     na                            
                              ncomp                         1                             
                              voff                          NA_H_ALPHA_VOFF               
NA_NII_6585                                                                               
                              amp                           free                          
                              center                        6585.27                       
                              center_pix                    3562.3394302824404            
                              disp                          NA_H_ALPHA_DISP               
                              disp_res_ang                  1.9398113407818751            
                              disp_res_kms                  88.30933430357054             
                              label                         [NII]                         
                              line_profile                  gaussian                      
                              line_type                     na                            
                              ncomp                         1                             
                              voff                          NA_H_ALPHA_VOFF               
NA_OII                                                                                    
                              amp                           free                          
                              center                        3727.09                       
                              center_pix                    1090.4109051842304            
                              disp                          free                          
                              disp_res_ang                  1.9398113407818751            
                              disp_res_kms                  156.03079343650782            
                              label                         [OII]                         
                              line_profile                  gaussian                      
                              line_type                     na                            
                              ncomp                         1                             
                              voff                          free                          
NA_OIII_a                                                                                 
                              amp                           (NA_OIII_b_AMP/2.98)          
                              center                        4960.295                      
                              center_pix                    2331.7326640910414            
                              disp                          NA_H_ALPHA_DISP               
                              disp_res_ang                  1.9398113407818751            
                              disp_res_kms                  117.23915813661766            
                              label                         [OIIIa]                       
                              line_profile                  gaussian                      
                              line_type                     na                            
                              ncomp                         1                             
                              voff                          NA_H_ALPHA_VOFF               
NA_OIII_b                                                                                 
                              amp                           free                          
                              center                        5008.24                       
                              center_pix                    2373.507091659783             
                              disp                          NA_H_ALPHA_DISP               
                              disp_res_ang                  1.9398113407818751            
                              disp_res_kms                  116.11680149299434            
                              label                         [OIIIb]                       
                              line_profile                  gaussian                      
                              line_type                     na                            
                              ncomp                         1                             
                              voff                          NA_H_ALPHA_VOFF               
NA_SII_6716                                                                               
                              amp                           free                          
                              center                        6718.29                       
                              center_pix                    3649.187230886307             
                              disp                          NA_H_ALPHA_DISP               
                              disp_res_ang                  1.9398113407818751            
                              disp_res_kms                  86.56083764012479             
                              label                         [SII]                         
                              line_profile                  gaussian                      
                              line_type                     na                            
                              ncomp                         1                             
                              voff                          NA_H_ALPHA_VOFF               
NA_SII_6731                                                                               
                              amp                           free                          
                              center                        6732.67                       
                              center_pix                    3658.4726280833074            
                              disp                          NA_H_ALPHA_DISP               
                              disp_res_ang                  1.9398113407818751            
                              disp_res_kms                  86.37595633073862             
                              label                         [SII]                         
                              line_profile                  gaussian                      
                              line_type                     na                            
                              ncomp                         1                             
                              voff                          NA_H_ALPHA_VOFF               

----------------------------------------------------------------------------------------------------------------------------------------

 Number of Free Line Parameters: 14

----------------------------------------------------------------------------------------------------------------------------------------

 All Free Parameters:

----------------------------------------------------------------------------------------------------------------------------------------
APOLY_COEFF_1                                                                             
                              init                          0.0                           
                              plim                          (-100.0, 100.0)               
APOLY_COEFF_2                                                                             
                              init                          0.0                           
                              plim                          (-100.0, 100.0)               
APOLY_COEFF_3                                                                             
                              init                          0.0                           
                              plim                          (-100.0, 100.0)               
APOLY_COEFF_4                                                                             
                              init                          0.0                           
                              plim                          (-100.0, 100.0)               
APOLY_COEFF_5                                                                             
                              init                          0.0                           
                              plim                          (-100.0, 100.0)               
APOLY_COEFF_6                                                                             
                              init                          0.0                           
                              plim                          (-100.0, 100.0)               
APOLY_COEFF_7                                                                             
                              init                          0.0                           
                              plim                          (-100.0, 100.0)               
BR_H_ALPHA_AMP                                                                            
                              init                          0.9488564870410666            
                              plim                          (0, 50)                       
BR_H_ALPHA_DISP                                                                           
                              init                          3300.0                        
                              plim                          (600, 6000)                   
BR_H_ALPHA_VOFF                                                                           
                              init                          0.0                           
                              plim                          (-1500, 1500)                 
                              prior                         {'type': 'gaussian'}          
HOST_TEMP_DISP                                                                            
                              init                          100.0                         
                              plim                          (0.001, 500.0)                
HOST_TEMP_VEL                                                                             
                              init                          0.0                           
                              plim                          (-500.0, 500)                 
NA_H_ALPHA_AMP                                                                            
                              init                          0.9488564870410666            
                              plim                          (0, 50)                       
NA_H_ALPHA_DISP                                                                           
                              init                          1300.0                        
                              plim                          (100, 2500)                   
NA_H_ALPHA_VOFF                                                                           
                              init                          0.0                           
                              plim                          (-1000, 1000)                 
                              prior                         {'type': 'gaussian'}          
NA_H_BETA_AMP                                                                             
                              init                          0.4519196319848149            
                              plim                          (0, 50)                       
NA_NII_6585_AMP                                                                           
                              init                          0.6591143753135944            
                              plim                          (0, 50)                       
NA_OIII_b_AMP                                                                             
                              init                          0.3768112424119175            
                              plim                          (0, 50)                       
NA_OII_AMP                                                                                
                              init                          0.4042068651327095            
                              plim                          (0, 50)                       
NA_OII_DISP                                                                               
                              init                          1300.0                        
                              plim                          (100, 2500)                   
NA_OII_VOFF                                                                               
                              init                          0.0                           
                              plim                          (-1000, 1000)                 
                              prior                         {'type': 'gaussian'}          
NA_SII_6716_AMP                                                                           
                              init                          0.19262650800951492           
                              plim                          (0, 50)                       
NA_SII_6731_AMP                                                                           
                              init                          0.18764408347727562           
                              plim                          (0, 50)                       
POWER_AMP                                                                                 
                              init                          0.12987151752227338           
                              plim                          (0, 1.4999999754010191)       
POWER_SLOPE                                                                               
                              init                          -1.0                          
                              plim                          (-6.0, 6.0)                   

----------------------------------------------------------------------------------------------------------------------------------------

 Total number of free parameters: 25

----------------------------------------------------------------------------------------------------------------------------------------

 Soft Constraints:


----------------------------------------------------------------------------------------------------------------------------------------

----------------------------------------------------------------------------------------------------------------------------------------

 Required Maximum Likelihood RMSE threshold: 0.4739 


 Performing max. likelihood fitting.

 Using Basin-hopping algorithm to estimate parameters. niter_success = 5
basinhopping step 0: f 2.93997
 Fit Status: False
 Force threshold: 0.4739
 Lowest RMSE: 0.0999
 Current RMSE: 0.0999
 Accepted count: 1
 Basinhop count: 0


adaptive stepsize: acceptance rate 0.000000 target 0.500000 new stepsize 0.9 old stepsize 1
basinhopping step 1: f 2.93997 trial_f 4.98736 accepted 0  lowest_f 2.93997
 Fit Status: False
 Force threshold: 0.4739
 Lowest RMSE: 0.0999
 Current RMSE: 0.1302
 Accepted count: 1
 Basinhop count: 1


adaptive stepsize: acceptance rate 0.000000 target 0.500000 new stepsize 0.81 old stepsize 0.9
basinhopping step 2: f 3.07629 trial_f 3.07629 accepted 1  lowest_f 2.93997
 Fit Status: False
 Force threshold: 0.4739
 Lowest RMSE: 0.0999
 Current RMSE: 0.1022
 Accepted count: 2
 Basinhop count: 2


adaptive stepsize: acceptance rate 0.333333 target 0.500000 new stepsize 0.729 old stepsize 0.81
basinhopping step 3: f 3.07629 trial_f 5.29598 accepted 0  lowest_f 2.93997
 Fit Status: False
 Force threshold: 0.4739
 Lowest RMSE: 0.0999
 Current RMSE: 0.1341
 Accepted count: 2
 Basinhop count: 3


adaptive stepsize: acceptance rate 0.250000 target 0.500000 new stepsize 0.6561 old stepsize 0.729
basinhopping step 4: f 3.08544 trial_f 3.08544 accepted 1  lowest_f 2.93997
 Fit Status: False
 Force threshold: 0.4739
 Lowest RMSE: 0.0999
 Current RMSE: 0.1024
 Accepted count: 3
 Basinhop count: 4


adaptive stepsize: acceptance rate 0.400000 target 0.500000 new stepsize 0.59049 old stepsize 0.6561
basinhopping step 5: f 3.10194 trial_f 3.10194 accepted 1  lowest_f 2.93997
 Fit Status: True
 Force threshold: 0.4739
 Lowest RMSE: 0.0999
 Current RMSE: 0.1027
 Accepted count: 4
 Basinhop count: 5



 Maximum Likelihood Best-fit Parameters:
--------------------------------------------------------------------------------------

Parameter                     Best-fit Value                +/- 1-sigma                   Flag                          
--------------------------------------------------------------------------------------
AGN_FRAC_4000                 0.862893                      0.000000                      1.0                           
AGN_FRAC_7000                 0.565166                      0.000000                      1.0                           
APOLY_COEFF_1                 -0.074181                     0.000000                      1.0                           
APOLY_COEFF_2                 0.044026                      0.000000                      1.0                           
APOLY_COEFF_3                 -0.016857                     0.000000                      1.0                           
APOLY_COEFF_4                 -0.005085                     0.000000                      1.0                           
APOLY_COEFF_5                 -0.004255                     0.000000                      1.0                           
APOLY_COEFF_6                 -0.029218                     0.000000                      1.0                           
APOLY_COEFF_7                 -0.011301                     0.000000                      1.0                           
BR_H_ALPHA_AMP                0.450588                      0.000000                      1.0                           
BR_H_ALPHA_DISP               3299.984603                   0.000000                      1.0                           
BR_H_ALPHA_DISP_CORR          3298.795334                   0.000000                      1.0                           
BR_H_ALPHA_DISP_RES           88.587394                     nan                           nan                           
BR_H_ALPHA_EW                 7.602476                      0.000000                      0.0                           
BR_H_ALPHA_FLUX               -14.969783                    0.000000                      0.0                           
BR_H_ALPHA_FWHM               7771.053079                   0.000000                      0.0                           
BR_H_ALPHA_FWHM_CORR          7768.252677                   0.000000                      0.0                           
BR_H_ALPHA_LUM                41.534657                     0.000000                      0.0                           
BR_H_ALPHA_NPIX               12.000000                     0.000000                      0.0                           
BR_H_ALPHA_SNR                0.466773                      0.000000                      0.0                           
BR_H_ALPHA_VOFF               -0.006154                     0.000000                      1.0                           
BR_H_ALPHA_W80                8655.223873                   0.000000                      0.0                           
BR_H_ALPHA_W80_CORR           8652.235999                   0.000000                      0.0                           
BR_H_BETA_AMP                 0.150196                      0.000000                      1.0                           
BR_H_BETA_DISP                3299.984603                   0.000000                      1.0                           
BR_H_BETA_DISP_CORR           3297.816860                   0.000000                      1.0                           
BR_H_BETA_DISP_RES            119.592384                    nan                           nan                           
BR_H_BETA_EW                  1.205773                      0.000000                      0.0                           
BR_H_BETA_FLUX                -15.577271                    0.000000                      0.0                           
BR_H_BETA_FWHM                7771.170417                   0.000000                      0.0                           
BR_H_BETA_FWHM_CORR           7766.066057                   0.000000                      0.0                           
BR_H_BETA_LUM                 40.927168                     0.000000                      0.0                           
BR_H_BETA_NPIX                12.000000                     0.000000                      0.0                           
BR_H_BETA_SNR                 0.155588                      0.000000                      0.0                           
BR_H_BETA_VOFF                -0.006154                     0.000000                      1.0                           
BR_H_BETA_W80                 8653.860162                   0.000000                      0.0                           
BR_H_BETA_W80_CORR            8648.413184                   0.000000                      0.0                           
HOST_FRAC_4000                0.134996                      0.000000                      1.0                           
HOST_FRAC_7000                0.268683                      0.000000                      1.0                           
HOST_TEMP_DISP                100.001125                    0.000000                      1.0                           
HOST_TEMP_VEL                 -0.000122                     0.000000                      1.0                           
H_ALPHA_COMP_DISP             1364.417743                   0.000000                      0.0                           
H_ALPHA_COMP_DISP_CORR        1361.538854                   0.000000                      0.0                           
H_ALPHA_COMP_DISP_RES         88.587394                     nan                           nan                           
H_ALPHA_COMP_EW               408.924333                    0.000000                      1.0                           
H_ALPHA_COMP_FLUX             -13.241791                    0.000000                      1.0                           
H_ALPHA_COMP_FWHM             3074.633217                   0.000000                      0.0                           
H_ALPHA_COMP_FWHM_CORR        3067.548389                   0.000000                      0.0                           
H_ALPHA_COMP_LUM              43.262649                     0.000000                      1.0                           
H_ALPHA_COMP_NPIX             127.000000                    0.000000                      0.0                           
H_ALPHA_COMP_SNR              40.176714                     0.000000                      0.0                           
H_ALPHA_COMP_VOFF             -0.019000                     0.000000                      0.0                           
H_ALPHA_COMP_W80              3470.172763                   0.000000                      0.0                           
H_ALPHA_COMP_W80_CORR         3462.713747                   0.000000                      0.0                           
H_BETA_COMP_DISP              1379.644610                   0.000000                      0.0                           
H_BETA_COMP_DISP_CORR         1374.451495                   0.000000                      0.0                           
H_BETA_COMP_DISP_RES          119.592384                    nan                           nan                           
H_BETA_COMP_EW                52.192550                     0.000000                      1.0                           
H_BETA_COMP_FLUX              -13.944411                    0.000000                      1.0                           
H_BETA_COMP_FWHM              3078.213126                   0.000000                      0.0                           
H_BETA_COMP_FWHM_CORR         3065.303965                   0.000000                      0.0                           
H_BETA_COMP_LUM               42.560029                     0.000000                      1.0                           
H_BETA_COMP_NPIX              105.000000                    0.000000                      0.0                           
H_BETA_COMP_SNR               14.372303                     0.000000                      0.0                           
H_BETA_COMP_VOFF              -0.019020                     0.000000                      0.0                           
H_BETA_COMP_W80               3485.607233                   0.000000                      0.0                           
H_BETA_COMP_W80_CORR          3472.061734                   0.000000                      0.0                           
LOG_LIKE                      2.939971                      0.000000                      0.0                           
L_CONT_AGN_3000               44.626728                     0.000000                      1.0                           
L_CONT_AGN_5100               44.371762                     0.000000                      1.0                           
L_CONT_HOST_3000              44.002517                     0.000000                      1.0                           
L_CONT_HOST_5100              43.791135                     0.000000                      1.0                           
L_CONT_TOT_3000               44.631811                     0.000000                      1.0                           
L_CONT_TOT_5100               44.514948                     0.000000                      1.0                           
NA_H_ALPHA_AMP                60.004933                     0.000000                      1.0                           
NA_H_ALPHA_DISP               1299.875636                   0.000000                      1.0                           
NA_H_ALPHA_DISP_CORR          1296.853478                   0.000000                      1.0                           
NA_H_ALPHA_DISP_RES           88.587394                     nan                           nan                           
NA_H_ALPHA_EW                 401.321857                    0.000000                      0.0                           
NA_H_ALPHA_FLUX               -13.249992                    0.000000                      0.0                           
NA_H_ALPHA_FWHM               3061.497516                   0.000000                      0.0                           
NA_H_ALPHA_FWHM_CORR          3054.382220                   0.000000                      0.0                           
NA_H_ALPHA_LUM                43.254448                     0.000000                      0.0                           
NA_H_ALPHA_NPIX               123.000000                    0.000000                      0.0                           
NA_H_ALPHA_SNR                62.153056                     0.000000                      0.0                           
NA_H_ALPHA_VOFF               -0.019646                     0.000000                      1.0                           
NA_H_ALPHA_W80                3409.067832                   0.000000                      0.0                           
NA_H_ALPHA_W80_CORR           3401.474824                   0.000000                      0.0                           
NA_H_BETA_AMP                 15.990659                     0.000000                      1.0                           
NA_H_BETA_DISP                1299.875636                   0.000000                      1.0                           
NA_H_BETA_DISP_CORR           1294.362520                   0.000000                      1.0                           
NA_H_BETA_DISP_RES            119.592384                    nan                           nan                           
NA_H_BETA_EW                  50.986777                     0.000000                      0.0                           
NA_H_BETA_FLUX                -13.954644                    0.000000                      0.0                           
NA_H_BETA_FWHM                3061.792903                   0.000000                      0.0                           
NA_H_BETA_FWHM_CORR           3048.814217                   0.000000                      0.0                           
NA_H_BETA_LUM                 42.549795                     0.000000                      0.0                           
NA_H_BETA_NPIX                103.000000                    0.000000                      0.0                           
NA_H_BETA_SNR                 16.561130                     0.000000                      0.0                           
NA_H_BETA_VOFF                -0.019646                     0.000000                      1.0                           
NA_H_BETA_W80                 3409.066568                   0.000000                      0.0                           
NA_H_BETA_W80_CORR            3395.215717                   0.000000                      0.0                           
NA_NII_6549_AMP               0.000028                      0.000000                      1.0                           
NA_NII_6549_DISP              1299.875636                   0.000000                      1.0                           
NA_NII_6549_DISP_CORR         1296.839845                   0.000000                      1.0                           
NA_NII_6549_DISP_RES          88.786754                     nan                           nan                           
NA_NII_6549_EW                0.000000                      0.000000                      1.0                           
NA_NII_6549_FLUX              0.000000                      0.000000                      0.0                           
NA_NII_6549_FWHM              0.000000                      0.000000                      0.0                           
NA_NII_6549_FWHM_CORR         0.000000                      0.000000                      0.0                           
NA_NII_6549_LUM               0.000000                      0.000000                      1.0                           
NA_NII_6549_NPIX              12.000000                     0.000000                      0.0                           
NA_NII_6549_SNR               0.000000                      0.000000                      0.0                           
NA_NII_6549_VOFF              -0.019646                     0.000000                      1.0                           
NA_NII_6549_W80               0.000000                      0.000000                      0.0                           
NA_NII_6549_W80_CORR          0.000000                      0.000000                      0.0                           
NA_NII_6585_AMP               0.000085                      0.000000                      1.0                           
NA_NII_6585_DISP              1299.875636                   0.000000                      1.0                           
NA_NII_6585_DISP_CORR         1296.872442                   0.000000                      1.0                           
NA_NII_6585_DISP_RES          88.309334                     nan                           nan                           
NA_NII_6585_EW                0.000000                      0.000000                      1.0                           
NA_NII_6585_FLUX              0.000000                      0.000000                      0.0                           
NA_NII_6585_FWHM              0.000000                      0.000000                      0.0                           
NA_NII_6585_FWHM_CORR         0.000000                      0.000000                      0.0                           
NA_NII_6585_LUM               0.000000                      0.000000                      1.0                           
NA_NII_6585_NPIX              12.000000                     0.000000                      0.0                           
NA_NII_6585_SNR               0.000000                      0.000000                      0.0                           
NA_NII_6585_VOFF              -0.019646                     0.000000                      1.0                           
NA_NII_6585_W80               0.000000                      0.000000                      0.0                           
NA_NII_6585_W80_CORR          0.000000                      0.000000                      0.0                           
NA_OIII_a_AMP                 1.674371                      0.000000                      1.0                           
NA_OIII_a_DISP                1299.875636                   0.000000                      1.0                           
NA_OIII_a_DISP_CORR           1294.577788                   0.000000                      1.0                           
NA_OIII_a_DISP_RES            117.239158                    nan                           nan                           
NA_OIII_a_EW                  5.526498                      0.000000                      0.0                           
NA_OIII_a_FLUX                -14.926032                    0.000000                      0.0                           
NA_OIII_a_FWHM                3061.394058                   0.000000                      0.0                           
NA_OIII_a_FWHM_CORR           3048.920514                   0.000000                      0.0                           
NA_OIII_a_LUM                 41.578408                     0.000000                      0.0                           
NA_OIII_a_NPIX                57.000000                     0.000000                      0.0                           
NA_OIII_a_SNR                 1.734377                      0.000000                      0.0                           
NA_OIII_a_VOFF                -0.019646                     0.000000                      1.0                           
NA_OIII_a_W80                 3409.109782                   0.000000                      0.0                           
NA_OIII_a_W80_CORR            3395.799884                   0.000000                      0.0                           
NA_OIII_b_AMP                 4.989626                      0.000000                      1.0                           
NA_OIII_b_DISP                1299.875636                   0.000000                      1.0                           
NA_OIII_b_DISP_CORR           1294.678940                   0.000000                      1.0                           
NA_OIII_b_DISP_RES            116.116801                    nan                           nan                           
NA_OIII_b_EW                  17.158436                     0.000000                      0.0                           
NA_OIII_b_FLUX                -14.447635                    0.000000                      0.0                           
NA_OIII_b_FWHM                3061.985360                   0.000000                      0.0                           
NA_OIII_b_FWHM_CORR           3049.752346                   0.000000                      0.0                           
NA_OIII_b_LUM                 42.056805                     0.000000                      0.0                           
NA_OIII_b_NPIX                84.000000                     0.000000                      0.0                           
NA_OIII_b_SNR                 5.167194                      0.000000                      0.0                           
NA_OIII_b_VOFF                -0.019646                     0.000000                      1.0                           
NA_OIII_b_W80                 3409.040648                   0.000000                      0.0                           
NA_OIII_b_W80_CORR            3395.984588                   0.000000                      0.0                           
NA_OII_AMP                    1.986610                      0.000000                      1.0                           
NA_OII_DISP                   1299.996460                   0.000000                      1.0                           
NA_OII_DISP_CORR              1290.598771                   0.000000                      1.0                           
NA_OII_DISP_RES               156.030793                    nan                           nan                           
NA_OII_EW                     3.668943                      0.000000                      0.0                           
NA_OII_FLUX                   -14.975868                    0.000000                      0.0                           
NA_OII_FWHM                   3062.029385                   0.000000                      0.0                           
NA_OII_FWHM_CORR              3039.905514                   0.000000                      0.0                           
NA_OII_LUM                    41.528572                     0.000000                      0.0                           
NA_OII_NPIX                   53.000000                     0.000000                      0.0                           
NA_OII_SNR                    2.057524                      0.000000                      0.0                           
NA_OII_VOFF                   0.000439                      0.000000                      1.0                           
NA_OII_W80                    3409.338023                   0.000000                      0.0                           
NA_OII_W80_CORR               3385.728967                   0.000000                      0.0                           
NA_SII_6716_AMP               1.599758                      0.000000                      1.0                           
NA_SII_6716_DISP              1299.875636                   0.000000                      1.0                           
NA_SII_6716_DISP_CORR         1296.990321                   0.000000                      1.0                           
NA_SII_6716_DISP_RES          86.560838                     nan                           nan                           
NA_SII_6716_EW                10.982711                     0.000000                      0.0                           
NA_SII_6716_FLUX              -14.814078                    0.000000                      0.0                           
NA_SII_6716_FWHM              3061.232463                   0.000000                      0.0                           
NA_SII_6716_FWHM_CORR         3054.438755                   0.000000                      0.0                           
NA_SII_6716_LUM               41.690362                     0.000000                      0.0                           
NA_SII_6716_NPIX              63.000000                     0.000000                      0.0                           
NA_SII_6716_SNR               1.657176                      0.000000                      0.0                           
NA_SII_6716_VOFF              -0.019646                     0.000000                      1.0                           
NA_SII_6716_W80               3409.011478                   0.000000                      0.0                           
NA_SII_6716_W80_CORR          3401.762142                   0.000000                      0.0                           
NA_SII_6731_AMP               0.000000                      0.000000                      2.0                           
NA_SII_6731_DISP              1299.875636                   0.000000                      1.0                           
NA_SII_6731_DISP_CORR         1297.002646                   0.000000                      1.0                           
NA_SII_6731_DISP_RES          86.375956                     nan                           nan                           
NA_SII_6731_EW                0.000000                      0.000000                      1.0                           
NA_SII_6731_FLUX              0.000000                      0.000000                      0.0                           
NA_SII_6731_FWHM              0.000000                      0.000000                      0.0                           
NA_SII_6731_FWHM_CORR         0.000000                      0.000000                      0.0                           
NA_SII_6731_LUM               0.000000                      0.000000                      1.0                           
NA_SII_6731_NPIX              12.000000                     0.000000                      0.0                           
NA_SII_6731_SNR               0.000000                      0.000000                      0.0                           
NA_SII_6731_VOFF              -0.019646                     0.000000                      1.0                           
NA_SII_6731_W80               0.000000                      0.000000                      0.0                           
NA_SII_6731_W80_CORR          0.000000                      0.000000                      0.0                           
POWER_AMP                     15.009719                     0.000000                      1.0                           
POWER_SLOPE                   -1.397508                     0.000000                      1.0                           
RCHI_SQUARED                  276.537586                    0.000000                      0.0                           
R_SQUARED                     0.992624                      0.000000                      0.0                           
NOISE_STD                     0.905891                                                                                  
RESID_STD                     2.314347                                                                                  
--------------------------------------------------------------------------------------
 - Done fitting 2-onur! 

End process memory: 0.25820774                    
