7.0.1
1.3.2
2.1.6
3.1.6
['/home/onur/Documents/AGNEmissionLines_ThirdPartyLibraries/pyqsofit/PyQSOFit/src/pyqsofit']
FWHM Resolution: 2.5 Å
[ 3566.97426784  3567.79484559  3568.6175712  ... 10394.41199851
 10396.80892696 10399.20640813] Angstrom [57.09850693 57.09289932 57.08731079 ... 10.64587688 10.64599609
 10.6461153 ] erg / (Angstrom s cm2) [2.85492535 2.85464497 2.85436554 ... 0.53229384 0.5322998  0.53230577] erg / (Angstrom s cm2) 0.34872591495513916
Got negative host galaxy / QSO flux over 10% of coverage, decomposition is not applied!
Name            Value      Min      Max   Stderr     Vary     Expr Brute_Step
Balmer_Tau        0.5      0.1        2     None    False     None     None
Balmer_Te     1.5e+04    1e+04    5e+04     None    False     None     None
Blamer_norm         0        0    1e+10     None    False     None     None
Fe_op_FWHM       3000     1200  1.8e+04     None     True     None     None
Fe_op_norm          0        0    1e+10     None     True     None     None
Fe_op_shift         0    -0.01     0.01     None     True     None     None
Fe_uv_FWHM       3000     1200  1.8e+04     None     True     None     None
Fe_uv_norm          0        0    1e+10     None     True     None     None
Fe_uv_shift         0    -0.01     0.01     None     True     None     None
PL_norm             1        0    1e+10     None     True     None     None
PL_slope         -1.5       -5        3     None     True     None     None
conti_a_0           0     -inf      inf     None     True     None     None
conti_a_1           0     -inf      inf     None     True     None     None
conti_a_2           0     -inf      inf     None     True     None     None
Fitting continuum
Fit report
[[Variables]]
    Fe_uv_norm:   3.01954795 (init = 0)
    Fe_uv_FWHM:   14613.7809 (init = 3000)
    Fe_uv_shift:  0.00789893 (init = 0)
    Fe_op_norm:   5.01658548 (init = 0)
    Fe_op_FWHM:   18000.0000 (init = 3000)
    Fe_op_shift:  0.01000000 (init = 0)
    PL_norm:      50.6839654 (init = 1)
    PL_slope:    -0.96398158 (init = -1.5)
    Blamer_norm:  0 (fixed)
    Balmer_Te:    15000 (fixed)
    Balmer_Tau:   0.5 (fixed)
    conti_a_0:   -12214.1434 (init = 0)
    conti_a_1:    4.99889215 (init = 0)
    conti_a_2:   -5.5806e-04 (init = 0)
Name                    Value      Min      Max   Stderr     Vary     Expr Brute_Step
Hb_br_1_dwave               0    -0.01     0.01     None     True     None     None
Hb_br_1_scale               0        0    1e+10     None     True     None     None
Hb_br_1_sigma           0.005    0.004     0.05     None     True     None     None
Hb_br_2_dwave               0    -0.01     0.01     None     True     None     None
Hb_br_2_scale               0        0    1e+10     None     True     None     None
Hb_br_2_sigma           0.005    0.004     0.05     None     True     None     None
Hb_na_1_dwave               0    -0.01     0.01     None     True     None     None
Hb_na_1_scale               0        0    1e+10     None     True     None     None
Hb_na_1_sigma           0.001  0.00023  0.00169     None     True     None     None
HeII4687_br_1_dwave         0   -0.005    0.005     None     True     None     None
HeII4687_br_1_scale         0        0    1e+10     None     True     None     None
HeII4687_br_1_sigma     0.005    0.004     0.05     None     True     None     None
HeII4687_na_1_dwave         0   -0.005    0.005     None    False Hb_na_1_dwave     None
HeII4687_na_1_scale         0        0    1e+10     None     True     None     None
HeII4687_na_1_sigma     0.001  0.00023  0.00169     None    False Hb_na_1_sigma     None
OIII4959c_1_dwave           0    -0.01     0.01     None    False Hb_na_1_dwave     None
OIII4959c_1_scale           0        0    1e+10     None     True     None     None
OIII4959c_1_sigma       0.001  0.00023  0.00169     None    False Hb_na_1_sigma     None
OIII4959w_1_dwave           0    -0.01     0.01     None     True     None     None
OIII4959w_1_scale           0        0    1e+10     None     True     None     None
OIII4959w_1_sigma       0.003  0.00023    0.004     None     True     None     None
OIII5007c_1_dwave           0    -0.01     0.01     None    False Hb_na_1_dwave     None
OIII5007c_1_scale           0        0    1e+10     None    False 3.0303030014038086 * OIII4959c_1_scale     None
OIII5007c_1_sigma       0.001  0.00023  0.00169     None    False Hb_na_1_sigma     None
OIII5007w_1_dwave           0    -0.01     0.01     None    False OIII4959w_1_dwave     None
OIII5007w_1_scale           0        0    1e+10     None    False 3.0303030014038086 * OIII4959w_1_scale     None
OIII5007w_1_sigma       0.003  0.00023    0.004     None    False OIII4959w_1_sigma     None
Fitting complex Hb
Fit report
[[Variables]]
    Hb_br_1_scale:        10.4681713 (init = 0)
    Hb_br_1_dwave:        0.00239885 (init = 0)
    Hb_br_1_sigma:        0.00815830 (init = 0.005)
    Hb_br_2_scale:        13.4877187 (init = 0)
    Hb_br_2_dwave:       -0.00224194 (init = 0)
    Hb_br_2_sigma:        0.00401632 (init = 0.005)
    Hb_na_1_scale:        8.61112459 (init = 0)
    Hb_na_1_dwave:       -4.2233e-04 (init = 0)
    Hb_na_1_sigma:        0.00114333 (init = 0.001)
    OIII4959c_1_scale:    7.65010055 (init = 0)
    OIII4959c_1_dwave:   -4.2233e-04 == 'Hb_na_1_dwave'
    OIII4959c_1_sigma:    0.00114333 == 'Hb_na_1_sigma'
    OIII5007c_1_scale:    23.1821227 == '3.0303030014038086 * OIII4959c_1_scale'
    OIII5007c_1_dwave:   -4.2233e-04 == 'Hb_na_1_dwave'
    OIII5007c_1_sigma:    0.00114333 == 'Hb_na_1_sigma'
    OIII4959w_1_scale:    0.03432532 (init = 0)
    OIII4959w_1_dwave:   -0.00913686 (init = 0)
    OIII4959w_1_sigma:    0.00396886 (init = 0.003)
    OIII5007w_1_scale:    0.10401612 == '3.0303030014038086 * OIII4959w_1_scale'
    OIII5007w_1_dwave:   -0.00913686 == 'OIII4959w_1_dwave'
    OIII5007w_1_sigma:    0.00396886 == 'OIII4959w_1_sigma'
    HeII4687_br_1_scale:  2.15935436 (init = 0)
    HeII4687_br_1_dwave: -0.00500000 (init = 0)
    HeII4687_br_1_sigma:  0.00637802 (init = 0.005)
    HeII4687_na_1_scale:  0.72405193 (init = 0)
    HeII4687_na_1_dwave: -4.2233e-04 == 'Hb_na_1_dwave'
    HeII4687_na_1_sigma:  0.00114333 == 'Hb_na_1_sigma'
Name                Value      Min      Max   Stderr     Vary     Expr Brute_Step
Ha_br_1_dwave           0   -0.015    0.015     None     True     None     None
Ha_br_1_scale           0        0    1e+10     None     True     None     None
Ha_br_1_sigma       0.005    0.004     0.05     None     True     None     None
Ha_br_2_dwave           0   -0.015    0.015     None     True     None     None
Ha_br_2_scale           0        0    1e+10     None     True     None     None
Ha_br_2_sigma       0.005    0.004     0.05     None     True     None     None
Ha_na_1_dwave           0    -0.01     0.01     None     True     None     None
Ha_na_1_scale           0        0    1e+10     None     True     None     None
Ha_na_1_sigma       0.001   0.0005  0.00169     None     True     None     None
NII6549_1_dwave         0   -0.005    0.005     None    False Ha_na_1_dwave     None
NII6549_1_scale         0        0    1e+10     None     True     None     None
NII6549_1_sigma     0.001  0.00023  0.00169     None    False Ha_na_1_sigma     None
NII6585_1_dwave         0   -0.005    0.005     None    False Ha_na_1_dwave     None
NII6585_1_scale         0        0    1e+10     None    False 3.0 * NII6549_1_scale     None
NII6585_1_sigma     0.001  0.00023  0.00169     None    False Ha_na_1_sigma     None
SII6718_1_dwave         0   -0.005    0.005     None    False Ha_na_1_dwave     None
SII6718_1_scale         0        0    1e+10     None     True     None     None
SII6718_1_sigma     0.001  0.00023  0.00169     None    False Ha_na_1_sigma     None
SII6732_1_dwave         0   -0.005    0.005     None    False Ha_na_1_dwave     None
SII6732_1_scale         0        0    1e+10     None     True     None     None
SII6732_1_sigma     0.001  0.00023  0.00169     None    False Ha_na_1_sigma     None
Fitting complex Ha
Fit report
[[Variables]]
    Ha_br_1_scale:    10.5270337 +/- 1.12320596 (10.67%) (init = 0)
    Ha_br_1_dwave:   -2.7353e-04 +/- 2.4838e-04 (90.80%) (init = 0)
    Ha_br_1_sigma:    0.01238262 +/- 6.0594e-04 (4.89%) (init = 0.005)
    Ha_br_2_scale:    34.4857332 +/- 1.78204178 (5.17%) (init = 0)
    Ha_br_2_dwave:   -8.6754e-04 +/- 8.9766e-05 (10.35%) (init = 0)
    Ha_br_2_sigma:    0.00524715 +/- 2.2046e-04 (4.20%) (init = 0.005)
    Ha_na_1_scale:    43.0196778 +/- 1.81616473 (4.22%) (init = 0)
    Ha_na_1_dwave:   -7.9587e-04 +/- 8.7857e-05 (11.04%) (init = 0)
    Ha_na_1_sigma:    0.00168357 +/- 1.1454e-04 (6.80%) (init = 0.001)
    NII6549_1_scale:  4.28312885 +/- 0.73446842 (17.15%) (init = 0)
    NII6549_1_dwave: -7.9587e-04 +/- 8.7857e-05 (11.04%) == 'Ha_na_1_dwave'
    NII6549_1_sigma:  0.00168357 +/- 1.1454e-04 (6.80%) == 'Ha_na_1_sigma'
    NII6585_1_scale:  12.8493866 +/- 2.20340525 (17.15%) == '3.0 * NII6549_1_scale'
    NII6585_1_dwave: -7.9587e-04 +/- 8.7857e-05 (11.04%) == 'Ha_na_1_dwave'
    NII6585_1_sigma:  0.00168357 +/- 1.1454e-04 (6.80%) == 'Ha_na_1_sigma'
    SII6718_1_scale:  0.11578072 +/- 2.21937916 (1916.88%) (init = 0)
    SII6718_1_dwave: -7.9587e-04 +/- 8.7857e-05 (11.04%) == 'Ha_na_1_dwave'
    SII6718_1_sigma:  0.00168357 +/- 1.1454e-04 (6.80%) == 'Ha_na_1_sigma'
    SII6732_1_scale:  1.87098836 +/- 0.26321829 (14.07%) (init = 0)
    SII6732_1_dwave: -7.9587e-04 +/- 8.7857e-05 (11.04%) == 'Ha_na_1_dwave'
    SII6732_1_sigma:  0.00168357 +/- 1.1454e-04 (6.80%) == 'Ha_na_1_sigma'
[[Correlations]] (unreported correlations are < 0.100)
    C(Ha_br_1_scale, Ha_br_1_sigma)     = -0.9540
    C(Ha_br_1_scale, Ha_br_2_sigma)     = -0.8446
    C(Ha_na_1_dwave, NII6549_1_scale)   = -0.7277
    C(Ha_br_1_sigma, Ha_br_2_sigma)     = +0.7216
    C(Ha_br_2_sigma, Ha_na_1_scale)     = +0.6092
    C(Ha_na_1_sigma, NII6549_1_scale)   = -0.5550
    C(Ha_br_1_dwave, Ha_br_2_dwave)     = -0.5483
    C(Ha_br_2_scale, Ha_na_1_sigma)     = -0.5105
    C(Ha_br_2_scale, Ha_br_2_sigma)     = -0.4418
    C(Ha_br_2_scale, Ha_na_1_scale)     = -0.4323
    C(SII6718_1_scale, SII6732_1_scale) = +0.4263
    C(Ha_br_1_scale, Ha_na_1_scale)     = -0.4232
    C(Ha_na_1_dwave, Ha_na_1_sigma)     = +0.4038
    C(Ha_br_2_sigma, NII6549_1_scale)   = +0.3847
    C(Ha_br_1_sigma, SII6732_1_scale)   = -0.3625
    C(Ha_br_1_sigma, Ha_na_1_scale)     = +0.3406
    C(Ha_br_2_scale, Ha_br_2_dwave)     = +0.3387
    C(Ha_br_1_scale, SII6732_1_scale)   = +0.3377
    C(Ha_br_1_scale, Ha_br_1_dwave)     = -0.3213
    C(Ha_br_2_sigma, Ha_na_1_dwave)     = -0.3213
    C(Ha_br_1_dwave, Ha_br_2_sigma)     = +0.3103
    C(Ha_br_1_dwave, Ha_br_1_sigma)     = +0.3098
    C(Ha_br_1_scale, NII6549_1_scale)   = -0.3078
    C(Ha_br_1_sigma, NII6549_1_scale)   = +0.2868
    C(Ha_br_1_scale, Ha_na_1_dwave)     = +0.2867
    C(Ha_br_1_dwave, SII6718_1_scale)   = +0.2836
    C(Ha_br_1_sigma, Ha_na_1_dwave)     = -0.2741
    C(Ha_br_1_sigma, SII6718_1_scale)   = +0.2638
    C(Ha_br_2_sigma, Ha_na_1_sigma)     = +0.2501
    C(Ha_br_2_sigma, SII6732_1_scale)   = -0.2496
    C(Ha_br_2_scale, NII6549_1_scale)   = -0.2367
    C(Ha_br_1_dwave, NII6549_1_scale)   = +0.2314
    C(Ha_na_1_scale, NII6549_1_scale)   = +0.2233
    C(Ha_br_2_dwave, NII6549_1_scale)   = -0.2169
    C(Ha_br_1_scale, SII6718_1_scale)   = -0.1947
    C(Ha_br_1_dwave, Ha_na_1_scale)     = +0.1899
    C(Ha_na_1_dwave, SII6718_1_scale)   = -0.1846
    C(Ha_br_2_dwave, Ha_br_2_sigma)     = -0.1819
    C(Ha_br_1_dwave, SII6732_1_scale)   = -0.1763
    C(Ha_br_2_dwave, Ha_na_1_scale)     = -0.1745
    C(Ha_br_1_sigma, Ha_br_2_scale)     = +0.1660
    C(Ha_br_2_dwave, Ha_na_1_dwave)     = -0.1578
    C(Ha_br_2_sigma, SII6718_1_scale)   = +0.1520
    C(NII6549_1_scale, SII6718_1_scale) = +0.1306
    C(Ha_na_1_sigma, SII6732_1_scale)   = -0.1306
    C(Ha_na_1_scale, SII6732_1_scale)   = -0.1241
    C(Ha_br_2_scale, Ha_na_1_dwave)     = +0.1219
    C(Ha_br_2_dwave, Ha_na_1_sigma)     = -0.1090
Saving figure as ./result.pdf
Fitting finished in 34.1s
wrote pyqsofit_model.csv
['ra' 'dec' 'plateid' 'MJD' 'fiberid' 'redshift' 'SN_ratio_conti'
 'Fe_uv_norm' 'Fe_uv_FWHM' 'Fe_uv_shift' 'Fe_op_norm' 'Fe_op_FWHM'
 'Fe_op_shift' 'PL_norm' 'PL_slope' 'Blamer_norm' 'Balmer_Te' 'Balmer_Tau'
 'conti_a_0' 'conti_a_1' 'conti_a_2' 'L1350' 'L1450' 'L3000' 'L4200'
 'L5100' 'Fe_flux_4435_4685']

['-999' '-999' '0' '0' '0' '0.34872591495513916' '42.454379254610956'
 '3.019547945015688' '14613.780900500773' '0.007898926210847316'
 '5.016585480355218' '17999.999993523135' '0.009999999773706695'
 '50.68396535801156' '-0.9639815782002978' '0.0' '15000.0' '0.5'
 '-12214.143427431816' '4.9988921541026405' '-0.0005580584174669223'
 '-1.0' '-1.0' '44.79380270754332' '44.68563812194063' '44.65416903998273'
 '1697.485940725974']
['Hb_br_1_scale' 'Hb_br_1_centerwave' 'Hb_br_1_sigma' 'Hb_br_2_scale'
 'Hb_br_2_centerwave' 'Hb_br_2_sigma' 'Hb_na_1_scale' 'Hb_na_1_centerwave'
 'Hb_na_1_sigma' 'OIII4959c_1_scale' 'OIII4959c_1_centerwave'
 'OIII4959c_1_sigma' 'OIII5007c_1_scale' 'OIII5007c_1_centerwave'
 'OIII5007c_1_sigma' 'OIII4959w_1_scale' 'OIII4959w_1_centerwave'
 'OIII4959w_1_sigma' 'OIII5007w_1_scale' 'OIII5007w_1_centerwave'
 'OIII5007w_1_sigma' 'HeII4687_br_1_scale' 'HeII4687_br_1_centerwave'
 'HeII4687_br_1_sigma' 'HeII4687_na_1_scale' 'HeII4687_na_1_centerwave'
 'HeII4687_na_1_sigma' 'Ha_br_1_scale' 'Ha_br_1_centerwave'
 'Ha_br_1_sigma' 'Ha_br_2_scale' 'Ha_br_2_centerwave' 'Ha_br_2_sigma'
 'Ha_na_1_scale' 'Ha_na_1_centerwave' 'Ha_na_1_sigma' 'NII6549_1_scale'
 'NII6549_1_centerwave' 'NII6549_1_sigma' 'NII6585_1_scale'
 'NII6585_1_centerwave' 'NII6585_1_sigma' 'SII6718_1_scale'
 'SII6718_1_centerwave' 'SII6718_1_sigma' 'SII6732_1_scale'
 'SII6732_1_centerwave' 'SII6732_1_sigma']

[1.04681713e+01 8.49174440e+00 8.15830383e-03 1.34877187e+01
 8.48710361e+00 4.01631704e-03 8.61112459e+00 8.48892322e+00
 1.14332504e-03 7.65010055e+00 8.50879875e+00 1.14332504e-03
 2.31821227e+01 8.51841751e+00 1.14332504e-03 3.43253204e-02
 8.50008422e+00 3.96885936e-03 1.04016121e-01 8.50970298e+00
 3.96885936e-03 2.15935436e+00 8.44755184e+00 6.37801631e-03
 7.24051930e-01 8.45212952e+00 1.14332504e-03 1.05270337e+01
 8.78917520e+00 1.23826249e-02 3.44857332e+01 8.78858120e+00
 5.24715404e-03 4.30196778e+01 8.78865287e+00 1.68357480e-03
 4.28312885e+00 8.78640125e+00 1.68357480e-03 1.28493866e+01
 8.79179618e+00 1.68357480e-03 1.15780718e-01 8.81179282e+00
 1.68357480e-03 1.87098836e+00 8.81393096e+00 1.68357480e-03]
['Hb_br_1_scale' 'Hb_br_1_sigma' 'Hb_br_2_centerwave' 'Hb_na_1_scale'
 'Hb_na_1_sigma' 'OIII4959c_1_centerwave' 'OIII5007c_1_scale'
 'OIII5007c_1_sigma' 'OIII4959w_1_centerwave' 'OIII5007w_1_scale'
 'OIII5007w_1_sigma' 'HeII4687_br_1_centerwave' 'HeII4687_na_1_scale'
 'HeII4687_na_1_sigma' 'Ha_br_1_centerwave' 'Ha_br_2_scale'
 'Ha_br_2_sigma' 'Ha_na_1_centerwave' 'NII6549_1_scale' 'NII6549_1_sigma'
 'NII6585_1_centerwave' 'SII6718_1_scale' 'SII6718_1_sigma'
 'SII6732_1_centerwave']

[]
(0,)
['1_complex_name' '1_line_status' '1_line_min_chi2' '1_line_bic'
 '1_line_red_chi2' '1_niter' '1_ndof' '2_complex_name' '2_line_status'
 '2_line_min_chi2' '2_line_bic' '2_line_red_chi2' '2_niter' '2_ndof'
 'Hb_br_1_scale' 'Hb_br_1_centerwave' 'Hb_br_1_sigma' 'Hb_br_2_scale'
 'Hb_br_2_centerwave' 'Hb_br_2_sigma' 'Hb_na_1_scale' 'Hb_na_1_centerwave'
 'Hb_na_1_sigma' 'OIII4959c_1_scale' 'OIII4959c_1_centerwave'
 'OIII4959c_1_sigma' 'OIII5007c_1_scale' 'OIII5007c_1_centerwave'
 'OIII5007c_1_sigma' 'OIII4959w_1_scale' 'OIII4959w_1_centerwave'
 'OIII4959w_1_sigma' 'OIII5007w_1_scale' 'OIII5007w_1_centerwave'
 'OIII5007w_1_sigma' 'HeII4687_br_1_scale' 'HeII4687_br_1_centerwave'
 'HeII4687_br_1_sigma' 'HeII4687_na_1_scale' 'HeII4687_na_1_centerwave'
 'HeII4687_na_1_sigma' 'Ha_br_1_scale' 'Ha_br_1_centerwave'
 'Ha_br_1_sigma' 'Ha_br_2_scale' 'Ha_br_2_centerwave' 'Ha_br_2_sigma'
 'Ha_na_1_scale' 'Ha_na_1_centerwave' 'Ha_na_1_sigma' 'NII6549_1_scale'
 'NII6549_1_centerwave' 'NII6549_1_sigma' 'NII6585_1_scale'
 'NII6585_1_centerwave' 'NII6585_1_sigma' 'SII6718_1_scale'
 'SII6718_1_centerwave' 'SII6718_1_sigma' 'SII6732_1_scale'
 'SII6732_1_centerwave' 'SII6732_1_sigma' 'Hb_whole_br_fwhm'
 'Hb_whole_br_sigma' 'Hb_whole_br_ew' 'Hb_whole_br_peak'
 'Hb_whole_br_area' 'Hb_whole_br_snr' 'Ha_whole_br_fwhm'
 'Ha_whole_br_sigma' 'Ha_whole_br_ew' 'Ha_whole_br_peak'
 'Ha_whole_br_area' 'Ha_whole_br_snr']

['Hb' '1' '258.3436251435167' '-87.09062630712357' '0.6573629138511875'
 '1192' '393' 'Ha' '1' '151.6330297480705' '-77.96580791597005'
 '0.6041156563668147' '228' '251' '10.468171329769405' '8.491744398287763'
 '0.008158303834964856' '13.48771871967358' '8.487103610173078'
 '0.00401631704424404' '8.611124591162422' '8.488923224340699'
 '0.0011433250424544672' '7.650100553036054' '8.508798750768921'
 '0.0011433250424544672' '23.182122666906093' '8.518417509924195'
 '0.0011433250424544672' '0.03432532036384828' '8.500084221504329'
 '0.003968859362170626' '0.1040161213227167' '8.509702980659602'
 '0.003968859362170626' '2.159354361985777' '8.447551841851453'
 '0.0063780163103305965' '0.7240519295237391' '8.45212951553943'
 '0.0011433250424544672' '10.527033689200493' '8.789175203840124'
 '0.0123826249133174' '34.48573315800729' '8.788581196091933'
 '0.00524715404450246' '43.019677820055335' '8.78865287131207'
 '0.0016835747975069276' '4.283128851589879' '8.786401246251035'
 '0.0016835747975069276' '12.849386554769637' '8.791796181858945'
 '0.0016835747975069276' '0.11578071834605907' '8.811792824925352'
 '0.0016835747975069276' '1.8709883642387126' '8.813930962742734'
 '0.0016835747975069276' '3949.29339179735' '4111.437950647984'
 '81.68188547637716' '4855.404908605537' '1869.7749466532991'
 '17.22232532017921' '4288.721177616413' '2657.0165363183473'
 '275.96315592019096' '6559.020629491' '5113.765919117348'
 '55.18107110069611']
Broad Hb:
FWHM (km/s) 3946.0
Sigma (km/s) 2148.7
EW (A) 74.6
Peak (A) 4854.6
Area (10^(-17) erg/s/cm^2) 1699.5
SNR 13.9

Narrow Hb:
FWHM (km/s) 806.8
Sigma (km/s) 337.9
EW (A) 5.2
Peak (A) 4860.6
Area (10^(-17) erg/s/cm^2) 119.6
SNR 3.8

Broad [OIII]5007:
FWHM (km/s) 2776.4
Sigma (km/s) 1163.2
EW (A) 0.2
Peak (A) 4962.7
Area (10^(-17) erg/s/cm^2) 5.1
SNR 0.0

Narrow [OIII]5007:
FWHM (km/s) 806.8
Sigma (km/s) 337.9
EW (A) 15.0
Peak (A) 5006.1
Area (10^(-17) erg/s/cm^2) 331.7
SNR 11.0
