my_sdss.fits
[0.7471234 0.7471234 0.7471234 ... 0.7471234 0.7471234 0.7471234]
Directory  my_sdss  Created 
global my_sdss/
Directory  output/  already exists
stati 294476.91891567665
1 iter stat:  22.94574252255552
2 iter stat:  10.676180374983232
3 iter stat:  6.294509270941489
4 iter stat:  3.060401511975215
5 iter stat:  2.1136197375963093
6 iter stat:  1.6765286113441107
7 iter stat:  1.3053935001298669
8 iter stat:  1.0545070751250023
9 iter stat:  0.8682325054542162
10 iter stat:  0.7231943249280448
fit ok
./output/my_sdss_model.csv
brokenpowerlaw + OIIIb5007_br + OIIIb5007_na + HBeta4834_br + HAlpha6551_br + HBeta4834_na + HAlpha6551_na
   Param        Type          Value          Min          Max      Units
   -----        ----          -----          ---          ---      -----
   brokenpowerlaw.refer thawed      6351.93         5400         7000  angstroms
   brokenpowerlaw.ampl thawed      15.3291      15.3291      16.9427  angstroms
   brokenpowerlaw.index1 thawed     -1.69431           -3            0           
   brokenpowerlaw.index2 thawed           -1           -1            1           
   OIIIb5007_br.ampl thawed      9.61433            0           50           
   OIIIb5007_br.pos frozen         5007            0  3.40282e+38  angstroms
   OIIIb5007_br.offs_kms thawed     -674.087        -1500          500       km/s
   OIIIb5007_br.fwhm thawed      1340.41          400         6000       km/s
   OIIIb5007_na.ampl thawed            0            0           50           
   OIIIb5007_na.pos frozen         5007            0  3.40282e+38  angstroms
   OIIIb5007_na.offs_kms thawed      156.076        -1500          500       km/s
   OIIIb5007_na.fwhm thawed          100          100         1500       km/s
   HBeta4834_br.ampl thawed       10.714            0           50           
   HBeta4834_br.pos frozen         4834            0  3.40282e+38  angstroms
   HBeta4834_br.offs_kms thawed          500        -1500          500       km/s
   HBeta4834_br.fwhm thawed       3270.4          400         6000       km/s
   HAlpha6551_br.ampl thawed      11.8284            0           50           
   HAlpha6551_br.pos frozen         6551            0  3.40282e+38  angstroms
   HAlpha6551_br.offs_kms thawed     -367.199        -1500          500       km/s
   HAlpha6551_br.fwhm thawed       4507.1          400         6000       km/s
   HBeta4834_na.ampl thawed            0            0           50           
   HBeta4834_na.pos frozen         4834            0  3.40282e+38  angstroms
   HBeta4834_na.offs_kms thawed          500        -1500          500       km/s
   HBeta4834_na.fwhm thawed         1500          100         1500       km/s
   HAlpha6551_na.ampl thawed      31.9493            0           50           
   HAlpha6551_na.pos frozen         6551            0  3.40282e+38  angstroms
   HAlpha6551_na.offs_kms thawed      199.985        -1500          500       km/s
   HAlpha6551_na.fwhm thawed      1417.36          100         1500       km/s
skipping monte_carlo (FANTASY_MC=0)
