my_sdss.fits
[0.78860587 0.78860587 0.78860587 ... 0.78860587 0.78860587 0.78860587]
Directory  my_sdss  Created 
global my_sdss/
Directory  output/  already exists
stati 263440.46452881256
1 iter stat:  351.1774882912214
2 iter stat:  67.71151130145154
3 iter stat:  51.48182914716017
4 iter stat:  50.94024113412161
5 iter stat:  44.76402191059606
6 iter stat:  43.282033786068496
7 iter stat:  42.554477838370076
8 iter stat:  41.89062173022103
9 iter stat:  41.18495604277996
10 iter stat:  32.71669991254748
fit ok
./output/my_sdss_model.csv
brokenpowerlaw + OIIIb5007_br + OIIIa4959_br + OIIIb5007_na + OIIIa4959_na + NII6583_na + NII6548_na + HBeta4863_br + HAlpha6565_br + HBeta4863_na + HAlpha6565_na + feii
   Param        Type          Value          Min          Max      Units
   -----        ----          -----          ---          ---      -----
   brokenpowerlaw.refer thawed         5400         5400         7000  angstroms
   brokenpowerlaw.ampl thawed      20.8051      19.6442       21.712  angstroms
   brokenpowerlaw.index1 thawed     -1.70484           -3            0           
   brokenpowerlaw.index2 thawed     0.998231           -1            1           
   OIIIb5007_br.ampl thawed      19.4987            0           50           
   OIIIb5007_br.pos frozen       5006.8            0  3.40282e+38  angstroms
   OIIIb5007_br.offs_kms thawed     -200.277        -1500          500       km/s
   OIIIb5007_br.fwhm thawed          700          700         6000       km/s
   OIIIa4959_br.ampl linked      6.49956 expr: OIIIb5007_br.ampl / 3.0           
   OIIIa4959_br.pos frozen       4958.9            0  3.40282e+38  angstroms
   OIIIa4959_br.offs_kms linked     -200.277 expr: OIIIb5007_br.offs_kms       km/s
   OIIIa4959_br.fwhm linked          700  expr: OIIIb5007_br.fwhm       km/s
   OIIIb5007_na.ampl thawed      6.33293            0           50           
   OIIIb5007_na.pos frozen       5006.8            0  3.40282e+38  angstroms
   OIIIb5007_na.offs_kms thawed     -966.127        -1500          500       km/s
   OIIIb5007_na.fwhm thawed      487.629          100         1500       km/s
   OIIIa4959_na.ampl linked      2.11098 expr: OIIIb5007_na.ampl / 3.0           
   OIIIa4959_na.pos frozen       4958.9            0  3.40282e+38  angstroms
   OIIIa4959_na.offs_kms linked     -966.127 expr: OIIIb5007_na.offs_kms       km/s
   OIIIa4959_na.fwhm linked      487.629  expr: OIIIb5007_na.fwhm       km/s
   NII6583_na.ampl thawed    0.0975899            0           50           
   NII6583_na.pos frozen      6583.46            0  3.40282e+38  angstroms
   NII6583_na.offs_kms linked     -966.127 expr: OIIIb5007_na.offs_kms       km/s
   NII6583_na.fwhm linked      487.629  expr: OIIIb5007_na.fwhm       km/s
   NII6548_na.ampl linked      0.03253 expr: NII6583_na.ampl / 3.0           
   NII6548_na.pos frozen      6548.05            0  3.40282e+38  angstroms
   NII6548_na.offs_kms linked     -966.127 expr: OIIIb5007_na.offs_kms       km/s
   NII6548_na.fwhm linked      487.629  expr: OIIIb5007_na.fwhm       km/s
   HBeta4863_br.ampl thawed      14.9906            0           50           
   HBeta4863_br.pos frozen      4862.68            0  3.40282e+38  angstroms
   HBeta4863_br.offs_kms thawed     -152.929        -1500          500       km/s
   HBeta4863_br.fwhm thawed      4417.47          700         6000       km/s
   HAlpha6565_br.ampl thawed       42.246            0           50           
   HAlpha6565_br.pos frozen       6564.6            0  3.40282e+38  angstroms
   HAlpha6565_br.offs_kms thawed     -149.181        -1500          500       km/s
   HAlpha6565_br.fwhm thawed      3877.26          700         6000       km/s
   HBeta4863_na.ampl thawed      12.4024            0           50           
   HBeta4863_na.pos frozen      4862.68            0  3.40282e+38  angstroms
   HBeta4863_na.offs_kms thawed     -341.939        -1500          500       km/s
   HBeta4863_na.fwhm thawed         1500          100         1500       km/s
   HAlpha6565_na.ampl thawed           50            0           50           
   HAlpha6565_na.pos frozen       6564.6            0  3.40282e+38  angstroms
   HAlpha6565_na.offs_kms thawed     -247.272        -1500          500       km/s
   HAlpha6565_na.fwhm thawed         1500          100         1500       km/s
   feii.amp_a2D2 thawed            0            0         1000           
   feii.amp_a4G thawed       3.2139            0         1000           
   feii.amp_a4H thawed      3.71181            0         1000           
   feii.amp_a6S thawed      3.73406            0         1000           
   feii.amp_b2H thawed     0.311858            0         1000           
   feii.amp_b4D thawed       2.3412            0         1000           
   feii.amp_b4F thawed      2.09721            0         1000           
   feii.amp_b4P thawed            0            0         1000           
   feii.amp_e4D thawed            0            0         1000           
   feii.amp_z4D thawed      1.43463            0         1000           
   feii.amp_z4F thawed            0            0         1000           
   feii.amp_z4P thawed       5.3057            0         1000           
   feii.amp_y4G thawed            0            0         1000           
   feii.amp_b4G thawed      2.09764            0         1000           
   feii.amp_x4D thawed      1.04713            0         1000           
   feii.amp_y4P thawed     0.339479            0         1000           
   feii.offs_kms thawed     -201.777         -800          800           
   feii.fwhm    thawed      4623.89          300         6000           
mcmc ok
