my_sdss.fits
Host contribution is negliglable
[1.3446083 1.3446083 1.3446083 ... 1.3446083 1.3446083 1.3446083]
Directory  my_sdss  Created 
global my_sdss/
Directory  output/  already exists
stati 963686.6638305881
1 iter stat:  4762.264449198221
2 iter stat:  2458.1687521328276
3 iter stat:  1463.81592816404
4 iter stat:  720.6753335312533
5 iter stat:  538.1053738371265
6 iter stat:  419.21801555033016
7 iter stat:  331.4231210302387
8 iter stat:  264.92567909433274
9 iter stat:  198.42296563224227
10 iter stat:  158.11698742849694
fit ok
./output/my_sdss_model.csv
brokenpowerlaw + OIIIb5007_na + OIIIa4959_na + NII6583_na + NII6548_na + HBeta4863_br + HAlpha6565_br + HBeta4863_na + HAlpha6565_na
   Param        Type          Value          Min          Max      Units
   -----        ----          -----          ---          ---      -----
   brokenpowerlaw.refer thawed      5521.19         5400         7000  angstroms
   brokenpowerlaw.ampl thawed       33.343      30.1675       33.343  angstroms
   brokenpowerlaw.index1 thawed     -2.66993           -3            0           
   brokenpowerlaw.index2 thawed            1           -1            1           
   OIIIb5007_na.ampl thawed      86.1229            0          200           
   OIIIb5007_na.pos frozen      5006.84            0  3.40282e+38  angstroms
   OIIIb5007_na.offs_kms thawed     -270.734        -1500          500       km/s
   OIIIb5007_na.fwhm thawed       717.13          100         2000       km/s
   OIIIa4959_na.ampl linked      28.7076 expr: OIIIb5007_na.ampl / 3.0           
   OIIIa4959_na.pos frozen       4958.9            0  3.40282e+38  angstroms
   OIIIa4959_na.offs_kms linked     -270.734 expr: OIIIb5007_na.offs_kms       km/s
   OIIIa4959_na.fwhm linked       717.13  expr: OIIIb5007_na.fwhm       km/s
   NII6583_na.ampl thawed      0.19805            0          200           
   NII6583_na.pos frozen      6583.46            0  3.40282e+38  angstroms
   NII6583_na.offs_kms linked     -270.734 expr: OIIIb5007_na.offs_kms       km/s
   NII6583_na.fwhm linked       717.13  expr: OIIIb5007_na.fwhm       km/s
   NII6548_na.ampl linked    0.0660167 expr: NII6583_na.ampl / 3.0           
   NII6548_na.pos frozen      6548.05            0  3.40282e+38  angstroms
   NII6548_na.offs_kms linked     -270.734 expr: OIIIb5007_na.offs_kms       km/s
   NII6548_na.fwhm linked       717.13  expr: OIIIb5007_na.fwhm       km/s
   HBeta4863_br.ampl thawed      23.3247            0          200           
   HBeta4863_br.pos frozen      4861.33            0  3.40282e+38  angstroms
   HBeta4863_br.offs_kms thawed      130.381        -1500          500       km/s
   HBeta4863_br.fwhm thawed      5994.15          700         6000       km/s
   HAlpha6565_br.ampl thawed      59.9824            0          200           
   HAlpha6565_br.pos frozen      6562.82            0  3.40282e+38  angstroms
   HAlpha6565_br.offs_kms linked      130.381 expr: HBeta4863_br.offs_kms       km/s
   HAlpha6565_br.fwhm linked      5994.15  expr: HBeta4863_br.fwhm       km/s
   HBeta4863_na.ampl thawed      53.4337            0          200           
   HBeta4863_na.pos frozen      4861.33            0  3.40282e+38  angstroms
   HBeta4863_na.offs_kms thawed     -182.948        -1500          500       km/s
   HBeta4863_na.fwhm thawed         2000          100         2000       km/s
   HAlpha6565_na.ampl thawed      190.549            0          200           
   HAlpha6565_na.pos frozen      6562.82            0  3.40282e+38  angstroms
   HAlpha6565_na.offs_kms linked     -182.948 expr: HBeta4863_na.offs_kms       km/s
   HAlpha6565_na.fwhm linked         2000  expr: HBeta4863_na.fwhm       km/s
skipping monte_carlo (FANTASY_MC=0)
