7.0.1
1.3.2
2.1.6
3.1.6
['/home/onur/Documents/AGNEmissionLines_ThirdPartyLibraries/pyqsofit/PyQSOFit/src/pyqsofit']
FWHM Resolution: 2.5 Å
[ 3566.97426784  3567.79484559  3568.6175712  ... 10394.41199851
 10396.80892696 10399.20640813] Angstrom [57.12982559 57.12417984 57.1185379  ... -0.74314135 -0.74314958
 -0.74315792] erg / (Angstrom s cm2) [ 1.14259651  1.1424836   1.14237076 ... -0.01486283 -0.01486299
 -0.01486316] erg / (Angstrom s cm2) 0.37709343433380127
Got negative host galaxy / QSO flux over 10% of coverage, decomposition is not applied!
Name            Value      Min      Max   Stderr     Vary     Expr Brute_Step
Balmer_Tau        0.5      0.1        2     None    False     None     None
Balmer_Te     1.5e+04    1e+04    5e+04     None    False     None     None
Blamer_norm         0        0    1e+10     None    False     None     None
Fe_op_FWHM       3000     1200  1.8e+04     None     True     None     None
Fe_op_norm          0        0    1e+10     None     True     None     None
Fe_op_shift         0    -0.01     0.01     None     True     None     None
Fe_uv_FWHM       3000     1200  1.8e+04     None     True     None     None
Fe_uv_norm          0        0    1e+10     None     True     None     None
Fe_uv_shift         0    -0.01     0.01     None     True     None     None
PL_norm             1        0    1e+10     None     True     None     None
PL_slope         -1.5       -5        3     None     True     None     None
conti_a_0           0     -inf      inf     None     True     None     None
conti_a_1           0     -inf      inf     None     True     None     None
conti_a_2           0     -inf      inf     None     True     None     None
Fitting continuum
Fit report
[[Variables]]
    Fe_uv_norm:   2.89900881 (init = 0)
    Fe_uv_FWHM:   17987.3717 (init = 3000)
    Fe_uv_shift: -0.01000000 (init = 0)
    Fe_op_norm:   2.44851306 (init = 0)
    Fe_op_FWHM:   18000.0000 (init = 3000)
    Fe_op_shift:  0.01000000 (init = 0)
    PL_norm:      41.7281504 (init = 1)
    PL_slope:    -0.41590004 (init = -1.5)
    Blamer_norm:  0 (fixed)
    Balmer_Te:    15000 (fixed)
    Balmer_Tau:   0.5 (fixed)
    conti_a_0:   -6119.21080 (init = 0)
    conti_a_1:   -0.07852376 (init = 0)
    conti_a_2:    1.2078e-04 (init = 0)
Name                    Value      Min      Max   Stderr     Vary     Expr Brute_Step
Hb_br_1_dwave               0    -0.01     0.01     None     True     None     None
Hb_br_1_scale               0        0    1e+10     None     True     None     None
Hb_br_1_sigma           0.005    0.004     0.05     None     True     None     None
Hb_na_1_dwave               0    -0.01     0.01     None     True     None     None
Hb_na_1_scale               0        0    1e+10     None     True     None     None
Hb_na_1_sigma           0.001  0.00023  0.00169     None     True     None     None
HeII4687_br_1_dwave         0   -0.005    0.005     None     True     None     None
HeII4687_br_1_scale         0        0    1e+10     None     True     None     None
HeII4687_br_1_sigma     0.005    0.004     0.05     None     True     None     None
HeII4687_na_1_dwave         0   -0.005    0.005     None    False Hb_na_1_dwave     None
HeII4687_na_1_scale         0        0    1e+10     None     True     None     None
HeII4687_na_1_sigma     0.001  0.00023  0.00169     None    False Hb_na_1_sigma     None
OIII4959c_1_dwave           0    -0.01     0.01     None    False Hb_na_1_dwave     None
OIII4959c_1_scale           0        0    1e+10     None     True     None     None
OIII4959c_1_sigma       0.001  0.00023  0.00169     None    False Hb_na_1_sigma     None
OIII4959w_1_dwave           0    -0.01     0.01     None     True     None     None
OIII4959w_1_scale           0        0    1e+10     None     True     None     None
OIII4959w_1_sigma       0.003  0.00023    0.004     None     True     None     None
OIII5007c_1_dwave           0    -0.01     0.01     None    False Hb_na_1_dwave     None
OIII5007c_1_scale           0        0    1e+10     None    False 3.0303030014038086 * OIII4959c_1_scale     None
OIII5007c_1_sigma       0.001  0.00023  0.00169     None    False Hb_na_1_sigma     None
OIII5007w_1_dwave           0    -0.01     0.01     None    False OIII4959w_1_dwave     None
OIII5007w_1_scale           0        0    1e+10     None    False 3.0303030014038086 * OIII4959w_1_scale     None
OIII5007w_1_sigma       0.003  0.00023    0.004     None    False OIII4959w_1_sigma     None
Fitting complex Hb
Fit report
[[Variables]]
    Hb_br_1_scale:        7.06372572 (init = 0)
    Hb_br_1_dwave:       -0.00263615 (init = 0)
    Hb_br_1_sigma:        0.00400000 (init = 0.005)
    Hb_na_1_scale:        9.06008102 (init = 0)
    Hb_na_1_dwave:       -0.00116832 (init = 0)
    Hb_na_1_sigma:        0.00142308 (init = 0.001)
    OIII4959c_1_scale:    0.00998313 (init = 0)
    OIII4959c_1_dwave:   -0.00116832 == 'Hb_na_1_dwave'
    OIII4959c_1_sigma:    0.00142308 == 'Hb_na_1_sigma'
    OIII5007c_1_scale:    0.03025189 == '3.0303030014038086 * OIII4959c_1_scale'
    OIII5007c_1_dwave:   -0.00116832 == 'Hb_na_1_dwave'
    OIII5007c_1_sigma:    0.00142308 == 'Hb_na_1_sigma'
    OIII4959w_1_scale:    2.77672385 (init = 0)
    OIII4959w_1_dwave:   -0.00226580 (init = 0)
    OIII4959w_1_sigma:    0.00115089 (init = 0.003)
    OIII5007w_1_scale:    8.41431462 == '3.0303030014038086 * OIII4959w_1_scale'
    OIII5007w_1_dwave:   -0.00226580 == 'OIII4959w_1_dwave'
    OIII5007w_1_sigma:    0.00115089 == 'OIII4959w_1_sigma'
    HeII4687_br_1_scale:  0.15421386 (init = 0)
    HeII4687_br_1_dwave: -0.00500000 (init = 0)
    HeII4687_br_1_sigma:  0.00400000 (init = 0.005)
    HeII4687_na_1_scale:  0.15421386 (init = 0)
    HeII4687_na_1_dwave: -0.00116832 == 'Hb_na_1_dwave'
    HeII4687_na_1_sigma:  0.00142308 == 'Hb_na_1_sigma'
Name                Value      Min      Max   Stderr     Vary     Expr Brute_Step
Ha_br_1_dwave           0   -0.015    0.015     None     True     None     None
Ha_br_1_scale           0        0    1e+10     None     True     None     None
Ha_br_1_sigma       0.005    0.004     0.05     None     True     None     None
Ha_na_1_dwave           0    -0.01     0.01     None     True     None     None
Ha_na_1_scale           0        0    1e+10     None     True     None     None
Ha_na_1_sigma       0.001   0.0005  0.00169     None     True     None     None
NII6549_1_dwave         0   -0.005    0.005     None    False Ha_na_1_dwave     None
NII6549_1_scale         0        0    1e+10     None     True     None     None
NII6549_1_sigma     0.001  0.00023  0.00169     None    False Ha_na_1_sigma     None
NII6585_1_dwave         0   -0.005    0.005     None    False Ha_na_1_dwave     None
NII6585_1_scale         0        0    1e+10     None    False 3.0 * NII6549_1_scale     None
NII6585_1_sigma     0.001  0.00023  0.00169     None    False Ha_na_1_sigma     None
SII6718_1_dwave         0   -0.005    0.005     None    False Ha_na_1_dwave     None
SII6718_1_scale         0        0    1e+10     None     True     None     None
SII6718_1_sigma     0.001  0.00023  0.00169     None    False Ha_na_1_sigma     None
SII6732_1_dwave         0   -0.005    0.005     None    False Ha_na_1_dwave     None
SII6732_1_scale         0        0    1e+10     None     True     None     None
SII6732_1_sigma     0.001  0.00023  0.00169     None    False Ha_na_1_sigma     None
Fitting complex Ha
Fit report
[[Variables]]
    Ha_br_1_scale:    8.43878467 (init = 0)
    Ha_br_1_dwave:   -0.00414350 (init = 0)
    Ha_br_1_sigma:    0.00972118 (init = 0.005)
    Ha_na_1_scale:    33.4990624 (init = 0)
    Ha_na_1_dwave:   -0.00166434 (init = 0)
    Ha_na_1_sigma:    0.00169000 (init = 0.001)
    NII6549_1_scale:  3.38759132 (init = 0)
    NII6549_1_dwave: -0.00166434 == 'Ha_na_1_dwave'
    NII6549_1_sigma:  0.00169000 == 'Ha_na_1_sigma'
    NII6585_1_scale:  10.1627740 == '3.0 * NII6549_1_scale'
    NII6585_1_dwave: -0.00166434 == 'Ha_na_1_dwave'
    NII6585_1_sigma:  0.00169000 == 'Ha_na_1_sigma'
    SII6718_1_scale:  0.92883867 (init = 0)
    SII6718_1_dwave: -0.00166434 == 'Ha_na_1_dwave'
    SII6718_1_sigma:  0.00169000 == 'Ha_na_1_sigma'
    SII6732_1_scale:  0.79888374 (init = 0)
    SII6732_1_dwave: -0.00166434 == 'Ha_na_1_dwave'
    SII6732_1_sigma:  0.00169000 == 'Ha_na_1_sigma'
Saving figure as ./result.pdf
Fitting finished in 216.3s
wrote pyqsofit_model.csv
['ra' 'dec' 'plateid' 'MJD' 'fiberid' 'redshift' 'SN_ratio_conti'
 'Fe_uv_norm' 'Fe_uv_FWHM' 'Fe_uv_shift' 'Fe_op_norm' 'Fe_op_FWHM'
 'Fe_op_shift' 'PL_norm' 'PL_slope' 'Blamer_norm' 'Balmer_Te' 'Balmer_Tau'
 'conti_a_0' 'conti_a_1' 'conti_a_2' 'L1350' 'L1450' 'L3000' 'L4200'
 'L5100' 'Fe_flux_4435_4685']

['-999' '-999' '0' '0' '0' '0.37709343433380127' '48.86879591915661'
 '2.8990088107860856' '17987.37174807588' '-0.009999999776173673'
 '2.4485130589724236' '17999.99999766828' '0.00999999977370676'
 '41.72815037950528' '-0.41590004065115593' '0.0' '15000.0' '0.5'
 '-6119.210801225925' '-0.07852375828887515' '0.00012078456749063681'
 '-1.0' '-1.0' '44.78892602428977' '44.777494712432876'
 '44.729086224942456' '828.5150346595893']
['Hb_br_1_scale' 'Hb_br_1_centerwave' 'Hb_br_1_sigma' 'Hb_na_1_scale'
 'Hb_na_1_centerwave' 'Hb_na_1_sigma' 'OIII4959c_1_scale'
 'OIII4959c_1_centerwave' 'OIII4959c_1_sigma' 'OIII5007c_1_scale'
 'OIII5007c_1_centerwave' 'OIII5007c_1_sigma' 'OIII4959w_1_scale'
 'OIII4959w_1_centerwave' 'OIII4959w_1_sigma' 'OIII5007w_1_scale'
 'OIII5007w_1_centerwave' 'OIII5007w_1_sigma' 'HeII4687_br_1_scale'
 'HeII4687_br_1_centerwave' 'HeII4687_br_1_sigma' 'HeII4687_na_1_scale'
 'HeII4687_na_1_centerwave' 'HeII4687_na_1_sigma' 'Ha_br_1_scale'
 'Ha_br_1_centerwave' 'Ha_br_1_sigma' 'Ha_na_1_scale' 'Ha_na_1_centerwave'
 'Ha_na_1_sigma' 'NII6549_1_scale' 'NII6549_1_centerwave'
 'NII6549_1_sigma' 'NII6585_1_scale' 'NII6585_1_centerwave'
 'NII6585_1_sigma' 'SII6718_1_scale' 'SII6718_1_centerwave'
 'SII6718_1_sigma' 'SII6732_1_scale' 'SII6732_1_centerwave'
 'SII6732_1_sigma']

[7.06372572e+00 8.48670940e+00 4.00000019e-03 9.06008102e+00
 8.48817723e+00 1.42308387e-03 9.98312544e-03 8.50805276e+00
 1.42308387e-03 3.02518950e-02 8.51767151e+00 1.42308387e-03
 2.77672385e+00 8.50695527e+00 1.15089066e-03 8.41431462e+00
 8.51657403e+00 1.15089066e-03 1.54213864e-01 8.44755184e+00
 4.00000019e-03 1.54213864e-01 8.45138352e+00 1.42308387e-03
 8.43878467e+00 8.78530524e+00 9.72118118e-03 3.34990624e+01
 8.78778439e+00 1.68999995e-03 3.38759132e+00 8.78553277e+00
 1.68999995e-03 1.01627740e+01 8.79092770e+00 1.68999995e-03
 9.28838673e-01 8.81092435e+00 1.68999995e-03 7.98883737e-01
 8.81306249e+00 1.68999995e-03]
['Hb_br_1_scale' 'Hb_br_1_sigma' 'Hb_na_1_centerwave' 'OIII4959c_1_scale'
 'OIII4959c_1_sigma' 'OIII5007c_1_centerwave' 'OIII4959w_1_scale'
 'OIII4959w_1_sigma' 'OIII5007w_1_centerwave' 'HeII4687_br_1_scale'
 'HeII4687_br_1_sigma' 'HeII4687_na_1_centerwave' 'Ha_br_1_scale'
 'Ha_br_1_sigma' 'Ha_na_1_centerwave' 'NII6549_1_scale' 'NII6549_1_sigma'
 'NII6585_1_centerwave' 'SII6718_1_scale' 'SII6718_1_sigma'
 'SII6732_1_centerwave']

[]
(0,)
['1_complex_name' '1_line_status' '1_line_min_chi2' '1_line_bic'
 '1_line_red_chi2' '1_niter' '1_ndof' '2_complex_name' '2_line_status'
 '2_line_min_chi2' '2_line_bic' '2_line_red_chi2' '2_niter' '2_ndof'
 'Hb_br_1_scale' 'Hb_br_1_centerwave' 'Hb_br_1_sigma' 'Hb_na_1_scale'
 'Hb_na_1_centerwave' 'Hb_na_1_sigma' 'OIII4959c_1_scale'
 'OIII4959c_1_centerwave' 'OIII4959c_1_sigma' 'OIII5007c_1_scale'
 'OIII5007c_1_centerwave' 'OIII5007c_1_sigma' 'OIII4959w_1_scale'
 'OIII4959w_1_centerwave' 'OIII4959w_1_sigma' 'OIII5007w_1_scale'
 'OIII5007w_1_centerwave' 'OIII5007w_1_sigma' 'HeII4687_br_1_scale'
 'HeII4687_br_1_centerwave' 'HeII4687_br_1_sigma' 'HeII4687_na_1_scale'
 'HeII4687_na_1_centerwave' 'HeII4687_na_1_sigma' 'Ha_br_1_scale'
 'Ha_br_1_centerwave' 'Ha_br_1_sigma' 'Ha_na_1_scale' 'Ha_na_1_centerwave'
 'Ha_na_1_sigma' 'NII6549_1_scale' 'NII6549_1_centerwave'
 'NII6549_1_sigma' 'NII6585_1_scale' 'NII6585_1_centerwave'
 'NII6585_1_sigma' 'SII6718_1_scale' 'SII6718_1_centerwave'
 'SII6718_1_sigma' 'SII6732_1_scale' 'SII6732_1_centerwave'
 'SII6732_1_sigma' 'Hb_whole_br_fwhm' 'Hb_whole_br_sigma' 'Hb_whole_br_ew'
 'Hb_whole_br_peak' 'Hb_whole_br_area' 'Hb_whole_br_snr'
 'Ha_whole_br_fwhm' 'Ha_whole_br_sigma' 'Ha_whole_br_ew'
 'Ha_whole_br_peak' 'Ha_whole_br_area' 'Ha_whole_br_snr']

['Hb' '1' '4814.319891261175' '1095.6313711086646' '12.1267503558216'
 '8303' '397' 'Ha' '1' '2220.756573824592' '611.2465215895108'
 '8.743136117419654' '286' '254' '7.063725715461544' '8.48670940171979'
 '0.004000000190206843' '9.060081018752442' '8.488177228700254'
 '0.0014230838742626604' '0.009983125437429408' '8.508052755128476'
 '0.0014230838742626604' '0.030251894976433043' '8.51767151428375'
 '0.0014230838742626604' '2.77672385085026' '8.506955274746472'
 '0.001150890662626303' '8.414314619301084' '8.516574033901746'
 '0.001150890662626303' '0.15421386390102043' '8.447551841848986'
 '0.004000000190699189' '0.15421386390102043' '8.451383519898984'
 '0.0014230838742626604' '8.43878467104986' '8.785305239126261'
 '0.009721181181172676' '33.49906241290057' '8.787784393923888'
 '0.0016899999463930726' '3.387591318571026' '8.785532768862852'
 '0.0016899999463930726' '10.162773955713078' '8.790927704470763'
 '0.0016899999463930726' '0.9288386726424847' '8.810924347537169'
 '0.0016899999463930726' '0.7988837369410362' '8.813062485354552'
 '0.0016899999463930726' '2816.4642408676937' '2014.7506424615535'
 '14.981668594288623' '4849.735229903098' '350.22371083134175'
 '3.842212502080054' '6834.513632231608' '2863.736774891181'
 '103.96876646967732' '6537.46816737578' '1340.7376404437475'
 '10.913282797887145']
Broad Hb:
FWHM (km/s) 2817.3
Sigma (km/s) 1180.0
EW (A) 14.7
Peak (A) 4849.3
Area (10^(-17) erg/s/cm^2) 342.6
SNR 3.4

Narrow Hb:
FWHM (km/s) 1003.5
Sigma (km/s) 420.3
EW (A) 6.7
Peak (A) 4857.0
Area (10^(-17) erg/s/cm^2) 156.5
SNR 3.8

Broad [OIII]5007:
FWHM (km/s) 0
Sigma (km/s) 0
EW (A) 0
Peak (A) 0
Area (10^(-17) erg/s/cm^2) 0
SNR 0

Narrow [OIII]5007:
FWHM (km/s) 1003.5
Sigma (km/s) 420.3
EW (A) 0.0
Peak (A) 5002.4
Area (10^(-17) erg/s/cm^2) 0.5
SNR 0.0
