<IPython.core.display.HTML object>
/app/BADASS3/example_spectra/2-onur
/app/BADASS3/example_spectra/2-onur/my_sdss.fits
0.29768213629722595
Start process memory: 0.22353920                    
 Folder has not been created.  Creating MCMC_output folder...

 > Starting fit for 2-onur

 Input spectrum is not linearly binned. BADASS will linearly rebin and conserve flux...


-----------------------------------------------------------
 file:                        my_sdss.fits                  
 redshift:                    0.29768                       
 fitting region:              (2900,8000) [A]               
 velocity scale:              69.03 [km/s/pixel]            
 Galactic E(B-V):             0.000                         
 Flux Normalization:          1e-17                         
 Fit Normalization:           102.27602                     
-----------------------------------------------------------

 Initializing parameters...
----------------------------------------------------------------------------------------------------
	- Fitting additive legendre polynomial component.
	- Fitting Simple AGN power-law continuum.
	- Fitting broad and narrow optical FeII using Veron-Cetty et al. (2004) optical FeII templates
	 		* varying optical FeII amplitudes
	 		* varying optical FeII dispersion.
	 		* varying optical FeII voff

 Warning! Peak finding algorithm used for initial guesses of amplitude and velocity failed! Defaulting to user-defined locations...

 Warning! Peak finding algorithm used for initial guesses of amplitude and velocity failed! Defaulting to user-defined locations...

----------------------------------------------------------------------------------------------------------------------------------------

----------------------------------------------------------------------------------------------------------------------------------------

 Line List:

----------------------------------------------------------------------------------------------------------------------------------------
BR_H_ALPHA                                                                                
                              amp                           free                          
                              center                        6551                          
                              center_pix                    3538.9888679657297            
                              disp                          free                          
                              disp_res_ang                  1.9634909188694747            
                              disp_res_kms                  89.85494868395028             
                              line_profile                  gaussian                      
                              line_type                     br                            
                              ncomp                         1                             
                              voff                          free                          
BR_H_BETA                                                                                 
                              amp                           free                          
                              center                        4834                          
                              center_pix                    2219.037287557784             
                              disp                          free                          
                              disp_res_ang                  1.9634909188694747            
                              disp_res_kms                  121.77074241385155            
                              line_profile                  gaussian                      
                              line_type                     br                            
                              ncomp                         1                             
                              voff                          free                          
BR_OII                                                                                    
                              amp                           free                          
                              center                        3784                          
                              center_pix                    1155.5287758145182            
                              disp                          free                          
                              disp_res_ang                  1.9634909188694747            
                              disp_res_kms                  155.56019260796998            
                              line_profile                  gaussian                      
                              line_type                     br                            
                              ncomp                         1                             
                              voff                          free                          
BR_OIII_a                                                                                 
                              amp                           free                          
                              center                        4931                          
                              center_pix                    2305.3170430077303            
                              disp                          free                          
                              disp_res_ang                  1.9634909188694747            
                              disp_res_kms                  119.37533336616474            
                              line_profile                  gaussian                      
                              line_type                     br                            
                              ncomp                         1                             
                              voff                          free                          
BR_OIII_b                                                                                 
                              amp                           free                          
                              center                        5007                          
                              center_pix                    2371.7400179846636            
                              disp                          free                          
                              disp_res_ang                  1.9634909188694747            
                              disp_res_kms                  117.56336505463518            
                              line_profile                  gaussian                      
                              line_type                     br                            
                              ncomp                         1                             
                              voff                          free                          
NA_H_ALPHA                                                                                
                              amp                           free                          
                              center                        6551                          
                              center_pix                    3538.9888679657297            
                              disp                          free                          
                              disp_res_ang                  1.9634909188694747            
                              disp_res_kms                  89.85494868395028             
                              label                         [H$\alpha$]                   
                              line_profile                  gaussian                      
                              line_type                     na                            
                              ncomp                         1                             
                              voff                          free                          
NA_H_BETA                                                                                 
                              amp                           free                          
                              center                        4834                          
                              center_pix                    2219.037287557784             
                              disp                          free                          
                              disp_res_ang                  1.9634909188694747            
                              disp_res_kms                  121.77074241385155            
                              label                         H$\beta$                      
                              line_profile                  gaussian                      
                              line_type                     na                            
                              ncomp                         1                             
                              voff                          free                          
NA_OII                                                                                    
                              amp                           free                          
                              center                        3784                          
                              center_pix                    1155.5287758145182            
                              disp                          free                          
                              disp_res_ang                  1.9634909188694747            
                              disp_res_kms                  155.56019260796998            
                              label                         [OII]                         
                              line_profile                  gaussian                      
                              line_type                     na                            
                              ncomp                         1                             
                              voff                          free                          
NA_OIII_a                                                                                 
                              amp                           free                          
                              center                        4931                          
                              center_pix                    2305.3170430077303            
                              disp                          free                          
                              disp_res_ang                  1.9634909188694747            
                              disp_res_kms                  119.37533336616474            
                              label                         [OIIIa]                       
                              line_profile                  gaussian                      
                              line_type                     na                            
                              ncomp                         1                             
                              voff                          free                          
NA_OIII_b                                                                                 
                              amp                           free                          
                              center                        5007                          
                              center_pix                    2371.7400179846636            
                              disp                          free                          
                              disp_res_ang                  1.9634909188694747            
                              disp_res_kms                  117.56336505463518            
                              label                         [OIIIb]                       
                              line_profile                  gaussian                      
                              line_type                     na                            
                              ncomp                         1                             
                              voff                          free                          

----------------------------------------------------------------------------------------------------------------------------------------

 Number of Free Line Parameters: 30

----------------------------------------------------------------------------------------------------------------------------------------

 All Free Parameters:

----------------------------------------------------------------------------------------------------------------------------------------
APOLY_COEFF_1                                                                             
                              init                          0.0                           
                              plim                          (-100.0, 100.0)               
APOLY_COEFF_2                                                                             
                              init                          0.0                           
                              plim                          (-100.0, 100.0)               
APOLY_COEFF_3                                                                             
                              init                          0.0                           
                              plim                          (-100.0, 100.0)               
APOLY_COEFF_4                                                                             
                              init                          0.0                           
                              plim                          (-100.0, 100.0)               
APOLY_COEFF_5                                                                             
                              init                          0.0                           
                              plim                          (-100.0, 100.0)               
APOLY_COEFF_6                                                                             
                              init                          0.0                           
                              plim                          (-100.0, 100.0)               
APOLY_COEFF_7                                                                             
                              init                          0.0                           
                              plim                          (-100.0, 100.0)               
BR_H_ALPHA_AMP                                                                            
                              init                          0.863209706806262             
                              plim                          (0, 50)                       
BR_H_ALPHA_DISP                                                                           
                              init                          3300.0                        
                              plim                          (600, 6000)                   
BR_H_ALPHA_VOFF                                                                           
                              init                          0.0                           
                              plim                          (-1500, 1500)                 
                              prior                         {'type': 'gaussian'}          
BR_H_BETA_AMP                                                                             
                              init                          0.3742829488217062            
                              plim                          (0, 50)                       
BR_H_BETA_DISP                                                                            
                              init                          3300.0                        
                              plim                          (600, 6000)                   
BR_H_BETA_VOFF                                                                            
                              init                          0.0                           
                              plim                          (-1500, 1500)                 
                              prior                         {'type': 'gaussian'}          
BR_OIII_a_AMP                                                                             
                              init                          0.3032945546043832            
                              plim                          (0, 50)                       
BR_OIII_a_DISP                                                                            
                              init                          3300.0                        
                              plim                          (600, 6000)                   
BR_OIII_a_VOFF                                                                            
                              init                          0.0                           
                              plim                          (-1500, 1500)                 
                              prior                         {'type': 'gaussian'}          
BR_OIII_b_AMP                                                                             
                              init                          0.8500078978152111            
                              plim                          (0, 50)                       
BR_OIII_b_DISP                                                                            
                              init                          3300.0                        
                              plim                          (600, 6000)                   
BR_OIII_b_VOFF                                                                            
                              init                          0.0                           
                              plim                          (-1500, 1500)                 
                              prior                         {'type': 'gaussian'}          
BR_OII_AMP                                                                                
                              init                          0.35283491910982245           
                              plim                          (0, 50)                       
BR_OII_DISP                                                                               
                              init                          3300.0                        
                              plim                          (600, 6000)                   
BR_OII_VOFF                                                                               
                              init                          0.0                           
                              plim                          (-1500, 1500)                 
                              prior                         {'type': 'gaussian'}          
BR_OPT_FEII_AMP                                                                           
                              init                          0.02876464879833418           
                              plim                          (0, 1.5000000695484363)       
BR_OPT_FEII_DISP                                                                          
                              init                          500.0                         
                              plim                          (500.0, 5000.0)               
BR_OPT_FEII_VOFF                                                                          
                              init                          0.0                           
                              plim                          (-500.0, 500.0)               
NA_H_ALPHA_AMP                                                                            
                              init                          0.863209706806262             
                              plim                          (0, 50)                       
NA_H_ALPHA_DISP                                                                           
                              init                          1300.0                        
                              plim                          (100, 2500)                   
NA_H_ALPHA_VOFF                                                                           
                              init                          0.0                           
                              plim                          (-1000, 1000)                 
                              prior                         {'type': 'gaussian'}          
NA_H_BETA_AMP                                                                             
                              init                          0.3742829488217062            
                              plim                          (0, 50)                       
NA_H_BETA_DISP                                                                            
                              init                          1300.0                        
                              plim                          (100, 2500)                   
NA_H_BETA_VOFF                                                                            
                              init                          0.0                           
                              plim                          (-1000, 1000)                 
                              prior                         {'type': 'gaussian'}          
NA_OIII_a_AMP                                                                             
                              init                          0.3032945546043832            
                              plim                          (0, 50)                       
NA_OIII_a_DISP                                                                            
                              init                          1300.0                        
                              plim                          (100, 2500)                   
NA_OIII_a_VOFF                                                                            
                              init                          0.0                           
                              plim                          (-1000, 1000)                 
                              prior                         {'type': 'gaussian'}          
NA_OIII_b_AMP                                                                             
                              init                          0.8500078978152111            
                              plim                          (0, 50)                       
NA_OIII_b_DISP                                                                            
                              init                          1300.0                        
                              plim                          (100, 2500)                   
NA_OIII_b_VOFF                                                                            
                              init                          0.0                           
                              plim                          (-1000, 1000)                 
                              prior                         {'type': 'gaussian'}          
NA_OII_AMP                                                                                
                              init                          0.35283491910982245           
                              plim                          (0, 50)                       
NA_OII_DISP                                                                               
                              init                          1300.0                        
                              plim                          (100, 2500)                   
NA_OII_VOFF                                                                               
                              init                          0.0                           
                              plim                          (-1000, 1000)                 
                              prior                         {'type': 'gaussian'}          
NA_OPT_FEII_AMP                                                                           
                              init                          0.02876464879833418           
                              plim                          (0, 1.5000000695484363)       
NA_OPT_FEII_DISP                                                                          
                              init                          10.0                          
                              plim                          (0.1, 500.0)                  
NA_OPT_FEII_VOFF                                                                          
                              init                          0.0                           
                              plim                          (-500.0, 500.0)               
POWER_AMP                                                                                 
                              init                          0.1438232439916709            
                              plim                          (0, 1.5000000695484363)       
POWER_SLOPE                                                                               
                              init                          -1.0                          
                              plim                          (-6.0, 6.0)                   

----------------------------------------------------------------------------------------------------------------------------------------

 Total number of free parameters: 45

----------------------------------------------------------------------------------------------------------------------------------------

 Soft Constraints:

                 NA_OIII_b_AMP > NA_OIII_a_AMP

----------------------------------------------------------------------------------------------------------------------------------------

----------------------------------------------------------------------------------------------------------------------------------------

 Required Maximum Likelihood RMSE threshold: 0.4310 


 Performing max. likelihood fitting.

 Using Basin-hopping algorithm to estimate parameters. niter_success = 5
basinhopping step 0: f 4.63764
 Fit Status: False
 Force threshold: 0.4310
 Lowest RMSE: 0.1128
 Current RMSE: 0.1128
 Accepted count: 1
 Basinhop count: 0


adaptive stepsize: acceptance rate 0.000000 target 0.500000 new stepsize 0.9 old stepsize 1
basinhopping step 1: f 4.80955 trial_f 4.80955 accepted 1  lowest_f 4.63764
 Fit Status: False
 Force threshold: 0.4310
 Lowest RMSE: 0.1128
 Current RMSE: 0.1148
 Accepted count: 2
 Basinhop count: 1


adaptive stepsize: acceptance rate 0.500000 target 0.500000 new stepsize 0.81 old stepsize 0.9
basinhopping step 2: f 4.66899 trial_f 4.66899 accepted 1  lowest_f 4.63764
 Fit Status: False
 Force threshold: 0.4310
 Lowest RMSE: 0.1128
 Current RMSE: 0.1131
 Accepted count: 3
 Basinhop count: 2


adaptive stepsize: acceptance rate 0.666667 target 0.500000 new stepsize 0.9 old stepsize 0.81
basinhopping step 3: f 4.91472 trial_f 4.91472 accepted 1  lowest_f 4.63764
 Fit Status: False
 Force threshold: 0.4310
 Lowest RMSE: 0.1128
 Current RMSE: 0.1161
 Accepted count: 4
 Basinhop count: 3


adaptive stepsize: acceptance rate 0.750000 target 0.500000 new stepsize 1 old stepsize 0.9
basinhopping step 4: f 4.23034 trial_f 4.23034 accepted 1  lowest_f 4.23034
found new global minimum on step 4 with function value 4.23034
 Fit Status: False
 Force threshold: 0.4310
 Lowest RMSE: 0.1077
 Current RMSE: 0.1077
 Accepted count: 5
 Basinhop count: 0


adaptive stepsize: acceptance rate 0.800000 target 0.500000 new stepsize 1.11111 old stepsize 1
basinhopping step 5: f 4.23034 trial_f 20.5823 accepted 0  lowest_f 4.23034
 Fit Status: False
 Force threshold: 0.4310
 Lowest RMSE: 0.1077
 Current RMSE: 0.2376
 Accepted count: 5
 Basinhop count: 1


adaptive stepsize: acceptance rate 0.666667 target 0.500000 new stepsize 1.23457 old stepsize 1.11111
basinhopping step 6: f 4.25704 trial_f 4.25704 accepted 1  lowest_f 4.23034
 Fit Status: False
 Force threshold: 0.4310
 Lowest RMSE: 0.1077
 Current RMSE: 0.1080
 Accepted count: 6
 Basinhop count: 2


adaptive stepsize: acceptance rate 0.714286 target 0.500000 new stepsize 1.37174 old stepsize 1.23457
basinhopping step 7: f 3.68573 trial_f 3.68573 accepted 1  lowest_f 3.68573
found new global minimum on step 7 with function value 3.68573
 Fit Status: False
 Force threshold: 0.4310
 Lowest RMSE: 0.1005
 Current RMSE: 0.1005
 Accepted count: 7
 Basinhop count: 0


adaptive stepsize: acceptance rate 0.750000 target 0.500000 new stepsize 1.52416 old stepsize 1.37174
basinhopping step 8: f 3.68573 trial_f 4.35813 accepted 0  lowest_f 3.68573
 Fit Status: False
 Force threshold: 0.4310
 Lowest RMSE: 0.1005
 Current RMSE: 0.1093
 Accepted count: 7
 Basinhop count: 1


adaptive stepsize: acceptance rate 0.666667 target 0.500000 new stepsize 1.69351 old stepsize 1.52416
basinhopping step 9: f 3.68573 trial_f 5.37597 accepted 0  lowest_f 3.68573
 Fit Status: False
 Force threshold: 0.4310
 Lowest RMSE: 0.1005
 Current RMSE: 0.1214
 Accepted count: 7
 Basinhop count: 2


adaptive stepsize: acceptance rate 0.600000 target 0.500000 new stepsize 1.88168 old stepsize 1.69351
basinhopping step 10: f 3.68573 trial_f 6.00796 accepted 0  lowest_f 3.68573
 Fit Status: False
 Force threshold: 0.4310
 Lowest RMSE: 0.1005
 Current RMSE: 0.1283
 Accepted count: 7
 Basinhop count: 3


adaptive stepsize: acceptance rate 0.545455 target 0.500000 new stepsize 2.09075 old stepsize 1.88168
basinhopping step 11: f 3.15397 trial_f 3.15397 accepted 1  lowest_f 3.15397
found new global minimum on step 11 with function value 3.15397
 Fit Status: False
 Force threshold: 0.4310
 Lowest RMSE: 0.0930
 Current RMSE: 0.0930
 Accepted count: 8
 Basinhop count: 0


adaptive stepsize: acceptance rate 0.583333 target 0.500000 new stepsize 2.32306 old stepsize 2.09075
basinhopping step 12: f 2.34536 trial_f 2.34536 accepted 1  lowest_f 2.34536
found new global minimum on step 12 with function value 2.34536
 Fit Status: False
 Force threshold: 0.4310
 Lowest RMSE: 0.0802
 Current RMSE: 0.0802
 Accepted count: 9
 Basinhop count: 0


adaptive stepsize: acceptance rate 0.615385 target 0.500000 new stepsize 2.58117 old stepsize 2.32306
basinhopping step 13: f 2.41305 trial_f 2.41305 accepted 1  lowest_f 2.34536
 Fit Status: False
 Force threshold: 0.4310
 Lowest RMSE: 0.0802
 Current RMSE: 0.0813
 Accepted count: 10
 Basinhop count: 1


adaptive stepsize: acceptance rate 0.642857 target 0.500000 new stepsize 2.86797 old stepsize 2.58117
basinhopping step 14: f 2.41305 trial_f 21.5321 accepted 0  lowest_f 2.34536
 Fit Status: False
 Force threshold: 0.4310
 Lowest RMSE: 0.0802
 Current RMSE: 0.2430
 Accepted count: 10
 Basinhop count: 2


adaptive stepsize: acceptance rate 0.600000 target 0.500000 new stepsize 3.18664 old stepsize 2.86797
basinhopping step 15: f 2.41305 trial_f 23.2222 accepted 0  lowest_f 2.34536
 Fit Status: False
 Force threshold: 0.4310
 Lowest RMSE: 0.0802
 Current RMSE: 0.2523
 Accepted count: 10
 Basinhop count: 3


adaptive stepsize: acceptance rate 0.562500 target 0.500000 new stepsize 3.54071 old stepsize 3.18664
basinhopping step 16: f 2.41305 trial_f 5.80109 accepted 0  lowest_f 2.34536
 Fit Status: False
 Force threshold: 0.4310
 Lowest RMSE: 0.0802
 Current RMSE: 0.1261
 Accepted count: 10
 Basinhop count: 4


adaptive stepsize: acceptance rate 0.529412 target 0.500000 new stepsize 3.93412 old stepsize 3.54071
basinhopping step 17: f 2.41305 trial_f 19.3081 accepted 0  lowest_f 2.34536
 Fit Status: True
 Force threshold: 0.4310
 Lowest RMSE: 0.0802
 Current RMSE: 0.2301
 Accepted count: 10
 Basinhop count: 5



 Maximum Likelihood Best-fit Parameters:
--------------------------------------------------------------------------------------

Parameter                     Best-fit Value                +/- 1-sigma                   Flag                          
--------------------------------------------------------------------------------------
AGN_FRAC_4000                 1.000000                      0.000000                      1.0                           
AGN_FRAC_7000                 1.000000                      0.000000                      1.0                           
APOLY_COEFF_1                 0.254577                      0.000000                      1.0                           
APOLY_COEFF_2                 -0.196763                     0.000000                      1.0                           
APOLY_COEFF_3                 0.087667                      0.000000                      1.0                           
APOLY_COEFF_4                 -0.046312                     0.000000                      1.0                           
APOLY_COEFF_5                 0.006830                      0.000000                      1.0                           
APOLY_COEFF_6                 -0.004668                     0.000000                      1.0                           
APOLY_COEFF_7                 -0.001266                     0.000000                      1.0                           
BR_H_ALPHA_AMP                0.000000                      0.000000                      2.0                           
BR_H_ALPHA_DISP               2169.908578                   0.000000                      1.0                           
BR_H_ALPHA_DISP_CORR          2168.047353                   0.000000                      1.0                           
BR_H_ALPHA_DISP_RES           89.854949                     nan                           nan                           
BR_H_ALPHA_EW                 0.000000                      0.000000                      1.0                           
BR_H_ALPHA_FLUX               0.000000                      0.000000                      0.0                           
BR_H_ALPHA_FWHM               0.000000                      0.000000                      0.0                           
BR_H_ALPHA_FWHM_CORR          0.000000                      0.000000                      0.0                           
BR_H_ALPHA_LUM                0.000000                      0.000000                      1.0                           
BR_H_ALPHA_NPIX               0.000000                      0.000000                      0.0                           
BR_H_ALPHA_SNR                0.000000                      0.000000                      0.0                           
BR_H_ALPHA_VOFF               882.504749                    0.000000                      1.0                           
BR_H_ALPHA_W80                0.000000                      0.000000                      0.0                           
BR_H_ALPHA_W80_CORR           0.000000                      0.000000                      0.0                           
BR_H_BETA_AMP                 6.511810                      0.000000                      1.0                           
BR_H_BETA_DISP                3212.687773                   0.000000                      1.0                           
BR_H_BETA_DISP_CORR           3210.379201                   0.000000                      1.0                           
BR_H_BETA_DISP_RES            121.770742                    nan                           nan                           
BR_H_BETA_EW                  44.295246                     0.000000                      0.0                           
BR_H_BETA_FLUX                -13.959455                    0.000000                      0.0                           
BR_H_BETA_FWHM                7565.387823                   0.000000                      0.0                           
BR_H_BETA_FWHM_CORR           7559.951706                   0.000000                      0.0                           
BR_H_BETA_LUM                 42.492962                     0.000000                      0.0                           
BR_H_BETA_NPIX                166.000000                    0.000000                      0.0                           
BR_H_BETA_SNR                 5.430727                      0.000000                      0.0                           
BR_H_BETA_VOFF                142.695099                    0.000000                      1.0                           
BR_H_BETA_W80                 8430.473452                   0.000000                      0.0                           
BR_H_BETA_W80_CORR            8424.676429                   0.000000                      0.0                           
BR_OIII_a_AMP                 9.653501                      0.000000                      1.0                           
BR_OIII_a_DISP                3323.020437                   0.000000                      1.0                           
BR_OIII_a_DISP_CORR           3320.875540                   0.000000                      1.0                           
BR_OIII_a_DISP_RES            119.375333                    nan                           nan                           
BR_OIII_a_EW                  70.984068                     0.000000                      0.0                           
BR_OIII_a_FLUX                -13.765606                    0.000000                      0.0                           
BR_OIII_a_FWHM                7825.223677                   0.000000                      0.0                           
BR_OIII_a_FWHM_CORR           7820.172987                   0.000000                      0.0                           
BR_OIII_a_LUM                 42.686811                     0.000000                      0.0                           
BR_OIII_a_NPIX                192.000000                    0.000000                      0.0                           
BR_OIII_a_SNR                 8.050843                      0.000000                      0.0                           
BR_OIII_a_VOFF                -153.352773                   0.000000                      1.0                           
BR_OIII_a_W80                 8711.691489                   0.000000                      0.0                           
BR_OIII_a_W80_CORR            8706.300322                   0.000000                      0.0                           
BR_OIII_b_AMP                 0.000000                      0.000000                      2.0                           
BR_OIII_b_DISP                3295.434693                   0.000000                      1.0                           
BR_OIII_b_DISP_CORR           3293.337011                   0.000000                      1.0                           
BR_OIII_b_DISP_RES            117.563365                    nan                           nan                           
BR_OIII_b_EW                  0.000000                      0.000000                      1.0                           
BR_OIII_b_FLUX                0.000000                      0.000000                      0.0                           
BR_OIII_b_FWHM                0.000000                      0.000000                      0.0                           
BR_OIII_b_FWHM_CORR           0.000000                      0.000000                      0.0                           
BR_OIII_b_LUM                 0.000000                      0.000000                      1.0                           
BR_OIII_b_NPIX                0.000000                      0.000000                      0.0                           
BR_OIII_b_SNR                 0.000000                      0.000000                      0.0                           
BR_OIII_b_VOFF                0.944843                      0.000000                      1.0                           
BR_OIII_b_W80                 0.000000                      0.000000                      0.0                           
BR_OIII_b_W80_CORR            0.000000                      0.000000                      0.0                           
BR_OII_AMP                    0.000000                      0.000000                      2.0                           
BR_OII_DISP                   3302.448264                   0.000000                      1.0                           
BR_OII_DISP_CORR              3298.782437                   0.000000                      1.0                           
BR_OII_DISP_RES               155.560193                    nan                           nan                           
BR_OII_EW                     0.000000                      0.000000                      1.0                           
BR_OII_FLUX                   0.000000                      0.000000                      0.0                           
BR_OII_FWHM                   0.000000                      0.000000                      0.0                           
BR_OII_FWHM_CORR              0.000000                      0.000000                      0.0                           
BR_OII_LUM                    0.000000                      0.000000                      1.0                           
BR_OII_NPIX                   0.000000                      0.000000                      0.0                           
BR_OII_SNR                    0.000000                      0.000000                      0.0                           
BR_OII_VOFF                   2.623344                      0.000000                      1.0                           
BR_OII_W80                    0.000000                      0.000000                      0.0                           
BR_OII_W80_CORR               0.000000                      0.000000                      0.0                           
BR_OPT_FEII_AMP               71.636692                     0.000000                      1.0                           
BR_OPT_FEII_DISP              727.506979                    0.000000                      1.0                           
BR_OPT_FEII_TEMPLATE_EW       131.096903                    0.000000                      1.0                           
BR_OPT_FEII_TEMPLATE_FLUX     -13.499909                    0.000000                      1.0                           
BR_OPT_FEII_TEMPLATE_LUM      42.952508                     0.000000                      1.0                           
BR_OPT_FEII_VOFF              -187.119547                   0.000000                      1.0                           
HOST_FRAC_4000                0.005885                      0.000000                      1.0                           
HOST_FRAC_7000                0.770204                      0.000000                      1.0                           
H_ALPHA_COMP_DISP             1801.588970                   0.000000                      0.0                           
H_ALPHA_COMP_DISP_CORR        1799.346800                   0.000000                      0.0                           
H_ALPHA_COMP_DISP_RES         89.854949                     nan                           nan                           
H_ALPHA_COMP_EW               466.200731                    0.000000                      1.0                           
H_ALPHA_COMP_FLUX             -13.065164                    0.000000                      1.0                           
H_ALPHA_COMP_FWHM             4243.141634                   0.000000                      0.0                           
H_ALPHA_COMP_FWHM_CORR        4237.862718                   0.000000                      0.0                           
H_ALPHA_COMP_LUM              43.387253                     0.000000                      1.0                           
H_ALPHA_COMP_NPIX             151.000000                    0.000000                      0.0                           
H_ALPHA_COMP_SNR              31.809483                     0.000000                      0.0                           
H_ALPHA_COMP_VOFF             518.872143                    0.000000                      0.0                           
H_ALPHA_COMP_W80              4732.996847                   0.000000                      0.0                           
H_ALPHA_COMP_W80_CORR         4727.373076                   0.000000                      0.0                           
H_BETA_COMP_DISP              2756.693205                   0.000000                      0.0                           
H_BETA_COMP_DISP_CORR         2754.002417                   0.000000                      0.0                           
H_BETA_COMP_DISP_RES          121.770742                    nan                           nan                           
H_BETA_COMP_EW                64.745978                     0.000000                      1.0                           
H_BETA_COMP_FLUX              -13.794512                    0.000000                      1.0                           
H_BETA_COMP_FWHM              4388.723182                   0.000000                      0.0                           
H_BETA_COMP_FWHM_CORR         4379.345618                   0.000000                      0.0                           
H_BETA_COMP_LUM               42.657905                     0.000000                      1.0                           
H_BETA_COMP_NPIX              166.000000                    0.000000                      0.0                           
H_BETA_COMP_SNR               9.982371                      0.000000                      0.0                           
H_BETA_COMP_VOFF              104.897546                    0.000000                      0.0                           
H_BETA_COMP_W80               7033.805110                   0.000000                      0.0                           
H_BETA_COMP_W80_CORR          7026.855956                   0.000000                      0.0                           
LOG_LIKE                      2.345361                      0.000000                      0.0                           
L_CONT_AGN_3000               44.627618                     0.000000                      1.0                           
L_CONT_AGN_5100               44.524446                     0.000000                      1.0                           
L_CONT_HOST_3000              0.000000                      0.000000                      1.0                           
L_CONT_HOST_5100              44.153623                     0.000000                      1.0                           
L_CONT_TOT_3000               44.627618                     0.000000                      1.0                           
L_CONT_TOT_5100               44.524446                     0.000000                      1.0                           
NA_H_ALPHA_AMP                67.092529                     0.000000                      1.0                           
NA_H_ALPHA_DISP               1801.594713                   0.000000                      1.0                           
NA_H_ALPHA_DISP_CORR          1799.352549                   0.000000                      1.0                           
NA_H_ALPHA_DISP_RES           89.854949                     nan                           nan                           
NA_H_ALPHA_EW                 466.200731                    0.000000                      0.0                           
NA_H_ALPHA_FLUX               -13.065164                    0.000000                      0.0                           
NA_H_ALPHA_FWHM               4243.141634                   0.000000                      0.0                           
NA_H_ALPHA_FWHM_CORR          4237.862718                   0.000000                      0.0                           
NA_H_ALPHA_LUM                43.387253                     0.000000                      0.0                           
NA_H_ALPHA_NPIX               151.000000                    0.000000                      0.0                           
NA_H_ALPHA_SNR                55.943990                     0.000000                      0.0                           
NA_H_ALPHA_VOFF               518.872145                    0.000000                      1.0                           
NA_H_ALPHA_W80                4732.996847                   0.000000                      0.0                           
NA_H_ALPHA_W80_CORR           4727.373076                   0.000000                      0.0                           
NA_H_BETA_AMP                 7.412294                      0.000000                      1.0                           
NA_H_BETA_DISP                1304.483768                   0.000000                      1.0                           
NA_H_BETA_DISP_CORR           1298.787815                   0.000000                      1.0                           
NA_H_BETA_DISP_RES            121.770742                    nan                           nan                           
NA_H_BETA_EW                  20.450732                     0.000000                      0.0                           
NA_H_BETA_FLUX                -14.294828                    0.000000                      0.0                           
NA_H_BETA_FWHM                3072.450400                   0.000000                      0.0                           
NA_H_BETA_FWHM_CORR           3059.040427                   0.000000                      0.0                           
NA_H_BETA_LUM                 42.157589                     0.000000                      0.0                           
NA_H_BETA_NPIX                71.000000                     0.000000                      0.0                           
NA_H_BETA_SNR                 6.180530                      0.000000                      0.0                           
NA_H_BETA_VOFF                23.120690                     0.000000                      1.0                           
NA_H_BETA_W80                 3421.607048                   0.000000                      0.0                           
NA_H_BETA_W80_CORR            3407.298798                   0.000000                      0.0                           
NA_OIII_a_AMP                 0.000000                      0.000000                      1.0                           
NA_OIII_a_DISP                1156.123821                   0.000000                      1.0                           
NA_OIII_a_DISP_CORR           1149.944268                   0.000000                      1.0                           
NA_OIII_a_DISP_RES            119.375333                    nan                           nan                           
NA_OIII_a_EW                  0.000000                      0.000000                      1.0                           
NA_OIII_a_FLUX                0.000000                      0.000000                      0.0                           
NA_OIII_a_FWHM                0.000000                      0.000000                      0.0                           
NA_OIII_a_FWHM_CORR           0.000000                      0.000000                      0.0                           
NA_OIII_a_LUM                 0.000000                      0.000000                      1.0                           
NA_OIII_a_NPIX                0.000000                      0.000000                      0.0                           
NA_OIII_a_SNR                 0.000000                      0.000000                      0.0                           
NA_OIII_a_VOFF                -13.557302                    0.000000                      1.0                           
NA_OIII_a_W80                 0.000000                      0.000000                      0.0                           
NA_OIII_a_W80_CORR            0.000000                      0.000000                      0.0                           
NA_OIII_b_AMP                 67.962215                     0.000000                      1.0                           
NA_OIII_b_DISP                203.924611                    0.000000                      1.0                           
NA_OIII_b_DISP_CORR           166.625635                    0.000000                      1.0                           
NA_OIII_b_DISP_RES            117.563365                    nan                           nan                           
NA_OIII_b_EW                  31.816297                     0.000000                      0.0                           
NA_OIII_b_FLUX                -14.123105                    0.000000                      0.0                           
NA_OIII_b_FWHM                482.472276                    0.000000                      0.0                           
NA_OIII_b_FWHM_CORR           395.145671                    0.000000                      0.0                           
NA_OIII_b_LUM                 42.329312                     0.000000                      0.0                           
NA_OIII_b_NPIX                17.000000                     0.000000                      0.0                           
NA_OIII_b_SNR                 56.589761                     0.000000                      0.0                           
NA_OIII_b_VOFF                98.450382                     0.000000                      1.0                           
NA_OIII_b_W80                 537.471633                    0.000000                      0.0                           
NA_OIII_b_W80_CORR            444.748777                    0.000000                      0.0                           
NA_OII_AMP                    0.000000                      0.000000                      2.0                           
NA_OII_DISP                   1299.420149                   0.000000                      1.0                           
NA_OII_DISP_CORR              1290.075094                   0.000000                      1.0                           
NA_OII_DISP_RES               155.560193                    nan                           nan                           
NA_OII_EW                     0.000000                      0.000000                      1.0                           
NA_OII_FLUX                   0.000000                      0.000000                      0.0                           
NA_OII_FWHM                   0.000000                      0.000000                      0.0                           
NA_OII_FWHM_CORR              0.000000                      0.000000                      0.0                           
NA_OII_LUM                    0.000000                      0.000000                      1.0                           
NA_OII_NPIX                   0.000000                      0.000000                      0.0                           
NA_OII_SNR                    0.000000                      0.000000                      0.0                           
NA_OII_VOFF                   -3.155297                     0.000000                      1.0                           
NA_OII_W80                    0.000000                      0.000000                      0.0                           
NA_OII_W80_CORR               0.000000                      0.000000                      0.0                           
NA_OPT_FEII_AMP               1.835081                      0.000000                      1.0                           
NA_OPT_FEII_DISP              11.394776                     0.000000                      1.0                           
NA_OPT_FEII_TEMPLATE_EW       4.393967                      0.000000                      1.0                           
NA_OPT_FEII_TEMPLATE_FLUX     -14.938359                    0.000000                      1.0                           
NA_OPT_FEII_TEMPLATE_LUM      41.514058                     0.000000                      1.0                           
NA_OPT_FEII_VOFF              2.072652                      0.000000                      1.0                           
OIII_a_COMP_DISP              3322.953831                   0.000000                      0.0                           
OIII_a_COMP_DISP_CORR         3320.808891                   0.000000                      0.0                           
OIII_a_COMP_DISP_RES          119.375333                    nan                           nan                           
OIII_a_COMP_EW                70.984068                     0.000000                      1.0                           
OIII_a_COMP_FLUX              -13.765606                    0.000000                      1.0                           
OIII_a_COMP_FWHM              7825.223677                   0.000000                      0.0                           
OIII_a_COMP_FWHM_CORR         7820.172987                   0.000000                      0.0                           
OIII_a_COMP_LUM               42.686811                     0.000000                      1.0                           
OIII_a_COMP_NPIX              192.000000                    0.000000                      0.0                           
OIII_a_COMP_SNR               6.696412                      0.000000                      0.0                           
OIII_a_COMP_VOFF              -153.353038                   0.000000                      0.0                           
OIII_a_COMP_W80               8711.691489                   0.000000                      0.0                           
OIII_a_COMP_W80_CORR          8706.300322                   0.000000                      0.0                           
OIII_b_COMP_DISP              203.924196                    0.000000                      0.0                           
OIII_b_COMP_DISP_CORR         166.625127                    0.000000                      0.0                           
OIII_b_COMP_DISP_RES          117.563365                    nan                           nan                           
OIII_b_COMP_EW                31.816297                     0.000000                      1.0                           
OIII_b_COMP_FLUX              -14.123105                    0.000000                      1.0                           
OIII_b_COMP_FWHM              482.472276                    0.000000                      0.0                           
OIII_b_COMP_FWHM_CORR         395.145671                    0.000000                      0.0                           
OIII_b_COMP_LUM               42.329312                     0.000000                      1.0                           
OIII_b_COMP_NPIX              17.000000                     0.000000                      0.0                           
OIII_b_COMP_SNR               27.917008                     0.000000                      0.0                           
OIII_b_COMP_VOFF              98.450337                     0.000000                      0.0                           
OIII_b_COMP_W80               537.471633                    0.000000                      0.0                           
OIII_b_COMP_W80_CORR          444.748777                    0.000000                      0.0                           
OII_COMP_DISP                 0.000000                      0.000000                      0.0                           
OII_COMP_DISP_CORR            0.000000                      0.000000                      0.0                           
OII_COMP_DISP_RES             155.560193                    nan                           nan                           
OII_COMP_EW                   0.000000                      0.000000                      1.0                           
OII_COMP_FLUX                 0.000000                      0.000000                      1.0                           
OII_COMP_FWHM                 0.000000                      0.000000                      0.0                           
OII_COMP_FWHM_CORR            0.000000                      0.000000                      0.0                           
OII_COMP_LUM                  0.000000                      0.000000                      1.0                           
OII_COMP_NPIX                 0.000000                      0.000000                      0.0                           
OII_COMP_SNR                  0.000000                      0.000000                      0.0                           
OII_COMP_VOFF                 0.000000                      0.000000                      0.0                           
OII_COMP_W80                  0.000000                      0.000000                      0.0                           
OII_COMP_W80_CORR             0.000000                      0.000000                      0.0                           
POWER_AMP                     10.349969                     0.000000                      1.0                           
POWER_SLOPE                   -3.769941                     0.000000                      1.0                           
RCHI_SQUARED                  6.444972                      0.000000                      0.0                           
R_SQUARED                     0.994945                      0.000000                      0.0                           
NOISE_STD                     1.151876                                                                                  
RESID_STD                     2.359163                                                                                  
--------------------------------------------------------------------------------------
 - Done fitting 2-onur! 

End process memory: 0.26099302                    
