patched GLEAM label offsets
patched GLEAM non-fatal plotting
patched GLEAM doublet ties
WARNING: AstropyDeprecationWarning: The truth value of a Quantity is ambiguous. In the future this will raise a ValueError. [astropy.units.quantity]
Now working in  on sdss in sdss + fiber1 on source 1 at z=0.091.
Warning: non-constant dispersion
[[Model]]
    (Model(constant) + Model(gaussian, prefix='g0_'))
[[Fit Statistics]]
    # fitting method   = leastsq
    # function evals   = 36
    # data points      = 93
    # variables        = 4
    chi-square         = 271.326922
    reduced chi-square = 3.04861710
    Akaike info crit   = 107.577421
    Bayesian info crit = 117.707819
    R-squared          = 0.98371942
[[Variables]]
    c:             90.3926091 +/- 0.57697801 (0.64%) (init = 91.98569)
    g0_amplitude:  1082.97338 +/- 26.1134951 (2.41%) (init = 437.1031)
    g0_center:     3728.87579 +/- 0.06221029 (0.00%) (init = 3728.48)
    g0_sigma:      2.33482279 +/- 0.05618361 (2.41%) (init = 0.9731742)
    g0_fwhm:       5.49808741 +/- 0.13230229 (2.41%) == '2.3548200*g0_sigma'
    g0_height:     185.043547 +/- 4.92421993 (2.66%) == '0.3989423*g0_amplitude/max(1e-15, g0_sigma)'
[[Correlations]] (unreported correlations are < 0.100)
    C(g0_amplitude, g0_sigma) = +0.3898
    C(c, g0_amplitude)        = -0.2903
    C(c, g0_sigma)            = -0.2258
Warning: non-constant dispersion
Warning: non-constant dispersion
[[Model]]
    ((Model(constant) + Model(gaussian, prefix='g0_')) + Model(gaussian, prefix='g1_'))
[[Fit Statistics]]
    # fitting method   = leastsq
    # function evals   = 167
    # data points      = 72
    # variables        = 7
    chi-square         = 100.885353
    reduced chi-square = 1.55208236
    Akaike info crit   = 38.2869417
    Bayesian info crit = 54.2236046
    R-squared          = 0.98098097
[[Variables]]
    c:             216.108571 +/- 1.58967940 (0.74%) (init = 228.0089)
    g0_amplitude:  1144.61681 +/- 122.474069 (10.70%) (init = 396.0599)
    g0_center:     4857.15330 +/- 0.80362553 (0.02%) (init = 4862.68)
    g0_sigma:      13.1236126 +/- 1.14347852 (8.71%) (init = 0.9731742)
    g1_amplitude:  910.988854 +/- 41.0811782 (4.51%) (init = 396.0599)
    g1_center:     4862.84713 +/- 0.08804065 (0.00%) (init = 4862.68)
    g1_sigma:      2.48214938 +/- 0.10002721 (4.03%) (init = 0.9731742)
    g0_fwhm:       30.9037455 +/- 2.69268607 (8.71%) == '2.3548200*g0_sigma'
    g0_height:     34.7949970 +/- 2.62235749 (7.54%) == '0.3989423*g0_amplitude/max(1e-15, g0_sigma)'
    g1_fwhm:       5.84501501 +/- 0.23554607 (4.03%) == '2.3548200*g1_sigma'
    g1_height:     146.418258 +/- 5.36415911 (3.66%) == '0.3989423*g1_amplitude/max(1e-15, g1_sigma)'
[[Correlations]] (unreported correlations are < 0.100)
    C(c, g0_amplitude)            = -0.8624
    C(c, g0_sigma)                = -0.7574
    C(g0_amplitude, g0_sigma)     = +0.7165
    C(g1_amplitude, g1_sigma)     = +0.6370
    C(g0_center, g1_amplitude)    = -0.4782
    C(g0_center, g1_sigma)        = -0.3508
    C(g0_sigma, g1_amplitude)     = +0.3200
    C(g0_sigma, g1_center)        = -0.2168
    C(g0_sigma, g1_sigma)         = +0.2132
    C(g0_amplitude, g1_amplitude) = -0.1755
    C(g0_amplitude, g1_sigma)     = -0.1545
    C(g0_center, g0_sigma)        = -0.1377
    C(g0_amplitude, g0_center)    = +0.1295
    C(c, g1_center)               = +0.1270
    C(g0_amplitude, g1_center)    = -0.1173
    C(g0_center, g1_center)       = -0.1056
    C(c, g1_amplitude)            = -0.1035
Warning: non-constant dispersion
Warning: non-constant dispersion
[[Model]]
    ((Model(constant) + Model(gaussian, prefix='g0_')) + Model(gaussian, prefix='g1_'))
[[Fit Statistics]]
    # fitting method   = leastsq
    # function evals   = 50
    # data points      = 112
    # variables        = 6
    chi-square         = 583.430241
    reduced chi-square = 5.50405887
    Akaike info crit   = 196.847714
    Bayesian info crit = 213.158707
    R-squared          = 0.99399161
[[Variables]]
    c:             28.7897391 +/- 0.17041649 (0.59%) (init = 29.54141)
    g0_amplitude:  452.828922 +/- 4.72487275 (1.04%) == 'g1_amplitude / 3.0'
    g0_center:     4960.34602 +/- 0.06950501 (0.00%) (init = 4960.3)
    g0_sigma:      2.51552179 +/- 0.06093390 (2.42%) (init = 0.9731742)
    g1_amplitude:  1358.48677 +/- 14.1746183 (1.04%) (init = 536.2079)
    g1_center:     5008.29060 +/- 0.04429600 (0.00%) (init = 5008.24)
    g1_sigma:      2.67125234 +/- 0.03079136 (1.15%) (init = 0.9731742)
    g0_fwhm:       5.92360103 +/- 0.14348837 (2.42%) == '2.3548200*g0_sigma'
    g0_height:     71.8151647 +/- 1.82419945 (2.54%) == '0.3989423*g0_amplitude/max(1e-15, g0_sigma)'
    g1_fwhm:       6.29031844 +/- 0.07250812 (1.15%) == '2.3548200*g1_sigma'
    g1_height:     202.885301 +/- 2.02087035 (1.00%) == '0.3989423*g1_amplitude/max(1e-15, g1_sigma)'
[[Correlations]] (unreported correlations are < 0.100)
    C(g1_amplitude, g1_sigma)  = +0.5925
    C(g1_center, g1_sigma)     = -0.3578
    C(c, g1_amplitude)         = -0.2678
    C(c, g1_sigma)             = -0.1956
    C(c, g0_sigma)             = -0.1716
    C(g1_amplitude, g1_center) = +0.1205
Warning: non-constant dispersion
Warning: non-constant dispersion
[[Model]]
    ((((Model(constant) + Model(gaussian, prefix='g0_')) + Model(gaussian, prefix='g1_')) + Model(gaussian, prefix='g2_')) + Model(gaussian, prefix='g3_'))
[[Fit Statistics]]
    # fitting method   = leastsq
    # function evals   = 343
    # data points      = 76
    # variables        = 12
    chi-square         = 474.322714
    reduced chi-square = 7.41129241
    Akaike info crit   = 163.167748
    Bayesian info crit = 191.136548
    R-squared          = 0.98929191
[[Variables]]
    c:             74.5252189 +/- 2.08929775 (2.80%) (init = 104.2252)
    g0_amplitude:  106.636973 +/- 10.7588595 (10.09%) == 'g3_amplitude / 3.0'
    g0_center:     6550.80934 +/- 0.88714094 (0.01%) (init = 6549.86)
    g0_sigma:      2.77819306 +/- 0.69892401 (25.16%) (init = 0.9731742)
    g1_amplitude:  3412.30143 +/- 265.515901 (7.78%) (init = 386.5706)
    g1_center:     6561.93525 +/- 0.57385250 (0.01%) (init = 6564.6)
    g1_sigma:      25.2305647 +/- 1.45823541 (5.78%) (init = 0.9731742)
    g2_amplitude:  1020.64669 +/- 66.3225053 (6.50%) (init = 386.5706)
    g2_center:     6564.75264 +/- 0.18153972 (0.00%) (init = 6564.6)
    g2_sigma:      3.11078837 +/- 0.16988913 (5.46%) (init = 0.9731742)
    g3_amplitude:  319.910920 +/- 32.2765786 (10.09%) (init = 386.5706)
    g3_center:     6585.71644 +/- 0.23707450 (0.00%) (init = 6585.27)
    g3_sigma:      2.39336609 +/- 0.23532984 (9.83%) (init = 0.9731742)
    g0_fwhm:       6.54214459 +/- 1.64584024 (25.16%) == '2.3548200*g0_sigma'
    g0_height:     15.3128305 +/- 3.80372848 (24.84%) == '0.3989423*g0_amplitude/max(1e-15, g0_sigma)'
    g1_fwhm:       59.4134383 +/- 3.43388191 (5.78%) == '2.3548200*g1_sigma'
    g1_height:     53.9548519 +/- 2.32681032 (4.31%) == '0.3989423*g1_amplitude/max(1e-15, g1_sigma)'
    g2_fwhm:       7.32534666 +/- 0.40005833 (5.46%) == '2.3548200*g2_sigma'
    g2_height:     130.892588 +/- 8.34309268 (6.37%) == '0.3989423*g2_amplitude/max(1e-15, g2_sigma)'
    g3_fwhm:       5.63594635 +/- 0.55415942 (9.83%) == '2.3548200*g3_sigma'
    g3_height:     53.3248961 +/- 4.97292936 (9.33%) == '0.3989423*g3_amplitude/max(1e-15, g3_sigma)'
[[Correlations]] (unreported correlations are < 0.100)
    C(c, g1_amplitude)            = -0.9449
    C(c, g1_sigma)                = -0.9093
    C(g1_amplitude, g1_sigma)     = +0.8378
    C(g3_amplitude, g3_sigma)     = +0.5620
    C(g2_amplitude, g2_sigma)     = +0.4427
    C(g1_sigma, g2_amplitude)     = +0.3722
    C(g1_center, g3_amplitude)    = -0.3688
    C(g1_sigma, g2_sigma)         = +0.3372
    C(g2_amplitude, g2_center)    = -0.3076
    C(g1_center, g3_sigma)        = -0.2992
    C(g2_amplitude, g3_amplitude) = +0.2465
    C(g1_amplitude, g3_amplitude) = -0.2396
    C(c, g2_amplitude)            = -0.2323
    C(g0_sigma, g3_amplitude)     = +0.2318
    C(g2_center, g2_sigma)        = -0.2252
    C(g2_sigma, g3_amplitude)     = +0.2223
    C(g1_amplitude, g1_center)    = +0.2106
    C(c, g2_sigma)                = -0.2051
    C(g1_amplitude, g3_sigma)     = -0.1945
    C(g2_amplitude, g3_sigma)     = +0.1676
    C(g2_sigma, g3_sigma)         = +0.1553
    C(g0_center, g1_sigma)        = +0.1428
    C(g0_sigma, g2_sigma)         = -0.1419
    C(g0_sigma, g2_center)        = +0.1400
    C(g3_amplitude, g3_center)    = -0.1393
    C(g1_sigma, g3_center)        = -0.1326
    C(c, g1_center)               = -0.1296
    C(g1_center, g2_amplitude)    = -0.1262
    C(g1_center, g2_sigma)        = -0.1258
    C(g0_sigma, g3_sigma)         = +0.1244
    C(g3_center, g3_sigma)        = -0.1179
    C(c, g0_center)               = -0.1066
Warning: non-constant dispersion
Warning: non-constant dispersion
[[Model]]
    ((Model(constant) + Model(gaussian, prefix='g0_')) + Model(gaussian, prefix='g1_'))
[[Fit Statistics]]
    # fitting method   = leastsq
    # function evals   = 49
    # data points      = 61
    # variables        = 7
    chi-square         = 185.346407
    reduced chi-square = 3.43234087
    Akaike info crit   = 81.7925134
    Bayesian info crit = 96.5686305
    R-squared          = 0.98214650
[[Variables]]
    c:             147.317820 +/- 0.83001940 (0.56%) (init = 152.5929)
    g0_amplitude:  1100.84821 +/- 41.9380916 (3.81%) (init = 348.0338)
    g0_center:     6718.51394 +/- 0.12466123 (0.00%) (init = 6718.29)
    g0_sigma:      3.13323698 +/- 0.11962198 (3.82%) (init = 0.9731742)
    g1_amplitude:  969.236487 +/- 38.4825617 (3.97%) (init = 348.0338)
    g1_center:     6732.82221 +/- 0.13526581 (0.00%) (init = 6732.67)
    g1_sigma:      3.14935704 +/- 0.12927202 (4.10%) (init = 0.9731742)
    g0_fwhm:       7.37820910 +/- 0.28168823 (3.82%) == '2.3548200*g0_sigma'
    g0_height:     140.166518 +/- 6.54395480 (4.67%) == '0.3989423*g0_amplitude/max(1e-15, g0_sigma)'
    g1_fwhm:       7.41616895 +/- 0.30441234 (4.10%) == '2.3548200*g1_sigma'
    g1_height:     122.777262 +/- 5.28012125 (4.30%) == '0.3989423*g1_amplitude/max(1e-15, g1_sigma)'
[[Correlations]] (unreported correlations are < 0.100)
    C(g1_amplitude, g1_sigma)  = +0.4331
    C(c, g1_amplitude)         = -0.3339
    C(c, g0_amplitude)         = -0.3011
    C(g0_amplitude, g0_sigma)  = +0.2507
    C(c, g1_sigma)             = -0.2113
    C(c, g0_sigma)             = -0.1922
    C(g1_amplitude, g1_center) = -0.1768
    C(g0_sigma, g1_sigma)      = -0.1718
    C(g0_sigma, g1_center)     = +0.1587
    C(g0_center, g1_sigma)     = -0.1456
    C(g1_center, g1_sigma)     = -0.1001
Warning: non-constant dispersion
multiprocessing.pool.RemoteTraceback: 
"""
Traceback (most recent call last):
  File "/usr/local/lib/python3.8/multiprocessing/pool.py", line 125, in worker
    result = (True, func(*args, **kwds))
  File "/usr/local/lib/python3.8/multiprocessing/pool.py", line 51, in starmapstar
    return list(itertools.starmap(args[0], args[1]))
  File "/usr/local/lib/python3.8/site-packages/gleam/main.py", line 147, in run_main
    print("WARNING: GLEAM plot_line failed:", _e)
  File "/usr/local/lib/python3.8/contextlib.py", line 120, in __exit__
    next(self.gen)
  File "/usr/local/lib/python3.8/site-packages/gleam/plot_gaussian.py", line 401, in overview_plot
    plt.savefig(f"{basename}.png", format="png", bbox_inches="tight")
  File "/usr/local/lib/python3.8/site-packages/matplotlib/pyplot.py", line 1023, in savefig
    res = fig.savefig(*args, **kwargs)
  File "/usr/local/lib/python3.8/site-packages/matplotlib/figure.py", line 3378, in savefig
    self.canvas.print_figure(fname, **kwargs)
  File "/usr/local/lib/python3.8/site-packages/matplotlib/backend_bases.py", line 2342, in print_figure
    self.figure.draw(renderer)
  File "/usr/local/lib/python3.8/site-packages/matplotlib/artist.py", line 95, in draw_wrapper
    result = draw(artist, renderer, *args, **kwargs)
  File "/usr/local/lib/python3.8/site-packages/matplotlib/artist.py", line 72, in draw_wrapper
    return draw(artist, renderer)
  File "/usr/local/lib/python3.8/site-packages/matplotlib/figure.py", line 3175, in draw
    mimage._draw_list_compositing_images(
  File "/usr/local/lib/python3.8/site-packages/matplotlib/image.py", line 131, in _draw_list_compositing_images
    a.draw(renderer)
  File "/usr/local/lib/python3.8/site-packages/matplotlib/artist.py", line 39, in draw_wrapper
    return draw(artist, renderer, *args, **kwargs)
  File "/usr/local/lib/python3.8/site-packages/mpl_toolkits/axes_grid1/parasite_axes.py", line 138, in draw
    super().draw(renderer)
  File "/usr/local/lib/python3.8/site-packages/matplotlib/artist.py", line 72, in draw_wrapper
    return draw(artist, renderer)
  File "/usr/local/lib/python3.8/site-packages/matplotlib/axes/_base.py", line 3064, in draw
    mimage._draw_list_compositing_images(
  File "/usr/local/lib/python3.8/site-packages/matplotlib/image.py", line 131, in _draw_list_compositing_images
    a.draw(renderer)
  File "/usr/local/lib/python3.8/site-packages/matplotlib/artist.py", line 72, in draw_wrapper
    return draw(artist, renderer)
  File "/usr/local/lib/python3.8/site-packages/matplotlib/text.py", line 757, in draw
    posx = float(self.convert_xunits(self._x))
TypeError: only size-1 arrays can be converted to Python scalars
"""

The above exception was the direct cause of the following exception:

Traceback (most recent call last):
  File "/usr/local/bin/gleam", line 8, in <module>
    sys.exit(pipeline())
  File "/usr/local/lib/python3.8/site-packages/click/core.py", line 829, in __call__
    return self.main(*args, **kwargs)
  File "/usr/local/lib/python3.8/site-packages/click/core.py", line 782, in main
    rv = self.invoke(ctx)
  File "/usr/local/lib/python3.8/site-packages/click/core.py", line 1066, in invoke
    return ctx.invoke(self.callback, **ctx.params)
  File "/usr/local/lib/python3.8/site-packages/click/core.py", line 610, in invoke
    return callback(*args, **kwargs)
  File "/usr/local/lib/python3.8/site-packages/gleam/__init__.py", line 136, in pipeline
    p.starmap(gleam.main.run_main, unique_sources)
  File "/usr/local/lib/python3.8/multiprocessing/pool.py", line 372, in starmap
    return self._map_async(func, iterable, starmapstar, chunksize).get()
  File "/usr/local/lib/python3.8/multiprocessing/pool.py", line 771, in get
    raise self._value
TypeError: only size-1 arrays can be converted to Python scalars
Matplotlib Version: 3.7.5
total 4700
-rw-rw-r-- 1 1000 1000  11812 Sep 29 10:39 docker.log
-rw-r--r-- 1 1000 1000 449045 Sep 29 10:39 linefits.sdss.sdss.fiber1.001.Ha.Ha_broad.NII1.png
-rw-rw-r-- 1 1000 1000 435770 Sep 27 23:39 linefits.sdss.sdss.fiber1.001.Ha.NII1.png
-rw-r--r-- 1 root root 434100 Sep 29 16:20 linefits.sdss.sdss.fiber1.001.Hb.Hb_broad.png
-rw-rw-r-- 1 1000 1000 417084 Sep 27 23:39 linefits.sdss.sdss.fiber1.001.Hb.png
-rw-r--r-- 1 root root 458734 Sep 29 16:21 linefits.sdss.sdss.fiber1.001.NII2.Ha.Ha_broad.NII1.png
-rw-r--r-- 1 root root 417931 Sep 29 16:20 linefits.sdss.sdss.fiber1.001.OII.png
-rw-r--r-- 1 root root 426630 Sep 29 16:20 linefits.sdss.sdss.fiber1.001.OIII4.OIII5.png
-rw-r--r-- 1 1000 1000 405451 Sep 29 09:13 linefits.sdss.sdss.fiber1.001.OIII4.png
-rw-r--r-- 1 1000 1000 411003 Sep 29 09:13 linefits.sdss.sdss.fiber1.001.OIII5.png
-rw-r--r-- 1 root root 429418 Sep 29 16:21 linefits.sdss.sdss.fiber1.001.SII1.SII2.png
-rw-r--r-- 1 root root  20160 Sep 29 16:21 linefits.sdss.sdss.fiber1.001.fits
-rw-r--r-- 1 1000 1000 476392 Sep 29 10:39 linefits.sdss.sdss.fiber1.001.png
total 12K
-rw-r--r-- 1 root root 1.2K Sep 21 02:20 =5.2
drwxr-xr-x 1 root root 4.0K Sep 29 16:19 input
drwxrwxr-x 2 1000 1000 4.0K Sep 29 16:21 output
-rw-r--r-- 1 root root 1.2K Sep 21 02:20 /app/=5.2

/app/input:
total 132K
-rw-rw-r-- 1 1000 1000  12K Aug 28 20:16 Sky_bands.fits
-rw-rw-r-- 1 1000 1000 1.3K Sep 29 07:43 gleam.sh
-rw-rw-r-- 1 1000 1000 5.4K Sep 29 15:08 gleam_doublet_patch.py
-rw-rw-r-- 1 1000 1000 2.6K Sep 29 14:37 gleamconfig.yaml
-rw-rw-r-- 1 1000 1000 8.5K Sep 29 14:37 line_table.fits
-rw-rw-r-- 1 1000 1000  115 Sep 29 15:10 meta.dat
-rw-rw-r-- 1 1000 1000  85K Sep 29 15:10 spec1d.sdss.sdss.fiber1.1.fits

/app/output:
total 4.6M
-rw-rw-r-- 1 1000 1000  12K Sep 29 10:39 docker.log
-rw-r--r-- 1 1000 1000 439K Sep 29 10:39 linefits.sdss.sdss.fiber1.001.Ha.Ha_broad.NII1.png
-rw-rw-r-- 1 1000 1000 426K Sep 27 23:39 linefits.sdss.sdss.fiber1.001.Ha.NII1.png
-rw-r--r-- 1 root root 424K Sep 29 16:20 linefits.sdss.sdss.fiber1.001.Hb.Hb_broad.png
-rw-rw-r-- 1 1000 1000 408K Sep 27 23:39 linefits.sdss.sdss.fiber1.001.Hb.png
-rw-r--r-- 1 root root 448K Sep 29 16:21 linefits.sdss.sdss.fiber1.001.NII2.Ha.Ha_broad.NII1.png
-rw-r--r-- 1 root root 409K Sep 29 16:20 linefits.sdss.sdss.fiber1.001.OII.png
-rw-r--r-- 1 root root 417K Sep 29 16:20 linefits.sdss.sdss.fiber1.001.OIII4.OIII5.png
-rw-r--r-- 1 1000 1000 396K Sep 29 09:13 linefits.sdss.sdss.fiber1.001.OIII4.png
-rw-r--r-- 1 1000 1000 402K Sep 29 09:13 linefits.sdss.sdss.fiber1.001.OIII5.png
-rw-r--r-- 1 root root 420K Sep 29 16:21 linefits.sdss.sdss.fiber1.001.SII1.SII2.png
-rw-r--r-- 1 root root  20K Sep 29 16:21 linefits.sdss.sdss.fiber1.001.fits
-rw-r--r-- 1 1000 1000 466K Sep 29 10:39 linefits.sdss.sdss.fiber1.001.png
