7.0.1
1.3.2
2.1.6
3.1.6
['/home/onur/Documents/AGNEmissionLines_ThirdPartyLibraries/pyqsofit/PyQSOFit/src/pyqsofit']
FWHM Resolution: 2.5 Å
[ 3566.97426784  3567.79484559  3568.6175712  ... 10394.41199851
 10396.80892696 10399.20640813] Angstrom [41.51423645 41.51011658 41.50600815 ...  1.33095062  1.3309654
  1.3309803 ] erg / (Angstrom s cm2) [0.83028473 0.83020233 0.83012016 ... 0.02661901 0.02661931 0.02661961] erg / (Angstrom s cm2) 0.09091717004776001
Name            Value      Min      Max   Stderr     Vary     Expr Brute_Step
Balmer_Tau        0.5      0.1        2     None    False     None     None
Balmer_Te     1.5e+04    1e+04    5e+04     None    False     None     None
Blamer_norm         0        0    1e+10     None    False     None     None
Fe_op_FWHM       3000     1200  1.8e+04     None     True     None     None
Fe_op_norm          0        0    1e+10     None     True     None     None
Fe_op_shift         0    -0.01     0.01     None     True     None     None
Fe_uv_FWHM       3000     1200  1.8e+04     None    False     None     None
Fe_uv_norm          0        0    1e+10     None    False     None     None
Fe_uv_shift         0    -0.01     0.01     None    False     None     None
PL_norm             1        0    1e+10     None     True     None     None
PL_slope         -1.5       -5        3     None     True     None     None
conti_a_0           0     -inf      inf     None     True     None     None
conti_a_1           0     -inf      inf     None     True     None     None
conti_a_2           0     -inf      inf     None     True     None     None
Fitting continuum
Fit report
[[Variables]]
    Fe_uv_norm:   0 (fixed)
    Fe_uv_FWHM:   3000 (fixed)
    Fe_uv_shift:  0 (fixed)
    Fe_op_norm:   1.81687554 +/- 0.06300275 (3.47%) (init = 0)
    Fe_op_FWHM:   5233.52563 +/- 582.788704 (11.14%) (init = 3000)
    Fe_op_shift: -0.00213924 +/- 5.8545e-04 (27.37%) (init = 0)
    PL_norm:      49.7754549 +/- 1.78704179 (3.59%) (init = 1)
    PL_slope:    -4.08769337 +/- 0.22535735 (5.51%) (init = -1.5)
    Blamer_norm:  0 (fixed)
    Balmer_Te:    15000 (fixed)
    Balmer_Tau:   0.5 (fixed)
    conti_a_0:    2267.75546 +/- 685.122512 (30.21%) (init = 0)
    conti_a_1:    0.31259653 +/- 0.28370362 (90.76%) (init = 0)
    conti_a_2:   -6.2312e-05 +/- 3.1385e-05 (50.37%) (init = 0)
[[Correlations]] (unreported correlations are < 0.100)
    C(conti_a_1, conti_a_2)   = -0.9964
    C(conti_a_0, conti_a_1)   = -0.9949
    C(conti_a_0, conti_a_2)   = +0.9830
    C(PL_norm, PL_slope)      = -0.9749
    C(PL_slope, conti_a_0)    = -0.9370
    C(PL_slope, conti_a_1)    = +0.9010
    C(PL_norm, conti_a_0)     = +0.8796
    C(PL_slope, conti_a_2)    = -0.8667
    C(PL_norm, conti_a_1)     = -0.8362
    C(PL_norm, conti_a_2)     = +0.7961
    C(Fe_op_norm, Fe_op_FWHM) = +0.6147
    C(Fe_op_shift, PL_norm)   = +0.3154
    C(Fe_op_shift, PL_slope)  = -0.3099
    C(Fe_op_norm, conti_a_2)  = -0.3014
    C(Fe_op_norm, conti_a_1)  = +0.2719
    C(Fe_op_shift, conti_a_0) = +0.2657
    C(Fe_op_shift, conti_a_1) = -0.2491
    C(Fe_op_shift, conti_a_2) = +0.2343
    C(Fe_op_norm, conti_a_0)  = -0.2226
    C(Fe_op_FWHM, conti_a_2)  = -0.1882
    C(Fe_op_FWHM, conti_a_1)  = +0.1782
    C(Fe_op_FWHM, conti_a_0)  = -0.1590
    C(Fe_op_FWHM, PL_norm)    = -0.1550
Name                    Value      Min      Max   Stderr     Vary     Expr Brute_Step
Hb_br_1_dwave               0    -0.01     0.01     None     True     None     None
Hb_br_1_scale               0        0    1e+10     None     True     None     None
Hb_br_1_sigma           0.005    0.004     0.05     None     True     None     None
Hb_br_2_dwave               0    -0.01     0.01     None     True     None     None
Hb_br_2_scale               0        0    1e+10     None     True     None     None
Hb_br_2_sigma           0.005    0.004     0.05     None     True     None     None
Hb_na_1_dwave               0    -0.01     0.01     None     True     None     None
Hb_na_1_scale               0        0    1e+10     None     True     None     None
Hb_na_1_sigma           0.001  0.00023  0.00169     None     True     None     None
HeII4687_br_1_dwave         0   -0.005    0.005     None     True     None     None
HeII4687_br_1_scale         0        0    1e+10     None     True     None     None
HeII4687_br_1_sigma     0.005    0.004     0.05     None     True     None     None
HeII4687_na_1_dwave         0   -0.005    0.005     None    False Hb_na_1_dwave     None
HeII4687_na_1_scale         0        0    1e+10     None     True     None     None
HeII4687_na_1_sigma     0.001  0.00023  0.00169     None    False Hb_na_1_sigma     None
OIII4959c_1_dwave           0    -0.01     0.01     None    False Hb_na_1_dwave     None
OIII4959c_1_scale           0        0    1e+10     None     True     None     None
OIII4959c_1_sigma       0.001  0.00023  0.00169     None    False Hb_na_1_sigma     None
OIII4959w_1_dwave           0    -0.01     0.01     None     True     None     None
OIII4959w_1_scale           0        0    1e+10     None     True     None     None
OIII4959w_1_sigma       0.003  0.00023    0.004     None     True     None     None
OIII5007c_1_dwave           0    -0.01     0.01     None    False Hb_na_1_dwave     None
OIII5007c_1_scale           0        0    1e+10     None    False 3.0303030014038086 * OIII4959c_1_scale     None
OIII5007c_1_sigma       0.001  0.00023  0.00169     None    False Hb_na_1_sigma     None
OIII5007w_1_dwave           0    -0.01     0.01     None    False OIII4959w_1_dwave     None
OIII5007w_1_scale           0        0    1e+10     None    False 3.0303030014038086 * OIII4959w_1_scale     None
OIII5007w_1_sigma       0.003  0.00023    0.004     None    False OIII4959w_1_sigma     None
Fitting complex Hb
Fit report
[[Variables]]
    Hb_br_1_scale:        12.7491673 +/- 0.82075642 (6.44%) (init = 0)
    Hb_br_1_dwave:       -0.00234204 +/- 8.0829e-04 (34.51%) (init = 0)
    Hb_br_1_sigma:        0.00544145 +/- 4.1607e-04 (7.65%) (init = 0.005)
    Hb_br_2_scale:        5.52280277 +/- 1.54794599 (28.03%) (init = 0)
    Hb_br_2_dwave:        0.00621727 +/- 9.2736e-04 (14.92%) (init = 0)
    Hb_br_2_sigma:        0.00400000 +/- 9.8766e-05 (2.47%) (init = 0.005)
    Hb_na_1_scale:        25.6901311 +/- 0.86415634 (3.36%) (init = 0)
    Hb_na_1_dwave:        1.9260e-05 +/- 4.6890e-06 (24.35%) (init = 0)
    Hb_na_1_sigma:        4.8009e-04 +/- 5.5615e-06 (1.16%) (init = 0.001)
    OIII4959c_1_scale:    62.4221125 +/- 0.83048290 (1.33%) (init = 0)
    OIII4959c_1_dwave:    1.9260e-05 +/- 4.6890e-06 (24.35%) == 'Hb_na_1_dwave'
    OIII4959c_1_sigma:    4.8009e-04 +/- 5.5615e-06 (1.16%) == 'Hb_na_1_sigma'
    OIII5007c_1_scale:    189.157915 +/- 2.51661482 (1.33%) == '3.0303030014038086 * OIII4959c_1_scale'
    OIII5007c_1_dwave:    1.9260e-05 +/- 4.6890e-06 (24.35%) == 'Hb_na_1_dwave'
    OIII5007c_1_sigma:    4.8009e-04 +/- 5.5615e-06 (1.16%) == 'Hb_na_1_sigma'
    OIII4959w_1_scale:    3.55552920 +/- 0.41177893 (11.58%) (init = 0)
    OIII4959w_1_dwave:   -2.0968e-05 +/- 5.1819e-05 (247.14%) (init = 0)
    OIII4959w_1_sigma:    0.00134836 +/- 9.0641e-05 (6.72%) (init = 0.003)
    OIII5007w_1_scale:    10.7743308 +/- 1.24781493 (11.58%) == '3.0303030014038086 * OIII4959w_1_scale'
    OIII5007w_1_dwave:   -2.0968e-05 +/- 5.1819e-05 (247.14%) == 'OIII4959w_1_dwave'
    OIII5007w_1_sigma:    0.00134836 +/- 9.0641e-05 (6.72%) == 'OIII4959w_1_sigma'
    HeII4687_br_1_scale:  3.02813108 +/- 0.07583531 (2.50%) (init = 0)
    HeII4687_br_1_dwave: -0.00299558 +/- 0.00486546 (162.42%) (init = 0)
    HeII4687_br_1_sigma:  0.03807222 +/- 0.00318883 (8.38%) (init = 0.005)
    HeII4687_na_1_scale:  7.24737492 +/- 0.42300928 (5.84%) (init = 0)
    HeII4687_na_1_dwave:  1.9260e-05 +/- 4.6890e-06 (24.35%) == 'Hb_na_1_dwave'
    HeII4687_na_1_sigma:  4.8009e-04 +/- 5.5615e-06 (1.16%) == 'Hb_na_1_sigma'
[[Correlations]] (unreported correlations are < 0.100)
    C(Hb_br_1_dwave, Hb_br_2_scale)             = -0.9889
    C(Hb_br_1_scale, Hb_br_2_dwave)             = +0.9680
    C(Hb_br_1_sigma, Hb_br_2_scale)             = -0.9669
    C(Hb_br_1_dwave, Hb_br_2_dwave)             = +0.9666
    C(Hb_br_2_scale, Hb_br_2_dwave)             = -0.9514
    C(Hb_br_1_dwave, Hb_br_1_sigma)             = +0.9497
    C(Hb_br_1_scale, Hb_br_1_dwave)             = +0.9492
    C(Hb_br_1_scale, Hb_br_2_scale)             = -0.9316
    C(Hb_br_1_sigma, Hb_br_2_dwave)             = +0.8997
    C(Hb_br_2_dwave, Hb_br_2_sigma)             = +0.8975
    C(Hb_br_1_scale, Hb_br_2_sigma)             = +0.8916
    C(OIII4959w_1_scale, OIII4959w_1_sigma)     = -0.8875
    C(Hb_br_1_scale, Hb_br_1_sigma)             = +0.8629
    C(Hb_br_1_dwave, Hb_br_2_sigma)             = +0.8584
    C(HeII4687_br_1_dwave, HeII4687_br_1_sigma) = -0.8376
    C(Hb_br_2_scale, Hb_br_2_sigma)             = -0.8143
    C(Hb_br_1_sigma, Hb_br_2_sigma)             = +0.7526
    C(Hb_na_1_sigma, OIII4959w_1_scale)         = -0.7482
    C(HeII4687_br_1_scale, HeII4687_br_1_dwave) = -0.6124
    C(Hb_na_1_sigma, OIII4959w_1_sigma)         = +0.6000
    C(HeII4687_br_1_scale, HeII4687_br_1_sigma) = +0.3771
    C(OIII4959c_1_scale, OIII4959w_1_sigma)     = +0.3694
    C(OIII4959c_1_scale, OIII4959w_1_scale)     = -0.3577
    C(Hb_na_1_dwave, OIII4959w_1_dwave)         = -0.3481
    C(Hb_br_1_sigma, HeII4687_br_1_dwave)       = -0.3432
    C(Hb_br_1_sigma, HeII4687_br_1_sigma)       = +0.2881
    C(Hb_br_1_scale, Hb_na_1_scale)             = -0.2661
    C(Hb_br_2_scale, Hb_na_1_scale)             = +0.2643
    C(Hb_br_1_dwave, Hb_na_1_scale)             = -0.2639
    C(Hb_br_2_scale, HeII4687_br_1_dwave)       = +0.2564
    C(Hb_br_2_scale, HeII4687_br_1_sigma)       = -0.2564
    C(Hb_br_1_scale, HeII4687_br_1_dwave)       = -0.2540
    C(OIII4959w_1_sigma, HeII4687_br_1_sigma)   = -0.2490
    C(Hb_br_1_sigma, Hb_na_1_scale)             = -0.2389
    C(Hb_br_2_sigma, HeII4687_br_1_sigma)       = +0.2350
    C(Hb_br_1_scale, HeII4687_br_1_sigma)       = +0.2346
    C(Hb_br_1_dwave, HeII4687_br_1_sigma)       = +0.2260
    C(HeII4687_br_1_scale, HeII4687_na_1_scale) = -0.2256
    C(Hb_br_1_dwave, HeII4687_br_1_dwave)       = -0.2242
    C(Hb_br_2_dwave, HeII4687_br_1_dwave)       = -0.2214
    C(Hb_br_2_dwave, HeII4687_br_1_sigma)       = +0.2086
    C(Hb_br_2_dwave, Hb_na_1_scale)             = -0.2066
    C(Hb_na_1_scale, Hb_na_1_sigma)             = -0.1386
    C(Hb_br_2_sigma, HeII4687_br_1_dwave)       = -0.1364
    C(Hb_na_1_sigma, OIII4959c_1_scale)         = -0.1261
    C(OIII4959w_1_scale, HeII4687_br_1_sigma)   = +0.1151
    C(Hb_br_2_sigma, Hb_na_1_scale)             = -0.1130
    C(Hb_na_1_scale, OIII4959w_1_scale)         = +0.1049
Name                Value      Min      Max   Stderr     Vary     Expr Brute_Step
Ha_br_1_dwave           0   -0.015    0.015     None     True     None     None
Ha_br_1_scale           0        0    1e+10     None     True     None     None
Ha_br_1_sigma       0.005    0.004     0.05     None     True     None     None
Ha_br_2_dwave           0   -0.015    0.015     None     True     None     None
Ha_br_2_scale           0        0    1e+10     None     True     None     None
Ha_br_2_sigma       0.005    0.004     0.05     None     True     None     None
Ha_na_1_dwave           0    -0.01     0.01     None     True     None     None
Ha_na_1_scale           0        0    1e+10     None     True     None     None
Ha_na_1_sigma       0.001   0.0005  0.00169     None     True     None     None
NII6549_1_dwave         0   -0.005    0.005     None    False Ha_na_1_dwave     None
NII6549_1_scale         0        0    1e+10     None     True     None     None
NII6549_1_sigma     0.001  0.00023  0.00169     None    False Ha_na_1_sigma     None
NII6585_1_dwave         0   -0.005    0.005     None    False Ha_na_1_dwave     None
NII6585_1_scale         0        0    1e+10     None    False 3.0 * NII6549_1_scale     None
NII6585_1_sigma     0.001  0.00023  0.00169     None    False Ha_na_1_sigma     None
SII6718_1_dwave         0   -0.005    0.005     None    False Ha_na_1_dwave     None
SII6718_1_scale         0        0    1e+10     None     True     None     None
SII6718_1_sigma     0.001  0.00023  0.00169     None    False Ha_na_1_sigma     None
SII6732_1_dwave         0   -0.005    0.005     None    False Ha_na_1_dwave     None
SII6732_1_scale         0        0    1e+10     None     True     None     None
SII6732_1_sigma     0.001  0.00023  0.00169     None    False Ha_na_1_sigma     None
Fitting complex Ha
Fit report
[[Variables]]
    Ha_br_1_scale:    3.28465977 +/- 0.63464661 (19.32%) (init = 0)
    Ha_br_1_dwave:   -0.00374165 +/- 0.00137307 (36.70%) (init = 0)
    Ha_br_1_sigma:    0.01603638 +/- 0.00209783 (13.08%) (init = 0.005)
    Ha_br_2_scale:    38.9388449 +/- 0.71773972 (1.84%) (init = 0)
    Ha_br_2_dwave:   -2.1191e-04 +/- 5.9214e-05 (27.94%) (init = 0)
    Ha_br_2_sigma:    0.00605162 +/- 1.1205e-04 (1.85%) (init = 0.005)
    Ha_na_1_scale:    70.7453768 +/- 2.31776838 (3.28%) (init = 0)
    Ha_na_1_dwave:    2.2931e-05 +/- 1.1177e-05 (48.74%) (init = 0)
    Ha_na_1_sigma:    5.0000e-04 +/- 2.1566e-05 (4.31%) (init = 0.001)
    NII6549_1_scale:  7.03857750 +/- 0.43515524 (6.18%) (init = 0)
    NII6549_1_dwave:  2.2931e-05 +/- 1.1177e-05 (48.74%) == 'Ha_na_1_dwave'
    NII6549_1_sigma:  5.0000e-04 +/- 2.1566e-05 (4.31%) == 'Ha_na_1_sigma'
    NII6585_1_scale:  21.1157325 +/- 1.30546573 (6.18%) == '3.0 * NII6549_1_scale'
    NII6585_1_dwave:  2.2931e-05 +/- 1.1177e-05 (48.74%) == 'Ha_na_1_dwave'
    NII6585_1_sigma:  5.0000e-04 +/- 2.1566e-05 (4.31%) == 'Ha_na_1_sigma'
    SII6718_1_scale:  19.6777072 +/- 0.68154687 (3.46%) (init = 0)
    SII6718_1_dwave:  2.2931e-05 +/- 1.1177e-05 (48.74%) == 'Ha_na_1_dwave'
    SII6718_1_sigma:  5.0000e-04 +/- 2.1566e-05 (4.31%) == 'Ha_na_1_sigma'
    SII6732_1_scale:  17.8083459 +/- 0.64215921 (3.61%) (init = 0)
    SII6732_1_dwave:  2.2931e-05 +/- 1.1177e-05 (48.74%) == 'Ha_na_1_dwave'
    SII6732_1_sigma:  5.0000e-04 +/- 2.1566e-05 (4.31%) == 'Ha_na_1_sigma'
[[Correlations]] (unreported correlations are < 0.100)
    C(Ha_br_1_scale, Ha_br_1_sigma)     = -0.9512
    C(Ha_br_1_scale, Ha_br_2_sigma)     = -0.8739
    C(Ha_br_1_scale, Ha_br_1_dwave)     = +0.8301
    C(Ha_br_1_dwave, Ha_br_1_sigma)     = -0.7995
    C(Ha_br_1_sigma, Ha_br_2_sigma)     = +0.7605
    C(Ha_br_1_sigma, Ha_br_2_scale)     = +0.7400
    C(Ha_br_1_dwave, Ha_br_2_sigma)     = -0.7313
    C(Ha_br_1_scale, Ha_br_2_scale)     = -0.7232
    C(Ha_br_1_dwave, Ha_br_2_scale)     = -0.6285
    C(Ha_br_2_scale, Ha_br_2_sigma)     = +0.3857
    C(Ha_na_1_sigma, SII6718_1_scale)   = +0.3683
    C(Ha_na_1_sigma, SII6732_1_scale)   = +0.3526
    C(Ha_na_1_scale, Ha_na_1_sigma)     = +0.2966
    C(Ha_br_2_sigma, NII6549_1_scale)   = +0.2706
    C(Ha_br_1_sigma, Ha_br_2_dwave)     = -0.2678
    C(Ha_br_1_scale, Ha_br_2_dwave)     = +0.2511
    C(Ha_br_2_sigma, Ha_na_1_sigma)     = -0.2226
    C(Ha_br_2_dwave, Ha_br_2_sigma)     = -0.2146
    C(Ha_br_2_scale, NII6549_1_scale)   = -0.2010
    C(Ha_br_2_dwave, NII6549_1_scale)   = -0.1909
    C(Ha_na_1_scale, NII6549_1_scale)   = +0.1898
    C(Ha_br_2_sigma, Ha_na_1_scale)     = +0.1767
    C(SII6718_1_scale, SII6732_1_scale) = +0.1649
    C(Ha_br_2_scale, Ha_na_1_sigma)     = +0.1639
    C(Ha_br_1_scale, NII6549_1_scale)   = -0.1551
    C(Ha_br_1_sigma, SII6732_1_scale)   = -0.1322
    C(Ha_br_1_sigma, NII6549_1_scale)   = +0.1296
    C(Ha_br_1_dwave, Ha_na_1_sigma)     = +0.1238
    C(Ha_br_1_scale, Ha_na_1_scale)     = -0.1207
    C(Ha_na_1_scale, SII6718_1_scale)   = +0.1167
    C(Ha_br_1_sigma, Ha_na_1_scale)     = +0.1154
    C(Ha_br_2_scale, Ha_br_2_dwave)     = -0.1132
    C(Ha_br_1_scale, SII6732_1_scale)   = +0.1063
    C(Ha_br_2_dwave, SII6732_1_scale)   = +0.1044
    C(Ha_na_1_scale, SII6732_1_scale)   = +0.1042
    C(Ha_br_2_sigma, SII6732_1_scale)   = -0.1030
Saving figure as ./result.pdf
Fitting finished in 10.9s
wrote pyqsofit_model.csv
['ra' 'dec' 'plateid' 'MJD' 'fiberid' 'redshift' 'SN_ratio_conti'
 'Fe_uv_norm' 'Fe_uv_FWHM' 'Fe_uv_shift' 'Fe_op_norm' 'Fe_op_FWHM'
 'Fe_op_shift' 'PL_norm' 'PL_slope' 'Blamer_norm' 'Balmer_Te' 'Balmer_Tau'
 'conti_a_0' 'conti_a_1' 'conti_a_2' 'L1350' 'L1450' 'L3000' 'L4200'
 'L5100' 'Fe_flux_4435_4685' 'SN_host' 'rchi2_decomp' 'frac_host_4200'
 'frac_host_5100' 'Dn4000' 'sigma' 'sigma_err' 'v_off' 'v_off_err'
 'rchi2_ppxf' 'gal_par_0' 'gal_par_1' 'gal_par_2' 'gal_par_3' 'gal_par_4'
 'qso_par_0' 'qso_par_1' 'qso_par_2' 'qso_par_3' 'qso_par_4' 'qso_par_5'
 'qso_par_6' 'qso_par_7' 'qso_par_8' 'qso_par_9']

['-999' '-999' '0' '0' '0' '0.09091717004776001' '27.71412859806795' '0.0'
 '3000.0' '0.0' '1.8168755389069702' '5233.5256309246315'
 '-0.002139240537923413' '49.775454868949964' '-4.087693368683907' '0.0'
 '15000.0' '0.5' '2267.7554611631585' '0.31259652576068747'
 '-6.231174412410976e-05' '-1.0' '-1.0' '-1.0' '43.13355725584351'
 '43.074776786244854' '780.206864263851' '14.486495093748122'
 '8.43555615766955' '0.3159327378344995' '0.44914013010968223'
 '1.6905548247522617' '127.52690283711898' '11.546883343216914'
 '110.76510738569313' '8.76357199313356' '2.4224939811851334'
 '555.0736489537844' '-68.30004884243796' '-99.38561745471439'
 '113.66288230049518' '45.66226771660998' '3060.8517357060455'
 '-824.3488341226995' '956.0585200124405' '1702.0450394831996'
 '950.9277301972578' '-1467.2238608370612' '707.2302576069759'
 '117.51156178242391' '140.38425621820173' '286.7017654568621']
['Hb_br_1_scale' 'Hb_br_1_centerwave' 'Hb_br_1_sigma' 'Hb_br_2_scale'
 'Hb_br_2_centerwave' 'Hb_br_2_sigma' 'Hb_na_1_scale' 'Hb_na_1_centerwave'
 'Hb_na_1_sigma' 'OIII4959c_1_scale' 'OIII4959c_1_centerwave'
 'OIII4959c_1_sigma' 'OIII5007c_1_scale' 'OIII5007c_1_centerwave'
 'OIII5007c_1_sigma' 'OIII4959w_1_scale' 'OIII4959w_1_centerwave'
 'OIII4959w_1_sigma' 'OIII5007w_1_scale' 'OIII5007w_1_centerwave'
 'OIII5007w_1_sigma' 'HeII4687_br_1_scale' 'HeII4687_br_1_centerwave'
 'HeII4687_br_1_sigma' 'HeII4687_na_1_scale' 'HeII4687_na_1_centerwave'
 'HeII4687_na_1_sigma' 'Ha_br_1_scale' 'Ha_br_1_centerwave'
 'Ha_br_1_sigma' 'Ha_br_2_scale' 'Ha_br_2_centerwave' 'Ha_br_2_sigma'
 'Ha_na_1_scale' 'Ha_na_1_centerwave' 'Ha_na_1_sigma' 'NII6549_1_scale'
 'NII6549_1_centerwave' 'NII6549_1_sigma' 'NII6585_1_scale'
 'NII6585_1_centerwave' 'NII6585_1_sigma' 'SII6718_1_scale'
 'SII6718_1_centerwave' 'SII6718_1_sigma' 'SII6732_1_scale'
 'SII6732_1_centerwave' 'SII6732_1_sigma']

[1.27491673e+01 8.48700351e+00 5.44144789e-03 5.52280277e+00
 8.49556283e+00 4.00000019e-03 2.56901311e+01 8.48936481e+00
 4.80089464e-04 6.24221125e+01 8.50924034e+00 4.80089464e-04
 1.89157915e+02 8.51885910e+00 4.80089464e-04 3.55552920e+00
 8.50920011e+00 1.34835957e-03 1.07743308e+01 8.51881887e+00
 1.34835957e-03 3.02813108e+00 8.44955626e+00 3.80722168e-02
 7.24737492e+00 8.45257110e+00 4.80089464e-04 3.28465977e+00
 8.78570709e+00 1.60363836e-02 3.89388449e+01 8.78923682e+00
 6.05161514e-03 7.07453768e+01 8.78947167e+00 5.00000024e-04
 7.03857750e+00 8.78722004e+00 5.00000024e-04 2.11157325e+01
 8.79261498e+00 5.00000024e-04 1.96777072e+01 8.81261162e+00
 5.00000024e-04 1.78083459e+01 8.81474976e+00 5.00000024e-04]
['Hb_br_1_scale' 'Hb_br_1_sigma' 'Hb_br_2_centerwave' 'Hb_na_1_scale'
 'Hb_na_1_sigma' 'OIII4959c_1_centerwave' 'OIII5007c_1_scale'
 'OIII5007c_1_sigma' 'OIII4959w_1_centerwave' 'OIII5007w_1_scale'
 'OIII5007w_1_sigma' 'HeII4687_br_1_centerwave' 'HeII4687_na_1_scale'
 'HeII4687_na_1_sigma' 'Ha_br_1_centerwave' 'Ha_br_2_scale'
 'Ha_br_2_sigma' 'Ha_na_1_centerwave' 'NII6549_1_scale' 'NII6549_1_sigma'
 'NII6585_1_centerwave' 'SII6718_1_scale' 'SII6718_1_sigma'
 'SII6732_1_centerwave']

[]
(0,)
['1_complex_name' '1_line_status' '1_line_min_chi2' '1_line_bic'
 '1_line_red_chi2' '1_niter' '1_ndof' '2_complex_name' '2_line_status'
 '2_line_min_chi2' '2_line_bic' '2_line_red_chi2' '2_niter' '2_ndof'
 'Hb_br_1_scale' 'Hb_br_1_centerwave' 'Hb_br_1_sigma' 'Hb_br_2_scale'
 'Hb_br_2_centerwave' 'Hb_br_2_sigma' 'Hb_na_1_scale' 'Hb_na_1_centerwave'
 'Hb_na_1_sigma' 'OIII4959c_1_scale' 'OIII4959c_1_centerwave'
 'OIII4959c_1_sigma' 'OIII5007c_1_scale' 'OIII5007c_1_centerwave'
 'OIII5007c_1_sigma' 'OIII4959w_1_scale' 'OIII4959w_1_centerwave'
 'OIII4959w_1_sigma' 'OIII5007w_1_scale' 'OIII5007w_1_centerwave'
 'OIII5007w_1_sigma' 'HeII4687_br_1_scale' 'HeII4687_br_1_centerwave'
 'HeII4687_br_1_sigma' 'HeII4687_na_1_scale' 'HeII4687_na_1_centerwave'
 'HeII4687_na_1_sigma' 'Ha_br_1_scale' 'Ha_br_1_centerwave'
 'Ha_br_1_sigma' 'Ha_br_2_scale' 'Ha_br_2_centerwave' 'Ha_br_2_sigma'
 'Ha_na_1_scale' 'Ha_na_1_centerwave' 'Ha_na_1_sigma' 'NII6549_1_scale'
 'NII6549_1_centerwave' 'NII6549_1_sigma' 'NII6585_1_scale'
 'NII6585_1_centerwave' 'NII6585_1_sigma' 'SII6718_1_scale'
 'SII6718_1_centerwave' 'SII6718_1_sigma' 'SII6732_1_scale'
 'SII6732_1_centerwave' 'SII6732_1_sigma' 'Hb_whole_br_fwhm'
 'Hb_whole_br_sigma' 'Hb_whole_br_ew' 'Hb_whole_br_peak'
 'Hb_whole_br_area' 'Hb_whole_br_snr' 'Ha_whole_br_fwhm'
 'Ha_whole_br_sigma' 'Ha_whole_br_ew' 'Ha_whole_br_peak'
 'Ha_whole_br_area' 'Ha_whole_br_snr']

['Hb' '1' '704.4809344013366' '324.2093562730542' '1.7925723521662509'
 '783' '393' 'Ha' '1' '781.6206597013529' '353.46238270729486'
 '3.1016692845291782' '2019' '252' '12.749167277448237'
 '8.487003508884289' '0.005441447891475977' '5.522802770663304'
 '8.495562825459029' '0.004000000190165428' '25.690131133515592'
 '8.48936481068883' '0.00048008946402537645' '62.422112478977'
 '8.509240337117053' '0.00048008946402537645' '189.15791479901014'
 '8.518859096272326' '0.00048008946402537645' '3.5555292043909503'
 '8.509200109298794' '0.0013483595661449193' '10.774330819644792'
 '8.518818868454067' '0.0013483595661449193' '3.028131079219065'
 '8.449556257842145' '0.0380722168288242' '7.247374922414451'
 '8.45257110188756' '0.00048008946402537645' '3.284659766400466'
 '8.785707088701324' '0.016036383596140173' '38.938844926228455'
 '8.789236823549075' '0.0060516151382605824' '70.74537677898007'
 '8.789471668759353' '0.0005000000239146812' '7.038577498619247'
 '8.787220043698317' '0.0005000000239146812' '21.115732495857742'
 '8.792614979306228' '0.0005000000239146812' '19.67770724142781'
 '8.812611622372634' '0.0005000000239146812' '17.808345909031686'
 '8.814749760190017' '0.0005000000239146812' '5413.517450324827'
 '9802.068843187597' '201.7434182388015' '4855.832401746377'
 '2462.301877863377' '13.78383370557892' '4477.440091479218'
 '2625.200982184135' '420.9219347971479' '6562.825453693435'
 '4738.056534850941' '64.51171738883944']
Broad Hb:
FWHM (km/s) 5029.3
Sigma (km/s) 1877.5
EW (A) 94.1
Peak (A) 4856.5
Area (10^(-17) erg/s/cm^2) 1113.0
SNR 7.9

Narrow Hb:
FWHM (km/s) 348.1
Sigma (km/s) 141.7
EW (A) 12.7
Peak (A) 4862.1
Area (10^(-17) erg/s/cm^2) 149.8
SNR 10.9

Broad [OIII]5007:
FWHM (km/s) 0
Sigma (km/s) 0
EW (A) 0
Peak (A) 0
Area (10^(-17) erg/s/cm^2) 0
SNR 0

Narrow [OIII]5007:
FWHM (km/s) 348.1
Sigma (km/s) 141.7
EW (A) 99.3
Peak (A) 5007.7
Area (10^(-17) erg/s/cm^2) 1136.3
SNR 72.5
