my_sdss.fits
[0.63840896 0.63840896 0.63840896 ... 0.63840896 0.63840896 0.63840896]
Directory  my_sdss  Created 
global my_sdss/
Directory  output/  already exists
stati 716295.033239903
1 iter stat:  143.71433690295817
2 iter stat:  6778.437537518395
3 iter stat:  355.29580557007284
4 iter stat:  13.837125179466966
5 iter stat:  8.813485393024166
6 iter stat:  6.296917048675823
7 iter stat:  4.813663299304608
8 iter stat:  3.0970301701454446
9 iter stat:  2.358984194310324
10 iter stat:  1.8156580212526023
fit ok
./output/my_sdss_model.csv
brokenpowerlaw + OIIIb5007_br + OIIIb5007_na + HBeta4834_br + HAlpha6551_br + HBeta4834_na + HAlpha6551_na
   Param        Type          Value          Min          Max      Units
   -----        ----          -----          ---          ---      -----
   brokenpowerlaw.refer thawed      5525.93         5400         7000  angstroms
   brokenpowerlaw.ampl thawed      21.3749      19.5936      21.6561  angstroms
   brokenpowerlaw.index1 thawed    -0.513485           -3            0           
   brokenpowerlaw.index2 thawed    0.0944163           -1            1           
   OIIIb5007_br.ampl thawed      31.6654            0           50           
   OIIIb5007_br.pos frozen         5007            0  3.40282e+38  angstroms
   OIIIb5007_br.offs_kms thawed         -283        -1500          500       km/s
   OIIIb5007_br.fwhm thawed         1200         1200         6000       km/s
   OIIIb5007_na.ampl thawed            0            0           50           
   OIIIb5007_na.pos frozen         5007            0  3.40282e+38  angstroms
   OIIIb5007_na.offs_kms thawed     -1486.81        -1500          500       km/s
   OIIIb5007_na.fwhm thawed          100          100         1500       km/s
   HBeta4834_br.ampl thawed      6.83356            0           50           
   HBeta4834_br.pos frozen         4834            0  3.40282e+38  angstroms
   HBeta4834_br.offs_kms thawed          500        -1500          500       km/s
   HBeta4834_br.fwhm thawed         6000         1200         6000       km/s
   HAlpha6551_br.ampl thawed           50            0           50           
   HAlpha6551_br.pos frozen         6551            0  3.40282e+38  angstroms
   HAlpha6551_br.offs_kms thawed          500        -1500          500       km/s
   HAlpha6551_br.fwhm thawed      2934.76         1200         6000       km/s
   HBeta4834_na.ampl thawed            0            0           50           
   HBeta4834_na.pos frozen         4834            0  3.40282e+38  angstroms
   HBeta4834_na.offs_kms thawed     -25.1307        -1500          500       km/s
   HBeta4834_na.fwhm thawed       1149.6          100         1500       km/s
   HAlpha6551_na.ampl thawed            0            0           50           
   HAlpha6551_na.pos frozen         6551            0  3.40282e+38  angstroms
   HAlpha6551_na.offs_kms thawed     -499.652        -1500          500       km/s
   HAlpha6551_na.fwhm thawed         1500          100         1500       km/s
skipping monte_carlo (FANTASY_MC=0)
