patched GLEAM label offsets
patched GLEAM non-fatal plotting
patched GLEAM doublet ties
WARNING: AstropyDeprecationWarning: The truth value of a Quantity is ambiguous. In the future this will raise a ValueError. [astropy.units.quantity]
Now working in  on sdss in sdss + fiber1 on source 1 at z=0.175.
Warning: non-constant dispersion
[[Model]]
    (Model(constant) + Model(gaussian, prefix='g0_'))
[[Fit Statistics]]
    # fitting method   = leastsq
    # function evals   = 36
    # data points      = 93
    # variables        = 4
    chi-square         = 189.829030
    reduced chi-square = 2.13291045
    Akaike info crit   = 74.3577628
    Bayesian info crit = 84.4881607
    R-squared          = 0.57083486
[[Variables]]
    c:             761.083836 +/- 2.91317065 (0.38%) (init = 766.5459)
    g0_amplitude:  801.489281 +/- 93.1686138 (11.62%) (init = 342.9649)
    g0_center:     3726.78704 +/- 0.27779724 (0.01%) (init = 3728.48)
    g0_sigma:      2.23036774 +/- 0.28155009 (12.62%) (init = 0.9034469)
    g0_fwhm:       5.25211455 +/- 0.66299978 (12.62%) == '2.3548200*g0_sigma'
    g0_height:     143.361102 +/- 17.2113086 (12.01%) == '0.3989423*g0_amplitude/max(1e-15, g0_sigma)'
[[Correlations]] (unreported correlations are < 0.100)
    C(g0_amplitude, g0_sigma) = +0.5123
    C(c, g0_amplitude)        = -0.3725
    C(c, g0_sigma)            = -0.2426
Warning: non-constant dispersion
Warning: non-constant dispersion
[[Model]]
    ((Model(constant) + Model(gaussian, prefix='g0_')) + Model(gaussian, prefix='g1_'))
[[Fit Statistics]]
    # fitting method   = leastsq
    # function evals   = 246
    # data points      = 72
    # variables        = 7
    chi-square         = 89.2219296
    reduced chi-square = 1.37264507
    Akaike info crit   = 29.4411731
    Bayesian info crit = 45.3778360
    R-squared          = 0.98093145
[[Variables]]
    c:             199.464158 +/- 3.10408299 (1.56%) (init = 261.6336)
    g0_amplitude:  167.075976 +/- 36.4127995 (21.79%) (init = 181.1836)
    g0_center:     4860.17928 +/- 0.37681815 (0.01%) (init = 4862.68)
    g0_sigma:      2.11986647 +/- 0.42613615 (20.10%) (init = 0.9034469)
    g1_amplitude:  4921.73516 +/- 263.100585 (5.35%) (init = 181.1836)
    g1_center:     4861.48351 +/- 0.22921224 (0.00%) (init = 4862.68)
    g1_sigma:      17.3024694 +/- 0.67571584 (3.91%) (init = 14.15552)
    g0_fwhm:       4.99190397 +/- 1.00347393 (20.10%) == '2.3548200*g0_sigma'
    g0_height:     31.4423927 +/- 5.30362065 (16.87%) == '0.3989423*g0_amplitude/max(1e-15, g0_sigma)'
    g1_fwhm:       40.7442009 +/- 1.59118918 (3.91%) == '2.3548200*g1_sigma'
    g1_height:     113.480238 +/- 2.72707903 (2.40%) == '0.3989423*g1_amplitude/max(1e-15, g1_sigma)'
[[Correlations]] (unreported correlations are < 0.100)
    C(c, g1_amplitude)            = -0.9719
    C(c, g1_sigma)                = -0.9245
    C(g1_amplitude, g1_sigma)     = +0.9114
    C(g0_amplitude, g0_sigma)     = +0.6786
    C(g0_amplitude, g1_sigma)     = +0.5064
    C(c, g0_amplitude)            = -0.3692
    C(g0_sigma, g1_sigma)         = +0.3430
    C(g0_amplitude, g1_amplitude) = +0.2726
    C(c, g0_sigma)                = -0.2470
    C(g0_sigma, g1_amplitude)     = +0.1768
Warning: non-constant dispersion
Warning: non-constant dispersion
[[Model]]
    ((Model(constant) + Model(gaussian, prefix='g0_')) + Model(gaussian, prefix='g1_'))
[[Fit Statistics]]
    # fitting method   = leastsq
    # function evals   = 78
    # data points      = 112
    # variables        = 6
    chi-square         = 1196.93580
    reduced chi-square = 11.2918472
    Akaike info crit   = 277.330375
    Bayesian info crit = 293.641368
    R-squared          = 0.90461894
[[Variables]]
    c:             173.826855 +/- 1.26831480 (0.73%) (init = 179.3527)
    g0_amplitude:  477.469254 +/- 23.2904281 (4.88%) == 'g1_amplitude / 3.0'
    g0_center:     4957.53301 +/- 0.41953875 (0.01%) (init = 4960.3)
    g0_sigma:      3.08631110 +/- 0.36428586 (11.80%) (init = 0.9034469)
    g1_amplitude:  1432.40776 +/- 69.8712842 (4.88%) (init = 456.8247)
    g1_center:     5005.40638 +/- 0.16829743 (0.00%) (init = 5008.24)
    g1_sigma:      3.01274752 +/- 0.16071841 (5.33%) (init = 0.9034469)
    g0_fwhm:       7.26770710 +/- 0.85782763 (11.80%) == '2.3548200*g0_sigma'
    g0_height:     61.7185618 +/- 7.13438955 (11.56%) == '0.3989423*g0_amplitude/max(1e-15, g0_sigma)'
    g1_fwhm:       7.09447811 +/- 0.37846293 (5.33%) == '2.3548200*g1_sigma'
    g1_height:     189.676713 +/- 10.6556414 (5.62%) == '0.3989423*g1_amplitude/max(1e-15, g1_sigma)'
[[Correlations]] (unreported correlations are < 0.100)
    C(g1_amplitude, g1_sigma) = +0.3976
    C(c, g1_amplitude)        = -0.3840
    C(g0_sigma, g1_amplitude) = +0.2561
    C(c, g1_sigma)            = -0.2319
    C(c, g0_sigma)            = -0.1309
    C(g0_sigma, g1_sigma)     = +0.1048
Warning: non-constant dispersion
Warning: non-constant dispersion
[[Model]]
    ((((Model(constant) + Model(gaussian, prefix='g0_')) + Model(gaussian, prefix='g1_')) + Model(gaussian, prefix='g2_')) + Model(gaussian, prefix='g3_'))
[[Fit Statistics]]
    # fitting method   = leastsq
    # function evals   = 573
    # data points      = 71
    # variables        = 12
    chi-square         = 63.2028607
    reduced chi-square = 1.07123493
    Akaike info crit   = 15.7405479
    Bayesian info crit = 42.8927064
    R-squared          = 0.99827454
[[Variables]]
    c:             53.0046369 +/- 0.62476094 (1.18%) (init = 107.0348)
    g0_amplitude:  86.8714465 +/- 7.74371472 (8.91%) == 'g3_amplitude / 3.0'
    g0_center:     6548.32839 +/- 1.04508397 (0.02%) (init = 6549.86)
    g0_sigma:      5.28575153 +/- 0.85200632 (16.12%) (init = 0.9034469)
    g1_amplitude:  408.958542 +/- 25.2123931 (6.17%) (init = 213.8063)
    g1_center:     6561.99866 +/- 0.13032609 (0.00%) (init = 6564.6)
    g1_sigma:      3.22503166 +/- 0.17293599 (5.36%) (init = 0.9034469)
    g2_amplitude:  5770.67235 +/- 88.2351221 (1.53%) (init = 213.8063)
    g2_center:     6561.60000 +/- 0.01449110 (0.00%) (init = 6564.6)
    g2_sigma:      23.6200010 +/- 0.26306559 (1.11%) (init = 19.1099)
    g3_amplitude:  260.614339 +/- 23.2311441 (8.91%) (init = 213.8063)
    g3_center:     6582.42340 +/- 0.26260724 (0.00%) (init = 6585.27)
    g3_sigma:      3.88764565 +/- 0.28855961 (7.42%) (init = 0.9034469)
    g0_fwhm:       12.4469934 +/- 2.00632153 (16.12%) == '2.3548200*g0_sigma'
    g0_height:     6.55662577 +/- 1.15774381 (17.66%) == '0.3989423*g0_amplitude/max(1e-15, g0_sigma)'
    g1_fwhm:       7.59436904 +/- 0.40723314 (5.36%) == '2.3548200*g1_sigma'
    g1_height:     50.5889178 +/- 2.13371074 (4.22%) == '0.3989423*g1_amplitude/max(1e-15, g1_sigma)'
    g2_fwhm:       55.6208507 +/- 0.61947212 (1.11%) == '2.3548200*g2_sigma'
    g2_height:     97.4667740 +/- 1.21629885 (1.25%) == '0.3989423*g2_amplitude/max(1e-15, g2_sigma)'
    g3_fwhm:       9.15470574 +/- 0.67950594 (7.42%) == '2.3548200*g3_sigma'
    g3_height:     26.7437141 +/- 1.28529103 (4.81%) == '0.3989423*g3_amplitude/max(1e-15, g3_sigma)'
[[Correlations]] (unreported correlations are < 0.100)
    C(g3_amplitude, g3_sigma)     = +0.8423
    C(c, g2_sigma)                = -0.8405
    C(c, g2_amplitude)            = -0.8375
    C(g1_amplitude, g1_sigma)     = +0.7407
    C(g2_center, g3_amplitude)    = +0.6054
    C(g2_amplitude, g2_sigma)     = +0.5934
    C(g3_center, g3_sigma)        = -0.5809
    C(g3_amplitude, g3_center)    = -0.5697
    C(g2_amplitude, g3_amplitude) = -0.5455
    C(g1_amplitude, g2_sigma)     = +0.5129
    C(g2_center, g3_sigma)        = +0.5100
    C(g2_amplitude, g2_center)    = -0.4898
    C(g1_amplitude, g3_amplitude) = +0.4858
    C(g2_amplitude, g3_sigma)     = -0.4585
    C(g1_sigma, g2_sigma)         = +0.4054
    C(g0_center, g1_sigma)        = -0.3982
    C(g0_sigma, g1_amplitude)     = -0.3905
    C(g1_amplitude, g3_sigma)     = +0.3896
    C(g0_center, g1_amplitude)    = -0.3550
    C(g0_sigma, g2_sigma)         = -0.3414
    C(g1_sigma, g3_amplitude)     = +0.3401
    C(g0_center, g1_center)       = +0.3383
    C(g0_sigma, g1_sigma)         = -0.3280
    C(g1_amplitude, g3_center)    = -0.3261
    C(g0_center, g0_sigma)        = +0.3083
    C(g2_sigma, g3_center)        = -0.2917
    C(g0_sigma, g1_center)        = +0.2791
    C(g1_sigma, g3_sigma)         = +0.2616
    C(c, g2_center)               = +0.2509
    C(g1_center, g2_center)       = +0.2328
    C(c, g0_sigma)                = +0.2311
    C(g1_sigma, g3_center)        = -0.2229
    C(g1_amplitude, g2_center)    = +0.2198
    C(c, g1_amplitude)            = -0.2180
    C(g0_center, g2_center)       = +0.2096
    C(g1_amplitude, g2_amplitude) = -0.1895
    C(c, g1_sigma)                = -0.1738
    C(g1_sigma, g2_amplitude)     = -0.1483
    C(g2_center, g3_center)       = -0.1431
    C(g1_center, g3_amplitude)    = +0.1424
    C(g0_sigma, g2_center)        = +0.1419
    C(g0_sigma, g2_amplitude)     = -0.1380
    C(c, g3_amplitude)            = +0.1274
    C(g1_sigma, g2_center)        = +0.1258
    C(c, g3_center)               = +0.1188
    C(g1_center, g3_sigma)        = +0.1175
    C(g2_amplitude, g3_center)    = +0.1132
    C(c, g3_sigma)                = +0.1099
    C(g2_sigma, g3_amplitude)     = +0.1086
    C(g1_center, g1_sigma)        = -0.1040
    C(g2_center, g2_sigma)        = -0.1035
Warning: non-constant dispersion
Warning: non-constant dispersion
[[Model]]
    ((Model(constant) + Model(gaussian, prefix='g0_')) + Model(gaussian, prefix='g1_'))
[[Fit Statistics]]
    # fitting method   = leastsq
    # function evals   = 98
    # data points      = 61
    # variables        = 7
    chi-square         = 361.261979
    reduced chi-square = 6.69003664
    Akaike info crit   = 122.502502
    Bayesian info crit = 137.278619
    R-squared          = 0.42445518
[[Variables]]
    c:             617.052531 +/- 4.62517585 (0.75%) (init = 635.1866)
    g0_amplitude:  936.435716 +/- 187.313075 (20.00%) (init = 187.5567)
    g0_center:     6715.47438 +/- 0.73649639 (0.01%) (init = 6718.29)
    g0_sigma:      3.59327648 +/- 0.77371129 (21.53%) (init = 0.9034469)
    g1_amplitude:  481.837088 +/- 148.926575 (30.91%) (init = 187.5567)
    g1_center:     6729.73897 +/- 0.77775043 (0.01%) (init = 6732.67)
    g1_sigma:      2.33517477 +/- 0.81441734 (34.88%) (init = 0.9034469)
    g0_fwhm:       8.46151932 +/- 1.82195083 (21.53%) == '2.3548200*g0_sigma'
    g0_height:     103.967457 +/- 21.1490084 (20.34%) == '0.3989423*g0_amplitude/max(1e-15, g0_sigma)'
    g1_fwhm:       5.49891624 +/- 1.91780625 (34.88%) == '2.3548200*g1_sigma'
    g1_height:     82.3172633 +/- 23.0527939 (28.00%) == '0.3989423*g1_amplitude/max(1e-15, g1_sigma)'
[[Correlations]] (unreported correlations are < 0.100)
    C(g1_amplitude, g1_sigma)  = +0.6435
    C(g0_amplitude, g0_sigma)  = +0.5223
    C(c, g0_amplitude)         = -0.4455
    C(c, g1_amplitude)         = -0.3435
    C(c, g0_sigma)             = -0.2638
    C(g1_center, g1_sigma)     = +0.2132
    C(g1_amplitude, g1_center) = +0.1918
    C(c, g1_sigma)             = -0.1718
    C(g0_sigma, g1_sigma)      = -0.1012
Warning: non-constant dispersion
multiprocessing.pool.RemoteTraceback: 
"""
Traceback (most recent call last):
  File "/usr/local/lib/python3.8/multiprocessing/pool.py", line 125, in worker
    result = (True, func(*args, **kwds))
  File "/usr/local/lib/python3.8/multiprocessing/pool.py", line 51, in starmapstar
    return list(itertools.starmap(args[0], args[1]))
  File "/usr/local/lib/python3.8/site-packages/gleam/main.py", line 147, in run_main
    print("WARNING: GLEAM plot_line failed:", _e)
  File "/usr/local/lib/python3.8/contextlib.py", line 120, in __exit__
    next(self.gen)
  File "/usr/local/lib/python3.8/site-packages/gleam/plot_gaussian.py", line 401, in overview_plot
    plt.savefig(f"{basename}.png", format="png", bbox_inches="tight")
  File "/usr/local/lib/python3.8/site-packages/matplotlib/pyplot.py", line 1023, in savefig
    res = fig.savefig(*args, **kwargs)
  File "/usr/local/lib/python3.8/site-packages/matplotlib/figure.py", line 3378, in savefig
    self.canvas.print_figure(fname, **kwargs)
  File "/usr/local/lib/python3.8/site-packages/matplotlib/backend_bases.py", line 2342, in print_figure
    self.figure.draw(renderer)
  File "/usr/local/lib/python3.8/site-packages/matplotlib/artist.py", line 95, in draw_wrapper
    result = draw(artist, renderer, *args, **kwargs)
  File "/usr/local/lib/python3.8/site-packages/matplotlib/artist.py", line 72, in draw_wrapper
    return draw(artist, renderer)
  File "/usr/local/lib/python3.8/site-packages/matplotlib/figure.py", line 3175, in draw
    mimage._draw_list_compositing_images(
  File "/usr/local/lib/python3.8/site-packages/matplotlib/image.py", line 131, in _draw_list_compositing_images
    a.draw(renderer)
  File "/usr/local/lib/python3.8/site-packages/matplotlib/artist.py", line 39, in draw_wrapper
    return draw(artist, renderer, *args, **kwargs)
  File "/usr/local/lib/python3.8/site-packages/mpl_toolkits/axes_grid1/parasite_axes.py", line 138, in draw
    super().draw(renderer)
  File "/usr/local/lib/python3.8/site-packages/matplotlib/artist.py", line 72, in draw_wrapper
    return draw(artist, renderer)
  File "/usr/local/lib/python3.8/site-packages/matplotlib/axes/_base.py", line 3064, in draw
    mimage._draw_list_compositing_images(
  File "/usr/local/lib/python3.8/site-packages/matplotlib/image.py", line 131, in _draw_list_compositing_images
    a.draw(renderer)
  File "/usr/local/lib/python3.8/site-packages/matplotlib/artist.py", line 72, in draw_wrapper
    return draw(artist, renderer)
  File "/usr/local/lib/python3.8/site-packages/matplotlib/text.py", line 757, in draw
    posx = float(self.convert_xunits(self._x))
TypeError: only size-1 arrays can be converted to Python scalars
"""

The above exception was the direct cause of the following exception:

Traceback (most recent call last):
  File "/usr/local/bin/gleam", line 8, in <module>
    sys.exit(pipeline())
  File "/usr/local/lib/python3.8/site-packages/click/core.py", line 829, in __call__
    return self.main(*args, **kwargs)
  File "/usr/local/lib/python3.8/site-packages/click/core.py", line 782, in main
    rv = self.invoke(ctx)
  File "/usr/local/lib/python3.8/site-packages/click/core.py", line 1066, in invoke
    return ctx.invoke(self.callback, **ctx.params)
  File "/usr/local/lib/python3.8/site-packages/click/core.py", line 610, in invoke
    return callback(*args, **kwargs)
  File "/usr/local/lib/python3.8/site-packages/gleam/__init__.py", line 136, in pipeline
    p.starmap(gleam.main.run_main, unique_sources)
  File "/usr/local/lib/python3.8/multiprocessing/pool.py", line 372, in starmap
    return self._map_async(func, iterable, starmapstar, chunksize).get()
  File "/usr/local/lib/python3.8/multiprocessing/pool.py", line 771, in get
    raise self._value
TypeError: only size-1 arrays can be converted to Python scalars
Matplotlib Version: 3.7.5
total 5104
-rw-rw-r-- 1 1000 1000  18291 Sep 30 01:26 docker.log
-rw-r--r-- 1 1000 1000 473472 Sep 29 10:34 linefits.sdss.sdss.fiber1.001.Ha.Ha_broad.NII1.png
-rw-rw-r-- 1 1000 1000 459689 Sep 27 23:39 linefits.sdss.sdss.fiber1.001.Ha.NII1.png
-rw-r--r-- 1 root root 472694 Sep 30 22:36 linefits.sdss.sdss.fiber1.001.Hb.Hb_broad.png
-rw-rw-r-- 1 1000 1000 460843 Sep 27 23:39 linefits.sdss.sdss.fiber1.001.Hb.png
-rw-r--r-- 1 root root 486450 Sep 30 22:36 linefits.sdss.sdss.fiber1.001.NII2.Ha.Ha_broad.NII1.png
-rw-r--r-- 1 root root 469670 Sep 30 22:35 linefits.sdss.sdss.fiber1.001.OII.png
-rw-r--r-- 1 root root 457948 Sep 30 22:36 linefits.sdss.sdss.fiber1.001.OIII4.OIII5.png
-rw-r--r-- 1 1000 1000 455038 Sep 29 09:07 linefits.sdss.sdss.fiber1.001.OIII4.png
-rw-r--r-- 1 1000 1000 445328 Sep 29 09:08 linefits.sdss.sdss.fiber1.001.OIII5.png
-rw-r--r-- 1 root root 470105 Sep 30 22:36 linefits.sdss.sdss.fiber1.001.SII1.SII2.png
-rw-r--r-- 1 root root  20160 Sep 30 22:36 linefits.sdss.sdss.fiber1.001.fits
-rw-r--r-- 1 1000 1000 513823 Sep 29 10:34 linefits.sdss.sdss.fiber1.001.png
total 12K
-rw-r--r-- 1 root root 1.2K Sep 21 02:20 =5.2
drwxr-xr-x 1 root root 4.0K Sep 30 22:34 input
drwxrwxr-x 2 1000 1000 4.0K Sep 30 22:36 output
-rw-r--r-- 1 root root 1.2K Sep 21 02:20 /app/=5.2

/app/input:
total 132K
-rw-rw-r-- 1 1000 1000  12K Aug 28 20:16 Sky_bands.fits
-rw-rw-r-- 1 1000 1000 1.3K Sep 29 07:43 gleam.sh
-rw-rw-r-- 1 1000 1000 5.9K Sep 30 14:06 gleam_doublet_patch.py
-rw-rw-r-- 1 1000 1000 2.6K Sep 30 20:23 gleamconfig.yaml
-rw-rw-r-- 1 1000 1000 8.5K Sep 29 14:37 line_table.fits
-rw-rw-r-- 1 1000 1000  115 Sep 30 22:34 meta.dat
-rw-rw-r-- 1 1000 1000  85K Sep 30 22:34 spec1d.sdss.sdss.fiber1.1.fits

/app/output:
total 5.0M
-rw-rw-r-- 1 1000 1000  18K Sep 30 01:26 docker.log
-rw-r--r-- 1 1000 1000 463K Sep 29 10:34 linefits.sdss.sdss.fiber1.001.Ha.Ha_broad.NII1.png
-rw-rw-r-- 1 1000 1000 449K Sep 27 23:39 linefits.sdss.sdss.fiber1.001.Ha.NII1.png
-rw-r--r-- 1 root root 462K Sep 30 22:36 linefits.sdss.sdss.fiber1.001.Hb.Hb_broad.png
-rw-rw-r-- 1 1000 1000 451K Sep 27 23:39 linefits.sdss.sdss.fiber1.001.Hb.png
-rw-r--r-- 1 root root 476K Sep 30 22:36 linefits.sdss.sdss.fiber1.001.NII2.Ha.Ha_broad.NII1.png
-rw-r--r-- 1 root root 459K Sep 30 22:35 linefits.sdss.sdss.fiber1.001.OII.png
-rw-r--r-- 1 root root 448K Sep 30 22:36 linefits.sdss.sdss.fiber1.001.OIII4.OIII5.png
-rw-r--r-- 1 1000 1000 445K Sep 29 09:07 linefits.sdss.sdss.fiber1.001.OIII4.png
-rw-r--r-- 1 1000 1000 435K Sep 29 09:08 linefits.sdss.sdss.fiber1.001.OIII5.png
-rw-r--r-- 1 root root 460K Sep 30 22:36 linefits.sdss.sdss.fiber1.001.SII1.SII2.png
-rw-r--r-- 1 root root  20K Sep 30 22:36 linefits.sdss.sdss.fiber1.001.fits
-rw-r--r-- 1 1000 1000 502K Sep 29 10:34 linefits.sdss.sdss.fiber1.001.png
