my_sdss.fits
[1.13557494 1.12888896 1.16916466 ... 3.26683044 3.48998547 1.94659996]
Directory  my_sdss  Created 
global my_sdss/
Directory  output/  already exists
stati 226566.27519018436
1 iter stat:  2363.1545267804468
2 iter stat:  1502.5326552579718
3 iter stat:  1095.297300642771
4 iter stat:  720.8869853828801
5 iter stat:  505.0475959638352
6 iter stat:  254.94787143463327
7 iter stat:  226.52472496186965
8 iter stat:  177.27197844292823
9 iter stat:  157.31720706475608
10 iter stat:  118.33663530637568
11 iter stat:  117.12393498770689
12 iter stat:  82.51601619377834
13 iter stat:  92.8772456141669
14 iter stat:  56.02179358761714
15 iter stat:  76.88757373334374
16 iter stat:  39.67010405829569
17 iter stat:  29.494889818615775
18 iter stat:  25.368851918974542
19 iter stat:  22.41278789200078
20 iter stat:  20.154682682485145
21 iter stat:  18.33334345990079
22 iter stat:  16.801765592103038
23 iter stat:  15.522600463264098
24 iter stat:  14.369864364158275
25 iter stat:  13.397218215777684
26 iter stat:  12.50329960950694
27 iter stat:  11.711513864429435
28 iter stat:  11.009856139422482
29 iter stat:  10.399792947937385
30 iter stat:  10.126329651080596
fit ok
./output/my_sdss_model.csv
brokenpowerlaw + OIIIb5007_na + OIIIa4959_na + NII6583_na + NII6548_na + HBeta4863_br + HAlpha6565_br + HBeta4863_na + HAlpha6565_na + feii
   Param        Type          Value          Min          Max      Units
   -----        ----          -----          ---          ---      -----
   brokenpowerlaw.refer thawed      5460.49         5400         7000  angstroms
   brokenpowerlaw.ampl thawed      15.4115      14.1989      15.6935  angstroms
   brokenpowerlaw.index1 thawed     -1.67272           -3            0           
   brokenpowerlaw.index2 thawed            1           -1            1           
   OIIIb5007_na.ampl thawed      19.4238            0          200           
   OIIIb5007_na.pos frozen      5006.84            0  3.40282e+38  angstroms
   OIIIb5007_na.offs_kms thawed       -214.7        -1500          500       km/s
   OIIIb5007_na.fwhm thawed          600           70          600       km/s
   OIIIa4959_na.ampl linked      6.47459 expr: OIIIb5007_na.ampl / 3.0           
   OIIIa4959_na.pos frozen       4958.9            0  3.40282e+38  angstroms
   OIIIa4959_na.offs_kms linked       -214.7 expr: OIIIb5007_na.offs_kms       km/s
   OIIIa4959_na.fwhm linked          600  expr: OIIIb5007_na.fwhm       km/s
   NII6583_na.ampl thawed      28.6118            0          200           
   NII6583_na.pos frozen      6583.46            0  3.40282e+38  angstroms
   NII6583_na.offs_kms linked       -214.7 expr: OIIIb5007_na.offs_kms       km/s
   NII6583_na.fwhm linked          600  expr: OIIIb5007_na.fwhm       km/s
   NII6548_na.ampl linked      9.53727 expr: NII6583_na.ampl / 3.0           
   NII6548_na.pos frozen      6548.05            0  3.40282e+38  angstroms
   NII6548_na.offs_kms linked       -214.7 expr: OIIIb5007_na.offs_kms       km/s
   NII6548_na.fwhm linked          600  expr: OIIIb5007_na.fwhm       km/s
   HBeta4863_br.ampl thawed      17.7905            0          200           
   HBeta4863_br.pos frozen      4861.33            0  3.40282e+38  angstroms
   HBeta4863_br.offs_kms thawed     -127.922        -1500          500       km/s
   HBeta4863_br.fwhm thawed      3605.29         1200         8000       km/s
   HAlpha6565_br.ampl thawed      51.6317            0          200           
   HAlpha6565_br.pos frozen      6562.82            0  3.40282e+38  angstroms
   HAlpha6565_br.offs_kms linked     -127.922 expr: HBeta4863_br.offs_kms       km/s
   HAlpha6565_br.fwhm linked      3605.29  expr: HBeta4863_br.fwhm       km/s
   HBeta4863_na.ampl thawed      9.24331            0          200           
   HBeta4863_na.pos frozen      4861.33            0  3.40282e+38  angstroms
   HBeta4863_na.offs_kms linked       -214.7 expr: OIIIb5007_na.offs_kms       km/s
   HBeta4863_na.fwhm linked          600  expr: OIIIb5007_na.fwhm       km/s
   HAlpha6565_na.ampl thawed       49.604            0          200           
   HAlpha6565_na.pos frozen      6562.82            0  3.40282e+38  angstroms
   HAlpha6565_na.offs_kms linked       -214.7 expr: OIIIb5007_na.offs_kms       km/s
   HAlpha6565_na.fwhm linked          600  expr: OIIIb5007_na.fwhm       km/s
   feii.amp_a2D2 thawed            0            0         1000           
   feii.amp_a4G thawed       2.7149            0         1000           
   feii.amp_a4H thawed      3.46732            0         1000           
   feii.amp_a6S thawed       2.9531            0         1000           
   feii.amp_b2H thawed            0            0         1000           
   feii.amp_b4D thawed      2.03073            0         1000           
   feii.amp_b4F thawed      1.88623            0         1000           
   feii.amp_b4P thawed            0            0         1000           
   feii.amp_e4D thawed            2            0         1000           
   feii.amp_z4D thawed       2.2807            0         1000           
   feii.amp_z4F thawed      4.50319            0         1000           
   feii.amp_z4P thawed            2            0         1000           
   feii.amp_y4G thawed            0            0         1000           
   feii.amp_b4G thawed            0            0         1000           
   feii.amp_x4D thawed     0.433504            0         1000           
   feii.amp_y4P thawed            0            0         1000           
   feii.offs_kms thawed     -359.065         -800          800           
   feii.fwhm    thawed      2948.02          300         6000           
skipping monte_carlo (FANTASY_MC=0)
