7.0.1
1.3.2
2.1.6
3.1.6
['/home/onur/Documents/AGNEmissionLines_ThirdPartyLibraries/pyqsofit/PyQSOFit/src/pyqsofit']
FWHM Resolution: 2.5 Å
[ 3566.97426784  3567.79484559  3568.6175712  ... 10394.41199851
 10396.80892696 10399.20640813] Angstrom [57.12982559 57.12417984 57.1185379  ... -0.74314135 -0.74314958
 -0.74315792] erg / (Angstrom s cm2) [ 1.14259651  1.1424836   1.14237076 ... -0.01486283 -0.01486299
 -0.01486316] erg / (Angstrom s cm2) 0.37709343433380127
Name            Value      Min      Max   Stderr     Vary     Expr Brute_Step
Balmer_Tau        0.5      0.1        2     None    False     None     None
Balmer_Te     1.5e+04    1e+04    5e+04     None    False     None     None
Blamer_norm         0        0    1e+10     None    False     None     None
Fe_op_FWHM       3000     1200  1.8e+04     None     True     None     None
Fe_op_norm          0        0    1e+10     None     True     None     None
Fe_op_shift         0    -0.01     0.01     None     True     None     None
Fe_uv_FWHM       3000     1200  1.8e+04     None    False     None     None
Fe_uv_norm          0        0    1e+10     None    False     None     None
Fe_uv_shift         0    -0.01     0.01     None    False     None     None
PL_norm             1        0    1e+10     None     True     None     None
PL_slope         -1.5       -5        3     None     True     None     None
conti_a_0           0     -inf      inf     None     True     None     None
conti_a_1           0     -inf      inf     None     True     None     None
conti_a_2           0     -inf      inf     None     True     None     None
Fitting continuum
Fit report
[[Variables]]
    Fe_uv_norm:   0 (fixed)
    Fe_uv_FWHM:   3000 (fixed)
    Fe_uv_shift:  0 (fixed)
    Fe_op_norm:   2.96212499 +/- 0.04946051 (1.67%) (init = 0)
    Fe_op_FWHM:   1554.65754 +/- 44.2910807 (2.85%) (init = 3000)
    Fe_op_shift:  0.00124563 +/- 7.6423e-05 (6.14%) (init = 0)
    PL_norm:      36.0341140 +/- 3.26322459 (9.06%) (init = 1)
    PL_slope:     0.44431162 +/- 366.851219 (82566.20%) (init = -1.5)
    Blamer_norm:  0 (fixed)
    Balmer_Te:    15000 (fixed)
    Balmer_Tau:   0.5 (fixed)
    conti_a_0:   -27392.0581 +/- 4417355.92 (16126.41%) (init = 0)
    conti_a_1:    5.89947759 +/- 94.6210553 (1603.89%) (init = 0)
    conti_a_2:   -5.0595e-04 +/- 0.00266009 (525.76%) (init = 0)
[[Correlations]] (unreported correlations are < 0.100)
    C(PL_slope, conti_a_0)    = -1.0000
    C(conti_a_0, conti_a_1)   = -1.0000
    C(PL_slope, conti_a_1)    = +1.0000
    C(conti_a_1, conti_a_2)   = -1.0000
    C(conti_a_0, conti_a_2)   = +0.9999
    C(PL_slope, conti_a_2)    = -0.9999
    C(PL_norm, conti_a_2)     = -0.9953
    C(PL_norm, conti_a_1)     = +0.9945
    C(PL_norm, conti_a_0)     = -0.9943
    C(PL_norm, PL_slope)      = +0.9943
    C(Fe_op_norm, Fe_op_FWHM) = +0.4077
    C(Fe_op_norm, PL_slope)   = -0.1811
    C(Fe_op_norm, conti_a_0)  = +0.1810
    C(Fe_op_norm, conti_a_1)  = -0.1796
    C(Fe_op_norm, conti_a_2)  = +0.1746
    C(Fe_op_norm, PL_norm)    = -0.1517
    C(Fe_op_shift, PL_slope)  = +0.1221
    C(Fe_op_shift, conti_a_0) = -0.1220
    C(Fe_op_shift, conti_a_1) = +0.1219
    C(Fe_op_shift, conti_a_2) = -0.1214
    C(Fe_op_shift, PL_norm)   = +0.1125
Name                    Value      Min      Max   Stderr     Vary     Expr Brute_Step
Hb_br_1_dwave               0    -0.01     0.01     None     True     None     None
Hb_br_1_scale               0        0    1e+10     None     True     None     None
Hb_br_1_sigma           0.005   0.0015     0.05     None     True     None     None
Hb_br_2_dwave               0    -0.01     0.01     None     True     None     None
Hb_br_2_scale               0        0    1e+10     None     True     None     None
Hb_br_2_sigma           0.005   0.0015     0.05     None     True     None     None
Hb_na_1_dwave               0    -0.01     0.01     None     True     None     None
Hb_na_1_scale               0        0    1e+10     None     True     None     None
Hb_na_1_sigma           0.001  0.00023   0.0012     None     True     None     None
HeII4687_br_1_dwave         0   -0.005    0.005     None     True     None     None
HeII4687_br_1_scale         0        0    1e+10     None     True     None     None
HeII4687_br_1_sigma     0.005    0.004     0.05     None     True     None     None
HeII4687_na_1_dwave         0   -0.005    0.005     None    False Hb_na_1_dwave     None
HeII4687_na_1_scale         0        0    1e+10     None     True     None     None
HeII4687_na_1_sigma     0.001  0.00023   0.0012     None    False Hb_na_1_sigma     None
OIII4959c_1_dwave           0    -0.01     0.01     None    False Hb_na_1_dwave     None
OIII4959c_1_scale           0        0    1e+10     None     True     None     None
OIII4959c_1_sigma       0.001  0.00023   0.0012     None    False Hb_na_1_sigma     None
OIII4959w_1_dwave           0    -0.01     0.01     None     True     None     None
OIII4959w_1_scale           0        0    1e+10     None     True     None     None
OIII4959w_1_sigma       0.003  0.00023    0.006     None     True     None     None
OIII5007c_1_dwave           0    -0.01     0.01     None    False Hb_na_1_dwave     None
OIII5007c_1_scale           0        0    1e+10     None    False 3.0303030014038086 * OIII4959c_1_scale     None
OIII5007c_1_sigma       0.001  0.00023   0.0012     None    False Hb_na_1_sigma     None
OIII5007w_1_dwave           0    -0.01     0.01     None    False OIII4959w_1_dwave     None
OIII5007w_1_scale           0        0    1e+10     None    False 3.0303030014038086 * OIII4959w_1_scale     None
OIII5007w_1_sigma       0.003  0.00023    0.006     None    False OIII4959w_1_sigma     None
Fitting complex Hb
Fit report
[[Variables]]
    Hb_br_1_scale:        9.29062272 +/- 1.79942375 (19.37%) (init = 0)
    Hb_br_1_dwave:       -7.4658e-04 +/- 6.2774e-04 (84.08%) (init = 0)
    Hb_br_1_sigma:        0.00167437 +/- 3.4482e-04 (20.59%) (init = 0.005)
    Hb_br_2_scale:        8.01434363 +/- 0.45223285 (5.64%) (init = 0)
    Hb_br_2_dwave:       -0.00316826 +/- 2.2009e-04 (6.95%) (init = 0)
    Hb_br_2_sigma:        0.00507995 +/- 2.1506e-04 (4.23%) (init = 0.005)
    Hb_na_1_scale:        2.74677836 +/- 3.41379661 (124.28%) (init = 0)
    Hb_na_1_dwave:       -0.00250994 +/- 5.2550e-05 (2.09%) (init = 0)
    Hb_na_1_sigma:        0.00119998 +/- 5.0080e-05 (4.17%) (init = 0.001)
    OIII4959c_1_scale:    2.67434075 +/- 0.08812280 (3.30%) (init = 0)
    OIII4959c_1_dwave:   -0.00250994 +/- 5.2550e-05 (2.09%) == 'Hb_na_1_dwave'
    OIII4959c_1_sigma:    0.00119998 +/- 5.0080e-05 (4.17%) == 'Hb_na_1_sigma'
    OIII5007c_1_scale:    8.10406280 +/- 0.26703879 (3.30%) == '3.0303030014038086 * OIII4959c_1_scale'
    OIII5007c_1_dwave:   -0.00250994 +/- 5.2550e-05 (2.09%) == 'Hb_na_1_dwave'
    OIII5007c_1_sigma:    0.00119998 +/- 5.0080e-05 (4.17%) == 'Hb_na_1_sigma'
    OIII4959w_1_scale:    0.16933455 +/- 0.10411578 (61.49%) (init = 0)
    OIII4959w_1_dwave:    0.00198068 +/- 3.2063e-04 (16.19%) (init = 0)
    OIII4959w_1_sigma:    2.3175e-04 +/- 3.1745e-04 (136.98%) (init = 0.003)
    OIII5007w_1_scale:    0.51313498 +/- 0.31550237 (61.49%) == '3.0303030014038086 * OIII4959w_1_scale'
    OIII5007w_1_dwave:    0.00198068 +/- 3.2063e-04 (16.19%) == 'OIII4959w_1_dwave'
    OIII5007w_1_sigma:    2.3175e-04 +/- 3.1745e-04 (136.98%) == 'OIII4959w_1_sigma'
    HeII4687_br_1_scale:  0.13860302 +/- 1.80833544 (1304.69%) (init = 0)
    HeII4687_br_1_dwave:  0.00500000 +/- 0.01067521 (213.50%) (init = 0)
    HeII4687_br_1_sigma:  0.01588759 +/- 0.03303007 (207.90%) (init = 0.005)
    HeII4687_na_1_scale:  0.46569248 +/- 0.18227363 (39.14%) (init = 0)
    HeII4687_na_1_dwave: -0.00250994 +/- 5.2550e-05 (2.09%) == 'Hb_na_1_dwave'
    HeII4687_na_1_sigma:  0.00119998 +/- 5.0080e-05 (4.17%) == 'Hb_na_1_sigma'
[[Correlations]] (unreported correlations are < 0.100)
    C(Hb_br_1_dwave, Hb_na_1_scale)             = +0.9915
    C(Hb_br_1_scale, Hb_na_1_scale)             = -0.9665
    C(Hb_br_1_scale, Hb_br_1_dwave)             = -0.9649
    C(Hb_br_1_dwave, Hb_br_1_sigma)             = -0.9553
    C(Hb_br_1_sigma, Hb_na_1_scale)             = -0.9552
    C(Hb_br_1_scale, Hb_br_1_sigma)             = +0.9405
    C(Hb_br_1_sigma, Hb_br_2_scale)             = -0.7367
    C(Hb_br_1_scale, Hb_br_2_scale)             = -0.7088
    C(Hb_br_2_scale, Hb_br_2_dwave)             = +0.6549
    C(HeII4687_br_1_scale, HeII4687_br_1_sigma) = +0.6297
    C(Hb_br_1_dwave, Hb_br_2_scale)             = +0.6278
    C(Hb_br_2_sigma, HeII4687_br_1_sigma)       = -0.6261
    C(Hb_br_2_scale, Hb_na_1_scale)             = +0.6022
    C(Hb_na_1_sigma, OIII4959c_1_scale)         = -0.5761
    C(OIII4959w_1_scale, OIII4959w_1_sigma)     = -0.5755
    C(Hb_br_2_dwave, Hb_br_2_sigma)             = -0.5732
    C(Hb_br_1_sigma, Hb_br_2_dwave)             = -0.5719
    C(Hb_br_1_scale, Hb_br_2_dwave)             = -0.5540
    C(Hb_br_2_scale, Hb_br_2_sigma)             = -0.5524
    C(Hb_br_1_scale, Hb_br_2_sigma)             = +0.4439
    C(Hb_br_2_dwave, Hb_na_1_scale)             = +0.4365
    C(Hb_br_1_dwave, Hb_br_2_dwave)             = +0.4332
    C(Hb_br_1_sigma, Hb_br_2_sigma)             = +0.4261
    C(HeII4687_br_1_dwave, HeII4687_na_1_scale) = +0.4183
    C(Hb_br_1_dwave, Hb_br_2_sigma)             = -0.3867
    C(Hb_br_2_dwave, HeII4687_br_1_sigma)       = +0.3505
    C(Hb_br_2_sigma, Hb_na_1_scale)             = -0.3393
    C(Hb_br_2_sigma, HeII4687_br_1_scale)       = -0.3363
    C(HeII4687_br_1_scale, HeII4687_na_1_scale) = +0.3081
    C(Hb_br_2_sigma, HeII4687_br_1_dwave)       = -0.2922
    C(Hb_br_2_dwave, HeII4687_br_1_dwave)       = +0.2799
    C(Hb_br_1_scale, HeII4687_br_1_sigma)       = -0.1572
    C(Hb_br_2_dwave, HeII4687_br_1_scale)       = +0.1569
    C(Hb_br_2_scale, HeII4687_br_1_dwave)       = +0.1491
    C(Hb_br_1_sigma, HeII4687_br_1_sigma)       = -0.1443
    C(HeII4687_br_1_scale, HeII4687_br_1_dwave) = +0.1401
    C(Hb_br_1_scale, HeII4687_br_1_dwave)       = -0.1322
    C(Hb_br_1_dwave, HeII4687_br_1_sigma)       = +0.1279
    C(Hb_br_1_sigma, HeII4687_br_1_dwave)       = -0.1264
    C(Hb_na_1_scale, HeII4687_br_1_sigma)       = +0.1085
    C(Hb_br_1_dwave, HeII4687_br_1_dwave)       = +0.1045
    C(Hb_br_1_scale, Hb_na_1_sigma)             = -0.1008
Name                Value      Min      Max   Stderr     Vary     Expr Brute_Step
Ha_br_1_dwave           0   -0.015    0.015     None     True     None     None
Ha_br_1_scale           0        0    1e+10     None     True     None     None
Ha_br_1_sigma       0.005   0.0015     0.05     None     True     None     None
Ha_br_2_dwave           0   -0.015    0.015     None     True     None     None
Ha_br_2_scale           0        0    1e+10     None     True     None     None
Ha_br_2_sigma       0.005   0.0015     0.05     None     True     None     None
Ha_na_1_dwave           0    -0.01     0.01     None     True     None     None
Ha_na_1_scale           0        0    1e+10     None     True     None     None
Ha_na_1_sigma       0.001   0.0005   0.0012     None     True     None     None
NII6549_1_dwave         0   -0.005    0.005     None    False Ha_na_1_dwave     None
NII6549_1_scale         0        0    1e+10     None     True     None     None
NII6549_1_sigma     0.001  0.00023   0.0012     None    False Ha_na_1_sigma     None
NII6585_1_dwave         0   -0.005    0.005     None    False Ha_na_1_dwave     None
NII6585_1_scale         0        0    1e+10     None    False 3.0 * NII6549_1_scale     None
NII6585_1_sigma     0.001  0.00023   0.0012     None    False Ha_na_1_sigma     None
SII6718_1_dwave         0   -0.005    0.005     None    False Ha_na_1_dwave     None
SII6718_1_scale         0        0    1e+10     None     True     None     None
SII6718_1_sigma     0.001  0.00023   0.0012     None    False Ha_na_1_sigma     None
SII6732_1_dwave         0   -0.005    0.005     None    False Ha_na_1_dwave     None
SII6732_1_scale         0        0    1e+10     None     True     None     None
SII6732_1_sigma     0.001  0.00023   0.0012     None    False Ha_na_1_sigma     None
Fitting complex Ha
Fit report
[[Variables]]
    Ha_br_1_scale:    15.4726842 +/- 0.72767660 (4.70%) (init = 0)
    Ha_br_1_dwave:   -0.00261162 +/- 1.4267e-04 (5.46%) (init = 0)
    Ha_br_1_sigma:    0.00404092 +/- 1.3317e-04 (3.30%) (init = 0.005)
    Ha_br_2_scale:    3.75248665 +/- 0.28090807 (7.49%) (init = 0)
    Ha_br_2_dwave:   -0.00589548 +/- 5.2721e-04 (8.94%) (init = 0)
    Ha_br_2_sigma:    0.01291835 +/- 7.4113e-04 (5.74%) (init = 0.005)
    Ha_na_1_scale:    30.1849368 +/- 1.04646883 (3.47%) (init = 0)
    Ha_na_1_dwave:   -0.00118176 +/- 4.3594e-05 (3.69%) (init = 0)
    Ha_na_1_sigma:    0.00120000 +/- 5.8148e-05 (4.85%) (init = 0.001)
    NII6549_1_scale:  1.99393113 +/- 0.20542493 (10.30%) (init = 0)
    NII6549_1_dwave: -0.00118176 +/- 4.3594e-05 (3.69%) == 'Ha_na_1_dwave'
    NII6549_1_sigma:  0.00120000 +/- 5.8148e-05 (4.85%) == 'Ha_na_1_sigma'
    NII6585_1_scale:  5.98179339 +/- 0.61627481 (10.30%) == '3.0 * NII6549_1_scale'
    NII6585_1_dwave: -0.00118176 +/- 4.3594e-05 (3.69%) == 'Ha_na_1_dwave'
    NII6585_1_sigma:  0.00120000 +/- 5.8148e-05 (4.85%) == 'Ha_na_1_sigma'
    SII6718_1_scale:  0.57352678 +/- 0.13283942 (23.16%) (init = 0)
    SII6718_1_dwave: -0.00118176 +/- 4.3594e-05 (3.69%) == 'Ha_na_1_dwave'
    SII6718_1_sigma:  0.00120000 +/- 5.8148e-05 (4.85%) == 'Ha_na_1_sigma'
    SII6732_1_scale:  0.13646528 +/- 0.09274025 (67.96%) (init = 0)
    SII6732_1_dwave: -0.00118176 +/- 4.3594e-05 (3.69%) == 'Ha_na_1_dwave'
    SII6732_1_sigma:  0.00120000 +/- 5.8148e-05 (4.85%) == 'Ha_na_1_sigma'
[[Correlations]] (unreported correlations are < 0.100)
    C(Ha_br_2_scale, Ha_br_2_sigma)     = -0.9144
    C(Ha_br_1_sigma, Ha_br_2_scale)     = -0.7931
    C(Ha_br_1_scale, Ha_br_1_dwave)     = +0.6959
    C(Ha_br_2_scale, Ha_br_2_dwave)     = +0.6821
    C(Ha_br_1_sigma, Ha_br_2_sigma)     = +0.6604
    C(Ha_br_1_dwave, NII6549_1_scale)   = -0.6548
    C(Ha_br_2_dwave, Ha_br_2_sigma)     = -0.6499
    C(Ha_br_1_scale, NII6549_1_scale)   = -0.5697
    C(Ha_br_1_sigma, Ha_br_2_dwave)     = -0.5246
    C(Ha_br_1_scale, Ha_na_1_scale)     = -0.5187
    C(Ha_br_1_dwave, Ha_na_1_scale)     = -0.4835
    C(Ha_na_1_scale, NII6549_1_scale)   = +0.4825
    C(Ha_br_1_scale, Ha_na_1_sigma)     = +0.4807
    C(Ha_br_1_sigma, Ha_na_1_dwave)     = -0.3749
    C(SII6718_1_scale, SII6732_1_scale) = -0.3503
    C(Ha_br_1_dwave, Ha_na_1_sigma)     = +0.3420
    C(Ha_br_1_sigma, Ha_na_1_scale)     = +0.3380
    C(Ha_br_1_sigma, Ha_na_1_sigma)     = -0.3009
    C(Ha_br_1_scale, Ha_br_1_sigma)     = -0.2928
    C(Ha_br_1_scale, Ha_br_2_dwave)     = -0.2771
    C(Ha_br_2_sigma, SII6718_1_scale)   = -0.2494
    C(Ha_br_1_dwave, Ha_br_1_sigma)     = -0.2423
    C(Ha_br_1_scale, Ha_na_1_dwave)     = +0.2192
    C(Ha_br_1_dwave, Ha_br_2_dwave)     = -0.2002
    C(Ha_br_2_scale, Ha_na_1_dwave)     = +0.1968
    C(Ha_br_2_sigma, SII6732_1_scale)   = -0.1960
    C(Ha_br_1_dwave, Ha_br_2_sigma)     = -0.1928
    C(Ha_br_2_dwave, NII6549_1_scale)   = +0.1883
    C(Ha_br_2_scale, SII6718_1_scale)   = +0.1817
    C(Ha_br_2_scale, Ha_na_1_scale)     = -0.1733
    C(Ha_na_1_dwave, NII6549_1_scale)   = -0.1690
    C(Ha_br_1_dwave, Ha_br_2_scale)     = +0.1613
    C(Ha_br_2_sigma, Ha_na_1_scale)     = +0.1611
    C(Ha_br_2_scale, SII6732_1_scale)   = +0.1566
    C(Ha_br_2_dwave, Ha_na_1_dwave)     = +0.1554
    C(Ha_na_1_scale, Ha_na_1_dwave)     = -0.1481
    C(Ha_na_1_scale, Ha_na_1_sigma)     = +0.1465
    C(Ha_br_2_sigma, Ha_na_1_dwave)     = -0.1450
    C(Ha_br_2_scale, Ha_na_1_sigma)     = +0.1413
    C(Ha_na_1_sigma, NII6549_1_scale)   = +0.1303
    C(Ha_br_1_sigma, SII6718_1_scale)   = -0.1276
    C(Ha_br_1_dwave, SII6718_1_scale)   = +0.1244
    C(Ha_br_2_sigma, Ha_na_1_sigma)     = -0.1172
    C(Ha_br_1_scale, Ha_br_2_sigma)     = +0.1118
    C(Ha_br_1_scale, Ha_br_2_scale)     = -0.1109
    C(Ha_br_1_sigma, SII6732_1_scale)   = -0.1020
Saving figure as ./result.pdf
Fitting finished in 925.3s
wrote pyqsofit_model.csv
['ra' 'dec' 'plateid' 'MJD' 'fiberid' 'redshift' 'SN_ratio_conti'
 'Fe_uv_norm' 'Fe_uv_FWHM' 'Fe_uv_shift' 'Fe_op_norm' 'Fe_op_FWHM'
 'Fe_op_shift' 'PL_norm' 'PL_slope' 'Blamer_norm' 'Balmer_Te' 'Balmer_Tau'
 'conti_a_0' 'conti_a_1' 'conti_a_2' 'L1350' 'L1450' 'L3000' 'L4200'
 'L5100' 'Fe_flux_4435_4685' 'SN_host' 'rchi2_decomp' 'frac_host_4200'
 'frac_host_5100' 'Dn4000' 'sigma' 'sigma_err' 'v_off' 'v_off_err'
 'rchi2_ppxf' 'gal_par_0' 'gal_par_1' 'gal_par_2' 'gal_par_3' 'gal_par_4'
 'qso_par_0' 'qso_par_1' 'qso_par_2' 'qso_par_3' 'qso_par_4' 'qso_par_5'
 'qso_par_6' 'qso_par_7' 'qso_par_8' 'qso_par_9']

['-999' '-999' '0' '0' '0' '0.37709343433380127' '48.86879591915661' '0.0'
 '3000.0' '0.0' '2.962124989736026' '1554.6575443678516'
 '0.001245633288329587' '36.03411402597345' '0.44431162073466446' '0.0'
 '15000.0' '0.5' '-27392.058133047758' '5.89947759472964'
 '-0.0005059536045153786' '-1.0' '-1.0' '-1.0' '44.53460662142139'
 '44.373109858722216' '1280.066331984106' '17.305951085943722'
 '17.90574336985086' '0.3823752750546114' '0.48740588827676'
 '1.2586587480100488' '437.3196291350579' '131.0002596590722'
 '8.296027057329837' '103.92614998129692' '2.187887026210971'
 '553.082661222818' '-184.12224945216576' '26.222521724318156'
 '22.340968279847225' '25.706477864613877' '1188.8277265114712'
 '-276.22949992804683' '-100.71174503073235' '8.172425309619607'
 '-48.10635175085128' '14.467062363186054' '-38.53279888596647'
 '25.91183138301676' '-8.724584619986683' '9.141039488388268']
['Hb_br_1_scale' 'Hb_br_1_centerwave' 'Hb_br_1_sigma' 'Hb_br_2_scale'
 'Hb_br_2_centerwave' 'Hb_br_2_sigma' 'Hb_na_1_scale' 'Hb_na_1_centerwave'
 'Hb_na_1_sigma' 'OIII4959c_1_scale' 'OIII4959c_1_centerwave'
 'OIII4959c_1_sigma' 'OIII5007c_1_scale' 'OIII5007c_1_centerwave'
 'OIII5007c_1_sigma' 'OIII4959w_1_scale' 'OIII4959w_1_centerwave'
 'OIII4959w_1_sigma' 'OIII5007w_1_scale' 'OIII5007w_1_centerwave'
 'OIII5007w_1_sigma' 'HeII4687_br_1_scale' 'HeII4687_br_1_centerwave'
 'HeII4687_br_1_sigma' 'HeII4687_na_1_scale' 'HeII4687_na_1_centerwave'
 'HeII4687_na_1_sigma' 'Ha_br_1_scale' 'Ha_br_1_centerwave'
 'Ha_br_1_sigma' 'Ha_br_2_scale' 'Ha_br_2_centerwave' 'Ha_br_2_sigma'
 'Ha_na_1_scale' 'Ha_na_1_centerwave' 'Ha_na_1_sigma' 'NII6549_1_scale'
 'NII6549_1_centerwave' 'NII6549_1_sigma' 'NII6585_1_scale'
 'NII6585_1_centerwave' 'NII6585_1_sigma' 'SII6718_1_scale'
 'SII6718_1_centerwave' 'SII6718_1_sigma' 'SII6732_1_scale'
 'SII6732_1_centerwave' 'SII6732_1_sigma']

[9.29062272e+00 8.48859897e+00 1.67436830e-03 8.01434363e+00
 8.48617729e+00 5.07995427e-03 2.74677836e+00 8.48683561e+00
 1.19998312e-03 2.67434075e+00 8.50671114e+00 1.19998312e-03
 8.10406280e+00 8.51632990e+00 1.19998312e-03 1.69334546e-01
 8.51120176e+00 2.31749476e-04 5.13134984e-01 8.52082052e+00
 2.31749476e-04 1.38603018e-01 8.45755184e+00 1.58875891e-02
 4.65692485e-01 8.45004190e+00 1.19998312e-03 1.54726842e+01
 8.78683712e+00 4.04091972e-03 3.75248665e+00 8.78355326e+00
 1.29183547e-02 3.01849368e+01 8.78826698e+00 1.20000006e-03
 1.99393113e+00 8.78601535e+00 1.20000006e-03 5.98179339e+00
 8.79141029e+00 1.20000006e-03 5.73526782e-01 8.81140693e+00
 1.20000006e-03 1.36465284e-01 8.81354507e+00 1.20000006e-03]
['Hb_br_1_scale' 'Hb_br_1_sigma' 'Hb_br_2_centerwave' 'Hb_na_1_scale'
 'Hb_na_1_sigma' 'OIII4959c_1_centerwave' 'OIII5007c_1_scale'
 'OIII5007c_1_sigma' 'OIII4959w_1_centerwave' 'OIII5007w_1_scale'
 'OIII5007w_1_sigma' 'HeII4687_br_1_centerwave' 'HeII4687_na_1_scale'
 'HeII4687_na_1_sigma' 'Ha_br_1_centerwave' 'Ha_br_2_scale'
 'Ha_br_2_sigma' 'Ha_na_1_centerwave' 'NII6549_1_scale' 'NII6549_1_sigma'
 'NII6585_1_centerwave' 'SII6718_1_scale' 'SII6718_1_sigma'
 'SII6732_1_centerwave']

[]
(0,)
['1_complex_name' '1_line_status' '1_line_min_chi2' '1_line_bic'
 '1_line_red_chi2' '1_niter' '1_ndof' '2_complex_name' '2_line_status'
 '2_line_min_chi2' '2_line_bic' '2_line_red_chi2' '2_niter' '2_ndof'
 'Hb_br_1_scale' 'Hb_br_1_centerwave' 'Hb_br_1_sigma' 'Hb_br_2_scale'
 'Hb_br_2_centerwave' 'Hb_br_2_sigma' 'Hb_na_1_scale' 'Hb_na_1_centerwave'
 'Hb_na_1_sigma' 'OIII4959c_1_scale' 'OIII4959c_1_centerwave'
 'OIII4959c_1_sigma' 'OIII5007c_1_scale' 'OIII5007c_1_centerwave'
 'OIII5007c_1_sigma' 'OIII4959w_1_scale' 'OIII4959w_1_centerwave'
 'OIII4959w_1_sigma' 'OIII5007w_1_scale' 'OIII5007w_1_centerwave'
 'OIII5007w_1_sigma' 'HeII4687_br_1_scale' 'HeII4687_br_1_centerwave'
 'HeII4687_br_1_sigma' 'HeII4687_na_1_scale' 'HeII4687_na_1_centerwave'
 'HeII4687_na_1_sigma' 'Ha_br_1_scale' 'Ha_br_1_centerwave'
 'Ha_br_1_sigma' 'Ha_br_2_scale' 'Ha_br_2_centerwave' 'Ha_br_2_sigma'
 'Ha_na_1_scale' 'Ha_na_1_centerwave' 'Ha_na_1_sigma' 'NII6549_1_scale'
 'NII6549_1_centerwave' 'NII6549_1_sigma' 'NII6585_1_scale'
 'NII6585_1_centerwave' 'NII6585_1_sigma' 'SII6718_1_scale'
 'SII6718_1_centerwave' 'SII6718_1_sigma' 'SII6732_1_scale'
 'SII6732_1_centerwave' 'SII6732_1_sigma' 'Hb_whole_br_fwhm'
 'Hb_whole_br_sigma' 'Hb_whole_br_ew' 'Hb_whole_br_peak'
 'Hb_whole_br_area' 'Hb_whole_br_snr' 'Ha_whole_br_fwhm'
 'Ha_whole_br_sigma' 'Ha_whole_br_ew' 'Ha_whole_br_peak'
 'Ha_whole_br_area' 'Ha_whole_br_snr']

['Hb' '1' '757.4424508860203' '353.582721499162' '1.9224427687462444'
 '1354' '394' 'Ha' '1' '896.1538984067869' '389.2928359613828'
 '3.5703342566007445' '973' '251' '9.290622715596442' '8.488598971158682'
 '0.001674368296263738' '8.0143436331781' '8.486177291595762'
 '0.005079954272986731' '2.746778360318558' '8.486835610978329'
 '0.0011999831191101369' '2.674340748853865' '8.506711137406551'
 '0.0011999831191101369' '8.104062798028377' '8.516329896561825'
 '0.0011999831191101369' '0.16933454638490275' '8.511201759809632'
 '0.0002317494762744177' '0.5131349841515233' '8.520820518964905'
 '0.0002317494762744177' '0.1386030179517661' '8.457551841060589'
 '0.01588758909144347' '0.4656924845747312' '8.450041902177059'
 '0.0011999831191101369' '15.472684244954849' '8.786837115266419'
 '0.004040919715538746' '3.7524866547400393' '8.783553258878065'
 '0.012918354709539004' '30.18493677231504' '8.788266977726824'
 '0.0012000000569097305' '1.9939311313166286' '8.786015352665789'
 '0.0012000000569097305' '5.981793393949886' '8.791410288273699'
 '0.0012000000569097305' '0.5735267816220357' '8.811406931340105'
 '0.0012000000569097305' '0.13646528351785037' '8.813545069157488'
 '0.0012000000569097305' '3586.6976436758655' '2551.5559913043303'
 '47.41362257732617' '4847.614709548356' '520.5674802011345'
 '11.99689967868398' '3268.2132149472004' '2704.3324876401052'
 '332.62556466563285' '6546.440863718014' '1817.0658558795537'
 '40.31513004675877']
Broad Hb:
FWHM (km/s) 3575.6
Sigma (km/s) 1497.8
EW (A) 45.1
Peak (A) 4846.7
Area (10^(-17) erg/s/cm^2) 493.3
SNR 11.4

Narrow Hb:
FWHM (km/s) 845.0
Sigma (km/s) 353.9
EW (A) 3.7
Peak (A) 4850.5
Area (10^(-17) erg/s/cm^2) 40.0
SNR 3.3

Broad [OIII]5007:
FWHM (km/s) 0
Sigma (km/s) 0
EW (A) 0
Peak (A) 0
Area (10^(-17) erg/s/cm^2) 0
SNR 0

Narrow [OIII]5007:
FWHM (km/s) 845.0
Sigma (km/s) 353.9
EW (A) 12.1
Peak (A) 4995.7
Area (10^(-17) erg/s/cm^2) 121.4
SNR 9.6
