7.0.1
1.3.2
2.1.6
3.1.6
['/home/onur/Documents/AGNEmissionLines_ThirdPartyLibraries/pyqsofit/PyQSOFit/src/pyqsofit']
FWHM Resolution: 2.5 Å
[ 3566.97426784  3567.79484559  3568.6175712  ... 10394.41199851
 10396.80892696 10399.20640813] Angstrom [57.96996689 57.96429443 57.95862961 ...  6.99743366  6.99751186
  6.9975915 ] erg / (Angstrom s cm2) [1.15939934 1.15928589 1.15917259 ... 0.13994867 0.13995024 0.13995183] erg / (Angstrom s cm2) 0.29768213629722595
Name            Value      Min      Max   Stderr     Vary     Expr Brute_Step
Balmer_Tau        0.5      0.1        2     None    False     None     None
Balmer_Te     1.5e+04    1e+04    5e+04     None    False     None     None
Blamer_norm         0        0    1e+10     None    False     None     None
Fe_op_FWHM       3000     1200  1.8e+04     None     True     None     None
Fe_op_norm          0        0    1e+10     None     True     None     None
Fe_op_shift         0    -0.01     0.01     None     True     None     None
Fe_uv_FWHM       3000     1200  1.8e+04     None     True     None     None
Fe_uv_norm          0        0    1e+10     None     True     None     None
Fe_uv_shift         0    -0.01     0.01     None     True     None     None
PL_norm             1        0    1e+10     None     True     None     None
PL_slope         -1.5       -5        3     None     True     None     None
conti_a_0           0     -inf      inf     None    False     None     None
conti_a_1           0     -inf      inf     None    False     None     None
conti_a_2           0     -inf      inf     None    False     None     None
Fitting continuum
Fit report
[[Variables]]
    Fe_uv_norm:   3.50315665 +/- 0.09555944 (2.73%) (init = 0)
    Fe_uv_FWHM:   18000.0000 +/- 9150.78621 (50.84%) (init = 3000)
    Fe_uv_shift:  0.00904053 +/- 7.7924e-04 (8.62%) (init = 0)
    Fe_op_norm:   2.70124922 +/- 0.07798960 (2.89%) (init = 0)
    Fe_op_FWHM:   3899.92196 +/- 451.786685 (11.58%) (init = 3000)
    Fe_op_shift:  8.8632e-04 +/- 5.3071e-04 (59.88%) (init = 0)
    PL_norm:      52.6471211 +/- 0.38479216 (0.73%) (init = 1)
    PL_slope:    -1.07375086 +/- 0.00922585 (0.86%) (init = -1.5)
    Blamer_norm:  0 (fixed)
    Balmer_Te:    15000 (fixed)
    Balmer_Tau:   0.5 (fixed)
    conti_a_0:    0 (fixed)
    conti_a_1:    0 (fixed)
    conti_a_2:    0 (fixed)
[[Correlations]] (unreported correlations are < 0.100)
    C(PL_norm, PL_slope)       = -0.9703
    C(Fe_uv_norm, PL_norm)     = -0.9670
    C(Fe_uv_norm, PL_slope)    = +0.9348
    C(Fe_op_norm, PL_norm)     = -0.8653
    C(Fe_uv_norm, Fe_op_norm)  = +0.8408
    C(Fe_op_norm, PL_slope)    = +0.7743
    C(Fe_uv_norm, Fe_uv_FWHM)  = -0.7089
    C(Fe_uv_FWHM, PL_norm)     = +0.6973
    C(Fe_uv_FWHM, PL_slope)    = -0.6796
    C(Fe_uv_FWHM, Fe_op_norm)  = -0.6001
    C(Fe_op_FWHM, PL_norm)     = -0.5008
    C(Fe_uv_norm, Fe_op_FWHM)  = +0.4847
    C(Fe_op_FWHM, PL_slope)    = +0.4777
    C(Fe_op_norm, Fe_op_FWHM)  = +0.4729
    C(Fe_uv_FWHM, Fe_op_FWHM)  = -0.3488
    C(Fe_op_shift, PL_norm)    = -0.1668
    C(Fe_uv_norm, Fe_op_shift) = +0.1618
    C(Fe_op_shift, PL_slope)   = +0.1530
    C(Fe_op_norm, Fe_op_shift) = +0.1187
    C(Fe_uv_FWHM, Fe_op_shift) = -0.1158
Name                    Value      Min      Max   Stderr     Vary     Expr Brute_Step
Hb_br_1_dwave               0    -0.01     0.01     None     True     None     None
Hb_br_1_scale               0        0    1e+10     None     True     None     None
Hb_br_1_sigma           0.005    0.004     0.05     None     True     None     None
Hb_br_2_dwave               0    -0.01     0.01     None     True     None     None
Hb_br_2_scale               0        0    1e+10     None     True     None     None
Hb_br_2_sigma           0.005    0.004     0.05     None     True     None     None
Hb_na_1_dwave               0    -0.01     0.01     None     True     None     None
Hb_na_1_scale               0        0    1e+10     None     True     None     None
Hb_na_1_sigma           0.001  0.00023  0.00169     None     True     None     None
HeII4687_br_1_dwave         0   -0.005    0.005     None     True     None     None
HeII4687_br_1_scale         0        0    1e+10     None     True     None     None
HeII4687_br_1_sigma     0.005    0.004     0.05     None     True     None     None
HeII4687_na_1_dwave         0   -0.005    0.005     None    False Hb_na_1_dwave     None
HeII4687_na_1_scale         0        0    1e+10     None     True     None     None
HeII4687_na_1_sigma     0.001  0.00023  0.00169     None    False Hb_na_1_sigma     None
OIII4959c_1_dwave           0    -0.01     0.01     None    False Hb_na_1_dwave     None
OIII4959c_1_scale           0        0    1e+10     None     True     None     None
OIII4959c_1_sigma       0.001  0.00023  0.00169     None    False Hb_na_1_sigma     None
OIII4959w_1_dwave           0    -0.01     0.01     None     True     None     None
OIII4959w_1_scale           0        0    1e+10     None     True     None     None
OIII4959w_1_sigma       0.003  0.00023    0.004     None     True     None     None
OIII5007c_1_dwave           0    -0.01     0.01     None    False Hb_na_1_dwave     None
OIII5007c_1_scale           0        0    1e+10     None    False 3.0303030014038086 * OIII4959c_1_scale     None
OIII5007c_1_sigma       0.001  0.00023  0.00169     None    False Hb_na_1_sigma     None
OIII5007w_1_dwave           0    -0.01     0.01     None    False OIII4959w_1_dwave     None
OIII5007w_1_scale           0        0    1e+10     None    False 3.0303030014038086 * OIII4959w_1_scale     None
OIII5007w_1_sigma       0.003  0.00023    0.004     None    False OIII4959w_1_sigma     None
Fitting complex Hb
Fit report
[[Variables]]
    Hb_br_1_scale:        12.1350247 +/- 6.0543e+14 (4989150172247062.00%) (init = 0)
    Hb_br_1_dwave:        0.00469768 +/- 4238465.74 (90224646503.95%) (init = 0)
    Hb_br_1_sigma:        0.00633056 +/- 2862252.65 (45213272175.57%) (init = 0.005)
    Hb_br_2_scale:        12.1350247 +/- 6.0543e+14 (4989150171413198.00%) (init = 0)
    Hb_br_2_dwave:        0.00469769 +/- 3576522.04 (76133590947.24%) (init = 0)
    Hb_br_2_sigma:        0.00633055 +/- 3391989.53 (53581285796.26%) (init = 0.005)
    Hb_na_1_scale:        0.14240997 +/- 45.0951529 (31665.73%) (init = 0)
    Hb_na_1_dwave:       -3.8311e-04 +/- 5.3297e-05 (13.91%) (init = 0)
    Hb_na_1_sigma:        0.00117066 +/- 4.8547e-05 (4.15%) (init = 0.001)
    OIII4959c_1_scale:    12.8416838 +/- 0.63153061 (4.92%) (init = 0)
    OIII4959c_1_dwave:   -3.8311e-04 +/- 5.3297e-05 (13.91%) == 'Hb_na_1_dwave'
    OIII4959c_1_sigma:    0.00117066 +/- 4.8547e-05 (4.15%) == 'Hb_na_1_sigma'
    OIII5007c_1_scale:    38.9141930 +/- 1.91372911 (4.92%) == '3.0303030014038086 * OIII4959c_1_scale'
    OIII5007c_1_dwave:   -3.8311e-04 +/- 5.3297e-05 (13.91%) == 'Hb_na_1_dwave'
    OIII5007c_1_sigma:    0.00117066 +/- 4.8547e-05 (4.15%) == 'Hb_na_1_sigma'
    OIII4959w_1_scale:    8.04616318 +/- 0.50930375 (6.33%) (init = 0)
    OIII4959w_1_dwave:   -0.00972462 +/- 6.5980e-05 (0.68%) (init = 0)
    OIII4959w_1_sigma:    9.9839e-04 +/- 6.5985e-05 (6.61%) (init = 0.003)
    OIII5007w_1_scale:    24.3823124 +/- 1.54334469 (6.33%) == '3.0303030014038086 * OIII4959w_1_scale'
    OIII5007w_1_dwave:   -0.00972462 +/- 6.5980e-05 (0.68%) == 'OIII4959w_1_dwave'
    OIII5007w_1_sigma:    9.9839e-04 +/- 6.5985e-05 (6.61%) == 'OIII4959w_1_sigma'
    HeII4687_br_1_scale:  0.61096128 +/- 0.18569667 (30.39%) (init = 0)
    HeII4687_br_1_dwave:  0.00496534 +/- 0.07777224 (1566.30%) (init = 0)
    HeII4687_br_1_sigma:  0.03805480 +/- 0.05120649 (134.56%) (init = 0.005)
    HeII4687_na_1_scale:  2.51715204 +/- 0.77660500 (30.85%) (init = 0)
    HeII4687_na_1_dwave: -3.8311e-04 +/- 5.3297e-05 (13.91%) == 'Hb_na_1_dwave'
    HeII4687_na_1_sigma:  0.00117066 +/- 4.8547e-05 (4.15%) == 'Hb_na_1_sigma'
[[Correlations]] (unreported correlations are < 0.100)
    C(Hb_br_1_scale, Hb_br_2_scale)             = -1.0000
    C(Hb_br_1_sigma, Hb_br_2_sigma)             = -1.0000
    C(Hb_br_1_dwave, Hb_br_2_dwave)             = -1.0000
    C(Hb_br_2_scale, Hb_br_2_sigma)             = +1.0000
    C(Hb_br_1_scale, Hb_br_2_sigma)             = -1.0000
    C(Hb_br_1_dwave, Hb_br_2_sigma)             = -1.0000
    C(Hb_br_1_dwave, Hb_br_1_sigma)             = +1.0000
    C(Hb_br_1_sigma, Hb_br_2_scale)             = -1.0000
    C(Hb_br_1_scale, Hb_br_1_sigma)             = +1.0000
    C(Hb_br_2_dwave, Hb_br_2_sigma)             = +1.0000
    C(Hb_br_1_sigma, Hb_br_2_dwave)             = -1.0000
    C(Hb_br_1_scale, Hb_br_1_dwave)             = +1.0000
    C(Hb_br_1_dwave, Hb_br_2_scale)             = -1.0000
    C(Hb_br_2_scale, Hb_br_2_dwave)             = +1.0000
    C(Hb_br_1_scale, Hb_br_2_dwave)             = -1.0000
    C(HeII4687_br_1_dwave, HeII4687_br_1_sigma) = -0.8621
    C(OIII4959w_1_scale, OIII4959w_1_sigma)     = -0.5749
    C(Hb_na_1_sigma, OIII4959c_1_scale)         = -0.5295
    C(HeII4687_br_1_scale, HeII4687_br_1_sigma) = -0.3528
    C(HeII4687_br_1_scale, HeII4687_na_1_scale) = -0.3257
    C(HeII4687_br_1_scale, HeII4687_br_1_dwave) = +0.2714
    C(Hb_br_2_dwave, Hb_na_1_scale)             = -0.2626
    C(Hb_br_1_dwave, Hb_na_1_scale)             = +0.2626
    C(Hb_br_1_scale, Hb_na_1_scale)             = +0.2626
    C(Hb_br_2_scale, Hb_na_1_scale)             = -0.2626
    C(Hb_br_2_sigma, Hb_na_1_scale)             = -0.2625
    C(Hb_br_1_sigma, Hb_na_1_scale)             = +0.2625
    C(Hb_br_1_sigma, HeII4687_br_1_dwave)       = -0.2552
    C(Hb_br_2_sigma, HeII4687_br_1_dwave)       = +0.2552
    C(Hb_br_2_dwave, HeII4687_br_1_dwave)       = +0.2551
    C(Hb_br_1_dwave, HeII4687_br_1_dwave)       = -0.2551
    C(Hb_br_1_scale, HeII4687_br_1_dwave)       = -0.2551
    C(Hb_br_2_scale, HeII4687_br_1_dwave)       = +0.2551
    C(Hb_br_1_sigma, HeII4687_br_1_sigma)       = +0.2363
    C(Hb_br_2_sigma, HeII4687_br_1_sigma)       = -0.2363
    C(Hb_br_2_dwave, HeII4687_br_1_sigma)       = -0.2363
    C(Hb_br_1_dwave, HeII4687_br_1_sigma)       = +0.2363
    C(Hb_br_1_scale, HeII4687_br_1_sigma)       = +0.2363
    C(Hb_br_2_scale, HeII4687_br_1_sigma)       = -0.2363
    C(Hb_na_1_dwave, OIII4959c_1_scale)         = +0.2178
    C(Hb_br_1_scale, OIII4959w_1_scale)         = -0.1916
    C(Hb_br_2_scale, OIII4959w_1_scale)         = +0.1916
    C(Hb_br_2_sigma, OIII4959w_1_scale)         = +0.1916
    C(Hb_br_1_sigma, OIII4959w_1_scale)         = -0.1916
    C(Hb_br_1_dwave, OIII4959w_1_scale)         = -0.1916
    C(Hb_br_2_dwave, OIII4959w_1_scale)         = +0.1916
    C(HeII4687_br_1_dwave, HeII4687_na_1_scale) = +0.1764
    C(Hb_br_1_sigma, HeII4687_br_1_scale)       = -0.1642
    C(Hb_br_2_sigma, HeII4687_br_1_scale)       = +0.1642
    C(Hb_br_2_dwave, HeII4687_br_1_scale)       = +0.1642
    C(Hb_br_1_dwave, HeII4687_br_1_scale)       = -0.1642
    C(Hb_br_1_scale, HeII4687_br_1_scale)       = -0.1642
    C(Hb_br_2_scale, HeII4687_br_1_scale)       = +0.1642
    C(Hb_br_1_scale, OIII4959w_1_sigma)         = +0.1288
    C(Hb_br_2_scale, OIII4959w_1_sigma)         = -0.1288
    C(Hb_br_2_sigma, OIII4959w_1_sigma)         = -0.1288
    C(Hb_br_1_sigma, OIII4959w_1_sigma)         = +0.1288
    C(Hb_br_1_dwave, OIII4959w_1_sigma)         = +0.1288
    C(Hb_br_2_dwave, OIII4959w_1_sigma)         = -0.1288
    C(OIII4959w_1_sigma, HeII4687_br_1_dwave)   = -0.1070
    C(Hb_br_1_scale, OIII4959c_1_scale)         = +0.1030
    C(Hb_br_2_scale, OIII4959c_1_scale)         = -0.1030
    C(Hb_br_2_sigma, OIII4959c_1_scale)         = -0.1030
    C(Hb_br_1_sigma, OIII4959c_1_scale)         = +0.1030
    C(Hb_br_1_dwave, OIII4959c_1_scale)         = +0.1030
    C(Hb_br_2_dwave, OIII4959c_1_scale)         = -0.1030
    C(HeII4687_br_1_sigma, HeII4687_na_1_scale) = -0.1017
Name                Value      Min      Max   Stderr     Vary     Expr Brute_Step
Ha_br_1_dwave           0   -0.015    0.015     None     True     None     None
Ha_br_1_scale           0        0    1e+10     None     True     None     None
Ha_br_1_sigma       0.005    0.004     0.05     None     True     None     None
Ha_br_2_dwave           0   -0.015    0.015     None     True     None     None
Ha_br_2_scale           0        0    1e+10     None     True     None     None
Ha_br_2_sigma       0.005    0.004     0.05     None     True     None     None
Ha_na_1_dwave           0    -0.01     0.01     None     True     None     None
Ha_na_1_scale           0        0    1e+10     None     True     None     None
Ha_na_1_sigma       0.001   0.0005  0.00169     None     True     None     None
NII6549_1_dwave         0   -0.005    0.005     None    False Ha_na_1_dwave     None
NII6549_1_scale         0        0    1e+10     None     True     None     None
NII6549_1_sigma     0.001  0.00023  0.00169     None    False Ha_na_1_sigma     None
NII6585_1_dwave         0   -0.005    0.005     None    False Ha_na_1_dwave     None
NII6585_1_scale         0        0    1e+10     None    False 3.0 * NII6549_1_scale     None
NII6585_1_sigma     0.001  0.00023  0.00169     None    False Ha_na_1_sigma     None
SII6718_1_dwave         0   -0.005    0.005     None    False Ha_na_1_dwave     None
SII6718_1_scale         0        0    1e+10     None     True     None     None
SII6718_1_sigma     0.001  0.00023  0.00169     None    False Ha_na_1_sigma     None
SII6732_1_dwave         0   -0.005    0.005     None    False Ha_na_1_dwave     None
SII6732_1_scale         0        0    1e+10     None    False 1.0 * SII6718_1_scale     None
SII6732_1_sigma     0.001  0.00023  0.00169     None    False Ha_na_1_sigma     None
Fitting complex Ha
Fit report
[[Variables]]
    Ha_br_1_scale:    54.6168655 +/- 2.86493851 (5.25%) (init = 0)
    Ha_br_1_dwave:    0.00170205 +/- 1.0227e-04 (6.01%) (init = 0)
    Ha_br_1_sigma:    0.00509361 +/- 1.7021e-04 (3.34%) (init = 0.005)
    Ha_br_2_scale:    24.8025167 +/- 1.60903380 (6.49%) (init = 0)
    Ha_br_2_dwave:    0.00225844 +/- 1.4442e-04 (6.39%) (init = 0)
    Ha_br_2_sigma:    0.01190015 +/- 3.3042e-04 (2.78%) (init = 0.005)
    Ha_na_1_scale:    23.5436615 +/- 2.60344300 (11.06%) (init = 0)
    Ha_na_1_dwave:    0.00113025 +/- 1.1232e-04 (9.94%) (init = 0)
    Ha_na_1_sigma:    0.00153670 +/- 1.6837e-04 (10.96%) (init = 0.001)
    NII6549_1_scale:  0.08222145 +/- 1.98658910 (2416.14%) (init = 0)
    NII6549_1_dwave:  0.00113025 +/- 1.1232e-04 (9.94%) == 'Ha_na_1_dwave'
    NII6549_1_sigma:  0.00153670 +/- 1.6837e-04 (10.96%) == 'Ha_na_1_sigma'
    NII6585_1_scale:  0.24666436 +/- 5.95976728 (2416.14%) == '3.0 * NII6549_1_scale'
    NII6585_1_dwave:  0.00113025 +/- 1.1232e-04 (9.94%) == 'Ha_na_1_dwave'
    NII6585_1_sigma:  0.00153670 +/- 1.6837e-04 (10.96%) == 'Ha_na_1_sigma'
    SII6718_1_scale:  2.25901520 +/- 0.22770691 (10.08%) (init = 0)
    SII6718_1_dwave:  0.00113025 +/- 1.1232e-04 (9.94%) == 'Ha_na_1_dwave'
    SII6718_1_sigma:  0.00153670 +/- 1.6837e-04 (10.96%) == 'Ha_na_1_sigma'
    SII6732_1_scale:  2.25901520 +/- 0.22770692 (10.08%) == '1.0 * SII6718_1_scale'
    SII6732_1_dwave:  0.00113025 +/- 1.1232e-04 (9.94%) == 'Ha_na_1_dwave'
    SII6732_1_sigma:  0.00153670 +/- 1.6837e-04 (10.96%) == 'Ha_na_1_sigma'
[[Correlations]] (unreported correlations are < 0.100)
    C(Ha_br_2_scale, Ha_br_2_sigma)     = -0.9505
    C(Ha_br_1_sigma, Ha_br_2_scale)     = -0.7831
    C(Ha_br_1_scale, NII6549_1_scale)   = +0.7367
    C(Ha_br_1_scale, Ha_na_1_sigma)     = -0.6970
    C(Ha_br_1_dwave, NII6549_1_scale)   = +0.6779
    C(Ha_br_1_sigma, Ha_na_1_scale)     = +0.6655
    C(Ha_br_1_sigma, Ha_br_2_sigma)     = +0.6410
    C(Ha_br_1_scale, Ha_na_1_scale)     = -0.5870
    C(Ha_br_1_sigma, SII6718_1_scale)   = -0.5264
    C(Ha_na_1_sigma, SII6718_1_scale)   = -0.5188
    C(Ha_br_1_dwave, Ha_br_2_dwave)     = -0.5019
    C(Ha_na_1_scale, NII6549_1_scale)   = -0.4921
    C(Ha_na_1_sigma, NII6549_1_scale)   = -0.4784
    C(Ha_br_1_sigma, Ha_na_1_sigma)     = +0.4747
    C(Ha_br_2_sigma, SII6718_1_scale)   = -0.4744
    C(Ha_br_2_scale, SII6718_1_scale)   = +0.4692
    C(Ha_br_1_scale, Ha_br_1_dwave)     = +0.4331
    C(Ha_br_1_scale, Ha_br_2_sigma)     = +0.4083
    C(Ha_na_1_scale, Ha_na_1_sigma)     = +0.3830
    C(Ha_br_1_sigma, NII6549_1_scale)   = -0.3625
    C(Ha_br_1_dwave, Ha_na_1_dwave)     = -0.3238
    C(Ha_br_2_scale, Ha_na_1_scale)     = -0.3223
    C(Ha_br_1_scale, Ha_br_2_scale)     = -0.3064
    C(Ha_na_1_scale, SII6718_1_scale)   = -0.3017
    C(Ha_br_2_dwave, SII6718_1_scale)   = -0.2904
    C(NII6549_1_scale, SII6718_1_scale) = +0.2875
    C(Ha_br_1_scale, Ha_br_1_sigma)     = -0.2818
    C(Ha_br_2_scale, Ha_br_2_dwave)     = -0.2288
    C(Ha_br_2_sigma, Ha_na_1_scale)     = +0.2217
    C(Ha_br_2_dwave, Ha_br_2_sigma)     = +0.2208
    C(Ha_br_1_dwave, Ha_na_1_scale)     = -0.2164
    C(Ha_br_2_dwave, NII6549_1_scale)   = -0.2158
    C(Ha_br_1_sigma, Ha_br_2_dwave)     = +0.1997
    C(Ha_br_1_scale, SII6718_1_scale)   = +0.1986
    C(Ha_br_2_dwave, Ha_na_1_dwave)     = +0.1807
    C(Ha_na_1_dwave, NII6549_1_scale)   = -0.1776
    C(Ha_br_1_dwave, Ha_na_1_sigma)     = -0.1772
    C(Ha_br_1_dwave, SII6718_1_scale)   = +0.1700
    C(Ha_br_1_scale, Ha_na_1_dwave)     = -0.1390
    C(Ha_na_1_dwave, SII6718_1_scale)   = -0.1378
    C(Ha_na_1_scale, Ha_na_1_dwave)     = +0.1351
    C(Ha_br_2_dwave, Ha_na_1_scale)     = +0.1242
    C(Ha_br_1_dwave, Ha_br_1_sigma)     = -0.1112
    C(Ha_br_1_dwave, Ha_br_2_sigma)     = +0.1041
Saving figure as ./result.pdf
Fitting finished in 9.7s
wrote pyqsofit_model.csv
['ra' 'dec' 'plateid' 'MJD' 'fiberid' 'redshift' 'SN_ratio_conti'
 'Fe_uv_norm' 'Fe_uv_FWHM' 'Fe_uv_shift' 'Fe_op_norm' 'Fe_op_FWHM'
 'Fe_op_shift' 'PL_norm' 'PL_slope' 'Blamer_norm' 'Balmer_Te' 'Balmer_Tau'
 'conti_a_0' 'conti_a_1' 'conti_a_2' 'L1350' 'L1450' 'L3000' 'L4200'
 'L5100' 'Fe_flux_4435_4685']

['-999' '-999' '0' '0' '0' '0.29768213629722595' '45.629749798569335'
 '3.503156653650308' '17999.999986850824' '0.009040530686777789'
 '2.701249224301705' '3899.9219610567256' '0.0008863216512619357'
 '52.64712110708558' '-1.073750858981961' '0.0' '15000.0' '0.5' '0.0'
 '0.0' '0.0' '-1.0' '-1.0' '44.65082231471225' '44.64004523445347'
 '44.633826457942604' '1155.6087330823605']
['Hb_br_1_scale' 'Hb_br_1_centerwave' 'Hb_br_1_sigma' 'Hb_br_2_scale'
 'Hb_br_2_centerwave' 'Hb_br_2_sigma' 'Hb_na_1_scale' 'Hb_na_1_centerwave'
 'Hb_na_1_sigma' 'OIII4959c_1_scale' 'OIII4959c_1_centerwave'
 'OIII4959c_1_sigma' 'OIII5007c_1_scale' 'OIII5007c_1_centerwave'
 'OIII5007c_1_sigma' 'OIII4959w_1_scale' 'OIII4959w_1_centerwave'
 'OIII4959w_1_sigma' 'OIII5007w_1_scale' 'OIII5007w_1_centerwave'
 'OIII5007w_1_sigma' 'HeII4687_br_1_scale' 'HeII4687_br_1_centerwave'
 'HeII4687_br_1_sigma' 'HeII4687_na_1_scale' 'HeII4687_na_1_centerwave'
 'HeII4687_na_1_sigma' 'Ha_br_1_scale' 'Ha_br_1_centerwave'
 'Ha_br_1_sigma' 'Ha_br_2_scale' 'Ha_br_2_centerwave' 'Ha_br_2_sigma'
 'Ha_na_1_scale' 'Ha_na_1_centerwave' 'Ha_na_1_sigma' 'NII6549_1_scale'
 'NII6549_1_centerwave' 'NII6549_1_sigma' 'NII6585_1_scale'
 'NII6585_1_centerwave' 'NII6585_1_sigma' 'SII6718_1_scale'
 'SII6718_1_centerwave' 'SII6718_1_sigma' 'SII6732_1_scale'
 'SII6732_1_centerwave' 'SII6732_1_sigma']

[1.21350247e+01 8.48826778e+00 6.33055851e-03 1.21350247e+01
 8.48826779e+00 6.33054895e-03 1.42409973e-01 8.48318698e+00
 1.17065744e-03 1.28416838e+01 8.50277164e+00 1.17065744e-03
 3.89141930e+01 8.51845672e+00 1.17065744e-03 8.04616318e+00
 8.49343014e+00 9.98385882e-04 2.43823124e+01 8.50911522e+00
 9.98385882e-04 6.10961282e-01 8.45751718e+00 3.80547955e-02
 2.51715204e+00 8.45216873e+00 1.17065744e-03 5.46168655e+01
 8.78916810e+00 5.09360918e-03 2.48025167e+01 8.78972449e+00
 1.19001536e-02 2.35436615e+01 8.78859630e+00 1.53670241e-03
 8.22214519e-02 8.78832736e+00 1.53670241e-03 2.46664356e-01
 8.79372230e+00 1.53670241e-03 2.25901520e+00 8.81371894e+00
 1.53670241e-03 2.25901520e+00 8.81585708e+00 1.53670241e-03]
['Hb_br_1_scale' 'Hb_br_1_sigma' 'Hb_br_2_centerwave' 'Hb_na_1_scale'
 'Hb_na_1_sigma' 'OIII4959c_1_centerwave' 'OIII5007c_1_scale'
 'OIII5007c_1_sigma' 'OIII4959w_1_centerwave' 'OIII5007w_1_scale'
 'OIII5007w_1_sigma' 'HeII4687_br_1_centerwave' 'HeII4687_na_1_scale'
 'HeII4687_na_1_sigma' 'Ha_br_1_centerwave' 'Ha_br_2_scale'
 'Ha_br_2_sigma' 'Ha_na_1_centerwave' 'NII6549_1_scale' 'NII6549_1_sigma'
 'NII6585_1_centerwave' 'SII6718_1_scale' 'SII6718_1_sigma'
 'SII6732_1_centerwave']

[]
(0,)
['1_complex_name' '1_line_status' '1_line_min_chi2' '1_line_bic'
 '1_line_red_chi2' '1_niter' '1_ndof' '2_complex_name' '2_line_status'
 '2_line_min_chi2' '2_line_bic' '2_line_red_chi2' '2_niter' '2_ndof'
 'Hb_br_1_scale' 'Hb_br_1_centerwave' 'Hb_br_1_sigma' 'Hb_br_2_scale'
 'Hb_br_2_centerwave' 'Hb_br_2_sigma' 'Hb_na_1_scale' 'Hb_na_1_centerwave'
 'Hb_na_1_sigma' 'OIII4959c_1_scale' 'OIII4959c_1_centerwave'
 'OIII4959c_1_sigma' 'OIII5007c_1_scale' 'OIII5007c_1_centerwave'
 'OIII5007c_1_sigma' 'OIII4959w_1_scale' 'OIII4959w_1_centerwave'
 'OIII4959w_1_sigma' 'OIII5007w_1_scale' 'OIII5007w_1_centerwave'
 'OIII5007w_1_sigma' 'HeII4687_br_1_scale' 'HeII4687_br_1_centerwave'
 'HeII4687_br_1_sigma' 'HeII4687_na_1_scale' 'HeII4687_na_1_centerwave'
 'HeII4687_na_1_sigma' 'Ha_br_1_scale' 'Ha_br_1_centerwave'
 'Ha_br_1_sigma' 'Ha_br_2_scale' 'Ha_br_2_centerwave' 'Ha_br_2_sigma'
 'Ha_na_1_scale' 'Ha_na_1_centerwave' 'Ha_na_1_sigma' 'NII6549_1_scale'
 'NII6549_1_centerwave' 'NII6549_1_sigma' 'NII6585_1_scale'
 'NII6585_1_centerwave' 'NII6585_1_sigma' 'SII6718_1_scale'
 'SII6718_1_centerwave' 'SII6718_1_sigma' 'SII6732_1_scale'
 'SII6732_1_centerwave' 'SII6732_1_sigma' 'Hb_whole_br_fwhm'
 'Hb_whole_br_sigma' 'Hb_whole_br_ew' 'Hb_whole_br_peak'
 'Hb_whole_br_area' 'Hb_whole_br_snr' 'Ha_whole_br_fwhm'
 'Ha_whole_br_sigma' 'Ha_whole_br_ew' 'Ha_whole_br_peak'
 'Ha_whole_br_area' 'Ha_whole_br_snr']

['Hb' '1' '4830.224836759848' '1112.0268117385735' '12.322002134591449'
 '468' '392' 'Ha' '1' '1045.2430275840097' '424.1944198970086'
 '4.147789792000038' '651' '252' '12.135024651804827' '8.48826777950611'
 '0.006330558507777493' '12.135024651804827' '8.488267791442524'
 '0.0063305489549664844' '0.14240997270320577' '8.483186984660396'
 '0.0011706574424244717' '12.841683827424788' '8.502771640422115'
 '0.0011706574424244717' '38.91419304532408' '8.518456721904048'
 '0.0011706574424244717' '8.04616318017537' '8.493430138461692'
 '0.000998385882264658' '24.382312434670236' '8.509115219943626'
 '0.000998385882264658' '0.6109612815663468' '8.457517179875213'
 '0.038054795457842926' '2.5171520423583615' '8.452168727519282'
 '0.0011706574424244717' '54.61686547469924' '8.789168102362673'
 '0.005093609184332066' '24.802516707111977' '8.78972449209376'
 '0.011900153554716256' '23.543661464842103' '8.78859629977066'
 '0.0015367024138838413' '0.08222145186920216' '8.788327363613433'
 '0.0015367024138838413' '0.24666435560760647' '8.793722299221344'
 '0.0015367024138838413' '2.259015197125791' '8.81371894228775'
 '0.0015367024138838413' '2.259015197125791' '8.815857080105133'
 '0.0015367024138838413' '4548.442690705318' '5166.3807212358215'
 '68.08708812559246' '4857.074842185446' '2144.730217203789'
 '21.657095702083716' '4422.047267372116' '2747.8812071164275'
 '414.9474396254824' '6562.630646479798' '9421.839175400703'
 '67.32348077757135']
Broad Hb:
FWHM (km/s) 4490.7
Sigma (km/s) 1881.3
EW (A) 59.5
Peak (A) 4858.0
Area (10^(-17) erg/s/cm^2) 1865.7
SNR 18.1

Narrow Hb:
FWHM (km/s) 829.3
Sigma (km/s) 346.0
EW (A) 0.1
Peak (A) 4832.2
Area (10^(-17) erg/s/cm^2) 2.0
SNR 0.1

Broad [OIII]5007:
FWHM (km/s) 0
Sigma (km/s) 0
EW (A) 0
Peak (A) 0
Area (10^(-17) erg/s/cm^2) 0
SNR 0

Narrow [OIII]5007:
FWHM (km/s) 829.3
Sigma (km/s) 346.0
EW (A) 18.8
Peak (A) 5005.7
Area (10^(-17) erg/s/cm^2) 570.1
SNR 22.6
