WARNING: AstropyDeprecationWarning: The truth value of a Quantity is ambiguous. In the future this will raise a ValueError. [astropy.units.quantity]
Now working in  on sdss in sdss + fiber1 on source 1 at z=0.349.
Warning: non-constant dispersion
[[Model]]
    (Model(constant) + Model(gaussian, prefix='g0_'))
[[Fit Statistics]]
    # fitting method   = leastsq
    # function evals   = 108
    # data points      = 93
    # variables        = 4
    chi-square         = 53.5959098
    reduced chi-square = 0.60220123
    Akaike info crit   = -43.2547866
    Bayesian info crit = -33.1243886
    R-squared          = 0.66182288
[[Variables]]
    c:             1000.43725 +/- 2.65427898 (0.27%) (init = 1003.812)
    g0_amplitude:  824.169556 +/- 78.4937014 (9.52%) (init = 331.7154)
    g0_center:     3729.95428 +/- 0.21032755 (0.01%) (init = 3728.48)
    g0_sigma:      2.05867092 +/- 0.21580396 (10.48%) (init = 0.9445823)
    g0_fwhm:       4.84779946 +/- 0.50817948 (10.48%) == '2.3548200*g0_sigma'
    g0_height:     159.712800 +/- 14.2522221 (8.92%) == '0.3989423*g0_amplitude/max(1e-15, g0_sigma)'
[[Correlations]] (unreported correlations are < 0.100)
    C(g0_amplitude, g0_sigma) = +0.6058
    C(c, g0_amplitude)        = -0.3702
    C(c, g0_sigma)            = -0.2242
Warning: non-constant dispersion
Warning: non-constant dispersion
[[Model]]
    ((Model(constant) + Model(gaussian, prefix='g0_')) + Model(gaussian, prefix='g1_'))
[[Fit Statistics]]
    # fitting method   = leastsq
    # function evals   = 2352
    # data points      = 71
    # variables        = 7
    chi-square         = 62.9385514
    reduced chi-square = 0.98341487
    Akaike info crit   = 5.44300890
    Bayesian info crit = 21.2817680
    R-squared          = 0.96555106
##  Warning: uncertainties could not be estimated:
    g0_center:     at boundary
    g1_center:     at boundary
[[Variables]]
    c:             206.678890 (init = 252.9432)
    g0_amplitude:  879.776638 (init = 191.5643)
    g0_center:     4859.68000 (init = 4862.68)
    g0_sigma:      8.18234526 (init = 0.9445823)
    g1_amplitude:  3682.68954 (init = 191.5643)
    g1_center:     4859.68002 (init = 4862.68)
    g1_sigma:      17.8032678 (init = 0.9445823)
    g0_fwhm:       19.2679503 == '2.3548200*g0_sigma'
    g0_height:     42.8948064 == '0.3989423*g0_amplitude/max(1e-15, g0_sigma)'
    g1_fwhm:       41.9234912 == '2.3548200*g1_sigma'
    g1_height:     82.5230877 == '0.3989423*g1_amplitude/max(1e-15, g1_sigma)'
NonDetection when fitting set of lines [4862.68 4862.68] Angstrom, try a simpler model
[[Model]]
    (Model(constant) + Model(gaussian, prefix='g0_'))
[[Fit Statistics]]
    # fitting method   = leastsq
    # function evals   = 236
    # data points      = 71
    # variables        = 4
    chi-square         = 69.6287859
    reduced chi-square = 1.03923561
    Akaike info crit   = 6.61537182
    Bayesian info crit = 15.6660913
    R-squared          = 0.96188921
[[Variables]]
    c:             216.232634 +/- 2.42336145 (1.12%) (init = 252.9432)
    g0_amplitude:  3712.92302 +/- 181.135759 (4.88%) (init = 191.5643)
    g0_center:     4859.68000 +/- 0.07286427 (0.00%) (init = 4862.68)
    g0_sigma:      13.1990511 +/- 0.48006002 (3.64%) (init = 0.9445823)
    g0_fwhm:       31.0813896 +/- 1.13045493 (3.64%) == '2.3548200*g0_sigma'
    g0_height:     112.223374 +/- 2.80885267 (2.50%) == '0.3989423*g0_amplitude/max(1e-15, g0_sigma)'
[[Correlations]] (unreported correlations are < 0.100)
    C(c, g0_amplitude)        = -0.9192
    C(g0_amplitude, g0_sigma) = +0.8669
    C(c, g0_sigma)            = -0.7915
Warning: non-constant dispersion
Warning: non-constant dispersion
Warning: non-constant dispersion
Warning: non-constant dispersion
[[Model]]
    (Model(constant) + Model(gaussian, prefix='g0_'))
[[Fit Statistics]]
    # fitting method   = leastsq
    # function evals   = 101
    # data points      = 68
    # variables        = 4
    chi-square         = 135.987828
    reduced chi-square = 2.12480982
    Akaike info crit   = 55.1279221
    Bayesian info crit = 64.0059530
    R-squared          = 0.43666536
[[Variables]]
    c:             475.594423 +/- 4.28285537 (0.90%) (init = 483.4819)
    g0_amplitude:  878.321438 +/- 160.254610 (18.25%) (init = 233.7518)
    g0_center:     4958.97942 +/- 0.62599061 (0.01%) (init = 4960.3)
    g0_sigma:      3.39090314 +/- 0.65669297 (19.37%) (init = 0.9445823)
    g0_fwhm:       7.98496653 +/- 1.54639374 (19.37%) == '2.3548200*g0_sigma'
    g0_height:     103.335177 +/- 16.7921599 (16.25%) == '0.3989423*g0_amplitude/max(1e-15, g0_sigma)'
[[Correlations]] (unreported correlations are < 0.100)
    C(g0_amplitude, g0_sigma) = +0.6281
    C(c, g0_amplitude)        = -0.4819
    C(c, g0_sigma)            = -0.3026
Warning: non-constant dispersion
Warning: non-constant dispersion
[[Model]]
    (Model(constant) + Model(gaussian, prefix='g0_'))
[[Fit Statistics]]
    # fitting method   = leastsq
    # function evals   = 76
    # data points      = 67
    # variables        = 4
    chi-square         = 140.178889
    reduced chi-square = 2.22506173
    Akaike info crit   = 57.4611935
    Bayesian info crit = 66.2799639
    R-squared          = 0.93612729
[[Variables]]
    c:             147.269624 +/- 1.55902444 (1.06%) (init = 148.9776)
    g0_amplitude:  1595.63097 +/- 69.4500894 (4.35%) (init = 345.4957)
    g0_center:     5006.82246 +/- 0.19837541 (0.00%) (init = 5008.24)
    g0_sigma:      4.83154306 +/- 0.21420903 (4.43%) (init = 0.9445823)
    g0_fwhm:       11.3774142 +/- 0.50442372 (4.43%) == '2.3548200*g0_sigma'
    g0_height:     131.751840 +/- 4.81245090 (3.65%) == '0.3989423*g0_amplitude/max(1e-15, g0_sigma)'
[[Correlations]] (unreported correlations are < 0.100)
    C(g0_amplitude, g0_sigma) = +0.6545
    C(c, g0_amplitude)        = -0.5767
    C(c, g0_sigma)            = -0.3774
Warning: non-constant dispersion
Warning: non-constant dispersion
[[Model]]
    (((Model(constant) + Model(gaussian, prefix='g0_')) + Model(gaussian, prefix='g1_')) + Model(gaussian, prefix='g2_'))
[[Fit Statistics]]
    # fitting method   = leastsq
    # function evals   = 371
    # data points      = 67
    # variables        = 10
    chi-square         = 192.987487
    reduced chi-square = 3.38574539
    Akaike info crit   = 90.8814931
    Bayesian info crit = 112.928419
    R-squared          = 0.99201282
[[Variables]]
    c:             54.8405583 +/- 1.34362567 (2.45%) (init = 108.283)
    g0_amplitude:  154.507933 +/- 20.1110246 (13.02%) (init = 192.5558)
    g0_center:     6566.14395 +/- 0.22033207 (0.00%) (init = 6564.6)
    g0_sigma:      1.92102363 +/- 0.24271178 (12.63%) (init = 0.9445823)
    g1_amplitude:  5338.02301 +/- 147.525500 (2.76%) (init = 192.5558)
    g1_center:     6561.60000 +/- 0.15244428 (0.00%) (init = 6564.6)
    g1_sigma:      19.7172999 +/- 0.41654570 (2.11%) (init = 0.9445823)
    g2_amplitude:  70.2686781 +/- 17.8043513 (25.34%) (init = 192.5558)
    g2_center:     6587.62935 +/- 0.38404817 (0.01%) (init = 6585.27)
    g2_sigma:      1.64952139 +/- 0.41811531 (25.35%) (init = 0.9445823)
    g0_fwhm:       4.52366487 +/- 0.57154256 (12.63%) == '2.3548200*g0_sigma'
    g0_height:     32.0869297 +/- 3.30618453 (10.30%) == '0.3989423*g0_amplitude/max(1e-15, g0_sigma)'
    g1_fwhm:       46.4306921 +/- 0.98089015 (2.11%) == '2.3548200*g1_sigma'
    g1_height:     108.004807 +/- 1.60981360 (1.49%) == '0.3989423*g1_amplitude/max(1e-15, g1_sigma)'
    g2_fwhm:       3.88432596 +/- 0.98458628 (25.35%) == '2.3548200*g2_sigma'
    g2_height:     16.9947163 +/- 3.53777216 (20.82%) == '0.3989423*g2_amplitude/max(1e-15, g2_sigma)'
[[Correlations]] (unreported correlations are < 0.100)
    C(c, g1_amplitude)            = -0.9192
    C(g1_amplitude, g1_sigma)     = +0.8460
    C(c, g1_sigma)                = -0.7801
    C(g0_amplitude, g0_sigma)     = +0.6776
    C(g2_amplitude, g2_sigma)     = +0.6626
    C(g1_center, g2_amplitude)    = +0.4367
    C(g1_sigma, g2_amplitude)     = -0.3879
    C(g1_amplitude, g2_amplitude) = -0.3707
    C(g0_amplitude, g1_sigma)     = +0.3124
    C(g1_center, g2_sigma)        = +0.2877
    C(g1_sigma, g2_sigma)         = -0.2483
    C(g1_amplitude, g2_sigma)     = -0.2390
    C(g0_amplitude, g1_center)    = +0.2234
    C(c, g2_amplitude)            = +0.2225
    C(g1_amplitude, g1_center)    = -0.2183
    C(g0_sigma, g1_sigma)         = +0.1994
    C(c, g1_center)               = +0.1551
    C(g0_sigma, g1_center)        = +0.1504
    C(c, g2_sigma)                = +0.1408
    C(g1_center, g1_sigma)        = -0.1324
    C(c, g0_amplitude)            = -0.1245
Warning: non-constant dispersion
Warning: non-constant dispersion
[[Model]]
    ((Model(constant) + Model(gaussian, prefix='g0_')) + Model(gaussian, prefix='g1_'))
[[Fit Statistics]]
    # fitting method   = leastsq
    # function evals   = 113
    # data points      = 61
    # variables        = 7
    chi-square         = 33.0697178
    reduced chi-square = 0.61240218
    Akaike info crit   = -23.3476082
    Bayesian info crit = -8.57149112
    R-squared          = 0.55734543
[[Variables]]
    c:             539.197689 +/- 4.19930112 (0.78%) (init = 547.3632)
    g0_amplitude:  756.419815 +/- 136.688503 (18.07%) (init = 267.0361)
    g0_center:     6719.80842 +/- 0.46154227 (0.01%) (init = 6718.29)
    g0_sigma:      2.40370274 +/- 0.47504445 (19.76%) (init = 0.9445823)
    g1_amplitude:  511.103230 +/- 128.783242 (25.20%) (init = 267.0361)
    g1_center:     6734.31823 +/- 0.58357016 (0.01%) (init = 6732.67)
    g1_sigma:      2.16246201 +/- 0.59883049 (27.69%) (init = 0.9445823)
    g0_fwhm:       5.66028728 +/- 1.11864418 (19.76%) == '2.3548200*g0_sigma'
    g0_height:     125.542920 +/- 21.0912411 (16.80%) == '0.3989423*g0_amplitude/max(1e-15, g0_sigma)'
    g1_fwhm:       5.09220879 +/- 1.41013802 (27.69%) == '2.3548200*g1_sigma'
    g1_height:     94.2909966 +/- 22.2221034 (23.57%) == '0.3989423*g1_amplitude/max(1e-15, g1_sigma)'
[[Correlations]] (unreported correlations are < 0.100)
    C(g0_amplitude, g0_sigma)     = +0.6089
    C(g1_amplitude, g1_sigma)     = +0.6065
    C(c, g0_amplitude)            = -0.3916
    C(c, g1_amplitude)            = -0.3738
    C(c, g0_sigma)                = -0.2375
    C(c, g1_sigma)                = -0.2256
    C(g0_amplitude, g1_amplitude) = +0.1439
Warning: non-constant dispersion
Matplotlib Version: 3.7.5
total 4296
-rw-rw-r-- 1 1000 1000  19180 Sep 28 17:10 docker.log
-rw-r--r-- 1 root root 485011 Sep 28 17:51 linefits.sdss.sdss.fiber1.001.Ha.Ha_broad.NII1.png
-rw-rw-r-- 1 1000 1000 480075 Sep 27 23:39 linefits.sdss.sdss.fiber1.001.Ha.NII1.png
-rw-r--r-- 1 root root 488887 Sep 28 17:51 linefits.sdss.sdss.fiber1.001.Hb.Hb_broad.png
-rw-rw-r-- 1 1000 1000 477198 Sep 27 23:39 linefits.sdss.sdss.fiber1.001.Hb.png
-rw-r--r-- 1 root root 483132 Sep 28 17:50 linefits.sdss.sdss.fiber1.001.OII.png
-rw-r--r-- 1 root root 467954 Sep 28 17:51 linefits.sdss.sdss.fiber1.001.OIII4.png
-rw-r--r-- 1 root root 464972 Sep 28 17:51 linefits.sdss.sdss.fiber1.001.OIII5.png
-rw-r--r-- 1 root root 472458 Sep 28 17:51 linefits.sdss.sdss.fiber1.001.SII1.SII2.png
-rw-r--r-- 1 root root  20160 Sep 28 17:52 linefits.sdss.sdss.fiber1.001.fits
-rw-r--r-- 1 root root 519540 Sep 28 17:52 linefits.sdss.sdss.fiber1.001.png
total 12K
-rw-r--r-- 1 root root 1.2K Sep 21 02:20 =5.2
drwxr-xr-x 1 root root 4.0K Sep 22 10:32 input
drwxrwxr-x 2 1000 1000 4.0K Sep 28 17:52 output
-rw-r--r-- 1 root root 1.2K Sep 21 02:20 /app/=5.2

/app/input:
total 124K
-rw-rw-r-- 1 1000 1000  12K Aug 28 20:16 Sky_bands.fits
-rw-rw-r-- 1 root root 1.6K Sep 22 04:00 gleam.sh
-rw-rw-r-- 1 1000 1000 2.4K Sep 28 13:41 gleamconfig.yaml
-rw-rw-r-- 1 1000 1000 8.5K Sep 27 12:39 line_table.fits
-rw-rw-r-- 1 1000 1000  115 Sep 28 17:49 meta.dat
-rw-rw-r-- 1 1000 1000  85K Sep 28 17:49 spec1d.sdss.sdss.fiber1.1.fits

/app/output:
total 4.2M
-rw-rw-r-- 1 1000 1000  19K Sep 28 17:10 docker.log
-rw-r--r-- 1 root root 474K Sep 28 17:51 linefits.sdss.sdss.fiber1.001.Ha.Ha_broad.NII1.png
-rw-rw-r-- 1 1000 1000 469K Sep 27 23:39 linefits.sdss.sdss.fiber1.001.Ha.NII1.png
-rw-r--r-- 1 root root 478K Sep 28 17:51 linefits.sdss.sdss.fiber1.001.Hb.Hb_broad.png
-rw-rw-r-- 1 1000 1000 467K Sep 27 23:39 linefits.sdss.sdss.fiber1.001.Hb.png
-rw-r--r-- 1 root root 472K Sep 28 17:50 linefits.sdss.sdss.fiber1.001.OII.png
-rw-r--r-- 1 root root 457K Sep 28 17:51 linefits.sdss.sdss.fiber1.001.OIII4.png
-rw-r--r-- 1 root root 455K Sep 28 17:51 linefits.sdss.sdss.fiber1.001.OIII5.png
-rw-r--r-- 1 root root 462K Sep 28 17:51 linefits.sdss.sdss.fiber1.001.SII1.SII2.png
-rw-r--r-- 1 root root  20K Sep 28 17:52 linefits.sdss.sdss.fiber1.001.fits
-rw-r--r-- 1 root root 508K Sep 28 17:52 linefits.sdss.sdss.fiber1.001.png
