<IPython.core.display.HTML object>
/app/BADASS3/example_spectra/2-onur
/app/BADASS3/example_spectra/2-onur/my_sdss.fits
0.3479999899864197
Start process memory: 0.22047539                    
 Folder has not been created.  Creating MCMC_output folder...

 > Starting fit for 2-onur

 Input fitting region exceeds available wavelength range.  BADASS will adjust your fitting range automatically...
		- Input fitting range: (2900, 8000)
		- Available wavelength range: (2967, 7418)
		- New fitting region is (2967, 7419). 


 Input spectrum is not linearly binned. BADASS will linearly rebin and conserve flux...


-----------------------------------------------------------
 file:                        my_sdss.fits                  
 redshift:                    0.34800                       
 fitting region:              (2967,7419) [A]               
 velocity scale:              74.08 [km/s/pixel]            
 Galactic E(B-V):             0.190                         
 Flux Normalization:          1e-17                         
 Fit Normalization:           9.94065                       
-----------------------------------------------------------
	- Fitting additive legendre polynomial component.
	- Fitting Simple AGN power-law continuum.
	- Fitting broad and narrow optical FeII using Veron-Cetty et al. (2004) optical FeII templates
	 		* varying optical FeII amplitudes
	 		* varying optical FeII dispersion.
	 		* varying optical FeII voff

 Warning! Peak finding algorithm used for initial guesses of amplitude and velocity failed! Defaulting to user-defined locations...

 Warning! Peak finding algorithm used for initial guesses of amplitude and velocity failed! Defaulting to user-defined locations...

 - ('NA_OIII_b_AMP', 'NA_OIII_b_2_AMP') soft constraint removed because one or more free parameters is not available.

 - ('NA_OIII_b_2_DISP', 'NA_OIII_b_DISP') soft constraint removed because one or more free parameters is not available.

 Performing line testing for [['NA_OIII_b', 'NA_OIII_a', 'NA_H_BETA', 'NA_H_ALPHA']]
----------------------------------------------------------------------------------------------------

 Performing test of NCOMP 0 versus NCOMP 1 for ['NA_OIII_b', 'NA_OIII_a', 'NA_H_BETA', 'NA_H_ALPHA']...

	 Fitting NCOMP 0
-------------------------------------------------------


APOLY_COEFF_1
	 init = 0.0
	 plim = (-100.0, 100.0)
APOLY_COEFF_2
	 init = 0.0
	 plim = (-100.0, 100.0)
APOLY_COEFF_3
	 init = 0.0
	 plim = (-100.0, 100.0)
APOLY_COEFF_4
	 init = 0.0
	 plim = (-100.0, 100.0)
APOLY_COEFF_5
	 init = 0.0
	 plim = (-100.0, 100.0)
APOLY_COEFF_6
	 init = 0.0
	 plim = (-100.0, 100.0)
APOLY_COEFF_7
	 init = 0.0
	 plim = (-100.0, 100.0)
POWER_AMP
	 init = 0.2479274084849787
	 plim = (0, 1.4999998169955353)
POWER_SLOPE
	 init = -1.0
	 plim = (-6.0, 6.0)
NA_OPT_FEII_AMP
	 init = 0.04958548169699575
	 plim = (0, 1.4999998169955353)
BR_OPT_FEII_AMP
	 init = 0.04958548169699575
	 plim = (0, 1.4999998169955353)
NA_OPT_FEII_DISP
	 init = 10.0
	 plim = (0.1, 500.0)
BR_OPT_FEII_DISP
	 init = 500.0
	 plim = (500.0, 5000.0)
NA_OPT_FEII_VOFF
	 init = 0.0
	 plim = (-500.0, 500.0)
BR_OPT_FEII_VOFF
	 init = 0.0
	 plim = (-500.0, 500.0)
BR_H_BETA_VOFF
	 init = 0.0
	 plim = (-10000, 10000)
	 prior = {'type': 'gaussian'}
BR_H_BETA_AMP
	 init = 0.6617523719532763
	 plim = (0, 1000)
BR_H_BETA_DISP
	 init = 500.0
	 plim = (0, 1000)
BR_OIII_a_VOFF
	 init = 0.0
	 plim = (-10000, 10000)
	 prior = {'type': 'gaussian'}
BR_OIII_a_AMP
	 init = 0.6377453975020012
	 plim = (0, 1000)
BR_OIII_a_DISP
	 init = 500.0
	 plim = (0, 1000)
BR_OIII_b_VOFF
	 init = 0.0
	 plim = (-10000, 10000)
	 prior = {'type': 'gaussian'}
BR_OIII_b_AMP
	 init = 0.8777015498317587
	 plim = (0, 1000)
BR_OIII_b_DISP
	 init = 500.0
	 plim = (0, 1000)
BR_H_ALPHA_VOFF
	 init = 0.0
	 plim = (-10000, 10000)
	 prior = {'type': 'gaussian'}
BR_H_ALPHA_AMP
	 init = 0.9450049771587696
	 plim = (0, 1000)
BR_H_ALPHA_DISP
	 init = 500.0
	 plim = (0, 1000)


BR_H_BETA
	 center = 4834
	 amp = free
	 disp = free
	 voff = free
	 line_type = br
	 ncomp = 1
	 line_profile = gaussian
	 center_pix = 1975.0580474316384
	 disp_res_ang = 35.913764891247396
	 disp_res_kms = 2227.2808963138514
BR_OIII_a
	 center = 4931
	 amp = free
	 disp = free
	 voff = free
	 line_type = br
	 ncomp = 1
	 line_profile = gaussian
	 center_pix = 2055.456053350012
	 disp_res_ang = 35.913764891247396
	 disp_res_kms = 2183.4670153683146
BR_OIII_b
	 center = 5008.24
	 amp = free
	 disp = free
	 voff = free
	 line_type = br
	 ncomp = 1
	 line_profile = gaussian
	 center_pix = 2118.3529882506477
	 disp_res_ang = 35.913764891247396
	 disp_res_kms = 2149.7923128246966
BR_H_ALPHA
	 center = 6551
	 amp = free
	 disp = free
	 voff = free
	 line_type = br
	 ncomp = 1
	 line_profile = gaussian
	 center_pix = 3205.02770190565
	 disp_res_ang = 35.913764891247396
	 disp_res_kms = 1643.5163872357136


H_BETA_COMP
	 lines = ['BR_H_BETA']
	 center = 4834
	 center_pix = 1975.0580474316384
	 disp_res_kms = 2227.2808963138514
H_OIII_a_COMP
	 lines = ['BR_OIII_a']
	 center = 4931
	 center_pix = 2055.456053350012
	 disp_res_kms = 2183.4670153683146
H_OIII_b_COMP
	 lines = ['BR_OIII_b']
	 center = 5008.24
	 center_pix = 2118.3529882506477
	 disp_res_kms = 2149.7923128246966
H_ALPHA_COMP
	 lines = ['BR_H_ALPHA']
	 center = 6551
	 center_pix = 3205.02770190565
	 disp_res_kms = 1643.5163872357136



 Performing max. likelihood fitting.

 Using Basin-hopping algorithm to estimate parameters. niter_success = 25
basinhopping step 0: f 3.00414
adaptive stepsize: acceptance rate 0.000000 target 0.500000 new stepsize 0.9 old stepsize 1
basinhopping step 1: f 3.00419 trial_f 3.00419 accepted 1  lowest_f 3.00414
adaptive stepsize: acceptance rate 0.500000 target 0.500000 new stepsize 0.81 old stepsize 0.9
basinhopping step 2: f 3.00431 trial_f 3.00431 accepted 1  lowest_f 3.00414
adaptive stepsize: acceptance rate 0.666667 target 0.500000 new stepsize 0.9 old stepsize 0.81
basinhopping step 3: f 3.00432 trial_f 3.00432 accepted 1  lowest_f 3.00414
adaptive stepsize: acceptance rate 0.750000 target 0.500000 new stepsize 1 old stepsize 0.9
basinhopping step 4: f 3.00418 trial_f 3.00418 accepted 1  lowest_f 3.00414
adaptive stepsize: acceptance rate 0.800000 target 0.500000 new stepsize 1.11111 old stepsize 1
basinhopping step 5: f 3.00439 trial_f 3.00439 accepted 1  lowest_f 3.00414
adaptive stepsize: acceptance rate 0.833333 target 0.500000 new stepsize 1.23457 old stepsize 1.11111
basinhopping step 6: f 3.0045 trial_f 3.0045 accepted 1  lowest_f 3.00414
adaptive stepsize: acceptance rate 0.857143 target 0.500000 new stepsize 1.37174 old stepsize 1.23457
basinhopping step 7: f 3.00416 trial_f 3.00416 accepted 1  lowest_f 3.00414
adaptive stepsize: acceptance rate 0.875000 target 0.500000 new stepsize 1.52416 old stepsize 1.37174
basinhopping step 8: f 3.00409 trial_f 3.00409 accepted 1  lowest_f 3.00409
found new global minimum on step 8 with function value 3.00409
adaptive stepsize: acceptance rate 0.888889 target 0.500000 new stepsize 1.69351 old stepsize 1.52416
basinhopping step 9: f 3.0041 trial_f 3.0041 accepted 1  lowest_f 3.00409
adaptive stepsize: acceptance rate 0.900000 target 0.500000 new stepsize 1.88168 old stepsize 1.69351
basinhopping step 10: f 3.0043 trial_f 3.0043 accepted 1  lowest_f 3.00409
adaptive stepsize: acceptance rate 0.909091 target 0.500000 new stepsize 2.09075 old stepsize 1.88168
basinhopping step 11: f 3.00417 trial_f 3.00417 accepted 1  lowest_f 3.00409
adaptive stepsize: acceptance rate 0.916667 target 0.500000 new stepsize 2.32306 old stepsize 2.09075
basinhopping step 12: f 3.00501 trial_f 3.00501 accepted 1  lowest_f 3.00409
adaptive stepsize: acceptance rate 0.923077 target 0.500000 new stepsize 2.58117 old stepsize 2.32306
basinhopping step 13: f 3.00435 trial_f 3.00435 accepted 1  lowest_f 3.00409
adaptive stepsize: acceptance rate 0.928571 target 0.500000 new stepsize 2.86797 old stepsize 2.58117
basinhopping step 14: f 3.00493 trial_f 3.00493 accepted 1  lowest_f 3.00409
adaptive stepsize: acceptance rate 0.933333 target 0.500000 new stepsize 3.18664 old stepsize 2.86797
basinhopping step 15: f 3.00449 trial_f 3.00449 accepted 1  lowest_f 3.00409
adaptive stepsize: acceptance rate 0.937500 target 0.500000 new stepsize 3.54071 old stepsize 3.18664
basinhopping step 16: f 3.01474 trial_f 3.01474 accepted 1  lowest_f 3.00409
adaptive stepsize: acceptance rate 0.941176 target 0.500000 new stepsize 3.93412 old stepsize 3.54071
basinhopping step 17: f 3.01562 trial_f 3.01562 accepted 1  lowest_f 3.00409
adaptive stepsize: acceptance rate 0.944444 target 0.500000 new stepsize 4.37124 old stepsize 3.93412
basinhopping step 18: f 3.01476 trial_f 3.01476 accepted 1  lowest_f 3.00409
adaptive stepsize: acceptance rate 0.947368 target 0.500000 new stepsize 4.85694 old stepsize 4.37124
basinhopping step 19: f 3.00501 trial_f 3.00501 accepted 1  lowest_f 3.00409
adaptive stepsize: acceptance rate 0.950000 target 0.500000 new stepsize 5.3966 old stepsize 4.85694
basinhopping step 20: f 3.01584 trial_f 3.01584 accepted 1  lowest_f 3.00409
adaptive stepsize: acceptance rate 0.952381 target 0.500000 new stepsize 5.99622 old stepsize 5.3966
basinhopping step 21: f 3.00493 trial_f 3.00493 accepted 1  lowest_f 3.00409
adaptive stepsize: acceptance rate 0.954545 target 0.500000 new stepsize 6.66246 old stepsize 5.99622
basinhopping step 22: f 3.00452 trial_f 3.00452 accepted 1  lowest_f 3.00409
adaptive stepsize: acceptance rate 0.956522 target 0.500000 new stepsize 7.40274 old stepsize 6.66246
basinhopping step 23: f 3.00431 trial_f 3.00431 accepted 1  lowest_f 3.00409
adaptive stepsize: acceptance rate 0.958333 target 0.500000 new stepsize 8.22526 old stepsize 7.40274
basinhopping step 24: f 3.01505 trial_f 3.01505 accepted 1  lowest_f 3.00409
adaptive stepsize: acceptance rate 0.960000 target 0.500000 new stepsize 9.13918 old stepsize 8.22526
basinhopping step 25: f 3.01528 trial_f 3.01528 accepted 1  lowest_f 3.00409
adaptive stepsize: acceptance rate 0.961538 target 0.500000 new stepsize 10.1546 old stepsize 9.13918
basinhopping step 26: f 3.00481 trial_f 3.00481 accepted 1  lowest_f 3.00409
adaptive stepsize: acceptance rate 0.962963 target 0.500000 new stepsize 11.2829 old stepsize 10.1546
basinhopping step 27: f 3.0047 trial_f 3.0047 accepted 1  lowest_f 3.00409
adaptive stepsize: acceptance rate 0.964286 target 0.500000 new stepsize 12.5366 old stepsize 11.2829
basinhopping step 28: f 3.00562 trial_f 3.00562 accepted 1  lowest_f 3.00409
adaptive stepsize: acceptance rate 0.965517 target 0.500000 new stepsize 13.9296 old stepsize 12.5366
basinhopping step 29: f 3.00697 trial_f 3.00697 accepted 1  lowest_f 3.00409
adaptive stepsize: acceptance rate 0.966667 target 0.500000 new stepsize 15.4773 old stepsize 13.9296
basinhopping step 30: f 3.00633 trial_f 3.00633 accepted 1  lowest_f 3.00409
adaptive stepsize: acceptance rate 0.967742 target 0.500000 new stepsize 17.197 old stepsize 15.4773
basinhopping step 31: f 3.00752 trial_f 3.00752 accepted 1  lowest_f 3.00409
adaptive stepsize: acceptance rate 0.968750 target 0.500000 new stepsize 19.1078 old stepsize 17.197
basinhopping step 32: f 3.01686 trial_f 3.01686 accepted 1  lowest_f 3.00409
adaptive stepsize: acceptance rate 0.969697 target 0.500000 new stepsize 21.2308 old stepsize 19.1078
basinhopping step 33: f 3.01957 trial_f 3.01957 accepted 1  lowest_f 3.00409
adaptive stepsize: acceptance rate 0.970588 target 0.500000 new stepsize 23.5898 old stepsize 21.2308
basinhopping step 34: f 3.01172 trial_f 3.01172 accepted 1  lowest_f 3.00409

 Reweighting noise to achieve a reduced chi-squared ~ 1.
	Current reduced chi-squared = 423.41784
	New reduced chi-squared = 1.00000


 R-Squared = -1.5637


 reduced Chi-Squared = 423.4178


 Root Mean Squared Error = 1.0141


 Mean Absolute Error = 0.1974


-------------------------------------------------------
	 Fitting NCOMP 1
-------------------------------------------------------
APOLY_COEFF_1
	 init = 0.0
	 plim = (-100.0, 100.0)
APOLY_COEFF_2
	 init = 0.0
	 plim = (-100.0, 100.0)
APOLY_COEFF_3
	 init = 0.0
	 plim = (-100.0, 100.0)
APOLY_COEFF_4
	 init = 0.0
	 plim = (-100.0, 100.0)
APOLY_COEFF_5
	 init = 0.0
	 plim = (-100.0, 100.0)
APOLY_COEFF_6
	 init = 0.0
	 plim = (-100.0, 100.0)
APOLY_COEFF_7
	 init = 0.0
	 plim = (-100.0, 100.0)
POWER_AMP
	 init = 0.2479274084849787
	 plim = (0, 1.4999998169955353)
POWER_SLOPE
	 init = -1.0
	 plim = (-6.0, 6.0)
NA_OPT_FEII_AMP
	 init = 0.04958548169699575
	 plim = (0, 1.4999998169955353)
BR_OPT_FEII_AMP
	 init = 0.04958548169699575
	 plim = (0, 1.4999998169955353)
NA_OPT_FEII_DISP
	 init = 10.0
	 plim = (0.1, 500.0)
BR_OPT_FEII_DISP
	 init = 500.0
	 plim = (500.0, 5000.0)
NA_OPT_FEII_VOFF
	 init = 0.0
	 plim = (-500.0, 500.0)
BR_OPT_FEII_VOFF
	 init = 0.0
	 plim = (-500.0, 500.0)
NA_H_BETA_VOFF
	 init = 0.0
	 plim = (-1200, 1200)
	 prior = {'type': 'gaussian'}
NA_H_BETA_AMP
	 init = 0.6617523719532763
	 plim = (0, 1000)
NA_H_BETA_DISP
	 init = 50.0
	 plim = (0, 100)
NA_OIII_a_VOFF
	 init = 0.0
	 plim = (-1200, 1200)
	 prior = {'type': 'gaussian'}
NA_OIII_a_AMP
	 init = 0.6377453975020012
	 plim = (0, 1000)
NA_OIII_a_DISP
	 init = 50.0
	 plim = (0, 100)
NA_OIII_b_VOFF
	 init = 0.0
	 plim = (-1200, 1200)
	 prior = {'type': 'gaussian'}
NA_OIII_b_AMP
	 init = 0.8777015498317587
	 plim = (0, 1000)
NA_OIII_b_DISP
	 init = 50.0
	 plim = (0, 100)
NA_H_ALPHA_VOFF
	 init = 0.0
	 plim = (-1200, 1200)
	 prior = {'type': 'gaussian'}
NA_H_ALPHA_AMP
	 init = 0.9450049771587696
	 plim = (0, 1000)
NA_H_ALPHA_DISP
	 init = 50.0
	 plim = (0, 100)
BR_H_BETA_VOFF
	 init = 0.0
	 plim = (-10000, 10000)
	 prior = {'type': 'gaussian'}
BR_H_BETA_AMP
	 init = 0.6617523719532763
	 plim = (0, 1000)
BR_H_BETA_DISP
	 init = 500.0
	 plim = (0, 1000)
BR_OIII_a_VOFF
	 init = 0.0
	 plim = (-10000, 10000)
	 prior = {'type': 'gaussian'}
BR_OIII_a_AMP
	 init = 0.6377453975020012
	 plim = (0, 1000)
BR_OIII_a_DISP
	 init = 500.0
	 plim = (0, 1000)
BR_OIII_b_VOFF
	 init = 0.0
	 plim = (-10000, 10000)
	 prior = {'type': 'gaussian'}
BR_OIII_b_AMP
	 init = 0.8777015498317587
	 plim = (0, 1000)
BR_OIII_b_DISP
	 init = 500.0
	 plim = (0, 1000)
BR_H_ALPHA_VOFF
	 init = 0.0
	 plim = (-10000, 10000)
	 prior = {'type': 'gaussian'}
BR_H_ALPHA_AMP
	 init = 0.9450049771587696
	 plim = (0, 1000)
BR_H_ALPHA_DISP
	 init = 500.0
	 plim = (0, 1000)


NA_H_BETA
	 center = 4834
	 amp = free
	 disp = free
	 voff = free
	 line_type = na
	 label = H$\beta$
	 ncomp = 1
	 line_profile = gaussian
	 center_pix = 1975.0580474316384
	 disp_res_ang = 35.913764891247396
	 disp_res_kms = 2227.2808963138514
NA_OIII_a
	 center = 4931
	 amp = free
	 disp = free
	 voff = free
	 line_type = na
	 label = [OIIIa]
	 ncomp = 1
	 line_profile = gaussian
	 center_pix = 2055.456053350012
	 disp_res_ang = 35.913764891247396
	 disp_res_kms = 2183.4670153683146
NA_OIII_b
	 center = 5008.24
	 amp = free
	 disp = free
	 voff = free
	 line_type = na
	 label = [OIIIb]
	 ncomp = 1
	 line_profile = gaussian
	 center_pix = 2118.3529882506477
	 disp_res_ang = 35.913764891247396
	 disp_res_kms = 2149.7923128246966
NA_H_ALPHA
	 center = 6551
	 amp = free
	 disp = free
	 voff = free
	 line_type = na
	 label = [H$\alpha$]
	 ncomp = 1
	 line_profile = gaussian
	 center_pix = 3205.02770190565
	 disp_res_ang = 35.913764891247396
	 disp_res_kms = 1643.5163872357136
BR_H_BETA
	 center = 4834
	 amp = free
	 disp = free
	 voff = free
	 line_type = br
	 ncomp = 1
	 line_profile = gaussian
	 center_pix = 1975.0580474316384
	 disp_res_ang = 35.913764891247396
	 disp_res_kms = 2227.2808963138514
BR_OIII_a
	 center = 4931
	 amp = free
	 disp = free
	 voff = free
	 line_type = br
	 ncomp = 1
	 line_profile = gaussian
	 center_pix = 2055.456053350012
	 disp_res_ang = 35.913764891247396
	 disp_res_kms = 2183.4670153683146
BR_OIII_b
	 center = 5008.24
	 amp = free
	 disp = free
	 voff = free
	 line_type = br
	 ncomp = 1
	 line_profile = gaussian
	 center_pix = 2118.3529882506477
	 disp_res_ang = 35.913764891247396
	 disp_res_kms = 2149.7923128246966
BR_H_ALPHA
	 center = 6551
	 amp = free
	 disp = free
	 voff = free
	 line_type = br
	 ncomp = 1
	 line_profile = gaussian
	 center_pix = 3205.02770190565
	 disp_res_ang = 35.913764891247396
	 disp_res_kms = 1643.5163872357136


H_BETA_COMP
	 lines = ['NA_H_BETA', 'BR_H_BETA']
	 center = 4834
	 center_pix = 1975.0580474316384
	 disp_res_kms = 2227.2808963138514
H_OIII_a_COMP
	 lines = ['NA_OIII_a', 'BR_OIII_a']
	 center = 4931
	 center_pix = 2055.456053350012
	 disp_res_kms = 2183.4670153683146
H_OIII_b_COMP
	 lines = ['NA_OIII_b', 'BR_OIII_b']
	 center = 5008.24
	 center_pix = 2118.3529882506477
	 disp_res_kms = 2149.7923128246966
H_ALPHA_COMP
	 lines = ['NA_H_ALPHA', 'BR_H_ALPHA']
	 center = 6551
	 center_pix = 3205.02770190565
	 disp_res_kms = 1643.5163872357136



 Performing max. likelihood fitting.

 Using Basin-hopping algorithm to estimate parameters. niter_success = 25
basinhopping step 0: f 3.00414
 Fit Status: False
 Force threshold: 1.0141
 Lowest RMSE: 1.0141
 Current RMSE: 1.7357
 Accepted count: 1
 Basinhop count: 0


adaptive stepsize: acceptance rate 0.000000 target 0.500000 new stepsize 0.9 old stepsize 1
basinhopping step 1: f 3.00426 trial_f 3.00426 accepted 1  lowest_f 3.00414
 Fit Status: False
 Force threshold: 1.0141
 Lowest RMSE: 1.0141
 Current RMSE: 1.6916
 Accepted count: 2
 Basinhop count: 1


adaptive stepsize: acceptance rate 0.500000 target 0.500000 new stepsize 0.81 old stepsize 0.9
basinhopping step 2: f 3.00419 trial_f 3.00419 accepted 1  lowest_f 3.00414
 Fit Status: False
 Force threshold: 1.0141
 Lowest RMSE: 1.0141
 Current RMSE: 1.6824
 Accepted count: 3
 Basinhop count: 2


adaptive stepsize: acceptance rate 0.666667 target 0.500000 new stepsize 0.9 old stepsize 0.81
basinhopping step 3: f 3.00425 trial_f 3.00425 accepted 1  lowest_f 3.00414
 Fit Status: False
 Force threshold: 1.0141
 Lowest RMSE: 1.0141
 Current RMSE: 1.7171
 Accepted count: 4
 Basinhop count: 3


adaptive stepsize: acceptance rate 0.750000 target 0.500000 new stepsize 1 old stepsize 0.9
basinhopping step 4: f 3.00412 trial_f 3.00412 accepted 1  lowest_f 3.00412
found new global minimum on step 4 with function value 3.00412
 Fit Status: False
 Force threshold: 1.0141
 Lowest RMSE: 1.0141
 Current RMSE: 1.7658
 Accepted count: 5
 Basinhop count: 0


adaptive stepsize: acceptance rate 0.800000 target 0.500000 new stepsize 1.11111 old stepsize 1
basinhopping step 5: f 3.00419 trial_f 3.00419 accepted 1  lowest_f 3.00412
 Fit Status: False
 Force threshold: 1.0141
 Lowest RMSE: 1.0141
 Current RMSE: 1.7340
 Accepted count: 6
 Basinhop count: 1


adaptive stepsize: acceptance rate 0.833333 target 0.500000 new stepsize 1.23457 old stepsize 1.11111
basinhopping step 6: f 3.00427 trial_f 3.00427 accepted 1  lowest_f 3.00412
 Fit Status: False
 Force threshold: 1.0141
 Lowest RMSE: 1.0141
 Current RMSE: 1.7452
 Accepted count: 7
 Basinhop count: 2


adaptive stepsize: acceptance rate 0.857143 target 0.500000 new stepsize 1.37174 old stepsize 1.23457
basinhopping step 7: f 3.00426 trial_f 3.00426 accepted 1  lowest_f 3.00412
 Fit Status: False
 Force threshold: 1.0141
 Lowest RMSE: 1.0141
 Current RMSE: 1.8300
 Accepted count: 8
 Basinhop count: 3


adaptive stepsize: acceptance rate 0.875000 target 0.500000 new stepsize 1.52416 old stepsize 1.37174
basinhopping step 8: f 3.00433 trial_f 3.00433 accepted 1  lowest_f 3.00412
 Fit Status: False
 Force threshold: 1.0141
 Lowest RMSE: 1.0141
 Current RMSE: 1.9563
 Accepted count: 9
 Basinhop count: 4


adaptive stepsize: acceptance rate 0.888889 target 0.500000 new stepsize 1.69351 old stepsize 1.52416
basinhopping step 9: f 3.00461 trial_f 3.00461 accepted 1  lowest_f 3.00412
 Fit Status: False
 Force threshold: 1.0141
 Lowest RMSE: 1.0141
 Current RMSE: 2.1206
 Accepted count: 10
 Basinhop count: 5


adaptive stepsize: acceptance rate 0.900000 target 0.500000 new stepsize 1.88168 old stepsize 1.69351
basinhopping step 10: f 3.00447 trial_f 3.00447 accepted 1  lowest_f 3.00412
 Fit Status: False
 Force threshold: 1.0141
 Lowest RMSE: 1.0141
 Current RMSE: 1.9911
 Accepted count: 11
 Basinhop count: 6


adaptive stepsize: acceptance rate 0.909091 target 0.500000 new stepsize 2.09075 old stepsize 1.88168
basinhopping step 11: f 3.00416 trial_f 3.00416 accepted 1  lowest_f 3.00412
 Fit Status: False
 Force threshold: 1.0141
 Lowest RMSE: 1.0141
 Current RMSE: 1.8541
 Accepted count: 12
 Basinhop count: 7


adaptive stepsize: acceptance rate 0.916667 target 0.500000 new stepsize 2.32306 old stepsize 2.09075
basinhopping step 12: f 3.01475 trial_f 3.01475 accepted 1  lowest_f 3.00412
 Fit Status: False
 Force threshold: 1.0141
 Lowest RMSE: 1.0141
 Current RMSE: 1.6194
 Accepted count: 13
 Basinhop count: 8


adaptive stepsize: acceptance rate 0.923077 target 0.500000 new stepsize 2.58117 old stepsize 2.32306
basinhopping step 13: f 3.01471 trial_f 3.01471 accepted 1  lowest_f 3.00412
 Fit Status: False
 Force threshold: 1.0141
 Lowest RMSE: 1.0141
 Current RMSE: 1.6649
 Accepted count: 14
 Basinhop count: 9


adaptive stepsize: acceptance rate 0.928571 target 0.500000 new stepsize 2.86797 old stepsize 2.58117
basinhopping step 14: f 3.01438 trial_f 3.01438 accepted 1  lowest_f 3.00412
 Fit Status: False
 Force threshold: 1.0141
 Lowest RMSE: 1.0141
 Current RMSE: 1.8508
 Accepted count: 15
 Basinhop count: 10


adaptive stepsize: acceptance rate 0.933333 target 0.500000 new stepsize 3.18664 old stepsize 2.86797
basinhopping step 15: f 3.01458 trial_f 3.01458 accepted 1  lowest_f 3.00412
 Fit Status: False
 Force threshold: 1.0141
 Lowest RMSE: 1.0141
 Current RMSE: 1.9725
 Accepted count: 16
 Basinhop count: 11


adaptive stepsize: acceptance rate 0.937500 target 0.500000 new stepsize 3.54071 old stepsize 3.18664
basinhopping step 16: f 3.00479 trial_f 3.00479 accepted 1  lowest_f 3.00412
 Fit Status: False
 Force threshold: 1.0141
 Lowest RMSE: 1.0141
 Current RMSE: 1.8185
 Accepted count: 17
 Basinhop count: 12


adaptive stepsize: acceptance rate 0.941176 target 0.500000 new stepsize 3.93412 old stepsize 3.54071
basinhopping step 17: f 3.00469 trial_f 3.00469 accepted 1  lowest_f 3.00412
 Fit Status: False
 Force threshold: 1.0141
 Lowest RMSE: 1.0141
 Current RMSE: 1.7188
 Accepted count: 18
 Basinhop count: 13


adaptive stepsize: acceptance rate 0.944444 target 0.500000 new stepsize 4.37124 old stepsize 3.93412
basinhopping step 18: f 3.00423 trial_f 3.00423 accepted 1  lowest_f 3.00412
 Fit Status: False
 Force threshold: 1.0141
 Lowest RMSE: 1.0141
 Current RMSE: 1.9240
 Accepted count: 19
 Basinhop count: 14


adaptive stepsize: acceptance rate 0.947368 target 0.500000 new stepsize 4.85694 old stepsize 4.37124
basinhopping step 19: f 3.00508 trial_f 3.00508 accepted 1  lowest_f 3.00412
 Fit Status: False
 Force threshold: 1.0141
 Lowest RMSE: 1.0141
 Current RMSE: 2.1189
 Accepted count: 20
 Basinhop count: 15


adaptive stepsize: acceptance rate 0.950000 target 0.500000 new stepsize 5.3966 old stepsize 4.85694
basinhopping step 20: f 3.00391 trial_f 3.00391 accepted 1  lowest_f 3.00391
found new global minimum on step 20 with function value 3.00391
 Fit Status: False
 Force threshold: 1.0141
 Lowest RMSE: 1.0141
 Current RMSE: 1.6533
 Accepted count: 21
 Basinhop count: 0


adaptive stepsize: acceptance rate 0.952381 target 0.500000 new stepsize 5.99622 old stepsize 5.3966
basinhopping step 21: f 3.00372 trial_f 3.00372 accepted 1  lowest_f 3.00372
found new global minimum on step 21 with function value 3.00372
 Fit Status: False
 Force threshold: 1.0141
 Lowest RMSE: 1.0141
 Current RMSE: 1.6921
 Accepted count: 22
 Basinhop count: 0


adaptive stepsize: acceptance rate 0.954545 target 0.500000 new stepsize 6.66246 old stepsize 5.99622
basinhopping step 22: f 3.01466 trial_f 3.01466 accepted 1  lowest_f 3.00372
 Fit Status: False
 Force threshold: 1.0141
 Lowest RMSE: 1.0141
 Current RMSE: 2.1147
 Accepted count: 23
 Basinhop count: 1


adaptive stepsize: acceptance rate 0.956522 target 0.500000 new stepsize 7.40274 old stepsize 6.66246
basinhopping step 23: f 3.0144 trial_f 3.0144 accepted 1  lowest_f 3.00372
 Fit Status: False
 Force threshold: 1.0141
 Lowest RMSE: 1.0141
 Current RMSE: 2.3813
 Accepted count: 24
 Basinhop count: 2


adaptive stepsize: acceptance rate 0.958333 target 0.500000 new stepsize 8.22526 old stepsize 7.40274
basinhopping step 24: f 3.00432 trial_f 3.00432 accepted 1  lowest_f 3.00372
 Fit Status: False
 Force threshold: 1.0141
 Lowest RMSE: 1.0141
 Current RMSE: 2.4051
 Accepted count: 25
 Basinhop count: 3


adaptive stepsize: acceptance rate 0.960000 target 0.500000 new stepsize 9.13918 old stepsize 8.22526
basinhopping step 25: f 3.01484 trial_f 3.01484 accepted 1  lowest_f 3.00372
 Fit Status: False
 Force threshold: 1.0141
 Lowest RMSE: 1.0141
 Current RMSE: 2.6356
 Accepted count: 26
 Basinhop count: 4


adaptive stepsize: acceptance rate 0.961538 target 0.500000 new stepsize 10.1546 old stepsize 9.13918
basinhopping step 26: f 3.01516 trial_f 3.01516 accepted 1  lowest_f 3.00372
 Fit Status: False
 Force threshold: 1.0141
 Lowest RMSE: 1.0141
 Current RMSE: 2.8117
 Accepted count: 27
 Basinhop count: 5


adaptive stepsize: acceptance rate 0.962963 target 0.500000 new stepsize 11.2829 old stepsize 10.1546
basinhopping step 27: f 3.00564 trial_f 3.00564 accepted 1  lowest_f 3.00372
 Fit Status: False
 Force threshold: 1.0141
 Lowest RMSE: 1.0141
 Current RMSE: 3.5337
 Accepted count: 28
 Basinhop count: 6


adaptive stepsize: acceptance rate 0.964286 target 0.500000 new stepsize 12.5366 old stepsize 11.2829
basinhopping step 28: f 3.00626 trial_f 3.00626 accepted 1  lowest_f 3.00372
 Fit Status: False
 Force threshold: 1.0141
 Lowest RMSE: 1.0141
 Current RMSE: 2.9788
 Accepted count: 29
 Basinhop count: 7


adaptive stepsize: acceptance rate 0.965517 target 0.500000 new stepsize 13.9296 old stepsize 12.5366
basinhopping step 29: f 3.01569 trial_f 3.01569 accepted 1  lowest_f 3.00372
 Fit Status: False
 Force threshold: 1.0141
 Lowest RMSE: 1.0141
 Current RMSE: 3.5442
 Accepted count: 30
 Basinhop count: 8


adaptive stepsize: acceptance rate 0.966667 target 0.500000 new stepsize 15.4773 old stepsize 13.9296
basinhopping step 30: f 3.00526 trial_f 3.00526 accepted 1  lowest_f 3.00372
 Fit Status: False
 Force threshold: 1.0141
 Lowest RMSE: 1.0141
 Current RMSE: 3.2885
 Accepted count: 31
 Basinhop count: 9


adaptive stepsize: acceptance rate 0.967742 target 0.500000 new stepsize 17.197 old stepsize 15.4773
basinhopping step 31: f 3.01586 trial_f 3.01586 accepted 1  lowest_f 3.00372
 Fit Status: False
 Force threshold: 1.0141
 Lowest RMSE: 1.0141
 Current RMSE: 3.2973
 Accepted count: 32
 Basinhop count: 10


adaptive stepsize: acceptance rate 0.968750 target 0.500000 new stepsize 19.1078 old stepsize 17.197
basinhopping step 32: f 3.00483 trial_f 3.00483 accepted 1  lowest_f 3.00372
 Fit Status: False
 Force threshold: 1.0141
 Lowest RMSE: 1.0141
 Current RMSE: 3.5165
 Accepted count: 33
 Basinhop count: 11


adaptive stepsize: acceptance rate 0.969697 target 0.500000 new stepsize 21.2308 old stepsize 19.1078
basinhopping step 33: f 3.01472 trial_f 3.01472 accepted 1  lowest_f 3.00372
 Fit Status: False
 Force threshold: 1.0141
 Lowest RMSE: 1.0141
 Current RMSE: 3.1014
 Accepted count: 34
 Basinhop count: 12


adaptive stepsize: acceptance rate 0.970588 target 0.500000 new stepsize 23.5898 old stepsize 21.2308
basinhopping step 34: f 3.00507 trial_f 3.00507 accepted 1  lowest_f 3.00372
 Fit Status: False
 Force threshold: 1.0141
 Lowest RMSE: 1.0141
 Current RMSE: 2.8951
 Accepted count: 35
 Basinhop count: 13


adaptive stepsize: acceptance rate 0.971429 target 0.500000 new stepsize 26.2109 old stepsize 23.5898
basinhopping step 35: f 3.00943 trial_f 3.00943 accepted 1  lowest_f 3.00372
 Fit Status: False
 Force threshold: 1.0141
 Lowest RMSE: 1.0141
 Current RMSE: 4.3131
 Accepted count: 36
 Basinhop count: 14


adaptive stepsize: acceptance rate 0.972222 target 0.500000 new stepsize 29.1232 old stepsize 26.2109
basinhopping step 36: f 3.00617 trial_f 3.00617 accepted 1  lowest_f 3.00372
 Fit Status: False
 Force threshold: 1.0141
 Lowest RMSE: 1.0141
 Current RMSE: 4.3864
 Accepted count: 37
 Basinhop count: 15


adaptive stepsize: acceptance rate 0.972973 target 0.500000 new stepsize 32.3592 old stepsize 29.1232
basinhopping step 37: f 3.01652 trial_f 3.01652 accepted 1  lowest_f 3.00372
 Fit Status: False
 Force threshold: 1.0141
 Lowest RMSE: 1.0141
 Current RMSE: 4.2838
 Accepted count: 38
 Basinhop count: 16


adaptive stepsize: acceptance rate 0.973684 target 0.500000 new stepsize 35.9546 old stepsize 32.3592
basinhopping step 38: f 3.00622 trial_f 3.00622 accepted 1  lowest_f 3.00372
 Fit Status: False
 Force threshold: 1.0141
 Lowest RMSE: 1.0141
 Current RMSE: 4.8516
 Accepted count: 39
 Basinhop count: 17


adaptive stepsize: acceptance rate 0.974359 target 0.500000 new stepsize 39.9496 old stepsize 35.9546
basinhopping step 39: f 3.00644 trial_f 3.00644 accepted 1  lowest_f 3.00372
 Fit Status: False
 Force threshold: 1.0141
 Lowest RMSE: 1.0141
 Current RMSE: 3.6545
 Accepted count: 40
 Basinhop count: 18


adaptive stepsize: acceptance rate 0.975000 target 0.500000 new stepsize 44.3884 old stepsize 39.9496
basinhopping step 40: f 3.05357 trial_f 3.05357 accepted 1  lowest_f 3.00372
 Fit Status: False
 Force threshold: 1.0141
 Lowest RMSE: 1.0141
 Current RMSE: 6.6967
 Accepted count: 41
 Basinhop count: 19


adaptive stepsize: acceptance rate 0.975610 target 0.500000 new stepsize 49.3205 old stepsize 44.3884
basinhopping step 41: f 3.00858 trial_f 3.00858 accepted 1  lowest_f 3.00372
 Fit Status: False
 Force threshold: 1.0141
 Lowest RMSE: 1.0141
 Current RMSE: 6.0591
 Accepted count: 42
 Basinhop count: 20


adaptive stepsize: acceptance rate 0.976190 target 0.500000 new stepsize 54.8005 old stepsize 49.3205
basinhopping step 42: f 3.00903 trial_f 3.00903 accepted 1  lowest_f 3.00372
 Fit Status: False
 Force threshold: 1.0141
 Lowest RMSE: 1.0141
 Current RMSE: 4.5400
 Accepted count: 43
 Basinhop count: 21


adaptive stepsize: acceptance rate 0.976744 target 0.500000 new stepsize 60.8895 old stepsize 54.8005
basinhopping step 43: f 3.04789 trial_f 3.04789 accepted 1  lowest_f 3.00372
 Fit Status: False
 Force threshold: 1.0141
 Lowest RMSE: 1.0141
 Current RMSE: 1.3439
 Accepted count: 44
 Basinhop count: 22


adaptive stepsize: acceptance rate 0.977273 target 0.500000 new stepsize 67.655 old stepsize 60.8895
basinhopping step 44: f 3.00966 trial_f 3.00966 accepted 1  lowest_f 3.00372
 Fit Status: False
 Force threshold: 1.0141
 Lowest RMSE: 1.0141
 Current RMSE: 6.3870
 Accepted count: 45
 Basinhop count: 23


adaptive stepsize: acceptance rate 0.977778 target 0.500000 new stepsize 75.1722 old stepsize 67.655
basinhopping step 45: f 3.00978 trial_f 3.00978 accepted 1  lowest_f 3.00372
 Fit Status: False
 Force threshold: 1.0141
 Lowest RMSE: 1.0141
 Current RMSE: 14.1445
 Accepted count: 46
 Basinhop count: 24


adaptive stepsize: acceptance rate 0.978261 target 0.500000 new stepsize 83.5246 old stepsize 75.1722
basinhopping step 46: f 3.04812 trial_f 3.04812 accepted 1  lowest_f 3.00372
 Fit Status: True
 Force threshold: 1.0141
 Lowest RMSE: 1.0141
 Current RMSE: 9.3681
 Accepted count: 47
 Basinhop count: 25



 Reweighting noise to achieve a reduced chi-squared ~ 1.
	Current reduced chi-squared = 467.54880
	New reduced chi-squared = 1.00000


 R-Squared = -1.7840


 reduced Chi-Squared = 467.5488


 Root Mean Squared Error = 1.0141


 Mean Absolute Error = 0.2094


-------------------------------------------------------

 All target metrics achieved for ['NA_OIII_b', 'NA_OIII_a', 'NA_H_BETA', 'NA_H_ALPHA'] line test. 



New Line List:
BR_H_BETA
BR_OIII_a
BR_OIII_b
BR_H_ALPHA


BR_H_BETA
	 center : 4834
	 amp : free
	 disp : free
	 voff : free
	 line_type : br
	 ncomp : 1
	 line_profile : gaussian
	 center_pix : 1975.0580474316384
	 disp_res_ang : 35.913764891247396
	 disp_res_kms : 2227.2808963138514
BR_OIII_a
	 center : 4931
	 amp : free
	 disp : free
	 voff : free
	 line_type : br
	 ncomp : 1
	 line_profile : gaussian
	 center_pix : 2055.456053350012
	 disp_res_ang : 35.913764891247396
	 disp_res_kms : 2183.4670153683146
BR_OIII_b
	 center : 5008.24
	 amp : free
	 disp : free
	 voff : free
	 line_type : br
	 ncomp : 1
	 line_profile : gaussian
	 center_pix : 2118.3529882506477
	 disp_res_ang : 35.913764891247396
	 disp_res_kms : 2149.7923128246966
BR_H_ALPHA
	 center : 6551
	 amp : free
	 disp : free
	 voff : free
	 line_type : br
	 ncomp : 1
	 line_profile : gaussian
	 center_pix : 3205.02770190565
	 disp_res_ang : 35.913764891247396
	 disp_res_kms : 1643.5163872357136

 Test Results:
+-------------------------------------------------------+---------+---------+-------+--------+------------+---------+-----------+---------+-------------+
|                          TEST                         | NCOMP_A | NCOMP_B | ANOVA | BADASS | CHI2_RATIO | F_RATIO | SSR_RATIO |   AON   | TARGET_RMSE |
+-------------------------------------------------------+---------+---------+-------+--------+------------+---------+-----------+---------+-------------+
| ['NA_OIII_b', 'NA_OIII_a', 'NA_H_BETA', 'NA_H_ALPHA'] |   0.0   |   1.0   |  0.0  |  0.0   |  -0.0784   |  1.0001 |   1.0001  | 12.7411 |    1.0141   |
+-------------------------------------------------------+---------+---------+-------+--------+------------+---------+-----------+---------+-------------+
 - Line testing complete for 2-onur! 

----------------------------------------------------------------------------------------------------

 Initializing parameters...
----------------------------------------------------------------------------------------------------
	- Fitting additive legendre polynomial component.
	- Fitting Simple AGN power-law continuum.
	- Fitting broad and narrow optical FeII using Veron-Cetty et al. (2004) optical FeII templates
	 		* varying optical FeII amplitudes
	 		* varying optical FeII dispersion.
	 		* varying optical FeII voff

 Warning! Peak finding algorithm used for initial guesses of amplitude and velocity failed! Defaulting to user-defined locations...

 Warning! Peak finding algorithm used for initial guesses of amplitude and velocity failed! Defaulting to user-defined locations...

 - ('NA_OIII_b_AMP', 'NA_OIII_b_2_AMP') soft constraint removed because one or more free parameters is not available.

 - ('NA_OIII_b_2_DISP', 'NA_OIII_b_DISP') soft constraint removed because one or more free parameters is not available.

----------------------------------------------------------------------------------------------------------------------------------------

----------------------------------------------------------------------------------------------------------------------------------------

 Line List:

----------------------------------------------------------------------------------------------------------------------------------------
BR_H_ALPHA                                                                                
                              amp                           free                          
                              center                        6551                          
                              center_pix                    3205.02770190565              
                              disp                          free                          
                              disp_res_ang                  35.913764891247396            
                              disp_res_kms                  1643.5163872357136            
                              line_profile                  gaussian                      
                              line_type                     br                            
                              ncomp                         1                             
                              voff                          free                          
BR_H_BETA                                                                                 
                              amp                           free                          
                              center                        4834                          
                              center_pix                    1975.0580474316384            
                              disp                          free                          
                              disp_res_ang                  35.913764891247396            
                              disp_res_kms                  2227.2808963138514            
                              line_profile                  gaussian                      
                              line_type                     br                            
                              ncomp                         1                             
                              voff                          free                          
BR_OIII_a                                                                                 
                              amp                           free                          
                              center                        4931                          
                              center_pix                    2055.456053350012             
                              disp                          free                          
                              disp_res_ang                  35.913764891247396            
                              disp_res_kms                  2183.4670153683146            
                              line_profile                  gaussian                      
                              line_type                     br                            
                              ncomp                         1                             
                              voff                          free                          
BR_OIII_b                                                                                 
                              amp                           free                          
                              center                        5008.24                       
                              center_pix                    2118.3529882506477            
                              disp                          free                          
                              disp_res_ang                  35.913764891247396            
                              disp_res_kms                  2149.7923128246966            
                              line_profile                  gaussian                      
                              line_type                     br                            
                              ncomp                         1                             
                              voff                          free                          

----------------------------------------------------------------------------------------------------------------------------------------

 Number of Free Line Parameters: 12

----------------------------------------------------------------------------------------------------------------------------------------

 All Free Parameters:

----------------------------------------------------------------------------------------------------------------------------------------
APOLY_COEFF_1                                                                             
                              init                          0.0                           
                              plim                          (-100.0, 100.0)               
APOLY_COEFF_2                                                                             
                              init                          0.0                           
                              plim                          (-100.0, 100.0)               
APOLY_COEFF_3                                                                             
                              init                          0.0                           
                              plim                          (-100.0, 100.0)               
APOLY_COEFF_4                                                                             
                              init                          0.0                           
                              plim                          (-100.0, 100.0)               
APOLY_COEFF_5                                                                             
                              init                          0.0                           
                              plim                          (-100.0, 100.0)               
APOLY_COEFF_6                                                                             
                              init                          0.0                           
                              plim                          (-100.0, 100.0)               
APOLY_COEFF_7                                                                             
                              init                          0.0                           
                              plim                          (-100.0, 100.0)               
BR_H_ALPHA_AMP                                                                            
                              init                          0.9450049771587696            
                              plim                          (0, 1000)                     
BR_H_ALPHA_DISP                                                                           
                              init                          500.0                         
                              plim                          (0, 1000)                     
BR_H_ALPHA_VOFF                                                                           
                              init                          0.0                           
                              plim                          (-10000, 10000)               
                              prior                         {'type': 'gaussian'}          
BR_H_BETA_AMP                                                                             
                              init                          0.6617523719532763            
                              plim                          (0, 1000)                     
BR_H_BETA_DISP                                                                            
                              init                          500.0                         
                              plim                          (0, 1000)                     
BR_H_BETA_VOFF                                                                            
                              init                          0.0                           
                              plim                          (-10000, 10000)               
                              prior                         {'type': 'gaussian'}          
BR_OIII_a_AMP                                                                             
                              init                          0.6377453975020012            
                              plim                          (0, 1000)                     
BR_OIII_a_DISP                                                                            
                              init                          500.0                         
                              plim                          (0, 1000)                     
BR_OIII_a_VOFF                                                                            
                              init                          0.0                           
                              plim                          (-10000, 10000)               
                              prior                         {'type': 'gaussian'}          
BR_OIII_b_AMP                                                                             
                              init                          0.8777015498317587            
                              plim                          (0, 1000)                     
BR_OIII_b_DISP                                                                            
                              init                          500.0                         
                              plim                          (0, 1000)                     
BR_OIII_b_VOFF                                                                            
                              init                          0.0                           
                              plim                          (-10000, 10000)               
                              prior                         {'type': 'gaussian'}          
BR_OPT_FEII_AMP                                                                           
                              init                          0.04958548169699575           
                              plim                          (0, 1.4999998169955353)       
BR_OPT_FEII_DISP                                                                          
                              init                          500.0                         
                              plim                          (500.0, 5000.0)               
BR_OPT_FEII_VOFF                                                                          
                              init                          0.0                           
                              plim                          (-500.0, 500.0)               
NA_OPT_FEII_AMP                                                                           
                              init                          0.04958548169699575           
                              plim                          (0, 1.4999998169955353)       
NA_OPT_FEII_DISP                                                                          
                              init                          10.0                          
                              plim                          (0.1, 500.0)                  
NA_OPT_FEII_VOFF                                                                          
                              init                          0.0                           
                              plim                          (-500.0, 500.0)               
POWER_AMP                                                                                 
                              init                          0.2479274084849787            
                              plim                          (0, 1.4999998169955353)       
POWER_SLOPE                                                                               
                              init                          -1.0                          
                              plim                          (-6.0, 6.0)                   

----------------------------------------------------------------------------------------------------------------------------------------

 Total number of free parameters: 27

----------------------------------------------------------------------------------------------------------------------------------------

 Soft Constraints:


----------------------------------------------------------------------------------------------------------------------------------------

----------------------------------------------------------------------------------------------------------------------------------------

 Performing max. likelihood fitting.

 Using Basin-hopping algorithm to estimate parameters. niter_success = 25
basinhopping step 0: f 3.00414
adaptive stepsize: acceptance rate 0.000000 target 0.500000 new stepsize 0.9 old stepsize 1
basinhopping step 1: f 3.00423 trial_f 3.00423 accepted 1  lowest_f 3.00414
adaptive stepsize: acceptance rate 0.500000 target 0.500000 new stepsize 0.81 old stepsize 0.9
basinhopping step 2: f 3.00448 trial_f 3.00448 accepted 1  lowest_f 3.00414
adaptive stepsize: acceptance rate 0.666667 target 0.500000 new stepsize 0.9 old stepsize 0.81
basinhopping step 3: f 3.00438 trial_f 3.00438 accepted 1  lowest_f 3.00414
adaptive stepsize: acceptance rate 0.750000 target 0.500000 new stepsize 1 old stepsize 0.9
basinhopping step 4: f 3.00446 trial_f 3.00446 accepted 1  lowest_f 3.00414
adaptive stepsize: acceptance rate 0.800000 target 0.500000 new stepsize 1.11111 old stepsize 1
basinhopping step 5: f 3.00418 trial_f 3.00418 accepted 1  lowest_f 3.00414
adaptive stepsize: acceptance rate 0.833333 target 0.500000 new stepsize 1.23457 old stepsize 1.11111
basinhopping step 6: f 3.0042 trial_f 3.0042 accepted 1  lowest_f 3.00414
adaptive stepsize: acceptance rate 0.857143 target 0.500000 new stepsize 1.37174 old stepsize 1.23457
basinhopping step 7: f 3.0043 trial_f 3.0043 accepted 1  lowest_f 3.00414
adaptive stepsize: acceptance rate 0.875000 target 0.500000 new stepsize 1.52416 old stepsize 1.37174
basinhopping step 8: f 3.00452 trial_f 3.00452 accepted 1  lowest_f 3.00414
adaptive stepsize: acceptance rate 0.888889 target 0.500000 new stepsize 1.69351 old stepsize 1.52416
basinhopping step 9: f 3.00428 trial_f 3.00428 accepted 1  lowest_f 3.00414
adaptive stepsize: acceptance rate 0.900000 target 0.500000 new stepsize 1.88168 old stepsize 1.69351
basinhopping step 10: f 3.00437 trial_f 3.00437 accepted 1  lowest_f 3.00414
adaptive stepsize: acceptance rate 0.909091 target 0.500000 new stepsize 2.09075 old stepsize 1.88168
basinhopping step 11: f 3.00452 trial_f 3.00452 accepted 1  lowest_f 3.00414
adaptive stepsize: acceptance rate 0.916667 target 0.500000 new stepsize 2.32306 old stepsize 2.09075
basinhopping step 12: f 3.00429 trial_f 3.00429 accepted 1  lowest_f 3.00414
adaptive stepsize: acceptance rate 0.923077 target 0.500000 new stepsize 2.58117 old stepsize 2.32306
basinhopping step 13: f 3.00455 trial_f 3.00455 accepted 1  lowest_f 3.00414
adaptive stepsize: acceptance rate 0.928571 target 0.500000 new stepsize 2.86797 old stepsize 2.58117
basinhopping step 14: f 3.01447 trial_f 3.01447 accepted 1  lowest_f 3.00414
adaptive stepsize: acceptance rate 0.933333 target 0.500000 new stepsize 3.18664 old stepsize 2.86797
basinhopping step 15: f 3.00457 trial_f 3.00457 accepted 1  lowest_f 3.00414
adaptive stepsize: acceptance rate 0.937500 target 0.500000 new stepsize 3.54071 old stepsize 3.18664
basinhopping step 16: f 3.00556 trial_f 3.00556 accepted 1  lowest_f 3.00414
adaptive stepsize: acceptance rate 0.941176 target 0.500000 new stepsize 3.93412 old stepsize 3.54071
basinhopping step 17: f 3.00525 trial_f 3.00525 accepted 1  lowest_f 3.00414
adaptive stepsize: acceptance rate 0.944444 target 0.500000 new stepsize 4.37124 old stepsize 3.93412
basinhopping step 18: f 3.01489 trial_f 3.01489 accepted 1  lowest_f 3.00414
adaptive stepsize: acceptance rate 0.947368 target 0.500000 new stepsize 4.85694 old stepsize 4.37124
basinhopping step 19: f 3.00478 trial_f 3.00478 accepted 1  lowest_f 3.00414
adaptive stepsize: acceptance rate 0.950000 target 0.500000 new stepsize 5.3966 old stepsize 4.85694
basinhopping step 20: f 3.00498 trial_f 3.00498 accepted 1  lowest_f 3.00414
adaptive stepsize: acceptance rate 0.952381 target 0.500000 new stepsize 5.99622 old stepsize 5.3966
basinhopping step 21: f 3.01609 trial_f 3.01609 accepted 1  lowest_f 3.00414
adaptive stepsize: acceptance rate 0.954545 target 0.500000 new stepsize 6.66246 old stepsize 5.99622
basinhopping step 22: f 3.01698 trial_f 3.01698 accepted 1  lowest_f 3.00414
adaptive stepsize: acceptance rate 0.956522 target 0.500000 new stepsize 7.40274 old stepsize 6.66246
basinhopping step 23: f 3.00615 trial_f 3.00615 accepted 1  lowest_f 3.00414
adaptive stepsize: acceptance rate 0.958333 target 0.500000 new stepsize 8.22526 old stepsize 7.40274
basinhopping step 24: f 3.00486 trial_f 3.00486 accepted 1  lowest_f 3.00414
adaptive stepsize: acceptance rate 0.960000 target 0.500000 new stepsize 9.13918 old stepsize 8.22526
basinhopping step 25: f 3.0063 trial_f 3.0063 accepted 1  lowest_f 3.00414
adaptive stepsize: acceptance rate 0.961538 target 0.500000 new stepsize 10.1546 old stepsize 9.13918
basinhopping step 26: f 3.00771 trial_f 3.00771 accepted 1  lowest_f 3.00414

 Reweighting noise to achieve a reduced chi-squared ~ 1.
	Current reduced chi-squared = 474.41052
	New reduced chi-squared = 1.00000

 Performing Monte Carlo bootstrapping...
	   Completed 1 of 50 iterations.
	   Completed 2 of 50 iterations.
	   Completed 3 of 50 iterations.
	   Completed 4 of 50 iterations.
	   Completed 5 of 50 iterations.
	   Completed 6 of 50 iterations.
	   Completed 7 of 50 iterations.
	   Completed 8 of 50 iterations.
	   Completed 9 of 50 iterations.
	   Completed 10 of 50 iterations.
	   Completed 11 of 50 iterations.
	   Completed 12 of 50 iterations.
	   Completed 13 of 50 iterations.
	   Completed 14 of 50 iterations.
	   Completed 15 of 50 iterations.
	   Completed 16 of 50 iterations.
	   Completed 17 of 50 iterations.
	   Completed 18 of 50 iterations.
	   Completed 19 of 50 iterations.
	   Completed 20 of 50 iterations.
	   Completed 21 of 50 iterations.
	   Completed 22 of 50 iterations.
	   Completed 23 of 50 iterations.
	   Completed 24 of 50 iterations.
	   Completed 25 of 50 iterations.
	   Completed 26 of 50 iterations.
	   Completed 27 of 50 iterations.
	   Completed 28 of 50 iterations.
	   Completed 29 of 50 iterations.
	   Completed 30 of 50 iterations.
	   Completed 31 of 50 iterations.
	   Completed 32 of 50 iterations.
	   Completed 33 of 50 iterations.
	   Completed 34 of 50 iterations.
	   Completed 35 of 50 iterations.
	   Completed 36 of 50 iterations.
	   Completed 37 of 50 iterations.
	   Completed 38 of 50 iterations.
	   Completed 39 of 50 iterations.
	   Completed 40 of 50 iterations.
	   Completed 41 of 50 iterations.
	   Completed 42 of 50 iterations.
	   Completed 43 of 50 iterations.
	   Completed 44 of 50 iterations.
	   Completed 45 of 50 iterations.
	   Completed 46 of 50 iterations.
	   Completed 47 of 50 iterations.
	   Completed 48 of 50 iterations.
	   Completed 49 of 50 iterations.
	   Completed 50 of 50 iterations.

 Maximum Likelihood Best-fit Parameters:
--------------------------------------------------------------------------------------

Parameter                     Best-fit Value                +/- 1-sigma                   Flag                          
--------------------------------------------------------------------------------------
AGN_FRAC_4000                 1.000000                      0.000000                      1.0                           
AGN_FRAC_7000                 1.000000                      0.000000                      1.0                           
APOLY_COEFF_1                 0.112015                      0.211344                      0.0                           
APOLY_COEFF_2                 -0.034008                     0.090193                      0.0                           
APOLY_COEFF_3                 0.004006                      0.039632                      0.0                           
APOLY_COEFF_4                 0.011268                      0.018815                      0.0                           
APOLY_COEFF_5                 -0.016968                     0.022711                      0.0                           
APOLY_COEFF_6                 -0.024870                     0.028254                      0.0                           
APOLY_COEFF_7                 0.006763                      0.021128                      0.0                           
BR_H_ALPHA_AMP                22.472130                     2462.414144                   1.0                           
BR_H_ALPHA_DISP               499.888304                    97.043151                     0.0                           
BR_H_ALPHA_DISP_CORR          0.000000                      97.043151                     0.0                           
BR_H_ALPHA_DISP_RES           1643.516387                   nan                           nan                           
BR_H_ALPHA_EW                 216.219065                    15461.018016                  1.0                           
BR_H_ALPHA_FLUX               -14.081215                    0.000000                      0.0                           
BR_H_ALPHA_FWHM               1177.295922                   419.015298                    0.0                           
BR_H_ALPHA_FWHM_CORR          0.000000                      419.015298                    0.0                           
BR_H_ALPHA_LUM                42.528573                     0.000000                      0.0                           
BR_H_ALPHA_NPIX               21.000000                     14.421272                     0.0                           
BR_H_ALPHA_SNR                5.014531                      548.994731                    0.0                           
BR_H_ALPHA_VOFF               0.020033                      301.243229                    0.0                           
BR_H_ALPHA_W80                1312.093604                   463.547987                    0.0                           
BR_H_ALPHA_W80_CORR           0.000000                      463.547987                    0.0                           
BR_H_BETA_AMP                 5.734716                      1388.230198                   1.0                           
BR_H_BETA_DISP                499.997801                    69.316508                     0.0                           
BR_H_BETA_DISP_CORR           0.000000                      69.316508                     0.0                           
BR_H_BETA_DISP_RES            2227.280896                   nan                           nan                           
BR_H_BETA_EW                  33.098023                     1237.052281                   1.0                           
BR_H_BETA_FLUX                -14.806254                    0.000000                      0.0                           
BR_H_BETA_FWHM                1177.587623                   379.404645                    0.0                           
BR_H_BETA_FWHM_CORR           0.000000                      379.404645                    0.0                           
BR_H_BETA_LUM                 41.803535                     0.000000                      0.0                           
BR_H_BETA_NPIX                1.000000                      11.974245                     0.0                           
BR_H_BETA_SNR                 1.279634                      48.018678                     0.0                           
BR_H_BETA_VOFF                0.000518                      15.661376                     0.0                           
BR_H_BETA_W80                 1312.167456                   422.763959                    0.0                           
BR_H_BETA_W80_CORR            0.000000                      422.763959                    0.0                           
BR_OIII_a_AMP                 6.339604                      0.000000                      1.0                           
BR_OIII_a_DISP                500.000000                    0.000000                      1.0                           
BR_OIII_a_DISP_CORR           0.000000                      0.000000                      1.0                           
BR_OIII_a_DISP_RES            2183.467015                   nan                           nan                           
BR_OIII_a_EW                  38.087950                     1.925553                      0.0                           
BR_OIII_a_FLUX                -14.754073                    0.000000                      0.0                           
BR_OIII_a_FWHM                1180.260472                   0.000000                      0.0                           
BR_OIII_a_FWHM_CORR           0.000000                      0.000000                      0.0                           
BR_OIII_a_LUM                 41.855715                     0.000000                      0.0                           
BR_OIII_a_NPIX                2.000000                      0.000000                      0.0                           
BR_OIII_a_SNR                 1.411434                      0.000000                      0.0                           
BR_OIII_a_VOFF                0.000000                      0.000000                      1.0                           
BR_OIII_a_W80                 1311.350655                   0.000000                      0.0                           
BR_OIII_a_W80_CORR            0.000000                      0.000000                      0.0                           
BR_OIII_b_AMP                 152.919941                    2849.369684                   1.0                           
BR_OIII_b_DISP                500.556057                    103.482128                    0.0                           
BR_OIII_b_DISP_CORR           0.000000                      103.482128                    0.0                           
BR_OIII_b_DISP_RES            2149.792313                   nan                           nan                           
BR_OIII_b_EW                  949.738734                    14201.534008                  1.0                           
BR_OIII_b_FLUX                -13.364438                    0.000000                      0.0                           
BR_OIII_b_FWHM                1180.729736                   459.793000                    0.0                           
BR_OIII_b_FWHM_CORR           0.000000                      459.793000                    0.0                           
BR_OIII_b_LUM                 43.245350                     0.000000                      0.0                           
BR_OIII_b_NPIX                34.000000                     18.142479                     0.0                           
BR_OIII_b_SNR                 34.076374                     635.550582                    0.0                           
BR_OIII_b_VOFF                0.172996                      21.193312                     0.0                           
BR_OIII_b_W80                 1313.001297                   511.525821                    0.0                           
BR_OIII_b_W80_CORR            0.000000                      511.525821                    0.0                           
BR_OPT_FEII_AMP               1.258809                      4.771446                      1.0                           
BR_OPT_FEII_DISP              500.000000                    2.017556                      1.0                           
BR_OPT_FEII_TEMPLATE_EW       12.759456                     49.968826                     1.0                           
BR_OPT_FEII_TEMPLATE_FLUX     -15.238296                    0.000000                      1.0                           
BR_OPT_FEII_TEMPLATE_LUM      41.371492                     0.000000                      1.0                           
BR_OPT_FEII_VOFF              0.007283                      4.165188                      0.0                           
HOST_FRAC_4000                -0.048302                     0.119074                      1.0                           
HOST_FRAC_7000                0.235699                      0.522481                      1.0                           
H_ALPHA_COMP_DISP             499.887838                    180.854522                    0.0                           
H_ALPHA_COMP_DISP_CORR        0.000000                      180.854522                    0.0                           
H_ALPHA_COMP_DISP_RES         1643.516387                   nan                           nan                           
H_ALPHA_COMP_EW               216.219065                    15461.018016                  1.0                           
H_ALPHA_COMP_FLUX             -14.081215                    0.000000                      1.0                           
H_ALPHA_COMP_FWHM             1177.295922                   419.015298                    0.0                           
H_ALPHA_COMP_FWHM_CORR        0.000000                      419.015298                    0.0                           
H_ALPHA_COMP_LUM              42.528573                     0.000000                      1.0                           
H_ALPHA_COMP_NPIX             21.000000                     14.421272                     0.0                           
H_ALPHA_COMP_SNR              2.653902                      342.213158                    0.0                           
H_ALPHA_COMP_VOFF             0.020029                      276.877420                    0.0                           
H_ALPHA_COMP_W80              1312.093604                   463.547987                    0.0                           
H_ALPHA_COMP_W80_CORR         0.000000                      463.547987                    0.0                           
H_BETA_COMP_DISP              499.995685                    161.092669                    0.0                           
H_BETA_COMP_DISP_CORR         0.000000                      161.092669                    0.0                           
H_BETA_COMP_DISP_RES          2227.280896                   nan                           nan                           
H_BETA_COMP_EW                33.098023                     1237.052281                   1.0                           
H_BETA_COMP_FLUX              -14.806254                    0.000000                      1.0                           
H_BETA_COMP_FWHM              1177.587623                   379.404645                    0.0                           
H_BETA_COMP_FWHM_CORR         0.000000                      379.404645                    0.0                           
H_BETA_COMP_LUM               41.803535                     0.000000                      1.0                           
H_BETA_COMP_NPIX              1.000000                      11.974245                     0.0                           
H_BETA_COMP_SNR               1.006737                      37.408349                     0.0                           
H_BETA_COMP_VOFF              0.000482                      0.078920                      0.0                           
H_BETA_COMP_W80               1312.167456                   422.763959                    0.0                           
H_BETA_COMP_W80_CORR          0.000000                      422.763959                    0.0                           
H_OIII_a_COMP_DISP            499.998535                    0.000000                      0.0                           
H_OIII_a_COMP_DISP_CORR       0.000000                      0.000000                      0.0                           
H_OIII_a_COMP_DISP_RES        2183.467015                   nan                           nan                           
H_OIII_a_COMP_EW              38.087950                     1.925553                      0.0                           
H_OIII_a_COMP_FLUX            -14.754073                    0.000000                      0.0                           
H_OIII_a_COMP_FWHM            1180.260472                   0.000000                      0.0                           
H_OIII_a_COMP_FWHM_CORR       0.000000                      0.000000                      0.0                           
H_OIII_a_COMP_LUM             41.855715                     0.000000                      0.0                           
H_OIII_a_COMP_NPIX            2.000000                      0.000000                      0.0                           
H_OIII_a_COMP_SNR             1.029291                      0.000000                      0.0                           
H_OIII_a_COMP_VOFF            0.000019                      0.000000                      0.0                           
H_OIII_a_COMP_W80             1311.350655                   0.000000                      0.0                           
H_OIII_a_COMP_W80_CORR        0.000000                      0.000000                      0.0                           
H_OIII_b_COMP_DISP            500.555991                    194.838121                    0.0                           
H_OIII_b_COMP_DISP_CORR       0.000000                      194.838121                    0.0                           
H_OIII_b_COMP_DISP_RES        2149.792313                   nan                           nan                           
H_OIII_b_COMP_EW              949.738734                    14201.534008                  1.0                           
H_OIII_b_COMP_FLUX            -13.364438                    0.000000                      1.0                           
H_OIII_b_COMP_FWHM            1180.729736                   459.793000                    0.0                           
H_OIII_b_COMP_FWHM_CORR       0.000000                      459.793000                    0.0                           
H_OIII_b_COMP_LUM             43.245350                     0.000000                      1.0                           
H_OIII_b_COMP_NPIX            34.000000                     18.142479                     0.0                           
H_OIII_b_COMP_SNR             19.554044                     381.186511                    0.0                           
H_OIII_b_COMP_VOFF            0.172999                      20.589526                     0.0                           
H_OIII_b_COMP_W80             1313.001297                   511.525821                    0.0                           
H_OIII_b_COMP_W80_CORR        0.000000                      511.525821                    0.0                           
LOG_LIKE                      3.004138                      95.719250                     0.0                           
L_CONT_AGN_3000               43.895938                     0.027149                      0.0                           
L_CONT_AGN_5100               43.966722                     0.020988                      0.0                           
L_CONT_HOST_3000              0.000000                      0.517304                      1.0                           
L_CONT_HOST_5100              42.840723                     0.338697                      0.0                           
L_CONT_TOT_3000               43.895938                     0.027149                      0.0                           
L_CONT_TOT_5100               43.966722                     0.020988                      0.0                           
NA_OPT_FEII_AMP               0.000000                      5.205526                      1.0                           
NA_OPT_FEII_DISP              10.000001                     0.206269                      0.0                           
NA_OPT_FEII_TEMPLATE_EW       0.000000                      76.020926                     1.0                           
NA_OPT_FEII_TEMPLATE_FLUX     0.000000                      0.000000                      1.0                           
NA_OPT_FEII_TEMPLATE_LUM      0.000000                      0.000000                      1.0                           
NA_OPT_FEII_VOFF              0.000036                      2.226326                      0.0                           
POWER_AMP                     4.037927                      0.641940                      0.0                           
POWER_SLOPE                   -1.210194                     1.095060                      0.0                           
RCHI_SQUARED                  1.000000                      1205.368062                   0.0                           
R_SQUARED                     -1.871187                     3760.631810                   0.0                           
NOISE_STD                     4.380333                                                                                  
RESID_STD                     0.296139                                                                                  
--------------------------------------------------------------------------------------

 Reweighting noise to achieve a reduced chi-squared ~ 1.
	Current reduced chi-squared = 474.41052
	New reduced chi-squared = 1.00000

 Initializing parameters for MCMC.
----------------------------------------------------------------------------------------------------
	- Fitting additive legendre polynomial component.
	- Fitting Simple AGN power-law continuum.
	- Fitting broad and narrow optical FeII using Veron-Cetty et al. (2004) optical FeII templates
	 		* varying optical FeII amplitudes
	 		* varying optical FeII dispersion.
	 		* varying optical FeII voff

 Warning! Peak finding algorithm used for initial guesses of amplitude and velocity failed! Defaulting to user-defined locations...

 Warning! Peak finding algorithm used for initial guesses of amplitude and velocity failed! Defaulting to user-defined locations...

 - ('NA_OIII_b_AMP', 'NA_OIII_b_2_AMP') soft constraint removed because one or more free parameters is not available.

 - ('NA_OIII_b_2_DISP', 'NA_OIII_b_DISP') soft constraint removed because one or more free parameters is not available.

----------------------------------------------------------------------------------------------------------------------------------------

----------------------------------------------------------------------------------------------------------------------------------------

 Line List:

----------------------------------------------------------------------------------------------------------------------------------------
BR_H_ALPHA                                                                                
                              amp                           free                          
                              center                        6551                          
                              center_pix                    3205.02770190565              
                              disp                          free                          
                              disp_res_ang                  35.913764891247396            
                              disp_res_kms                  1643.5163872357136            
                              line_profile                  gaussian                      
                              line_type                     br                            
                              ncomp                         1                             
                              voff                          free                          
BR_H_BETA                                                                                 
                              amp                           free                          
                              center                        4834                          
                              center_pix                    1975.0580474316384            
                              disp                          free                          
                              disp_res_ang                  35.913764891247396            
                              disp_res_kms                  2227.2808963138514            
                              line_profile                  gaussian                      
                              line_type                     br                            
                              ncomp                         1                             
                              voff                          free                          
BR_OIII_a                                                                                 
                              amp                           free                          
                              center                        4931                          
                              center_pix                    2055.456053350012             
                              disp                          free                          
                              disp_res_ang                  35.913764891247396            
                              disp_res_kms                  2183.4670153683146            
                              line_profile                  gaussian                      
                              line_type                     br                            
                              ncomp                         1                             
                              voff                          free                          
BR_OIII_b                                                                                 
                              amp                           free                          
                              center                        5008.24                       
                              center_pix                    2118.3529882506477            
                              disp                          free                          
                              disp_res_ang                  35.913764891247396            
                              disp_res_kms                  2149.7923128246966            
                              line_profile                  gaussian                      
                              line_type                     br                            
                              ncomp                         1                             
                              voff                          free                          

----------------------------------------------------------------------------------------------------------------------------------------

 Number of Free Line Parameters: 12

----------------------------------------------------------------------------------------------------------------------------------------

 All Free Parameters:

----------------------------------------------------------------------------------------------------------------------------------------
APOLY_COEFF_1                                                                             
                              init                          0.0                           
                              plim                          (-100.0, 100.0)               
APOLY_COEFF_2                                                                             
                              init                          0.0                           
                              plim                          (-100.0, 100.0)               
APOLY_COEFF_3                                                                             
                              init                          0.0                           
                              plim                          (-100.0, 100.0)               
APOLY_COEFF_4                                                                             
                              init                          0.0                           
                              plim                          (-100.0, 100.0)               
APOLY_COEFF_5                                                                             
                              init                          0.0                           
                              plim                          (-100.0, 100.0)               
APOLY_COEFF_6                                                                             
                              init                          0.0                           
                              plim                          (-100.0, 100.0)               
APOLY_COEFF_7                                                                             
                              init                          0.0                           
                              plim                          (-100.0, 100.0)               
BR_H_ALPHA_AMP                                                                            
                              init                          0.9450049771587696            
                              plim                          (0, 1000)                     
BR_H_ALPHA_DISP                                                                           
                              init                          500.0                         
                              plim                          (0, 1000)                     
BR_H_ALPHA_VOFF                                                                           
                              init                          0.0                           
                              plim                          (-10000, 10000)               
                              prior                         {'type': 'gaussian'}          
BR_H_BETA_AMP                                                                             
                              init                          0.6617523719532763            
                              plim                          (0, 1000)                     
BR_H_BETA_DISP                                                                            
                              init                          500.0                         
