7.0.1
1.3.2
2.1.6
3.1.6
['/home/onur/Documents/AGNEmissionLines_ThirdPartyLibraries/pyqsofit/PyQSOFit/src/pyqsofit']
FWHM Resolution: 2.5 Å
[ 3566.97426784  3567.79484559  3568.6175712  ... 10394.41199851
 10396.80892696 10399.20640813] Angstrom [174.60990906 174.59364319 174.57740784 ...  21.887146    21.88740349
  21.88766289] erg / (Angstrom s cm2) [3.49219818 3.49187286 3.49154816 ... 0.43774292 0.43774807 0.43775326] erg / (Angstrom s cm2) 0.3231107294559479
Got negative host galaxy / QSO flux over 10% of coverage, decomposition is not applied!
Name            Value      Min      Max   Stderr     Vary     Expr Brute_Step
Balmer_Tau        0.5      0.1        2     None    False     None     None
Balmer_Te     1.5e+04    1e+04    5e+04     None    False     None     None
Blamer_norm         0        0    1e+10     None    False     None     None
Fe_op_FWHM       3000     1200  1.8e+04     None     True     None     None
Fe_op_norm          0        0    1e+10     None     True     None     None
Fe_op_shift         0    -0.01     0.01     None     True     None     None
Fe_uv_FWHM       3000     1200  1.8e+04     None     True     None     None
Fe_uv_norm          0        0    1e+10     None     True     None     None
Fe_uv_shift         0    -0.01     0.01     None     True     None     None
PL_norm             1        0    1e+10     None     True     None     None
PL_slope         -1.5       -5        3     None     True     None     None
conti_a_0           0     -inf      inf     None     True     None     None
conti_a_1           0     -inf      inf     None     True     None     None
conti_a_2           0     -inf      inf     None     True     None     None
Fitting continuum
Fit report
[[Variables]]
    Fe_uv_norm:   5.43819378 (init = 0)
    Fe_uv_FWHM:   9101.84992 (init = 3000)
    Fe_uv_shift:  0.01000000 (init = 0)
    Fe_op_norm:   0.15421386 (init = 0)
    Fe_op_FWHM:   18000.0000 (init = 3000)
    Fe_op_shift:  0.01000000 (init = 0)
    PL_norm:      155.071364 (init = 1)
    PL_slope:    -2.83950628 (init = -1.5)
    Blamer_norm:  0 (fixed)
    Balmer_Te:    15000 (fixed)
    Balmer_Tau:   0.5 (fixed)
    conti_a_0:    123.302281 (init = 0)
    conti_a_1:    1.68044393 (init = 0)
    conti_a_2:   -2.6719e-04 (init = 0)
Name                    Value      Min      Max   Stderr     Vary     Expr Brute_Step
Hb_br_1_dwave               0    -0.01     0.01     None     True     None     None
Hb_br_1_scale               0        0    1e+10     None     True     None     None
Hb_br_1_sigma           0.005    0.004     0.05     None     True     None     None
Hb_br_2_dwave               0    -0.01     0.01     None     True     None     None
Hb_br_2_scale               0        0    1e+10     None     True     None     None
Hb_br_2_sigma           0.005    0.004     0.05     None     True     None     None
Hb_na_1_dwave               0    -0.01     0.01     None     True     None     None
Hb_na_1_scale               0        0    1e+10     None     True     None     None
Hb_na_1_sigma           0.001  0.00023  0.00169     None     True     None     None
HeII4687_br_1_dwave         0   -0.005    0.005     None     True     None     None
HeII4687_br_1_scale         0        0    1e+10     None     True     None     None
HeII4687_br_1_sigma     0.005    0.004     0.05     None     True     None     None
HeII4687_na_1_dwave         0   -0.005    0.005     None    False Hb_na_1_dwave     None
HeII4687_na_1_scale         0        0    1e+10     None     True     None     None
HeII4687_na_1_sigma     0.001  0.00023  0.00169     None    False Hb_na_1_sigma     None
OIII4959c_1_dwave           0    -0.01     0.01     None    False Hb_na_1_dwave     None
OIII4959c_1_scale           0        0    1e+10     None     True     None     None
OIII4959c_1_sigma       0.001  0.00023  0.00169     None    False Hb_na_1_sigma     None
OIII4959w_1_dwave           0    -0.01     0.01     None     True     None     None
OIII4959w_1_scale           0        0    1e+10     None     True     None     None
OIII4959w_1_sigma       0.003  0.00023    0.004     None     True     None     None
OIII5007c_1_dwave           0    -0.01     0.01     None    False Hb_na_1_dwave     None
OIII5007c_1_scale           0        0    1e+10     None    False 3.0303030014038086 * OIII4959c_1_scale     None
OIII5007c_1_sigma       0.001  0.00023  0.00169     None    False Hb_na_1_sigma     None
OIII5007w_1_dwave           0    -0.01     0.01     None    False OIII4959w_1_dwave     None
OIII5007w_1_scale           0        0    1e+10     None    False 3.0303030014038086 * OIII4959w_1_scale     None
OIII5007w_1_sigma       0.003  0.00023    0.004     None    False OIII4959w_1_sigma     None
Fitting complex Hb
Fit report
[[Variables]]
    Hb_br_1_scale:        52.4562799 (init = 0)
    Hb_br_1_dwave:       -4.5087e-04 (init = 0)
    Hb_br_1_sigma:        0.00400000 (init = 0.005)
    Hb_br_2_scale:        16.9209324 (init = 0)
    Hb_br_2_dwave:        0.00277958 (init = 0)
    Hb_br_2_sigma:        0.00975990 (init = 0.005)
    Hb_na_1_scale:        15.5304347 (init = 0)
    Hb_na_1_dwave:       -9.0686e-04 (init = 0)
    Hb_na_1_sigma:        8.0009e-04 (init = 0.001)
    OIII4959c_1_scale:    32.9374833 (init = 0)
    OIII4959c_1_dwave:   -9.0686e-04 == 'Hb_na_1_dwave'
    OIII4959c_1_sigma:    8.0009e-04 == 'Hb_na_1_sigma'
    OIII5007c_1_scale:    99.8105545 == '3.0303030014038086 * OIII4959c_1_scale'
    OIII5007c_1_dwave:   -9.0686e-04 == 'Hb_na_1_dwave'
    OIII5007c_1_sigma:    8.0009e-04 == 'Hb_na_1_sigma'
    OIII4959w_1_scale:    2.73109035 (init = 0)
    OIII4959w_1_dwave:    0.00110430 (init = 0)
    OIII4959w_1_sigma:    0.00400000 (init = 0.003)
    OIII5007w_1_scale:    8.27603130 == '3.0303030014038086 * OIII4959w_1_scale'
    OIII5007w_1_dwave:    0.00110430 == 'OIII4959w_1_dwave'
    OIII5007w_1_sigma:    0.00400000 == 'OIII4959w_1_sigma'
    HeII4687_br_1_scale:  5.45156920 (init = 0)
    HeII4687_br_1_dwave: -5.3342e-04 (init = 0)
    HeII4687_br_1_sigma:  0.01022624 (init = 0.005)
    HeII4687_na_1_scale:  2.78720325 (init = 0)
    HeII4687_na_1_dwave: -9.0686e-04 == 'Hb_na_1_dwave'
    HeII4687_na_1_sigma:  8.0009e-04 == 'Hb_na_1_sigma'
Name                Value      Min      Max   Stderr     Vary     Expr Brute_Step
Ha_br_1_dwave           0   -0.015    0.015     None     True     None     None
Ha_br_1_scale           0        0    1e+10     None     True     None     None
Ha_br_1_sigma       0.005    0.004     0.05     None     True     None     None
Ha_br_2_dwave           0   -0.015    0.015     None     True     None     None
Ha_br_2_scale           0        0    1e+10     None     True     None     None
Ha_br_2_sigma       0.005    0.004     0.05     None     True     None     None
Ha_na_1_dwave           0    -0.01     0.01     None     True     None     None
Ha_na_1_scale           0        0    1e+10     None     True     None     None
Ha_na_1_sigma       0.001   0.0005  0.00169     None     True     None     None
NII6549_1_dwave         0   -0.005    0.005     None    False Ha_na_1_dwave     None
NII6549_1_scale         0        0    1e+10     None     True     None     None
NII6549_1_sigma     0.001  0.00023  0.00169     None    False Ha_na_1_sigma     None
NII6585_1_dwave         0   -0.005    0.005     None    False Ha_na_1_dwave     None
NII6585_1_scale         0        0    1e+10     None    False 3.0 * NII6549_1_scale     None
NII6585_1_sigma     0.001  0.00023  0.00169     None    False Ha_na_1_sigma     None
SII6718_1_dwave         0   -0.005    0.005     None    False Ha_na_1_dwave     None
SII6718_1_scale         0        0    1e+10     None     True     None     None
SII6718_1_sigma     0.001  0.00023  0.00169     None    False Ha_na_1_sigma     None
SII6732_1_dwave         0   -0.005    0.005     None    False Ha_na_1_dwave     None
SII6732_1_scale         0        0    1e+10     None     True     None     None
SII6732_1_sigma     0.001  0.00023  0.00169     None    False Ha_na_1_sigma     None
Fitting complex Ha
Fit report
[[Variables]]
    Ha_br_1_scale:    148.473670 (init = 0)
    Ha_br_1_dwave:   -6.3793e-04 (init = 0)
    Ha_br_1_sigma:    0.00414025 (init = 0.005)
    Ha_br_2_scale:    23.2129604 (init = 0)
    Ha_br_2_dwave:    0.00106562 (init = 0)
    Ha_br_2_sigma:    0.01218781 (init = 0.005)
    Ha_na_1_scale:    63.9167341 (init = 0)
    Ha_na_1_dwave:   -9.3821e-04 (init = 0)
    Ha_na_1_sigma:    0.00169000 (init = 0.001)
    NII6549_1_scale:  6.11011908 (init = 0)
    NII6549_1_dwave: -9.3821e-04 == 'Ha_na_1_dwave'
    NII6549_1_sigma:  0.00169000 == 'Ha_na_1_sigma'
    NII6585_1_scale:  18.3303572 == '3.0 * NII6549_1_scale'
    NII6585_1_dwave: -9.3821e-04 == 'Ha_na_1_dwave'
    NII6585_1_sigma:  0.00169000 == 'Ha_na_1_sigma'
    SII6718_1_scale:  0.03604061 (init = 0)
    SII6718_1_dwave: -9.3821e-04 == 'Ha_na_1_dwave'
    SII6718_1_sigma:  0.00169000 == 'Ha_na_1_sigma'
    SII6732_1_scale:  1.06163245 (init = 0)
    SII6732_1_dwave: -9.3821e-04 == 'Ha_na_1_dwave'
    SII6732_1_sigma:  0.00169000 == 'Ha_na_1_sigma'
Saving figure as ./result.pdf
Fitting finished in 52.3s
wrote pyqsofit_model.csv
['ra' 'dec' 'plateid' 'MJD' 'fiberid' 'redshift' 'SN_ratio_conti'
 'Fe_uv_norm' 'Fe_uv_FWHM' 'Fe_uv_shift' 'Fe_op_norm' 'Fe_op_FWHM'
 'Fe_op_shift' 'PL_norm' 'PL_slope' 'Blamer_norm' 'Balmer_Te' 'Balmer_Tau'
 'conti_a_0' 'conti_a_1' 'conti_a_2' 'L1350' 'L1450' 'L3000' 'L4200'
 'L5100' 'Fe_flux_4435_4685']

['-999' '-999' '0' '0' '0' '0.3231107294559479' '41.46555342594531'
 '5.438193784179646' '9101.849916239364' '0.009999999776174103'
 '0.15421386390102043' '17999.999987305095' '0.009999999773706695'
 '155.0713640829926' '-2.839506276387949' '0.0' '15000.0' '0.5'
 '123.30228054815623' '1.6804439298899803' '-0.0002671854174681244' '-1.0'
 '-1.0' '45.20232691574714' '44.94859328757851' '44.839550625200545'
 '52.18208019723083']
['Hb_br_1_scale' 'Hb_br_1_centerwave' 'Hb_br_1_sigma' 'Hb_br_2_scale'
 'Hb_br_2_centerwave' 'Hb_br_2_sigma' 'Hb_na_1_scale' 'Hb_na_1_centerwave'
 'Hb_na_1_sigma' 'OIII4959c_1_scale' 'OIII4959c_1_centerwave'
 'OIII4959c_1_sigma' 'OIII5007c_1_scale' 'OIII5007c_1_centerwave'
 'OIII5007c_1_sigma' 'OIII4959w_1_scale' 'OIII4959w_1_centerwave'
 'OIII4959w_1_sigma' 'OIII5007w_1_scale' 'OIII5007w_1_centerwave'
 'OIII5007w_1_sigma' 'HeII4687_br_1_scale' 'HeII4687_br_1_centerwave'
 'HeII4687_br_1_sigma' 'HeII4687_na_1_scale' 'HeII4687_na_1_centerwave'
 'HeII4687_na_1_sigma' 'Ha_br_1_scale' 'Ha_br_1_centerwave'
 'Ha_br_1_sigma' 'Ha_br_2_scale' 'Ha_br_2_centerwave' 'Ha_br_2_sigma'
 'Ha_na_1_scale' 'Ha_na_1_centerwave' 'Ha_na_1_sigma' 'NII6549_1_scale'
 'NII6549_1_centerwave' 'NII6549_1_sigma' 'NII6585_1_scale'
 'NII6585_1_centerwave' 'NII6585_1_sigma' 'SII6718_1_scale'
 'SII6718_1_centerwave' 'SII6718_1_sigma' 'SII6732_1_scale'
 'SII6732_1_centerwave' 'SII6732_1_sigma']

[5.24562799e+01 8.48889468e+00 4.00000019e-03 1.69209324e+01
 8.49212513e+00 9.75990422e-03 1.55304347e+01 8.48843869e+00
 8.00091424e-04 3.29374833e+01 8.50831421e+00 8.00091424e-04
 9.98105545e+01 8.51793297e+00 8.00091424e-04 2.73109035e+00
 8.51032537e+00 4.00000019e-03 8.27603130e+00 8.51994413e+00
 4.00000019e-03 5.45156920e+00 8.45201842e+00 1.02262421e-02
 2.78720325e+00 8.45164498e+00 8.00091424e-04 1.48473670e+02
 8.78881081e+00 4.14024974e-03 2.32129604e+01 8.79051436e+00
 1.21878068e-02 6.39167341e+01 8.78851053e+00 1.68999995e-03
 6.11011908e+00 8.78625890e+00 1.68999995e-03 1.83303572e+01
 8.79165384e+00 1.68999995e-03 3.60406149e-02 8.81165048e+00
 1.68999995e-03 1.06163245e+00 8.81378862e+00 1.68999995e-03]
['Hb_br_1_scale' 'Hb_br_1_sigma' 'Hb_br_2_centerwave' 'Hb_na_1_scale'
 'Hb_na_1_sigma' 'OIII4959c_1_centerwave' 'OIII5007c_1_scale'
 'OIII5007c_1_sigma' 'OIII4959w_1_centerwave' 'OIII5007w_1_scale'
 'OIII5007w_1_sigma' 'HeII4687_br_1_centerwave' 'HeII4687_na_1_scale'
 'HeII4687_na_1_sigma' 'Ha_br_1_centerwave' 'Ha_br_2_scale'
 'Ha_br_2_sigma' 'Ha_na_1_centerwave' 'NII6549_1_scale' 'NII6549_1_sigma'
 'NII6585_1_centerwave' 'SII6718_1_scale' 'SII6718_1_sigma'
 'SII6732_1_centerwave']

[]
(0,)
['1_complex_name' '1_line_status' '1_line_min_chi2' '1_line_bic'
 '1_line_red_chi2' '1_niter' '1_ndof' '2_complex_name' '2_line_status'
 '2_line_min_chi2' '2_line_bic' '2_line_red_chi2' '2_niter' '2_ndof'
 'Hb_br_1_scale' 'Hb_br_1_centerwave' 'Hb_br_1_sigma' 'Hb_br_2_scale'
 'Hb_br_2_centerwave' 'Hb_br_2_sigma' 'Hb_na_1_scale' 'Hb_na_1_centerwave'
 'Hb_na_1_sigma' 'OIII4959c_1_scale' 'OIII4959c_1_centerwave'
 'OIII4959c_1_sigma' 'OIII5007c_1_scale' 'OIII5007c_1_centerwave'
 'OIII5007c_1_sigma' 'OIII4959w_1_scale' 'OIII4959w_1_centerwave'
 'OIII4959w_1_sigma' 'OIII5007w_1_scale' 'OIII5007w_1_centerwave'
 'OIII5007w_1_sigma' 'HeII4687_br_1_scale' 'HeII4687_br_1_centerwave'
 'HeII4687_br_1_sigma' 'HeII4687_na_1_scale' 'HeII4687_na_1_centerwave'
 'HeII4687_na_1_sigma' 'Ha_br_1_scale' 'Ha_br_1_centerwave'
 'Ha_br_1_sigma' 'Ha_br_2_scale' 'Ha_br_2_centerwave' 'Ha_br_2_sigma'
 'Ha_na_1_scale' 'Ha_na_1_centerwave' 'Ha_na_1_sigma' 'NII6549_1_scale'
 'NII6549_1_centerwave' 'NII6549_1_sigma' 'NII6585_1_scale'
 'NII6585_1_centerwave' 'NII6585_1_sigma' 'SII6718_1_scale'
 'SII6718_1_centerwave' 'SII6718_1_sigma' 'SII6732_1_scale'
 'SII6732_1_centerwave' 'SII6732_1_sigma' 'Hb_whole_br_fwhm'
 'Hb_whole_br_sigma' 'Hb_whole_br_ew' 'Hb_whole_br_peak'
 'Hb_whole_br_area' 'Hb_whole_br_snr' 'Ha_whole_br_fwhm'
 'Ha_whole_br_sigma' 'Ha_whole_br_ew' 'Ha_whole_br_peak'
 'Ha_whole_br_area' 'Ha_whole_br_snr']

['Hb' '1' '892.2762071153157' '421.09828712975576' '2.270422918868488'
 '943' '393' 'Ha' '1' '1140.0656082770681' '453.11487399226064'
 '4.52406987411535' '568' '252' '52.45627987537915' '8.488894678673876'
 '0.004000000189989889' '16.920932432995528' '8.49212513174813'
 '0.009759904219662711' '15.530434716026775' '8.488438686564686'
 '0.0008000914240458858' '32.93748329635804' '8.508314212992909'
 '0.0008000914240458858' '99.81055449164158' '8.517932972148182'
 '0.0008000914240458858' '2.7310903538690923' '8.51032537240816'
 '0.004000000189989805' '8.2760312964345' '8.519944131563433'
 '0.004000000189989805' '5.451569196068817' '8.452018419943906'
 '0.010226242085369175' '2.787203245979697' '8.451644977763417'
 '0.0008000914240458858' '148.4736700252398' '8.788810810034189'
 '0.004140249738324368' '23.212960442720032' '8.790514360749306'
 '0.012187806761937875' '63.91673412764476' '8.78851052832772'
 '0.0016899999463930726' '6.110119077362697' '8.786258903266685'
 '0.0016899999463930726' '18.33035723208809' '8.791653838874595'
 '0.0016899999463930726' '0.036040614936894144' '8.811650481941001'
 '0.0016899999463930726' '1.0616324486178996' '8.813788619758384'
 '0.0016899999463930726' '3314.1116528794428' '5069.832552639554'
 '132.1550929003786' '4860.980452692255' '5780.286507991909'
 '50.82617071656361' '3195.3815656050247' '2286.317550341583'
 '557.4413477966218' '6560.974760126509' '14756.941903455532'
 '134.37865961946846']
Broad Hb:
FWHM (km/s) 3312.7
Sigma (km/s) 2178.3
EW (A) 104.8
Peak (A) 4861.0
Area (10^(-17) erg/s/cm^2) 4569.6
SNR 28.6

Narrow Hb:
FWHM (km/s) 569.4
Sigma (km/s) 236.3
EW (A) 3.4
Peak (A) 4857.7
Area (10^(-17) erg/s/cm^2) 150.9
SNR 3.9

Broad [OIII]5007:
FWHM (km/s) 2827.8
Sigma (km/s) 1184.4
EW (A) 10.1
Peak (A) 5013.2
Area (10^(-17) erg/s/cm^2) 414.9
SNR 2.2

Narrow [OIII]5007:
FWHM (km/s) 569.4
Sigma (km/s) 236.3
EW (A) 24.3
Peak (A) 5003.1
Area (10^(-17) erg/s/cm^2) 998.7
SNR 22.3
