patched GLEAM doublet ties
WARNING: AstropyDeprecationWarning: The truth value of a Quantity is ambiguous. In the future this will raise a ValueError. [astropy.units.quantity]
Now working in  on sdss in sdss + fiber1 on source 1 at z=0.298.
Warning: non-constant dispersion
[[Model]]
    (Model(constant) + Model(gaussian, prefix='g0_'))
[[Fit Statistics]]
    # fitting method   = leastsq
    # function evals   = 26
    # data points      = 163
    # variables        = 4
    chi-square         = 225.571306
    reduced chi-square = 1.41868746
    Akaike info crit   = 60.9564377
    Bayesian info crit = 73.3314385
    R-squared          = 0.81122775
[[Variables]]
    c:             980.709834 +/- 2.57394317 (0.26%) (init = 989.7962)
    g0_amplitude:  2624.87241 +/- 125.799539 (4.79%) (init = 2204.475)
    g0_center:     3729.60047 +/- 0.16641219 (0.00%) (init = 3728.48)
    g0_sigma:      3.20911537 +/- 0.17023953 (5.30%) (init = 2.617966)
    g0_fwhm:       7.55688907 +/- 0.40088344 (5.30%) == '2.3548200*g0_sigma'
    g0_height:     326.311932 +/- 14.7684779 (4.53%) == '0.3989423*g0_amplitude/max(1e-15, g0_sigma)'
[[Correlations]] (unreported correlations are < 0.100)
    C(g0_amplitude, g0_sigma) = +0.6023
    C(c, g0_amplitude)        = -0.3492
    C(c, g0_sigma)            = -0.2103
Warning: non-constant dispersion
Warning: non-constant dispersion
[[Model]]
    ((Model(constant) + Model(gaussian, prefix='g0_')) + Model(gaussian, prefix='g1_'))
[[Fit Statistics]]
    # fitting method   = leastsq
    # function evals   = 16000
    # data points      = 125
    # variables        = 7
    chi-square         = 246.172265
    reduced chi-square = 2.08620564
    Akaike info crit   = 98.7147272
    Bayesian info crit = 118.512923
    R-squared          = 0.93943016
##  Warning: uncertainties could not be estimated:
    g0_center:     at boundary
[[Variables]]
    c:             392.426926 (init = 455.4665)
    g0_amplitude: -35520.8957 (init = 1100.823)
    g0_center:     4859.68006 (init = 4862.68)
    g0_sigma:      38.8078341 (init = 2.617966)
    g1_amplitude:  43458.8701 (init = 1100.823)
    g1_center:     4861.09949 (init = 4862.68)
    g1_sigma:      32.4131043 (init = 2.617966)
    g0_fwhm:       91.3854639 == '2.3548200*g0_sigma'
    g0_height:    -365.152762 == '0.3989423*g0_amplitude/max(1e-15, g0_sigma)'
    g1_fwhm:       76.3270263 == '2.3548200*g1_sigma'
    g1_height:     534.894203 == '0.3989423*g1_amplitude/max(1e-15, g1_sigma)'
NonDetection when fitting set of lines [4862.68 4862.68] Angstrom, try a simpler model
[[Model]]
    (Model(constant) + Model(gaussian, prefix='g0_'))
[[Fit Statistics]]
    # fitting method   = leastsq
    # function evals   = 71
    # data points      = 125
    # variables        = 4
    chi-square         = 261.761405
    reduced chi-square = 2.16331740
    Akaike info crit   = 100.389960
    Bayesian info crit = 111.703215
    R-squared          = 0.93559451
[[Variables]]
    c:             364.119124 +/- 5.52717176 (1.52%) (init = 455.4665)
    g0_amplitude:  13215.9667 +/- 775.833647 (5.87%) (init = 1100.823)
    g0_center:     4862.54216 +/- 0.52118992 (0.01%) (init = 4862.68)
    g0_sigma:      26.3437701 +/- 1.05380682 (4.00%) (init = 2.617966)
    g0_fwhm:       62.0348367 +/- 2.48152538 (4.00%) == '2.3548200*g0_sigma'
    g0_height:     200.138710 +/- 5.49889941 (2.75%) == '0.3989423*g0_amplitude/max(1e-15, g0_sigma)'
[[Correlations]] (unreported correlations are < 0.100)
    C(c, g0_amplitude)        = -0.9562
    C(g0_amplitude, g0_sigma) = +0.9137
    C(c, g0_sigma)            = -0.8667
Warning: non-constant dispersion
Warning: non-constant dispersion
Warning: non-constant dispersion
Warning: non-constant dispersion
[[Model]]
    ((Model(constant) + Model(gaussian, prefix='g0_')) + Model(gaussian, prefix='g1_'))
[[Fit Statistics]]
    # fitting method   = leastsq
    # function evals   = 57
    # data points      = 163
    # variables        = 6
    chi-square         = 3080.36483
    reduced chi-square = 19.6201582
    Akaike info crit   = 491.065659
    Bayesian info crit = 509.628160
    R-squared          = 0.88844252
[[Variables]]
    c:             156.824164 +/- 2.02265891 (1.29%) (init = 160.9893)
    g0_amplitude:  1027.11224 +/- 36.6006797 (3.56%) == 'g1_amplitude / 3.0'
    g0_center:     4960.56342 +/- 0.39367282 (0.01%) (init = 4960.3)
    g0_sigma:      3.28881879 +/- 0.33075600 (10.06%) (init = 2.617966)
    g1_amplitude:  3081.33672 +/- 109.802039 (3.56%) (init = 2581.936)
    g1_center:     5008.69706 +/- 0.13118453 (0.00%) (init = 5008.24)
    g1_sigma:      3.27755481 +/- 0.13241807 (4.04%) (init = 2.617966)
    g0_fwhm:       7.74457626 +/- 0.77887084 (10.06%) == '2.3548200*g0_sigma'
    g0_height:     124.591395 +/- 12.2651055 (9.84%) == '0.3989423*g0_amplitude/max(1e-15, g0_sigma)'
    g1_fwhm:       7.71805162 +/- 0.31182073 (4.04%) == '2.3548200*g1_sigma'
    g1_height:     375.058734 +/- 13.0400915 (3.48%) == '0.3989423*g1_amplitude/max(1e-15, g1_sigma)'
[[Correlations]] (unreported correlations are < 0.100)
    C(g1_amplitude, g1_sigma) = +0.5881
    C(c, g1_amplitude)        = -0.3860
    C(g0_sigma, g1_amplitude) = +0.2362
    C(c, g1_sigma)            = -0.2270
    C(g0_sigma, g1_sigma)     = +0.1389
Warning: non-constant dispersion
Warning: non-constant dispersion
[[Model]]
    (((Model(constant) + Model(gaussian, prefix='g0_')) + Model(gaussian, prefix='g1_')) + Model(gaussian, prefix='g2_'))
[[Fit Statistics]]
    # fitting method   = leastsq
    # function evals   = 241
    # data points      = 106
    # variables        = 10
    chi-square         = 329.928876
    reduced chi-square = 3.43675913
    Akaike info crit   = 140.356429
    Bayesian info crit = 166.990820
    R-squared          = 0.99277509
[[Variables]]
    c:             97.4842952 +/- 3.51422877 (3.60%) (init = 178.2703)
    g0_amplitude:  14013.4653 +/- 527.267507 (3.76%) (init = 1106.759)
    g0_center:     6561.73748 +/- 0.40335076 (0.01%) (init = 6564.6)
    g0_sigma:      36.1375848 +/- 1.51703134 (4.20%) (init = 2.617966)
    g1_amplitude:  2127.46918 +/- 280.201008 (13.17%) (init = 1106.759)
    g1_center:     6561.92476 +/- 0.38870122 (0.01%) (init = 6564.6)
    g1_sigma:      10.8612478 +/- 0.71320463 (6.57%) (init = 2.617966)
    g2_amplitude:  324.376807 +/- 45.4489420 (14.01%) (init = 1106.759)
    g2_center:     6587.07499 +/- 0.36691488 (0.01%) (init = 6585.27)
    g2_sigma:      3.11234325 +/- 0.39849279 (12.80%) (init = 2.617966)
    g0_fwhm:       85.0975075 +/- 3.57233574 (4.20%) == '2.3548200*g0_sigma'
    g0_height:     154.702206 +/- 4.81274584 (3.11%) == '0.3989423*g0_amplitude/max(1e-15, g0_sigma)'
    g1_fwhm:       25.5762837 +/- 1.67946853 (6.57%) == '2.3548200*g1_sigma'
    g1_height:     78.1436405 +/- 6.21847074 (7.96%) == '0.3989423*g1_amplitude/max(1e-15, g1_sigma)'
    g2_fwhm:       7.32900814 +/- 0.93837880 (12.80%) == '2.3548200*g2_sigma'
    g2_height:     41.5788423 +/- 4.34652824 (10.45%) == '0.3989423*g2_amplitude/max(1e-15, g2_sigma)'
[[Correlations]] (unreported correlations are < 0.100)
    C(c, g0_amplitude)            = -0.9034
    C(c, g0_sigma)                = -0.8947
    C(g1_amplitude, g1_sigma)     = +0.8860
    C(g0_sigma, g1_amplitude)     = +0.8431
    C(g0_amplitude, g0_sigma)     = +0.6996
    C(g2_amplitude, g2_sigma)     = +0.6995
    C(g0_sigma, g1_sigma)         = +0.6762
    C(c, g1_amplitude)            = -0.6075
    C(c, g1_sigma)                = -0.4742
    C(g0_center, g2_amplitude)    = -0.4320
    C(g1_amplitude, g2_amplitude) = +0.3678
    C(g0_center, g1_center)       = -0.3319
    C(g0_sigma, g2_amplitude)     = +0.3012
    C(g0_center, g2_sigma)        = -0.2853
    C(g1_sigma, g2_center)        = +0.2602
    C(g0_amplitude, g1_amplitude) = +0.2590
    C(g1_amplitude, g2_center)    = +0.2035
    C(g1_amplitude, g2_sigma)     = +0.1974
    C(g0_center, g1_amplitude)    = -0.1843
    C(g0_sigma, g2_sigma)         = +0.1614
    C(g1_center, g2_center)       = +0.1606
    C(g0_amplitude, g1_sigma)     = +0.1590
    C(c, g2_amplitude)            = -0.1548
    C(g1_sigma, g2_amplitude)     = +0.1500
    C(g0_amplitude, g0_center)    = +0.1371
    C(g1_center, g2_amplitude)    = -0.1273
    C(g1_center, g2_sigma)        = -0.1180
Warning: non-constant dispersion
Warning: non-constant dispersion
[[Model]]
    ((Model(constant) + Model(gaussian, prefix='g0_')) + Model(gaussian, prefix='g1_'))
[[Fit Statistics]]
    # fitting method   = leastsq
    # function evals   = 97
    # data points      = 100
    # variables        = 7
    chi-square         = 1252.82354
    reduced chi-square = 13.4712208
    Akaike info crit   = 266.798493
    Bayesian info crit = 285.034684
    R-squared          = 0.03590330
[[Variables]]
    c:             413.239587 +/- 7.88735882 (1.91%) (init = 411.9425)
    g0_amplitude:  522.757383 +/- 410.474133 (78.52%) (init = 1260.56)
    g0_center:     6720.14911 +/- 2.98961406 (0.04%) (init = 6718.29)
    g0_sigma:      3.52275441 +/- 3.06694735 (87.06%) (init = 2.617966)
    g1_amplitude:  261.097898 +/- 307.011527 (117.58%) (init = 1260.56)
    g1_center:     6734.23761 +/- 2.71507315 (0.04%) (init = 6732.67)
    g1_sigma:      2.07772053 +/- 2.75158740 (132.43%) (init = 2.617966)
    g0_fwhm:       8.29545255 +/- 7.22210895 (87.06%) == '2.3548200*g0_sigma'
    g0_height:     59.2008436 +/- 43.9462476 (74.23%) == '0.3989423*g0_amplitude/max(1e-15, g0_sigma)'
    g1_fwhm:       4.89265785 +/- 6.47949303 (132.43%) == '2.3548200*g1_sigma'
    g1_height:     50.1333046 +/- 56.9457595 (113.59%) == '0.3989423*g1_amplitude/max(1e-15, g1_sigma)'
[[Correlations]] (unreported correlations are < 0.100)
    C(g0_amplitude, g0_sigma) = +0.6023
    C(g1_amplitude, g1_sigma) = +0.5928
    C(c, g0_amplitude)        = -0.3472
    C(c, g1_amplitude)        = -0.2656
    C(c, g0_sigma)            = -0.1965
    C(c, g1_sigma)            = -0.1453
NonDetection when fitting set of lines [6718.29 6732.67] Angstrom, try a simpler model
[[Model]]
    (Model(constant) + Model(gaussian, prefix='g0_'))
[[Fit Statistics]]
    # fitting method   = leastsq
    # function evals   = 36
    # data points      = 100
    # variables        = 4
    chi-square         = 1267.83349
    reduced chi-square = 13.2065988
    Akaike info crit   = 261.989462
    Bayesian info crit = 272.410143
    R-squared          = 0.02435255
[[Variables]]
    c:             415.090007 +/- 7.51985191 (1.81%) (init = 411.9425)
    g0_amplitude:  496.952433 +/- 401.988543 (80.89%) (init = 1260.56)
    g0_center:     6720.17735 +/- 3.04366769 (0.05%) (init = 6718.29)
    g0_sigma:      3.47253619 +/- 3.11205253 (89.62%) (init = 2.617966)
    g0_fwhm:       8.17719768 +/- 7.32832355 (89.62%) == '2.3548200*g0_sigma'
    g0_height:     57.0923773 +/- 43.6703747 (76.49%) == '0.3989423*g0_amplitude/max(1e-15, g0_sigma)'
[[Correlations]] (unreported correlations are < 0.100)
    C(g0_amplitude, g0_sigma) = +0.6017
    C(c, g0_amplitude)        = -0.3455
    C(c, g0_sigma)            = -0.2079
NonDetection when fitting set of lines [6718.29] Angstrom, try a simpler model
[[Model]]
    (Model(constant) + Model(gaussian, prefix='g0_'))
[[Fit Statistics]]
    # fitting method   = leastsq
    # function evals   = 51
    # data points      = 100
    # variables        = 4
    chi-square         = 1287.13061
    reduced chi-square = 13.4076106
    Akaike info crit   = 263.500050
    Bayesian info crit = 273.920731
    R-squared          = 0.00950266
[[Variables]]
    c:             416.819469 +/- 7.36303144 (1.77%) (init = 411.9425)
    g0_amplitude:  229.827112 +/- 296.547799 (129.03%) (init = 1260.56)
    g0_center:     6734.21839 +/- 2.83366067 (0.04%) (init = 6732.67)
    g0_sigma:      1.97056137 +/- 2.86604482 (145.44%) (init = 2.617966)
    g0_fwhm:       4.64031732 +/- 6.74901963 (145.44%) == '2.3548200*g0_sigma'
    g0_height:     46.5287498 +/- 58.1709973 (125.02%) == '0.3989423*g0_amplitude/max(1e-15, g0_sigma)'
[[Correlations]] (unreported correlations are < 0.100)
    C(g0_amplitude, g0_sigma) = +0.5907
    C(c, g0_amplitude)        = -0.2597
    C(c, g0_sigma)            = -0.1535
NonDetection when fitting set of lines [6732.67] Angstrom, try a simpler model
[[Model]]
    Model(constant)
[[Fit Statistics]]
    # fitting method   = leastsq
    # function evals   = 5
    # data points      = 100
    # variables        = 1
    chi-square         = 1299.47912
    reduced chi-square = 13.1260517
    Akaike info crit   = 258.454860
    Bayesian info crit = 261.060030
    R-squared          = 2.2204e-16
[[Variables]]
    c:  418.301451 +/- 7.03526471 (1.68%) (init = 411.9425)
Warning: non-constant dispersion
Warning: non-constant dispersion
Warning: non-constant dispersion
Warning: non-constant dispersion
Warning: non-constant dispersion
Matplotlib Version: 3.7.5
total 2928
-rw-r--r-- 1 root root 501439 Sep 29 12:56 linefits.sdss.sdss.fiber1.001.Ha.Ha_broad.NII1.png
-rw-r--r-- 1 root root 490670 Sep 29 12:55 linefits.sdss.sdss.fiber1.001.Hb.Hb_broad.png
-rw-r--r-- 1 root root 480193 Sep 29 12:55 linefits.sdss.sdss.fiber1.001.OII.png
-rw-r--r-- 1 root root 475994 Sep 29 12:56 linefits.sdss.sdss.fiber1.001.OIII4.OIII5.png
-rw-r--r-- 1 root root 471055 Sep 29 12:56 linefits.sdss.sdss.fiber1.001.SII1.SII2.png
-rw-r--r-- 1 root root  20160 Sep 29 12:57 linefits.sdss.sdss.fiber1.001.fits
-rw-r--r-- 1 root root 543302 Sep 29 12:56 linefits.sdss.sdss.fiber1.001.png
total 12K
-rw-r--r-- 1 root root 1.2K Sep 21 02:20 =5.2
drwxr-xr-x 1 root root 4.0K Sep 29 12:54 input
drwxrwxr-x 2 1000 1000 4.0K Sep 29 12:57 output
-rw-r--r-- 1 root root 1.2K Sep 21 02:20 /app/=5.2

/app/input:
total 128K
-rw-rw-r-- 1 1000 1000  12K Aug 28 20:16 Sky_bands.fits
-rw-rw-r-- 1 1000 1000 1.3K Sep 29 07:43 gleam.sh
-rw-rw-r-- 1 1000 1000 2.6K Sep 29 07:43 gleam_doublet_patch.py
-rw-rw-r-- 1 1000 1000 2.5K Sep 29 07:43 gleamconfig.yaml
-rw-rw-r-- 1 1000 1000 8.5K Sep 27 12:39 line_table.fits
-rw-rw-r-- 1 1000 1000  115 Sep 29 10:45 meta.dat
-rw-rw-r-- 1 1000 1000  85K Sep 29 10:45 spec1d.sdss.sdss.fiber1.1.fits

/app/output:
total 2.9M
-rw-r--r-- 1 root root 490K Sep 29 12:56 linefits.sdss.sdss.fiber1.001.Ha.Ha_broad.NII1.png
-rw-r--r-- 1 root root 480K Sep 29 12:55 linefits.sdss.sdss.fiber1.001.Hb.Hb_broad.png
-rw-r--r-- 1 root root 469K Sep 29 12:55 linefits.sdss.sdss.fiber1.001.OII.png
-rw-r--r-- 1 root root 465K Sep 29 12:56 linefits.sdss.sdss.fiber1.001.OIII4.OIII5.png
-rw-r--r-- 1 root root 461K Sep 29 12:56 linefits.sdss.sdss.fiber1.001.SII1.SII2.png
-rw-r--r-- 1 root root  20K Sep 29 12:57 linefits.sdss.sdss.fiber1.001.fits
-rw-r--r-- 1 root root 531K Sep 29 12:56 linefits.sdss.sdss.fiber1.001.png
