<IPython.core.display.HTML object>
/app/BADASS3/example_spectra/2-onur
/app/BADASS3/example_spectra/2-onur/my_sdss.fits
0.31352314352989197
Start process memory: 0.22349414                    
 Folder has not been created.  Creating MCMC_output folder...

 > Starting fit for 2-onur

 Input fitting region exceeds available wavelength range.  BADASS will adjust your fitting range automatically...
		- Input fitting range: (2900, 8000)
		- Available wavelength range: (2715, 7917)
		- New fitting region is (2900, 7918). 


 Input spectrum is not linearly binned. BADASS will linearly rebin and conserve flux...


-----------------------------------------------------------
 file:                        my_sdss.fits                  
 redshift:                    0.31352                       
 fitting region:              (2900,7918) [A]               
 velocity scale:              69.03 [km/s/pixel]            
 Galactic E(B-V):             0.000                         
 Flux Normalization:          1e-17                         
 Fit Normalization:           89.15874                      
-----------------------------------------------------------

 Initializing parameters...
----------------------------------------------------------------------------------------------------
	- Fitting additive legendre polynomial component.
	- Fitting Simple AGN power-law continuum.
	- Fitting broad and narrow optical FeII using Veron-Cetty et al. (2004) optical FeII templates
	 		* varying optical FeII amplitudes
	 		* varying optical FeII dispersion.
	 		* varying optical FeII voff

 Warning! Peak finding algorithm used for initial guesses of amplitude and velocity failed! Defaulting to user-defined locations...

 Warning! Peak finding algorithm used for initial guesses of amplitude and velocity failed! Defaulting to user-defined locations...

----------------------------------------------------------------------------------------------------------------------------------------

----------------------------------------------------------------------------------------------------------------------------------------

 Line List:

----------------------------------------------------------------------------------------------------------------------------------------
BR_H_ALPHA                                                                                
                              amp                           free                          
                              center                        6564.6                        
                              center_pix                    3548.6868550016816            
                              disp                          free                          
                              disp_res_ang                  1.9398113407818751            
                              disp_res_kms                  88.58739449612679             
                              line_profile                  gaussian                      
                              line_type                     br                            
                              ncomp                         1                             
                              voff                          free                          
BR_H_BETA                                                                                 
                              amp                           free                          
                              center                        4862.691                      
                              center_pix                    2245.428122273908             
                              disp                          free                          
                              disp_res_ang                  1.9398113407818751            
                              disp_res_kms                  119.59238411597076            
                              line_profile                  gaussian                      
                              line_type                     br                            
                              ncomp                         1                             
                              voff                          free                          
BR_OII                                                                                    
                              amp                           free                          
                              center                        3727.09                       
                              center_pix                    1090.4109051842304            
                              disp                          free                          
                              disp_res_ang                  1.9398113407818751            
                              disp_res_kms                  156.03079343650782            
                              line_profile                  gaussian                      
                              line_type                     br                            
                              ncomp                         1                             
                              voff                          free                          
BR_OIII_a                                                                                 
                              amp                           (BR_OIII_b_AMP/2.98)          
                              center                        4960.295                      
                              center_pix                    2331.7326640910414            
                              disp                          BR_OIII_b_DISP                
                              disp_res_ang                  1.9398113407818751            
                              disp_res_kms                  117.23915813661766            
                              line_profile                  gaussian                      
                              line_type                     br                            
                              ncomp                         1                             
                              voff                          BR_OIII_b_VOFF                
BR_OIII_b                                                                                 
                              amp                           free                          
                              center                        5008.24                       
                              center_pix                    2373.507091659783             
                              disp                          free                          
                              disp_res_ang                  1.9398113407818751            
                              disp_res_kms                  116.11680149299434            
                              line_profile                  gaussian                      
                              line_type                     br                            
                              ncomp                         1                             
                              voff                          free                          
NA_H_ALPHA                                                                                
                              amp                           free                          
                              center                        6564.6                        
                              center_pix                    3548.6868550016816            
                              disp                          free                          
                              disp_res_ang                  1.9398113407818751            
                              disp_res_kms                  88.58739449612679             
                              label                         [H$\alpha$]                   
                              line_profile                  gaussian                      
                              line_type                     na                            
                              ncomp                         1                             
                              voff                          free                          
NA_H_BETA                                                                                 
                              amp                           free                          
                              center                        4862.691                      
                              center_pix                    2245.428122273908             
                              disp                          free                          
                              disp_res_ang                  1.9398113407818751            
                              disp_res_kms                  119.59238411597076            
                              label                         H$\beta$                      
                              line_profile                  gaussian                      
                              line_type                     na                            
                              ncomp                         1                             
                              voff                          free                          
NA_OII                                                                                    
                              amp                           free                          
                              center                        3727.09                       
                              center_pix                    1090.4109051842304            
                              disp                          free                          
                              disp_res_ang                  1.9398113407818751            
                              disp_res_kms                  156.03079343650782            
                              label                         [OII]                         
                              line_profile                  gaussian                      
                              line_type                     na                            
                              ncomp                         1                             
                              voff                          free                          
NA_OIII_a                                                                                 
                              amp                           (NA_OIII_b_AMP/2.98)          
                              center                        4960.295                      
                              center_pix                    2331.7326640910414            
                              disp                          NA_OIII_b_DISP                
                              disp_res_ang                  1.9398113407818751            
                              disp_res_kms                  117.23915813661766            
                              label                         [OIIIa]                       
                              line_profile                  gaussian                      
                              line_type                     na                            
                              ncomp                         1                             
                              voff                          NA_OIII_b_VOFF                
NA_OIII_b                                                                                 
                              amp                           free                          
                              center                        5008.24                       
                              center_pix                    2373.507091659783             
                              disp                          free                          
                              disp_res_ang                  1.9398113407818751            
                              disp_res_kms                  116.11680149299434            
                              label                         [OIIIb]                       
                              line_profile                  gaussian                      
                              line_type                     na                            
                              ncomp                         1                             
                              voff                          free                          

----------------------------------------------------------------------------------------------------------------------------------------

 Number of Free Line Parameters: 24

----------------------------------------------------------------------------------------------------------------------------------------

 All Free Parameters:

----------------------------------------------------------------------------------------------------------------------------------------
APOLY_COEFF_1                                                                             
                              init                          0.0                           
                              plim                          (-100.0, 100.0)               
APOLY_COEFF_2                                                                             
                              init                          0.0                           
                              plim                          (-100.0, 100.0)               
APOLY_COEFF_3                                                                             
                              init                          0.0                           
                              plim                          (-100.0, 100.0)               
APOLY_COEFF_4                                                                             
                              init                          0.0                           
                              plim                          (-100.0, 100.0)               
APOLY_COEFF_5                                                                             
                              init                          0.0                           
                              plim                          (-100.0, 100.0)               
APOLY_COEFF_6                                                                             
                              init                          0.0                           
                              plim                          (-100.0, 100.0)               
APOLY_COEFF_7                                                                             
                              init                          0.0                           
                              plim                          (-100.0, 100.0)               
BR_H_ALPHA_AMP                                                                            
                              init                          0.9488564870410666            
                              plim                          (0, 50)                       
BR_H_ALPHA_DISP                                                                           
                              init                          3300.0                        
                              plim                          (600, 6000)                   
BR_H_ALPHA_VOFF                                                                           
                              init                          0.0                           
                              plim                          (-1500, 1500)                 
                              prior                         {'type': 'gaussian'}          
BR_H_BETA_AMP                                                                             
                              init                          0.4519196319848149            
                              plim                          (0, 50)                       
BR_H_BETA_DISP                                                                            
                              init                          3300.0                        
                              plim                          (600, 6000)                   
BR_H_BETA_VOFF                                                                            
                              init                          0.0                           
                              plim                          (-1500, 1500)                 
                              prior                         {'type': 'gaussian'}          
BR_OIII_b_AMP                                                                             
                              init                          0.3768112424119175            
                              plim                          (0, 50)                       
BR_OIII_b_DISP                                                                            
                              init                          3300.0                        
                              plim                          (600, 6000)                   
BR_OIII_b_VOFF                                                                            
                              init                          0.0                           
                              plim                          (-1500, 1500)                 
                              prior                         {'type': 'gaussian'}          
BR_OII_AMP                                                                                
                              init                          0.4042068651327095            
                              plim                          (0, 50)                       
BR_OII_DISP                                                                               
                              init                          3300.0                        
                              plim                          (600, 6000)                   
BR_OII_VOFF                                                                               
                              init                          0.0                           
                              plim                          (-1500, 1500)                 
                              prior                         {'type': 'gaussian'}          
BR_OPT_FEII_AMP                                                                           
                              init                          0.025974303504454677          
                              plim                          (0, 1.4999999754010191)       
BR_OPT_FEII_DISP                                                                          
                              init                          500.0                         
                              plim                          (500.0, 5000.0)               
BR_OPT_FEII_VOFF                                                                          
                              init                          0.0                           
                              plim                          (-500.0, 500.0)               
NA_H_ALPHA_AMP                                                                            
                              init                          0.9488564870410666            
                              plim                          (0, 50)                       
NA_H_ALPHA_DISP                                                                           
                              init                          1300.0                        
                              plim                          (100, 2500)                   
NA_H_ALPHA_VOFF                                                                           
                              init                          0.0                           
                              plim                          (-1000, 1000)                 
                              prior                         {'type': 'gaussian'}          
NA_H_BETA_AMP                                                                             
                              init                          0.4519196319848149            
                              plim                          (0, 50)                       
NA_H_BETA_DISP                                                                            
                              init                          1300.0                        
                              plim                          (100, 2500)                   
NA_H_BETA_VOFF                                                                            
                              init                          0.0                           
                              plim                          (-1000, 1000)                 
                              prior                         {'type': 'gaussian'}          
NA_OIII_b_AMP                                                                             
                              init                          0.3768112424119175            
                              plim                          (0, 50)                       
NA_OIII_b_DISP                                                                            
                              init                          1300.0                        
                              plim                          (100, 2500)                   
NA_OIII_b_VOFF                                                                            
                              init                          0.0                           
                              plim                          (-1000, 1000)                 
                              prior                         {'type': 'gaussian'}          
NA_OII_AMP                                                                                
                              init                          0.4042068651327095            
                              plim                          (0, 50)                       
NA_OII_DISP                                                                               
                              init                          1300.0                        
                              plim                          (100, 2500)                   
NA_OII_VOFF                                                                               
                              init                          0.0                           
                              plim                          (-1000, 1000)                 
                              prior                         {'type': 'gaussian'}          
NA_OPT_FEII_AMP                                                                           
                              init                          0.025974303504454677          
                              plim                          (0, 1.4999999754010191)       
NA_OPT_FEII_DISP                                                                          
                              init                          10.0                          
                              plim                          (0.1, 500.0)                  
NA_OPT_FEII_VOFF                                                                          
                              init                          0.0                           
                              plim                          (-500.0, 500.0)               
POWER_AMP                                                                                 
                              init                          0.12987151752227338           
                              plim                          (0, 1.4999999754010191)       
POWER_SLOPE                                                                               
                              init                          -1.0                          
                              plim                          (-6.0, 6.0)                   

----------------------------------------------------------------------------------------------------------------------------------------

 Total number of free parameters: 39

----------------------------------------------------------------------------------------------------------------------------------------

 Soft Constraints:


----------------------------------------------------------------------------------------------------------------------------------------

----------------------------------------------------------------------------------------------------------------------------------------

 Required Maximum Likelihood RMSE threshold: 0.4739 


 Performing max. likelihood fitting.

 Using Basin-hopping algorithm to estimate parameters. niter_success = 5
basinhopping step 0: f 2.79432
 Fit Status: False
 Force threshold: 0.4739
 Lowest RMSE: 0.0974
 Current RMSE: 0.0974
 Accepted count: 1
 Basinhop count: 0


adaptive stepsize: acceptance rate 0.000000 target 0.500000 new stepsize 0.9 old stepsize 1
basinhopping step 1: f 2.79791 trial_f 2.79791 accepted 1  lowest_f 2.79432
 Fit Status: False
 Force threshold: 0.4739
 Lowest RMSE: 0.0974
 Current RMSE: 0.0975
 Accepted count: 2
 Basinhop count: 1


adaptive stepsize: acceptance rate 0.500000 target 0.500000 new stepsize 0.81 old stepsize 0.9
basinhopping step 2: f 2.51499 trial_f 2.51499 accepted 1  lowest_f 2.51499
found new global minimum on step 2 with function value 2.51499
 Fit Status: False
 Force threshold: 0.4739
 Lowest RMSE: 0.0924
 Current RMSE: 0.0924
 Accepted count: 3
 Basinhop count: 0


adaptive stepsize: acceptance rate 0.666667 target 0.500000 new stepsize 0.9 old stepsize 0.81
basinhopping step 3: f 2.59131 trial_f 2.59131 accepted 1  lowest_f 2.51499
 Fit Status: False
 Force threshold: 0.4739
 Lowest RMSE: 0.0924
 Current RMSE: 0.0938
 Accepted count: 4
 Basinhop count: 1


adaptive stepsize: acceptance rate 0.750000 target 0.500000 new stepsize 1 old stepsize 0.9
basinhopping step 4: f 2.59131 trial_f 3.57182 accepted 0  lowest_f 2.51499
 Fit Status: False
 Force threshold: 0.4739
 Lowest RMSE: 0.0924
 Current RMSE: 0.1102
 Accepted count: 4
 Basinhop count: 2


adaptive stepsize: acceptance rate 0.600000 target 0.500000 new stepsize 1.11111 old stepsize 1
basinhopping step 5: f 2.59131 trial_f 2.94323 accepted 0  lowest_f 2.51499
 Fit Status: False
 Force threshold: 0.4739
 Lowest RMSE: 0.0924
 Current RMSE: 0.1000
 Accepted count: 4
 Basinhop count: 3


adaptive stepsize: acceptance rate 0.500000 target 0.500000 new stepsize 1 old stepsize 1.11111
basinhopping step 6: f 2.59131 trial_f 2.90939 accepted 0  lowest_f 2.51499
 Fit Status: False
 Force threshold: 0.4739
 Lowest RMSE: 0.0924
 Current RMSE: 0.0994
 Accepted count: 4
 Basinhop count: 4


adaptive stepsize: acceptance rate 0.428571 target 0.500000 new stepsize 0.9 old stepsize 1
basinhopping step 7: f 2.51552 trial_f 2.51552 accepted 1  lowest_f 2.51499
 Fit Status: True
 Force threshold: 0.4739
 Lowest RMSE: 0.0924
 Current RMSE: 0.0924
 Accepted count: 5
 Basinhop count: 5



 Performing Monte Carlo bootstrapping...
