<IPython.core.display.HTML object>
/app/BADASS3/example_spectra/2-onur
/app/BADASS3/example_spectra/2-onur/my_sdss.fits
0.37709343433380127
Start process memory: 0.22392422                    
 Folder has not been created.  Creating MCMC_output folder...

 > Starting fit for 2-onur

 Input fitting region exceeds available wavelength range.  BADASS will adjust your fitting range automatically...
		- Input fitting range: (2900, 8000)
		- Available wavelength range: (2590, 7551)
		- New fitting region is (2900, 7552). 


 Input spectrum is not linearly binned. BADASS will linearly rebin and conserve flux...


-----------------------------------------------------------
 file:                        my_sdss.fits                  
 redshift:                    0.37709                       
 fitting region:              (2900,7552) [A]               
 velocity scale:              69.03 [km/s/pixel]            
 Galactic E(B-V):             0.000                         
 Flux Normalization:          1e-17                         
 Fit Normalization:           43.82734                      
-----------------------------------------------------------

 Initializing parameters...
----------------------------------------------------------------------------------------------------
	- Fitting additive legendre polynomial component.
	- Fitting Simple AGN power-law continuum.
	- Fitting broad and narrow optical FeII using Veron-Cetty et al. (2004) optical FeII templates
	 		* varying optical FeII amplitudes
	 		* varying optical FeII dispersion.
	 		* varying optical FeII voff

 Warning! Peak finding algorithm used for initial guesses of amplitude and velocity failed! Defaulting to user-defined locations...

 Warning! Peak finding algorithm used for initial guesses of amplitude and velocity failed! Defaulting to user-defined locations...

----------------------------------------------------------------------------------------------------------------------------------------

----------------------------------------------------------------------------------------------------------------------------------------

 Line List:

----------------------------------------------------------------------------------------------------------------------------------------
BR_H_ALPHA                                                                                
                              amp                           free                          
                              center                        6564.6                        
                              center_pix                    3548.934645442245             
                              disp                          free                          
                              disp_res_ang                  1.8502644967088868            
                              disp_res_kms                  84.49796505780856             
                              line_profile                  gaussian                      
                              line_type                     br                            
                              ncomp                         1                             
                              voff                          free                          
BR_H_BETA                                                                                 
                              amp                           free                          
                              center                        4862.691                      
                              center_pix                    2245.6758979522447            
                              disp                          free                          
                              disp_res_ang                  1.8502644967088868            
                              disp_res_kms                  114.0716820004582             
                              line_profile                  gaussian                      
                              line_type                     br                            
                              ncomp                         1                             
                              voff                          free                          
BR_OII                                                                                    
                              amp                           free                          
                              center                        3727.09                       
                              center_pix                    1090.6586798802202            
                              disp                          free                          
                              disp_res_ang                  1.8502644967088868            
                              disp_res_kms                  148.82799755801176            
                              line_profile                  gaussian                      
                              line_type                     br                            
                              ncomp                         1                             
                              voff                          free                          
BR_OIII_a                                                                                 
                              amp                           (BR_OIII_b_AMP/2.98)          
                              center                        4960.295                      
                              center_pix                    2331.9804571452837            
                              disp                          BR_OIII_b_DISP                
                              disp_res_ang                  1.8502644967088868            
                              disp_res_kms                  111.82708718301836            
                              line_profile                  gaussian                      
                              line_type                     br                            
                              ncomp                         1                             
                              voff                          BR_OIII_b_VOFF                
BR_OIII_b                                                                                 
                              amp                           free                          
                              center                        5008.24                       
                              center_pix                    2373.754871843791             
                              disp                          free                          
                              disp_res_ang                  1.8502644967088868            
                              disp_res_kms                  110.75654150330058            
                              line_profile                  gaussian                      
                              line_type                     br                            
                              ncomp                         1                             
                              voff                          free                          
NA_H_ALPHA                                                                                
                              amp                           free                          
                              center                        6564.6                        
                              center_pix                    3548.934645442245             
                              disp                          free                          
                              disp_res_ang                  1.8502644967088868            
                              disp_res_kms                  84.49796505780856             
                              label                         [H$\alpha$]                   
                              line_profile                  gaussian                      
                              line_type                     na                            
                              ncomp                         1                             
                              voff                          free                          
NA_H_BETA                                                                                 
                              amp                           free                          
                              center                        4862.691                      
                              center_pix                    2245.6758979522447            
                              disp                          free                          
                              disp_res_ang                  1.8502644967088868            
                              disp_res_kms                  114.0716820004582             
                              label                         H$\beta$                      
                              line_profile                  gaussian                      
                              line_type                     na                            
                              ncomp                         1                             
                              voff                          free                          
NA_OII                                                                                    
                              amp                           free                          
                              center                        3727.09                       
                              center_pix                    1090.6586798802202            
                              disp                          free                          
                              disp_res_ang                  1.8502644967088868            
                              disp_res_kms                  148.82799755801176            
                              label                         [OII]                         
                              line_profile                  gaussian                      
                              line_type                     na                            
                              ncomp                         1                             
                              voff                          free                          
NA_OIII_a                                                                                 
                              amp                           (NA_OIII_b_AMP/2.98)          
                              center                        4960.295                      
                              center_pix                    2331.9804571452837            
                              disp                          NA_OIII_b_DISP                
                              disp_res_ang                  1.8502644967088868            
                              disp_res_kms                  111.82708718301836            
                              label                         [OIIIa]                       
                              line_profile                  gaussian                      
                              line_type                     na                            
                              ncomp                         1                             
                              voff                          NA_OIII_b_VOFF                
NA_OIII_b                                                                                 
                              amp                           free                          
                              center                        5008.24                       
                              center_pix                    2373.754871843791             
                              disp                          free                          
                              disp_res_ang                  1.8502644967088868            
                              disp_res_kms                  110.75654150330058            
                              label                         [OIIIb]                       
                              line_profile                  gaussian                      
                              line_type                     na                            
                              ncomp                         1                             
                              voff                          free                          

----------------------------------------------------------------------------------------------------------------------------------------

 Number of Free Line Parameters: 24

----------------------------------------------------------------------------------------------------------------------------------------

 All Free Parameters:

----------------------------------------------------------------------------------------------------------------------------------------
APOLY_COEFF_1                                                                             
                              init                          0.0                           
                              plim                          (-100.0, 100.0)               
APOLY_COEFF_2                                                                             
                              init                          0.0                           
                              plim                          (-100.0, 100.0)               
APOLY_COEFF_3                                                                             
                              init                          0.0                           
                              plim                          (-100.0, 100.0)               
APOLY_COEFF_4                                                                             
                              init                          0.0                           
                              plim                          (-100.0, 100.0)               
APOLY_COEFF_5                                                                             
                              init                          0.0                           
                              plim                          (-100.0, 100.0)               
APOLY_COEFF_6                                                                             
                              init                          0.0                           
                              plim                          (-100.0, 100.0)               
APOLY_COEFF_7                                                                             
                              init                          0.0                           
                              plim                          (-100.0, 100.0)               
BR_H_ALPHA_AMP                                                                            
                              init                          0.8533734938267555            
                              plim                          (0, 50)                       
BR_H_ALPHA_DISP                                                                           
                              init                          3300.0                        
                              plim                          (600, 6000)                   
BR_H_ALPHA_VOFF                                                                           
                              init                          0.0                           
                              plim                          (-1500, 1500)                 
                              prior                         {'type': 'gaussian'}          
BR_H_BETA_AMP                                                                             
                              init                          0.6137144115286459            
                              plim                          (0, 50)                       
BR_H_BETA_DISP                                                                            
                              init                          3300.0                        
                              plim                          (600, 6000)                   
BR_H_BETA_VOFF                                                                            
                              init                          0.0                           
                              plim                          (-1500, 1500)                 
                              prior                         {'type': 'gaussian'}          
BR_OIII_b_AMP                                                                             
                              init                          0.43623995818376954           
                              plim                          (0, 50)                       
BR_OIII_b_DISP                                                                            
                              init                          3300.0                        
                              plim                          (600, 6000)                   
BR_OIII_b_VOFF                                                                            
                              init                          0.0                           
                              plim                          (-1500, 1500)                 
                              prior                         {'type': 'gaussian'}          
BR_OII_AMP                                                                                
                              init                          0.6286948512291403            
                              plim                          (0, 50)                       
BR_OII_DISP                                                                               
                              init                          3300.0                        
                              plim                          (600, 6000)                   
BR_OII_VOFF                                                                               
                              init                          0.0                           
                              plim                          (-1500, 1500)                 
                              prior                         {'type': 'gaussian'}          
BR_OPT_FEII_AMP                                                                           
                              init                          0.048338838821703305          
                              plim                          (0, 1.5000001610049987)       
BR_OPT_FEII_DISP                                                                          
                              init                          500.0                         
                              plim                          (500.0, 5000.0)               
BR_OPT_FEII_VOFF                                                                          
                              init                          0.0                           
                              plim                          (-500.0, 500.0)               
NA_H_ALPHA_AMP                                                                            
                              init                          0.8533734938267555            
                              plim                          (0, 50)                       
NA_H_ALPHA_DISP                                                                           
                              init                          1300.0                        
                              plim                          (100, 2500)                   
NA_H_ALPHA_VOFF                                                                           
                              init                          0.0                           
                              plim                          (-1000, 1000)                 
                              prior                         {'type': 'gaussian'}          
NA_H_BETA_AMP                                                                             
                              init                          0.6137144115286459            
                              plim                          (0, 50)                       
NA_H_BETA_DISP                                                                            
                              init                          1300.0                        
                              plim                          (100, 2500)                   
NA_H_BETA_VOFF                                                                            
                              init                          0.0                           
                              plim                          (-1000, 1000)                 
                              prior                         {'type': 'gaussian'}          
NA_OIII_b_AMP                                                                             
                              init                          0.43623995818376954           
                              plim                          (0, 50)                       
NA_OIII_b_DISP                                                                            
                              init                          1300.0                        
                              plim                          (100, 2500)                   
NA_OIII_b_VOFF                                                                            
                              init                          0.0                           
                              plim                          (-1000, 1000)                 
                              prior                         {'type': 'gaussian'}          
NA_OII_AMP                                                                                
                              init                          0.6286948512291403            
                              plim                          (0, 50)                       
NA_OII_DISP                                                                               
                              init                          1300.0                        
                              plim                          (100, 2500)                   
NA_OII_VOFF                                                                               
                              init                          0.0                           
                              plim                          (-1000, 1000)                 
                              prior                         {'type': 'gaussian'}          
NA_OPT_FEII_AMP                                                                           
                              init                          0.048338838821703305          
                              plim                          (0, 1.5000001610049987)       
NA_OPT_FEII_DISP                                                                          
                              init                          10.0                          
                              plim                          (0.1, 500.0)                  
NA_OPT_FEII_VOFF                                                                          
                              init                          0.0                           
                              plim                          (-500.0, 500.0)               
POWER_AMP                                                                                 
                              init                          0.2416941941085165            
                              plim                          (0, 1.5000001610049987)       
POWER_SLOPE                                                                               
                              init                          -1.0                          
                              plim                          (-6.0, 6.0)                   

----------------------------------------------------------------------------------------------------------------------------------------

 Total number of free parameters: 39

----------------------------------------------------------------------------------------------------------------------------------------

 Soft Constraints:


----------------------------------------------------------------------------------------------------------------------------------------

----------------------------------------------------------------------------------------------------------------------------------------

 Required Maximum Likelihood RMSE threshold: 0.4497 


 Performing max. likelihood fitting.

 Using Basin-hopping algorithm to estimate parameters. niter_success = 5
warning: basinhopping: local minimization failure
basinhopping step 0: f 3.01776
 Fit Status: False
 Force threshold: 0.4497
 Lowest RMSE: 0.0557
 Current RMSE: 0.0557
 Accepted count: 1
 Basinhop count: 0


adaptive stepsize: acceptance rate 0.000000 target 0.500000 new stepsize 0.9 old stepsize 1
basinhopping step 1: f 3.05568 trial_f 3.05568 accepted 1  lowest_f 3.01776
 Fit Status: False
 Force threshold: 0.4497
 Lowest RMSE: 0.0557
 Current RMSE: 0.0561
 Accepted count: 2
 Basinhop count: 1


adaptive stepsize: acceptance rate 0.500000 target 0.500000 new stepsize 0.81 old stepsize 0.9
basinhopping step 2: f 2.90678 trial_f 2.90678 accepted 1  lowest_f 2.90678
found new global minimum on step 2 with function value 2.90678
 Fit Status: False
 Force threshold: 0.4497
 Lowest RMSE: 0.0547
 Current RMSE: 0.0547
 Accepted count: 3
 Basinhop count: 0


adaptive stepsize: acceptance rate 0.666667 target 0.500000 new stepsize 0.9 old stepsize 0.81
basinhopping step 3: f 2.90678 trial_f 3.1046 accepted 0  lowest_f 2.90678
 Fit Status: False
 Force threshold: 0.4497
 Lowest RMSE: 0.0547
 Current RMSE: 0.0565
 Accepted count: 3
 Basinhop count: 1


adaptive stepsize: acceptance rate 0.500000 target 0.500000 new stepsize 0.81 old stepsize 0.9
basinhopping step 4: f 2.81987 trial_f 2.81987 accepted 1  lowest_f 2.81987
found new global minimum on step 4 with function value 2.81987
 Fit Status: False
 Force threshold: 0.4497
 Lowest RMSE: 0.0539
 Current RMSE: 0.0539
 Accepted count: 4
 Basinhop count: 0


adaptive stepsize: acceptance rate 0.600000 target 0.500000 new stepsize 0.9 old stepsize 0.81
basinhopping step 5: f 2.89962 trial_f 2.89962 accepted 1  lowest_f 2.81987
 Fit Status: False
 Force threshold: 0.4497
 Lowest RMSE: 0.0539
 Current RMSE: 0.0546
 Accepted count: 5
 Basinhop count: 1


adaptive stepsize: acceptance rate 0.666667 target 0.500000 new stepsize 1 old stepsize 0.9
basinhopping step 6: f 2.82065 trial_f 2.82065 accepted 1  lowest_f 2.81987
 Fit Status: False
 Force threshold: 0.4497
 Lowest RMSE: 0.0539
 Current RMSE: 0.0539
 Accepted count: 6
 Basinhop count: 2


adaptive stepsize: acceptance rate 0.714286 target 0.500000 new stepsize 1.11111 old stepsize 1
basinhopping step 7: f 3.3898 trial_f 3.3898 accepted 1  lowest_f 2.81987
 Fit Status: False
 Force threshold: 0.4497
 Lowest RMSE: 0.0539
 Current RMSE: 0.0591
 Accepted count: 7
 Basinhop count: 3


adaptive stepsize: acceptance rate 0.750000 target 0.500000 new stepsize 1.23457 old stepsize 1.11111
basinhopping step 8: f 2.66829 trial_f 2.66829 accepted 1  lowest_f 2.66829
found new global minimum on step 8 with function value 2.66829
 Fit Status: False
 Force threshold: 0.4497
 Lowest RMSE: 0.0524
 Current RMSE: 0.0524
 Accepted count: 8
 Basinhop count: 0


adaptive stepsize: acceptance rate 0.777778 target 0.500000 new stepsize 1.37174 old stepsize 1.23457
basinhopping step 9: f 2.66829 trial_f 11.7499 accepted 0  lowest_f 2.66829
 Fit Status: False
 Force threshold: 0.4497
 Lowest RMSE: 0.0524
 Current RMSE: 0.1100
 Accepted count: 8
 Basinhop count: 1


adaptive stepsize: acceptance rate 0.700000 target 0.500000 new stepsize 1.52416 old stepsize 1.37174
basinhopping step 10: f 2.66829 trial_f 4.08831 accepted 0  lowest_f 2.66829
 Fit Status: False
 Force threshold: 0.4497
 Lowest RMSE: 0.0524
 Current RMSE: 0.0649
 Accepted count: 8
 Basinhop count: 2


adaptive stepsize: acceptance rate 0.636364 target 0.500000 new stepsize 1.69351 old stepsize 1.52416
basinhopping step 11: f 2.66829 trial_f 11.9364 accepted 0  lowest_f 2.66829
 Fit Status: False
 Force threshold: 0.4497
 Lowest RMSE: 0.0524
 Current RMSE: 0.1108
 Accepted count: 8
 Basinhop count: 3


adaptive stepsize: acceptance rate 0.583333 target 0.500000 new stepsize 1.88168 old stepsize 1.69351
basinhopping step 12: f 2.81996 trial_f 2.81996 accepted 1  lowest_f 2.66829
 Fit Status: False
 Force threshold: 0.4497
 Lowest RMSE: 0.0524
 Current RMSE: 0.0539
 Accepted count: 9
 Basinhop count: 4


adaptive stepsize: acceptance rate 0.615385 target 0.500000 new stepsize 2.09075 old stepsize 1.88168
basinhopping step 13: f 2.81996 trial_f 13.239 accepted 0  lowest_f 2.66829
 Fit Status: True
 Force threshold: 0.4497
 Lowest RMSE: 0.0524
 Current RMSE: 0.1167
 Accepted count: 9
 Basinhop count: 5



 Performing Monte Carlo bootstrapping...
