patched GLEAM label offsets
patched GLEAM non-fatal plotting
patched GLEAM doublet ties
WARNING: AstropyDeprecationWarning: The truth value of a Quantity is ambiguous. In the future this will raise a ValueError. [astropy.units.quantity]
Now working in  on sdss in sdss + fiber1 on source 1 at z=0.175.
Warning: non-constant dispersion
[[Model]]
    (Model(constant) + Model(gaussian, prefix='g0_'))
[[Fit Statistics]]
    # fitting method   = leastsq
    # function evals   = 36
    # data points      = 93
    # variables        = 4
    chi-square         = 189.829030
    reduced chi-square = 2.13291045
    Akaike info crit   = 74.3577628
    Bayesian info crit = 84.4881607
    R-squared          = 0.57083480
[[Variables]]
    c:             761.083809 +/- 2.91317051 (0.38%) (init = 766.5459)
    g0_amplitude:  801.491045 +/- 93.1686865 (11.62%) (init = 411.5578)
    g0_center:     3726.78704 +/- 0.27780301 (0.01%) (init = 3728.48)
    g0_sigma:      2.23037815 +/- 0.28155009 (12.62%) (init = 1.084136)
    g0_fwhm:       5.25213906 +/- 0.66299978 (12.62%) == '2.3548200*g0_sigma'
    g0_height:     143.360749 +/- 17.2111769 (12.01%) == '0.3989423*g0_amplitude/max(1e-15, g0_sigma)'
[[Correlations]] (unreported correlations are < 0.100)
    C(g0_amplitude, g0_sigma) = +0.5123
    C(c, g0_amplitude)        = -0.3725
    C(c, g0_sigma)            = -0.2426
Warning: non-constant dispersion
Warning: non-constant dispersion
[[Model]]
    ((Model(constant) + Model(gaussian, prefix='g0_')) + Model(gaussian, prefix='g1_'))
[[Fit Statistics]]
    # fitting method   = leastsq
    # function evals   = 13324
    # data points      = 72
    # variables        = 7
    chi-square         = 142.677453
    reduced chi-square = 2.19503774
    Akaike info crit   = 63.2422682
    Bayesian info crit = 79.1789311
    R-squared          = 0.96293991
##  Warning: uncertainties could not be estimated:
    g0_center:     at boundary
[[Variables]]
    c:             203.668851 (init = 261.6336)
    g0_amplitude:  1942.57769 (init = 217.4203)
    g0_center:     4859.68000 (init = 4862.68)
    g0_sigma:      4067.89265 (init = 1.084136)
    g1_amplitude:  4672.99406 (init = 217.4203)
    g1_center:     4861.39319 (init = 4862.68)
    g1_sigma:      15.9361275 (init = 1.084136)
    g0_fwhm:       9579.15498 == '2.3548200*g0_sigma'
    g0_height:     0.19051054 == '0.3989423*g0_amplitude/max(1e-15, g0_sigma)'
    g1_fwhm:       37.5267118 == '2.3548200*g1_sigma'
    g1_height:     116.982937 == '0.3989423*g1_amplitude/max(1e-15, g1_sigma)'
NonDetection when fitting set of lines [4862.68 4862.68] Angstrom, try a simpler model
[[Model]]
    (Model(constant) + Model(gaussian, prefix='g0_'))
[[Fit Statistics]]
    # fitting method   = leastsq
    # function evals   = 41
    # data points      = 72
    # variables        = 4
    chi-square         = 142.677451
    reduced chi-square = 2.09819781
    Akaike info crit   = 57.2422671
    Bayesian info crit = 66.3489316
    R-squared          = 0.96293991
[[Variables]]
    c:             203.859340 +/- 2.79981070 (1.37%) (init = 261.6336)
    g0_amplitude:  4672.99524 +/- 236.328650 (5.06%) (init = 217.4203)
    g0_center:     4861.39319 +/- 0.26525744 (0.01%) (init = 4862.68)
    g0_sigma:      15.9361297 +/- 0.56698171 (3.56%) (init = 1.084136)
    g0_fwhm:       37.5267170 +/- 1.33513989 (3.56%) == '2.3548200*g0_sigma'
    g0_height:     116.982950 +/- 2.79904400 (2.39%) == '0.3989423*g0_amplitude/max(1e-15, g0_sigma)'
[[Correlations]] (unreported correlations are < 0.100)
    C(c, g0_amplitude)        = -0.9576
    C(g0_amplitude, g0_sigma) = +0.9034
    C(c, g0_sigma)            = -0.8886
Warning: non-constant dispersion
Warning: non-constant dispersion
Warning: non-constant dispersion
Warning: non-constant dispersion
[[Model]]
    ((Model(constant) + Model(gaussian, prefix='g0_')) + Model(gaussian, prefix='g1_'))
[[Fit Statistics]]
    # fitting method   = leastsq
    # function evals   = 85
    # data points      = 112
    # variables        = 6
    chi-square         = 1196.93580
    reduced chi-square = 11.2918472
    Akaike info crit   = 277.330374
    Bayesian info crit = 293.641368
    R-squared          = 0.90461805
[[Variables]]
    c:             173.826756 +/- 1.26832031 (0.73%) (init = 179.3527)
    g0_amplitude:  477.472153 +/- 23.2907910 (4.88%) == 'g1_amplitude / 3.0'
    g0_center:     4957.53298 +/- 0.41958942 (0.01%) (init = 4960.3)
    g0_sigma:      3.08634299 +/- 0.36429581 (11.80%) (init = 1.084136)
    g1_amplitude:  1432.41646 +/- 69.8723731 (4.88%) (init = 548.1897)
    g1_center:     5005.40633 +/- 0.16833314 (0.00%) (init = 5008.24)
    g1_sigma:      3.01279921 +/- 0.16072490 (5.33%) (init = 1.084136)
    g0_fwhm:       7.26778219 +/- 0.85785107 (11.80%) == '2.3548200*g0_sigma'
    g0_height:     61.7182989 +/- 7.13447384 (11.56%) == '0.3989423*g0_amplitude/max(1e-15, g0_sigma)'
    g1_fwhm:       7.09459983 +/- 0.37847821 (5.33%) == '2.3548200*g1_sigma'
    g1_height:     189.674611 +/- 10.6557079 (5.62%) == '0.3989423*g1_amplitude/max(1e-15, g1_sigma)'
[[Correlations]] (unreported correlations are < 0.100)
    C(g1_amplitude, g1_sigma) = +0.3976
    C(c, g1_amplitude)        = -0.3840
    C(g0_sigma, g1_amplitude) = +0.2561
    C(c, g1_sigma)            = -0.2319
    C(c, g0_sigma)            = -0.1309
    C(g0_sigma, g1_sigma)     = +0.1048
Warning: non-constant dispersion
Warning: non-constant dispersion
[[Model]]
    ((((Model(constant) + Model(gaussian, prefix='g0_')) + Model(gaussian, prefix='g1_')) + Model(gaussian, prefix='g2_')) + Model(gaussian, prefix='g3_'))
[[Fit Statistics]]
    # fitting method   = leastsq
    # function evals   = 278
    # data points      = 71
    # variables        = 12
    chi-square         = 68.8285972
    reduced chi-square = 1.16658639
    Akaike info crit   = 21.7947001
    Bayesian info crit = 48.9468586
    R-squared          = 0.99793805
[[Variables]]
    c:             53.4232085 +/- 0.99102413 (1.86%) (init = 107.0348)
    g0_amplitude:  74.2858073 +/- 7.09840558 (9.56%) == 'g3_amplitude / 3.0'
    g0_center:     6546.90192 +/- 1274.13394 (19.46%) (init = 6549.86)
    g0_sigma:      60.9395258 +/- 2037.34394 (3343.22%) (init = 1.084136)
    g1_amplitude:  5844.23033 +/- 1353.04923 (23.15%) (init = 256.5675)
    g1_center:     6561.60001 +/- 0.53462781 (0.01%) (init = 6564.6)
    g1_sigma:      22.9612039 +/- 1.55506327 (6.77%) (init = 1.084136)
    g2_amplitude:  345.323918 +/- 20.1021012 (5.82%) (init = 256.5675)
    g2_center:     6561.90300 +/- 0.13109552 (0.00%) (init = 6564.6)
    g2_sigma:      2.95720469 +/- 0.16069969 (5.43%) (init = 1.084136)
    g3_amplitude:  222.857422 +/- 21.2952168 (9.56%) (init = 256.5675)
    g3_center:     6582.77832 +/- 0.23958377 (0.00%) (init = 6585.27)
    g3_sigma:      3.48375866 +/- 0.28378658 (8.15%) (init = 1.084136)
    g0_fwhm:       143.501614 +/- 4797.57826 (3343.22%) == '2.3548200*g0_sigma'
    g0_height:     0.48631410 +/- 16.2802319 (3347.68%) == '0.3989423*g0_amplitude/max(1e-15, g0_sigma)'
    g1_fwhm:       54.0695021 +/- 3.66189410 (6.77%) == '2.3548200*g1_sigma'
    g1_height:     101.541309 +/- 16.7195303 (16.47%) == '0.3989423*g1_amplitude/max(1e-15, g1_sigma)'
    g2_fwhm:       6.96368475 +/- 0.37841885 (5.43%) == '2.3548200*g2_sigma'
    g2_height:     46.5859934 +/- 2.26513824 (4.86%) == '0.3989423*g2_amplitude/max(1e-15, g2_sigma)'
    g3_fwhm:       8.20362456 +/- 0.66826632 (8.15%) == '2.3548200*g3_sigma'
    g3_height:     25.5204970 +/- 1.42180310 (5.57%) == '0.3989423*g3_amplitude/max(1e-15, g3_sigma)'
[[Correlations]] (unreported correlations are < 0.100)
    C(g0_sigma, g1_amplitude)     = +0.9976
    C(g0_center, g0_sigma)        = -0.9922
    C(g1_amplitude, g1_sigma)     = +0.9909
    C(g0_center, g1_amplitude)    = -0.9853
    C(g0_sigma, g1_sigma)         = +0.9824
    C(g0_center, g1_sigma)        = -0.9605
    C(g3_amplitude, g3_sigma)     = +0.8134
    C(g2_amplitude, g2_sigma)     = +0.6287
    C(c, g1_center)               = -0.5318
    C(g0_center, g3_amplitude)    = +0.4964
    C(g1_amplitude, g3_amplitude) = -0.4794
    C(g0_sigma, g3_amplitude)     = -0.4652
    C(g1_sigma, g3_amplitude)     = -0.4527
    C(g3_center, g3_sigma)        = -0.4321
    C(g1_center, g2_amplitude)    = +0.4165
    C(g1_center, g1_sigma)        = +0.3990
    C(g0_center, g3_sigma)        = +0.3642
    C(g1_sigma, g2_amplitude)     = +0.3642
    C(g3_amplitude, g3_center)    = -0.3577
    C(g1_amplitude, g3_sigma)     = -0.3555
    C(g1_amplitude, g1_center)    = +0.3448
    C(g0_sigma, g3_sigma)         = -0.3423
    C(g1_sigma, g3_sigma)         = -0.3391
    C(g0_sigma, g1_center)        = +0.3287
    C(g1_center, g3_amplitude)    = +0.3153
    C(c, g2_amplitude)            = -0.2988
    C(g1_center, g2_sigma)        = +0.2946
    C(g1_amplitude, g2_amplitude) = +0.2930
    C(g0_sigma, g2_amplitude)     = +0.2864
    C(g1_center, g3_sigma)        = +0.2469
    C(g0_center, g2_amplitude)    = -0.2464
    C(g1_sigma, g2_sigma)         = +0.2451
    C(c, g0_center)               = -0.2244
    C(g0_center, g1_center)       = -0.2227
    C(c, g2_sigma)                = -0.2158
    C(g2_amplitude, g3_center)    = -0.1959
    C(g1_center, g3_center)       = -0.1922
    C(g1_amplitude, g2_sigma)     = +0.1916
    C(g0_sigma, g2_sigma)         = +0.1878
    C(c, g3_center)               = +0.1669
    C(c, g3_amplitude)            = -0.1603
    C(g0_center, g2_sigma)        = -0.1594
    C(g2_amplitude, g3_amplitude) = +0.1536
    C(g2_sigma, g3_center)        = -0.1423
    C(g2_sigma, g3_amplitude)     = +0.1299
    C(c, g0_sigma)                = +0.1270
    C(g1_center, g2_center)       = +0.1242
    C(g2_center, g3_amplitude)    = +0.1190
    C(g2_amplitude, g3_sigma)     = +0.1146
    C(g1_sigma, g3_center)        = -0.1025
Warning: non-constant dispersion
Warning: non-constant dispersion
[[Model]]
    ((Model(constant) + Model(gaussian, prefix='g0_')) + Model(gaussian, prefix='g1_'))
[[Fit Statistics]]
    # fitting method   = leastsq
    # function evals   = 115
    # data points      = 61
    # variables        = 7
    chi-square         = 361.261979
    reduced chi-square = 6.69003664
    Akaike info crit   = 122.502502
    Bayesian info crit = 137.278619
    R-squared          = 0.42445517
[[Variables]]
    c:             617.052522 +/- 4.62517498 (0.75%) (init = 635.1866)
    g0_amplitude:  936.435575 +/- 187.313172 (20.00%) (init = 225.068)
    g0_center:     6715.47438 +/- 0.73648850 (0.01%) (init = 6718.29)
    g0_sigma:      3.59327451 +/- 0.77371188 (21.53%) (init = 1.084136)
    g1_amplitude:  481.838125 +/- 148.925716 (30.91%) (init = 225.068)
    g1_center:     6729.73896 +/- 0.77769604 (0.01%) (init = 6732.67)
    g1_sigma:      2.33518409 +/- 0.81440961 (34.88%) (init = 1.084136)
    g0_fwhm:       8.46151468 +/- 1.82195221 (21.53%) == '2.3548200*g0_sigma'
    g0_height:     103.967498 +/- 21.1490393 (20.34%) == '0.3989423*g0_amplitude/max(1e-15, g0_sigma)'
    g1_fwhm:       5.49893821 +/- 1.91778804 (34.88%) == '2.3548200*g1_sigma'
    g1_height:     82.3171117 +/- 23.0525122 (28.00%) == '0.3989423*g1_amplitude/max(1e-15, g1_sigma)'
[[Correlations]] (unreported correlations are < 0.100)
    C(g1_amplitude, g1_sigma)  = +0.6435
    C(g0_amplitude, g0_sigma)  = +0.5223
    C(c, g0_amplitude)         = -0.4455
    C(c, g1_amplitude)         = -0.3435
    C(c, g0_sigma)             = -0.2638
    C(g1_center, g1_sigma)     = +0.2132
    C(g1_amplitude, g1_center) = +0.1918
    C(c, g1_sigma)             = -0.1718
    C(g0_sigma, g1_sigma)      = -0.1012
Warning: non-constant dispersion
multiprocessing.pool.RemoteTraceback: 
"""
Traceback (most recent call last):
  File "/usr/local/lib/python3.8/multiprocessing/pool.py", line 125, in worker
    result = (True, func(*args, **kwds))
  File "/usr/local/lib/python3.8/multiprocessing/pool.py", line 51, in starmapstar
    return list(itertools.starmap(args[0], args[1]))
  File "/usr/local/lib/python3.8/site-packages/gleam/main.py", line 147, in run_main
    print("WARNING: GLEAM plot_line failed:", _e)
  File "/usr/local/lib/python3.8/contextlib.py", line 120, in __exit__
    next(self.gen)
  File "/usr/local/lib/python3.8/site-packages/gleam/plot_gaussian.py", line 401, in overview_plot
    plt.savefig(f"{basename}.png", format="png", bbox_inches="tight")
  File "/usr/local/lib/python3.8/site-packages/matplotlib/pyplot.py", line 1023, in savefig
    res = fig.savefig(*args, **kwargs)
  File "/usr/local/lib/python3.8/site-packages/matplotlib/figure.py", line 3378, in savefig
    self.canvas.print_figure(fname, **kwargs)
  File "/usr/local/lib/python3.8/site-packages/matplotlib/backend_bases.py", line 2342, in print_figure
    self.figure.draw(renderer)
  File "/usr/local/lib/python3.8/site-packages/matplotlib/artist.py", line 95, in draw_wrapper
    result = draw(artist, renderer, *args, **kwargs)
  File "/usr/local/lib/python3.8/site-packages/matplotlib/artist.py", line 72, in draw_wrapper
    return draw(artist, renderer)
  File "/usr/local/lib/python3.8/site-packages/matplotlib/figure.py", line 3175, in draw
    mimage._draw_list_compositing_images(
  File "/usr/local/lib/python3.8/site-packages/matplotlib/image.py", line 131, in _draw_list_compositing_images
    a.draw(renderer)
  File "/usr/local/lib/python3.8/site-packages/matplotlib/artist.py", line 39, in draw_wrapper
    return draw(artist, renderer, *args, **kwargs)
  File "/usr/local/lib/python3.8/site-packages/mpl_toolkits/axes_grid1/parasite_axes.py", line 138, in draw
    super().draw(renderer)
  File "/usr/local/lib/python3.8/site-packages/matplotlib/artist.py", line 72, in draw_wrapper
    return draw(artist, renderer)
  File "/usr/local/lib/python3.8/site-packages/matplotlib/axes/_base.py", line 3064, in draw
    mimage._draw_list_compositing_images(
  File "/usr/local/lib/python3.8/site-packages/matplotlib/image.py", line 131, in _draw_list_compositing_images
    a.draw(renderer)
  File "/usr/local/lib/python3.8/site-packages/matplotlib/artist.py", line 72, in draw_wrapper
    return draw(artist, renderer)
  File "/usr/local/lib/python3.8/site-packages/matplotlib/text.py", line 757, in draw
    posx = float(self.convert_xunits(self._x))
TypeError: only size-1 arrays can be converted to Python scalars
"""

The above exception was the direct cause of the following exception:

Traceback (most recent call last):
  File "/usr/local/bin/gleam", line 8, in <module>
    sys.exit(pipeline())
  File "/usr/local/lib/python3.8/site-packages/click/core.py", line 829, in __call__
    return self.main(*args, **kwargs)
  File "/usr/local/lib/python3.8/site-packages/click/core.py", line 782, in main
    rv = self.invoke(ctx)
  File "/usr/local/lib/python3.8/site-packages/click/core.py", line 1066, in invoke
    return ctx.invoke(self.callback, **ctx.params)
  File "/usr/local/lib/python3.8/site-packages/click/core.py", line 610, in invoke
    return callback(*args, **kwargs)
  File "/usr/local/lib/python3.8/site-packages/gleam/__init__.py", line 136, in pipeline
    p.starmap(gleam.main.run_main, unique_sources)
  File "/usr/local/lib/python3.8/multiprocessing/pool.py", line 372, in starmap
    return self._map_async(func, iterable, starmapstar, chunksize).get()
  File "/usr/local/lib/python3.8/multiprocessing/pool.py", line 771, in get
    raise self._value
TypeError: only size-1 arrays can be converted to Python scalars
Matplotlib Version: 3.7.5
total 5100
-rw-rw-r-- 1 1000 1000  19599 Sep 29 16:05 docker.log
-rw-r--r-- 1 1000 1000 473472 Sep 29 10:34 linefits.sdss.sdss.fiber1.001.Ha.Ha_broad.NII1.png
-rw-rw-r-- 1 1000 1000 459689 Sep 27 23:39 linefits.sdss.sdss.fiber1.001.Ha.NII1.png
-rw-r--r-- 1 root root 471663 Sep 30 01:26 linefits.sdss.sdss.fiber1.001.Hb.Hb_broad.png
-rw-rw-r-- 1 1000 1000 460843 Sep 27 23:39 linefits.sdss.sdss.fiber1.001.Hb.png
-rw-r--r-- 1 root root 480474 Sep 30 01:26 linefits.sdss.sdss.fiber1.001.NII2.Ha.Ha_broad.NII1.png
-rw-r--r-- 1 root root 469670 Sep 30 01:25 linefits.sdss.sdss.fiber1.001.OII.png
-rw-r--r-- 1 root root 457934 Sep 30 01:26 linefits.sdss.sdss.fiber1.001.OIII4.OIII5.png
-rw-r--r-- 1 1000 1000 455038 Sep 29 09:07 linefits.sdss.sdss.fiber1.001.OIII4.png
-rw-r--r-- 1 1000 1000 445328 Sep 29 09:08 linefits.sdss.sdss.fiber1.001.OIII5.png
-rw-r--r-- 1 root root 470099 Sep 30 01:26 linefits.sdss.sdss.fiber1.001.SII1.SII2.png
-rw-r--r-- 1 root root  20160 Sep 30 01:26 linefits.sdss.sdss.fiber1.001.fits
-rw-r--r-- 1 1000 1000 513823 Sep 29 10:34 linefits.sdss.sdss.fiber1.001.png
total 12K
-rw-r--r-- 1 root root 1.2K Sep 21 02:20 =5.2
drwxr-xr-x 1 root root 4.0K Sep 30 01:24 input
drwxrwxr-x 2 1000 1000 4.0K Sep 30 01:26 output
-rw-r--r-- 1 root root 1.2K Sep 21 02:20 /app/=5.2

/app/input:
total 132K
-rw-rw-r-- 1 1000 1000  12K Aug 28 20:16 Sky_bands.fits
-rw-rw-r-- 1 1000 1000 1.3K Sep 29 07:43 gleam.sh
-rw-rw-r-- 1 1000 1000 5.4K Sep 29 15:08 gleam_doublet_patch.py
-rw-rw-r-- 1 1000 1000 2.6K Sep 30 00:15 gleamconfig.yaml
-rw-rw-r-- 1 1000 1000 8.5K Sep 29 14:37 line_table.fits
-rw-rw-r-- 1 1000 1000  115 Sep 30 01:24 meta.dat
-rw-rw-r-- 1 1000 1000  85K Sep 30 01:24 spec1d.sdss.sdss.fiber1.1.fits

/app/output:
total 5.0M
-rw-rw-r-- 1 1000 1000  20K Sep 29 16:05 docker.log
-rw-r--r-- 1 1000 1000 463K Sep 29 10:34 linefits.sdss.sdss.fiber1.001.Ha.Ha_broad.NII1.png
-rw-rw-r-- 1 1000 1000 449K Sep 27 23:39 linefits.sdss.sdss.fiber1.001.Ha.NII1.png
-rw-r--r-- 1 root root 461K Sep 30 01:26 linefits.sdss.sdss.fiber1.001.Hb.Hb_broad.png
-rw-rw-r-- 1 1000 1000 451K Sep 27 23:39 linefits.sdss.sdss.fiber1.001.Hb.png
-rw-r--r-- 1 root root 470K Sep 30 01:26 linefits.sdss.sdss.fiber1.001.NII2.Ha.Ha_broad.NII1.png
-rw-r--r-- 1 root root 459K Sep 30 01:25 linefits.sdss.sdss.fiber1.001.OII.png
-rw-r--r-- 1 root root 448K Sep 30 01:26 linefits.sdss.sdss.fiber1.001.OIII4.OIII5.png
-rw-r--r-- 1 1000 1000 445K Sep 29 09:07 linefits.sdss.sdss.fiber1.001.OIII4.png
-rw-r--r-- 1 1000 1000 435K Sep 29 09:08 linefits.sdss.sdss.fiber1.001.OIII5.png
-rw-r--r-- 1 root root 460K Sep 30 01:26 linefits.sdss.sdss.fiber1.001.SII1.SII2.png
-rw-r--r-- 1 root root  20K Sep 30 01:26 linefits.sdss.sdss.fiber1.001.fits
-rw-r--r-- 1 1000 1000 502K Sep 29 10:34 linefits.sdss.sdss.fiber1.001.png
