my_sdss.fits
[1.2286304 1.2286304 1.2286304 ... 1.2286304 1.2286304 1.2286304]
Directory  my_sdss  Created 
global my_sdss/
Directory  output/  already exists
stati 802726.5736399604
1 iter stat:  6833.731698944597
2 iter stat:  4002.386990818224
3 iter stat:  1850.1957346199488
4 iter stat:  997.1250412156951
5 iter stat:  431.83318003728346
6 iter stat:  324.6555716563598
7 iter stat:  212.57743906647374
8 iter stat:  241.09876099185203
9 iter stat:  236.65736695220403
10 iter stat:  259.8777536861453
fit ok
./output/my_sdss_model.csv
brokenpowerlaw + OIIIb5007_br + OIIIb5007_na + HBeta4834_br + HAlpha6551_br + HBeta4834_na + HAlpha6551_na
   Param        Type          Value          Min          Max      Units
   -----        ----          -----          ---          ---      -----
   brokenpowerlaw.refer thawed      6949.13         5400         7000  angstroms
   brokenpowerlaw.ampl thawed      36.4959      36.0571      39.8526  angstroms
   brokenpowerlaw.index1 thawed    -0.715952           -3            0           
   brokenpowerlaw.index2 thawed           -1           -1            1           
   OIIIb5007_br.ampl thawed      6.02362            0           50           
   OIIIb5007_br.pos frozen         5007            0  3.40282e+38  angstroms
   OIIIb5007_br.offs_kms thawed        -1500        -1500          500       km/s
   OIIIb5007_br.fwhm thawed         3000          700         3000       km/s
   OIIIb5007_na.ampl thawed      16.3399            0           50           
   OIIIb5007_na.pos frozen         5007            0  3.40282e+38  angstroms
   OIIIb5007_na.offs_kms thawed     -135.623        -1500          500       km/s
   OIIIb5007_na.fwhm thawed      473.571          100         1500       km/s
   HBeta4834_br.ampl thawed      27.3625            0           50           
   HBeta4834_br.pos frozen         4834            0  3.40282e+38  angstroms
   HBeta4834_br.offs_kms thawed          500        -1500          500       km/s
   HBeta4834_br.fwhm thawed         3000          700         3000       km/s
   HAlpha6551_br.ampl thawed           50            0           50           
   HAlpha6551_br.pos frozen         6551            0  3.40282e+38  angstroms
   HAlpha6551_br.offs_kms thawed          500        -1500          500       km/s
   HAlpha6551_br.fwhm thawed         3000          700         3000       km/s
   HBeta4834_na.ampl thawed            0            0           50           
   HBeta4834_na.pos frozen         4834            0  3.40282e+38  angstroms
   HBeta4834_na.offs_kms thawed     -512.885        -1500          500       km/s
   HBeta4834_na.fwhm thawed      1131.07          100         1500       km/s
   HAlpha6551_na.ampl thawed           50            0           50           
   HAlpha6551_na.pos frozen         6551            0  3.40282e+38  angstroms
   HAlpha6551_na.offs_kms thawed     -630.243        -1500          500       km/s
   HAlpha6551_na.fwhm thawed         1500          100         1500       km/s
skipping monte_carlo (FANTASY_MC=0)
