<IPython.core.display.HTML object>
/app/BADASS3/example_spectra/2-onur
/app/BADASS3/example_spectra/2-onur/my_sdss.fits
0.4675198495388031
Start process memory: 0.22361293                    
 Folder has not been created.  Creating MCMC_output folder...

 > Starting fit for 2-onur

 Input fitting region exceeds available wavelength range.  BADASS will adjust your fitting range automatically...
		- Input fitting range: (2900, 8000)
		- Available wavelength range: (2430, 7086)
		- New fitting region is (2900, 7087). 


 Input spectrum is not linearly binned. BADASS will linearly rebin and conserve flux...


-----------------------------------------------------------
 file:                        my_sdss.fits                  
 redshift:                    0.46752                       
 fitting region:              (2900,7087) [A]               
 velocity scale:              69.03 [km/s/pixel]            
 Galactic E(B-V):             0.000                         
 Flux Normalization:          1e-17                         
 Fit Normalization:           87.21572                      
-----------------------------------------------------------

 Initializing parameters...
----------------------------------------------------------------------------------------------------
	- Fitting additive legendre polynomial component.
	- Fitting Simple AGN power-law continuum.
	- Fitting broad and narrow optical FeII using Veron-Cetty et al. (2004) optical FeII templates
	 		* varying optical FeII amplitudes
	 		* varying optical FeII dispersion.
	 		* varying optical FeII voff

 Warning! Peak finding algorithm used for initial guesses of amplitude and velocity failed! Defaulting to user-defined locations...

 Warning! Peak finding algorithm used for initial guesses of amplitude and velocity failed! Defaulting to user-defined locations...

----------------------------------------------------------------------------------------------------------------------------------------

----------------------------------------------------------------------------------------------------------------------------------------

 Line List:

----------------------------------------------------------------------------------------------------------------------------------------
BR_H_ALPHA                                                                                
                              amp                           free                          
                              center                        6564.6                        
                              center_pix                    3548.1282776527223            
                              disp                          free                          
                              disp_res_ang                  1.7362539191544824            
                              disp_res_kms                  79.29132470149827             
                              line_profile                  gaussian                      
                              line_type                     br                            
                              ncomp                         1                             
                              voff                          free                          
BR_H_BETA                                                                                 
                              amp                           free                          
                              center                        4862.691                      
                              center_pix                    2244.869548166945             
                              disp                          free                          
                              disp_res_ang                  1.7362539191544824            
                              disp_res_kms                  107.04275269299562            
                              line_profile                  gaussian                      
                              line_type                     br                            
                              ncomp                         1                             
                              voff                          free                          
BR_OII                                                                                    
                              amp                           free                          
                              center                        3727.09                       
                              center_pix                    1089.8523293271826            
                              disp                          free                          
                              disp_res_ang                  1.7362539191544824            
                              disp_res_kms                  139.6574351935305             
                              line_profile                  gaussian                      
                              line_type                     br                            
                              ncomp                         1                             
                              voff                          free                          
BR_OIII_a                                                                                 
                              amp                           (BR_OIII_b_AMP/2.98)          
                              center                        4960.295                      
                              center_pix                    2331.1740808502395            
                              disp                          BR_OIII_b_DISP                
                              disp_res_ang                  1.7362539191544824            
                              disp_res_kms                  104.93646650762817            
                              line_profile                  gaussian                      
                              line_type                     br                            
                              ncomp                         1                             
                              voff                          BR_OIII_b_VOFF                
BR_OIII_b                                                                                 
                              amp                           free                          
                              center                        5008.24                       
                              center_pix                    2372.948525579921             
                              disp                          free                          
                              disp_res_ang                  1.7362539191544824            
                              disp_res_kms                  103.93188627850412            
                              line_profile                  gaussian                      
                              line_type                     br                            
                              ncomp                         1                             
                              voff                          free                          
NA_H_ALPHA                                                                                
                              amp                           free                          
                              center                        6564.6                        
                              center_pix                    3548.1282776527223            
                              disp                          free                          
                              disp_res_ang                  1.7362539191544824            
                              disp_res_kms                  79.29132470149827             
                              label                         [H$\alpha$]                   
                              line_profile                  gaussian                      
                              line_type                     na                            
                              ncomp                         1                             
                              voff                          free                          
NA_H_BETA                                                                                 
                              amp                           free                          
                              center                        4862.691                      
                              center_pix                    2244.869548166945             
                              disp                          free                          
                              disp_res_ang                  1.7362539191544824            
                              disp_res_kms                  107.04275269299562            
                              label                         H$\beta$                      
                              line_profile                  gaussian                      
                              line_type                     na                            
                              ncomp                         1                             
                              voff                          free                          
NA_OII                                                                                    
                              amp                           free                          
                              center                        3727.09                       
                              center_pix                    1089.8523293271826            
                              disp                          free                          
                              disp_res_ang                  1.7362539191544824            
                              disp_res_kms                  139.6574351935305             
                              label                         [OII]                         
                              line_profile                  gaussian                      
                              line_type                     na                            
                              ncomp                         1                             
                              voff                          free                          
NA_OIII_a                                                                                 
                              amp                           (NA_OIII_b_AMP/2.98)          
                              center                        4960.295                      
                              center_pix                    2331.1740808502395            
                              disp                          NA_OIII_b_DISP                
                              disp_res_ang                  1.7362539191544824            
                              disp_res_kms                  104.93646650762817            
                              label                         [OIIIa]                       
                              line_profile                  gaussian                      
                              line_type                     na                            
                              ncomp                         1                             
                              voff                          NA_OIII_b_VOFF                
NA_OIII_b                                                                                 
                              amp                           free                          
                              center                        5008.24                       
                              center_pix                    2372.948525579921             
                              disp                          free                          
                              disp_res_ang                  1.7362539191544824            
                              disp_res_kms                  103.93188627850412            
                              label                         [OIIIb]                       
                              line_profile                  gaussian                      
                              line_type                     na                            
                              ncomp                         1                             
                              voff                          free                          

----------------------------------------------------------------------------------------------------------------------------------------

 Number of Free Line Parameters: 24

----------------------------------------------------------------------------------------------------------------------------------------

 All Free Parameters:

----------------------------------------------------------------------------------------------------------------------------------------
APOLY_COEFF_1                                                                             
                              init                          0.0                           
                              plim                          (-100.0, 100.0)               
APOLY_COEFF_2                                                                             
                              init                          0.0                           
                              plim                          (-100.0, 100.0)               
APOLY_COEFF_3                                                                             
                              init                          0.0                           
                              plim                          (-100.0, 100.0)               
APOLY_COEFF_4                                                                             
                              init                          0.0                           
                              plim                          (-100.0, 100.0)               
APOLY_COEFF_5                                                                             
                              init                          0.0                           
                              plim                          (-100.0, 100.0)               
APOLY_COEFF_6                                                                             
                              init                          0.0                           
                              plim                          (-100.0, 100.0)               
APOLY_COEFF_7                                                                             
                              init                          0.0                           
                              plim                          (-100.0, 100.0)               
BR_H_ALPHA_AMP                                                                            
                              init                          0.9648794860810453            
                              plim                          (0, 50)                       
BR_H_ALPHA_DISP                                                                           
                              init                          3750.0                        
                              plim                          (1500, 6000)                  
BR_H_ALPHA_VOFF                                                                           
                              init                          0.0                           
                              plim                          (-1500, 1500)                 
                              prior                         {'type': 'gaussian'}          
BR_H_BETA_AMP                                                                             
                              init                          0.5465992832570769            
                              plim                          (0, 50)                       
BR_H_BETA_DISP                                                                            
                              init                          3750.0                        
                              plim                          (1500, 6000)                  
BR_H_BETA_VOFF                                                                            
                              init                          0.0                           
                              plim                          (-1500, 1500)                 
                              prior                         {'type': 'gaussian'}          
BR_OIII_b_AMP                                                                             
                              init                          0.48584111588999296           
                              plim                          (0, 50)                       
BR_OIII_b_DISP                                                                            
                              init                          3750.0                        
                              plim                          (1500, 6000)                  
BR_OIII_b_VOFF                                                                            
                              init                          0.0                           
                              plim                          (-1500, 1500)                 
                              prior                         {'type': 'gaussian'}          
BR_OII_AMP                                                                                
                              init                          0.47989342199418317           
                              plim                          (0, 50)                       
BR_OII_DISP                                                                               
                              init                          3750.0                        
                              plim                          (1500, 6000)                  
BR_OII_VOFF                                                                               
                              init                          0.0                           
                              plim                          (-1500, 1500)                 
                              prior                         {'type': 'gaussian'}          
BR_OPT_FEII_AMP                                                                           
                              init                          0.041571630317719536          
                              plim                          (0, 1.4999999519529292)       
BR_OPT_FEII_DISP                                                                          
                              init                          500.0                         
                              plim                          (500.0, 5000.0)               
BR_OPT_FEII_VOFF                                                                          
                              init                          0.0                           
                              plim                          (-500.0, 500.0)               
NA_H_ALPHA_AMP                                                                            
                              init                          0.9648794860810453            
                              plim                          (0, 50)                       
NA_H_ALPHA_DISP                                                                           
                              init                          1300.0                        
                              plim                          (100, 2500)                   
NA_H_ALPHA_VOFF                                                                           
                              init                          0.0                           
                              plim                          (-1000, 1000)                 
                              prior                         {'type': 'gaussian'}          
NA_H_BETA_AMP                                                                             
                              init                          0.5465992832570769            
                              plim                          (0, 50)                       
NA_H_BETA_DISP                                                                            
                              init                          1300.0                        
                              plim                          (100, 2500)                   
NA_H_BETA_VOFF                                                                            
                              init                          0.0                           
                              plim                          (-1000, 1000)                 
                              prior                         {'type': 'gaussian'}          
NA_OIII_b_AMP                                                                             
                              init                          0.48584111588999296           
                              plim                          (0, 50)                       
NA_OIII_b_DISP                                                                            
                              init                          1300.0                        
                              plim                          (100, 2500)                   
NA_OIII_b_VOFF                                                                            
                              init                          0.0                           
                              plim                          (-1000, 1000)                 
                              prior                         {'type': 'gaussian'}          
NA_OII_AMP                                                                                
                              init                          0.47989342199418317           
                              plim                          (0, 50)                       
NA_OII_DISP                                                                               
                              init                          1300.0                        
                              plim                          (100, 2500)                   
NA_OII_VOFF                                                                               
                              init                          0.0                           
                              plim                          (-1000, 1000)                 
                              prior                         {'type': 'gaussian'}          
NA_OPT_FEII_AMP                                                                           
                              init                          0.041571630317719536          
                              plim                          (0, 1.4999999519529292)       
NA_OPT_FEII_DISP                                                                          
                              init                          10.0                          
                              plim                          (0.1, 500.0)                  
NA_OPT_FEII_VOFF                                                                          
                              init                          0.0                           
                              plim                          (-500.0, 500.0)               
POWER_AMP                                                                                 
                              init                          0.20785815158859766           
                              plim                          (0, 1.4999999519529292)       
POWER_SLOPE                                                                               
                              init                          -1.0                          
                              plim                          (-6.0, 6.0)                   

----------------------------------------------------------------------------------------------------------------------------------------

 Total number of free parameters: 39

----------------------------------------------------------------------------------------------------------------------------------------

 Soft Constraints:


----------------------------------------------------------------------------------------------------------------------------------------

----------------------------------------------------------------------------------------------------------------------------------------

 Required Maximum Likelihood RMSE threshold: 0.2384 


 Performing max. likelihood fitting.

 Using Basin-hopping algorithm to estimate parameters. niter_success = 5
basinhopping step 0: f 1.5432
 Fit Status: False
 Force threshold: 0.2384
 Lowest RMSE: 0.0480
 Current RMSE: 0.0480
 Accepted count: 1
 Basinhop count: 0


adaptive stepsize: acceptance rate 0.000000 target 0.500000 new stepsize 0.9 old stepsize 1
basinhopping step 1: f 1.5432 trial_f 4.1141 accepted 0  lowest_f 1.5432
 Fit Status: False
 Force threshold: 0.2384
 Lowest RMSE: 0.0480
 Current RMSE: 0.0783
 Accepted count: 1
 Basinhop count: 1


adaptive stepsize: acceptance rate 0.000000 target 0.500000 new stepsize 0.81 old stepsize 0.9
basinhopping step 2: f 1.11408 trial_f 1.11408 accepted 1  lowest_f 1.11408
found new global minimum on step 2 with function value 1.11408
 Fit Status: False
 Force threshold: 0.2384
 Lowest RMSE: 0.0408
 Current RMSE: 0.0408
 Accepted count: 2
 Basinhop count: 0


adaptive stepsize: acceptance rate 0.333333 target 0.500000 new stepsize 0.729 old stepsize 0.81
basinhopping step 3: f 1.11408 trial_f 1.33987 accepted 0  lowest_f 1.11408
 Fit Status: False
 Force threshold: 0.2384
 Lowest RMSE: 0.0408
 Current RMSE: 0.0447
 Accepted count: 2
 Basinhop count: 1


adaptive stepsize: acceptance rate 0.250000 target 0.500000 new stepsize 0.6561 old stepsize 0.729
basinhopping step 4: f 1.11408 trial_f 2.26451 accepted 0  lowest_f 1.11408
 Fit Status: False
 Force threshold: 0.2384
 Lowest RMSE: 0.0408
 Current RMSE: 0.0581
 Accepted count: 2
 Basinhop count: 2


adaptive stepsize: acceptance rate 0.200000 target 0.500000 new stepsize 0.59049 old stepsize 0.6561
basinhopping step 5: f 1.11408 trial_f 2.34784 accepted 0  lowest_f 1.11408
 Fit Status: False
 Force threshold: 0.2384
 Lowest RMSE: 0.0408
 Current RMSE: 0.0592
 Accepted count: 2
 Basinhop count: 3


adaptive stepsize: acceptance rate 0.166667 target 0.500000 new stepsize 0.531441 old stepsize 0.59049
basinhopping step 6: f 1.11408 trial_f 17.403 accepted 0  lowest_f 1.11408
 Fit Status: False
 Force threshold: 0.2384
 Lowest RMSE: 0.0408
 Current RMSE: 0.1611
 Accepted count: 2
 Basinhop count: 4


adaptive stepsize: acceptance rate 0.142857 target 0.500000 new stepsize 0.478297 old stepsize 0.531441
basinhopping step 7: f 1.11408 trial_f 2.40024 accepted 0  lowest_f 1.11408
 Fit Status: True
 Force threshold: 0.2384
 Lowest RMSE: 0.0408
 Current RMSE: 0.0598
 Accepted count: 2
 Basinhop count: 5



 Maximum Likelihood Best-fit Parameters:
--------------------------------------------------------------------------------------

Parameter                     Best-fit Value                +/- 1-sigma                   Flag                          
--------------------------------------------------------------------------------------
AGN_FRAC_4000                 1.000000                      0.000000                      1.0                           
AGN_FRAC_7000                 1.000000                      0.000000                      1.0                           
APOLY_COEFF_1                 -0.096565                     0.000000                      1.0                           
APOLY_COEFF_2                 -0.014254                     0.000000                      1.0                           
APOLY_COEFF_3                 0.027866                      0.000000                      1.0                           
APOLY_COEFF_4                 -0.012508                     0.000000                      1.0                           
APOLY_COEFF_5                 0.007970                      0.000000                      1.0                           
APOLY_COEFF_6                 -0.012240                     0.000000                      1.0                           
APOLY_COEFF_7                 -0.020406                     0.000000                      1.0                           
BR_H_ALPHA_AMP                28.401492                     0.000000                      1.0                           
BR_H_ALPHA_DISP               3617.734568                   0.000000                      1.0                           
BR_H_ALPHA_DISP_CORR          3616.865534                   0.000000                      1.0                           
BR_H_ALPHA_DISP_RES           79.291325                     nan                           nan                           
BR_H_ALPHA_EW                 339.217422                    0.000000                      0.0                           
BR_H_ALPHA_FLUX               -13.082614                    0.000000                      0.0                           
BR_H_ALPHA_FWHM               8519.259780                   0.000000                      0.0                           
BR_H_ALPHA_FWHM_CORR          8517.213431                   0.000000                      0.0                           
BR_H_ALPHA_LUM                43.830031                     0.000000                      0.0                           
BR_H_ALPHA_NPIX               269.000000                    0.000000                      0.0                           
BR_H_ALPHA_SNR                19.737323                     0.000000                      0.0                           
BR_H_ALPHA_VOFF               -334.368129                   0.000000                      1.0                           
BR_H_ALPHA_W80                9479.006121                   0.000000                      0.0                           
BR_H_ALPHA_W80_CORR           9476.820573                   0.000000                      0.0                           
BR_H_BETA_AMP                 12.589566                     0.000000                      1.0                           
BR_H_BETA_DISP                3689.020733                   0.000000                      1.0                           
BR_H_BETA_DISP_CORR           3687.467399                   0.000000                      1.0                           
BR_H_BETA_DISP_RES            107.042753                    nan                           nan                           
BR_H_BETA_EW                  86.688320                     0.000000                      0.0                           
BR_H_BETA_FLUX                -13.557288                    0.000000                      0.0                           
BR_H_BETA_FWHM                8687.053529                   0.000000                      0.0                           
BR_H_BETA_FWHM_CORR           8683.395800                   0.000000                      0.0                           
BR_H_BETA_LUM                 43.355357                     0.000000                      0.0                           
BR_H_BETA_NPIX                225.000000                    0.000000                      0.0                           
BR_H_BETA_SNR                 8.749085                      0.000000                      0.0                           
BR_H_BETA_VOFF                19.127141                     0.000000                      1.0                           
BR_H_BETA_W80                 9677.324780                   0.000000                      0.0                           
BR_H_BETA_W80_CORR            9673.422949                   0.000000                      0.0                           
BR_OIII_a_AMP                 0.000000                      0.000000                      2.0                           
BR_OIII_a_DISP                3750.331601                   0.000000                      1.0                           
BR_OIII_a_DISP_CORR           3748.863221                   0.000000                      1.0                           
BR_OIII_a_DISP_RES            104.936467                    nan                           nan                           
BR_OIII_a_EW                  0.000000                      0.000000                      1.0                           
BR_OIII_a_FLUX                0.000000                      0.000000                      0.0                           
BR_OIII_a_FWHM                0.000000                      0.000000                      0.0                           
BR_OIII_a_FWHM_CORR           0.000000                      0.000000                      0.0                           
BR_OIII_a_LUM                 0.000000                      0.000000                      1.0                           
BR_OIII_a_NPIX                0.000000                      0.000000                      0.0                           
BR_OIII_a_SNR                 0.000000                      0.000000                      0.0                           
BR_OIII_a_VOFF                0.426794                      0.000000                      1.0                           
BR_OIII_a_W80                 0.000000                      0.000000                      0.0                           
BR_OIII_a_W80_CORR            0.000000                      0.000000                      0.0                           
BR_OIII_b_AMP                 0.000000                      0.000000                      2.0                           
BR_OIII_b_DISP                3750.331601                   0.000000                      1.0                           
BR_OIII_b_DISP_CORR           3748.891207                   0.000000                      1.0                           
BR_OIII_b_DISP_RES            103.931886                    nan                           nan                           
BR_OIII_b_EW                  0.000000                      0.000000                      1.0                           
BR_OIII_b_FLUX                0.000000                      0.000000                      0.0                           
BR_OIII_b_FWHM                0.000000                      0.000000                      0.0                           
BR_OIII_b_FWHM_CORR           0.000000                      0.000000                      0.0                           
BR_OIII_b_LUM                 0.000000                      0.000000                      1.0                           
BR_OIII_b_NPIX                0.000000                      0.000000                      0.0                           
BR_OIII_b_SNR                 0.000000                      0.000000                      0.0                           
BR_OIII_b_VOFF                0.426794                      0.000000                      1.0                           
BR_OIII_b_W80                 0.000000                      0.000000                      0.0                           
BR_OIII_b_W80_CORR            0.000000                      0.000000                      0.0                           
BR_OII_AMP                    0.000000                      0.000000                      2.0                           
BR_OII_DISP                   3750.085811                   0.000000                      1.0                           
BR_OII_DISP_CORR              3747.484408                   0.000000                      1.0                           
BR_OII_DISP_RES               139.657435                    nan                           nan                           
BR_OII_EW                     0.000000                      0.000000                      1.0                           
BR_OII_FLUX                   0.000000                      0.000000                      0.0                           
BR_OII_FWHM                   0.000000                      0.000000                      0.0                           
BR_OII_FWHM_CORR              0.000000                      0.000000                      0.0                           
BR_OII_LUM                    0.000000                      0.000000                      1.0                           
BR_OII_NPIX                   0.000000                      0.000000                      0.0                           
BR_OII_SNR                    0.000000                      0.000000                      0.0                           
BR_OII_VOFF                   -0.134708                     0.000000                      1.0                           
BR_OII_W80                    0.000000                      0.000000                      0.0                           
BR_OII_W80_CORR               0.000000                      0.000000                      0.0                           
BR_OPT_FEII_AMP               62.250424                     0.000000                      1.0                           
BR_OPT_FEII_DISP              646.028048                    0.000000                      1.0                           
BR_OPT_FEII_TEMPLATE_EW       102.574126                    0.000000                      1.0                           
BR_OPT_FEII_TEMPLATE_FLUX     -13.507660                    0.000000                      1.0                           
BR_OPT_FEII_TEMPLATE_LUM      43.404985                     0.000000                      1.0                           
BR_OPT_FEII_VOFF              -14.987890                    0.000000                      1.0                           
HOST_FRAC_4000                0.076152                      0.000000                      1.0                           
HOST_FRAC_7000                -0.414029                     0.000000                      1.0                           
H_ALPHA_COMP_DISP             3125.601173                   0.000000                      0.0                           
H_ALPHA_COMP_DISP_CORR        3124.595266                   0.000000                      0.0                           
H_ALPHA_COMP_DISP_RES         79.291325                     nan                           nan                           
H_ALPHA_COMP_EW               488.358109                    0.000000                      1.0                           
H_ALPHA_COMP_FLUX             -12.924141                    0.000000                      1.0                           
H_ALPHA_COMP_FWHM             5054.128490                   0.000000                      0.0                           
H_ALPHA_COMP_FWHM_CORR        5050.678393                   0.000000                      0.0                           
H_ALPHA_COMP_LUM              43.988504                     0.000000                      1.0                           
H_ALPHA_COMP_NPIX             269.000000                    0.000000                      0.0                           
H_ALPHA_COMP_SNR              30.331675                     0.000000                      0.0                           
H_ALPHA_COMP_VOFF             -404.708018                   0.000000                      0.0                           
H_ALPHA_COMP_W80              7978.529436                   0.000000                      0.0                           
H_ALPHA_COMP_W80_CORR         7975.932741                   0.000000                      0.0                           
H_BETA_COMP_DISP              3688.971123                   0.000000                      0.0                           
H_BETA_COMP_DISP_CORR         3687.417768                   0.000000                      0.0                           
H_BETA_COMP_DISP_RES          107.042753                    nan                           nan                           
H_BETA_COMP_EW                86.688320                     0.000000                      1.0                           
H_BETA_COMP_FLUX              -13.557288                    0.000000                      1.0                           
H_BETA_COMP_FWHM              8687.053529                   0.000000                      0.0                           
H_BETA_COMP_FWHM_CORR         8683.395800                   0.000000                      0.0                           
H_BETA_COMP_LUM               43.355357                     0.000000                      1.0                           
H_BETA_COMP_NPIX              225.000000                    0.000000                      0.0                           
H_BETA_COMP_SNR               7.796558                      0.000000                      0.0                           
H_BETA_COMP_VOFF              19.126868                     0.000000                      0.0                           
H_BETA_COMP_W80               9677.324780                   0.000000                      0.0                           
H_BETA_COMP_W80_CORR          9673.422949                   0.000000                      0.0                           
LOG_LIKE                      1.114082                      0.000000                      0.0                           
L_CONT_AGN_3000               45.002648                     0.000000                      1.0                           
L_CONT_AGN_5100               45.102371                     0.000000                      1.0                           
L_CONT_HOST_3000              44.046905                     0.000000                      1.0                           
L_CONT_HOST_5100              0.000000                      0.000000                      1.0                           
L_CONT_TOT_3000               45.002648                     0.000000                      1.0                           
L_CONT_TOT_5100               45.102371                     0.000000                      1.0                           
NA_H_ALPHA_AMP                30.508301                     0.000000                      1.0                           
NA_H_ALPHA_DISP               1484.338429                   0.000000                      1.0                           
NA_H_ALPHA_DISP_CORR          1482.219099                   0.000000                      1.0                           
NA_H_ALPHA_DISP_RES           79.291325                     nan                           nan                           
NA_H_ALPHA_EW                 149.140688                    0.000000                      0.0                           
NA_H_ALPHA_FLUX               -13.438800                    0.000000                      0.0                           
NA_H_ALPHA_FWHM               3495.588121                   0.000000                      0.0                           
NA_H_ALPHA_FWHM_CORR          3490.597906                   0.000000                      0.0                           
NA_H_ALPHA_LUM                43.473845                     0.000000                      0.0                           
NA_H_ALPHA_NPIX               100.000000                    0.000000                      0.0                           
NA_H_ALPHA_SNR                21.201692                     0.000000                      0.0                           
NA_H_ALPHA_VOFF               -564.306883                   0.000000                      1.0                           
NA_H_ALPHA_W80                3885.493708                   0.000000                      0.0                           
NA_H_ALPHA_W80_CORR           3880.158822                   0.000000                      0.0                           
NA_H_BETA_AMP                 0.000000                      0.000000                      2.0                           
NA_H_BETA_DISP                1299.813247                   0.000000                      1.0                           
NA_H_BETA_DISP_CORR           1295.398134                   0.000000                      1.0                           
NA_H_BETA_DISP_RES            107.042753                    nan                           nan                           
NA_H_BETA_EW                  0.000000                      0.000000                      1.0                           
NA_H_BETA_FLUX                0.000000                      0.000000                      0.0                           
NA_H_BETA_FWHM                0.000000                      0.000000                      0.0                           
NA_H_BETA_FWHM_CORR           0.000000                      0.000000                      0.0                           
NA_H_BETA_LUM                 0.000000                      0.000000                      1.0                           
NA_H_BETA_NPIX                0.000000                      0.000000                      0.0                           
NA_H_BETA_SNR                 0.000000                      0.000000                      0.0                           
NA_H_BETA_VOFF                0.710892                      0.000000                      1.0                           
NA_H_BETA_W80                 0.000000                      0.000000                      0.0                           
NA_H_BETA_W80_CORR            0.000000                      0.000000                      0.0                           
NA_OIII_a_AMP                 0.000000                      0.000000                      2.0                           
NA_OIII_a_DISP                1300.118088                   0.000000                      1.0                           
NA_OIII_a_DISP_CORR           1295.876298                   0.000000                      1.0                           
NA_OIII_a_DISP_RES            104.936467                    nan                           nan                           
NA_OIII_a_EW                  0.000000                      0.000000                      1.0                           
NA_OIII_a_FLUX                0.000000                      0.000000                      0.0                           
NA_OIII_a_FWHM                0.000000                      0.000000                      0.0                           
NA_OIII_a_FWHM_CORR           0.000000                      0.000000                      0.0                           
NA_OIII_a_LUM                 0.000000                      0.000000                      1.0                           
NA_OIII_a_NPIX                0.000000                      0.000000                      0.0                           
NA_OIII_a_SNR                 0.000000                      0.000000                      0.0                           
NA_OIII_a_VOFF                -0.263853                     0.000000                      1.0                           
NA_OIII_a_W80                 0.000000                      0.000000                      0.0                           
NA_OIII_a_W80_CORR            0.000000                      0.000000                      0.0                           
NA_OIII_b_AMP                 0.000000                      0.000000                      2.0                           
NA_OIII_b_DISP                1300.118088                   0.000000                      1.0                           
NA_OIII_b_DISP_CORR           1295.957254                   0.000000                      1.0                           
NA_OIII_b_DISP_RES            103.931886                    nan                           nan                           
NA_OIII_b_EW                  0.000000                      0.000000                      1.0                           
NA_OIII_b_FLUX                0.000000                      0.000000                      0.0                           
NA_OIII_b_FWHM                0.000000                      0.000000                      0.0                           
NA_OIII_b_FWHM_CORR           0.000000                      0.000000                      0.0                           
NA_OIII_b_LUM                 0.000000                      0.000000                      1.0                           
NA_OIII_b_NPIX                0.000000                      0.000000                      0.0                           
NA_OIII_b_SNR                 0.000000                      0.000000                      0.0                           
NA_OIII_b_VOFF                -0.263853                     0.000000                      1.0                           
NA_OIII_b_W80                 0.000000                      0.000000                      0.0                           
NA_OIII_b_W80_CORR            0.000000                      0.000000                      0.0                           
NA_OII_AMP                    0.000000                      0.000000                      2.0                           
NA_OII_DISP                   1300.106442                   0.000000                      1.0                           
NA_OII_DISP_CORR              1292.583677                   0.000000                      1.0                           
NA_OII_DISP_RES               139.657435                    nan                           nan                           
NA_OII_EW                     0.000000                      0.000000                      1.0                           
NA_OII_FLUX                   0.000000                      0.000000                      0.0                           
NA_OII_FWHM                   0.000000                      0.000000                      0.0                           
NA_OII_FWHM_CORR              0.000000                      0.000000                      0.0                           
NA_OII_LUM                    0.000000                      0.000000                      1.0                           
NA_OII_NPIX                   0.000000                      0.000000                      0.0                           
NA_OII_SNR                    0.000000                      0.000000                      0.0                           
NA_OII_VOFF                   -0.110712                     0.000000                      1.0                           
NA_OII_W80                    0.000000                      0.000000                      0.0                           
NA_OII_W80_CORR               0.000000                      0.000000                      0.0                           
NA_OPT_FEII_AMP               1.319155                      0.000000                      1.0                           
NA_OPT_FEII_DISP              10.115013                     0.000000                      1.0                           
NA_OPT_FEII_TEMPLATE_EW       2.894325                      0.000000                      1.0                           
NA_OPT_FEII_TEMPLATE_FLUX     -15.028303                    0.000000                      1.0                           
NA_OPT_FEII_TEMPLATE_LUM      41.884342                     0.000000                      1.0                           
NA_OPT_FEII_VOFF              2.259968                      0.000000                      1.0                           
OIII_a_COMP_DISP              0.000000                      0.000000                      0.0                           
OIII_a_COMP_DISP_CORR         0.000000                      0.000000                      0.0                           
OIII_a_COMP_DISP_RES          104.936467                    nan                           nan                           
OIII_a_COMP_EW                0.000000                      0.000000                      1.0                           
OIII_a_COMP_FLUX              0.000000                      0.000000                      1.0                           
OIII_a_COMP_FWHM              0.000000                      0.000000                      0.0                           
OIII_a_COMP_FWHM_CORR         0.000000                      0.000000                      0.0                           
OIII_a_COMP_LUM               0.000000                      0.000000                      1.0                           
OIII_a_COMP_NPIX              0.000000                      0.000000                      0.0                           
OIII_a_COMP_SNR               0.000000                      0.000000                      0.0                           
OIII_a_COMP_VOFF              0.000000                      0.000000                      0.0                           
OIII_a_COMP_W80               0.000000                      0.000000                      0.0                           
OIII_a_COMP_W80_CORR          0.000000                      0.000000                      0.0                           
OIII_b_COMP_DISP              0.000000                      0.000000                      0.0                           
OIII_b_COMP_DISP_CORR         0.000000                      0.000000                      0.0                           
OIII_b_COMP_DISP_RES          103.931886                    nan                           nan                           
OIII_b_COMP_EW                0.000000                      0.000000                      1.0                           
OIII_b_COMP_FLUX              0.000000                      0.000000                      1.0                           
OIII_b_COMP_FWHM              0.000000                      0.000000                      0.0                           
OIII_b_COMP_FWHM_CORR         0.000000                      0.000000                      0.0                           
OIII_b_COMP_LUM               0.000000                      0.000000                      1.0                           
OIII_b_COMP_NPIX              0.000000                      0.000000                      0.0                           
OIII_b_COMP_SNR               0.000000                      0.000000                      0.0                           
OIII_b_COMP_VOFF              0.000000                      0.000000                      0.0                           
OIII_b_COMP_W80               0.000000                      0.000000                      0.0                           
OIII_b_COMP_W80_CORR          0.000000                      0.000000                      0.0                           
OII_COMP_DISP                 0.000000                      0.000000                      0.0                           
OII_COMP_DISP_CORR            0.000000                      0.000000                      0.0                           
OII_COMP_DISP_RES             139.657435                    nan                           nan                           
OII_COMP_EW                   0.000000                      0.000000                      1.0                           
OII_COMP_FLUX                 0.000000                      0.000000                      1.0                           
OII_COMP_FWHM                 0.000000                      0.000000                      0.0                           
OII_COMP_FWHM_CORR            0.000000                      0.000000                      0.0                           
OII_COMP_LUM                  0.000000                      0.000000                      1.0                           
OII_COMP_NPIX                 0.000000                      0.000000                      0.0                           
OII_COMP_SNR                  0.000000                      0.000000                      0.0                           
OII_COMP_VOFF                 0.000000                      0.000000                      0.0                           
OII_COMP_W80                  0.000000                      0.000000                      0.0                           
OII_COMP_W80_CORR             0.000000                      0.000000                      0.0                           
POWER_AMP                     32.572422                     0.000000                      1.0                           
POWER_SLOPE                   -0.221748                     0.000000                      1.0                           
RCHI_SQUARED                  1.026443                      0.000000                      0.0                           
R_SQUARED                     0.998377                      0.000000                      0.0                           
NOISE_STD                     1.446706                                                                                  
RESID_STD                     1.477684                                                                                  
--------------------------------------------------------------------------------------
 - Done fitting 2-onur! 

End process memory: 0.25936282                    
