7.0.1
1.3.2
2.1.6
3.1.6
['/home/onur/Documents/AGNEmissionLines_ThirdPartyLibraries/pyqsofit/PyQSOFit/src/pyqsofit']
FWHM Resolution: 2.5 Å
[ 3566.97426784  3567.79484559  3568.6175712  ... 10394.41199851
 10396.80892696 10399.20640813] Angstrom [57.09850693 57.09289932 57.08731079 ... 10.64587688 10.64599609
 10.6461153 ] erg / (Angstrom s cm2) [1.14197014 1.14185799 1.14174622 ... 0.21291754 0.21291992 0.21292231] erg / (Angstrom s cm2) 0.34872591495513916
Name            Value      Min      Max   Stderr     Vary     Expr Brute_Step
Balmer_Tau        0.5      0.1        2     None    False     None     None
Balmer_Te     1.5e+04    1e+04    5e+04     None    False     None     None
Blamer_norm         0        0    1e+10     None    False     None     None
Fe_op_FWHM       3000     1200  1.8e+04     None     True     None     None
Fe_op_norm          0        0    1e+10     None     True     None     None
Fe_op_shift         0    -0.01     0.01     None     True     None     None
Fe_uv_FWHM       3000     1200  1.8e+04     None     True     None     None
Fe_uv_norm          0        0    1e+10     None     True     None     None
Fe_uv_shift         0    -0.01     0.01     None     True     None     None
PL_norm             1        0    1e+10     None     True     None     None
PL_slope         -1.5       -5        3     None     True     None     None
conti_a_0           0     -inf      inf     None     True     None     None
conti_a_1           0     -inf      inf     None     True     None     None
conti_a_2           0     -inf      inf     None     True     None     None
Fitting continuum
Fit report
[[Variables]]
    Fe_uv_norm:   2.26995089 +/- 0.06143799 (2.71%) (init = 0)
    Fe_uv_FWHM:   10254.0953 +/- 813.628136 (7.93%) (init = 3000)
    Fe_uv_shift:  0.00793636 +/- 6.9271e-04 (8.73%) (init = 0)
    Fe_op_norm:   3.79048015 +/- 0.08026716 (2.12%) (init = 0)
    Fe_op_FWHM:   2596.81809 +/- 147.111248 (5.67%) (init = 3000)
    Fe_op_shift:  5.3434e-04 +/- 2.1944e-04 (41.07%) (init = 0)
    PL_norm:      53.3846495 +/- 0.28467251 (0.53%) (init = 1)
    PL_slope:    -0.30075310 +/- 0.26150964 (86.95%) (init = -1.5)
    Blamer_norm:  0 (fixed)
    Balmer_Te:    15000 (fixed)
    Balmer_Tau:   0.5 (fixed)
    conti_a_0:   -23386.1531 +/- 4257.08420 (18.20%) (init = 0)
    conti_a_1:    7.39791644 +/- 0.72588352 (9.81%) (init = 0)
    conti_a_2:   -7.5333e-04 +/- 5.7137e-05 (7.58%) (init = 0)
[[Correlations]] (unreported correlations are < 0.100)
    C(PL_slope, conti_a_0)    = -0.9964
    C(conti_a_1, conti_a_2)   = -0.9916
    C(conti_a_0, conti_a_1)   = -0.9905
    C(PL_slope, conti_a_1)    = +0.9761
    C(conti_a_0, conti_a_2)   = +0.9649
    C(PL_slope, conti_a_2)    = -0.9415
    C(Fe_uv_norm, PL_norm)    = -0.9283
    C(Fe_uv_FWHM, PL_norm)    = -0.6871
    C(Fe_uv_norm, Fe_uv_FWHM) = +0.6597
    C(Fe_op_norm, conti_a_2)  = -0.3790
    C(Fe_op_norm, Fe_op_FWHM) = +0.3570
    C(Fe_op_norm, conti_a_1)  = +0.3188
    C(PL_norm, PL_slope)      = -0.2877
    C(Fe_uv_norm, Fe_op_norm) = +0.2841
    C(Fe_uv_FWHM, PL_slope)   = +0.2589
    C(Fe_op_norm, conti_a_0)  = -0.2424
    C(PL_norm, conti_a_0)     = +0.2275
    C(Fe_uv_FWHM, conti_a_0)  = -0.2165
    C(Fe_uv_norm, Fe_op_FWHM) = +0.2130
    C(Fe_op_norm, PL_norm)    = -0.2121
    C(Fe_op_norm, PL_slope)   = +0.2043
    C(Fe_op_FWHM, PL_norm)    = -0.1760
    C(Fe_uv_norm, PL_slope)   = +0.1708
    C(Fe_uv_FWHM, conti_a_1)  = +0.1666
    C(PL_norm, conti_a_1)     = -0.1605
    C(Fe_uv_FWHM, Fe_op_norm) = +0.1281
    C(Fe_uv_FWHM, conti_a_2)  = -0.1261
    C(Fe_uv_norm, conti_a_0)  = -0.1205
    C(PL_norm, conti_a_2)     = +0.1086
    C(Fe_uv_FWHM, Fe_op_FWHM) = +0.1049
Name                    Value      Min      Max   Stderr     Vary     Expr Brute_Step
Hb_br_1_dwave               0    -0.01     0.01     None     True     None     None
Hb_br_1_scale               0        0    1e+10     None     True     None     None
Hb_br_1_sigma           0.005    0.004     0.05     None     True     None     None
Hb_br_2_dwave               0    -0.01     0.01     None     True     None     None
Hb_br_2_scale               0        0    1e+10     None     True     None     None
Hb_br_2_sigma           0.005    0.004     0.05     None     True     None     None
Hb_na_1_dwave               0    -0.01     0.01     None     True     None     None
Hb_na_1_scale               0        0    1e+10     None     True     None     None
Hb_na_1_sigma           0.001  0.00023  0.00169     None     True     None     None
HeII4687_br_1_dwave         0   -0.005    0.005     None     True     None     None
HeII4687_br_1_scale         0        0    1e+10     None     True     None     None
HeII4687_br_1_sigma     0.005    0.004     0.05     None     True     None     None
HeII4687_na_1_dwave         0   -0.005    0.005     None    False Hb_na_1_dwave     None
HeII4687_na_1_scale         0        0    1e+10     None     True     None     None
HeII4687_na_1_sigma     0.001  0.00023  0.00169     None    False Hb_na_1_sigma     None
OIII4959c_1_dwave           0    -0.01     0.01     None    False Hb_na_1_dwave     None
OIII4959c_1_scale           0        0    1e+10     None     True     None     None
OIII4959c_1_sigma       0.001  0.00023  0.00169     None    False Hb_na_1_sigma     None
OIII4959w_1_dwave           0    -0.01     0.01     None     True     None     None
OIII4959w_1_scale           0        0    1e+10     None     True     None     None
OIII4959w_1_sigma       0.003  0.00023    0.004     None     True     None     None
OIII5007c_1_dwave           0    -0.01     0.01     None    False Hb_na_1_dwave     None
OIII5007c_1_scale           0        0    1e+10     None    False 3.0303030014038086 * OIII4959c_1_scale     None
OIII5007c_1_sigma       0.001  0.00023  0.00169     None    False Hb_na_1_sigma     None
OIII5007w_1_dwave           0    -0.01     0.01     None    False OIII4959w_1_dwave     None
OIII5007w_1_scale           0        0    1e+10     None    False 3.0303030014038086 * OIII4959w_1_scale     None
OIII5007w_1_sigma       0.003  0.00023    0.004     None    False OIII4959w_1_sigma     None
Fitting complex Hb
Fit report
[[Variables]]
    Hb_br_1_scale:        9.60407365 (init = 0)
    Hb_br_1_dwave:        0.00453615 (init = 0)
    Hb_br_1_sigma:        0.00647918 (init = 0.005)
    Hb_br_2_scale:        16.3130082 (init = 0)
    Hb_br_2_dwave:        0.00458195 (init = 0)
    Hb_br_2_sigma:        0.00400000 (init = 0.005)
    Hb_na_1_scale:        0.15421386 (init = 0)
    Hb_na_1_dwave:       -4.8832e-04 (init = 0)
    Hb_na_1_sigma:        0.00110422 (init = 0.001)
    OIII4959c_1_scale:    5.88307347 (init = 0)
    OIII4959c_1_dwave:   -4.8832e-04 == 'Hb_na_1_dwave'
    OIII4959c_1_sigma:    0.00110422 == 'Hb_na_1_sigma'
    OIII5007c_1_scale:    17.8274952 == '3.0303030014038086 * OIII4959c_1_scale'
    OIII5007c_1_dwave:   -4.8832e-04 == 'Hb_na_1_dwave'
    OIII5007c_1_sigma:    0.00110422 == 'Hb_na_1_sigma'
    OIII4959w_1_scale:    2.50494736 (init = 0)
    OIII4959w_1_dwave:   -0.00996952 (init = 0)
    OIII4959w_1_sigma:    0.00109038 (init = 0.003)
    OIII5007w_1_scale:    7.59074951 == '3.0303030014038086 * OIII4959w_1_scale'
    OIII5007w_1_dwave:   -0.00996952 == 'OIII4959w_1_dwave'
    OIII5007w_1_sigma:    0.00109038 == 'OIII4959w_1_sigma'
    HeII4687_br_1_scale:  2.11627771 (init = 0)
    HeII4687_br_1_dwave:  0.00500000 (init = 0)
    HeII4687_br_1_sigma:  0.05000000 (init = 0.005)
    HeII4687_na_1_scale:  1.89006755 (init = 0)
    HeII4687_na_1_dwave: -4.8832e-04 == 'Hb_na_1_dwave'
    HeII4687_na_1_sigma:  0.00110422 == 'Hb_na_1_sigma'
Name                Value      Min      Max   Stderr     Vary     Expr Brute_Step
Ha_br_1_dwave           0   -0.015    0.015     None     True     None     None
Ha_br_1_scale           0        0    1e+10     None     True     None     None
Ha_br_1_sigma       0.005    0.004     0.05     None     True     None     None
Ha_br_2_dwave           0   -0.015    0.015     None     True     None     None
Ha_br_2_scale           0        0    1e+10     None     True     None     None
Ha_br_2_sigma       0.005    0.004     0.05     None     True     None     None
Ha_na_1_dwave           0    -0.01     0.01     None     True     None     None
Ha_na_1_scale           0        0    1e+10     None     True     None     None
Ha_na_1_sigma       0.001   0.0005  0.00169     None     True     None     None
NII6549_1_dwave         0   -0.005    0.005     None    False Ha_na_1_dwave     None
NII6549_1_scale         0        0    1e+10     None     True     None     None
NII6549_1_sigma     0.001  0.00023  0.00169     None    False Ha_na_1_sigma     None
NII6585_1_dwave         0   -0.005    0.005     None    False Ha_na_1_dwave     None
NII6585_1_scale         0        0    1e+10     None    False 3.0 * NII6549_1_scale     None
NII6585_1_sigma     0.001  0.00023  0.00169     None    False Ha_na_1_sigma     None
SII6718_1_dwave         0   -0.005    0.005     None    False Ha_na_1_dwave     None
SII6718_1_scale         0        0    1e+10     None     True     None     None
SII6718_1_sigma     0.001  0.00023  0.00169     None    False Ha_na_1_sigma     None
SII6732_1_dwave         0   -0.005    0.005     None    False Ha_na_1_dwave     None
SII6732_1_scale         0        0    1e+10     None    False 1.0 * SII6718_1_scale     None
SII6732_1_sigma     0.001  0.00023  0.00169     None    False Ha_na_1_sigma     None
Fitting complex Ha
Fit report
[[Variables]]
    Ha_br_1_scale:    12.0317450 +/- 1.06375819 (8.84%) (init = 0)
    Ha_br_1_dwave:    0.00166527 +/- 2.1921e-04 (13.16%) (init = 0)
    Ha_br_1_sigma:    0.01179390 +/- 4.9410e-04 (4.19%) (init = 0.005)
    Ha_br_2_scale:    43.5419961 +/- 2.78762592 (6.40%) (init = 0)
    Ha_br_2_dwave:    0.00123266 +/- 1.4326e-04 (11.62%) (init = 0)
    Ha_br_2_sigma:    0.00466665 +/- 1.6862e-04 (3.61%) (init = 0.005)
    Ha_na_1_scale:    38.5455018 +/- 2.68280116 (6.96%) (init = 0)
    Ha_na_1_dwave:    0.00153115 +/- 7.2124e-05 (4.71%) (init = 0)
    Ha_na_1_sigma:    0.00169000 +/- 1.1259e-04 (6.66%) (init = 0.001)
    NII6549_1_scale:  0.06721457 +/- 1.15434801 (1717.41%) (init = 0)
    NII6549_1_dwave:  0.00153115 +/- 7.2124e-05 (4.71%) == 'Ha_na_1_dwave'
    NII6549_1_sigma:  0.00169000 +/- 1.1259e-04 (6.66%) == 'Ha_na_1_sigma'
    NII6585_1_scale:  0.20164370 +/- 3.46304403 (1717.41%) == '3.0 * NII6549_1_scale'
    NII6585_1_dwave:  0.00153115 +/- 7.2124e-05 (4.71%) == 'Ha_na_1_dwave'
    NII6585_1_sigma:  0.00169000 +/- 1.1259e-04 (6.66%) == 'Ha_na_1_sigma'
    SII6718_1_scale:  0.82119644 +/- 0.12477181 (15.19%) (init = 0)
    SII6718_1_dwave:  0.00153115 +/- 7.2124e-05 (4.71%) == 'Ha_na_1_dwave'
    SII6718_1_sigma:  0.00169000 +/- 1.1259e-04 (6.66%) == 'Ha_na_1_sigma'
    SII6732_1_scale:  0.82119644 +/- 0.12477181 (15.19%) == '1.0 * SII6718_1_scale'
    SII6732_1_dwave:  0.00153115 +/- 7.2124e-05 (4.71%) == 'Ha_na_1_dwave'
    SII6732_1_sigma:  0.00169000 +/- 1.1259e-04 (6.66%) == 'Ha_na_1_sigma'
[[Correlations]] (unreported correlations are < 0.100)
    C(Ha_br_1_scale, Ha_br_1_sigma)   = -0.9528
    C(Ha_br_2_dwave, NII6549_1_scale) = +0.8825
    C(Ha_br_1_scale, Ha_br_2_sigma)   = -0.8122
    C(Ha_br_2_scale, Ha_na_1_sigma)   = -0.7791
    C(Ha_br_2_scale, NII6549_1_scale) = +0.7499
    C(Ha_br_2_scale, Ha_na_1_scale)   = -0.7491
    C(Ha_br_2_scale, Ha_br_2_dwave)   = +0.7086
    C(Ha_br_1_sigma, Ha_br_2_sigma)   = +0.6987
    C(Ha_br_2_sigma, Ha_na_1_scale)   = +0.6656
    C(Ha_br_1_sigma, SII6718_1_scale) = -0.5802
    C(Ha_br_2_sigma, Ha_na_1_sigma)   = +0.5630
    C(Ha_na_1_scale, Ha_na_1_sigma)   = +0.5291
    C(Ha_br_1_scale, SII6718_1_scale) = +0.5280
    C(Ha_br_1_dwave, Ha_br_2_dwave)   = -0.5197
    C(Ha_na_1_scale, NII6549_1_scale) = -0.4976
    C(Ha_br_2_dwave, Ha_na_1_scale)   = -0.4875
    C(Ha_br_2_sigma, SII6718_1_scale) = -0.4537
    C(Ha_na_1_sigma, NII6549_1_scale) = -0.4511
    C(Ha_br_2_dwave, Ha_na_1_sigma)   = -0.4467
    C(Ha_br_2_scale, Ha_br_2_sigma)   = -0.4143
    C(Ha_br_1_dwave, NII6549_1_scale) = -0.3501
    C(Ha_br_2_dwave, Ha_na_1_dwave)   = -0.3334
    C(Ha_br_1_scale, Ha_na_1_scale)   = -0.3321
    C(Ha_br_1_dwave, SII6718_1_scale) = -0.3017
    C(Ha_br_1_dwave, Ha_br_2_scale)   = -0.2836
    C(Ha_na_1_sigma, SII6718_1_scale) = -0.2833
    C(Ha_br_1_dwave, Ha_na_1_scale)   = +0.2783
    C(Ha_na_1_scale, SII6718_1_scale) = -0.2567
    C(Ha_br_1_sigma, Ha_na_1_scale)   = +0.2546
    C(Ha_br_1_dwave, Ha_na_1_sigma)   = +0.2171
    C(Ha_br_1_scale, Ha_na_1_sigma)   = -0.2091
    C(Ha_br_1_dwave, Ha_br_2_sigma)   = +0.2063
    C(Ha_na_1_dwave, NII6549_1_scale) = -0.1895
    C(Ha_br_1_dwave, Ha_na_1_dwave)   = +0.1764
    C(Ha_br_1_sigma, Ha_br_2_scale)   = +0.1502
    C(Ha_br_1_sigma, NII6549_1_scale) = +0.1448
    C(Ha_br_1_scale, Ha_br_1_dwave)   = -0.1381
    C(Ha_br_1_scale, NII6549_1_scale) = -0.1379
    C(Ha_br_1_sigma, Ha_na_1_sigma)   = +0.1357
    C(Ha_br_1_sigma, Ha_br_2_dwave)   = +0.1346
    C(Ha_br_2_dwave, SII6718_1_scale) = +0.1273
    C(Ha_br_1_scale, Ha_br_2_dwave)   = -0.1191
    C(Ha_br_2_dwave, Ha_br_2_sigma)   = -0.1188
    C(Ha_br_1_dwave, Ha_br_1_sigma)   = +0.1174
    C(Ha_br_1_scale, Ha_na_1_dwave)   = +0.1172
    C(Ha_br_2_sigma, Ha_na_1_dwave)   = -0.1130
    C(Ha_br_2_scale, SII6718_1_scale) = +0.1095
    C(Ha_br_1_sigma, Ha_na_1_dwave)   = -0.1000
Saving figure as ./result.pdf
Fitting finished in 327.4s
wrote pyqsofit_model.csv
['ra' 'dec' 'plateid' 'MJD' 'fiberid' 'redshift' 'SN_ratio_conti'
 'Fe_uv_norm' 'Fe_uv_norm_err' 'Fe_uv_FWHM' 'Fe_uv_FWHM_err' 'Fe_uv_shift'
 'Fe_uv_shift_err' 'Fe_op_norm' 'Fe_op_norm_err' 'Fe_op_FWHM'
 'Fe_op_FWHM_err' 'Fe_op_shift' 'Fe_op_shift_err' 'PL_norm' 'PL_norm_err'
 'PL_slope' 'PL_slope_err' 'Blamer_norm' 'Blamer_norm_err' 'Balmer_Te'
 'Balmer_Te_err' 'Balmer_Tau' 'Balmer_Tau_err' 'conti_a_0' 'conti_a_0_err'
 'conti_a_1' 'conti_a_1_err' 'conti_a_2' 'conti_a_2_err' 'L1350'
 'L1350_err' 'L1450' 'L1450_err' 'L3000' 'L3000_err' 'L4200' 'L4200_err'
 'L5100' 'L5100_err' 'Fe_flux_4435_4685' 'Fe_flux_4435_4685_err']

['-999' '-999' '0' '0' '0' '0.34872591495513916' '42.454379254610956'
 '2.269950893918349' '0.03618119137627218' '10254.095269582334'
 '308.3944726195814' '0.007936364785732827' '0.0002819650153221033'
 '3.790480151977249' '0.05019956672569492' '2596.818088122007'
 '68.4271055207596' '0.0005343444163881383' '0.00010738863235601156'
 '53.38464947879373' '0.13237393403642272' '-0.30075309815268714'
 '0.08880305472341218' '0.0' '0.0' '15000.0' '0.0' '0.5' '0.0'
 '-23386.153114532546' '1407.116263357584' '7.3979164418344014'
 '0.2430053274735111' '-0.0007533325953671782' '2.1677425718956075e-05'
 '-1.0' '-1.0' '-1.0' '-1.0' '44.81634852987775' '0.001076483533811512'
 '44.705391223987974' '0.0010101068655679057' '44.662738768780436'
 '0.0012507114567767985' '1636.3891312235223' '21.935612195704266']
['Hb_br_1_scale' 'Hb_br_1_scale_err' 'Hb_br_1_centerwave'
 'Hb_br_1_centerwave_err' 'Hb_br_1_sigma' 'Hb_br_1_sigma_err'
 'Hb_br_2_scale' 'Hb_br_2_scale_err' 'Hb_br_2_centerwave'
 'Hb_br_2_centerwave_err' 'Hb_br_2_sigma' 'Hb_br_2_sigma_err'
 'Hb_na_1_scale' 'Hb_na_1_scale_err' 'Hb_na_1_centerwave'
 'Hb_na_1_centerwave_err' 'Hb_na_1_sigma' 'Hb_na_1_sigma_err'
 'OIII4959c_1_scale' 'OIII4959c_1_scale_err' 'OIII4959c_1_centerwave'
 'OIII4959c_1_centerwave_err' 'OIII4959c_1_sigma' 'OIII4959c_1_sigma_err'
 'OIII5007c_1_scale' 'OIII5007c_1_scale_err' 'OIII5007c_1_centerwave'
 'OIII5007c_1_centerwave_err' 'OIII5007c_1_sigma' 'OIII5007c_1_sigma_err'
 'OIII4959w_1_scale' 'OIII4959w_1_scale_err' 'OIII4959w_1_centerwave'
 'OIII4959w_1_centerwave_err' 'OIII4959w_1_sigma' 'OIII4959w_1_sigma_err'
 'OIII5007w_1_scale' 'OIII5007w_1_scale_err' 'OIII5007w_1_centerwave'
 'OIII5007w_1_centerwave_err' 'OIII5007w_1_sigma' 'OIII5007w_1_sigma_err'
 'HeII4687_br_1_scale' 'HeII4687_br_1_scale_err'
 'HeII4687_br_1_centerwave' 'HeII4687_br_1_centerwave_err'
 'HeII4687_br_1_sigma' 'HeII4687_br_1_sigma_err' 'HeII4687_na_1_scale'
 'HeII4687_na_1_scale_err' 'HeII4687_na_1_centerwave'
 'HeII4687_na_1_centerwave_err' 'HeII4687_na_1_sigma'
 'HeII4687_na_1_sigma_err' 'Ha_br_1_scale' 'Ha_br_1_scale_err'
 'Ha_br_1_centerwave' 'Ha_br_1_centerwave_err' 'Ha_br_1_sigma'
 'Ha_br_1_sigma_err' 'Ha_br_2_scale' 'Ha_br_2_scale_err'
 'Ha_br_2_centerwave' 'Ha_br_2_centerwave_err' 'Ha_br_2_sigma'
 'Ha_br_2_sigma_err' 'Ha_na_1_scale' 'Ha_na_1_scale_err'
 'Ha_na_1_centerwave' 'Ha_na_1_centerwave_err' 'Ha_na_1_sigma'
 'Ha_na_1_sigma_err' 'NII6549_1_scale' 'NII6549_1_scale_err'
 'NII6549_1_centerwave' 'NII6549_1_centerwave_err' 'NII6549_1_sigma'
 'NII6549_1_sigma_err' 'NII6585_1_scale' 'NII6585_1_scale_err'
 'NII6585_1_centerwave' 'NII6585_1_centerwave_err' 'NII6585_1_sigma'
 'NII6585_1_sigma_err' 'SII6718_1_scale' 'SII6718_1_scale_err'
 'SII6718_1_centerwave' 'SII6718_1_centerwave_err' 'SII6718_1_sigma'
 'SII6718_1_sigma_err' 'SII6732_1_scale' 'SII6732_1_scale_err'
 'SII6732_1_centerwave' 'SII6732_1_centerwave_err' 'SII6732_1_sigma'
 'SII6732_1_sigma_err']

[9.60407365e+00 2.01838888e+00 8.48810625e+00 5.55837284e-05
 6.47918251e-03 6.00880615e-04 1.63130082e+01 1.41975176e+00
 8.48815205e+00 7.19469543e-05 4.00000019e-03 8.15151733e-04
 1.54213864e-01 1.72393655e-02 8.48308178e+00 2.97868052e-05
 1.10422345e-03 3.31588900e-05 5.88307347e+00 1.47575741e-01
 8.50266643e+00 2.97868052e-05 1.10422345e-03 3.31588900e-05
 1.78274952e+01 4.47199209e-01 8.51835151e+00 2.97868052e-05
 1.10422345e-03 3.31588900e-05 2.50494736e+00 1.24177635e-01
 8.49318523e+00 3.92808748e-05 1.09037564e-03 7.02746094e-05
 7.59074951e+00 3.76295860e-01 8.50887032e+00 3.92808748e-05
 1.09037564e-03 7.02746094e-05 2.11627771e+00 7.51386064e-02
 8.45755184e+00 9.10076725e-09 5.00000003e-02 2.90646175e-07
 1.89006755e+00 2.22409147e-01 8.45206352e+00 2.97868052e-05
 1.10422345e-03 3.31588900e-05 1.20317450e+01 1.54002204e+01
 8.78913132e+00 2.23965398e-04 1.17938991e-02 3.48168115e-03
 4.35419961e+01 1.51625522e+01 8.78869871e+00 1.99685158e-04
 4.66665263e-03 3.41173595e-03 3.85455018e+01 1.30537783e+00
 8.78899720e+00 3.81823850e-05 1.68999980e-03 3.93267419e-09
 6.72145672e-02 3.15447779e-02 8.78872827e+00 3.81823850e-05
 1.68999980e-03 3.93267419e-09 2.01643702e-01 9.46343337e-02
 8.79412320e+00 3.81823850e-05 1.68999980e-03 3.93267419e-09
 8.21196444e-01 8.37734548e-02 8.81411984e+00 3.81823850e-05
 1.68999980e-03 3.93267419e-09 8.21196444e-01 8.37734548e-02
 8.81625798e+00 3.81823850e-05 1.68999980e-03 3.93267419e-09]
['Hb_br_1_scale' 'Hb_br_1_centerwave' 'Hb_br_1_sigma' 'Hb_br_2_scale'
 'Hb_br_2_centerwave' 'Hb_br_2_sigma' 'Hb_na_1_scale' 'Hb_na_1_centerwave'
 'Hb_na_1_sigma' 'OIII4959c_1_scale' 'OIII4959c_1_centerwave'
 'OIII4959c_1_sigma' 'OIII5007c_1_scale' 'OIII5007c_1_centerwave'
 'OIII5007c_1_sigma' 'OIII4959w_1_scale' 'OIII4959w_1_centerwave'
 'OIII4959w_1_sigma' 'OIII5007w_1_scale' 'OIII5007w_1_centerwave'
 'OIII5007w_1_sigma' 'HeII4687_br_1_scale' 'HeII4687_br_1_centerwave'
 'HeII4687_br_1_sigma' 'HeII4687_na_1_scale' 'HeII4687_na_1_centerwave'
 'HeII4687_na_1_sigma' 'Ha_br_1_scale' 'Ha_br_1_centerwave'
 'Ha_br_1_sigma' 'Ha_br_2_scale' 'Ha_br_2_centerwave' 'Ha_br_2_sigma'
 'Ha_na_1_scale' 'Ha_na_1_centerwave' 'Ha_na_1_sigma' 'NII6549_1_scale'
 'NII6549_1_centerwave' 'NII6549_1_sigma' 'NII6585_1_scale'
 'NII6585_1_centerwave' 'NII6585_1_sigma' 'SII6718_1_scale'
 'SII6718_1_centerwave' 'SII6718_1_sigma' 'SII6732_1_scale'
 'SII6732_1_centerwave' 'SII6732_1_sigma']

[[1.57652408e+01 8.48817860e+00 4.00000019e-03 ... 8.84688434e-01
  8.81630168e+00 1.68999992e-03]
 [1.25011551e+01 8.48817060e+00 4.92586143e-03 ... 9.43810030e-01
  8.81623862e+00 1.68999079e-03]
 [1.62608316e+01 8.48810506e+00 4.00000019e-03 ... 8.69120886e-01
  8.81631749e+00 1.68999952e-03]
 ...
 [8.34099345e+00 8.48783894e+00 6.86850594e-03 ... 9.94013205e-01
  8.81626505e+00 1.68999940e-03]
 [1.53450797e+01 8.48814064e+00 4.00005023e-03 ... 9.33518818e-01
  8.81628018e+00 1.68999995e-03]
 [1.25068961e+01 8.48818254e+00 4.99124167e-03 ... 1.04069808e+00
  8.81622127e+00 1.68999717e-03]]
(50, 48)
['1_complex_name' '1_line_status' '1_line_min_chi2' '1_line_bic'
 '1_line_red_chi2' '1_niter' '1_ndof' '2_complex_name' '2_line_status'
 '2_line_min_chi2' '2_line_bic' '2_line_red_chi2' '2_niter' '2_ndof'
 'Hb_br_1_scale' 'Hb_br_1_scale_err' 'Hb_br_1_centerwave'
 'Hb_br_1_centerwave_err' 'Hb_br_1_sigma' 'Hb_br_1_sigma_err'
 'Hb_br_2_scale' 'Hb_br_2_scale_err' 'Hb_br_2_centerwave'
 'Hb_br_2_centerwave_err' 'Hb_br_2_sigma' 'Hb_br_2_sigma_err'
 'Hb_na_1_scale' 'Hb_na_1_scale_err' 'Hb_na_1_centerwave'
 'Hb_na_1_centerwave_err' 'Hb_na_1_sigma' 'Hb_na_1_sigma_err'
 'OIII4959c_1_scale' 'OIII4959c_1_scale_err' 'OIII4959c_1_centerwave'
 'OIII4959c_1_centerwave_err' 'OIII4959c_1_sigma' 'OIII4959c_1_sigma_err'
 'OIII5007c_1_scale' 'OIII5007c_1_scale_err' 'OIII5007c_1_centerwave'
 'OIII5007c_1_centerwave_err' 'OIII5007c_1_sigma' 'OIII5007c_1_sigma_err'
 'OIII4959w_1_scale' 'OIII4959w_1_scale_err' 'OIII4959w_1_centerwave'
 'OIII4959w_1_centerwave_err' 'OIII4959w_1_sigma' 'OIII4959w_1_sigma_err'
 'OIII5007w_1_scale' 'OIII5007w_1_scale_err' 'OIII5007w_1_centerwave'
 'OIII5007w_1_centerwave_err' 'OIII5007w_1_sigma' 'OIII5007w_1_sigma_err'
 'HeII4687_br_1_scale' 'HeII4687_br_1_scale_err'
 'HeII4687_br_1_centerwave' 'HeII4687_br_1_centerwave_err'
 'HeII4687_br_1_sigma' 'HeII4687_br_1_sigma_err' 'HeII4687_na_1_scale'
 'HeII4687_na_1_scale_err' 'HeII4687_na_1_centerwave'
 'HeII4687_na_1_centerwave_err' 'HeII4687_na_1_sigma'
 'HeII4687_na_1_sigma_err' 'Ha_br_1_scale' 'Ha_br_1_scale_err'
 'Ha_br_1_centerwave' 'Ha_br_1_centerwave_err' 'Ha_br_1_sigma'
 'Ha_br_1_sigma_err' 'Ha_br_2_scale' 'Ha_br_2_scale_err'
 'Ha_br_2_centerwave' 'Ha_br_2_centerwave_err' 'Ha_br_2_sigma'
 'Ha_br_2_sigma_err' 'Ha_na_1_scale' 'Ha_na_1_scale_err'
 'Ha_na_1_centerwave' 'Ha_na_1_centerwave_err' 'Ha_na_1_sigma'
 'Ha_na_1_sigma_err' 'NII6549_1_scale' 'NII6549_1_scale_err'
 'NII6549_1_centerwave' 'NII6549_1_centerwave_err' 'NII6549_1_sigma'
 'NII6549_1_sigma_err' 'NII6585_1_scale' 'NII6585_1_scale_err'
 'NII6585_1_centerwave' 'NII6585_1_centerwave_err' 'NII6585_1_sigma'
 'NII6585_1_sigma_err' 'SII6718_1_scale' 'SII6718_1_scale_err'
 'SII6718_1_centerwave' 'SII6718_1_centerwave_err' 'SII6718_1_sigma'
 'SII6718_1_sigma_err' 'SII6732_1_scale' 'SII6732_1_scale_err'
 'SII6732_1_centerwave' 'SII6732_1_centerwave_err' 'SII6732_1_sigma'
 'SII6732_1_sigma_err' 'Hb_whole_br_fwhm' 'Hb_whole_br_fwhm_err'
 'Hb_whole_br_sigma' 'Hb_whole_br_sigma_err' 'Hb_whole_br_ew'
 'Hb_whole_br_ew_err' 'Hb_whole_br_peak' 'Hb_whole_br_peak_err'
 'Hb_whole_br_area' 'Hb_whole_br_area_err' 'Hb_whole_br_snr'
 'Hb_whole_br_snr_err' 'Ha_whole_br_fwhm' 'Ha_whole_br_fwhm_err'
 'Ha_whole_br_sigma' 'Ha_whole_br_sigma_err' 'Ha_whole_br_ew'
 'Ha_whole_br_ew_err' 'Ha_whole_br_peak' 'Ha_whole_br_peak_err'
 'Ha_whole_br_area' 'Ha_whole_br_area_err' 'Ha_whole_br_snr'
 'Ha_whole_br_snr_err']

['Hb' '1' '1922.2624288334582' '735.766065301225' '4.8912529995762295'
 '6952' '393' 'Ha' '1' '1146.0173237087963' '448.4018115297482'
 '4.547687792495223' '630' '252' '9.604073647473399' '2.0183888782554504'
 '8.488106252397133' '5.558372836667047e-05' '0.006479182506602277'
 '0.0006008806148758514' '16.313008166513043' '1.4197517606007155'
 '8.488152049380323' '7.194695431600451e-05' '0.004000000190699189'
 '0.0008151517332589159' '0.15421386390102043' '0.01723936549069549'
 '8.483081777108232' '2.9786805173515063e-05' '0.0011042234501931853'
 '3.315888997741949e-05' '5.8830734728232414' '0.1475757405167144'
 '8.502666432869951' '2.9786805173515063e-05' '0.0011042234501931853'
 '3.315888997741949e-05' '17.827495202175395' '0.44719920942218927'
 '8.518351514351885' '2.9786805173515063e-05' '0.0011042234501931853'
 '3.315888997741949e-05' '2.504947360648657' '0.12417763484151578'
 '8.493185234195948' '3.928087484350584e-05' '0.0010903756413468445'
 '7.027460936448926e-05' '7.590749505332174' '0.37629585956747125'
 '8.508870315677882' '3.928087484350584e-05' '0.0010903756413468445'
 '7.027460936448926e-05' '2.116277708630321' '0.07513860644792203'
 '8.457551841453878' '9.100767250913577e-09' '0.0500000002730123'
 '2.9064617517240987e-07' '1.890067546916896' '0.22240914665516698'
 '8.452063519967119' '2.9786805173515063e-05' '0.0011042234501931853'
 '3.315888997741949e-05' '12.031745044716047' '15.400220421124544'
 '8.789131320375953' '0.0002239653981703782' '0.011793899135029345'
 '0.0034816811471018814' '43.54199611977805' '15.162552224889936'
 '8.788698706222776' '0.00019968515795554254' '0.004666652627784956'
 '0.003411735951190029' '38.54550179038796' '1.3053778280536221'
 '8.788997201436562' '3.8182384987095475e-05' '0.001689999799899377'
 '3.932674192482118e-09' '0.06721456724534391' '0.03154477790090482'
 '8.788728265279335' '3.8182384987095475e-05' '0.001689999799899377'
 '3.932674192482118e-09' '0.20164370173603174' '0.09463433370271444'
 '8.794123200887245' '3.8182384987095475e-05' '0.001689999799899377'
 '3.932674192482118e-09' '0.8211964441784403' '0.08377345483978615'
 '8.814119843953652' '3.8182384987095475e-05' '0.001689999799899377'
 '3.932674192482118e-09' '0.8211964441784403' '0.08377345483978615'
 '8.816257981771034' '3.8182384987095475e-05' '0.001689999799899377'
 '3.932674192482118e-09' '3503.224504609059' '120.19560555779844'
 '10513.671525368456' '116.07834592229483' '117.24954372175891'
 '1.0557024708678213' '4856.655261018778' '0.0008758526109886589'
 '2799.5040726128973' '26.424397225756593' '23.267861261965585'
 '0.9109517435602683' '3798.6302420636907' '52.9627806019455'
 '2485.966056498196' '27.51448346856796' '303.1244805329497'
 '1.6062152384039052' '6559.494457267056' '0.5103292104395223'
 '5669.220813175121' '30.076103601439172' '64.64546903096192'
 '1.0449548106731967']
Broad Hb:
FWHM (km/s) 3328.7
Sigma (km/s) 1597.0
EW (A) 66.1
Peak (A) 4857.2
Area (10^(-17) erg/s/cm^2) 1549.9
SNR 16.9

Narrow Hb:
FWHM (km/s) 782.6
Sigma (km/s) 326.3
EW (A) 0.1
Peak (A) 4831.7
Area (10^(-17) erg/s/cm^2) 2.1
SNR 0.1

Broad [OIII]5007:
FWHM (km/s) 0
Sigma (km/s) 0
EW (A) 0
Peak (A) 0
Area (10^(-17) erg/s/cm^2) 0
SNR 0

Narrow [OIII]5007:
FWHM (km/s) 782.6
Sigma (km/s) 326.3
EW (A) 10.9
Peak (A) 5005.2
Area (10^(-17) erg/s/cm^2) 246.3
SNR 8.4
