7.0.1
1.3.2
2.1.6
3.1.6
['/home/onur/Documents/AGNEmissionLines_ThirdPartyLibraries/pyqsofit/PyQSOFit/src/pyqsofit']
FWHM Resolution: 2.5 Å
[ 3566.97426784  3567.79484559  3568.6175712  ... 10394.41199851
 10396.80892696 10399.20640813] Angstrom [32.20381546 32.2004509  32.19709015 ... 29.23681831 29.23712349
 29.23742867] erg / (Angstrom s cm2) [1.61019077 1.61002254 1.60985451 ... 1.46184092 1.46185617 1.46187143] erg / (Angstrom s cm2) 0.1967448890209198
Name            Value      Min      Max   Stderr     Vary     Expr Brute_Step
Balmer_Tau        0.5      0.1        2     None    False     None     None
Balmer_Te     1.5e+04    1e+04    5e+04     None    False     None     None
Blamer_norm         0        0    1e+10     None    False     None     None
Fe_op_FWHM       3000     1200  1.8e+04     None     True     None     None
Fe_op_norm          0        0    1e+10     None     True     None     None
Fe_op_shift         0    -0.01     0.01     None     True     None     None
Fe_uv_FWHM       3000     1200  1.8e+04     None    False     None     None
Fe_uv_norm          0        0    1e+10     None    False     None     None
Fe_uv_shift         0    -0.01     0.01     None    False     None     None
PL_norm             1        0    1e+10     None     True     None     None
PL_slope         -1.5       -5        3     None     True     None     None
conti_a_0           0     -inf      inf     None     True     None     None
conti_a_1           0     -inf      inf     None     True     None     None
conti_a_2           0     -inf      inf     None     True     None     None
Fitting continuum
Fit report
[[Variables]]
    Fe_uv_norm:   0 (fixed)
    Fe_uv_FWHM:   3000 (fixed)
    Fe_uv_shift:  0 (fixed)
    Fe_op_norm:   1.68398406 +/- 0.04748621 (2.82%) (init = 0)
    Fe_op_FWHM:   4505.03527 +/- 387.773753 (8.61%) (init = 3000)
    Fe_op_shift: -0.00195389 +/- 3.8022e-04 (19.46%) (init = 0)
    PL_norm:      11.1334592 +/- 1.47093371 (13.21%) (init = 1)
    PL_slope:     0.44475056 +/- 587.300286 (132051.61%) (init = -1.5)
    Blamer_norm:  0 (fixed)
    Balmer_Te:    15000 (fixed)
    Balmer_Tau:   0.5 (fixed)
    conti_a_0:   -5080.92130 +/- 2184802.49 (43000.12%) (init = 0)
    conti_a_1:    1.50433785 +/- 46.3862407 (3083.50%) (init = 0)
    conti_a_2:   -1.4670e-04 +/- 0.00127899 (871.84%) (init = 0)
[[Correlations]] (unreported correlations are < 0.100)
    C(PL_slope, conti_a_0)    = -1.0000
    C(conti_a_0, conti_a_1)   = -1.0000
    C(PL_slope, conti_a_1)    = +1.0000
    C(conti_a_1, conti_a_2)   = -1.0000
    C(conti_a_0, conti_a_2)   = +0.9999
    C(PL_slope, conti_a_2)    = -0.9999
    C(PL_norm, conti_a_2)     = -0.9932
    C(PL_norm, conti_a_1)     = +0.9927
    C(PL_norm, conti_a_0)     = -0.9925
    C(PL_norm, PL_slope)      = +0.9925
    C(Fe_op_norm, Fe_op_FWHM) = +0.5826
    C(Fe_op_norm, PL_norm)    = -0.4923
    C(Fe_op_norm, PL_slope)   = -0.4744
    C(Fe_op_norm, conti_a_0)  = +0.4744
    C(Fe_op_norm, conti_a_1)  = -0.4735
    C(Fe_op_norm, conti_a_2)  = +0.4699
    C(Fe_op_FWHM, PL_norm)    = -0.2617
    C(Fe_op_FWHM, conti_a_0)  = +0.2090
    C(Fe_op_FWHM, PL_slope)   = -0.2090
    C(Fe_op_FWHM, conti_a_1)  = -0.2089
    C(Fe_op_FWHM, conti_a_2)  = +0.2081
Name                    Value      Min      Max   Stderr     Vary     Expr Brute_Step
Hb_br_1_dwave               0    -0.01     0.01     None     True     None     None
Hb_br_1_scale               0        0    1e+10     None     True     None     None
Hb_br_1_sigma           0.005    0.004     0.05     None     True     None     None
Hb_br_2_dwave               0    -0.01     0.01     None     True     None     None
Hb_br_2_scale               0        0    1e+10     None     True     None     None
Hb_br_2_sigma           0.005    0.004     0.05     None     True     None     None
Hb_na_1_dwave               0    -0.01     0.01     None     True     None     None
Hb_na_1_scale               0        0    1e+10     None     True     None     None
Hb_na_1_sigma           0.001  0.00023  0.00169     None     True     None     None
HeII4687_br_1_dwave         0   -0.005    0.005     None     True     None     None
HeII4687_br_1_scale         0        0    1e+10     None     True     None     None
HeII4687_br_1_sigma     0.005    0.004     0.05     None     True     None     None
HeII4687_na_1_dwave         0   -0.005    0.005     None    False Hb_na_1_dwave     None
HeII4687_na_1_scale         0        0    1e+10     None     True     None     None
HeII4687_na_1_sigma     0.001  0.00023  0.00169     None    False Hb_na_1_sigma     None
OIII4959c_1_dwave           0    -0.01     0.01     None    False Hb_na_1_dwave     None
OIII4959c_1_scale           0        0    1e+10     None     True     None     None
OIII4959c_1_sigma       0.001  0.00023  0.00169     None    False Hb_na_1_sigma     None
OIII4959w_1_dwave           0    -0.01     0.01     None     True     None     None
OIII4959w_1_scale           0        0    1e+10     None     True     None     None
OIII4959w_1_sigma       0.003  0.00023    0.004     None     True     None     None
OIII5007c_1_dwave           0    -0.01     0.01     None    False Hb_na_1_dwave     None
OIII5007c_1_scale           0        0    1e+10     None    False 3.0303030014038086 * OIII4959c_1_scale     None
OIII5007c_1_sigma       0.001  0.00023  0.00169     None    False Hb_na_1_sigma     None
OIII5007w_1_dwave           0    -0.01     0.01     None    False OIII4959w_1_dwave     None
OIII5007w_1_scale           0        0    1e+10     None    False 3.0303030014038086 * OIII4959w_1_scale     None
OIII5007w_1_sigma       0.003  0.00023    0.004     None    False OIII4959w_1_sigma     None
Fitting complex Hb
Fit report
[[Variables]]
    Hb_br_1_scale:        4.11828127 +/- 0.84993519 (20.64%) (init = 0)
    Hb_br_1_dwave:        0.00245910 +/- 7.4566e-04 (30.32%) (init = 0)
    Hb_br_1_sigma:        0.00867256 +/- 9.0889e-04 (10.48%) (init = 0.005)
    Hb_br_2_scale:        6.45638765 +/- 0.84496720 (13.09%) (init = 0)
    Hb_br_2_dwave:       -9.8138e-05 +/- 2.4067e-04 (245.24%) (init = 0)
    Hb_br_2_sigma:        0.00418310 +/- 3.9697e-04 (9.49%) (init = 0.005)
    Hb_na_1_scale:        13.6662343 +/- 0.69175019 (5.06%) (init = 0)
    Hb_na_1_dwave:       -4.6282e-04 +/- 1.2932e-05 (2.79%) (init = 0)
    Hb_na_1_sigma:        5.0967e-04 +/- 1.1968e-05 (2.35%) (init = 0.001)
    OIII4959c_1_scale:    23.7027614 +/- 0.55603083 (2.35%) (init = 0)
    OIII4959c_1_dwave:   -4.6282e-04 +/- 1.2932e-05 (2.79%) == 'Hb_na_1_dwave'
    OIII4959c_1_sigma:    5.0967e-04 +/- 1.1968e-05 (2.35%) == 'Hb_na_1_sigma'
    OIII5007c_1_scale:    71.8265491 +/- 1.68494190 (2.35%) == '3.0303030014038086 * OIII4959c_1_scale'
    OIII5007c_1_dwave:   -4.6282e-04 +/- 1.2932e-05 (2.79%) == 'Hb_na_1_dwave'
    OIII5007c_1_sigma:    5.0967e-04 +/- 1.1968e-05 (2.35%) == 'Hb_na_1_sigma'
    OIII4959w_1_scale:    6.34003017 +/- 0.28619876 (4.51%) (init = 0)
    OIII4959w_1_dwave:   -0.00137250 +/- 5.8155e-05 (4.24%) (init = 0)
    OIII4959w_1_sigma:    0.00132348 +/- 3.4906e-05 (2.64%) (init = 0.003)
    OIII5007w_1_scale:    19.2122124 +/- 0.86726897 (4.51%) == '3.0303030014038086 * OIII4959w_1_scale'
    OIII5007w_1_dwave:   -0.00137250 +/- 5.8155e-05 (4.24%) == 'OIII4959w_1_dwave'
    OIII5007w_1_sigma:    0.00132348 +/- 3.4906e-05 (2.64%) == 'OIII4959w_1_sigma'
    HeII4687_br_1_scale:  1.54371183 +/- 0.05765731 (3.73%) (init = 0)
    HeII4687_br_1_dwave:  3.9727e-04 +/- 0.01622282 (4083.61%) (init = 0)
    HeII4687_br_1_sigma:  0.05000000 +/- 0.01714948 (34.30%) (init = 0.005)
    HeII4687_na_1_scale:  3.54993535 +/- 0.35972847 (10.13%) (init = 0)
    HeII4687_na_1_dwave: -4.6282e-04 +/- 1.2932e-05 (2.79%) == 'Hb_na_1_dwave'
    HeII4687_na_1_sigma:  5.0967e-04 +/- 1.1968e-05 (2.35%) == 'Hb_na_1_sigma'
[[Correlations]] (unreported correlations are < 0.100)
    C(Hb_br_1_scale, Hb_br_2_scale)             = -0.9560
    C(HeII4687_br_1_dwave, HeII4687_br_1_sigma) = +0.9417
    C(Hb_br_1_scale, Hb_br_2_sigma)             = -0.8993
    C(Hb_br_1_sigma, Hb_br_2_scale)             = +0.8370
    C(Hb_br_1_scale, Hb_br_1_dwave)             = -0.8033
    C(Hb_br_1_scale, Hb_br_1_sigma)             = -0.8018
    C(Hb_br_2_scale, Hb_br_2_sigma)             = +0.7911
    C(Hb_br_1_dwave, Hb_br_2_scale)             = +0.7879
    C(Hb_br_1_dwave, Hb_br_2_sigma)             = +0.7417
    C(OIII4959w_1_scale, OIII4959w_1_dwave)     = +0.7010
    C(Hb_na_1_sigma, OIII4959w_1_scale)         = -0.6670
    C(Hb_br_1_sigma, Hb_br_2_sigma)             = +0.6495
    C(Hb_br_1_sigma, Hb_br_2_dwave)             = +0.6431
    C(Hb_na_1_sigma, OIII4959w_1_dwave)         = -0.6402
    C(Hb_br_1_dwave, Hb_br_1_sigma)             = +0.5288
    C(Hb_br_1_scale, Hb_br_2_dwave)             = -0.4898
    C(Hb_br_2_scale, Hb_br_2_dwave)             = +0.4699
    C(OIII4959c_1_scale, OIII4959w_1_scale)     = -0.4671
    C(OIII4959c_1_scale, OIII4959w_1_dwave)     = -0.4577
    C(Hb_na_1_dwave, OIII4959w_1_sigma)         = -0.4321
    C(Hb_br_1_sigma, HeII4687_br_1_dwave)       = -0.4307
    C(Hb_br_2_dwave, Hb_br_2_sigma)             = +0.4086
    C(OIII4959w_1_scale, OIII4959w_1_sigma)     = -0.4086
    C(Hb_br_1_sigma, HeII4687_br_1_sigma)       = -0.3455
    C(HeII4687_br_1_scale, HeII4687_br_1_dwave) = -0.3079
    C(Hb_br_2_sigma, Hb_na_1_scale)             = +0.2992
    C(Hb_br_2_dwave, HeII4687_br_1_dwave)       = -0.2968
    C(Hb_na_1_dwave, OIII4959w_1_scale)         = +0.2776
    C(Hb_br_2_dwave, HeII4687_br_1_sigma)       = -0.2722
    C(HeII4687_br_1_scale, HeII4687_na_1_scale) = -0.2604
    C(Hb_br_1_dwave, HeII4687_br_1_sigma)       = +0.2310
    C(Hb_br_1_scale, OIII4959w_1_sigma)         = +0.2089
    C(HeII4687_br_1_scale, HeII4687_br_1_sigma) = -0.1987
    C(Hb_br_2_scale, OIII4959w_1_sigma)         = -0.1929
    C(Hb_br_1_scale, Hb_na_1_scale)             = -0.1922
    C(Hb_br_1_dwave, OIII4959w_1_sigma)         = -0.1869
    C(Hb_na_1_dwave, Hb_na_1_sigma)             = -0.1631
    C(Hb_na_1_scale, Hb_na_1_sigma)             = -0.1588
    C(Hb_br_1_sigma, OIII4959w_1_sigma)         = -0.1566
    C(Hb_br_1_dwave, HeII4687_br_1_dwave)       = +0.1538
    C(Hb_br_2_sigma, OIII4959w_1_sigma)         = -0.1495
    C(Hb_br_1_dwave, Hb_na_1_scale)             = +0.1458
    C(OIII4959c_1_scale, OIII4959w_1_sigma)     = +0.1374
    C(Hb_br_1_sigma, Hb_na_1_scale)             = +0.1309
    C(Hb_br_2_dwave, Hb_na_1_scale)             = +0.1290
    C(Hb_na_1_scale, OIII4959w_1_scale)         = +0.1089
    C(Hb_br_1_sigma, OIII4959c_1_scale)         = -0.1077
    C(Hb_br_2_scale, HeII4687_br_1_dwave)       = -0.1063
    C(HeII4687_br_1_dwave, HeII4687_na_1_scale) = +0.1044
Name                Value      Min      Max   Stderr     Vary     Expr Brute_Step
Ha_br_1_dwave           0   -0.015    0.015     None     True     None     None
Ha_br_1_scale           0        0    1e+10     None     True     None     None
Ha_br_1_sigma       0.005    0.004     0.05     None     True     None     None
Ha_br_2_dwave           0   -0.015    0.015     None     True     None     None
Ha_br_2_scale           0        0    1e+10     None     True     None     None
Ha_br_2_sigma       0.005    0.004     0.05     None     True     None     None
Ha_na_1_dwave           0    -0.01     0.01     None     True     None     None
Ha_na_1_scale           0        0    1e+10     None     True     None     None
Ha_na_1_sigma       0.001   0.0005  0.00169     None     True     None     None
NII6549_1_dwave         0   -0.005    0.005     None    False Ha_na_1_dwave     None
NII6549_1_scale         0        0    1e+10     None     True     None     None
NII6549_1_sigma     0.001  0.00023  0.00169     None    False Ha_na_1_sigma     None
NII6585_1_dwave         0   -0.005    0.005     None    False Ha_na_1_dwave     None
NII6585_1_scale         0        0    1e+10     None    False 3.0 * NII6549_1_scale     None
NII6585_1_sigma     0.001  0.00023  0.00169     None    False Ha_na_1_sigma     None
SII6718_1_dwave         0   -0.005    0.005     None    False Ha_na_1_dwave     None
SII6718_1_scale         0        0    1e+10     None     True     None     None
SII6718_1_sigma     0.001  0.00023  0.00169     None    False Ha_na_1_sigma     None
SII6732_1_dwave         0   -0.005    0.005     None    False Ha_na_1_dwave     None
SII6732_1_scale         0        0    1e+10     None     True     None     None
SII6732_1_sigma     0.001  0.00023  0.00169     None    False Ha_na_1_sigma     None
Fitting complex Ha
Fit report
[[Variables]]
    Ha_br_1_scale:    32.8712069 +/- 0.93423605 (2.84%) (init = 0)
    Ha_br_1_dwave:    3.6079e-04 +/- 5.9424e-05 (16.47%) (init = 0)
    Ha_br_1_sigma:    0.00415487 +/- 9.6789e-05 (2.33%) (init = 0.005)
    Ha_br_2_scale:    5.13185328 +/- 0.44247360 (8.62%) (init = 0)
    Ha_br_2_dwave:    2.0482e-04 +/- 3.8887e-04 (189.86%) (init = 0)
    Ha_br_2_sigma:    0.01272705 +/- 7.1350e-04 (5.61%) (init = 0.005)
    Ha_na_1_scale:    61.4351586 +/- 3.14298257 (5.12%) (init = 0)
    Ha_na_1_dwave:   -2.3422e-04 +/- 1.4621e-05 (6.24%) (init = 0)
    Ha_na_1_sigma:    5.0000e-04 +/- 5.6601e-05 (11.32%) (init = 0.001)
    NII6549_1_scale:  16.3024128 +/- 0.75192891 (4.61%) (init = 0)
    NII6549_1_dwave: -2.3422e-04 +/- 1.4621e-05 (6.24%) == 'Ha_na_1_dwave'
    NII6549_1_sigma:  5.0000e-04 +/- 5.6601e-05 (11.32%) == 'Ha_na_1_sigma'
    NII6585_1_scale:  48.9072383 +/- 2.25578671 (4.61%) == '3.0 * NII6549_1_scale'
    NII6585_1_dwave: -2.3422e-04 +/- 1.4621e-05 (6.24%) == 'Ha_na_1_dwave'
    NII6585_1_sigma:  5.0000e-04 +/- 5.6601e-05 (11.32%) == 'Ha_na_1_sigma'
    SII6718_1_scale:  10.7982956 +/- 0.60438720 (5.60%) (init = 0)
    SII6718_1_dwave: -2.3422e-04 +/- 1.4621e-05 (6.24%) == 'Ha_na_1_dwave'
    SII6718_1_sigma:  5.0000e-04 +/- 5.6601e-05 (11.32%) == 'Ha_na_1_sigma'
    SII6732_1_scale:  7.34084182 +/- 0.51859166 (7.06%) (init = 0)
    SII6732_1_dwave: -2.3422e-04 +/- 1.4621e-05 (6.24%) == 'Ha_na_1_dwave'
    SII6732_1_sigma:  5.0000e-04 +/- 5.6601e-05 (11.32%) == 'Ha_na_1_sigma'
[[Correlations]] (unreported correlations are < 0.100)
    C(Ha_br_2_scale, Ha_br_2_sigma)     = -0.9067
    C(Ha_br_1_sigma, Ha_br_2_scale)     = -0.7521
    C(Ha_br_1_sigma, Ha_br_2_sigma)     = +0.5934
    C(Ha_br_1_scale, Ha_na_1_sigma)     = +0.5573
    C(Ha_br_1_dwave, Ha_br_2_dwave)     = -0.3988
    C(Ha_br_1_scale, Ha_br_1_sigma)     = -0.3672
    C(Ha_br_1_sigma, Ha_na_1_sigma)     = -0.3533
    C(Ha_br_1_scale, NII6549_1_scale)   = -0.3468
    C(Ha_na_1_sigma, SII6718_1_scale)   = +0.3179
    C(Ha_na_1_scale, NII6549_1_scale)   = +0.2885
    C(Ha_br_1_scale, Ha_br_2_sigma)     = +0.2674
    C(Ha_na_1_sigma, SII6732_1_scale)   = +0.2429
    C(Ha_br_1_sigma, NII6549_1_scale)   = +0.2390
    C(Ha_br_2_sigma, SII6732_1_scale)   = -0.2340
    C(Ha_br_1_sigma, Ha_na_1_scale)     = +0.2326
    C(Ha_na_1_scale, Ha_na_1_sigma)     = +0.2320
    C(Ha_br_2_sigma, SII6718_1_scale)   = -0.2046
    C(Ha_br_1_scale, Ha_na_1_scale)     = -0.2044
    C(Ha_br_1_scale, Ha_br_2_scale)     = -0.2024
    C(Ha_br_2_scale, SII6732_1_scale)   = +0.1958
    C(Ha_br_1_sigma, SII6732_1_scale)   = -0.1859
    C(Ha_br_1_sigma, SII6718_1_scale)   = -0.1854
    C(Ha_na_1_dwave, NII6549_1_scale)   = +0.1700
    C(Ha_br_2_scale, SII6718_1_scale)   = +0.1665
    C(SII6718_1_scale, SII6732_1_scale) = +0.1366
    C(Ha_br_2_scale, Ha_na_1_scale)     = -0.1326
    C(Ha_br_1_scale, SII6718_1_scale)   = +0.1237
    C(Ha_br_2_sigma, Ha_na_1_scale)     = +0.1143
    C(Ha_br_2_dwave, SII6718_1_scale)   = -0.1081
Saving figure as ./result.pdf
Fitting finished in 16.4s
wrote pyqsofit_model.csv
['ra' 'dec' 'plateid' 'MJD' 'fiberid' 'redshift' 'SN_ratio_conti'
 'Fe_uv_norm' 'Fe_uv_FWHM' 'Fe_uv_shift' 'Fe_op_norm' 'Fe_op_FWHM'
 'Fe_op_shift' 'PL_norm' 'PL_slope' 'Blamer_norm' 'Balmer_Te' 'Balmer_Tau'
 'conti_a_0' 'conti_a_1' 'conti_a_2' 'L1350' 'L1450' 'L3000' 'L4200'
 'L5100' 'Fe_flux_4435_4685' 'SN_host' 'rchi2_decomp' 'frac_host_4200'
 'frac_host_5100' 'Dn4000' 'sigma' 'sigma_err' 'v_off' 'v_off_err'
 'rchi2_ppxf' 'gal_par_0' 'gal_par_1' 'gal_par_2' 'gal_par_3' 'gal_par_4'
 'qso_par_0' 'qso_par_1' 'qso_par_2' 'qso_par_3' 'qso_par_4' 'qso_par_5'
 'qso_par_6' 'qso_par_7' 'qso_par_8' 'qso_par_9']

['-999' '-999' '0' '0' '0' '0.1967448890209198' '26.096045507644583' '0.0'
 '3000.0' '0.0' '1.6839840633053882' '4505.035274782049'
 '-0.0019538936732225298' '11.133459154599734' '0.44475056228328036' '0.0'
 '15000.0' '0.5' '-5080.921300448588' '1.5043378461039782'
 '-0.00014670033372286967' '-1.0' '-1.0' '-1.0' '43.609589102512565'
 '43.69172786242983' '726.791158796355' '18.24062327832266'
 '1.1656424114831974' '0.6081156672331324' '0.5345175646336425'
 '1.1380901200808473' '142.62784228421742' '15.79310094087629'
 '45.43159537682542' '12.366066177866632' '0.26506499741885853'
 '655.4543432868031' '-249.99980992427152' '2.3054970047815004'
 '-62.48886198501678' '39.05060855998785' '309.2134818368439'
 '885.5257054913209' '-107.76694380375505' '2429.376983699151'
 '243.97812544883743' '-492.32003814069003' '258.7617178351039'
 '66.55987867545713' '13.664179798168561' '-62.89353956377134']
['Hb_br_1_scale' 'Hb_br_1_centerwave' 'Hb_br_1_sigma' 'Hb_br_2_scale'
 'Hb_br_2_centerwave' 'Hb_br_2_sigma' 'Hb_na_1_scale' 'Hb_na_1_centerwave'
 'Hb_na_1_sigma' 'OIII4959c_1_scale' 'OIII4959c_1_centerwave'
 'OIII4959c_1_sigma' 'OIII5007c_1_scale' 'OIII5007c_1_centerwave'
 'OIII5007c_1_sigma' 'OIII4959w_1_scale' 'OIII4959w_1_centerwave'
 'OIII4959w_1_sigma' 'OIII5007w_1_scale' 'OIII5007w_1_centerwave'
 'OIII5007w_1_sigma' 'HeII4687_br_1_scale' 'HeII4687_br_1_centerwave'
 'HeII4687_br_1_sigma' 'HeII4687_na_1_scale' 'HeII4687_na_1_centerwave'
 'HeII4687_na_1_sigma' 'Ha_br_1_scale' 'Ha_br_1_centerwave'
 'Ha_br_1_sigma' 'Ha_br_2_scale' 'Ha_br_2_centerwave' 'Ha_br_2_sigma'
 'Ha_na_1_scale' 'Ha_na_1_centerwave' 'Ha_na_1_sigma' 'NII6549_1_scale'
 'NII6549_1_centerwave' 'NII6549_1_sigma' 'NII6585_1_scale'
 'NII6585_1_centerwave' 'NII6585_1_sigma' 'SII6718_1_scale'
 'SII6718_1_centerwave' 'SII6718_1_sigma' 'SII6732_1_scale'
 'SII6732_1_centerwave' 'SII6732_1_sigma']

[4.11828127e+00 8.49180465e+00 8.67255889e-03 6.45638765e+00
 8.48924741e+00 4.18310375e-03 1.36662343e+01 8.48888273e+00
 5.09669762e-04 2.37027614e+01 8.50875826e+00 5.09669762e-04
 7.18265491e+01 8.51837702e+00 5.09669762e-04 6.34003017e+00
 8.50784857e+00 1.32347946e-03 1.92122124e+01 8.51746733e+00
 1.32347946e-03 1.54371183e+00 8.45294911e+00 5.00000003e-02
 3.54993535e+00 8.45208902e+00 5.09669762e-04 3.28712069e+01
 8.78980953e+00 4.15487015e-03 5.13185328e+00 8.78965356e+00
 1.27270543e-02 6.14351586e+01 8.78921452e+00 5.00000024e-04
 1.63024128e+01 8.78696289e+00 5.00000024e-04 4.89072383e+01
 8.79235783e+00 5.00000024e-04 1.07982956e+01 8.81235447e+00
 5.00000024e-04 7.34084182e+00 8.81449261e+00 5.00000024e-04]
['Hb_br_1_scale' 'Hb_br_1_sigma' 'Hb_br_2_centerwave' 'Hb_na_1_scale'
 'Hb_na_1_sigma' 'OIII4959c_1_centerwave' 'OIII5007c_1_scale'
 'OIII5007c_1_sigma' 'OIII4959w_1_centerwave' 'OIII5007w_1_scale'
 'OIII5007w_1_sigma' 'HeII4687_br_1_centerwave' 'HeII4687_na_1_scale'
 'HeII4687_na_1_sigma' 'Ha_br_1_centerwave' 'Ha_br_2_scale'
 'Ha_br_2_sigma' 'Ha_na_1_centerwave' 'NII6549_1_scale' 'NII6549_1_sigma'
 'NII6585_1_centerwave' 'SII6718_1_scale' 'SII6718_1_sigma'
 'SII6732_1_centerwave']

[]
(0,)
['1_complex_name' '1_line_status' '1_line_min_chi2' '1_line_bic'
 '1_line_red_chi2' '1_niter' '1_ndof' '2_complex_name' '2_line_status'
 '2_line_min_chi2' '2_line_bic' '2_line_red_chi2' '2_niter' '2_ndof'
 'Hb_br_1_scale' 'Hb_br_1_centerwave' 'Hb_br_1_sigma' 'Hb_br_2_scale'
 'Hb_br_2_centerwave' 'Hb_br_2_sigma' 'Hb_na_1_scale' 'Hb_na_1_centerwave'
 'Hb_na_1_sigma' 'OIII4959c_1_scale' 'OIII4959c_1_centerwave'
 'OIII4959c_1_sigma' 'OIII5007c_1_scale' 'OIII5007c_1_centerwave'
 'OIII5007c_1_sigma' 'OIII4959w_1_scale' 'OIII4959w_1_centerwave'
 'OIII4959w_1_sigma' 'OIII5007w_1_scale' 'OIII5007w_1_centerwave'
 'OIII5007w_1_sigma' 'HeII4687_br_1_scale' 'HeII4687_br_1_centerwave'
 'HeII4687_br_1_sigma' 'HeII4687_na_1_scale' 'HeII4687_na_1_centerwave'
 'HeII4687_na_1_sigma' 'Ha_br_1_scale' 'Ha_br_1_centerwave'
 'Ha_br_1_sigma' 'Ha_br_2_scale' 'Ha_br_2_centerwave' 'Ha_br_2_sigma'
 'Ha_na_1_scale' 'Ha_na_1_centerwave' 'Ha_na_1_sigma' 'NII6549_1_scale'
 'NII6549_1_centerwave' 'NII6549_1_sigma' 'NII6585_1_scale'
 'NII6585_1_centerwave' 'NII6585_1_sigma' 'SII6718_1_scale'
 'SII6718_1_centerwave' 'SII6718_1_sigma' 'SII6732_1_scale'
 'SII6732_1_centerwave' 'SII6732_1_sigma' 'Hb_whole_br_fwhm'
 'Hb_whole_br_sigma' 'Hb_whole_br_ew' 'Hb_whole_br_peak'
 'Hb_whole_br_area' 'Hb_whole_br_snr' 'Ha_whole_br_fwhm'
 'Ha_whole_br_sigma' 'Ha_whole_br_ew' 'Ha_whole_br_peak'
 'Ha_whole_br_area' 'Ha_whole_br_snr']

['Hb' '1' '138.168511719218' '-335.510918992735' '0.3551889761419486'
 '3395' '389' 'Ha' '1' '165.7178951804467' '-50.37444631385753'
 '0.6682173192759948' '1023' '248' '4.118281271558999' '8.4918046546899'
 '0.008672558886759411' '6.4563876467360615' '8.489247412078607'
 '0.004183103751615389' '13.66623425536062' '8.488882732165886'
 '0.0005096697617315499' '23.7027614202745' '8.508758258594108'
 '0.0005096697617315499' '71.82654907341622' '8.518377017749382'
 '0.0005096697617315499' '6.34003016752871' '8.507848573888477'
 '0.0013234794589428167' '19.21221244565294' '8.51746733304375'
 '0.0013234794589428167' '1.5437118250360982' '8.45294910786045'
 '0.05000000026481042' '3.5499353456813765' '8.452089023364616'
 '0.0005096697617315499' '32.8712068675685' '8.789809528678836'
 '0.004154870150147319' '5.1318532756639' '8.789653561096605'
 '0.012727054282508728' '61.435158626999' '8.789214516287547'
 '0.0005000000238433229' '16.302412753077533' '8.786962891226512'
 '0.0005000000238433229' '48.9072382592326' '8.792357826834422'
 '0.0005000000238433229' '10.798295591030183' '8.812354469900828'
 '0.0005000000238433229' '7.340841823300082' '8.814492607718211'
 '0.0005000000238433229' '4159.61450554378' '11767.40417766564'
 '193.99980590001695' '4863.423616187047' '1671.431098116911'
 '15.983522444312111' '3215.0422740525464' '2372.961479607113'
 '327.67555344036674' '6567.4766231820895' '3320.3238206151004'
 '62.07601429714165']
Broad Hb:
FWHM (km/s) 3796.5
Sigma (km/s) 2144.0
EW (A) 88.8
Peak (A) 4863.3
Area (10^(-17) erg/s/cm^2) 764.4
SNR 9.5

Narrow Hb:
FWHM (km/s) 359.8
Sigma (km/s) 150.4
EW (A) 9.8
Peak (A) 4860.4
Area (10^(-17) erg/s/cm^2) 84.6
SNR 9.1

Broad [OIII]5007:
FWHM (km/s) 0
Sigma (km/s) 0
EW (A) 0
Peak (A) 0
Area (10^(-17) erg/s/cm^2) 0
SNR 0

Narrow [OIII]5007:
FWHM (km/s) 359.8
Sigma (km/s) 150.4
EW (A) 52.9
Peak (A) 5005.9
Area (10^(-17) erg/s/cm^2) 457.9
SNR 40.3
