<IPython.core.display.HTML object>
/app/BADASS3/example_spectra/2-onur
/app/BADASS3/example_spectra/2-onur/my_sdss.fits
0.29768213629722595
Start process memory: 0.22353101                    
 Folder has not been created.  Creating MCMC_output folder...

 > Starting fit for 2-onur

 Input spectrum is not linearly binned. BADASS will linearly rebin and conserve flux...


-----------------------------------------------------------
 file:                        my_sdss.fits                  
 redshift:                    0.29768                       
 fitting region:              (2900,8000) [A]               
 velocity scale:              69.03 [km/s/pixel]            
 Galactic E(B-V):             0.000                         
 Flux Normalization:          1e-17                         
 Fit Normalization:           102.27602                     
-----------------------------------------------------------

 Initializing parameters...
----------------------------------------------------------------------------------------------------
	- Fitting a SSP host-galaxy template.
	- Fitting additive legendre polynomial component.
	- Fitting Simple AGN power-law continuum.

 Warning! Peak finding algorithm used for initial guesses of amplitude and velocity failed! Defaulting to user-defined locations...

 Warning! Peak finding algorithm used for initial guesses of amplitude and velocity failed! Defaulting to user-defined locations...

----------------------------------------------------------------------------------------------------------------------------------------

----------------------------------------------------------------------------------------------------------------------------------------

 Line List:

----------------------------------------------------------------------------------------------------------------------------------------
BR_H_ALPHA                                                                                
                              amp                           free                          
                              center                        6564.6                        
                              center_pix                    3547.9951630845258            
                              disp                          free                          
                              disp_res_ang                  1.9634909188694747            
                              disp_res_kms                  89.66879456913723             
                              line_profile                  gaussian                      
                              line_type                     br                            
                              ncomp                         1                             
                              voff                          free                          
BR_H_BETA                                                                                 
                              amp                           free                          
                              center                        4862.691                      
                              center_pix                    2244.7364119891567            
                              disp                          BR_H_ALPHA_DISP               
                              disp_res_ang                  1.9634909188694747            
                              disp_res_kms                  121.05226690911644            
                              line_profile                  gaussian                      
                              line_type                     br                            
                              ncomp                         1                             
                              voff                          BR_H_ALPHA_VOFF               
NA_H_ALPHA                                                                                
                              amp                           free                          
                              center                        6564.6                        
                              center_pix                    3547.9951630845258            
                              disp                          free                          
                              disp_res_ang                  1.9634909188694747            
                              disp_res_kms                  89.66879456913723             
                              label                         [H$\alpha$]                   
                              line_profile                  gaussian                      
                              line_type                     na                            
                              ncomp                         1                             
                              voff                          free                          
NA_H_BETA                                                                                 
                              amp                           free                          
                              center                        4862.691                      
                              center_pix                    2244.7364119891567            
                              disp                          NA_H_ALPHA_DISP               
                              disp_res_ang                  1.9634909188694747            
                              disp_res_kms                  121.05226690911644            
                              label                         H$\beta$                      
                              line_profile                  gaussian                      
                              line_type                     na                            
                              ncomp                         1                             
                              voff                          NA_H_ALPHA_VOFF               
NA_NII_6549                                                                               
                              amp                           (NA_NII_6585_AMP/3.0)         
                              center                        6549.86                       
                              center_pix                    3538.233060142588             
                              disp                          NA_H_ALPHA_DISP               
                              disp_res_ang                  1.9634909188694747            
                              disp_res_kms                  89.87058789478836             
                              label                         [NII]                         
                              line_profile                  gaussian                      
                              line_type                     na                            
                              ncomp                         1                             
                              voff                          NA_H_ALPHA_VOFF               
NA_NII_6585                                                                               
                              amp                           free                          
                              center                        6585.27                       
                              center_pix                    3561.64771370139              
                              disp                          NA_H_ALPHA_DISP               
                              disp_res_ang                  1.9634909188694747            
                              disp_res_kms                  89.38734005265667             
                              label                         [NII]                         
                              line_profile                  gaussian                      
                              line_type                     na                            
                              ncomp                         1                             
                              voff                          NA_H_ALPHA_VOFF               
NA_OII                                                                                    
                              amp                           free                          
                              center                        3727.09                       
                              center_pix                    1089.7191936772224            
                              disp                          free                          
                              disp_res_ang                  1.9634909188694747            
                              disp_res_kms                  157.93548554731933            
                              label                         [OII]                         
                              line_profile                  gaussian                      
                              line_type                     na                            
                              ncomp                         1                             
                              voff                          free                          
NA_OIII_a                                                                                 
                              amp                           (NA_OIII_b_AMP/2.98)          
                              center                        4960.295                      
                              center_pix                    2331.0409659916327            
                              disp                          NA_H_ALPHA_DISP               
                              disp_res_ang                  1.9634909188694747            
                              disp_res_kms                  118.67031473502249            
                              label                         [OIIIa]                       
                              line_profile                  gaussian                      
                              line_type                     na                            
                              ncomp                         1                             
                              voff                          NA_H_ALPHA_VOFF               
NA_OIII_b                                                                                 
                              amp                           free                          
                              center                        5008.24                       
                              center_pix                    2372.8153869811154            
                              disp                          NA_H_ALPHA_DISP               
                              disp_res_ang                  1.9634909188694747            
                              disp_res_kms                  117.53425730966536            
                              label                         [OIIIb]                       
                              line_profile                  gaussian                      
                              line_type                     na                            
                              ncomp                         1                             
                              voff                          NA_H_ALPHA_VOFF               
NA_SII_6716                                                                               
                              amp                           free                          
                              center                        6718.29                       
                              center_pix                    3648.4955035005246            
                              disp                          NA_H_ALPHA_DISP               
                              disp_res_ang                  1.9634909188694747            
                              disp_res_kms                  87.6174992190808              
                              label                         [SII]                         
                              line_profile                  gaussian                      
                              line_type                     na                            
                              ncomp                         1                             
                              voff                          NA_H_ALPHA_VOFF               
NA_SII_6731                                                                               
                              amp                           free                          
                              center                        6732.67                       
                              center_pix                    3657.780920958052             
                              disp                          NA_H_ALPHA_DISP               
                              disp_res_ang                  1.9634909188694747            
                              disp_res_kms                  87.43036103485814             
                              label                         [SII]                         
                              line_profile                  gaussian                      
                              line_type                     na                            
                              ncomp                         1                             
                              voff                          NA_H_ALPHA_VOFF               

----------------------------------------------------------------------------------------------------------------------------------------

 Number of Free Line Parameters: 15

----------------------------------------------------------------------------------------------------------------------------------------

 All Free Parameters:

----------------------------------------------------------------------------------------------------------------------------------------
APOLY_COEFF_1                                                                             
                              init                          0.0                           
                              plim                          (-100.0, 100.0)               
APOLY_COEFF_2                                                                             
                              init                          0.0                           
                              plim                          (-100.0, 100.0)               
APOLY_COEFF_3                                                                             
                              init                          0.0                           
                              plim                          (-100.0, 100.0)               
APOLY_COEFF_4                                                                             
                              init                          0.0                           
                              plim                          (-100.0, 100.0)               
APOLY_COEFF_5                                                                             
                              init                          0.0                           
                              plim                          (-100.0, 100.0)               
APOLY_COEFF_6                                                                             
                              init                          0.0                           
                              plim                          (-100.0, 100.0)               
APOLY_COEFF_7                                                                             
                              init                          0.0                           
                              plim                          (-100.0, 100.0)               
BR_H_ALPHA_AMP                                                                            
                              init                          0.9873649785884989            
                              plim                          (0, 50)                       
BR_H_ALPHA_DISP                                                                           
                              init                          3300.0                        
                              plim                          (600, 6000)                   
BR_H_ALPHA_VOFF                                                                           
                              init                          0.0                           
                              plim                          (-1500, 1500)                 
                              prior                         {'type': 'gaussian'}          
BR_H_BETA_AMP                                                                             
                              init                          0.49215155115510656           
                              plim                          (0, 50)                       
HOST_TEMP_DISP                                                                            
                              init                          100.0                         
                              plim                          (0.001, 500.0)                
HOST_TEMP_VEL                                                                             
                              init                          0.0                           
                              plim                          (-500.0, 500)                 
NA_H_ALPHA_AMP                                                                            
                              init                          0.9873649785884989            
                              plim                          (0, 50)                       
NA_H_ALPHA_DISP                                                                           
                              init                          1300.0                        
                              plim                          (100, 2500)                   
NA_H_ALPHA_VOFF                                                                           
                              init                          0.0                           
                              plim                          (-1000, 1000)                 
                              prior                         {'type': 'gaussian'}          
NA_H_BETA_AMP                                                                             
                              init                          0.49215155115510656           
                              plim                          (0, 50)                       
NA_NII_6585_AMP                                                                           
                              init                          0.768780315640222             
                              plim                          (0, 50)                       
NA_OIII_b_AMP                                                                             
                              init                          0.9504116193715413            
                              plim                          (0, 50)                       
NA_OII_AMP                                                                                
                              init                          0.46610526910192557           
                              plim                          (0, 50)                       
NA_OII_DISP                                                                               
                              init                          1300.0                        
                              plim                          (100, 2500)                   
NA_OII_VOFF                                                                               
                              init                          0.0                           
                              plim                          (-1000, 1000)                 
                              prior                         {'type': 'gaussian'}          
NA_SII_6716_AMP                                                                           
                              init                          0.23436034790085206           
                              plim                          (0, 50)                       
NA_SII_6731_AMP                                                                           
                              init                          0.22817046388765655           
                              plim                          (0, 50)                       
POWER_AMP                                                                                 
                              init                          0.1438232439916709            
                              plim                          (0, 1.5000000695484363)       
POWER_SLOPE                                                                               
                              init                          -1.0                          
                              plim                          (-6.0, 6.0)                   

----------------------------------------------------------------------------------------------------------------------------------------

 Total number of free parameters: 26

----------------------------------------------------------------------------------------------------------------------------------------

 Soft Constraints:


----------------------------------------------------------------------------------------------------------------------------------------

----------------------------------------------------------------------------------------------------------------------------------------

 Required Maximum Likelihood RMSE threshold: 0.4310 


 Performing max. likelihood fitting.

 Using Basin-hopping algorithm to estimate parameters. niter_success = 5
basinhopping step 0: f 3.44127
 Fit Status: False
 Force threshold: 0.4310
 Lowest RMSE: 0.0971
 Current RMSE: 0.0971
 Accepted count: 1
 Basinhop count: 0


adaptive stepsize: acceptance rate 0.000000 target 0.500000 new stepsize 0.9 old stepsize 1
basinhopping step 1: f 6.32298 trial_f 6.32298 accepted 1  lowest_f 3.44127
 Fit Status: False
 Force threshold: 0.4310
 Lowest RMSE: 0.0971
 Current RMSE: 0.1317
 Accepted count: 2
 Basinhop count: 1


adaptive stepsize: acceptance rate 0.500000 target 0.500000 new stepsize 0.81 old stepsize 0.9
basinhopping step 2: f 5.59458 trial_f 5.59458 accepted 1  lowest_f 3.44127
 Fit Status: False
 Force threshold: 0.4310
 Lowest RMSE: 0.0971
 Current RMSE: 0.1239
 Accepted count: 3
 Basinhop count: 2


adaptive stepsize: acceptance rate 0.666667 target 0.500000 new stepsize 0.9 old stepsize 0.81
basinhopping step 3: f 5.24455 trial_f 5.24455 accepted 1  lowest_f 3.44127
 Fit Status: False
 Force threshold: 0.4310
 Lowest RMSE: 0.0971
 Current RMSE: 0.1199
 Accepted count: 4
 Basinhop count: 3


adaptive stepsize: acceptance rate 0.750000 target 0.500000 new stepsize 1 old stepsize 0.9
basinhopping step 4: f 3.94178 trial_f 3.94178 accepted 1  lowest_f 3.44127
 Fit Status: False
 Force threshold: 0.4310
 Lowest RMSE: 0.0971
 Current RMSE: 0.1040
 Accepted count: 5
 Basinhop count: 4


adaptive stepsize: acceptance rate 0.800000 target 0.500000 new stepsize 1.11111 old stepsize 1
basinhopping step 5: f 3.89069 trial_f 3.89069 accepted 1  lowest_f 3.44127
 Fit Status: True
 Force threshold: 0.4310
 Lowest RMSE: 0.0971
 Current RMSE: 0.1033
 Accepted count: 6
 Basinhop count: 5



 Maximum Likelihood Best-fit Parameters:
--------------------------------------------------------------------------------------

Parameter                     Best-fit Value                +/- 1-sigma                   Flag                          
--------------------------------------------------------------------------------------
AGN_FRAC_4000                 0.978078                      0.000000                      1.0                           
AGN_FRAC_7000                 0.925327                      0.000000                      1.0                           
APOLY_COEFF_1                 -0.112355                     0.000000                      1.0                           
APOLY_COEFF_2                 0.042756                      0.000000                      1.0                           
APOLY_COEFF_3                 0.001193                      0.000000                      1.0                           
APOLY_COEFF_4                 -0.010334                     0.000000                      1.0                           
APOLY_COEFF_5                 0.004182                      0.000000                      1.0                           
APOLY_COEFF_6                 -0.011782                     0.000000                      1.0                           
APOLY_COEFF_7                 -0.006344                     0.000000                      1.0                           
BR_H_ALPHA_AMP                22.950583                     0.000000                      1.0                           
BR_H_ALPHA_DISP               3299.989931                   0.000000                      1.0                           
BR_H_ALPHA_DISP_CORR          3298.771445                   0.000000                      1.0                           
BR_H_ALPHA_DISP_RES           89.668795                     nan                           nan                           
BR_H_ALPHA_EW                 307.218750                    0.000000                      0.0                           
BR_H_ALPHA_FLUX               -13.268022                    0.000000                      0.0                           
BR_H_ALPHA_FWHM               7770.980361                   0.000000                      0.0                           
BR_H_ALPHA_FWHM_CORR          7768.111133                   0.000000                      0.0                           
BR_H_ALPHA_LUM                43.184395                     0.000000                      0.0                           
BR_H_ALPHA_NPIX               247.000000                    0.000000                      0.0                           
BR_H_ALPHA_SNR                19.140402                     0.000000                      0.0                           
BR_H_ALPHA_VOFF               -0.005615                     0.000000                      1.0                           
BR_H_ALPHA_W80                8655.941766                   0.000000                      0.0                           
BR_H_ALPHA_W80_CORR           8652.880741                   0.000000                      0.0                           
BR_H_BETA_AMP                 6.627101                      0.000000                      1.0                           
BR_H_BETA_DISP                3299.989931                   0.000000                      1.0                           
BR_H_BETA_DISP_CORR           3297.768926                   0.000000                      1.0                           
BR_H_BETA_DISP_RES            121.052267                    nan                           nan                           
BR_H_BETA_EW                  43.935231                     0.000000                      0.0                           
BR_H_BETA_FLUX                -13.937824                    0.000000                      0.0                           
BR_H_BETA_FWHM                7771.031196                   0.000000                      0.0                           
BR_H_BETA_FWHM_CORR           7765.801320                   0.000000                      0.0                           
BR_H_BETA_LUM                 42.514593                     0.000000                      0.0                           
BR_H_BETA_NPIX                177.000000                    0.000000                      0.0                           
BR_H_BETA_SNR                 5.526808                      0.000000                      0.0                           
BR_H_BETA_VOFF                -0.005615                     0.000000                      1.0                           
BR_H_BETA_W80                 8655.752046                   0.000000                      0.0                           
BR_H_BETA_W80_CORR            8650.172449                   0.000000                      0.0                           
HOST_FRAC_4000                0.095805                      0.000000                      1.0                           
HOST_FRAC_7000                -0.315699                     0.000000                      1.0                           
HOST_TEMP_DISP                100.000613                    0.000000                      1.0                           
HOST_TEMP_VEL                 0.000124                      0.000000                      1.0                           
H_ALPHA_COMP_DISP             2578.772485                   0.000000                      0.0                           
H_ALPHA_COMP_DISP_CORR        2577.213037                   0.000000                      0.0                           
H_ALPHA_COMP_DISP_RES         89.668795                     nan                           nan                           
H_ALPHA_COMP_EW               570.099964                    0.000000                      1.0                           
H_ALPHA_COMP_FLUX             -12.999754                    0.000000                      1.0                           
H_ALPHA_COMP_FWHM             3816.677108                   0.000000                      0.0                           
H_ALPHA_COMP_FWHM_CORR        3810.831792                   0.000000                      0.0                           
H_ALPHA_COMP_LUM              43.452663                     0.000000                      1.0                           
H_ALPHA_COMP_NPIX             247.000000                    0.000000                      0.0                           
H_ALPHA_COMP_SNR              44.077574                     0.000000                      0.0                           
H_ALPHA_COMP_VOFF             -0.007696                     0.000000                      0.0                           
H_ALPHA_COMP_W80              6313.590837                   0.000000                      0.0                           
H_ALPHA_COMP_W80_CORR         6309.393514                   0.000000                      0.0                           
H_BETA_COMP_DISP              2582.899746                   0.000000                      0.0                           
H_BETA_COMP_DISP_CORR         2580.061520                   0.000000                      0.0                           
H_BETA_COMP_DISP_RES          121.052267                    nan                           nan                           
H_BETA_COMP_EW                81.177297                     0.000000                      1.0                           
H_BETA_COMP_FLUX              -13.671440                    0.000000                      1.0                           
H_BETA_COMP_FWHM              3823.400499                   0.000000                      0.0                           
H_BETA_COMP_FWHM_CORR         3812.759586                   0.000000                      0.0                           
H_BETA_COMP_LUM               42.780977                     0.000000                      1.0                           
H_BETA_COMP_NPIX              177.000000                    0.000000                      0.0                           
H_BETA_COMP_SNR               14.754409                     0.000000                      0.0                           
H_BETA_COMP_VOFF              -0.007962                     0.000000                      0.0                           
H_BETA_COMP_W80               6329.028431                   0.000000                      0.0                           
H_BETA_COMP_W80_CORR          6321.395479                   0.000000                      0.0                           
LOG_LIKE                      3.441267                      0.000000                      0.0                           
L_CONT_AGN_3000               44.626062                     0.000000                      1.0                           
L_CONT_AGN_5100               44.530058                     0.000000                      1.0                           
L_CONT_HOST_3000              44.063634                     0.000000                      1.0                           
L_CONT_HOST_5100              0.000000                      0.000000                      1.0                           
L_CONT_TOT_3000               44.626983                     0.000000                      1.0                           
L_CONT_TOT_5100               44.550827                     0.000000                      1.0                           
NA_H_ALPHA_AMP                49.798508                     0.000000                      1.0                           
NA_H_ALPHA_DISP               1299.911096                   0.000000                      1.0                           
NA_H_ALPHA_DISP_CORR          1296.814699                   0.000000                      1.0                           
NA_H_ALPHA_DISP_RES           89.668795                     nan                           nan                           
NA_H_ALPHA_EW                 262.881215                    0.000000                      0.0                           
NA_H_ALPHA_FLUX               -13.336220                    0.000000                      0.0                           
NA_H_ALPHA_FWHM               3061.237959                   0.000000                      0.0                           
NA_H_ALPHA_FWHM_CORR          3053.947059                   0.000000                      0.0                           
NA_H_ALPHA_LUM                43.116197                     0.000000                      0.0                           
NA_H_ALPHA_NPIX               101.000000                    0.000000                      0.0                           
NA_H_ALPHA_SNR                41.531121                     0.000000                      0.0                           
NA_H_ALPHA_VOFF               -0.010141                     0.000000                      1.0                           
NA_H_ALPHA_W80                3409.435321                   0.000000                      0.0                           
NA_H_ALPHA_W80_CORR           3401.656430                   0.000000                      0.0                           
NA_H_BETA_AMP                 14.244528                     0.000000                      1.0                           
NA_H_BETA_DISP                1299.911096                   0.000000                      1.0                           
NA_H_BETA_DISP_CORR           1294.262417                   0.000000                      1.0                           
NA_H_BETA_DISP_RES            121.052267                    nan                           nan                           
NA_H_BETA_EW                  37.242066                     0.000000                      0.0                           
NA_H_BETA_FLUX                -14.010120                    0.000000                      0.0                           
NA_H_BETA_FWHM                3061.468911                   0.000000                      0.0                           
NA_H_BETA_FWHM_CORR           3048.169317                   0.000000                      0.0                           
NA_H_BETA_LUM                 42.442297                     0.000000                      0.0                           
NA_H_BETA_NPIX                79.000000                     0.000000                      0.0                           
NA_H_BETA_SNR                 11.878533                     0.000000                      0.0                           
NA_H_BETA_VOFF                -0.010141                     0.000000                      1.0                           
NA_H_BETA_W80                 3409.258545                   0.000000                      0.0                           
NA_H_BETA_W80_CORR            3395.067562                   0.000000                      0.0                           
NA_NII_6549_AMP               0.000000                      0.000000                      1.0                           
NA_NII_6549_DISP              1299.911096                   0.000000                      1.0                           
NA_NII_6549_DISP_CORR         1296.800730                   0.000000                      1.0                           
NA_NII_6549_DISP_RES          89.870588                     nan                           nan                           
NA_NII_6549_EW                0.000000                      0.000000                      1.0                           
NA_NII_6549_FLUX              0.000000                      0.000000                      0.0                           
NA_NII_6549_FWHM              0.000000                      0.000000                      0.0                           
NA_NII_6549_FWHM_CORR         0.000000                      0.000000                      0.0                           
NA_NII_6549_LUM               0.000000                      0.000000                      1.0                           
NA_NII_6549_NPIX              0.000000                      0.000000                      0.0                           
NA_NII_6549_SNR               0.000000                      0.000000                      0.0                           
NA_NII_6549_VOFF              -0.010141                     0.000000                      1.0                           
NA_NII_6549_W80               0.000000                      0.000000                      0.0                           
NA_NII_6549_W80_CORR          0.000000                      0.000000                      0.0                           
NA_NII_6585_AMP               0.000000                      0.000000                      1.0                           
NA_NII_6585_DISP              1299.911096                   0.000000                      1.0                           
NA_NII_6585_DISP_CORR         1296.834130                   0.000000                      1.0                           
NA_NII_6585_DISP_RES          89.387340                     nan                           nan                           
NA_NII_6585_EW                0.000000                      0.000000                      1.0                           
NA_NII_6585_FLUX              0.000000                      0.000000                      0.0                           
NA_NII_6585_FWHM              0.000000                      0.000000                      0.0                           
NA_NII_6585_FWHM_CORR         0.000000                      0.000000                      0.0                           
NA_NII_6585_LUM               0.000000                      0.000000                      1.0                           
NA_NII_6585_NPIX              0.000000                      0.000000                      0.0                           
NA_NII_6585_SNR               0.000000                      0.000000                      0.0                           
NA_NII_6585_VOFF              -0.010141                     0.000000                      1.0                           
NA_NII_6585_W80               0.000000                      0.000000                      0.0                           
NA_NII_6585_W80_CORR          0.000000                      0.000000                      0.0                           
NA_OIII_a_AMP                 5.857866                      0.000000                      1.0                           
NA_OIII_a_DISP                1299.911096                   0.000000                      1.0                           
NA_OIII_a_DISP_CORR           1294.482991                   0.000000                      1.0                           
NA_OIII_a_DISP_RES            118.670315                    nan                           nan                           
NA_OIII_a_EW                  15.996493                     0.000000                      0.0                           
NA_OIII_a_FLUX                -14.387399                    0.000000                      0.0                           
NA_OIII_a_FWHM                3061.240755                   0.000000                      0.0                           
NA_OIII_a_FWHM_CORR           3048.459534                   0.000000                      0.0                           
NA_OIII_a_LUM                 42.065018                     0.000000                      0.0                           
NA_OIII_a_NPIX                64.000000                     0.000000                      0.0                           
NA_OIII_a_SNR                 4.885351                      0.000000                      0.0                           
NA_OIII_a_VOFF                -0.010141                     0.000000                      1.0                           
NA_OIII_a_W80                 3409.386294                   0.000000                      0.0                           
NA_OIII_a_W80_CORR            3395.749914                   0.000000                      0.0                           
NA_OIII_b_AMP                 17.456441                     0.000000                      1.0                           
NA_OIII_b_DISP                1299.911096                   0.000000                      1.0                           
NA_OIII_b_DISP_CORR           1294.586635                   0.000000                      1.0                           
NA_OIII_b_DISP_RES            117.534257                    nan                           nan                           
NA_OIII_b_EW                  48.886510                     0.000000                      0.0                           
NA_OIII_b_FLUX                -13.909004                    0.000000                      0.0                           
NA_OIII_b_FWHM                3061.311711                   0.000000                      0.0                           
NA_OIII_b_FWHM_CORR           3048.774827                   0.000000                      0.0                           
NA_OIII_b_LUM                 42.543413                     0.000000                      0.0                           
NA_OIII_b_NPIX                84.000000                     0.000000                      0.0                           
NA_OIII_b_SNR                 14.557679                     0.000000                      0.0                           
NA_OIII_b_VOFF                -0.010141                     0.000000                      1.0                           
NA_OIII_b_W80                 3409.378926                   0.000000                      0.0                           
NA_OIII_b_W80_CORR            3396.002867                   0.000000                      0.0                           
NA_OII_AMP                    4.199377                      0.000000                      1.0                           
NA_OII_DISP                   1299.996174                   0.000000                      1.0                           
NA_OII_DISP_CORR              1290.366783                   0.000000                      1.0                           
NA_OII_DISP_RES               157.935486                    nan                           nan                           
NA_OII_EW                     5.849719                      0.000000                      0.0                           
NA_OII_FLUX                   -14.656063                    0.000000                      0.0                           
NA_OII_FWHM                   3061.705892                   0.000000                      0.0                           
NA_OII_FWHM_CORR              3039.034146                   0.000000                      0.0                           
NA_OII_LUM                    41.796354                     0.000000                      0.0                           
NA_OII_NPIX                   55.000000                     0.000000                      0.0                           
NA_OII_SNR                    3.501820                      0.000000                      0.0                           
NA_OII_VOFF                   0.000494                      0.000000                      1.0                           
NA_OII_W80                    3409.429203                   0.000000                      0.0                           
NA_OII_W80_CORR               3385.238809                   0.000000                      0.0                           
NA_SII_6716_AMP               0.000182                      0.000000                      1.0                           
NA_SII_6716_DISP              1299.911096                   0.000000                      1.0                           
NA_SII_6716_DISP_CORR         1296.954907                   0.000000                      1.0                           
NA_SII_6716_DISP_RES          87.617499                     nan                           nan                           
NA_SII_6716_EW                0.000712                      0.000000                      0.0                           
NA_SII_6716_FLUX              -18.911332                    0.000000                      1.0                           
NA_SII_6716_FWHM              2712.374554                   0.000000                      0.0                           
NA_SII_6716_FWHM_CORR         2704.516054                   0.000000                      0.0                           
NA_SII_6716_LUM               37.541085                     0.000000                      0.0                           
NA_SII_6716_NPIX              0.000000                      0.000000                      0.0                           
NA_SII_6716_SNR               0.000152                      0.000000                      0.0                           
NA_SII_6716_VOFF              -0.010141                     0.000000                      1.0                           
NA_SII_6716_W80               2081.633027                   0.000000                      0.0                           
NA_SII_6716_W80_CORR          2069.446713                   0.000000                      0.0                           
NA_SII_6731_AMP               2.068878                      0.000000                      1.0                           
NA_SII_6731_DISP              1299.911096                   0.000000                      1.0                           
NA_SII_6731_DISP_CORR         1296.967536                   0.000000                      1.0                           
NA_SII_6731_DISP_RES          87.430361                     nan                           nan                           
NA_SII_6731_EW                11.411771                     0.000000                      0.0                           
NA_SII_6731_FLUX              -14.706726                    0.000000                      0.0                           
NA_SII_6731_FWHM              3061.377218                   0.000000                      0.0                           
NA_SII_6731_FWHM_CORR         3054.446509                   0.000000                      0.0                           
NA_SII_6731_LUM               41.745691                     0.000000                      0.0                           
NA_SII_6731_NPIX              50.000000                     0.000000                      0.0                           
NA_SII_6731_SNR               1.725293                      0.000000                      0.0                           
NA_SII_6731_VOFF              -0.010141                     0.000000                      1.0                           
NA_SII_6731_W80               3409.289233                   0.000000                      0.0                           
NA_SII_6731_W80_CORR          3401.893968                   0.000000                      0.0                           
POWER_AMP                     25.707847                     0.000000                      1.0                           
POWER_SLOPE                   -0.573542                     0.000000                      1.0                           
RCHI_SQUARED                  6.891726                      0.000000                      0.0                           
R_SQUARED                     0.992583                      0.000000                      0.0                           
NOISE_STD                     1.151876                                                                                  
RESID_STD                     2.857671                                                                                  
--------------------------------------------------------------------------------------
 - Done fitting 2-onur! 

End process memory: 0.25869926                    
