7.0.1
1.3.2
2.1.6
3.1.6
['/home/onur/Documents/AGNEmissionLines_ThirdPartyLibraries/pyqsofit/PyQSOFit/src/pyqsofit']
FWHM Resolution: 2.5 Å
[ 3566.97426784  3567.79484559  3568.6175712  ... 10394.41199851
 10396.80892696 10399.20640813] Angstrom [41.51423645 41.51011658 41.50600815 ...  1.33095062  1.3309654
  1.3309803 ] erg / (Angstrom s cm2) [0.83028473 0.83020233 0.83012016 ... 0.02661901 0.02661931 0.02661961] erg / (Angstrom s cm2) 0.09091717004776001
Name            Value      Min      Max   Stderr     Vary     Expr Brute_Step
Balmer_Tau        0.5      0.1        2     None    False     None     None
Balmer_Te     1.5e+04    1e+04    5e+04     None    False     None     None
Blamer_norm         0        0    1e+10     None    False     None     None
Fe_op_FWHM       3000     1200  1.8e+04     None     True     None     None
Fe_op_norm          0        0    1e+10     None     True     None     None
Fe_op_shift         0    -0.01     0.01     None     True     None     None
Fe_uv_FWHM       3000     1200  1.8e+04     None     True     None     None
Fe_uv_norm          0        0    1e+10     None     True     None     None
Fe_uv_shift         0    -0.01     0.01     None     True     None     None
PL_norm             1        0    1e+10     None     True     None     None
PL_slope         -1.5       -5        3     None     True     None     None
conti_a_0           0     -inf      inf     None     True     None     None
conti_a_1           0     -inf      inf     None     True     None     None
conti_a_2           0     -inf      inf     None     True     None     None
Fitting continuum
Fit report
[[Variables]]
    Fe_uv_norm:   3.61342734 +/- 0.14220015 (3.94%) (init = 0)
    Fe_uv_FWHM:   11804.1047 +/- 1301.80481 (11.03%) (init = 3000)
    Fe_uv_shift: -0.00997377 +/- 0.00219003 (21.96%) (init = 0)
    Fe_op_norm:   1.72194536 +/- 0.08033361 (4.67%) (init = 0)
    Fe_op_FWHM:   3640.71189 +/- 470.814358 (12.93%) (init = 3000)
    Fe_op_shift: -0.00760516 +/- 6.6324e-04 (8.72%) (init = 0)
    PL_norm:      27.8808687 +/- 1.05746189 (3.79%) (init = 1)
    PL_slope:    -0.13136596 +/- 1.88466736 (1434.67%) (init = -1.5)
    Blamer_norm:  0 (fixed)
    Balmer_Te:    15000 (fixed)
    Balmer_Tau:   0.5 (fixed)
    conti_a_0:   -2805.61000 +/- 15171.0412 (540.74%) (init = 0)
    conti_a_1:    0.63273998 +/- 1.79203852 (283.22%) (init = 0)
    conti_a_2:   -5.7340e-05 +/- 1.0697e-04 (186.55%) (init = 0)
[[Correlations]] (unreported correlations are < 0.100)
    C(PL_slope, conti_a_0)     = -0.9996
    C(conti_a_0, conti_a_1)    = -0.9975
    C(conti_a_1, conti_a_2)    = -0.9959
    C(PL_slope, conti_a_1)     = +0.9951
    C(conti_a_0, conti_a_2)    = +0.9872
    C(PL_slope, conti_a_2)     = -0.9823
    C(PL_norm, PL_slope)       = -0.9541
    C(PL_norm, conti_a_0)      = +0.9463
    C(PL_norm, conti_a_1)      = -0.9275
    C(PL_norm, conti_a_2)      = +0.8986
    C(Fe_uv_FWHM, Fe_uv_shift) = +0.8124
    C(Fe_uv_norm, PL_norm)     = -0.7696
    C(Fe_uv_norm, PL_slope)    = +0.7006
    C(Fe_uv_norm, conti_a_0)   = -0.6937
    C(Fe_uv_norm, conti_a_1)   = +0.6794
    C(Fe_uv_norm, conti_a_2)   = -0.6584
    C(Fe_uv_norm, Fe_uv_shift) = +0.6545
    C(Fe_uv_norm, Fe_uv_FWHM)  = +0.6362
    C(Fe_op_norm, Fe_op_FWHM)  = +0.6264
    C(Fe_op_shift, PL_norm)    = +0.3405
    C(Fe_uv_norm, Fe_op_shift) = -0.2830
    C(Fe_op_shift, PL_slope)   = -0.2730
    C(Fe_op_norm, PL_slope)    = -0.2689
    C(Fe_op_shift, conti_a_0)  = +0.2665
    C(Fe_op_norm, conti_a_0)   = +0.2560
    C(Fe_op_shift, conti_a_1)  = -0.2536
    C(Fe_op_norm, PL_norm)     = +0.2402
    C(Fe_op_shift, conti_a_2)  = +0.2375
    C(Fe_op_norm, conti_a_1)   = -0.2157
    C(Fe_op_norm, conti_a_2)   = +0.1630
    C(Fe_op_FWHM, PL_slope)    = -0.1621
    C(Fe_op_FWHM, PL_norm)     = +0.1568
    C(Fe_op_FWHM, conti_a_0)   = +0.1529
    C(Fe_op_FWHM, conti_a_1)   = -0.1259
    C(Fe_uv_shift, PL_norm)    = -0.1104
    C(Fe_uv_shift, PL_slope)   = +0.1062
    C(Fe_uv_shift, conti_a_0)  = -0.1053
    C(Fe_uv_shift, conti_a_1)  = +0.1032
    C(Fe_uv_FWHM, PL_norm)     = -0.1015
Name                    Value      Min      Max   Stderr     Vary     Expr Brute_Step
Hb_br_1_dwave               0    -0.01     0.01     None     True     None     None
Hb_br_1_scale               0        0    1e+10     None     True     None     None
Hb_br_1_sigma           0.005    0.004     0.05     None     True     None     None
Hb_br_2_dwave               0    -0.01     0.01     None     True     None     None
Hb_br_2_scale               0        0    1e+10     None     True     None     None
Hb_br_2_sigma           0.005    0.004     0.05     None     True     None     None
Hb_na_1_dwave               0    -0.01     0.01     None     True     None     None
Hb_na_1_scale               0        0    1e+10     None     True     None     None
Hb_na_1_sigma           0.001  0.00023  0.00169     None     True     None     None
HeII4687_br_1_dwave         0   -0.005    0.005     None     True     None     None
HeII4687_br_1_scale         0        0    1e+10     None     True     None     None
HeII4687_br_1_sigma     0.005    0.004     0.05     None     True     None     None
HeII4687_na_1_dwave         0   -0.005    0.005     None    False Hb_na_1_dwave     None
HeII4687_na_1_scale         0        0    1e+10     None     True     None     None
HeII4687_na_1_sigma     0.001  0.00023  0.00169     None    False Hb_na_1_sigma     None
OIII4959c_1_dwave           0    -0.01     0.01     None    False Hb_na_1_dwave     None
OIII4959c_1_scale           0        0    1e+10     None     True     None     None
OIII4959c_1_sigma       0.001  0.00023  0.00169     None    False Hb_na_1_sigma     None
OIII4959w_1_dwave           0    -0.01     0.01     None     True     None     None
OIII4959w_1_scale           0        0    1e+10     None     True     None     None
OIII4959w_1_sigma       0.003  0.00023    0.004     None     True     None     None
OIII5007c_1_dwave           0    -0.01     0.01     None    False Hb_na_1_dwave     None
OIII5007c_1_scale           0        0    1e+10     None    False 3.0303030014038086 * OIII4959c_1_scale     None
OIII5007c_1_sigma       0.001  0.00023  0.00169     None    False Hb_na_1_sigma     None
OIII5007w_1_dwave           0    -0.01     0.01     None    False OIII4959w_1_dwave     None
OIII5007w_1_scale           0        0    1e+10     None    False 3.0303030014038086 * OIII4959w_1_scale     None
OIII5007w_1_sigma       0.003  0.00023    0.004     None    False OIII4959w_1_sigma     None
Fitting complex Hb
Fit report
[[Variables]]
    Hb_br_1_scale:        7.58807239 +/- 2.0255e+14 (2669274884408389.50%) (init = 0)
    Hb_br_1_dwave:        0.00463595 +/- 10321989.8 (222651044083.39%) (init = 0)
    Hb_br_1_sigma:        0.00629447 +/- 1699606.62 (27001584181.83%) (init = 0.005)
    Hb_br_2_scale:        7.58807239 +/- 2.0255e+14 (2669274882896002.50%) (init = 0)
    Hb_br_2_dwave:        0.00463595 +/- 10193822.9 (219886611519.86%) (init = 0)
    Hb_br_2_sigma:        0.00629447 +/- 1720967.16 (27340941228.87%) (init = 0.005)
    Hb_na_1_scale:        0.04411971 +/- 1.71831156 (3894.66%) (init = 0)
    Hb_na_1_dwave:       -8.0320e-05 +/- 1.3768e-04 (171.42%) (init = 0)
    Hb_na_1_sigma:        0.00142723 +/- 1.6172e-04 (11.33%) (init = 0.001)
    OIII4959c_1_scale:    3.46549844 +/- 0.51977972 (15.00%) (init = 0)
    OIII4959c_1_dwave:   -8.0320e-05 +/- 1.3768e-04 (171.42%) == 'Hb_na_1_dwave'
    OIII4959c_1_sigma:    0.00142723 +/- 1.6172e-04 (11.33%) == 'Hb_na_1_sigma'
    OIII5007c_1_scale:    10.5015103 +/- 1.57509006 (15.00%) == '3.0303030014038086 * OIII4959c_1_scale'
    OIII5007c_1_dwave:   -8.0320e-05 +/- 1.3768e-04 (171.42%) == 'Hb_na_1_dwave'
    OIII5007c_1_sigma:    0.00142723 +/- 1.6172e-04 (11.33%) == 'Hb_na_1_sigma'
    OIII4959w_1_scale:    11.6246934 +/- 0.91650381 (7.88%) (init = 0)
    OIII4959w_1_dwave:   -0.00958411 +/- 4.1376e-05 (0.43%) (init = 0)
    OIII4959w_1_sigma:    6.3160e-04 +/- 3.6825e-05 (5.83%) (init = 0.003)
    OIII5007w_1_scale:    35.2263434 +/- 2.77728425 (7.88%) == '3.0303030014038086 * OIII4959w_1_scale'
    OIII5007w_1_dwave:   -0.00958411 +/- 4.1376e-05 (0.43%) == 'OIII4959w_1_dwave'
    OIII5007w_1_sigma:    6.3160e-04 +/- 3.6825e-05 (5.83%) == 'OIII4959w_1_sigma'
    HeII4687_br_1_scale:  2.35964415 +/- 0.20633012 (8.74%) (init = 0)
    HeII4687_br_1_dwave:  0.00499312 +/- 0.01108999 (222.11%) (init = 0)
    HeII4687_br_1_sigma:  0.03010706 +/- 0.00812658 (26.99%) (init = 0.005)
    HeII4687_na_1_scale:  3.66273123 +/- 0.71483320 (19.52%) (init = 0)
    HeII4687_na_1_dwave: -8.0320e-05 +/- 1.3768e-04 (171.42%) == 'Hb_na_1_dwave'
    HeII4687_na_1_sigma:  0.00142723 +/- 1.6172e-04 (11.33%) == 'Hb_na_1_sigma'
[[Correlations]] (unreported correlations are < 0.100)
    C(Hb_br_1_scale, Hb_br_2_scale)             = -1.0000
    C(Hb_br_1_sigma, Hb_br_2_sigma)             = -1.0000
    C(Hb_br_1_dwave, Hb_br_2_dwave)             = -1.0000
    C(Hb_br_1_dwave, Hb_br_1_sigma)             = -1.0000
    C(Hb_br_1_dwave, Hb_br_2_sigma)             = +1.0000
    C(Hb_br_1_sigma, Hb_br_2_dwave)             = +1.0000
    C(Hb_br_2_dwave, Hb_br_2_sigma)             = -1.0000
    C(Hb_br_2_scale, Hb_br_2_sigma)             = +1.0000
    C(Hb_br_1_scale, Hb_br_2_sigma)             = -1.0000
    C(Hb_br_1_sigma, Hb_br_2_scale)             = -1.0000
    C(Hb_br_1_scale, Hb_br_1_sigma)             = +1.0000
    C(Hb_br_1_dwave, Hb_br_2_scale)             = +1.0000
    C(Hb_br_1_scale, Hb_br_1_dwave)             = -1.0000
    C(Hb_br_2_scale, Hb_br_2_dwave)             = -1.0000
    C(Hb_br_1_scale, Hb_br_2_dwave)             = +1.0000
    C(Hb_na_1_sigma, OIII4959c_1_scale)         = -0.6678
    C(OIII4959w_1_scale, OIII4959w_1_sigma)     = -0.6118
    C(HeII4687_br_1_dwave, HeII4687_br_1_sigma) = -0.5733
    C(HeII4687_br_1_scale, HeII4687_na_1_scale) = -0.3359
    C(Hb_na_1_sigma, HeII4687_br_1_sigma)       = -0.2871
    C(HeII4687_br_1_scale, HeII4687_br_1_sigma) = -0.2380
    C(Hb_na_1_sigma, HeII4687_na_1_scale)       = -0.2143
    C(HeII4687_br_1_scale, HeII4687_br_1_dwave) = +0.2012
    C(Hb_br_1_scale, HeII4687_br_1_scale)       = +0.1970
    C(Hb_br_2_scale, HeII4687_br_1_scale)       = -0.1970
    C(Hb_br_2_sigma, HeII4687_br_1_scale)       = -0.1963
    C(Hb_br_1_sigma, HeII4687_br_1_scale)       = +0.1963
    C(Hb_br_1_dwave, HeII4687_br_1_scale)       = -0.1962
    C(Hb_br_2_dwave, HeII4687_br_1_scale)       = +0.1962
    C(HeII4687_br_1_dwave, HeII4687_na_1_scale) = +0.1848
    C(OIII4959w_1_sigma, HeII4687_br_1_sigma)   = -0.1702
    C(Hb_br_2_dwave, Hb_na_1_scale)             = -0.1591
    C(Hb_br_1_dwave, Hb_na_1_scale)             = +0.1591
    C(Hb_br_1_sigma, Hb_na_1_scale)             = -0.1589
    C(Hb_br_2_sigma, Hb_na_1_scale)             = +0.1589
    C(Hb_br_2_scale, Hb_na_1_scale)             = +0.1584
    C(Hb_br_1_scale, Hb_na_1_scale)             = -0.1584
    C(Hb_na_1_scale, HeII4687_br_1_dwave)       = +0.1567
    C(Hb_br_2_dwave, OIII4959w_1_dwave)         = +0.1538
    C(Hb_br_1_dwave, OIII4959w_1_dwave)         = -0.1538
    C(Hb_br_1_sigma, OIII4959w_1_dwave)         = +0.1538
    C(Hb_br_2_sigma, OIII4959w_1_dwave)         = -0.1538
    C(Hb_br_2_scale, OIII4959w_1_dwave)         = -0.1537
    C(Hb_br_1_scale, OIII4959w_1_dwave)         = +0.1537
    C(OIII4959c_1_scale, HeII4687_br_1_scale)   = +0.1312
    C(Hb_na_1_sigma, HeII4687_br_1_scale)       = -0.1276
    C(OIII4959c_1_scale, HeII4687_na_1_scale)   = +0.1268
    C(Hb_na_1_scale, HeII4687_br_1_scale)       = +0.1218
    C(Hb_br_1_sigma, OIII4959w_1_scale)         = +0.1114
    C(Hb_br_2_sigma, OIII4959w_1_scale)         = -0.1114
    C(Hb_br_2_dwave, OIII4959w_1_scale)         = +0.1114
    C(Hb_br_1_dwave, OIII4959w_1_scale)         = -0.1114
    C(Hb_br_2_scale, OIII4959w_1_scale)         = -0.1113
    C(Hb_br_1_scale, OIII4959w_1_scale)         = +0.1113
    C(Hb_na_1_scale, HeII4687_br_1_sigma)       = -0.1077
Name                Value      Min      Max   Stderr     Vary     Expr Brute_Step
Ha_br_1_dwave           0   -0.015    0.015     None     True     None     None
Ha_br_1_scale           0        0    1e+10     None     True     None     None
Ha_br_1_sigma       0.005    0.004     0.05     None     True     None     None
Ha_br_2_dwave           0   -0.015    0.015     None     True     None     None
Ha_br_2_scale           0        0    1e+10     None     True     None     None
Ha_br_2_sigma       0.005    0.004     0.05     None     True     None     None
Ha_na_1_dwave           0    -0.01     0.01     None     True     None     None
Ha_na_1_scale           0        0    1e+10     None     True     None     None
Ha_na_1_sigma       0.001   0.0005  0.00169     None     True     None     None
NII6549_1_dwave         0   -0.005    0.005     None    False Ha_na_1_dwave     None
NII6549_1_scale         0        0    1e+10     None     True     None     None
NII6549_1_sigma     0.001  0.00023  0.00169     None    False Ha_na_1_sigma     None
NII6585_1_dwave         0   -0.005    0.005     None    False Ha_na_1_dwave     None
NII6585_1_scale         0        0    1e+10     None    False 3.0 * NII6549_1_scale     None
NII6585_1_sigma     0.001  0.00023  0.00169     None    False Ha_na_1_sigma     None
SII6718_1_dwave         0   -0.005    0.005     None    False Ha_na_1_dwave     None
SII6718_1_scale         0        0    1e+10     None     True     None     None
SII6718_1_sigma     0.001  0.00023  0.00169     None    False Ha_na_1_sigma     None
SII6732_1_dwave         0   -0.005    0.005     None    False Ha_na_1_dwave     None
SII6732_1_scale         0        0    1e+10     None    False 1.0 * SII6718_1_scale     None
SII6732_1_sigma     0.001  0.00023  0.00169     None    False Ha_na_1_sigma     None
Fitting complex Ha
Fit report
[[Variables]]
    Ha_br_1_scale:    8.64279315 +/- 1.82933516 (21.17%) (init = 0)
    Ha_br_1_dwave:   -9.6953e-05 +/- 6.6686e-04 (687.82%) (init = 0)
    Ha_br_1_sigma:    0.01187771 +/- 0.00115109 (9.69%) (init = 0.005)
    Ha_br_2_scale:    40.8579626 +/- 1.89093058 (4.63%) (init = 0)
    Ha_br_2_dwave:    0.00199543 +/- 1.2366e-04 (6.20%) (init = 0)
    Ha_br_2_sigma:    0.00516675 +/- 2.1145e-04 (4.09%) (init = 0.005)
    Ha_na_1_scale:    2.62023792 +/- 2.42950766 (92.72%) (init = 0)
    Ha_na_1_dwave:    3.4962e-05 +/- 2.9710e-05 (84.98%) (init = 0)
    Ha_na_1_sigma:    5.0000e-04 +/- 1.0684e-05 (2.14%) (init = 0.001)
    NII6549_1_scale:  4.24804913 +/- 0.85930449 (20.23%) (init = 0)
    NII6549_1_dwave:  3.4962e-05 +/- 2.9710e-05 (84.98%) == 'Ha_na_1_dwave'
    NII6549_1_sigma:  5.0000e-04 +/- 1.0684e-05 (2.14%) == 'Ha_na_1_sigma'
    NII6585_1_scale:  12.7441474 +/- 2.57791346 (20.23%) == '3.0 * NII6549_1_scale'
    NII6585_1_dwave:  3.4962e-05 +/- 2.9710e-05 (84.98%) == 'Ha_na_1_dwave'
    NII6585_1_sigma:  5.0000e-04 +/- 1.0684e-05 (2.14%) == 'Ha_na_1_sigma'
    SII6718_1_scale:  19.1048033 +/- 1.07011047 (5.60%) (init = 0)
    SII6718_1_dwave:  3.4962e-05 +/- 2.9710e-05 (84.98%) == 'Ha_na_1_dwave'
    SII6718_1_sigma:  5.0000e-04 +/- 1.0684e-05 (2.14%) == 'Ha_na_1_sigma'
    SII6732_1_scale:  19.1048033 +/- 1.07011047 (5.60%) == '1.0 * SII6718_1_scale'
    SII6732_1_dwave:  3.4962e-05 +/- 2.9710e-05 (84.98%) == 'Ha_na_1_dwave'
    SII6732_1_sigma:  5.0000e-04 +/- 1.0684e-05 (2.14%) == 'Ha_na_1_sigma'
[[Correlations]] (unreported correlations are < 0.100)
    C(Ha_br_1_scale, Ha_br_1_sigma)   = -0.9455
    C(Ha_br_1_scale, Ha_br_2_sigma)   = -0.8706
    C(Ha_br_1_scale, Ha_br_2_scale)   = -0.8121
    C(Ha_br_1_sigma, Ha_br_2_scale)   = +0.8065
    C(Ha_br_1_sigma, Ha_br_2_sigma)   = +0.7479
    C(Ha_br_1_scale, Ha_br_1_dwave)   = +0.6414
    C(Ha_br_1_dwave, Ha_br_2_sigma)   = -0.5973
    C(Ha_na_1_sigma, SII6718_1_scale) = +0.5709
    C(Ha_br_1_dwave, Ha_br_1_sigma)   = -0.5660
    C(Ha_br_1_dwave, Ha_br_2_scale)   = -0.5251
    C(Ha_br_2_scale, Ha_br_2_sigma)   = +0.5062
    C(Ha_br_1_sigma, Ha_br_2_dwave)   = -0.3514
    C(Ha_br_1_scale, Ha_br_2_dwave)   = +0.3110
    C(Ha_br_2_scale, Ha_br_2_dwave)   = -0.2555
    C(Ha_br_2_dwave, Ha_br_2_sigma)   = -0.2273
    C(Ha_br_2_dwave, NII6549_1_scale) = -0.2237
    C(Ha_br_1_dwave, Ha_br_2_dwave)   = -0.2020
    C(Ha_br_2_sigma, Ha_na_1_scale)   = +0.2009
    C(Ha_br_2_sigma, NII6549_1_scale) = +0.1943
    C(Ha_br_2_dwave, Ha_na_1_scale)   = +0.1763
    C(Ha_br_2_scale, Ha_na_1_sigma)   = +0.1428
    C(Ha_na_1_scale, NII6549_1_scale) = -0.1378
    C(Ha_br_2_scale, NII6549_1_scale) = -0.1365
    C(Ha_br_1_sigma, Ha_na_1_sigma)   = +0.1340
    C(Ha_br_1_dwave, Ha_na_1_scale)   = -0.1306
    C(Ha_br_2_scale, Ha_na_1_scale)   = -0.1297
    C(Ha_br_1_scale, NII6549_1_scale) = -0.1137
    C(Ha_br_1_sigma, NII6549_1_scale) = +0.1041
Saving figure as ./result.pdf
Fitting finished in 154.2s
wrote pyqsofit_model.csv
['ra' 'dec' 'plateid' 'MJD' 'fiberid' 'redshift' 'SN_ratio_conti'
 'Fe_uv_norm' 'Fe_uv_norm_err' 'Fe_uv_FWHM' 'Fe_uv_FWHM_err' 'Fe_uv_shift'
 'Fe_uv_shift_err' 'Fe_op_norm' 'Fe_op_norm_err' 'Fe_op_FWHM'
 'Fe_op_FWHM_err' 'Fe_op_shift' 'Fe_op_shift_err' 'PL_norm' 'PL_norm_err'
 'PL_slope' 'PL_slope_err' 'Blamer_norm' 'Blamer_norm_err' 'Balmer_Te'
 'Balmer_Te_err' 'Balmer_Tau' 'Balmer_Tau_err' 'conti_a_0' 'conti_a_0_err'
 'conti_a_1' 'conti_a_1_err' 'conti_a_2' 'conti_a_2_err' 'L1350'
 'L1350_err' 'L1450' 'L1450_err' 'L3000' 'L3000_err' 'L4200' 'L4200_err'
 'L5100' 'L5100_err' 'Fe_flux_4435_4685' 'Fe_flux_4435_4685_err']

['-999' '-999' '0' '0' '0' '0.09091717004776001' '27.71412859806795'
 '3.6134273351251522' '0.0' '11804.104731118015' '0.0'
 '-0.009973772825784573' '0.0' '1.7219453640748839' '0.0'
 '3640.7118863556134' '0.0' '-0.007605163548149576' '0.0'
 '27.88086872484996' '0.0' '-0.13136595911039883' '0.0' '0.0' '0.0'
 '15000.0' '0.0' '0.5' '0.0' '-2805.610004499572' '0.0'
 '0.6327399830275074' '0.0' '-5.73401330568873e-05' '0.0' '-1.0' '-1.0'
 '-1.0' '-1.0' '-1.0' '-1.0' '43.32159880076786' '0.0' '43.37321863165889'
 '0.0' '751.8408414968519' '0.0']
['Hb_br_1_scale' 'Hb_br_1_scale_err' 'Hb_br_1_centerwave'
 'Hb_br_1_centerwave_err' 'Hb_br_1_sigma' 'Hb_br_1_sigma_err'
 'Hb_br_2_scale' 'Hb_br_2_scale_err' 'Hb_br_2_centerwave'
 'Hb_br_2_centerwave_err' 'Hb_br_2_sigma' 'Hb_br_2_sigma_err'
 'Hb_na_1_scale' 'Hb_na_1_scale_err' 'Hb_na_1_centerwave'
 'Hb_na_1_centerwave_err' 'Hb_na_1_sigma' 'Hb_na_1_sigma_err'
 'OIII4959c_1_scale' 'OIII4959c_1_scale_err' 'OIII4959c_1_centerwave'
 'OIII4959c_1_centerwave_err' 'OIII4959c_1_sigma' 'OIII4959c_1_sigma_err'
 'OIII5007c_1_scale' 'OIII5007c_1_scale_err' 'OIII5007c_1_centerwave'
 'OIII5007c_1_centerwave_err' 'OIII5007c_1_sigma' 'OIII5007c_1_sigma_err'
 'OIII4959w_1_scale' 'OIII4959w_1_scale_err' 'OIII4959w_1_centerwave'
 'OIII4959w_1_centerwave_err' 'OIII4959w_1_sigma' 'OIII4959w_1_sigma_err'
 'OIII5007w_1_scale' 'OIII5007w_1_scale_err' 'OIII5007w_1_centerwave'
 'OIII5007w_1_centerwave_err' 'OIII5007w_1_sigma' 'OIII5007w_1_sigma_err'
 'HeII4687_br_1_scale' 'HeII4687_br_1_scale_err'
 'HeII4687_br_1_centerwave' 'HeII4687_br_1_centerwave_err'
 'HeII4687_br_1_sigma' 'HeII4687_br_1_sigma_err' 'HeII4687_na_1_scale'
 'HeII4687_na_1_scale_err' 'HeII4687_na_1_centerwave'
 'HeII4687_na_1_centerwave_err' 'HeII4687_na_1_sigma'
 'HeII4687_na_1_sigma_err' 'Ha_br_1_scale' 'Ha_br_1_scale_err'
 'Ha_br_1_centerwave' 'Ha_br_1_centerwave_err' 'Ha_br_1_sigma'
 'Ha_br_1_sigma_err' 'Ha_br_2_scale' 'Ha_br_2_scale_err'
 'Ha_br_2_centerwave' 'Ha_br_2_centerwave_err' 'Ha_br_2_sigma'
 'Ha_br_2_sigma_err' 'Ha_na_1_scale' 'Ha_na_1_scale_err'
 'Ha_na_1_centerwave' 'Ha_na_1_centerwave_err' 'Ha_na_1_sigma'
 'Ha_na_1_sigma_err' 'NII6549_1_scale' 'NII6549_1_scale_err'
 'NII6549_1_centerwave' 'NII6549_1_centerwave_err' 'NII6549_1_sigma'
 'NII6549_1_sigma_err' 'NII6585_1_scale' 'NII6585_1_scale_err'
 'NII6585_1_centerwave' 'NII6585_1_centerwave_err' 'NII6585_1_sigma'
 'NII6585_1_sigma_err' 'SII6718_1_scale' 'SII6718_1_scale_err'
 'SII6718_1_centerwave' 'SII6718_1_centerwave_err' 'SII6718_1_sigma'
 'SII6718_1_sigma_err' 'SII6732_1_scale' 'SII6732_1_scale_err'
 'SII6732_1_centerwave' 'SII6732_1_centerwave_err' 'SII6732_1_sigma'
 'SII6732_1_sigma_err']

[7.58807239e+00 2.47025367e-01 8.48820605e+00 8.79742321e-05
 6.29447003e-03 1.12629850e-04 7.58807239e+00 3.18237048e-01
 8.48820604e+00 8.79742330e-05 6.29446933e-03 1.12737018e-04
 4.41197079e-02 5.09633113e-02 8.48348978e+00 3.58990251e-05
 1.42722737e-03 4.08599856e-05 3.46549844e+00 2.00565253e-01
 8.50307444e+00 3.58990251e-05 1.42722737e-03 4.08599856e-05
 1.05015103e+01 6.07773489e-01 8.51875952e+00 3.58990251e-05
 1.42722737e-03 4.08599856e-05 1.16246934e+01 3.47037610e-01
 8.49357065e+00 1.00079990e-05 6.31602852e-04 1.36356317e-05
 3.52263434e+01 1.05162911e+00 8.50925573e+00 1.00079990e-05
 6.31602852e-04 1.36356317e-05 2.35964415e+00 7.61924634e-02
 8.45754496e+00 2.87386866e-06 3.01070617e-02 1.22022779e-03
 3.66273123e+00 1.95111671e-01 8.45247152e+00 3.58990251e-05
 1.42722737e-03 4.08599856e-05 8.64279315e+00 1.66036699e+01
 8.78736910e+00 1.08120071e-03 1.18777071e-02 3.49152774e-03
 4.08579626e+01 1.64090503e+01 8.78946148e+00 1.08561381e-03
 5.16674749e-03 3.45371247e-03 2.62023792e+00 6.32995245e-01
 8.78750101e+00 5.75601902e-06 5.00000024e-04 1.32591366e-13
 4.24804913e+00 2.43610032e-01 8.78723207e+00 5.75601902e-06
 5.00000024e-04 1.32591366e-13 1.27441474e+01 7.30830096e-01
 8.79262701e+00 5.75601902e-06 5.00000024e-04 1.32591366e-13
 1.91048033e+01 2.92345903e-01 8.81262365e+00 5.75601902e-06
 5.00000024e-04 1.32591366e-13 1.91048033e+01 2.92345903e-01
 8.81476179e+00 5.75601902e-06 5.00000024e-04 1.32591366e-13]
['Hb_br_1_scale' 'Hb_br_1_centerwave' 'Hb_br_1_sigma' 'Hb_br_2_scale'
 'Hb_br_2_centerwave' 'Hb_br_2_sigma' 'Hb_na_1_scale' 'Hb_na_1_centerwave'
 'Hb_na_1_sigma' 'OIII4959c_1_scale' 'OIII4959c_1_centerwave'
 'OIII4959c_1_sigma' 'OIII5007c_1_scale' 'OIII5007c_1_centerwave'
 'OIII5007c_1_sigma' 'OIII4959w_1_scale' 'OIII4959w_1_centerwave'
 'OIII4959w_1_sigma' 'OIII5007w_1_scale' 'OIII5007w_1_centerwave'
 'OIII5007w_1_sigma' 'HeII4687_br_1_scale' 'HeII4687_br_1_centerwave'
 'HeII4687_br_1_sigma' 'HeII4687_na_1_scale' 'HeII4687_na_1_centerwave'
 'HeII4687_na_1_sigma' 'Ha_br_1_scale' 'Ha_br_1_centerwave'
 'Ha_br_1_sigma' 'Ha_br_2_scale' 'Ha_br_2_centerwave' 'Ha_br_2_sigma'
 'Ha_na_1_scale' 'Ha_na_1_centerwave' 'Ha_na_1_sigma' 'NII6549_1_scale'
 'NII6549_1_centerwave' 'NII6549_1_sigma' 'NII6585_1_scale'
 'NII6585_1_centerwave' 'NII6585_1_sigma' 'SII6718_1_scale'
 'SII6718_1_centerwave' 'SII6718_1_sigma' 'SII6732_1_scale'
 'SII6732_1_centerwave' 'SII6732_1_sigma']

[[7.65383534e+00 8.48823833e+00 6.33689538e-03 ... 1.92816813e+01
  8.81476326e+00 5.00000024e-04]
 [7.45057072e+00 8.48826988e+00 6.37598690e-03 ... 1.91882488e+01
  8.81476065e+00 5.00000024e-04]
 [7.54680207e+00 8.48823235e+00 6.34361633e-03 ... 1.89526306e+01
  8.81476791e+00 5.00000024e-04]
 ...
 [7.21946225e+00 8.48752752e+00 4.00160465e-03 ... 1.87858490e+01
  8.81475944e+00 5.00000024e-04]
 [9.17665999e+00 8.48767138e+00 4.00000019e-03 ... 1.91356447e+01
  8.81475727e+00 5.00000024e-04]
 [7.51149198e+00 8.48826374e+00 6.51002390e-03 ... 1.89988414e+01
  8.81475860e+00 5.00000024e-04]]
(50, 48)
['1_complex_name' '1_line_status' '1_line_min_chi2' '1_line_bic'
 '1_line_red_chi2' '1_niter' '1_ndof' '2_complex_name' '2_line_status'
 '2_line_min_chi2' '2_line_bic' '2_line_red_chi2' '2_niter' '2_ndof'
 'Hb_br_1_scale' 'Hb_br_1_scale_err' 'Hb_br_1_centerwave'
 'Hb_br_1_centerwave_err' 'Hb_br_1_sigma' 'Hb_br_1_sigma_err'
 'Hb_br_2_scale' 'Hb_br_2_scale_err' 'Hb_br_2_centerwave'
 'Hb_br_2_centerwave_err' 'Hb_br_2_sigma' 'Hb_br_2_sigma_err'
 'Hb_na_1_scale' 'Hb_na_1_scale_err' 'Hb_na_1_centerwave'
 'Hb_na_1_centerwave_err' 'Hb_na_1_sigma' 'Hb_na_1_sigma_err'
 'OIII4959c_1_scale' 'OIII4959c_1_scale_err' 'OIII4959c_1_centerwave'
 'OIII4959c_1_centerwave_err' 'OIII4959c_1_sigma' 'OIII4959c_1_sigma_err'
 'OIII5007c_1_scale' 'OIII5007c_1_scale_err' 'OIII5007c_1_centerwave'
 'OIII5007c_1_centerwave_err' 'OIII5007c_1_sigma' 'OIII5007c_1_sigma_err'
 'OIII4959w_1_scale' 'OIII4959w_1_scale_err' 'OIII4959w_1_centerwave'
 'OIII4959w_1_centerwave_err' 'OIII4959w_1_sigma' 'OIII4959w_1_sigma_err'
 'OIII5007w_1_scale' 'OIII5007w_1_scale_err' 'OIII5007w_1_centerwave'
 'OIII5007w_1_centerwave_err' 'OIII5007w_1_sigma' 'OIII5007w_1_sigma_err'
 'HeII4687_br_1_scale' 'HeII4687_br_1_scale_err'
 'HeII4687_br_1_centerwave' 'HeII4687_br_1_centerwave_err'
 'HeII4687_br_1_sigma' 'HeII4687_br_1_sigma_err' 'HeII4687_na_1_scale'
 'HeII4687_na_1_scale_err' 'HeII4687_na_1_centerwave'
 'HeII4687_na_1_centerwave_err' 'HeII4687_na_1_sigma'
 'HeII4687_na_1_sigma_err' 'Ha_br_1_scale' 'Ha_br_1_scale_err'
 'Ha_br_1_centerwave' 'Ha_br_1_centerwave_err' 'Ha_br_1_sigma'
 'Ha_br_1_sigma_err' 'Ha_br_2_scale' 'Ha_br_2_scale_err'
 'Ha_br_2_centerwave' 'Ha_br_2_centerwave_err' 'Ha_br_2_sigma'
 'Ha_br_2_sigma_err' 'Ha_na_1_scale' 'Ha_na_1_scale_err'
 'Ha_na_1_centerwave' 'Ha_na_1_centerwave_err' 'Ha_na_1_sigma'
 'Ha_na_1_sigma_err' 'NII6549_1_scale' 'NII6549_1_scale_err'
 'NII6549_1_centerwave' 'NII6549_1_centerwave_err' 'NII6549_1_sigma'
 'NII6549_1_sigma_err' 'NII6585_1_scale' 'NII6585_1_scale_err'
 'NII6585_1_centerwave' 'NII6585_1_centerwave_err' 'NII6585_1_sigma'
 'NII6585_1_sigma_err' 'SII6718_1_scale' 'SII6718_1_scale_err'
 'SII6718_1_centerwave' 'SII6718_1_centerwave_err' 'SII6718_1_sigma'
 'SII6718_1_sigma_err' 'SII6732_1_scale' 'SII6732_1_scale_err'
 'SII6732_1_centerwave' 'SII6732_1_centerwave_err' 'SII6732_1_sigma'
 'SII6732_1_sigma_err' 'Hb_whole_br_fwhm' 'Hb_whole_br_fwhm_err'
 'Hb_whole_br_sigma' 'Hb_whole_br_sigma_err' 'Hb_whole_br_ew'
 'Hb_whole_br_ew_err' 'Hb_whole_br_peak' 'Hb_whole_br_peak_err'
 'Hb_whole_br_area' 'Hb_whole_br_area_err' 'Hb_whole_br_snr'
 'Hb_whole_br_snr_err' 'Ha_whole_br_fwhm' 'Ha_whole_br_fwhm_err'
 'Ha_whole_br_sigma' 'Ha_whole_br_sigma_err' 'Ha_whole_br_ew'
 'Ha_whole_br_ew_err' 'Ha_whole_br_peak' 'Ha_whole_br_peak_err'
 'Ha_whole_br_area' 'Ha_whole_br_area_err' 'Ha_whole_br_snr'
 'Ha_whole_br_snr_err']

['Hb' '1' '6000.827957587103' '1183.378178664942' '15.708973710961002'
 '308' '382' 'Ha' '1' '3146.3434638331505' '712.4925476929471'
 '12.53523292363805' '1550' '251' '7.588072392650247'
 '0.24702536682852383' '8.488206048297073' '8.797423207873578e-05'
 '0.006294470032525446' '0.00011262984984471017' '7.588072392650247'
 '0.3182370478249652' '8.488206044094442' '8.797423299800045e-05'
 '0.00629446933149417' '0.00011273701819000843' '0.04411970788709141'
 '0.05096331134879506' '8.483489779376871' '3.589902505662934e-05'
 '0.0014272273663488936' '4.0859985615060456e-05' '3.465498443766535'
 '0.20056525329437136' '8.50307443513859' '3.589902505662934e-05'
 '0.0014272273663488936' '4.0859985615060456e-05' '10.501510335505959'
 '0.6077734890352477' '8.518759516620523' '3.589902505662934e-05'
 '0.0014272273663488936' '4.0859985615060456e-05' '11.624693430078992'
 '0.3470376097602923' '8.493570646637357' '1.0007999040162474e-05'
 '0.0006316028515455695' '1.3635631678502055e-05' '35.226343391567504'
 '1.0516291104566164' '8.50925572811929' '1.0007999040162474e-05'
 '0.0006316028515455695' '1.3635631678502055e-05' '2.3596441467432783'
 '0.07619246344958697' '8.45754496299104' '2.8738686603801966e-06'
 '0.03010706174422167' '0.001220227793327212' '3.662731229425731'
 '0.1951116712639589' '8.452471522235758' '3.589902505662934e-05'
 '0.0014272273663488936' '4.0859985615060456e-05' '8.642793147828343'
 '16.603669894532658' '8.787369096399408' '0.0010812007076719254'
 '0.01187770705404052' '0.003491527738355214' '40.85796256880769'
 '16.409050263010982' '8.78946147877764' '0.00108561381011274'
 '0.005166747486463455' '0.0034537124652297135' '2.6202379155293443'
 '0.632995245108958' '8.787501010907203' '5.75601901520173e-06'
 '0.0005000000237642793' '1.3259136627183365e-13' '4.248049134680798'
 '0.24361003214679045' '8.787232074749976' '5.75601901520173e-06'
 '0.0005000000237642793' '1.3259136627183365e-13' '12.744147404042394'
 '0.7308300964403713' '8.792627010357887' '5.75601901520173e-06'
 '0.0005000000237642793' '1.3259136627183365e-13' '19.10480329492259'
 '0.29234590304128005' '8.812623653424293' '5.75601901520173e-06'
 '0.0005000000237642793' '1.3259136627183365e-13' '19.10480329492259'
 '0.29234590304128005' '8.814761791241676' '5.75601901520173e-06'
 '0.0005000000237642793' '1.3259136627183365e-13' '4772.339049914813'
 '311.6839890172505' '7225.3006810036695' '247.6903072076807'
 '87.39907880768709' '1.2845398921379498' '4856.694957425294'
 '0.7752296206845131' '1999.981430510472' '29.88673482273532'
 '14.904771732998496' '0.4141762108167706' '4056.3741144918217'
 '32.45589586884489' '2392.2468220190267' '35.15355044555622'
 '250.23456071063288' '1.1070631462870892' '6564.630826261936'
 '0.5052401765592549' '5155.067717000161' '22.789279654217808'
 '76.60637356941398' '1.1120855704158714']
Broad Hb:
FWHM (km/s) 4464.9
Sigma (km/s) 1870.5
EW (A) 50.9
Peak (A) 4856.6
Area (10^(-17) erg/s/cm^2) 1159.9
SNR 8.5

Narrow Hb:
FWHM (km/s) 1007.5
Sigma (km/s) 422.0
EW (A) 0.0
Peak (A) 4834.3
Area (10^(-17) erg/s/cm^2) 0.8
SNR 0.0

Broad [OIII]5007:
FWHM (km/s) 0
Sigma (km/s) 0
EW (A) 0
Peak (A) 0
Area (10^(-17) erg/s/cm^2) 0
SNR 0

Narrow [OIII]5007:
FWHM (km/s) 1007.5
Sigma (km/s) 422.0
EW (A) 8.3
Peak (A) 5007.8
Area (10^(-17) erg/s/cm^2) 187.6
SNR 3.9
