WARNING: AstropyDeprecationWarning: The truth value of a Quantity is ambiguous. In the future this will raise a ValueError. [astropy.units.quantity]
Matplotlib is building the font cache; this may take a moment.
Now working in  on sdss in sdss + fiber1 on source 1 at z=0.349.
Warning: non-constant dispersion
[[Model]]
    (Model(constant) + Model(gaussian, prefix='g0_'))
[[Fit Statistics]]
    # fitting method   = leastsq
    # function evals   = 61
    # data points      = 163
    # variables        = 4
    chi-square         = 250.968256
    reduced chi-square = 1.57841670
    Akaike info crit   = 78.3469305
    Bayesian info crit = 90.7219313
    R-squared          = 0.35607205
[[Variables]]
    c:             1456.96064 +/- 4.65764976 (0.32%) (init = 1476.41)
    g0_amplitude:  1435.29883 +/- 190.388315 (13.26%) (init = 1348.561)
    g0_center:     3729.91779 +/- 0.32878761 (0.01%) (init = 3728.48)
    g0_sigma:      2.24417756 +/- 0.33381877 (14.87%) (init = 2.518886)
    g0_fwhm:       5.28463419 +/- 0.78608312 (14.87%) == '2.3548200*g0_sigma'
    g0_height:     255.149783 +/- 32.5332880 (12.75%) == '0.3989423*g0_amplitude/max(1e-15, g0_sigma)'
[[Correlations]] (unreported correlations are < 0.100)
    C(g0_amplitude, g0_sigma) = +0.5946
    C(c, g0_amplitude)        = -0.2920
    C(c, g0_sigma)            = -0.1736
Warning: non-constant dispersion
Warning: non-constant dispersion
[[Model]]
    (Model(constant) + Model(gaussian, prefix='g0_'))
[[Fit Statistics]]
    # fitting method   = leastsq
    # function evals   = 145
    # data points      = 125
    # variables        = 4
    chi-square         = 224.500641
    reduced chi-square = 1.85537720
    Akaike info crit   = 81.1956031
    Bayesian info crit = 92.5088581
    R-squared          = 0.95079453
[[Variables]]
    c:             275.684974 +/- 2.59268490 (0.94%) (init = 324.0377)
    g0_amplitude:  9009.02696 +/- 304.857229 (3.38%) (init = 1051.346)
    g0_center:     4859.68000 +/- 0.18516621 (0.00%) (init = 4862.68)
    g0_sigma:      18.5891848 +/- 0.52834928 (2.84%) (init = 2.518886)
    g0_fwhm:       43.7741841 +/- 1.24416745 (2.84%) == '2.3548200*g0_sigma'
    g0_height:     193.342633 +/- 4.01103948 (2.07%) == '0.3989423*g0_amplitude/max(1e-15, g0_sigma)'
[[Correlations]] (unreported correlations are < 0.100)
    C(c, g0_amplitude)        = -0.8388
    C(g0_amplitude, g0_sigma) = +0.7915
    C(c, g0_sigma)            = -0.6631
Warning: non-constant dispersion
Warning: non-constant dispersion
[[Model]]
    (Model(constant) + Model(gaussian, prefix='g0_'))
[[Fit Statistics]]
    # fitting method   = leastsq
    # function evals   = 68
    # data points      = 106
    # variables        = 4
    chi-square         = 503.394983
    reduced chi-square = 4.93524493
    Akaike info crit   = 173.141218
    Bayesian info crit = 183.794975
    R-squared          = 0.10661561
[[Variables]]
    c:             711.163084 +/- 6.95727057 (0.98%) (init = 712.8647)
    g0_amplitude:  791.089801 +/- 283.548478 (35.84%) (init = 957.1712)
    g0_center:     4959.51231 +/- 1.00574680 (0.02%) (init = 4960.3)
    g0_sigma:      2.58110523 +/- 1.02690817 (39.79%) (init = 2.518886)
    g0_fwhm:       6.07803821 +/- 2.41818390 (39.79%) == '2.3548200*g0_sigma'
    g0_height:     122.272886 +/- 41.5463168 (33.98%) == '0.3989423*g0_amplitude/max(1e-15, g0_sigma)'
[[Correlations]] (unreported correlations are < 0.100)
    C(g0_amplitude, g0_sigma) = +0.6006
    C(c, g0_amplitude)        = -0.3367
    C(c, g0_sigma)            = -0.2022
Warning: non-constant dispersion
Warning: non-constant dispersion
[[Model]]
    (Model(constant) + Model(gaussian, prefix='g0_'))
[[Fit Statistics]]
    # fitting method   = leastsq
    # function evals   = 71
    # data points      = 104
    # variables        = 4
    chi-square         = 240.800780
    reduced chi-square = 2.40800780
    Akaike info crit   = 95.3162217
    Bayesian info crit = 105.893785
    R-squared          = 0.90865122
[[Variables]]
    c:             286.908082 +/- 2.40310217 (0.84%) (init = 292.7428)
    g0_amplitude:  3359.98226 +/- 136.642458 (4.07%) (init = 1855.829)
    g0_center:     5006.75498 +/- 0.20965968 (0.00%) (init = 5008.24)
    g0_sigma:      5.07134194 +/- 0.21955529 (4.33%) (init = 2.518886)
    g0_fwhm:       11.9420974 +/- 0.51701319 (4.33%) == '2.3548200*g0_sigma'
    g0_height:     264.316441 +/- 9.61425952 (3.64%) == '0.3989423*g0_amplitude/max(1e-15, g0_sigma)'
[[Correlations]] (unreported correlations are < 0.100)
    C(g0_amplitude, g0_sigma) = +0.6262
    C(c, g0_amplitude)        = -0.4742
    C(c, g0_sigma)            = -0.2970
Warning: non-constant dispersion
Warning: non-constant dispersion
[[Model]]
    ((Model(constant) + Model(gaussian, prefix='g0_')) + Model(gaussian, prefix='g1_'))
[[Fit Statistics]]
    # fitting method   = leastsq
    # function evals   = 236
    # data points      = 106
    # variables        = 7
    chi-square         = 958.003598
    reduced chi-square = 9.67680402
    Akaike info crit   = 247.349719
    Bayesian info crit = 265.993792
    R-squared          = 0.97710218
[[Variables]]
    c:             77.6691844 +/- 2.84967363 (3.67%) (init = 121.5028)
    g0_amplitude:  12752.4510 +/- 1475.34098 (11.57%) (init = 1235.428)
    g0_center:     6565.11093 +/- 2.37061589 (0.04%) (init = 6564.6)
    g0_sigma:      23.8478741 +/- 1.19239361 (5.00%) (init = 2.518886)
    g1_amplitude: -1564.78135 +/- 1196.44665 (76.46%) (init = 1235.428)
    g1_center:     6586.36305 +/- 1.92407382 (0.03%) (init = 6585.27)
    g1_sigma:      12.8758517 +/- 3.39186587 (26.34%) (init = 2.518886)
    g0_fwhm:       56.1574508 +/- 2.80787230 (5.00%) == '2.3548200*g0_sigma'
    g0_height:     213.331055 +/- 16.0338771 (7.52%) == '0.3989423*g0_amplitude/max(1e-15, g0_sigma)'
    g1_fwhm:       30.3203132 +/- 7.98723360 (26.34%) == '2.3548200*g1_sigma'
    g1_height:    -48.4828099 +/- 25.2365511 (52.05%) == '0.3989423*g1_amplitude/max(1e-15, g1_sigma)'
[[Correlations]] (unreported correlations are < 0.100)
    C(g0_center, g1_amplitude)    = -0.9852
    C(g0_amplitude, g1_amplitude) = -0.9695
    C(g0_amplitude, g0_center)    = +0.9670
    C(g1_amplitude, g1_sigma)     = -0.9509
    C(g0_center, g1_sigma)        = +0.9099
    C(g0_amplitude, g1_sigma)     = +0.8938
    C(g0_amplitude, g0_sigma)     = +0.8847
    C(g0_center, g0_sigma)        = +0.8174
    C(g0_sigma, g1_amplitude)     = -0.7858
    C(c, g0_sigma)                = -0.7822
    C(c, g0_amplitude)            = -0.6771
    C(g0_sigma, g1_sigma)         = +0.6682
    C(c, g0_center)               = -0.5311
    C(g0_sigma, g1_center)        = +0.5040
    C(c, g1_amplitude)            = +0.5009
    C(c, g1_sigma)                = -0.3872
    C(c, g1_center)               = -0.3356
    C(g0_amplitude, g1_center)    = +0.1516
    C(g0_center, g1_center)       = +0.1318
NonDetection when fitting set of lines [6564.6  6585.27] Angstrom, try a simpler model
[[Model]]
    (Model(constant) + Model(gaussian, prefix='g0_'))
[[Fit Statistics]]
    # fitting method   = leastsq
    # function evals   = 75
    # data points      = 106
    # variables        = 4
    chi-square         = 1126.62379
    reduced chi-square = 11.0453313
    Akaike info crit   = 258.535404
    Bayesian info crit = 269.189161
    R-squared          = 0.97307189
[[Variables]]
    c:             82.4209691 +/- 2.06538763 (2.51%) (init = 121.5028)
    g0_amplitude:  10413.7394 +/- 277.866769 (2.67%) (init = 1235.428)
    g0_center:     6561.60000 +/- 0.22569716 (0.00%) (init = 6564.6)
    g0_sigma:      21.2484791 +/- 0.47691832 (2.24%) (init = 2.518886)
    g0_fwhm:       50.0363436 +/- 1.12305680 (2.24%) == '2.3548200*g0_sigma'
    g0_height:     195.518989 +/- 3.23296576 (1.65%) == '0.3989423*g0_amplitude/max(1e-15, g0_sigma)'
[[Correlations]] (unreported correlations are < 0.100)
    C(c, g0_amplitude)        = -0.8347
    C(g0_amplitude, g0_sigma) = +0.7867
    C(c, g0_sigma)            = -0.6544
Warning: non-constant dispersion
Warning: non-constant dispersion
Warning: non-constant dispersion
Warning: non-constant dispersion
[[Model]]
    ((Model(constant) + Model(gaussian, prefix='g0_')) + Model(gaussian, prefix='g1_'))
[[Fit Statistics]]
    # fitting method   = leastsq
    # function evals   = 129
    # data points      = 100
    # variables        = 7
    chi-square         = 246.061050
    reduced chi-square = 2.64581774
    Akaike info crit   = 104.040949
    Bayesian info crit = 122.277140
    R-squared          = 0.10758323
[[Variables]]
    c:             647.882257 +/- 7.36038589 (1.14%) (init = 636.8636)
    g0_amplitude:  668.930576 +/- 291.633961 (43.60%) (init = 1146.572)
    g0_center:     6719.80936 +/- 0.98568795 (0.01%) (init = 6718.29)
    g0_sigma:      2.03494659 +/- 0.99830978 (49.06%) (init = 2.518886)
    g1_amplitude:  418.061631 +/- 274.467571 (65.65%) (init = 1146.572)
    g1_center:     6734.40761 +/- 1.32794154 (0.02%) (init = 6732.67)
    g1_sigma:      1.81172737 +/- 1.34324055 (74.14%) (init = 2.518886)
    g0_fwhm:       4.79193294 +/- 2.35083984 (49.06%) == '2.3548200*g0_sigma'
    g0_height:     131.140888 +/- 55.2477029 (42.13%) == '0.3989423*g0_amplitude/max(1e-15, g0_sigma)'
    g1_fwhm:       4.26629186 +/- 3.16308970 (74.14%) == '2.3548200*g1_sigma'
    g1_height:     92.0571556 +/- 58.5921260 (63.65%) == '0.3989423*g1_amplitude/max(1e-15, g1_sigma)'
[[Correlations]] (unreported correlations are < 0.100)
    C(g0_amplitude, g0_sigma) = +0.5921
    C(g1_amplitude, g1_sigma) = +0.5913
    C(c, g0_amplitude)        = -0.2730
    C(c, g1_amplitude)        = -0.2585
    C(c, g0_sigma)            = -0.1617
    C(c, g1_sigma)            = -0.1527
NonDetection when fitting set of lines [6718.29 6732.67] Angstrom, try a simpler model
[[Model]]
    (Model(constant) + Model(gaussian, prefix='g0_'))
[[Fit Statistics]]
    # fitting method   = leastsq
    # function evals   = 46
    # data points      = 100
    # variables        = 4
    chi-square         = 255.506247
    reduced chi-square = 2.66152341
    Akaike info crit   = 101.807668
    Bayesian info crit = 112.228348
    R-squared          = 0.07332729
[[Variables]]
    c:             650.761993 +/- 7.12497161 (1.09%) (init = 636.8636)
    g0_amplitude:  640.664087 +/- 288.055275 (44.96%) (init = 1146.572)
    g0_center:     6719.80754 +/- 0.99604546 (0.01%) (init = 6718.29)
    g0_sigma:      1.98742613 +/- 1.00759672 (50.70%) (init = 2.518886)
    g0_fwhm:       4.68003080 +/- 2.37270890 (50.70%) == '2.3548200*g0_sigma'
    g0_height:     128.602518 +/- 56.0350129 (43.57%) == '0.3989423*g0_amplitude/max(1e-15, g0_sigma)'
[[Correlations]] (unreported correlations are < 0.100)
    C(g0_amplitude, g0_sigma) = +0.5908
    C(c, g0_amplitude)        = -0.2613
    C(c, g0_sigma)            = -0.1544
Warning: non-constant dispersion
Warning: non-constant dispersion
Warning: non-constant dispersion
Matplotlib Version: 3.7.5
total 3332
-rw-r--r-- 1 root root 480075 Sep 22 05:03 linefits.sdss.sdss.fiber1.001.Ha.NII1.png
-rw-r--r-- 1 root root 477198 Sep 22 05:01 linefits.sdss.sdss.fiber1.001.Hb.png
-rw-r--r-- 1 root root 490874 Sep 22 05:00 linefits.sdss.sdss.fiber1.001.OII.png
-rw-r--r-- 1 root root 452256 Sep 22 05:01 linefits.sdss.sdss.fiber1.001.OIII4.png
-rw-r--r-- 1 root root 463142 Sep 22 05:02 linefits.sdss.sdss.fiber1.001.OIII5.png
-rw-r--r-- 1 root root 478281 Sep 22 05:04 linefits.sdss.sdss.fiber1.001.SII1.SII2.png
-rw-r--r-- 1 root root  20160 Sep 22 05:04 linefits.sdss.sdss.fiber1.001.fits
-rw-r--r-- 1 root root 532700 Sep 22 05:04 linefits.sdss.sdss.fiber1.001.png
total 12K
-rw-r--r-- 1 root root 1.2K Sep 21 02:20 =5.2
drwxr-xr-x 1 root root 4.0K Sep 22 04:00 input
drwxrwxr-x 2 1000  984 4.0K Sep 22 05:04 output
-rw-r--r-- 1 root root 1.2K Sep 21 02:20 /app/=5.2

/app/input:
total 124K
-rw-rw-r-- 1 1000  984  12K Aug 28 20:16 Sky_bands.fits
-rw-rw-r-- 1 root root 1.6K Sep 22 04:00 gleam.sh
-rw-rw-r-- 1 1000  984 2.4K Aug 29 17:18 gleamconfig.yaml
-rw-rw-r-- 1 1000  984 8.5K Aug 29 17:18 line_table.fits
-rw-rw-r-- 1 1000  984  115 Sep 22 04:04 meta.dat
-rw-rw-r-- 1 1000  984  85K Sep 22 04:04 spec1d.sdss.sdss.fiber1.1.fits

/app/output:
total 3.3M
-rw-r--r-- 1 root root 469K Sep 22 05:03 linefits.sdss.sdss.fiber1.001.Ha.NII1.png
-rw-r--r-- 1 root root 467K Sep 22 05:01 linefits.sdss.sdss.fiber1.001.Hb.png
-rw-r--r-- 1 root root 480K Sep 22 05:00 linefits.sdss.sdss.fiber1.001.OII.png
-rw-r--r-- 1 root root 442K Sep 22 05:01 linefits.sdss.sdss.fiber1.001.OIII4.png
-rw-r--r-- 1 root root 453K Sep 22 05:02 linefits.sdss.sdss.fiber1.001.OIII5.png
-rw-r--r-- 1 root root 468K Sep 22 05:04 linefits.sdss.sdss.fiber1.001.SII1.SII2.png
-rw-r--r-- 1 root root  20K Sep 22 05:04 linefits.sdss.sdss.fiber1.001.fits
-rw-r--r-- 1 root root 521K Sep 22 05:04 linefits.sdss.sdss.fiber1.001.png
