my_sdss.fits
[ 9.877535  10.508429   9.698313  ...  0.3723009  0.3723009  0.3723009]
Directory  my_sdss  Created 
global my_sdss/
Directory  output/  already exists
stati 2063521.4819449526
1 iter stat:  6374.434937152691
2 iter stat:  2799.040016127401
3 iter stat:  2828.7695264581707
4 iter stat:  1002.0640079899604
5 iter stat:  549.2134288374073
6 iter stat:  312.84341040445725
7 iter stat:  178.68052780658763
8 iter stat:  131.53662123292452
9 iter stat:  96.23307379591279
10 iter stat:  79.72147300957295
fit ok
./output/my_sdss_model.csv
brokenpowerlaw + OIIIb5007_br + OIIIa4959_br + OIIIb5007_na + OIIIa4959_na + NII6583_na + NII6548_na + HBeta4863_br + HAlpha6565_br + HBeta4863_na + HAlpha6565_na + feii
   Param        Type          Value          Min          Max      Units
   -----        ----          -----          ---          ---      -----
   brokenpowerlaw.refer thawed         5400         5400         7000  angstroms
   brokenpowerlaw.ampl thawed      15.5694      15.5694      17.2083  angstroms
   brokenpowerlaw.index1 thawed            0           -3            0           
   brokenpowerlaw.index2 thawed     0.108196           -1            1           
   OIIIb5007_br.ampl thawed      22.3874            0           50           
   OIIIb5007_br.pos frozen       5006.8            0  3.40282e+38  angstroms
   OIIIb5007_br.offs_kms thawed      36.6922        -1500          500       km/s
   OIIIb5007_br.fwhm thawed          700          700         6000       km/s
   OIIIa4959_br.ampl linked      7.46248 expr: OIIIb5007_br.ampl / 3.0           
   OIIIa4959_br.pos frozen       4958.9            0  3.40282e+38  angstroms
   OIIIa4959_br.offs_kms linked      36.6922 expr: OIIIb5007_br.offs_kms       km/s
   OIIIa4959_br.fwhm linked          700  expr: OIIIb5007_br.fwhm       km/s
   OIIIb5007_na.ampl thawed      29.5237            0           50           
   OIIIb5007_na.pos frozen       5006.8            0  3.40282e+38  angstroms
   OIIIb5007_na.offs_kms thawed      192.305        -1500          500       km/s
   OIIIb5007_na.fwhm thawed      338.711          100         1500       km/s
   OIIIa4959_na.ampl linked      9.84125 expr: OIIIb5007_na.ampl / 3.0           
   OIIIa4959_na.pos frozen       4958.9            0  3.40282e+38  angstroms
   OIIIa4959_na.offs_kms linked      192.305 expr: OIIIb5007_na.offs_kms       km/s
   OIIIa4959_na.fwhm linked      338.711  expr: OIIIb5007_na.fwhm       km/s
   NII6583_na.ampl thawed       24.032            0           50           
   NII6583_na.pos frozen      6583.46            0  3.40282e+38  angstroms
   NII6583_na.offs_kms linked      192.305 expr: OIIIb5007_na.offs_kms       km/s
   NII6583_na.fwhm linked      338.711  expr: OIIIb5007_na.fwhm       km/s
   NII6548_na.ampl linked      8.01068 expr: NII6583_na.ampl / 3.0           
   NII6548_na.pos frozen      6548.05            0  3.40282e+38  angstroms
   NII6548_na.offs_kms linked      192.305 expr: OIIIb5007_na.offs_kms       km/s
   NII6548_na.fwhm linked      338.711  expr: OIIIb5007_na.fwhm       km/s
   HBeta4863_br.ampl thawed      2.15379            0           50           
   HBeta4863_br.pos frozen      4862.68            0  3.40282e+38  angstroms
   HBeta4863_br.offs_kms thawed     -375.017        -1500          500       km/s
   HBeta4863_br.fwhm thawed      4990.39          700         6000       km/s
   HAlpha6565_br.ampl thawed      9.16525            0           50           
   HAlpha6565_br.pos frozen       6564.6            0  3.40282e+38  angstroms
   HAlpha6565_br.offs_kms thawed      49.5492        -1500          500       km/s
   HAlpha6565_br.fwhm thawed      4766.44          700         6000       km/s
   HBeta4863_na.ampl thawed      5.50638            0           50           
   HBeta4863_na.pos frozen      4862.68            0  3.40282e+38  angstroms
   HBeta4863_na.offs_kms thawed      65.5824        -1500          500       km/s
   HBeta4863_na.fwhm thawed      334.198          100         1500       km/s
   HAlpha6565_na.ampl thawed      15.2733            0           50           
   HAlpha6565_na.pos frozen       6564.6            0  3.40282e+38  angstroms
   HAlpha6565_na.offs_kms thawed     -5.28858        -1500          500       km/s
   HAlpha6565_na.fwhm thawed      1231.58          100         1500       km/s
   feii.amp_a2D2 thawed            0            0         1000           
   feii.amp_a4G thawed            0            0         1000           
   feii.amp_a4H thawed            0            0         1000           
   feii.amp_a6S thawed            0            0         1000           
   feii.amp_b2H thawed     0.231287            0         1000           
   feii.amp_b4D thawed     0.131823            0         1000           
   feii.amp_b4F thawed            0            0         1000           
   feii.amp_b4P thawed            0            0         1000           
   feii.amp_e4D thawed      3.32388            0         1000           
   feii.amp_z4D thawed      1.04944            0         1000           
   feii.amp_z4F thawed            0            0         1000           
   feii.amp_z4P thawed      5.01797            0         1000           
   feii.amp_y4G thawed            0            0         1000           
   feii.amp_b4G thawed     0.395015            0         1000           
   feii.amp_x4D thawed     0.191064            0         1000           
   feii.amp_y4P thawed            0            0         1000           
   feii.offs_kms thawed       -591.4         -800          800           
   feii.fwhm    thawed       1604.8          300         6000           
mcmc ok
