<IPython.core.display.HTML object>
/app/BADASS3/example_spectra/2-onur
/app/BADASS3/example_spectra/2-onur/my_sdss.fits
0.34872591495513916
Start process memory: 0.22326886                    
 Folder has not been created.  Creating MCMC_output folder...

 > Starting fit for 2-onur

 Input fitting region exceeds available wavelength range.  BADASS will adjust your fitting range automatically...
		- Input fitting range: (2900, 8000)
		- Available wavelength range: (2644, 7710)
		- New fitting region is (2900, 7711). 


 Input spectrum is not linearly binned. BADASS will linearly rebin and conserve flux...


-----------------------------------------------------------
 file:                        my_sdss.fits                  
 redshift:                    0.34873                       
 fitting region:              (2900,7711) [A]               
 velocity scale:              69.03 [km/s/pixel]            
 Galactic E(B-V):             0.000                         
 Flux Normalization:          1e-17                         
 Fit Normalization:           89.33414                      
-----------------------------------------------------------

 Initializing parameters...
----------------------------------------------------------------------------------------------------
	- Fitting a SSP host-galaxy template.
	- Fitting additive legendre polynomial component.
	- Fitting Simple AGN power-law continuum.
	- Fitting broad and narrow optical FeII using Veron-Cetty et al. (2004) optical FeII templates
	 		* varying optical FeII amplitudes
	 		* varying optical FeII dispersion.
	 		* varying optical FeII voff

 Warning! Peak finding algorithm used for initial guesses of amplitude and velocity failed! Defaulting to user-defined locations...

 Warning! Peak finding algorithm used for initial guesses of amplitude and velocity failed! Defaulting to user-defined locations...

----------------------------------------------------------------------------------------------------------------------------------------

----------------------------------------------------------------------------------------------------------------------------------------

 Line List:

----------------------------------------------------------------------------------------------------------------------------------------
BR_H_ALPHA                                                                                
                              amp                           free                          
                              center                        6564.6                        
                              center_pix                    3548.5415389745103            
                              disp                          free                          
                              disp_res_ang                  1.8891807905118316            
                              disp_res_kms                  86.27519617248957             
                              line_profile                  gaussian                      
                              line_type                     br                            
                              ncomp                         1                             
                              voff                          free                          
BR_H_BETA                                                                                 
                              amp                           free                          
                              center                        4862.691                      
                              center_pix                    2245.2828149040056            
                              disp                          free                          
                              disp_res_ang                  1.8891807905118316            
                              disp_res_kms                  116.47093199915953            
                              line_profile                  gaussian                      
                              line_type                     br                            
                              ncomp                         1                             
                              voff                          free                          
BR_OII                                                                                    
                              amp                           free                          
                              center                        3727.09                       
                              center_pix                    1090.2655983904117            
                              disp                          free                          
                              disp_res_ang                  1.8891807905118316            
                              disp_res_kms                  151.95827114288224            
                              line_profile                  gaussian                      
                              line_type                     br                            
                              ncomp                         1                             
                              voff                          free                          
BR_OIII_a                                                                                 
                              amp                           (BR_OIII_b_AMP/2.98)          
                              center                        4960.295                      
                              center_pix                    2331.5873465310824            
                              disp                          BR_OIII_b_DISP                
                              disp_res_ang                  1.8891807905118316            
                              disp_res_kms                  114.17912700634238            
                              line_profile                  gaussian                      
                              line_type                     br                            
                              ncomp                         1                             
                              voff                          BR_OIII_b_VOFF                
BR_OIII_b                                                                                 
                              amp                           free                          
                              center                        5008.24                       
                              center_pix                    2373.361781647544             
                              disp                          free                          
                              disp_res_ang                  1.8891807905118316            
                              disp_res_kms                  113.08606472411967            
                              line_profile                  gaussian                      
                              line_type                     br                            
                              ncomp                         1                             
                              voff                          free                          
NA_H_ALPHA                                                                                
                              amp                           free                          
                              center                        6564.6                        
                              center_pix                    3548.5415389745103            
                              disp                          free                          
                              disp_res_ang                  1.8891807905118316            
                              disp_res_kms                  86.27519617248957             
                              label                         [H$\alpha$]                   
                              line_profile                  gaussian                      
                              line_type                     na                            
                              ncomp                         1                             
                              voff                          free                          
NA_H_BETA                                                                                 
                              amp                           free                          
                              center                        4862.691                      
                              center_pix                    2245.2828149040056            
                              disp                          free                          
                              disp_res_ang                  1.8891807905118316            
                              disp_res_kms                  116.47093199915953            
                              label                         H$\beta$                      
                              line_profile                  gaussian                      
                              line_type                     na                            
                              ncomp                         1                             
                              voff                          free                          
NA_NII_6549                                                                               
                              amp                           (NA_NII_6585_AMP/3.0)         
                              center                        6549.86                       
                              center_pix                    3538.779464852784             
                              disp                          NA_H_ALPHA_DISP               
                              disp_res_ang                  1.8891807905118316            
                              disp_res_kms                  86.46935244324689             
                              label                         [NII]                         
                              line_profile                  gaussian                      
                              line_type                     na                            
                              ncomp                         1                             
                              voff                          NA_H_ALPHA_VOFF               
NA_NII_6585                                                                               
                              amp                           free                          
                              center                        6585.27                       
                              center_pix                    3562.1941258801958            
                              disp                          NA_H_ALPHA_DISP               
                              disp_res_ang                  1.8891807905118316            
                              disp_res_kms                  86.0043935622875              
                              label                         [NII]                         
                              line_profile                  gaussian                      
                              line_type                     na                            
                              ncomp                         1                             
                              voff                          NA_H_ALPHA_VOFF               
NA_OII                                                                                    
                              amp                           free                          
                              center                        3727.09                       
                              center_pix                    1090.2655983904117            
                              disp                          free                          
                              disp_res_ang                  1.8891807905118316            
                              disp_res_kms                  151.95827114288224            
                              label                         [OII]                         
                              line_profile                  gaussian                      
                              line_type                     na                            
                              ncomp                         1                             
                              voff                          free                          
NA_OIII_a                                                                                 
                              amp                           (NA_OIII_b_AMP/2.98)          
                              center                        4960.295                      
                              center_pix                    2331.5873465310824            
                              disp                          NA_OIII_b_DISP                
                              disp_res_ang                  1.8891807905118316            
                              disp_res_kms                  114.17912700634238            
                              label                         [OIIIa]                       
                              line_profile                  gaussian                      
                              line_type                     na                            
                              ncomp                         1                             
                              voff                          NA_OIII_b_VOFF                
NA_OIII_b                                                                                 
                              amp                           free                          
                              center                        5008.24                       
                              center_pix                    2373.361781647544             
                              disp                          free                          
                              disp_res_ang                  1.8891807905118316            
                              disp_res_kms                  113.08606472411967            
                              label                         [OIIIb]                       
                              line_profile                  gaussian                      
                              line_type                     na                            
                              ncomp                         1                             
                              voff                          free                          
NA_SII_6716                                                                               
                              amp                           free                          
                              center                        6718.29                       
                              center_pix                    3649.041931576699             
                              disp                          NA_H_ALPHA_DISP               
                              disp_res_ang                  1.8891807905118316            
                              disp_res_kms                  84.3015339906323              
                              label                         [SII]                         
                              line_profile                  gaussian                      
                              line_type                     na                            
                              ncomp                         1                             
                              voff                          NA_H_ALPHA_VOFF               
NA_SII_6731                                                                               
                              amp                           free                          
                              center                        6732.67                       
                              center_pix                    3658.327319224228             
                              disp                          NA_H_ALPHA_DISP               
                              disp_res_ang                  1.8891807905118316            
                              disp_res_kms                  84.12147822393271             
                              label                         [SII]                         
                              line_profile                  gaussian                      
                              line_type                     na                            
                              ncomp                         1                             
                              voff                          NA_H_ALPHA_VOFF               

----------------------------------------------------------------------------------------------------------------------------------------

 Number of Free Line Parameters: 27

----------------------------------------------------------------------------------------------------------------------------------------

 All Free Parameters:

----------------------------------------------------------------------------------------------------------------------------------------
APOLY_COEFF_1                                                                             
                              init                          0.0                           
                              plim                          (-100.0, 100.0)               
APOLY_COEFF_2                                                                             
                              init                          0.0                           
                              plim                          (-100.0, 100.0)               
APOLY_COEFF_3                                                                             
                              init                          0.0                           
                              plim                          (-100.0, 100.0)               
APOLY_COEFF_4                                                                             
                              init                          0.0                           
                              plim                          (-100.0, 100.0)               
APOLY_COEFF_5                                                                             
                              init                          0.0                           
                              plim                          (-100.0, 100.0)               
APOLY_COEFF_6                                                                             
                              init                          0.0                           
                              plim                          (-100.0, 100.0)               
APOLY_COEFF_7                                                                             
                              init                          0.0                           
                              plim                          (-100.0, 100.0)               
BR_H_ALPHA_AMP                                                                            
                              init                          0.9917872749381111            
                              plim                          (0, 50)                       
BR_H_ALPHA_DISP                                                                           
                              init                          3300.0                        
                              plim                          (600, 6000)                   
BR_H_ALPHA_VOFF                                                                           
                              init                          0.0                           
                              plim                          (-1500, 1500)                 
                              prior                         {'type': 'gaussian'}          
BR_H_BETA_AMP                                                                             
                              init                          0.4695823788660961            
                              plim                          (0, 50)                       
BR_H_BETA_DISP                                                                            
                              init                          3300.0                        
                              plim                          (600, 6000)                   
BR_H_BETA_VOFF                                                                            
                              init                          0.0                           
                              plim                          (-1500, 1500)                 
                              prior                         {'type': 'gaussian'}          
BR_OIII_b_AMP                                                                             
                              init                          0.4666799439411946            
                              plim                          (0, 50)                       
BR_OIII_b_DISP                                                                            
                              init                          3300.0                        
                              plim                          (600, 6000)                   
BR_OIII_b_VOFF                                                                            
                              init                          0.0                           
                              plim                          (-1500, 1500)                 
                              prior                         {'type': 'gaussian'}          
BR_OII_AMP                                                                                
                              init                          0.38542321874283453           
                              plim                          (0, 50)                       
BR_OII_DISP                                                                               
                              init                          3300.0                        
                              plim                          (600, 6000)                   
BR_OII_VOFF                                                                               
                              init                          0.0                           
                              plim                          (-1500, 1500)                 
                              prior                         {'type': 'gaussian'}          
BR_OPT_FEII_AMP                                                                           
                              init                          0.026628368030811103          
                              plim                          (0, 1.5000000427715077)       
BR_OPT_FEII_DISP                                                                          
                              init                          500.0                         
                              plim                          (500.0, 5000.0)               
BR_OPT_FEII_VOFF                                                                          
                              init                          0.0                           
                              plim                          (-500.0, 500.0)               
HOST_TEMP_DISP                                                                            
                              init                          100.0                         
                              plim                          (0.001, 500.0)                
HOST_TEMP_VEL                                                                             
                              init                          0.0                           
                              plim                          (-500.0, 500)                 
NA_H_ALPHA_AMP                                                                            
                              init                          0.9917872749381111            
                              plim                          (0, 50)                       
NA_H_ALPHA_DISP                                                                           
                              init                          1300.0                        
                              plim                          (100, 2500)                   
NA_H_ALPHA_VOFF                                                                           
                              init                          0.0                           
                              plim                          (-1000, 1000)                 
                              prior                         {'type': 'gaussian'}          
NA_H_BETA_AMP                                                                             
                              init                          0.4695823788660961            
                              plim                          (0, 50)                       
NA_H_BETA_DISP                                                                            
                              init                          1300.0                        
                              plim                          (100, 2500)                   
NA_H_BETA_VOFF                                                                            
                              init                          0.0                           
                              plim                          (-1000, 1000)                 
                              prior                         {'type': 'gaussian'}          
NA_NII_6585_AMP                                                                           
                              init                          0.6075582218507171            
                              plim                          (0, 50)                       
NA_OIII_b_AMP                                                                             
                              init                          0.4666799439411946            
                              plim                          (0, 50)                       
NA_OIII_b_DISP                                                                            
                              init                          1300.0                        
                              plim                          (100, 2500)                   
NA_OIII_b_VOFF                                                                            
                              init                          0.0                           
                              plim                          (-1000, 1000)                 
                              prior                         {'type': 'gaussian'}          
NA_OII_AMP                                                                                
                              init                          0.38542321874283453           
                              plim                          (0, 50)                       
NA_OII_DISP                                                                               
                              init                          1300.0                        
                              plim                          (100, 2500)                   
NA_OII_VOFF                                                                               
                              init                          0.0                           
                              plim                          (-1000, 1000)                 
                              prior                         {'type': 'gaussian'}          
NA_OPT_FEII_AMP                                                                           
                              init                          0.026628368030811103          
                              plim                          (0, 1.5000000427715077)       
NA_OPT_FEII_DISP                                                                          
                              init                          10.0                          
                              plim                          (0.1, 500.0)                  
NA_OPT_FEII_VOFF                                                                          
                              init                          0.0                           
                              plim                          (-500.0, 500.0)               
NA_SII_6716_AMP                                                                           
                              init                          0.19859333528496195           
                              plim                          (0, 50)                       
NA_SII_6731_AMP                                                                           
                              init                          0.18460378379045925           
                              plim                          (0, 50)                       
POWER_AMP                                                                                 
                              init                          0.1331418401540555            
                              plim                          (0, 1.5000000427715077)       
POWER_SLOPE                                                                               
                              init                          -1.0                          
                              plim                          (-6.0, 6.0)                   

----------------------------------------------------------------------------------------------------------------------------------------

 Total number of free parameters: 44

----------------------------------------------------------------------------------------------------------------------------------------

 Soft Constraints:


----------------------------------------------------------------------------------------------------------------------------------------

----------------------------------------------------------------------------------------------------------------------------------------

 Required Maximum Likelihood RMSE threshold: 0.4694 


 Performing max. likelihood fitting.

 Using Basin-hopping algorithm to estimate parameters. niter_success = 5
basinhopping step 0: f 1.98435
 Fit Status: False
 Force threshold: 0.4694
 Lowest RMSE: 0.0812
 Current RMSE: 0.0812
 Accepted count: 1
 Basinhop count: 0


adaptive stepsize: acceptance rate 0.000000 target 0.500000 new stepsize 0.9 old stepsize 1
basinhopping step 1: f 1.91473 trial_f 1.91473 accepted 1  lowest_f 1.91473
found new global minimum on step 1 with function value 1.91473
 Fit Status: False
 Force threshold: 0.4694
 Lowest RMSE: 0.0797
 Current RMSE: 0.0797
 Accepted count: 2
 Basinhop count: 0


adaptive stepsize: acceptance rate 0.500000 target 0.500000 new stepsize 0.81 old stepsize 0.9
basinhopping step 2: f 1.91473 trial_f 2.05567 accepted 0  lowest_f 1.91473
 Fit Status: False
 Force threshold: 0.4694
 Lowest RMSE: 0.0797
 Current RMSE: 0.0826
 Accepted count: 2
 Basinhop count: 1


adaptive stepsize: acceptance rate 0.333333 target 0.500000 new stepsize 0.729 old stepsize 0.81
basinhopping step 3: f 2.17686 trial_f 2.17686 accepted 1  lowest_f 1.91473
 Fit Status: False
 Force threshold: 0.4694
 Lowest RMSE: 0.0797
 Current RMSE: 0.0850
 Accepted count: 3
 Basinhop count: 2


adaptive stepsize: acceptance rate 0.500000 target 0.500000 new stepsize 0.6561 old stepsize 0.729
basinhopping step 4: f 1.84823 trial_f 1.84823 accepted 1  lowest_f 1.84823
found new global minimum on step 4 with function value 1.84823
 Fit Status: False
 Force threshold: 0.4694
 Lowest RMSE: 0.0783
 Current RMSE: 0.0783
 Accepted count: 4
 Basinhop count: 0


adaptive stepsize: acceptance rate 0.600000 target 0.500000 new stepsize 0.729 old stepsize 0.6561
basinhopping step 5: f 1.84823 trial_f 1.99495 accepted 0  lowest_f 1.84823
 Fit Status: False
 Force threshold: 0.4694
 Lowest RMSE: 0.0783
 Current RMSE: 0.0814
 Accepted count: 4
 Basinhop count: 1


adaptive stepsize: acceptance rate 0.500000 target 0.500000 new stepsize 0.6561 old stepsize 0.729
basinhopping step 6: f 1.84823 trial_f 3.85945 accepted 0  lowest_f 1.84823
 Fit Status: False
 Force threshold: 0.4694
 Lowest RMSE: 0.0783
 Current RMSE: 0.1132
 Accepted count: 4
 Basinhop count: 2


adaptive stepsize: acceptance rate 0.428571 target 0.500000 new stepsize 0.59049 old stepsize 0.6561
basinhopping step 7: f 3.50945 trial_f 3.50945 accepted 1  lowest_f 1.84823
 Fit Status: False
 Force threshold: 0.4694
 Lowest RMSE: 0.0783
 Current RMSE: 0.1079
 Accepted count: 5
 Basinhop count: 3


adaptive stepsize: acceptance rate 0.500000 target 0.500000 new stepsize 0.531441 old stepsize 0.59049
basinhopping step 8: f 2.03074 trial_f 2.03074 accepted 1  lowest_f 1.84823
 Fit Status: False
 Force threshold: 0.4694
 Lowest RMSE: 0.0783
 Current RMSE: 0.0821
 Accepted count: 6
 Basinhop count: 4


adaptive stepsize: acceptance rate 0.555556 target 0.500000 new stepsize 0.59049 old stepsize 0.531441
basinhopping step 9: f 2.03074 trial_f 2.11517 accepted 0  lowest_f 1.84823
 Fit Status: True
 Force threshold: 0.4694
 Lowest RMSE: 0.0783
 Current RMSE: 0.0838
 Accepted count: 6
 Basinhop count: 5



 Maximum Likelihood Best-fit Parameters:
--------------------------------------------------------------------------------------

Parameter                     Best-fit Value                +/- 1-sigma                   Flag                          
--------------------------------------------------------------------------------------
AGN_FRAC_4000                 0.930875                      0.000000                      1.0                           
AGN_FRAC_7000                 0.755120                      0.000000                      1.0                           
APOLY_COEFF_1                 -0.142830                     0.000000                      1.0                           
APOLY_COEFF_2                 0.067082                      0.000000                      1.0                           
APOLY_COEFF_3                 0.003668                      0.000000                      1.0                           
APOLY_COEFF_4                 -0.022033                     0.000000                      1.0                           
APOLY_COEFF_5                 0.009557                      0.000000                      1.0                           
APOLY_COEFF_6                 -0.006740                     0.000000                      1.0                           
APOLY_COEFF_7                 -0.005459                     0.000000                      1.0                           
BR_H_ALPHA_AMP                5.560067                      0.000000                      1.0                           
BR_H_ALPHA_DISP               3300.716243                   0.000000                      1.0                           
BR_H_ALPHA_DISP_CORR          3299.588506                   0.000000                      1.0                           
BR_H_ALPHA_DISP_RES           86.275196                     nan                           nan                           
BR_H_ALPHA_EW                 96.258839                     0.000000                      0.0                           
BR_H_ALPHA_FLUX               -13.866885                    0.000000                      0.0                           
BR_H_ALPHA_FWHM               7772.923995                   0.000000                      0.0                           
BR_H_ALPHA_FWHM_CORR          7770.268535                   0.000000                      0.0                           
BR_H_ALPHA_LUM                42.745016                     0.000000                      0.0                           
BR_H_ALPHA_NPIX               195.000000                    0.000000                      0.0                           
BR_H_ALPHA_SNR                5.506178                      0.000000                      0.0                           
BR_H_ALPHA_VOFF               0.019737                      0.000000                      1.0                           
BR_H_ALPHA_W80                8657.704977                   0.000000                      0.0                           
BR_H_ALPHA_W80_CORR           8654.871877                   0.000000                      0.0                           
BR_H_BETA_AMP                 0.000000                      0.000000                      2.0                           
BR_H_BETA_DISP                3300.179515                   0.000000                      1.0                           
BR_H_BETA_DISP_CORR           3298.123611                   0.000000                      1.0                           
BR_H_BETA_DISP_RES            116.470932                    nan                           nan                           
BR_H_BETA_EW                  0.000000                      0.000000                      1.0                           
BR_H_BETA_FLUX                0.000000                      0.000000                      0.0                           
BR_H_BETA_FWHM                0.000000                      0.000000                      0.0                           
BR_H_BETA_FWHM_CORR           0.000000                      0.000000                      0.0                           
BR_H_BETA_LUM                 0.000000                      0.000000                      1.0                           
BR_H_BETA_NPIX                0.000000                      0.000000                      0.0                           
BR_H_BETA_SNR                 0.000000                      0.000000                      0.0                           
BR_H_BETA_VOFF                -1.065252                     0.000000                      1.0                           
BR_H_BETA_W80                 0.000000                      0.000000                      0.0                           
BR_H_BETA_W80_CORR            0.000000                      0.000000                      0.0                           
BR_OIII_a_AMP                 0.000009                      0.000000                      1.0                           
BR_OIII_a_DISP                3298.558350                   0.000000                      1.0                           
BR_OIII_a_DISP_CORR           3296.581611                   0.000000                      1.0                           
BR_OIII_a_DISP_RES            114.179127                    nan                           nan                           
BR_OIII_a_EW                  0.000000                      0.000000                      1.0                           
BR_OIII_a_FLUX                0.000000                      0.000000                      0.0                           
BR_OIII_a_FWHM                0.000000                      0.000000                      0.0                           
BR_OIII_a_FWHM_CORR           0.000000                      0.000000                      0.0                           
BR_OIII_a_LUM                 0.000000                      0.000000                      1.0                           
BR_OIII_a_NPIX                0.000000                      0.000000                      0.0                           
BR_OIII_a_SNR                 0.000000                      0.000000                      0.0                           
BR_OIII_a_VOFF                0.033411                      0.000000                      1.0                           
BR_OIII_a_W80                 0.000000                      0.000000                      0.0                           
BR_OIII_a_W80_CORR            0.000000                      0.000000                      0.0                           
BR_OIII_b_AMP                 0.000026                      0.000000                      1.0                           
BR_OIII_b_DISP                3298.558350                   0.000000                      1.0                           
BR_OIII_b_DISP_CORR           3296.619288                   0.000000                      1.0                           
BR_OIII_b_DISP_RES            113.086065                    nan                           nan                           
BR_OIII_b_EW                  0.000000                      0.000000                      1.0                           
BR_OIII_b_FLUX                0.000000                      0.000000                      0.0                           
BR_OIII_b_FWHM                0.000000                      0.000000                      0.0                           
BR_OIII_b_FWHM_CORR           0.000000                      0.000000                      0.0                           
BR_OIII_b_LUM                 0.000000                      0.000000                      1.0                           
BR_OIII_b_NPIX                0.000000                      0.000000                      0.0                           
BR_OIII_b_SNR                 0.000000                      0.000000                      0.0                           
BR_OIII_b_VOFF                0.033411                      0.000000                      1.0                           
BR_OIII_b_W80                 0.000000                      0.000000                      0.0                           
BR_OIII_b_W80_CORR            0.000000                      0.000000                      0.0                           
BR_OII_AMP                    0.494926                      0.000000                      1.0                           
BR_OII_DISP                   3299.248902                   0.000000                      1.0                           
BR_OII_DISP_CORR              3295.747563                   0.000000                      1.0                           
BR_OII_DISP_RES               151.958271                    nan                           nan                           
BR_OII_EW                     2.159344                      0.000000                      0.0                           
BR_OII_FLUX                   -15.163471                    0.000000                      0.0                           
BR_OII_FWHM                   7769.281752                   0.000000                      0.0                           
BR_OII_FWHM_CORR              7761.037023                   0.000000                      0.0                           
BR_OII_LUM                    41.448431                     0.000000                      0.0                           
BR_OII_NPIX                   0.000000                      0.000000                      0.0                           
BR_OII_SNR                    0.490144                      0.000000                      0.0                           
BR_OII_VOFF                   -0.456012                     0.000000                      1.0                           
BR_OII_W80                    8653.437043                   0.000000                      0.0                           
BR_OII_W80_CORR               8644.640691                   0.000000                      0.0                           
BR_OPT_FEII_AMP               37.670327                     0.000000                      1.0                           
BR_OPT_FEII_DISP              525.381040                    0.000000                      1.0                           
BR_OPT_FEII_TEMPLATE_EW       88.852321                     0.000000                      1.0                           
BR_OPT_FEII_TEMPLATE_FLUX     -13.762027                    0.000000                      1.0                           
BR_OPT_FEII_TEMPLATE_LUM      42.849875                     0.000000                      1.0                           
BR_OPT_FEII_VOFF              -5.484424                     0.000000                      1.0                           
HOST_FRAC_4000                0.143788                      0.000000                      1.0                           
HOST_FRAC_7000                -0.265785                     0.000000                      1.0                           
HOST_TEMP_DISP                101.124104                    0.000000                      1.0                           
HOST_TEMP_VEL                 5.303380                      0.000000                      1.0                           
H_ALPHA_COMP_DISP             1896.012761                   0.000000                      0.0                           
H_ALPHA_COMP_DISP_CORR        1894.048833                   0.000000                      0.0                           
H_ALPHA_COMP_DISP_RES         86.275196                     nan                           nan                           
H_ALPHA_COMP_EW               449.905575                    0.000000                      1.0                           
H_ALPHA_COMP_FLUX             -13.198063                    0.000000                      1.0                           
H_ALPHA_COMP_FWHM             3154.378699                   0.000000                      0.0                           
H_ALPHA_COMP_FWHM_CORR        3147.829514                   0.000000                      0.0                           
H_ALPHA_COMP_LUM              43.413839                     0.000000                      1.0                           
H_ALPHA_COMP_NPIX             195.000000                    0.000000                      0.0                           
H_ALPHA_COMP_SNR              44.274880                     0.000000                      0.0                           
H_ALPHA_COMP_VOFF             -142.448793                   0.000000                      0.0                           
H_ALPHA_COMP_W80              4190.169272                   0.000000                      0.0                           
H_ALPHA_COMP_W80_CORR         4184.312401                   0.000000                      0.0                           
H_BETA_COMP_DISP              1299.818524                   0.000000                      0.0                           
H_BETA_COMP_DISP_CORR         1294.589788                   0.000000                      0.0                           
H_BETA_COMP_DISP_RES          116.470932                    nan                           nan                           
H_BETA_COMP_EW                71.081786                     0.000000                      1.0                           
H_BETA_COMP_FLUX              -13.840745                    0.000000                      1.0                           
H_BETA_COMP_FWHM              3061.045795                   0.000000                      0.0                           
H_BETA_COMP_FWHM_CORR         3048.734107                   0.000000                      0.0                           
H_BETA_COMP_LUM               42.771157                     0.000000                      1.0                           
H_BETA_COMP_NPIX              93.000000                     0.000000                      0.0                           
H_BETA_COMP_SNR               15.614918                     0.000000                      0.0                           
H_BETA_COMP_VOFF              -20.336381                    0.000000                      0.0                           
H_BETA_COMP_W80               3408.995163                   0.000000                      0.0                           
H_BETA_COMP_W80_CORR          3395.859015                   0.000000                      0.0                           
LOG_LIKE                      1.848230                      0.000000                      0.0                           
L_CONT_AGN_3000               44.729751                     0.000000                      1.0                           
L_CONT_AGN_5100               44.518308                     0.000000                      1.0                           
L_CONT_HOST_3000              44.284410                     0.000000                      1.0                           
L_CONT_HOST_5100              0.000000                      0.000000                      1.0                           
L_CONT_TOT_3000               44.732451                     0.000000                      1.0                           
L_CONT_TOT_5100               44.593892                     0.000000                      1.0                           
NA_H_ALPHA_AMP                53.248482                     0.000000                      1.0                           
NA_H_ALPHA_DISP               1263.868451                   0.000000                      1.0                           
NA_H_ALPHA_DISP_CORR          1260.920319                   0.000000                      1.0                           
NA_H_ALPHA_DISP_RES           86.275196                     nan                           nan                           
NA_H_ALPHA_EW                 353.646736                    0.000000                      0.0                           
NA_H_ALPHA_FLUX               -13.302849                    0.000000                      0.0                           
NA_H_ALPHA_FWHM               2976.499012                   0.000000                      0.0                           
NA_H_ALPHA_FWHM_CORR          2969.557551                   0.000000                      0.0                           
NA_H_ALPHA_LUM                43.309053                     0.000000                      0.0                           
NA_H_ALPHA_NPIX               105.000000                    0.000000                      0.0                           
NA_H_ALPHA_SNR                52.734240                     0.000000                      0.0                           
NA_H_ALPHA_VOFF               -181.299328                   0.000000                      1.0                           
NA_H_ALPHA_W80                3312.084917                   0.000000                      0.0                           
NA_H_ALPHA_W80_CORR           3304.672182                   0.000000                      0.0                           
NA_H_BETA_AMP                 20.245319                     0.000000                      1.0                           
NA_H_BETA_DISP                1299.829880                   0.000000                      1.0                           
NA_H_BETA_DISP_CORR           1294.601189                   0.000000                      1.0                           
NA_H_BETA_DISP_RES            116.470932                    nan                           nan                           
NA_H_BETA_EW                  71.081786                     0.000000                      0.0                           
NA_H_BETA_FLUX                -13.840745                    0.000000                      0.0                           
NA_H_BETA_FWHM                3061.045795                   0.000000                      0.0                           
NA_H_BETA_FWHM_CORR           3048.734107                   0.000000                      0.0                           
NA_H_BETA_LUM                 42.771157                     0.000000                      0.0                           
NA_H_BETA_NPIX                93.000000                     0.000000                      0.0                           
NA_H_BETA_SNR                 20.050013                     0.000000                      0.0                           
NA_H_BETA_VOFF                -20.336395                    0.000000                      1.0                           
NA_H_BETA_W80                 3408.995163                   0.000000                      0.0                           
NA_H_BETA_W80_CORR            3395.859015                   0.000000                      0.0                           
NA_NII_6549_AMP               0.000000                      0.000000                      2.0                           
NA_NII_6549_DISP              1263.868451                   0.000000                      1.0                           
NA_NII_6549_DISP_CORR         1260.907020                   0.000000                      1.0                           
NA_NII_6549_DISP_RES          86.469352                     nan                           nan                           
NA_NII_6549_EW                0.000000                      0.000000                      1.0                           
NA_NII_6549_FLUX              0.000000                      0.000000                      0.0                           
NA_NII_6549_FWHM              0.000000                      0.000000                      0.0                           
NA_NII_6549_FWHM_CORR         0.000000                      0.000000                      0.0                           
NA_NII_6549_LUM               0.000000                      0.000000                      1.0                           
NA_NII_6549_NPIX              0.000000                      0.000000                      0.0                           
NA_NII_6549_SNR               0.000000                      0.000000                      0.0                           
NA_NII_6549_VOFF              -181.299328                   0.000000                      1.0                           
NA_NII_6549_W80               0.000000                      0.000000                      0.0                           
NA_NII_6549_W80_CORR          0.000000                      0.000000                      0.0                           
NA_NII_6585_AMP               0.000000                      0.000000                      2.0                           
NA_NII_6585_DISP              1263.868451                   0.000000                      1.0                           
NA_NII_6585_DISP_CORR         1260.938819                   0.000000                      1.0                           
NA_NII_6585_DISP_RES          86.004394                     nan                           nan                           
NA_NII_6585_EW                0.000000                      0.000000                      1.0                           
NA_NII_6585_FLUX              0.000000                      0.000000                      0.0                           
NA_NII_6585_FWHM              0.000000                      0.000000                      0.0                           
NA_NII_6585_FWHM_CORR         0.000000                      0.000000                      0.0                           
NA_NII_6585_LUM               0.000000                      0.000000                      1.0                           
NA_NII_6585_NPIX              0.000000                      0.000000                      0.0                           
NA_NII_6585_SNR               0.000000                      0.000000                      0.0                           
NA_NII_6585_VOFF              -181.299328                   0.000000                      1.0                           
NA_NII_6585_W80               0.000000                      0.000000                      0.0                           
NA_NII_6585_W80_CORR          0.000000                      0.000000                      0.0                           
NA_OIII_a_AMP                 2.279546                      0.000000                      1.0                           
NA_OIII_a_DISP                1289.168411                   0.000000                      1.0                           
NA_OIII_a_DISP_CORR           1284.102145                   0.000000                      1.0                           
NA_OIII_a_DISP_RES            114.179127                    nan                           nan                           
NA_OIII_a_EW                  8.278953                      0.000000                      0.0                           
NA_OIII_a_FLUX                -14.784146                    0.000000                      0.0                           
NA_OIII_a_FWHM                3036.756962                   0.000000                      0.0                           
NA_OIII_a_FWHM_CORR           3024.830954                   0.000000                      0.0                           
NA_OIII_a_LUM                 41.827755                     0.000000                      0.0                           
NA_OIII_a_NPIX                49.000000                     0.000000                      0.0                           
NA_OIII_a_SNR                 2.256840                      0.000000                      0.0                           
NA_OIII_a_VOFF                -3.983873                     0.000000                      1.0                           
NA_OIII_a_W80                 3380.524184                   0.000000                      0.0                           
NA_OIII_a_W80_CORR            3367.794149                   0.000000                      0.0                           
NA_OIII_b_AMP                 6.793048                      0.000000                      1.0                           
NA_OIII_b_DISP                1289.168411                   0.000000                      1.0                           
NA_OIII_b_DISP_CORR           1284.198869                   0.000000                      1.0                           
NA_OIII_b_DISP_RES            113.086065                    nan                           nan                           
NA_OIII_b_EW                  25.516482                     0.000000                      0.0                           
NA_OIII_b_FLUX                -14.305750                    0.000000                      0.0                           
NA_OIII_b_FWHM                3036.306789                   0.000000                      0.0                           
NA_OIII_b_FWHM_CORR           3024.606727                   0.000000                      0.0                           
NA_OIII_b_LUM                 42.306151                     0.000000                      0.0                           
NA_OIII_b_NPIX                76.000000                     0.000000                      0.0                           
NA_OIII_b_SNR                 6.726625                      0.000000                      0.0                           
NA_OIII_b_VOFF                -3.983873                     0.000000                      1.0                           
NA_OIII_b_W80                 3380.785935                   0.000000                      0.0                           
NA_OIII_b_W80_CORR            3368.299887                   0.000000                      0.0                           
NA_OII_AMP                    0.000000                      0.000000                      2.0                           
NA_OII_DISP                   1299.562843                   0.000000                      1.0                           
NA_OII_DISP_CORR              1290.648003                   0.000000                      1.0                           
NA_OII_DISP_RES               151.958271                    nan                           nan                           
NA_OII_EW                     0.000000                      0.000000                      1.0                           
NA_OII_FLUX                   0.000000                      0.000000                      0.0                           
NA_OII_FWHM                   0.000000                      0.000000                      0.0                           
NA_OII_FWHM_CORR              0.000000                      0.000000                      0.0                           
NA_OII_LUM                    0.000000                      0.000000                      1.0                           
NA_OII_NPIX                   0.000000                      0.000000                      0.0                           
NA_OII_SNR                    0.000000                      0.000000                      0.0                           
NA_OII_VOFF                   -0.572592                     0.000000                      1.0                           
NA_OII_W80                    0.000000                      0.000000                      0.0                           
NA_OII_W80_CORR               0.000000                      0.000000                      0.0                           
NA_OPT_FEII_AMP               5.167337                      0.000000                      1.0                           
NA_OPT_FEII_DISP              10.459452                     0.000000                      1.0                           
NA_OPT_FEII_TEMPLATE_EW       15.734898                     0.000000                      1.0                           
NA_OPT_FEII_TEMPLATE_FLUX     -14.471998                    0.000000                      1.0                           
NA_OPT_FEII_TEMPLATE_LUM      42.139904                     0.000000                      1.0                           
NA_OPT_FEII_VOFF              -1.556181                     0.000000                      1.0                           
NA_SII_6716_AMP               1.581941                      0.000000                      1.0                           
NA_SII_6716_DISP              1263.868451                   0.000000                      1.0                           
NA_SII_6716_DISP_CORR         1261.053810                   0.000000                      1.0                           
NA_SII_6716_DISP_RES          84.301534                     nan                           nan                           
NA_SII_6716_EW                10.936966                     0.000000                      0.0                           
NA_SII_6716_FLUX              -14.819919                    0.000000                      0.0                           
NA_SII_6716_FWHM              2976.831096                   0.000000                      0.0                           
NA_SII_6716_FWHM_CORR         2970.204684                   0.000000                      0.0                           
NA_SII_6716_LUM               41.791982                     0.000000                      0.0                           
NA_SII_6716_NPIX              47.000000                     0.000000                      0.0                           
NA_SII_6716_SNR               1.566277                      0.000000                      0.0                           
NA_SII_6716_VOFF              -181.299328                   0.000000                      1.0                           
NA_SII_6716_W80               3313.051816                   0.000000                      0.0                           
NA_SII_6716_W80_CORR          3305.976784                   0.000000                      0.0                           
NA_SII_6731_AMP               0.000000                      0.000000                      2.0                           
NA_SII_6731_DISP              1263.868451                   0.000000                      1.0                           
NA_SII_6731_DISP_CORR         1261.065834                   0.000000                      1.0                           
NA_SII_6731_DISP_RES          84.121478                     nan                           nan                           
NA_SII_6731_EW                0.000000                      0.000000                      1.0                           
NA_SII_6731_FLUX              0.000000                      0.000000                      0.0                           
NA_SII_6731_FWHM              0.000000                      0.000000                      0.0                           
NA_SII_6731_FWHM_CORR         0.000000                      0.000000                      0.0                           
NA_SII_6731_LUM               0.000000                      0.000000                      1.0                           
NA_SII_6731_NPIX              0.000000                      0.000000                      0.0                           
NA_SII_6731_SNR               0.000000                      0.000000                      0.0                           
NA_SII_6731_VOFF              -181.299328                   0.000000                      1.0                           
NA_SII_6731_W80               0.000000                      0.000000                      0.0                           
NA_SII_6731_W80_CORR          0.000000                      0.000000                      0.0                           
OIII_a_COMP_DISP              1289.075099                   0.000000                      0.0                           
OIII_a_COMP_DISP_CORR         1284.008464                   0.000000                      0.0                           
OIII_a_COMP_DISP_RES          114.179127                    nan                           nan                           
OIII_a_COMP_EW                8.278953                      0.000000                      1.0                           
OIII_a_COMP_FLUX              -14.784146                    0.000000                      1.0                           
OIII_a_COMP_FWHM              3036.756962                   0.000000                      0.0                           
OIII_a_COMP_FWHM_CORR         3024.830954                   0.000000                      0.0                           
OIII_a_COMP_LUM               41.827755                     0.000000                      1.0                           
OIII_a_COMP_NPIX              49.000000                     0.000000                      0.0                           
OIII_a_COMP_SNR               2.411056                      0.000000                      0.0                           
OIII_a_COMP_VOFF              -3.984170                     0.000000                      0.0                           
OIII_a_COMP_W80               3380.524184                   0.000000                      0.0                           
OIII_a_COMP_W80_CORR          3367.794149                   0.000000                      0.0                           
OIII_b_COMP_DISP              1289.136033                   0.000000                      0.0                           
OIII_b_COMP_DISP_CORR         1284.166365                   0.000000                      0.0                           
OIII_b_COMP_DISP_RES          113.086065                    nan                           nan                           
OIII_b_COMP_EW                25.516482                     0.000000                      1.0                           
OIII_b_COMP_FLUX              -14.305750                    0.000000                      1.0                           
OIII_b_COMP_FWHM              3036.306789                   0.000000                      0.0                           
OIII_b_COMP_FWHM_CORR         3024.606727                   0.000000                      0.0                           
OIII_b_COMP_LUM               42.306151                     0.000000                      1.0                           
OIII_b_COMP_NPIX              76.000000                     0.000000                      0.0                           
OIII_b_COMP_SNR               7.023572                      0.000000                      0.0                           
OIII_b_COMP_VOFF              -3.984926                     0.000000                      0.0                           
OIII_b_COMP_W80               3380.785935                   0.000000                      0.0                           
OIII_b_COMP_W80_CORR          3368.299887                   0.000000                      0.0                           
OII_COMP_DISP                 3298.267417                   0.000000                      0.0                           
OII_COMP_DISP_CORR            3294.765036                   0.000000                      0.0                           
OII_COMP_DISP_RES             151.958271                    nan                           nan                           
OII_COMP_EW                   2.159344                      0.000000                      1.0                           
OII_COMP_FLUX                 -15.163471                    0.000000                      1.0                           
OII_COMP_FWHM                 7769.281752                   0.000000                      0.0                           
OII_COMP_FWHM_CORR            7761.037023                   0.000000                      0.0                           
OII_COMP_LUM                  41.448431                     0.000000                      1.0                           
OII_COMP_NPIX                 0.000000                      0.000000                      0.0                           
OII_COMP_SNR                  0.000000                      0.000000                      0.0                           
OII_COMP_VOFF                 -0.466647                     0.000000                      0.0                           
OII_COMP_W80                  8653.437043                   0.000000                      0.0                           
OII_COMP_W80_CORR             8644.640691                   0.000000                      0.0                           
POWER_AMP                     20.274923                     0.000000                      1.0                           
POWER_SLOPE                   -0.586080                     0.000000                      1.0                           
RCHI_SQUARED                  97.904884                     0.000000                      0.0                           
R_SQUARED                     0.995565                      0.000000                      0.0                           
NOISE_STD                     0.936060                                                                                  
RESID_STD                     1.863388                                                                                  
--------------------------------------------------------------------------------------
 - Done fitting 2-onur! 

End process memory: 0.26324582                    
