patched GLEAM doublet ties
WARNING: AstropyDeprecationWarning: The truth value of a Quantity is ambiguous. In the future this will raise a ValueError. [astropy.units.quantity]
Now working in  on sdss in sdss + fiber1 on source 1 at z=0.083.
Warning: non-constant dispersion
[[Model]]
    (Model(constant) + Model(gaussian, prefix='g0_'))
[[Fit Statistics]]
    # fitting method   = leastsq
    # function evals   = 41
    # data points      = 163
    # variables        = 4
    chi-square         = 111.100452
    reduced chi-square = 0.69874498
    Akaike info crit   = -54.4804156
    Bayesian info crit = -42.1054148
    R-squared          = 0.91161731
[[Variables]]
    c:             227.273926 +/- 1.73162637 (0.76%) (init = 228.5937)
    g0_amplitude:  2387.52524 +/- 73.4026736 (3.07%) (init = 2987.738)
    g0_center:     3731.04354 +/- 0.08165785 (0.00%) (init = 3728.48)
    g0_sigma:      2.41344817 +/- 0.08301930 (3.44%) (init = 3.136532)
    g0_fwhm:       5.68323601 +/- 0.19549550 (3.44%) == '2.3548200*g0_sigma'
    g0_height:     394.657247 +/- 11.6301360 (2.95%) == '0.3989423*g0_amplitude/max(1e-15, g0_sigma)'
[[Correlations]] (unreported correlations are < 0.100)
    C(g0_amplitude, g0_sigma) = +0.5957
    C(c, g0_amplitude)        = -0.3027
    C(c, g0_sigma)            = -0.1804
Warning: non-constant dispersion
Warning: non-constant dispersion
[[Model]]
    ((Model(constant) + Model(gaussian, prefix='g0_')) + Model(gaussian, prefix='g1_'))
[[Fit Statistics]]
    # fitting method   = leastsq
    # function evals   = 16000
    # data points      = 125
    # variables        = 7
    chi-square         = 59.5466280
    reduced chi-square = 0.50463244
    Akaike info crit   = -78.6942584
    Bayesian info crit = -58.8960622
    R-squared          = 0.70417938
##  Warning: uncertainties could not be estimated:
    g0_center:     at boundary
[[Variables]]
    c:             1137.63084 (init = 851.7543)
    g0_amplitude: -1930938.80 (init = 2542.11)
    g0_center:     4865.65477 (init = 4862.68)
    g0_sigma:      2642.73029 (init = 3.136532)
    g1_amplitude:  2425.97717 (init = 2542.11)
    g1_center:     4864.97887 (init = 4862.68)
    g1_sigma:      3.15903869 (init = 3.136532)
    g0_fwhm:       6223.15413 == '2.3548200*g0_sigma'
    g0_height:    -291.491405 == '0.3989423*g0_amplitude/max(1e-15, g0_sigma)'
    g1_fwhm:       7.43896749 == '2.3548200*g1_sigma'
    g1_height:     306.366907 == '0.3989423*g1_amplitude/max(1e-15, g1_sigma)'
NonDetection when fitting set of lines [4862.68 4862.68] Angstrom, try a simpler model
[[Model]]
    (Model(constant) + Model(gaussian, prefix='g0_'))
[[Fit Statistics]]
    # fitting method   = leastsq
    # function evals   = 76
    # data points      = 125
    # variables        = 4
    chi-square         = 59.4828713
    reduced chi-square = 0.49159398
    Akaike info crit   = -84.8281680
    Bayesian info crit = -73.5149131
    R-squared          = 0.70449611
[[Variables]]
    c:             846.179445 +/- 3.68748632 (0.44%) (init = 851.7543)
    g0_amplitude:  2425.18347 +/- 178.821227 (7.37%) (init = 2542.11)
    g0_center:     4864.97898 +/- 0.25225264 (0.01%) (init = 4862.68)
    g0_sigma:      3.15813118 +/- 0.25791458 (8.17%) (init = 3.136532)
    g0_fwhm:       7.43683046 +/- 0.60734241 (8.17%) == '2.3548200*g0_sigma'
    g0_height:     306.354682 +/- 21.3496786 (6.97%) == '0.3989423*g0_amplitude/max(1e-15, g0_sigma)'
[[Correlations]] (unreported correlations are < 0.100)
    C(g0_amplitude, g0_sigma) = +0.6020
    C(c, g0_amplitude)        = -0.3463
    C(c, g0_sigma)            = -0.2085
Warning: non-constant dispersion
Warning: non-constant dispersion
Warning: non-constant dispersion
Warning: non-constant dispersion
[[Model]]
    ((Model(constant) + Model(gaussian, prefix='g0_')) + Model(gaussian, prefix='g1_'))
[[Fit Statistics]]
    # fitting method   = leastsq
    # function evals   = 64
    # data points      = 163
    # variables        = 6
    chi-square         = 272.762047
    reduced chi-square = 1.73733788
    Akaike info crit   = 95.9204833
    Bayesian info crit = 114.482985
    R-squared          = 0.97415853
[[Variables]]
    c:             127.257561 +/- 0.97888221 (0.77%) (init = 128.4056)
    g0_amplitude:  1113.02046 +/- 18.2667503 (1.64%) == 'g1_amplitude / 3.0'
    g0_center:     4962.47279 +/- 0.20058602 (0.00%) (init = 4960.3)
    g0_sigma:      3.60367546 +/- 0.16844689 (4.67%) (init = 3.136532)
    g1_amplitude:  3339.06137 +/- 54.8002511 (1.64%) (init = 3143.372)
    g1_center:     5010.52214 +/- 0.06355911 (0.00%) (init = 5008.24)
    g1_sigma:      3.47284534 +/- 0.06432058 (1.85%) (init = 3.136532)
    g0_fwhm:       8.48600705 +/- 0.39666210 (4.67%) == '2.3548200*g0_sigma'
    g0_height:     123.216129 +/- 5.63990960 (4.58%) == '0.3989423*g0_amplitude/max(1e-15, g0_sigma)'
    g1_fwhm:       8.17792566 +/- 0.15146338 (1.85%) == '2.3548200*g1_sigma'
    g1_height:     383.573897 +/- 6.10378284 (1.59%) == '0.3989423*g1_amplitude/max(1e-15, g1_sigma)'
[[Correlations]] (unreported correlations are < 0.100)
    C(g1_amplitude, g1_sigma) = +0.5908
    C(c, g1_amplitude)        = -0.3979
    C(c, g1_sigma)            = -0.2351
    C(g0_sigma, g1_amplitude) = +0.2341
    C(g0_sigma, g1_sigma)     = +0.1383
Warning: non-constant dispersion
Warning: non-constant dispersion
[[Model]]
    (((Model(constant) + Model(gaussian, prefix='g0_')) + Model(gaussian, prefix='g1_')) + Model(gaussian, prefix='g2_'))
[[Fit Statistics]]
    # fitting method   = leastsq
    # function evals   = 22000
    # data points      = 106
    # variables        = 10
    chi-square         = 6444.14977
    reduced chi-square = 67.1265601
    Akaike info crit   = 455.393823
    Bayesian info crit = 482.028213
    R-squared          = 0.26332048
##  Warning: uncertainties could not be estimated:
    g0_center:     at boundary
    g1_center:     at boundary
    g2_center:     at boundary
[[Variables]]
    c:             21.2530563 (init = 157.1611)
    g0_amplitude: -314757.993 (init = 2056.661)
    g0_center:     6567.60000 (init = 6564.6)
    g0_sigma:      954.738260 (init = 3.136532)
    g1_amplitude:  399377.278 (init = 2056.661)
    g1_center:     6561.60000 (init = 6564.6)
    g1_sigma:      551.233334 (init = 3.136532)
    g2_amplitude:  1749.42753 (init = 2056.661)
    g2_center:     6588.26990 (init = 6585.27)
    g2_sigma:      4.05508539 (init = 3.136532)
    g0_fwhm:       2248.23675 == '2.3548200*g0_sigma'
    g0_height:    -131.523249 == '0.3989423*g0_amplitude/max(1e-15, g0_sigma)'
    g1_fwhm:       1298.05528 == '2.3548200*g1_sigma'
    g1_height:     289.040013 == '0.3989423*g1_amplitude/max(1e-15, g1_sigma)'
    g2_fwhm:       9.54899618 == '2.3548200*g2_sigma'
    g2_height:     172.109974 == '0.3989423*g2_amplitude/max(1e-15, g2_sigma)'
NonDetection when fitting set of lines [6564.6  6564.6  6585.27] Angstrom, try a simpler model
[[Model]]
    ((Model(constant) + Model(gaussian, prefix='g0_')) + Model(gaussian, prefix='g1_'))
[[Fit Statistics]]
    # fitting method   = leastsq
    # function evals   = 16000
    # data points      = 106
    # variables        = 7
    chi-square         = 4152.59698
    reduced chi-square = 41.9454241
    Akaike info crit   = 402.813311
    Bayesian info crit = 421.457384
    R-squared          = 0.52528522
##  Warning: uncertainties could not be estimated:
    g0_center:     at boundary
    g1_center:     at boundary
[[Variables]]
    c:            -742.387809 (init = 157.1611)
    g0_amplitude: -279958.092 (init = 2056.661)
    g0_center:     6561.60002 (init = 6564.6)
    g0_sigma:      934.869818 (init = 3.136532)
    g1_amplitude:  396278.908 (init = 2056.661)
    g1_center:     6567.60000 (init = 6564.6)
    g1_sigma:      142.788073 (init = 3.136532)
    g0_fwhm:       2201.45014 == '2.3548200*g0_sigma'
    g0_height:    -119.468105 == '0.3989423*g0_amplitude/max(1e-15, g0_sigma)'
    g1_fwhm:       336.240211 == '2.3548200*g1_sigma'
    g1_height:     1107.18224 == '0.3989423*g1_amplitude/max(1e-15, g1_sigma)'
NonDetection when fitting set of lines [6564.6 6564.6] Angstrom, try a simpler model
[[Model]]
    ((Model(constant) + Model(gaussian, prefix='g0_')) + Model(gaussian, prefix='g1_'))
[[Fit Statistics]]
    # fitting method   = leastsq
    # function evals   = 2614
    # data points      = 106
    # variables        = 7
    chi-square         = 1308.55207
    reduced chi-square = 13.2176977
    Akaike info crit   = 280.403167
    Bayesian info crit = 299.047240
    R-squared          = 0.85040951
[[Variables]]
    c:             138.132939 +/- 4.27758697 (3.10%) (init = 157.1611)
    g0_amplitude:  7026.42262 +/- 625.465220 (8.90%) (init = 2056.661)
    g0_center:     6566.84475 +/- 1.27135070 (0.02%) (init = 6564.6)
    g0_sigma:      17.3952541 +/- 1.39437156 (8.02%) (init = 3.136532)
    g1_amplitude:  1083.34165 +/- 219.889069 (20.30%) (init = 2056.661)
    g1_center:     6588.27000 +/- 0.02146157 (0.00%) (init = 6585.27)
    g1_sigma:      2.91924175 +/- 0.51191821 (17.54%) (init = 3.136532)
    g0_fwhm:       40.9626924 +/- 3.28349404 (8.02%) == '2.3548200*g0_sigma'
    g0_height:     161.143791 +/- 8.27151903 (5.13%) == '0.3989423*g0_amplitude/max(1e-15, g0_sigma)'
    g1_fwhm:       6.87428886 +/- 1.20547525 (17.54%) == '2.3548200*g1_sigma'
    g1_height:     148.048996 +/- 20.6522248 (13.95%) == '0.3989423*g1_amplitude/max(1e-15, g1_sigma)'
[[Correlations]] (unreported correlations are < 0.100)
    C(g0_amplitude, g0_sigma)     = +0.8209
    C(g1_amplitude, g1_sigma)     = +0.7374
    C(c, g0_amplitude)            = -0.7259
    C(g0_center, g1_amplitude)    = -0.6662
    C(g0_amplitude, g1_amplitude) = -0.5799
    C(g0_sigma, g1_amplitude)     = -0.5677
    C(c, g0_sigma)                = -0.5664
    C(g0_center, g1_sigma)        = -0.4799
    C(g0_amplitude, g1_sigma)     = -0.4105
    C(g0_sigma, g1_sigma)         = -0.3923
    C(g0_amplitude, g0_center)    = +0.3880
    C(g0_center, g0_sigma)        = +0.3779
    C(c, g1_amplitude)            = +0.2079
    C(c, g0_center)               = -0.1390
    C(c, g1_sigma)                = +0.1377
Warning: non-constant dispersion
Warning: non-constant dispersion
Warning: non-constant dispersion
Warning: non-constant dispersion
[[Model]]
    ((Model(constant) + Model(gaussian, prefix='g0_')) + Model(gaussian, prefix='g1_'))
[[Fit Statistics]]
    # fitting method   = leastsq
    # function evals   = 219
    # data points      = 100
    # variables        = 7
    chi-square         = 46.8911761
    reduced chi-square = 0.50420620
    Akaike info crit   = -61.7340670
    Bayesian info crit = -43.4978757
    R-squared          = 0.83129163
[[Variables]]
    c:             643.594705 +/- 3.36829348 (0.52%) (init = 652.3418)
    g0_amplitude:  2071.69265 +/- 170.819542 (8.25%) (init = 2316.383)
    g0_center:     6721.29000 +/- 0.14463263 (0.00%) (init = 6718.29)
    g0_sigma:      3.04812619 +/- 0.28291688 (9.28%) (init = 3.136532)
    g1_amplitude:  2313.53843 +/- 209.549013 (9.06%) (init = 2316.383)
    g1_center:     6735.67000 +/- 0.84947304 (0.01%) (init = 6732.67)
    g1_sigma:      4.47945375 +/- 0.46856202 (10.46%) (init = 3.136532)
    g0_fwhm:       7.17778851 +/- 0.66621834 (9.28%) == '2.3548200*g0_sigma'
    g0_height:     271.145543 +/- 19.7899929 (7.30%) == '0.3989423*g0_amplitude/max(1e-15, g0_sigma)'
    g1_fwhm:       10.5483073 +/- 1.10337920 (10.46%) == '2.3548200*g1_sigma'
    g1_height:     206.044842 +/- 16.7215713 (8.12%) == '0.3989423*g1_amplitude/max(1e-15, g1_sigma)'
[[Correlations]] (unreported correlations are < 0.100)
    C(g1_amplitude, g1_sigma)     = +0.6628
    C(g0_amplitude, g0_sigma)     = +0.6590
    C(g0_sigma, g1_sigma)         = -0.3373
    C(c, g1_amplitude)            = -0.3367
    C(g0_center, g1_sigma)        = -0.3288
    C(g0_amplitude, g1_sigma)     = -0.3222
    C(g0_sigma, g1_center)        = +0.2695
    C(g0_center, g1_amplitude)    = -0.2640
    C(g0_sigma, g1_amplitude)     = -0.2513
    C(g0_amplitude, g1_center)    = +0.2501
    C(c, g0_amplitude)            = -0.2486
    C(g0_center, g1_center)       = +0.2036
    C(g0_amplitude, g1_amplitude) = -0.1969
    C(c, g1_sigma)                = -0.1604
    C(g0_center, g0_sigma)        = +0.1481
    C(g1_center, g1_sigma)        = -0.1473
    C(g0_amplitude, g0_center)    = +0.1372
    C(c, g0_sigma)                = -0.1150
    C(g1_amplitude, g1_center)    = -0.1076
Warning: non-constant dispersion
Matplotlib Version: 3.7.5
total 2972
-rw-r--r-- 1 root root 515677 Sep 29 13:25 linefits.sdss.sdss.fiber1.001.Ha.Ha_broad.NII1.png
-rw-r--r-- 1 root root 487822 Sep 29 13:24 linefits.sdss.sdss.fiber1.001.Hb.Hb_broad.png
-rw-r--r-- 1 root root 486264 Sep 29 13:24 linefits.sdss.sdss.fiber1.001.OII.png
-rw-r--r-- 1 root root 485159 Sep 29 13:24 linefits.sdss.sdss.fiber1.001.OIII4.OIII5.png
-rw-r--r-- 1 root root 499291 Sep 29 13:26 linefits.sdss.sdss.fiber1.001.SII1.SII2.png
-rw-r--r-- 1 root root  20160 Sep 29 13:26 linefits.sdss.sdss.fiber1.001.fits
-rw-r--r-- 1 root root 537452 Sep 29 13:26 linefits.sdss.sdss.fiber1.001.png
total 12K
-rw-r--r-- 1 root root 1.2K Sep 21 02:20 =5.2
drwxr-xr-x 1 root root 4.0K Sep 29 13:22 input
drwxrwxr-x 2 1000 1000 4.0K Sep 29 13:26 output
-rw-r--r-- 1 root root 1.2K Sep 21 02:20 /app/=5.2

/app/input:
total 128K
-rw-rw-r-- 1 1000 1000  12K Aug 28 20:16 Sky_bands.fits
-rw-rw-r-- 1 1000 1000 1.3K Sep 29 07:43 gleam.sh
-rw-rw-r-- 1 1000 1000 2.6K Sep 29 07:43 gleam_doublet_patch.py
-rw-rw-r-- 1 1000 1000 2.5K Sep 29 07:43 gleamconfig.yaml
-rw-rw-r-- 1 1000 1000 8.5K Sep 27 12:39 line_table.fits
-rw-rw-r-- 1 1000 1000  115 Sep 29 10:45 meta.dat
-rw-rw-r-- 1 1000 1000  85K Sep 29 10:45 spec1d.sdss.sdss.fiber1.1.fits

/app/output:
total 3.0M
-rw-r--r-- 1 root root 504K Sep 29 13:25 linefits.sdss.sdss.fiber1.001.Ha.Ha_broad.NII1.png
-rw-r--r-- 1 root root 477K Sep 29 13:24 linefits.sdss.sdss.fiber1.001.Hb.Hb_broad.png
-rw-r--r-- 1 root root 475K Sep 29 13:24 linefits.sdss.sdss.fiber1.001.OII.png
-rw-r--r-- 1 root root 474K Sep 29 13:24 linefits.sdss.sdss.fiber1.001.OIII4.OIII5.png
-rw-r--r-- 1 root root 488K Sep 29 13:26 linefits.sdss.sdss.fiber1.001.SII1.SII2.png
-rw-r--r-- 1 root root  20K Sep 29 13:26 linefits.sdss.sdss.fiber1.001.fits
-rw-r--r-- 1 root root 525K Sep 29 13:26 linefits.sdss.sdss.fiber1.001.png
