my_sdss.fits
[0.8268594 0.8268594 0.8268594 ... 0.8268594 0.8268594 0.8268594]
Directory  my_sdss  Created 
global my_sdss/
Directory  output/  already exists
stati 403486.011852399
1 iter stat:  9622.021958169025
2 iter stat:  5647.62506603972
3 iter stat:  1906.2828874162951
4 iter stat:  985.0046355113227
5 iter stat:  1403.7220703319108
6 iter stat:  374.43890742575604
7 iter stat:  129.89472931572527
8 iter stat:  62.92698609626677
9 iter stat:  55.48194163028529
10 iter stat:  51.77225430108956
fit ok
./output/my_sdss_model.csv
brokenpowerlaw + OIIIb5007_br + OIIIa4959_br + OIIIb5007_na + OIIIa4959_na + NII6583_na + NII6548_na + HBeta4863_br + HAlpha6565_br + HBeta4863_na + HAlpha6565_na + feii
   Param        Type          Value          Min          Max      Units
   -----        ----          -----          ---          ---      -----
   brokenpowerlaw.refer thawed         5400         5400         7000  angstroms
   brokenpowerlaw.ampl thawed      31.2924      28.5597      31.5659  angstroms
   brokenpowerlaw.index1 thawed     -1.67728           -3            0           
   brokenpowerlaw.index2 thawed            1           -1            1           
   OIIIb5007_br.ampl thawed      29.9446            0           50           
   OIIIb5007_br.pos frozen       5006.8            0  3.40282e+38  angstroms
   OIIIb5007_br.offs_kms thawed      -197.56        -1500          500       km/s
   OIIIb5007_br.fwhm thawed          700          700         6000       km/s
   OIIIa4959_br.ampl linked      9.98153 expr: OIIIb5007_br.ampl / 3.0           
   OIIIa4959_br.pos frozen       4958.9            0  3.40282e+38  angstroms
   OIIIa4959_br.offs_kms linked      -197.56 expr: OIIIb5007_br.offs_kms       km/s
   OIIIa4959_br.fwhm linked          700  expr: OIIIb5007_br.fwhm       km/s
   OIIIb5007_na.ampl thawed      2.42569            0           50           
   OIIIb5007_na.pos frozen       5006.8            0  3.40282e+38  angstroms
   OIIIb5007_na.offs_kms thawed      -480.32        -1500          500       km/s
   OIIIb5007_na.fwhm thawed      1333.79          100         1500       km/s
   OIIIa4959_na.ampl linked     0.808563 expr: OIIIb5007_na.ampl / 3.0           
   OIIIa4959_na.pos frozen       4958.9            0  3.40282e+38  angstroms
   OIIIa4959_na.offs_kms linked      -480.32 expr: OIIIb5007_na.offs_kms       km/s
   OIIIa4959_na.fwhm linked      1333.79  expr: OIIIb5007_na.fwhm       km/s
   NII6583_na.ampl thawed      15.2506            0           50           
   NII6583_na.pos frozen      6583.46            0  3.40282e+38  angstroms
   NII6583_na.offs_kms linked      -480.32 expr: OIIIb5007_na.offs_kms       km/s
   NII6583_na.fwhm linked      1333.79  expr: OIIIb5007_na.fwhm       km/s
   NII6548_na.ampl linked      5.08355 expr: NII6583_na.ampl / 3.0           
   NII6548_na.pos frozen      6548.05            0  3.40282e+38  angstroms
   NII6548_na.offs_kms linked      -480.32 expr: OIIIb5007_na.offs_kms       km/s
   NII6548_na.fwhm linked      1333.79  expr: OIIIb5007_na.fwhm       km/s
   HBeta4863_br.ampl thawed       19.014            0           50           
   HBeta4863_br.pos frozen      4862.68            0  3.40282e+38  angstroms
   HBeta4863_br.offs_kms thawed       218.29        -1500          500       km/s
   HBeta4863_br.fwhm thawed      5109.52          700         6000       km/s
   HAlpha6565_br.ampl thawed       48.468            0           50           
   HAlpha6565_br.pos frozen       6564.6            0  3.40282e+38  angstroms
   HAlpha6565_br.offs_kms thawed     -42.4193        -1500          500       km/s
   HAlpha6565_br.fwhm thawed      4435.76          700         6000       km/s
   HBeta4863_na.ampl thawed      19.0974            0           50           
   HBeta4863_na.pos frozen      4862.68            0  3.40282e+38  angstroms
   HBeta4863_na.offs_kms thawed     -248.005        -1500          500       km/s
   HBeta4863_na.fwhm thawed         1500          100         1500       km/s
   HAlpha6565_na.ampl thawed      49.1632            0           50           
   HAlpha6565_na.pos frozen       6564.6            0  3.40282e+38  angstroms
   HAlpha6565_na.offs_kms thawed     -257.875        -1500          500       km/s
   HAlpha6565_na.fwhm thawed         1500          100         1500       km/s
   feii.amp_a2D2 thawed            0            0         1000           
   feii.amp_a4G thawed      1.16679            0         1000           
   feii.amp_a4H thawed      1.53301            0         1000           
   feii.amp_a6S thawed      1.15485            0         1000           
   feii.amp_b2H thawed            0            0         1000           
   feii.amp_b4D thawed            0            0         1000           
   feii.amp_b4F thawed     0.834001            0         1000           
   feii.amp_b4P thawed            0            0         1000           
   feii.amp_e4D thawed      6.17727            0         1000           
   feii.amp_z4D thawed      1.45334            0         1000           
   feii.amp_z4F thawed      6.71219            0         1000           
   feii.amp_z4P thawed            0            0         1000           
   feii.amp_y4G thawed            0            0         1000           
   feii.amp_b4G thawed            0            0         1000           
   feii.amp_x4D thawed     0.869608            0         1000           
   feii.amp_y4P thawed            0            0         1000           
   feii.offs_kms thawed          800         -800          800           
   feii.fwhm    thawed      4003.19          300         6000           
mcmc ok
