my_sdss.fits
Host contribution is negliglable
[0.7885094 0.7885094 0.7885094 ... 0.7885094 0.7885094 0.7885094]
Directory  my_sdss  Created 
global my_sdss/
Directory  output/  already exists
stati 357528.16218809807
1 iter stat:  0.39427085578790866
2 iter stat:  0.20519082721148152
3 iter stat:  0.14030274170363555
4 iter stat:  0.09099150300608017
5 iter stat:  0.06932275227882201
6 iter stat:  0.05915275219740579
7 iter stat:  0.05451239434478339
8 iter stat:  0.05107946621137671
9 iter stat:  0.048297007342625875
10 iter stat:  0.04540550035017077
fit ok
./output/my_sdss_model.csv
brokenpowerlaw + OIIIb5007_na + OIIIa4959_na + NII6583_na + NII6548_na + HBeta4863_br + HAlpha6565_br + HBeta4863_na + HAlpha6565_na
   Param        Type          Value          Min          Max      Units
   -----        ----          -----          ---          ---      -----
   brokenpowerlaw.refer thawed      5593.45         5400         7000  angstroms
   brokenpowerlaw.ampl thawed      22.5693      20.4199      22.5693  angstroms
   brokenpowerlaw.index1 thawed     -1.59486           -3            0           
   brokenpowerlaw.index2 thawed      0.66113           -1            1           
   OIIIb5007_na.ampl thawed      24.5933            0          200           
   OIIIb5007_na.pos frozen      5006.84            0  3.40282e+38  angstroms
   OIIIb5007_na.offs_kms thawed     -112.005        -1500          500       km/s
   OIIIb5007_na.fwhm thawed      797.535          100         2000       km/s
   OIIIa4959_na.ampl linked      8.19775 expr: OIIIb5007_na.ampl / 3.0           
   OIIIa4959_na.pos frozen       4958.9            0  3.40282e+38  angstroms
   OIIIa4959_na.offs_kms linked     -112.005 expr: OIIIb5007_na.offs_kms       km/s
   OIIIa4959_na.fwhm linked      797.535  expr: OIIIb5007_na.fwhm       km/s
   NII6583_na.ampl thawed            0            0          200           
   NII6583_na.pos frozen      6583.46            0  3.40282e+38  angstroms
   NII6583_na.offs_kms linked     -112.005 expr: OIIIb5007_na.offs_kms       km/s
   NII6583_na.fwhm linked      797.535  expr: OIIIb5007_na.fwhm       km/s
   NII6548_na.ampl linked            0 expr: NII6583_na.ampl / 3.0           
   NII6548_na.pos frozen      6548.05            0  3.40282e+38  angstroms
   NII6548_na.offs_kms linked     -112.005 expr: OIIIb5007_na.offs_kms       km/s
   NII6548_na.fwhm linked      797.535  expr: OIIIb5007_na.fwhm       km/s
   HBeta4863_br.ampl thawed      11.1074            0          200           
   HBeta4863_br.pos frozen      4861.33            0  3.40282e+38  angstroms
   HBeta4863_br.offs_kms thawed     -39.7235        -1500          500       km/s
   HBeta4863_br.fwhm thawed       5760.8          700         6000       km/s
   HAlpha6565_br.ampl thawed      27.5609            0          200           
   HAlpha6565_br.pos frozen      6562.82            0  3.40282e+38  angstroms
   HAlpha6565_br.offs_kms linked     -39.7235 expr: HBeta4863_br.offs_kms       km/s
   HAlpha6565_br.fwhm linked       5760.8  expr: HBeta4863_br.fwhm       km/s
   HBeta4863_na.ampl thawed      16.5051            0          200           
   HBeta4863_na.pos frozen      4861.33            0  3.40282e+38  angstroms
   HBeta4863_na.offs_kms thawed     -196.433        -1500          500       km/s
   HBeta4863_na.fwhm thawed      1929.79          100         2000       km/s
   HAlpha6565_na.ampl thawed       60.479            0          200           
   HAlpha6565_na.pos frozen      6562.82            0  3.40282e+38  angstroms
   HAlpha6565_na.offs_kms linked     -196.433 expr: HBeta4863_na.offs_kms       km/s
   HAlpha6565_na.fwhm linked      1929.79  expr: HBeta4863_na.fwhm       km/s
skipping monte_carlo (FANTASY_MC=0)
