<IPython.core.display.HTML object>
/app/BADASS3/example_spectra/2-onur
/app/BADASS3/example_spectra/2-onur/my_sdss.fits
0.17511339485645294
Start process memory: 0.22349414                    
 Folder has not been created.  Creating MCMC_output folder...

 > Starting fit for 2-onur

 Input fitting region exceeds available wavelength range.  BADASS will adjust your fitting range automatically...
		- Input fitting range: (2900, 8000)
		- Available wavelength range: (3035, 8849)
		- New fitting region is (3035, 8000). 


 Input spectrum is not linearly binned. BADASS will linearly rebin and conserve flux...


-----------------------------------------------------------
 file:                        my_sdss.fits                  
 redshift:                    0.17511                       
 fitting region:              (3035,8000) [A]               
 velocity scale:              69.03 [km/s/pixel]            
 Galactic E(B-V):             0.000                         
 Flux Normalization:          1e-17                         
 Fit Normalization:           132.18542                     
-----------------------------------------------------------

 Initializing parameters...
----------------------------------------------------------------------------------------------------
	- Fitting additive legendre polynomial component.
	- Fitting Simple AGN power-law continuum.
	- Fitting broad and narrow optical FeII using Veron-Cetty et al. (2004) optical FeII templates
	 		* varying optical FeII amplitudes
	 		* varying optical FeII dispersion.
	 		* varying optical FeII voff

 Warning! Peak finding algorithm used for initial guesses of amplitude and velocity failed! Defaulting to user-defined locations...

 Warning! Peak finding algorithm used for initial guesses of amplitude and velocity failed! Defaulting to user-defined locations...

----------------------------------------------------------------------------------------------------------------------------------------

----------------------------------------------------------------------------------------------------------------------------------------

 Line List:

----------------------------------------------------------------------------------------------------------------------------------------
BR_H_ALPHA                                                                                
                              amp                           free                          
                              center                        6551                          
                              center_pix                    3341.1222800525684            
                              disp                          free                          
                              disp_res_ang                  2.168290397634345             
                              disp_res_kms                  99.22715737514847             
                              line_profile                  gaussian                      
                              line_type                     br                            
                              ncomp                         1                             
                              voff                          free                          
BR_H_BETA                                                                                 
                              amp                           free                          
                              center                        4834                          
                              center_pix                    2021.170698569109             
                              disp                          free                          
                              disp_res_ang                  2.168290397634345             
                              disp_res_kms                  134.47188828394656            
                              line_profile                  gaussian                      
                              line_type                     br                            
                              ncomp                         1                             
                              voff                          free                          
BR_OII                                                                                    
                              amp                           free                          
                              center                        3784                          
                              center_pix                    957.6622019261549             
                              disp                          free                          
                              disp_res_ang                  2.168290397634345             
                              disp_res_kms                  171.78570506463996            
                              line_profile                  gaussian                      
                              line_type                     br                            
                              ncomp                         1                             
                              voff                          free                          
BR_OIII_a                                                                                 
                              amp                           free                          
                              center                        4931                          
                              center_pix                    2107.4504626141634            
                              disp                          free                          
                              disp_res_ang                  2.168290397634345             
                              disp_res_kms                  131.8266290741427             
                              line_profile                  gaussian                      
                              line_type                     br                            
                              ncomp                         1                             
                              voff                          free                          
BR_OIII_b                                                                                 
                              amp                           free                          
                              center                        5007                          
                              center_pix                    2173.873450586432             
                              disp                          free                          
                              disp_res_ang                  2.168290397634345             
                              disp_res_kms                  129.82566566099413            
                              line_profile                  gaussian                      
                              line_type                     br                            
                              ncomp                         1                             
                              voff                          free                          
NA_H_ALPHA                                                                                
                              amp                           free                          
                              center                        6551                          
                              center_pix                    3341.1222800525684            
                              disp                          free                          
                              disp_res_ang                  2.168290397634345             
                              disp_res_kms                  99.22715737514847             
                              label                         [H$\alpha$]                   
                              line_profile                  gaussian                      
                              line_type                     na                            
                              ncomp                         1                             
                              voff                          free                          
NA_H_BETA                                                                                 
                              amp                           free                          
                              center                        4834                          
                              center_pix                    2021.170698569109             
                              disp                          free                          
                              disp_res_ang                  2.168290397634345             
                              disp_res_kms                  134.47188828394656            
                              label                         H$\beta$                      
                              line_profile                  gaussian                      
                              line_type                     na                            
                              ncomp                         1                             
                              voff                          free                          
NA_OII                                                                                    
                              amp                           free                          
                              center                        3784                          
                              center_pix                    957.6622019261549             
                              disp                          free                          
                              disp_res_ang                  2.168290397634345             
                              disp_res_kms                  171.78570506463996            
                              label                         [OII]                         
                              line_profile                  gaussian                      
                              line_type                     na                            
                              ncomp                         1                             
                              voff                          free                          
NA_OIII_a                                                                                 
                              amp                           free                          
                              center                        4931                          
                              center_pix                    2107.4504626141634            
                              disp                          free                          
                              disp_res_ang                  2.168290397634345             
                              disp_res_kms                  131.8266290741427             
                              label                         [OIIIa]                       
                              line_profile                  gaussian                      
                              line_type                     na                            
                              ncomp                         1                             
                              voff                          free                          
NA_OIII_b                                                                                 
                              amp                           free                          
                              center                        5007                          
                              center_pix                    2173.873450586432             
                              disp                          free                          
                              disp_res_ang                  2.168290397634345             
                              disp_res_kms                  129.82566566099413            
                              label                         [OIIIb]                       
                              line_profile                  gaussian                      
                              line_type                     na                            
                              ncomp                         1                             
                              voff                          free                          

----------------------------------------------------------------------------------------------------------------------------------------

 Number of Free Line Parameters: 30

----------------------------------------------------------------------------------------------------------------------------------------

 All Free Parameters:

----------------------------------------------------------------------------------------------------------------------------------------
APOLY_COEFF_1                                                                             
                              init                          0.0                           
                              plim                          (-100.0, 100.0)               
APOLY_COEFF_2                                                                             
                              init                          0.0                           
                              plim                          (-100.0, 100.0)               
APOLY_COEFF_3                                                                             
                              init                          0.0                           
                              plim                          (-100.0, 100.0)               
APOLY_COEFF_4                                                                             
                              init                          0.0                           
                              plim                          (-100.0, 100.0)               
APOLY_COEFF_5                                                                             
                              init                          0.0                           
                              plim                          (-100.0, 100.0)               
APOLY_COEFF_6                                                                             
                              init                          0.0                           
                              plim                          (-100.0, 100.0)               
APOLY_COEFF_7                                                                             
                              init                          0.0                           
                              plim                          (-100.0, 100.0)               
BR_H_ALPHA_AMP                                                                            
                              init                          0.7343669129777035            
                              plim                          (0, 50)                       
BR_H_ALPHA_DISP                                                                           
                              init                          3300.0                        
                              plim                          (600, 6000)                   
BR_H_ALPHA_VOFF                                                                           
                              init                          0.0                           
                              plim                          (-1500, 1500)                 
                              prior                         {'type': 'gaussian'}          
BR_H_BETA_AMP                                                                             
                              init                          0.34428629222448504           
                              plim                          (0, 50)                       
BR_H_BETA_DISP                                                                            
                              init                          3300.0                        
                              plim                          (600, 6000)                   
BR_H_BETA_VOFF                                                                            
                              init                          0.0                           
                              plim                          (-1500, 1500)                 
                              prior                         {'type': 'gaussian'}          
BR_OIII_a_AMP                                                                             
                              init                          0.28258921822184274           
                              plim                          (0, 50)                       
BR_OIII_a_DISP                                                                            
                              init                          3300.0                        
                              plim                          (600, 6000)                   
BR_OIII_a_VOFF                                                                            
                              init                          0.0                           
                              plim                          (-1500, 1500)                 
                              prior                         {'type': 'gaussian'}          
BR_OIII_b_AMP                                                                             
                              init                          0.5056928864012767            
                              plim                          (0, 50)                       
BR_OIII_b_DISP                                                                            
                              init                          3300.0                        
                              plim                          (600, 6000)                   
BR_OIII_b_VOFF                                                                            
                              init                          0.0                           
                              plim                          (-1500, 1500)                 
                              prior                         {'type': 'gaussian'}          
BR_OII_AMP                                                                                
                              init                          0.35750526801790355           
                              plim                          (0, 50)                       
BR_OII_DISP                                                                               
                              init                          3300.0                        
                              plim                          (600, 6000)                   
BR_OII_VOFF                                                                               
                              init                          0.0                           
                              plim                          (-1500, 1500)                 
                              prior                         {'type': 'gaussian'}          
BR_OPT_FEII_AMP                                                                           
                              init                          0.026222564774247538          
                              plim                          (0, 1.5000000253431303)       
BR_OPT_FEII_DISP                                                                          
                              init                          500.0                         
                              plim                          (500.0, 5000.0)               
BR_OPT_FEII_VOFF                                                                          
                              init                          0.0                           
                              plim                          (-500.0, 500.0)               
NA_H_ALPHA_AMP                                                                            
                              init                          0.7343669129777035            
                              plim                          (0, 50)                       
NA_H_ALPHA_DISP                                                                           
                              init                          1300.0                        
                              plim                          (100, 2500)                   
NA_H_ALPHA_VOFF                                                                           
                              init                          0.0                           
                              plim                          (-1000, 1000)                 
                              prior                         {'type': 'gaussian'}          
NA_H_BETA_AMP                                                                             
                              init                          0.34428629222448504           
                              plim                          (0, 50)                       
NA_H_BETA_DISP                                                                            
                              init                          1300.0                        
                              plim                          (100, 2500)                   
NA_H_BETA_VOFF                                                                            
                              init                          0.0                           
                              plim                          (-1000, 1000)                 
                              prior                         {'type': 'gaussian'}          
NA_OIII_a_AMP                                                                             
                              init                          0.28258921822184274           
                              plim                          (0, 50)                       
NA_OIII_a_DISP                                                                            
                              init                          1300.0                        
                              plim                          (100, 2500)                   
NA_OIII_a_VOFF                                                                            
                              init                          0.0                           
                              plim                          (-1000, 1000)                 
                              prior                         {'type': 'gaussian'}          
NA_OIII_b_AMP                                                                             
                              init                          0.5056928864012767            
                              plim                          (0, 50)                       
NA_OIII_b_DISP                                                                            
                              init                          1300.0                        
                              plim                          (100, 2500)                   
NA_OIII_b_VOFF                                                                            
                              init                          0.0                           
                              plim                          (-1000, 1000)                 
                              prior                         {'type': 'gaussian'}          
NA_OII_AMP                                                                                
                              init                          0.35750526801790355           
                              plim                          (0, 50)                       
NA_OII_DISP                                                                               
                              init                          1300.0                        
                              plim                          (100, 2500)                   
NA_OII_VOFF                                                                               
                              init                          0.0                           
                              plim                          (-1000, 1000)                 
                              prior                         {'type': 'gaussian'}          
NA_OPT_FEII_AMP                                                                           
                              init                          0.026222564774247538          
                              plim                          (0, 1.5000000253431303)       
NA_OPT_FEII_DISP                                                                          
                              init                          10.0                          
                              plim                          (0.1, 500.0)                  
NA_OPT_FEII_VOFF                                                                          
                              init                          0.0                           
                              plim                          (-500.0, 500.0)               
POWER_AMP                                                                                 
                              init                          0.13111282387123768           
                              plim                          (0, 1.5000000253431303)       
POWER_SLOPE                                                                               
                              init                          -1.0                          
                              plim                          (-6.0, 6.0)                   

----------------------------------------------------------------------------------------------------------------------------------------

 Total number of free parameters: 45

----------------------------------------------------------------------------------------------------------------------------------------

 Soft Constraints:

                 NA_OIII_b_AMP > NA_OIII_a_AMP

----------------------------------------------------------------------------------------------------------------------------------------

----------------------------------------------------------------------------------------------------------------------------------------

 Required Maximum Likelihood RMSE threshold: 0.5366 


 Performing max. likelihood fitting.

 Using Basin-hopping algorithm to estimate parameters. niter_success = 5
basinhopping step 0: f 3.32934
 Fit Status: False
 Force threshold: 0.5366
 Lowest RMSE: 0.1072
 Current RMSE: 0.1072
 Accepted count: 1
 Basinhop count: 0


adaptive stepsize: acceptance rate 0.000000 target 0.500000 new stepsize 0.9 old stepsize 1
basinhopping step 1: f 2.45023 trial_f 2.45023 accepted 1  lowest_f 2.45023
found new global minimum on step 1 with function value 2.45023
 Fit Status: False
 Force threshold: 0.5366
 Lowest RMSE: 0.0920
 Current RMSE: 0.0920
 Accepted count: 2
 Basinhop count: 0


adaptive stepsize: acceptance rate 0.500000 target 0.500000 new stepsize 0.81 old stepsize 0.9
warning: basinhopping: local minimization failure
basinhopping step 2: f 1.7245 trial_f 1.7245 accepted 1  lowest_f 1.7245
found new global minimum on step 2 with function value 1.7245
 Fit Status: False
 Force threshold: 0.5366
 Lowest RMSE: 0.0772
 Current RMSE: 0.0772
 Accepted count: 3
 Basinhop count: 0


adaptive stepsize: acceptance rate 0.666667 target 0.500000 new stepsize 0.9 old stepsize 0.81
basinhopping step 3: f 1.96966 trial_f 1.96966 accepted 1  lowest_f 1.7245
 Fit Status: False
 Force threshold: 0.5366
 Lowest RMSE: 0.0772
 Current RMSE: 0.0825
 Accepted count: 4
 Basinhop count: 1


adaptive stepsize: acceptance rate 0.750000 target 0.500000 new stepsize 1 old stepsize 0.9
basinhopping step 4: f 1.96966 trial_f 2.15843 accepted 0  lowest_f 1.7245
 Fit Status: False
 Force threshold: 0.5366
 Lowest RMSE: 0.0772
 Current RMSE: 0.0863
 Accepted count: 4
 Basinhop count: 2


adaptive stepsize: acceptance rate 0.600000 target 0.500000 new stepsize 1.11111 old stepsize 1
basinhopping step 5: f 2.06963 trial_f 2.06963 accepted 1  lowest_f 1.7245
 Fit Status: False
 Force threshold: 0.5366
 Lowest RMSE: 0.0772
 Current RMSE: 0.0846
 Accepted count: 5
 Basinhop count: 3


adaptive stepsize: acceptance rate 0.666667 target 0.500000 new stepsize 1.23457 old stepsize 1.11111
basinhopping step 6: f 2.06963 trial_f 3.32705 accepted 0  lowest_f 1.7245
 Fit Status: False
 Force threshold: 0.5366
 Lowest RMSE: 0.0772
 Current RMSE: 0.1072
 Accepted count: 5
 Basinhop count: 4


adaptive stepsize: acceptance rate 0.571429 target 0.500000 new stepsize 1.37174 old stepsize 1.23457
basinhopping step 7: f 2.06963 trial_f 2.98549 accepted 0  lowest_f 1.7245
 Fit Status: True
 Force threshold: 0.5366
 Lowest RMSE: 0.0772
 Current RMSE: 0.1016
 Accepted count: 5
 Basinhop count: 5



 Maximum Likelihood Best-fit Parameters:
--------------------------------------------------------------------------------------

Parameter                     Best-fit Value                +/- 1-sigma                   Flag                          
--------------------------------------------------------------------------------------
AGN_FRAC_4000                 1.000000                      0.000000                      1.0                           
AGN_FRAC_7000                 1.000000                      0.000000                      1.0                           
APOLY_COEFF_1                 -0.177004                     0.000000                      1.0                           
APOLY_COEFF_2                 0.113990                      0.000000                      1.0                           
APOLY_COEFF_3                 -0.049177                     0.000000                      1.0                           
APOLY_COEFF_4                 0.010436                      0.000000                      1.0                           
APOLY_COEFF_5                 0.001167                      0.000000                      1.0                           
APOLY_COEFF_6                 -0.012704                     0.000000                      1.0                           
APOLY_COEFF_7                 0.018975                      0.000000                      1.0                           
BR_H_ALPHA_AMP                12.275096                     0.000000                      1.0                           
BR_H_ALPHA_DISP               3286.799862                   0.000000                      1.0                           
BR_H_ALPHA_DISP_CORR          3285.301707                   0.000000                      1.0                           
BR_H_ALPHA_DISP_RES           99.227157                     nan                           nan                           
BR_H_ALPHA_EW                 108.127794                    0.000000                      0.0                           
BR_H_ALPHA_FLUX               -13.585376                    0.000000                      0.0                           
BR_H_ALPHA_FWHM               7740.169943                   0.000000                      0.0                           
BR_H_ALPHA_FWHM_CORR          7736.642276                   0.000000                      0.0                           
BR_H_ALPHA_LUM                42.346878                     0.000000                      0.0                           
BR_H_ALPHA_NPIX               210.000000                    0.000000                      0.0                           
BR_H_ALPHA_SNR                8.200793                      0.000000                      0.0                           
BR_H_ALPHA_VOFF               99.591018                     0.000000                      1.0                           
BR_H_ALPHA_W80                8623.908975                   0.000000                      0.0                           
BR_H_ALPHA_W80_CORR           8620.146501                   0.000000                      0.0                           
BR_H_BETA_AMP                 0.000000                      0.000000                      2.0                           
BR_H_BETA_DISP                3294.137634                   0.000000                      1.0                           
BR_H_BETA_DISP_CORR           3291.391813                   0.000000                      1.0                           
BR_H_BETA_DISP_RES            134.471888                    nan                           nan                           
BR_H_BETA_EW                  0.000000                      0.000000                      1.0                           
BR_H_BETA_FLUX                0.000000                      0.000000                      0.0                           
BR_H_BETA_FWHM                0.000000                      0.000000                      0.0                           
BR_H_BETA_FWHM_CORR           0.000000                      0.000000                      0.0                           
BR_H_BETA_LUM                 0.000000                      0.000000                      1.0                           
BR_H_BETA_NPIX                0.000000                      0.000000                      0.0                           
BR_H_BETA_SNR                 0.000000                      0.000000                      0.0                           
BR_H_BETA_VOFF                42.502419                     0.000000                      1.0                           
BR_H_BETA_W80                 0.000000                      0.000000                      0.0                           
BR_H_BETA_W80_CORR            0.000000                      0.000000                      0.0                           
BR_OIII_a_AMP                 5.354425                      0.000000                      1.0                           
BR_OIII_a_DISP                3366.404442                   0.000000                      1.0                           
BR_OIII_a_DISP_CORR           3363.822321                   0.000000                      1.0                           
BR_OIII_a_DISP_RES            131.826629                    nan                           nan                           
BR_OIII_a_EW                  28.471778                     0.000000                      0.0                           
BR_OIII_a_FLUX                -14.059062                    0.000000                      0.0                           
BR_OIII_a_FWHM                7927.392340                   0.000000                      0.0                           
BR_OIII_a_FWHM_CORR           7921.312102                   0.000000                      0.0                           
BR_OIII_a_LUM                 41.873192                     0.000000                      0.0                           
BR_OIII_a_NPIX                136.000000                    0.000000                      0.0                           
BR_OIII_a_SNR                 3.577352                      0.000000                      0.0                           
BR_OIII_a_VOFF                -172.864425                   0.000000                      1.0                           
BR_OIII_a_W80                 8824.848154                   0.000000                      0.0                           
BR_OIII_a_W80_CORR            8818.357619                   0.000000                      0.0                           
BR_OIII_b_AMP                 0.000000                      0.000000                      2.0                           
BR_OIII_b_DISP                3299.106024                   0.000000                      1.0                           
BR_OIII_b_DISP_CORR           3296.550599                   0.000000                      1.0                           
BR_OIII_b_DISP_RES            129.825666                    nan                           nan                           
BR_OIII_b_EW                  0.000000                      0.000000                      1.0                           
BR_OIII_b_FLUX                0.000000                      0.000000                      0.0                           
BR_OIII_b_FWHM                0.000000                      0.000000                      0.0                           
BR_OIII_b_FWHM_CORR           0.000000                      0.000000                      0.0                           
BR_OIII_b_LUM                 0.000000                      0.000000                      1.0                           
BR_OIII_b_NPIX                0.000000                      0.000000                      0.0                           
BR_OIII_b_SNR                 0.000000                      0.000000                      0.0                           
BR_OIII_b_VOFF                -5.346198                     0.000000                      1.0                           
BR_OIII_b_W80                 0.000000                      0.000000                      0.0                           
BR_OIII_b_W80_CORR            0.000000                      0.000000                      0.0                           
BR_OII_AMP                    0.421772                      0.000000                      1.0                           
BR_OII_DISP                   3306.380760                   0.000000                      1.0                           
BR_OII_DISP_CORR              3301.915111                   0.000000                      1.0                           
BR_OII_DISP_RES               171.785705                    nan                           nan                           
BR_OII_EW                     1.111128                      0.000000                      0.0                           
BR_OII_FLUX                   -15.285276                    0.000000                      0.0                           
BR_OII_FWHM                   7786.168762                   0.000000                      0.0                           
BR_OII_FWHM_CORR              7775.653462                   0.000000                      0.0                           
BR_OII_LUM                    40.646978                     0.000000                      0.0                           
BR_OII_NPIX                   0.000000                      0.000000                      0.0                           
BR_OII_SNR                    0.281781                      0.000000                      0.0                           
BR_OII_VOFF                   -4.435603                     0.000000                      1.0                           
BR_OII_W80                    8671.613537                   0.000000                      0.0                           
BR_OII_W80_CORR               8660.393949                   0.000000                      0.0                           
BR_OPT_FEII_AMP               55.927490                     0.000000                      1.0                           
BR_OPT_FEII_DISP              704.035234                    0.000000                      1.0                           
BR_OPT_FEII_TEMPLATE_EW       73.028892                     0.000000                      1.0                           
BR_OPT_FEII_TEMPLATE_FLUX     -13.650361                    0.000000                      1.0                           
BR_OPT_FEII_TEMPLATE_LUM      42.281893                     0.000000                      1.0                           
BR_OPT_FEII_VOFF              -85.341426                    0.000000                      1.0                           
HOST_FRAC_4000                0.068788                      0.000000                      1.0                           
HOST_FRAC_7000                -0.516180                     0.000000                      1.0                           
H_ALPHA_COMP_DISP             2100.998024                   0.000000                      0.0                           
H_ALPHA_COMP_DISP_CORR        2098.653537                   0.000000                      0.0                           
H_ALPHA_COMP_DISP_RES         99.227157                     nan                           nan                           
H_ALPHA_COMP_EW               315.183646                    0.000000                      1.0                           
H_ALPHA_COMP_FLUX             -13.120805                    0.000000                      1.0                           
H_ALPHA_COMP_FWHM             2595.428622                   0.000000                      0.0                           
H_ALPHA_COMP_FWHM_CORR        2584.889298                   0.000000                      0.0                           
H_ALPHA_COMP_LUM              42.811449                     0.000000                      1.0                           
H_ALPHA_COMP_NPIX             210.000000                    0.000000                      0.0                           
H_ALPHA_COMP_SNR              47.376895                     0.000000                      0.0                           
H_ALPHA_COMP_VOFF             392.116428                    0.000000                      0.0                           
H_ALPHA_COMP_W80              4465.208355                   0.000000                      0.0                           
H_ALPHA_COMP_W80_CORR         4457.937343                   0.000000                      0.0                           
H_BETA_COMP_DISP              1804.900937                   0.000000                      0.0                           
H_BETA_COMP_DISP_CORR         1799.884636                   0.000000                      0.0                           
H_BETA_COMP_DISP_RES          134.471888                    nan                           nan                           
H_BETA_COMP_EW                59.477201                     0.000000                      1.0                           
H_BETA_COMP_FLUX              -13.728658                    0.000000                      1.0                           
H_BETA_COMP_FWHM              4250.692344                   0.000000                      0.0                           
H_BETA_COMP_FWHM_CORR         4238.881384                   0.000000                      0.0                           
H_BETA_COMP_LUM               42.203595                     0.000000                      1.0                           
H_BETA_COMP_NPIX              120.000000                    0.000000                      0.0                           
H_BETA_COMP_SNR               12.286606                     0.000000                      0.0                           
H_BETA_COMP_VOFF              999.999737                    0.000000                      0.0                           
H_BETA_COMP_W80               4749.610070                   0.000000                      0.0                           
H_BETA_COMP_W80_CORR          4737.049730                   0.000000                      0.0                           
LOG_LIKE                      1.724501                      0.000000                      0.0                           
L_CONT_AGN_5100               44.104202                     0.000000                      1.0                           
L_CONT_HOST_5100              0.000000                      0.000000                      1.0                           
L_CONT_TOT_5100               44.104202                     0.000000                      1.0                           
NA_H_ALPHA_AMP                76.961698                     0.000000                      1.0                           
NA_H_ALPHA_DISP               1002.228358                   0.000000                      1.0                           
NA_H_ALPHA_DISP_CORR          997.304193                    0.000000                      1.0                           
NA_H_ALPHA_DISP_RES           99.227157                     nan                           nan                           
NA_H_ALPHA_EW                 207.055853                    0.000000                      0.0                           
NA_H_ALPHA_FLUX               -13.303310                    0.000000                      0.0                           
NA_H_ALPHA_FWHM               2360.214076                   0.000000                      0.0                           
NA_H_ALPHA_FWHM_CORR          2348.619475                   0.000000                      0.0                           
NA_H_ALPHA_LUM                42.628944                     0.000000                      0.0                           
NA_H_ALPHA_NPIX               83.000000                     0.000000                      0.0                           
NA_H_ALPHA_SNR                51.418968                     0.000000                      0.0                           
NA_H_ALPHA_VOFF               545.126530                    0.000000                      1.0                           
NA_H_ALPHA_W80                2632.674677                   0.000000                      0.0                           
NA_H_ALPHA_W80_CORR           2620.323579                   0.000000                      0.0                           
NA_H_BETA_AMP                 21.715563                     0.000000                      1.0                           
NA_H_BETA_DISP                1804.922937                   0.000000                      1.0                           
NA_H_BETA_DISP_CORR           1799.906697                   0.000000                      1.0                           
NA_H_BETA_DISP_RES            134.471888                    nan                           nan                           
NA_H_BETA_EW                  59.477201                     0.000000                      0.0                           
NA_H_BETA_FLUX                -13.728658                    0.000000                      0.0                           
NA_H_BETA_FWHM                4250.692344                   0.000000                      0.0                           
NA_H_BETA_FWHM_CORR           4238.881384                   0.000000                      0.0                           
NA_H_BETA_LUM                 42.203595                     0.000000                      0.0                           
NA_H_BETA_NPIX                120.000000                    0.000000                      0.0                           
NA_H_BETA_SNR                 14.507170                     0.000000                      0.0                           
NA_H_BETA_VOFF                1000.000000                   0.000000                      2.0                           
NA_H_BETA_W80                 4749.610070                   0.000000                      0.0                           
NA_H_BETA_W80_CORR            4737.049730                   0.000000                      0.0                           
NA_OIII_a_AMP                 0.000000                      0.000000                      2.0                           
NA_OIII_a_DISP                1300.608770                   0.000000                      1.0                           
NA_OIII_a_DISP_CORR           1293.910705                   0.000000                      1.0                           
NA_OIII_a_DISP_RES            131.826629                    nan                           nan                           
NA_OIII_a_EW                  0.000000                      0.000000                      1.0                           
NA_OIII_a_FLUX                0.000000                      0.000000                      0.0                           
NA_OIII_a_FWHM                0.000000                      0.000000                      0.0                           
NA_OIII_a_FWHM_CORR           0.000000                      0.000000                      0.0                           
NA_OIII_a_LUM                 0.000000                      0.000000                      1.0                           
NA_OIII_a_NPIX                0.000000                      0.000000                      0.0                           
NA_OIII_a_SNR                 0.000000                      0.000000                      0.0                           
NA_OIII_a_VOFF                -0.517069                     0.000000                      1.0                           
NA_OIII_a_W80                 0.000000                      0.000000                      0.0                           
NA_OIII_a_W80_CORR            0.000000                      0.000000                      0.0                           
NA_OIII_b_AMP                 8.121548                      0.000000                      1.0                           
NA_OIII_b_DISP                1144.371399                   0.000000                      1.0                           
NA_OIII_b_DISP_CORR           1136.983375                   0.000000                      1.0                           
NA_OIII_b_DISP_RES            129.825666                    nan                           nan                           
NA_OIII_b_EW                  15.270243                     0.000000                      0.0                           
NA_OIII_b_FLUX                -14.339857                    0.000000                      0.0                           
NA_OIII_b_FWHM                2695.132028                   0.000000                      0.0                           
NA_OIII_b_FWHM_CORR           2677.737089                   0.000000                      0.0                           
NA_OIII_b_LUM                 41.592397                     0.000000                      0.0                           
NA_OIII_b_NPIX                63.000000                     0.000000                      0.0                           
NA_OIII_b_SNR                 5.426084                      0.000000                      0.0                           
NA_OIII_b_VOFF                5.897096                      0.000000                      1.0                           
NA_OIII_b_W80                 3001.534702                   0.000000                      0.0                           
NA_OIII_b_W80_CORR            2982.976145                   0.000000                      0.0                           
NA_OII_AMP                    0.000000                      0.000000                      2.0                           
NA_OII_DISP                   1298.469115                   0.000000                      1.0                           
NA_OII_DISP_CORR              1287.055443                   0.000000                      1.0                           
NA_OII_DISP_RES               171.785705                    nan                           nan                           
NA_OII_EW                     0.000000                      0.000000                      1.0                           
NA_OII_FLUX                   0.000000                      0.000000                      0.0                           
NA_OII_FWHM                   0.000000                      0.000000                      0.0                           
NA_OII_FWHM_CORR              0.000000                      0.000000                      0.0                           
NA_OII_LUM                    0.000000                      0.000000                      1.0                           
NA_OII_NPIX                   0.000000                      0.000000                      0.0                           
NA_OII_SNR                    0.000000                      0.000000                      0.0                           
NA_OII_VOFF                   -0.417561                     0.000000                      1.0                           
NA_OII_W80                    0.000000                      0.000000                      0.0                           
NA_OII_W80_CORR               0.000000                      0.000000                      0.0                           
NA_OPT_FEII_AMP               1.494250                      0.000000                      1.0                           
NA_OPT_FEII_DISP              9.578406                      0.000000                      1.0                           
NA_OPT_FEII_TEMPLATE_EW       2.570304                      0.000000                      1.0                           
NA_OPT_FEII_TEMPLATE_FLUX     -15.070684                    0.000000                      1.0                           
NA_OPT_FEII_TEMPLATE_LUM      40.861570                     0.000000                      1.0                           
NA_OPT_FEII_VOFF              -0.566336                     0.000000                      1.0                           
OIII_a_COMP_DISP              3366.249965                   0.000000                      0.0                           
OIII_a_COMP_DISP_CORR         3363.667726                   0.000000                      0.0                           
OIII_a_COMP_DISP_RES          131.826629                    nan                           nan                           
OIII_a_COMP_EW                28.471778                     0.000000                      1.0                           
OIII_a_COMP_FLUX              -14.059062                    0.000000                      1.0                           
OIII_a_COMP_FWHM              7927.392340                   0.000000                      0.0                           
OIII_a_COMP_FWHM_CORR         7921.312102                   0.000000                      0.0                           
OIII_a_COMP_LUM               41.873192                     0.000000                      1.0                           
OIII_a_COMP_NPIX              136.000000                    0.000000                      0.0                           
OIII_a_COMP_SNR               3.393817                      0.000000                      0.0                           
OIII_a_COMP_VOFF              -172.864085                   0.000000                      0.0                           
OIII_a_COMP_W80               8824.848154                   0.000000                      0.0                           
OIII_a_COMP_W80_CORR          8818.357619                   0.000000                      0.0                           
OIII_b_COMP_DISP              1144.333206                   0.000000                      0.0                           
OIII_b_COMP_DISP_CORR         1136.944934                   0.000000                      0.0                           
OIII_b_COMP_DISP_RES          129.825666                    nan                           nan                           
OIII_b_COMP_EW                15.270243                     0.000000                      1.0                           
OIII_b_COMP_FLUX              -14.339857                    0.000000                      1.0                           
OIII_b_COMP_FWHM              2695.132028                   0.000000                      0.0                           
OIII_b_COMP_FWHM_CORR         2677.737089                   0.000000                      0.0                           
OIII_b_COMP_LUM               41.592397                     0.000000                      1.0                           
OIII_b_COMP_NPIX              63.000000                     0.000000                      0.0                           
OIII_b_COMP_SNR               5.603533                      0.000000                      0.0                           
OIII_b_COMP_VOFF              5.897286                      0.000000                      0.0                           
OIII_b_COMP_W80               3001.534702                   0.000000                      0.0                           
OIII_b_COMP_W80_CORR          2982.976145                   0.000000                      0.0                           
OII_COMP_DISP                 3304.667495                   0.000000                      0.0                           
OII_COMP_DISP_CORR            3300.199528                   0.000000                      0.0                           
OII_COMP_DISP_RES             171.785705                    nan                           nan                           
OII_COMP_EW                   1.111128                      0.000000                      1.0                           
OII_COMP_FLUX                 -15.285276                    0.000000                      1.0                           
OII_COMP_FWHM                 7786.168762                   0.000000                      0.0                           
OII_COMP_FWHM_CORR            7775.653462                   0.000000                      0.0                           
OII_COMP_LUM                  40.646978                     0.000000                      1.0                           
OII_COMP_NPIX                 0.000000                      0.000000                      0.0                           
OII_COMP_SNR                  0.000000                      0.000000                      0.0                           
OII_COMP_VOFF                 -4.442608                     0.000000                      0.0                           
OII_COMP_W80                  8671.613537                   0.000000                      0.0                           
OII_COMP_W80_CORR             8660.393949                   0.000000                      0.0                           
POWER_AMP                     36.363416                     0.000000                      1.0                           
POWER_SLOPE                   -0.192582                     0.000000                      1.0                           
RCHI_SQUARED                  2.325307                      0.000000                      0.0                           
R_SQUARED                     0.996161                      0.000000                      0.0                           
NOISE_STD                     1.339121                                                                                  
RESID_STD                     2.675310                                                                                  
--------------------------------------------------------------------------------------
 - Done fitting 2-onur! 

End process memory: 0.26029670                    
