my_sdss.fits
[1.94062578 1.9478761  1.88621306 ... 0.42063934 0.44366664 0.42610157]
Directory  my_sdss  Created 
global my_sdss/
Directory  output/  already exists
stati 304419.58034525375
1 iter stat:  9805.197484498218
2 iter stat:  3972.3124121055807
3 iter stat:  849.0411855069542
4 iter stat:  398.452200899912
5 iter stat:  140.7817545496291
6 iter stat:  102.36174050503178
7 iter stat:  41.20884312958515
8 iter stat:  30.164429143624147
9 iter stat:  66.16628880049393
10 iter stat:  12.666997842068668
11 iter stat:  9.56747203994746
12 iter stat:  8.288878410807229
13 iter stat:  7.274226355431892
14 iter stat:  6.382426105585182
15 iter stat:  6.590067993216508
16 iter stat:  5.705297484688344
17 iter stat:  5.0316911947666085
18 iter stat:  4.51512244145124
19 iter stat:  3.990977945832128
20 iter stat:  4.5405683950011735
21 iter stat:  3.929306346733938
22 iter stat:  3.4686152722424595
23 iter stat:  2.787709187286964
24 iter stat:  2.012659627798712
25 iter stat:  1.8571188479327247
26 iter stat:  1.7223535933590028
27 iter stat:  1.6145731976212119
28 iter stat:  1.5136503915855428
29 iter stat:  1.423627286189003
30 iter stat:  1.3457276247572736
fit ok
./output/my_sdss_model.csv
brokenpowerlaw + OIIIb5007_na + OIIIa4959_na + NII6583_na + NII6548_na + HBeta4863_br + HAlpha6565_br + HBeta4863_na + HAlpha6565_na + feii
   Param        Type          Value          Min          Max      Units
   -----        ----          -----          ---          ---      -----
   brokenpowerlaw.refer thawed      5585.92         5400         7000  angstroms
   brokenpowerlaw.ampl thawed       10.696      9.67736       10.696  angstroms
   brokenpowerlaw.index1 thawed     -2.04292           -3            0           
   brokenpowerlaw.index2 thawed            1           -1            1           
   OIIIb5007_na.ampl thawed      185.792            0          200           
   OIIIb5007_na.pos frozen      5006.84            0  3.40282e+38  angstroms
   OIIIb5007_na.offs_kms thawed      5.84794         -400          400       km/s
   OIIIb5007_na.fwhm thawed      365.002           70          600       km/s
   OIIIa4959_na.ampl linked      61.9305 expr: OIIIb5007_na.ampl / 3.0           
   OIIIa4959_na.pos frozen       4958.9            0  3.40282e+38  angstroms
   OIIIa4959_na.offs_kms linked      5.84794 expr: OIIIb5007_na.offs_kms       km/s
   OIIIa4959_na.fwhm linked      365.002  expr: OIIIb5007_na.fwhm       km/s
   NII6583_na.ampl thawed      21.2187            0          200           
   NII6583_na.pos frozen      6583.46            0  3.40282e+38  angstroms
   NII6583_na.offs_kms linked      5.84794 expr: OIIIb5007_na.offs_kms       km/s
   NII6583_na.fwhm linked      365.002  expr: OIIIb5007_na.fwhm       km/s
   NII6548_na.ampl linked       7.0729 expr: NII6583_na.ampl / 3.0           
   NII6548_na.pos frozen      6548.05            0  3.40282e+38  angstroms
   NII6548_na.offs_kms linked      5.84794 expr: OIIIb5007_na.offs_kms       km/s
   NII6548_na.fwhm linked      365.002  expr: OIIIb5007_na.fwhm       km/s
   HBeta4863_br.ampl thawed       12.303            0          200           
   HBeta4863_br.pos frozen      4861.33            0  3.40282e+38  angstroms
   HBeta4863_br.offs_kms thawed     -12.4516        -1500          500       km/s
   HBeta4863_br.fwhm thawed      4692.25         1200         8000       km/s
   HAlpha6565_br.ampl thawed      39.8784            0          200           
   HAlpha6565_br.pos frozen      6562.82            0  3.40282e+38  angstroms
   HAlpha6565_br.offs_kms linked     -12.4516 expr: HBeta4863_br.offs_kms       km/s
   HAlpha6565_br.fwhm linked      4692.25  expr: HBeta4863_br.fwhm       km/s
   HBeta4863_na.ampl thawed      24.5756            0          200           
   HBeta4863_na.pos frozen      4861.33            0  3.40282e+38  angstroms
   HBeta4863_na.offs_kms linked      5.84794 expr: OIIIb5007_na.offs_kms       km/s
   HBeta4863_na.fwhm linked      365.002  expr: OIIIb5007_na.fwhm       km/s
   HAlpha6565_na.ampl linked      70.2862 expr: HBeta4863_na.ampl * 2.86           
   HAlpha6565_na.pos frozen      6562.82            0  3.40282e+38  angstroms
   HAlpha6565_na.offs_kms linked      5.84794 expr: OIIIb5007_na.offs_kms       km/s
   HAlpha6565_na.fwhm linked      365.002  expr: OIIIb5007_na.fwhm       km/s
   feii.amp_a2D2 thawed            0            0         1000           
   feii.amp_a4G thawed            0            0         1000           
   feii.amp_a4H thawed            0            0         1000           
   feii.amp_a6S thawed            0            0         1000           
   feii.amp_b2H thawed            0            0         1000           
   feii.amp_b4D thawed            0            0         1000           
   feii.amp_b4F thawed            0            0         1000           
   feii.amp_b4P thawed            0            0         1000           
   feii.amp_e4D thawed         1000            0         1000           
   feii.amp_z4D thawed     0.844153            0         1000           
   feii.amp_z4F thawed      3.58794            0         1000           
   feii.amp_z4P thawed         1000            0         1000           
   feii.amp_y4G thawed            0            0         1000           
   feii.amp_b4G thawed            0            0         1000           
   feii.amp_x4D thawed     0.270426            0         1000           
   feii.amp_y4P thawed            0            0         1000           
   feii.offs_kms thawed          800         -800          800           
   feii.fwhm    thawed         6000          300         6000           
skipping monte_carlo (FANTASY_MC=0)
