7.0.1
1.3.2
2.1.6
3.1.6
['/home/onur/Documents/AGNEmissionLines_ThirdPartyLibraries/pyqsofit/PyQSOFit/src/pyqsofit']
FWHM Resolution: 2.5 Å
[ 3566.97426784  3567.79484559  3568.6175712  ... 10394.41199851
 10396.80892696 10399.20640813] Angstrom [58.55295181 58.5471344  58.54131699 ... -6.29245901 -6.29252863
 -6.29259872] erg / (Angstrom s cm2) [ 1.17105904  1.17094269  1.17082634 ... -0.12584918 -0.12585057
 -0.12585197] erg / (Angstrom s cm2) 0.31352314352989197
Got negative host galaxy / QSO flux over 10% of coverage, decomposition is not applied!
Name            Value      Min      Max   Stderr     Vary     Expr Brute_Step
Balmer_Tau        0.5      0.1        2     None    False     None     None
Balmer_Te     1.5e+04    1e+04    5e+04     None    False     None     None
Blamer_norm         0        0    1e+10     None    False     None     None
Fe_op_FWHM       3000     1200  1.8e+04     None    False     None     None
Fe_op_norm          0        0    1e+10     None    False     None     None
Fe_op_shift         0    -0.01     0.01     None    False     None     None
Fe_uv_FWHM       3000     1200  1.8e+04     None    False     None     None
Fe_uv_norm          0        0    1e+10     None    False     None     None
Fe_uv_shift         0    -0.01     0.01     None    False     None     None
PL_norm             1        0    1e+10     None     True     None     None
PL_slope         -1.5       -5        3     None     True     None     None
conti_a_0           0     -inf      inf     None     True     None     None
conti_a_1           0     -inf      inf     None     True     None     None
conti_a_2           0     -inf      inf     None     True     None     None
Fitting continuum
Fit report
[[Variables]]
    Fe_uv_norm:   0 (fixed)
    Fe_uv_FWHM:   3000 (fixed)
    Fe_uv_shift:  0 (fixed)
    Fe_op_norm:   0 (fixed)
    Fe_op_FWHM:   3000 (fixed)
    Fe_op_shift:  0 (fixed)
    PL_norm:      61.4623180 +/- 0.24777385 (0.40%) (init = 1)
    PL_slope:    -3.66719235 +/- 0.08511001 (2.32%) (init = -1.5)
    Blamer_norm:  0 (fixed)
    Balmer_Te:    15000 (fixed)
    Balmer_Tau:   0.5 (fixed)
    conti_a_0:    20581.0026 +/- 655.699492 (3.19%) (init = 0)
    conti_a_1:   -7.26427019 +/- 0.29304098 (4.03%) (init = 0)
    conti_a_2:    7.5181e-04 +/- 3.4697e-05 (4.62%) (init = 0)
[[Correlations]] (unreported correlations are < 0.100)
    C(conti_a_1, conti_a_2) = -0.9943
    C(conti_a_0, conti_a_1) = -0.9917
    C(conti_a_0, conti_a_2) = +0.9728
    C(PL_slope, conti_a_0)  = -0.9438
    C(PL_slope, conti_a_1)  = +0.9031
    C(PL_slope, conti_a_2)  = -0.8619
    C(PL_norm, PL_slope)    = -0.6210
    C(PL_norm, conti_a_0)   = +0.4574
    C(PL_norm, conti_a_1)   = -0.4125
    C(PL_norm, conti_a_2)   = +0.3757
Name                    Value      Min      Max   Stderr     Vary     Expr Brute_Step
Hb_br_1_dwave               0    -0.01     0.01     None     True     None     None
Hb_br_1_scale               0        0    1e+10     None     True     None     None
Hb_br_1_sigma           0.005    0.004     0.05     None     True     None     None
Hb_na_1_dwave               0    -0.01     0.01     None     True     None     None
Hb_na_1_scale               0        0    1e+10     None     True     None     None
Hb_na_1_sigma           0.001  0.00023  0.00169     None     True     None     None
HeII4687_br_1_dwave         0   -0.005    0.005     None     True     None     None
HeII4687_br_1_scale         0        0    1e+10     None     True     None     None
HeII4687_br_1_sigma     0.005    0.004     0.05     None     True     None     None
HeII4687_na_1_dwave         0   -0.005    0.005     None    False Hb_na_1_dwave     None
HeII4687_na_1_scale         0        0    1e+10     None     True     None     None
HeII4687_na_1_sigma     0.001  0.00023  0.00169     None    False Hb_na_1_sigma     None
OIII4959c_1_dwave           0    -0.01     0.01     None    False Hb_na_1_dwave     None
OIII4959c_1_scale           0        0    1e+10     None     True     None     None
OIII4959c_1_sigma       0.001  0.00023  0.00169     None    False Hb_na_1_sigma     None
OIII4959w_1_dwave           0    -0.01     0.01     None     True     None     None
OIII4959w_1_scale           0        0    1e+10     None     True     None     None
OIII4959w_1_sigma       0.003  0.00023    0.004     None     True     None     None
OIII5007c_1_dwave           0    -0.01     0.01     None    False Hb_na_1_dwave     None
OIII5007c_1_scale           0        0    1e+10     None    False 3.0303030014038086 * OIII4959c_1_scale     None
OIII5007c_1_sigma       0.001  0.00023  0.00169     None    False Hb_na_1_sigma     None
OIII5007w_1_dwave           0    -0.01     0.01     None    False OIII4959w_1_dwave     None
OIII5007w_1_scale           0        0    1e+10     None    False 3.0303030014038086 * OIII4959w_1_scale     None
OIII5007w_1_sigma       0.003  0.00023    0.004     None    False OIII4959w_1_sigma     None
Fitting complex Hb
Fit report
[[Variables]]
    Hb_br_1_scale:        17.6693093 (init = 0)
    Hb_br_1_dwave:        1.7925e-04 (init = 0)
    Hb_br_1_sigma:        0.00460025 (init = 0.005)
    Hb_na_1_scale:        7.29910132 (init = 0)
    Hb_na_1_dwave:       -0.00161422 (init = 0)
    Hb_na_1_sigma:        0.00165266 (init = 0.001)
    OIII4959c_1_scale:    3.13376713 (init = 0)
    OIII4959c_1_dwave:   -0.00161422 == 'Hb_na_1_dwave'
    OIII4959c_1_sigma:    0.00165266 == 'Hb_na_1_sigma'
    OIII5007c_1_scale:    9.49626395 == '3.0303030014038086 * OIII4959c_1_scale'
    OIII5007c_1_dwave:   -0.00161422 == 'Hb_na_1_dwave'
    OIII5007c_1_sigma:    0.00165266 == 'Hb_na_1_sigma'
    OIII4959w_1_scale:    5.52004220 (init = 0)
    OIII4959w_1_dwave:   -4.0868e-04 (init = 0)
    OIII4959w_1_sigma:    5.0087e-04 (init = 0.003)
    OIII5007w_1_scale:    16.7274004 == '3.0303030014038086 * OIII4959w_1_scale'
    OIII5007w_1_dwave:   -4.0868e-04 == 'OIII4959w_1_dwave'
    OIII5007w_1_sigma:    5.0087e-04 == 'OIII4959w_1_sigma'
    HeII4687_br_1_scale:  0.15421386 (init = 0)
    HeII4687_br_1_dwave: -0.00500000 (init = 0)
    HeII4687_br_1_sigma:  0.00400000 (init = 0.005)
    HeII4687_na_1_scale:  0.15421386 (init = 0)
    HeII4687_na_1_dwave: -0.00161422 == 'Hb_na_1_dwave'
    HeII4687_na_1_sigma:  0.00165266 == 'Hb_na_1_sigma'
Name                Value      Min      Max   Stderr     Vary     Expr Brute_Step
Ha_br_1_dwave           0   -0.015    0.015     None     True     None     None
Ha_br_1_scale           0        0    1e+10     None     True     None     None
Ha_br_1_sigma       0.005    0.004     0.05     None     True     None     None
Ha_na_1_dwave           0    -0.01     0.01     None     True     None     None
Ha_na_1_scale           0        0    1e+10     None     True     None     None
Ha_na_1_sigma       0.001   0.0005  0.00169     None     True     None     None
NII6549_1_dwave         0   -0.005    0.005     None    False Ha_na_1_dwave     None
NII6549_1_scale         0        0    1e+10     None     True     None     None
NII6549_1_sigma     0.001  0.00023  0.00169     None    False Ha_na_1_sigma     None
NII6585_1_dwave         0   -0.005    0.005     None    False Ha_na_1_dwave     None
NII6585_1_scale         0        0    1e+10     None    False 3.0 * NII6549_1_scale     None
NII6585_1_sigma     0.001  0.00023  0.00169     None    False Ha_na_1_sigma     None
SII6718_1_dwave         0   -0.005    0.005     None    False Ha_na_1_dwave     None
SII6718_1_scale         0        0    1e+10     None     True     None     None
SII6718_1_sigma     0.001  0.00023  0.00169     None    False Ha_na_1_sigma     None
SII6732_1_dwave         0   -0.005    0.005     None    False Ha_na_1_dwave     None
SII6732_1_scale         0        0    1e+10     None     True     None     None
SII6732_1_sigma     0.001  0.00023  0.00169     None    False Ha_na_1_sigma     None
Fitting complex Ha
Fit report
[[Variables]]
    Ha_br_1_scale:    22.1367669 (init = 0)
    Ha_br_1_dwave:   -0.00110794 (init = 0)
    Ha_br_1_sigma:    0.00794270 (init = 0.005)
    Ha_na_1_scale:    51.1537118 (init = 0)
    Ha_na_1_dwave:   -0.00130610 (init = 0)
    Ha_na_1_sigma:    0.00169000 (init = 0.001)
    NII6549_1_scale:  14.4235035 (init = 0)
    NII6549_1_dwave: -0.00130610 == 'Ha_na_1_dwave'
    NII6549_1_sigma:  0.00169000 == 'Ha_na_1_sigma'
    NII6585_1_scale:  43.2705105 == '3.0 * NII6549_1_scale'
    NII6585_1_dwave: -0.00130610 == 'Ha_na_1_dwave'
    NII6585_1_sigma:  0.00169000 == 'Ha_na_1_sigma'
    SII6718_1_scale:  1.47379886 (init = 0)
    SII6718_1_dwave: -0.00130610 == 'Ha_na_1_dwave'
    SII6718_1_sigma:  0.00169000 == 'Ha_na_1_sigma'
    SII6732_1_scale:  2.37494524 (init = 0)
    SII6732_1_dwave: -0.00130610 == 'Ha_na_1_dwave'
    SII6732_1_sigma:  0.00169000 == 'Ha_na_1_sigma'
Saving figure as ./result.pdf
Fitting finished in 25.3s
wrote pyqsofit_model.csv
['ra' 'dec' 'plateid' 'MJD' 'fiberid' 'redshift' 'SN_ratio_conti'
 'Fe_uv_norm' 'Fe_uv_FWHM' 'Fe_uv_shift' 'Fe_op_norm' 'Fe_op_FWHM'
 'Fe_op_shift' 'PL_norm' 'PL_slope' 'Blamer_norm' 'Balmer_Te' 'Balmer_Tau'
 'conti_a_0' 'conti_a_1' 'conti_a_2' 'L1350' 'L1450' 'L3000' 'L4200'
 'L5100' 'Fe_flux_4435_4685']

['-999' '-999' '0' '0' '0' '0.31352314352989197' '30.709148679597067'
 '0.0' '3000.0' '0.0' '0.0' '3000.0' '0.0' '61.4623180128504'
 '-3.667192353813899' '0.0' '15000.0' '0.5' '20581.002600466152'
 '-7.264270191999474' '0.0007518144859022723' '-1.0' '-1.0'
 '44.77007937125329' '44.651743832619324' '44.642115524931455' '0.0']
['Hb_br_1_scale' 'Hb_br_1_centerwave' 'Hb_br_1_sigma' 'Hb_na_1_scale'
 'Hb_na_1_centerwave' 'Hb_na_1_sigma' 'OIII4959c_1_scale'
 'OIII4959c_1_centerwave' 'OIII4959c_1_sigma' 'OIII5007c_1_scale'
 'OIII5007c_1_centerwave' 'OIII5007c_1_sigma' 'OIII4959w_1_scale'
 'OIII4959w_1_centerwave' 'OIII4959w_1_sigma' 'OIII5007w_1_scale'
 'OIII5007w_1_centerwave' 'OIII5007w_1_sigma' 'HeII4687_br_1_scale'
 'HeII4687_br_1_centerwave' 'HeII4687_br_1_sigma' 'HeII4687_na_1_scale'
 'HeII4687_na_1_centerwave' 'HeII4687_na_1_sigma' 'Ha_br_1_scale'
 'Ha_br_1_centerwave' 'Ha_br_1_sigma' 'Ha_na_1_scale' 'Ha_na_1_centerwave'
 'Ha_na_1_sigma' 'NII6549_1_scale' 'NII6549_1_centerwave'
 'NII6549_1_sigma' 'NII6585_1_scale' 'NII6585_1_centerwave'
 'NII6585_1_sigma' 'SII6718_1_scale' 'SII6718_1_centerwave'
 'SII6718_1_sigma' 'SII6732_1_scale' 'SII6732_1_centerwave'
 'SII6732_1_sigma']

[1.76693093e+01 8.48952480e+00 4.60025448e-03 7.29910132e+00
 8.48773133e+00 1.65266285e-03 3.13376713e+00 8.50760685e+00
 1.65266285e-03 9.49626395e+00 8.51722561e+00 1.65266285e-03
 5.52004220e+00 8.50881240e+00 5.00868897e-04 1.67274004e+01
 8.51843116e+00 5.00868897e-04 1.54213864e-01 8.44755184e+00
 4.00000021e-03 1.54213864e-01 8.45093762e+00 1.65266285e-03
 2.21367669e+01 8.78834080e+00 7.94269733e-03 5.11537118e+01
 8.78814263e+00 1.68999995e-03 1.44235035e+01 8.78589101e+00
 1.68999995e-03 4.32705105e+01 8.79128594e+00 1.68999995e-03
 1.47379886e+00 8.81128259e+00 1.68999995e-03 2.37494524e+00
 8.81342073e+00 1.68999995e-03]
['Hb_br_1_scale' 'Hb_br_1_sigma' 'Hb_na_1_centerwave' 'OIII4959c_1_scale'
 'OIII4959c_1_sigma' 'OIII5007c_1_centerwave' 'OIII4959w_1_scale'
 'OIII4959w_1_sigma' 'OIII5007w_1_centerwave' 'HeII4687_br_1_scale'
 'HeII4687_br_1_sigma' 'HeII4687_na_1_centerwave' 'Ha_br_1_scale'
 'Ha_br_1_sigma' 'Ha_na_1_centerwave' 'NII6549_1_scale' 'NII6549_1_sigma'
 'NII6585_1_centerwave' 'SII6718_1_scale' 'SII6718_1_sigma'
 'SII6732_1_centerwave']

[]
(0,)
['1_complex_name' '1_line_status' '1_line_min_chi2' '1_line_bic'
 '1_line_red_chi2' '1_niter' '1_ndof' '2_complex_name' '2_line_status'
 '2_line_min_chi2' '2_line_bic' '2_line_red_chi2' '2_niter' '2_ndof'
 'Hb_br_1_scale' 'Hb_br_1_centerwave' 'Hb_br_1_sigma' 'Hb_na_1_scale'
 'Hb_na_1_centerwave' 'Hb_na_1_sigma' 'OIII4959c_1_scale'
 'OIII4959c_1_centerwave' 'OIII4959c_1_sigma' 'OIII5007c_1_scale'
 'OIII5007c_1_centerwave' 'OIII5007c_1_sigma' 'OIII4959w_1_scale'
 'OIII4959w_1_centerwave' 'OIII4959w_1_sigma' 'OIII5007w_1_scale'
 'OIII5007w_1_centerwave' 'OIII5007w_1_sigma' 'HeII4687_br_1_scale'
 'HeII4687_br_1_centerwave' 'HeII4687_br_1_sigma' 'HeII4687_na_1_scale'
 'HeII4687_na_1_centerwave' 'HeII4687_na_1_sigma' 'Ha_br_1_scale'
 'Ha_br_1_centerwave' 'Ha_br_1_sigma' 'Ha_na_1_scale' 'Ha_na_1_centerwave'
 'Ha_na_1_sigma' 'NII6549_1_scale' 'NII6549_1_centerwave'
 'NII6549_1_sigma' 'NII6585_1_scale' 'NII6585_1_centerwave'
 'NII6585_1_sigma' 'SII6718_1_scale' 'SII6718_1_centerwave'
 'SII6718_1_sigma' 'SII6732_1_scale' 'SII6732_1_centerwave'
 'SII6732_1_sigma' 'Hb_whole_br_fwhm' 'Hb_whole_br_sigma' 'Hb_whole_br_ew'
 'Hb_whole_br_peak' 'Hb_whole_br_area' 'Hb_whole_br_snr'
 'Ha_whole_br_fwhm' 'Ha_whole_br_sigma' 'Ha_whole_br_ew'
 'Ha_whole_br_peak' 'Ha_whole_br_area' 'Ha_whole_br_snr']

['Hb' '1' '5670.914856742094' '1162.9349505607745' '14.284420294060691'
 '13715' '397' 'Ha' '1' '2161.5502123806255' '604.1396615157138'
 '8.510040206222936' '196' '254' '17.669309348988804' '8.489524804098044'
 '0.004600254479647735' '7.299101323354762' '8.487731326138503'
 '0.0016526628506031722' '3.133767134677612' '8.507606852566726'
 '0.0016526628506031722' '9.49626395391418' '8.517225611721999'
 '0.0016526628506031722' '5.520042201112574' '8.508812398570004'
 '0.0005008688967387631' '16.72740044990712' '8.518431157725278'
 '0.0005008688967387631' '0.15421386390102043' '8.447551842556562'
 '0.004000000207724428' '0.15421386390102043' '8.450937617337233'
 '0.0016526628506031722' '22.13676686402266' '8.788340798891495'
 '0.007942697330143841' '51.15371182196071' '8.788142633665109'
 '0.0016899999463930726' '14.423503502669632' '8.785891008604073'
 '0.0016899999463930726' '43.2705105080089' '8.791285944211984'
 '0.0016899999463930726' '1.4737988607294028' '8.81128258727839'
 '0.0016899999463930726' '2.374945240468662' '8.813420725095773'
 '0.0016899999463930726' '3248.5181525175703' '1720.629954188154'
 '35.03610235631791' '4863.17593928307' '996.7860680489456'
 '6.817188440554415' '5601.512490944561' '2346.813955473961'
 '154.7758015487205' '6556.581047527896' '2882.2952863203673'
 '20.29725631327188']
Broad Hb:
FWHM (km/s) 3248.2
Sigma (km/s) 1360.9
EW (A) 34.7
Peak (A) 4863.6
Area (10^(-17) erg/s/cm^2) 988.3
SNR 6.0

Narrow Hb:
FWHM (km/s) 1164.8
Sigma (km/s) 488.0
EW (A) 5.1
Peak (A) 4854.8
Area (10^(-17) erg/s/cm^2) 146.4
SNR 2.0

Broad [OIII]5007:
FWHM (km/s) 0
Sigma (km/s) 0
EW (A) 0
Peak (A) 0
Area (10^(-17) erg/s/cm^2) 0
SNR 0

Narrow [OIII]5007:
FWHM (km/s) 1164.8
Sigma (km/s) 488.0
EW (A) 7.1
Peak (A) 5000.2
Area (10^(-17) erg/s/cm^2) 196.2
SNR 3.5
