patched GLEAM label offsets
patched GLEAM total-line plot
patched GLEAM overview labels
patched GLEAM non-fatal plotting
patched GLEAM doublet ties
WARNING: AstropyDeprecationWarning: The truth value of a Quantity is ambiguous. In the future this will raise a ValueError. [astropy.units.quantity]
Now working in  on sdss in sdss + fiber1 on source 1 at z=0.197.
Warning: non-constant dispersion
[[Model]]
    (Model(constant) + Model(gaussian, prefix='g0_'))
[[Fit Statistics]]
    # fitting method   = leastsq
    # function evals   = 36
    # data points      = 467
    # variables        = 4
    chi-square         = 3235.52671
    reduced chi-square = 6.98817865
    Akaike info crit   = 911.933491
    Bayesian info crit = 928.518808
    R-squared          = 0.49922514
[[Variables]]
    c:             1728.02627 +/- 6.57638641 (0.38%) (init = 1721.051)
    g0_amplitude:  8229.85799 +/- 544.672834 (6.62%) (init = 2966.358)
    g0_center:     3727.60838 +/- 0.17412561 (0.00%) (init = 3728.48)
    g0_sigma:      2.29993144 +/- 0.16869699 (7.33%) (init = 0.8871165)
    g0_fwhm:       5.41592456 +/- 0.39725106 (7.33%) == '2.3548200*g0_sigma'
    g0_height:     1427.53754 +/- 103.853370 (7.28%) == '0.3989423*g0_amplitude/max(1e-15, g0_sigma)'
[[Correlations]] (unreported correlations are < 0.100)
    C(g0_amplitude, g0_sigma) = +0.4602
    C(c, g0_amplitude)        = -0.1498
Warning: non-constant dispersion
Warning: non-constant dispersion
[[Model]]
    ((Model(constant) + Model(gaussian, prefix='g0_')) + Model(gaussian, prefix='g1_'))
[[Fit Statistics]]
    # fitting method   = leastsq
    # function evals   = 99
    # data points      = 323
    # variables        = 7
    chi-square         = 2454.63406
    reduced chi-square = 7.76782931
    Akaike info crit   = 669.070049
    Bayesian info crit = 695.513616
    R-squared          = 0.71622423
[[Variables]]
    c:             1270.12705 +/- 6.73057066 (0.53%) (init = 1295.219)
    g0_amplitude:  4521.02523 +/- 505.846260 (11.19%) (init = 2939.308)
    g0_center:     4861.23698 +/- 0.22666481 (0.00%) (init = 4862.68)
    g0_sigma:      2.05048797 +/- 0.23487457 (11.45%) (init = 0.8871165)
    g1_amplitude:  25599.0260 +/- 1640.42454 (6.41%) (init = 2939.308)
    g1_center:     4867.13762 +/- 1.59066633 (0.03%) (init = 4862.68)
    g1_sigma:      26.4634309 +/- 1.79219686 (6.77%) (init = 14.15552)
    g0_fwhm:       4.82853009 +/- 0.55308733 (11.45%) == '2.3548200*g0_sigma'
    g0_height:     879.609257 +/- 91.3027584 (10.38%) == '0.3989423*g0_amplitude/max(1e-15, g0_sigma)'
    g1_fwhm:       62.3166164 +/- 4.22030100 (6.77%) == '2.3548200*g1_sigma'
    g1_height:     385.911198 +/- 24.9866227 (6.47%) == '0.3989423*g1_amplitude/max(1e-15, g1_sigma)'
[[Correlations]] (unreported correlations are < 0.100)
    C(g0_amplitude, g0_sigma)     = +0.5799
    C(c, g1_amplitude)            = -0.5628
    C(g1_amplitude, g1_sigma)     = +0.5185
    C(c, g1_sigma)                = -0.3851
    C(g0_amplitude, g1_sigma)     = +0.3134
    C(g0_sigma, g1_sigma)         = +0.2070
    C(g0_amplitude, g1_amplitude) = -0.1732
    C(g0_amplitude, g1_center)    = +0.1634
    C(g0_sigma, g1_amplitude)     = -0.1199
    C(g0_sigma, g1_center)        = +0.1091
Warning: non-constant dispersion
Warning: non-constant dispersion
[[Model]]
    ((Model(constant) + Model(gaussian, prefix='g0_')) + Model(gaussian, prefix='g1_'))
[[Fit Statistics]]
    # fitting method   = leastsq
    # function evals   = 85
    # data points      = 372
    # variables        = 6
    chi-square         = 6661.75789
    reduced chi-square = 18.2015243
    Akaike info crit   = 1085.31107
    Bayesian info crit = 1108.82444
    R-squared          = 0.90707327
[[Variables]]
    c:             461.473186 +/- 2.82727621 (0.61%) (init = 460.85)
    g0_amplitude:  4444.32841 +/- 129.993176 (2.92%) == 'g1_amplitude / 3.0'
    g0_center:     4957.34862 +/- 0.26807297 (0.01%) (init = 4960.3)
    g0_sigma:      3.41871186 +/- 0.23979484 (7.01%) (init = 0.8871165)
    g1_amplitude:  13332.9852 +/- 389.979529 (2.92%) (init = 3678.195)
    g1_center:     5005.15032 +/- 0.12218438 (0.00%) (init = 5008.24)
    g1_sigma:      3.58532087 +/- 0.11595266 (3.23%) (init = 0.8871165)
    g0_fwhm:       8.05045107 +/- 0.56467367 (7.01%) == '2.3548200*g0_sigma'
    g0_height:     518.625339 +/- 36.5419832 (7.05%) == '0.3989423*g0_amplitude/max(1e-15, g0_sigma)'
    g1_fwhm:       8.44278528 +/- 0.27304764 (3.23%) == '2.3548200*g1_sigma'
    g1_height:     1483.57483 +/- 59.7614884 (4.03%) == '0.3989423*g1_amplitude/max(1e-15, g1_sigma)'
[[Correlations]] (unreported correlations are < 0.100)
    C(g0_sigma, g1_amplitude) = +0.1976
    C(c, g1_amplitude)        = -0.1834
    C(g1_amplitude, g1_sigma) = +0.1474
    C(c, g1_sigma)            = -0.1111
Warning: non-constant dispersion
Warning: non-constant dispersion
[[Model]]
    ((((Model(constant) + Model(gaussian, prefix='g0_')) + Model(gaussian, prefix='g1_')) + Model(gaussian, prefix='g2_')) + Model(gaussian, prefix='g3_'))
[[Fit Statistics]]
    # fitting method   = leastsq
    # function evals   = 222
    # data points      = 232
    # variables        = 12
    chi-square         = 1288.14755
    reduced chi-square = 5.85521615
    Akaike info crit   = 421.699756
    Bayesian info crit = 463.060605
    R-squared          = 0.99348432
[[Variables]]
    c:             200.106214 +/- 0.98785853 (0.49%) (init = 218.8883)
    g0_amplitude:  1179.85412 +/- 53.3022447 (4.52%) == 'g3_amplitude / 3.0'
    g0_center:     6548.83252 +/- 0.28003097 (0.00%) (init = 6549.86)
    g0_sigma:      2.78386273 +/- 0.24148814 (8.67%) (init = 0.8871165)
    g1_amplitude:  4445.27729 +/- 191.070594 (4.30%) (init = 2477.518)
    g1_center:     6563.27201 +/- 0.09889379 (0.00%) (init = 6564.6)
    g1_sigma:      2.46893112 +/- 0.09613698 (3.89%) (init = 0.8871165)
    g2_amplitude:  27353.5400 +/- 369.036189 (1.35%) (init = 2477.518)
    g2_center:     6567.06509 +/- 0.30787524 (0.00%) (init = 6564.6)
    g2_sigma:      28.4465353 +/- 0.35995212 (1.27%) (init = 19.1099)
    g3_amplitude:  3539.56237 +/- 159.906734 (4.52%) (init = 2477.518)
    g3_center:     6583.85975 +/- 0.11462490 (0.00%) (init = 6585.27)
    g3_sigma:      2.50406942 +/- 0.11727202 (4.68%) (init = 0.8871165)
    g0_fwhm:       6.55549563 +/- 0.56866109 (8.67%) == '2.3548200*g0_sigma'
    g0_height:     169.079356 +/- 14.1286678 (8.36%) == '0.3989423*g0_amplitude/max(1e-15, g0_sigma)'
    g1_fwhm:       5.81388838 +/- 0.22638528 (3.89%) == '2.3548200*g1_sigma'
    g1_height:     718.290247 +/- 34.8148919 (4.85%) == '0.3989423*g1_amplitude/max(1e-15, g1_sigma)'
    g2_fwhm:       66.9864702 +/- 0.84762245 (1.27%) == '2.3548200*g2_sigma'
    g2_height:     383.613823 +/- 7.13270330 (1.86%) == '0.3989423*g2_amplitude/max(1e-15, g2_sigma)'
    g3_fwhm:       5.89663275 +/- 0.27615449 (4.68%) == '2.3548200*g3_sigma'
    g3_height:     563.914540 +/- 27.4237739 (4.86%) == '0.3989423*g3_amplitude/max(1e-15, g3_sigma)'
[[Correlations]] (unreported correlations are < 0.100)
    C(g2_amplitude, g3_amplitude) = -0.4674
    C(g3_amplitude, g3_sigma)     = +0.4417
    C(c, g2_sigma)                = -0.3997
    C(c, g2_amplitude)            = -0.3524
    C(g1_amplitude, g2_sigma)     = +0.3510
    C(g2_sigma, g3_amplitude)     = +0.3339
    C(g0_sigma, g3_amplitude)     = +0.3296
    C(g1_amplitude, g2_amplitude) = -0.3288
    C(g1_sigma, g2_sigma)         = +0.3093
    C(g2_amplitude, g3_sigma)     = -0.3068
    C(g1_amplitude, g1_sigma)     = +0.3031
    C(g1_sigma, g2_amplitude)     = -0.2948
    C(g1_amplitude, g3_amplitude) = +0.2694
    C(g1_sigma, g3_amplitude)     = +0.2316
    C(g2_sigma, g3_sigma)         = +0.2092
    C(g1_amplitude, g3_sigma)     = +0.1721
    C(g0_sigma, g2_amplitude)     = -0.1521
    C(g1_sigma, g3_sigma)         = +0.1504
    C(g0_sigma, g3_sigma)         = +0.1431
    C(g1_amplitude, g1_center)    = +0.1393
    C(g0_center, g0_sigma)        = +0.1150
    C(g2_center, g3_sigma)        = -0.1072
    C(g0_center, g2_center)       = -0.1047
    C(g1_center, g1_sigma)        = +0.1007
Warning: non-constant dispersion
Warning: non-constant dispersion
[[Model]]
    ((Model(constant) + Model(gaussian, prefix='g0_')) + Model(gaussian, prefix='g1_'))
[[Fit Statistics]]
    # fitting method   = leastsq
    # function evals   = 65
    # data points      = 232
    # variables        = 7
    chi-square         = 21189.5548
    reduced chi-square = 94.1757990
    Akaike info crit   = 1061.37009
    Bayesian info crit = 1085.49726
    R-squared          = 0.00167349
[[Variables]]
    c:             662.336984 +/- 9.95372935 (1.50%) (init = 614.7292)
    g0_amplitude:  2218.01697 +/- 677.738540 (30.56%) (init = 2927.334)
    g0_center:     6717.04328 +/- 0.80024339 (0.01%) (init = 6718.29)
    g0_sigma:      2.29980031 +/- 0.79041608 (34.37%) (init = 0.8871165)
    g1_amplitude:  1308.17445 +/- 609.546219 (46.60%) (init = 2927.334)
    g1_center:     6732.06572 +/- 0.90584101 (0.01%) (init = 6732.67)
    g1_sigma:      1.69632138 +/- 0.87723452 (51.71%) (init = 0.8871165)
    g0_fwhm:       5.41561578 +/- 1.86128761 (34.37%) == '2.3548200*g0_sigma'
    g0_height:     384.755488 +/- 124.988910 (32.49%) == '0.3989423*g0_amplitude/max(1e-15, g0_sigma)'
    g1_fwhm:       3.99453152 +/- 2.06572939 (51.71%) == '2.3548200*g1_sigma'
    g1_height:     307.657577 +/- 157.098132 (51.06%) == '0.3989423*g1_amplitude/max(1e-15, g1_sigma)'
[[Correlations]] (unreported correlations are < 0.100)
    C(g0_amplitude, g0_sigma) = +0.5045
    C(g1_amplitude, g1_sigma) = +0.4644
    C(c, g0_amplitude)        = -0.1788
    C(c, g1_amplitude)        = -0.1470
    C(c, g0_sigma)            = -0.1087
Warning: non-constant dispersion
Matplotlib Version: 3.7.5
total 5036
-rw-rw-r-- 1 1000 1000  16364 Oct  1 13:09 docker.log
-rw-r--r-- 1 1000 1000 483560 Sep 29 10:26 linefits.sdss.sdss.fiber1.001.Ha.Ha_broad.NII1.png
-rw-rw-r-- 1 1000 1000 466331 Sep 27 23:39 linefits.sdss.sdss.fiber1.001.Ha.NII1.png
-rw-r--r-- 1 root root 451545 Oct  1 16:12 linefits.sdss.sdss.fiber1.001.Hb.Hb_broad.png
-rw-rw-r-- 1 1000 1000 447747 Sep 27 23:39 linefits.sdss.sdss.fiber1.001.Hb.png
-rw-r--r-- 1 root root 479031 Oct  1 16:12 linefits.sdss.sdss.fiber1.001.NII2.Ha.Ha_broad.NII1.png
-rw-r--r-- 1 root root 466082 Oct  1 16:11 linefits.sdss.sdss.fiber1.001.OII.png
-rw-r--r-- 1 root root 465664 Oct  1 16:12 linefits.sdss.sdss.fiber1.001.OIII4.OIII5.png
-rw-r--r-- 1 1000 1000 444449 Sep 29 08:59 linefits.sdss.sdss.fiber1.001.OIII4.png
-rw-r--r-- 1 1000 1000 451590 Sep 29 08:59 linefits.sdss.sdss.fiber1.001.OIII5.png
-rw-r--r-- 1 root root 433331 Oct  1 16:13 linefits.sdss.sdss.fiber1.001.SII1.SII2.png
-rw-r--r-- 1 root root  20160 Oct  1 16:13 linefits.sdss.sdss.fiber1.001.fits
-rw-r--r-- 1 root root 508300 Oct  1 16:13 linefits.sdss.sdss.fiber1.001.png
total 12K
-rw-r--r-- 1 root root 1.2K Sep 21 02:20 =5.2
drwxr-xr-x 1 root root 4.0K Oct  1 16:10 input
drwxrwxr-x 2 1000 1000 4.0K Oct  1 16:13 output
-rw-r--r-- 1 root root 1.2K Sep 21 02:20 /app/=5.2

/app/input:
total 132K
-rw-rw-r-- 1 1000 1000  12K Aug 28 20:16 Sky_bands.fits
-rw-rw-r-- 1 1000 1000 1.3K Sep 29 07:43 gleam.sh
-rw-rw-r-- 1 1000 1000 8.0K Oct  1 15:49 gleam_doublet_patch.py
-rw-rw-r-- 1 1000 1000 2.6K Oct  1 11:39 gleamconfig.yaml
-rw-rw-r-- 1 1000 1000 8.5K Sep 29 14:37 line_table.fits
-rw-rw-r-- 1 1000 1000  115 Oct  1 16:07 meta.dat
-rw-rw-r-- 1 1000 1000  85K Oct  1 16:07 spec1d.sdss.sdss.fiber1.1.fits

/app/output:
total 5.0M
-rw-rw-r-- 1 1000 1000  16K Oct  1 13:09 docker.log
-rw-r--r-- 1 1000 1000 473K Sep 29 10:26 linefits.sdss.sdss.fiber1.001.Ha.Ha_broad.NII1.png
-rw-rw-r-- 1 1000 1000 456K Sep 27 23:39 linefits.sdss.sdss.fiber1.001.Ha.NII1.png
-rw-r--r-- 1 root root 441K Oct  1 16:12 linefits.sdss.sdss.fiber1.001.Hb.Hb_broad.png
-rw-rw-r-- 1 1000 1000 438K Sep 27 23:39 linefits.sdss.sdss.fiber1.001.Hb.png
-rw-r--r-- 1 root root 468K Oct  1 16:12 linefits.sdss.sdss.fiber1.001.NII2.Ha.Ha_broad.NII1.png
-rw-r--r-- 1 root root 456K Oct  1 16:11 linefits.sdss.sdss.fiber1.001.OII.png
-rw-r--r-- 1 root root 455K Oct  1 16:12 linefits.sdss.sdss.fiber1.001.OIII4.OIII5.png
-rw-r--r-- 1 1000 1000 435K Sep 29 08:59 linefits.sdss.sdss.fiber1.001.OIII4.png
-rw-r--r-- 1 1000 1000 442K Sep 29 08:59 linefits.sdss.sdss.fiber1.001.OIII5.png
-rw-r--r-- 1 root root 424K Oct  1 16:13 linefits.sdss.sdss.fiber1.001.SII1.SII2.png
-rw-r--r-- 1 root root  20K Oct  1 16:13 linefits.sdss.sdss.fiber1.001.fits
-rw-r--r-- 1 root root 497K Oct  1 16:13 linefits.sdss.sdss.fiber1.001.png
