WARNING: AstropyDeprecationWarning: The truth value of a Quantity is ambiguous. In the future this will raise a ValueError. [astropy.units.quantity]
Now working in  on sdss in sdss + fiber1 on source 1 at z=0.083.
Warning: non-constant dispersion
[[Model]]
    (Model(constant) + Model(gaussian, prefix='g0_'))
[[Fit Statistics]]
    # fitting method   = leastsq
    # function evals   = 46
    # data points      = 163
    # variables        = 4
    chi-square         = 111.100452
    reduced chi-square = 0.69874498
    Akaike info crit   = -54.4804156
    Bayesian info crit = -42.1054148
    R-squared          = 0.91161731
[[Variables]]
    c:             227.273904 +/- 1.73162509 (0.76%) (init = 228.5937)
    g0_amplitude:  2387.52834 +/- 73.4020833 (3.07%) (init = 1120.402)
    g0_center:     3731.04354 +/- 0.08165680 (0.00%) (init = 3728.48)
    g0_sigma:      2.41345406 +/- 0.08301830 (3.44%) (init = 1.176199)
    g0_fwhm:       5.68324988 +/- 0.19549316 (3.44%) == '2.3548200*g0_sigma'
    g0_height:     394.656797 +/- 11.6299710 (2.95%) == '0.3989423*g0_amplitude/max(1e-15, g0_sigma)'
[[Correlations]] (unreported correlations are < 0.100)
    C(g0_amplitude, g0_sigma) = +0.5957
    C(c, g0_amplitude)        = -0.3027
    C(c, g0_sigma)            = -0.1804
Warning: non-constant dispersion
Warning: non-constant dispersion
[[Model]]
    ((Model(constant) + Model(gaussian, prefix='g0_')) + Model(gaussian, prefix='g1_'))
[[Fit Statistics]]
    # fitting method   = leastsq
    # function evals   = 3314
    # data points      = 125
    # variables        = 7
    chi-square         = 23.7380806
    reduced chi-square = 0.20117017
    Akaike info crit   = -193.654150
    Bayesian info crit = -173.855954
    R-squared          = 0.88207202
##  Warning: uncertainties could not be estimated:
    g0_center:     at boundary
[[Variables]]
    c:             802.422952 (init = 851.7543)
    g0_amplitude:  6978.97196 (init = 953.2912)
    g0_center:     4852.68000 (init = 4862.68)
    g0_sigma:      28.4182230 (init = 1.176199)
    g1_amplitude:  1694.39609 (init = 953.2912)
    g1_center:     4865.14201 (init = 4862.68)
    g1_sigma:      2.36277084 (init = 1.176199)
    g0_fwhm:       66.9197998 == '2.3548200*g0_sigma'
    g0_height:     97.9725977 == '0.3989423*g0_amplitude/max(1e-15, g0_sigma)'
    g1_fwhm:       5.56390003 == '2.3548200*g1_sigma'
    g1_height:     286.090492 == '0.3989423*g1_amplitude/max(1e-15, g1_sigma)'
NonDetection when fitting set of lines [4862.68 4862.68] Angstrom, try a simpler model
[[Model]]
    (Model(constant) + Model(gaussian, prefix='g0_'))
[[Fit Statistics]]
    # fitting method   = leastsq
    # function evals   = 71
    # data points      = 125
    # variables        = 4
    chi-square         = 59.4828713
    reduced chi-square = 0.49159398
    Akaike info crit   = -84.8281679
    Bayesian info crit = -73.5149129
    R-squared          = 0.70449611
[[Variables]]
    c:             846.179319 +/- 3.68749299 (0.44%) (init = 851.7543)
    g0_amplitude:  2425.20117 +/- 178.823920 (7.37%) (init = 953.2912)
    g0_center:     4864.97897 +/- 0.25226471 (0.01%) (init = 4862.68)
    g0_sigma:      3.15817359 +/- 0.25792177 (8.17%) (init = 1.176199)
    g0_fwhm:       7.43693033 +/- 0.60735935 (8.17%) == '2.3548200*g0_sigma'
    g0_height:     306.352803 +/- 21.3497720 (6.97%) == '0.3989423*g0_amplitude/max(1e-15, g0_sigma)'
[[Correlations]] (unreported correlations are < 0.100)
    C(g0_amplitude, g0_sigma) = +0.6020
    C(c, g0_amplitude)        = -0.3463
    C(c, g0_sigma)            = -0.2085
Warning: non-constant dispersion
Warning: non-constant dispersion
Warning: non-constant dispersion
Warning: non-constant dispersion
[[Model]]
    (Model(constant) + Model(gaussian, prefix='g0_'))
[[Fit Statistics]]
    # fitting method   = leastsq
    # function evals   = 46
    # data points      = 104
    # variables        = 4
    chi-square         = 63.2523829
    reduced chi-square = 0.63252383
    Akaike info crit   = -43.7148422
    Bayesian info crit = -33.1372786
    R-squared          = 0.94252279
[[Variables]]
    c:             316.552699 +/- 1.83608970 (0.58%) (init = 319.9196)
    g0_amplitude:  2834.98862 +/- 88.5176064 (3.12%) (init = 940.0868)
    g0_center:     4962.45474 +/- 0.12120507 (0.00%) (init = 4960.3)
    g0_sigma:      3.67798547 +/- 0.12511640 (3.40%) (init = 1.176199)
    g0_fwhm:       8.66099374 +/- 0.29462660 (3.40%) == '2.3548200*g0_sigma'
    g0_height:     307.504445 +/- 8.87075035 (2.88%) == '0.3989423*g0_amplitude/max(1e-15, g0_sigma)'
[[Correlations]] (unreported correlations are < 0.100)
    C(g0_amplitude, g0_sigma) = +0.6119
    C(c, g0_amplitude)        = -0.4057
    C(c, g0_sigma)            = -0.2482
Warning: non-constant dispersion
Warning: non-constant dispersion
[[Model]]
    (Model(constant) + Model(gaussian, prefix='g0_'))
[[Fit Statistics]]
    # fitting method   = leastsq
    # function evals   = 46
    # data points      = 104
    # variables        = 4
    chi-square         = 219.215740
    reduced chi-square = 2.19215740
    Akaike info crit   = 85.5492078
    Bayesian info crit = 96.1267713
    R-squared          = 0.97715166
[[Variables]]
    c:             105.097615 +/- 1.15076092 (1.09%) (init = 104.987)
    g0_amplitude:  2813.99832 +/- 54.2843537 (1.93%) (init = 995.2304)
    g0_center:     5010.51891 +/- 0.07143166 (0.00%) (init = 5008.24)
    g0_sigma:      3.48763404 +/- 0.07357728 (2.11%) (init = 1.176199)
    g0_fwhm:       8.21275040 +/- 0.17326124 (2.11%) == '2.3548200*g0_sigma'
    g0_height:     321.886686 +/- 5.76698775 (1.79%) == '0.3989423*g0_amplitude/max(1e-15, g0_sigma)'
[[Correlations]] (unreported correlations are < 0.100)
    C(g0_amplitude, g0_sigma) = +0.6096
    C(c, g0_amplitude)        = -0.3931
    C(c, g0_sigma)            = -0.2397
Warning: non-constant dispersion
Warning: non-constant dispersion
[[Model]]
    (((Model(constant) + Model(gaussian, prefix='g0_')) + Model(gaussian, prefix='g1_')) + Model(gaussian, prefix='g2_'))
[[Fit Statistics]]
    # fitting method   = leastsq
    # function evals   = 1479
    # data points      = 106
    # variables        = 10
    chi-square         = 137.301664
    reduced chi-square = 1.43022567
    Akaike info crit   = 47.4265821
    Bayesian info crit = 74.0609731
    R-squared          = 0.98430401
[[Variables]]
    c:             131.254948 +/- 1.84772221 (1.41%) (init = 157.1611)
    g0_amplitude:  1221.88864 +/- 67.4417132 (5.52%) (init = 771.2478)
    g0_center:     6568.70296 +/- 0.12159098 (0.00%) (init = 6564.6)
    g0_sigma:      2.86327747 +/- 0.14189577 (4.96%) (init = 1.176199)
    g1_amplitude:  6628.17638 +/- 292.965683 (4.42%) (init = 771.2478)
    g1_center:     6564.28224 +/- 0.68347946 (0.01%) (init = 6564.6)
    g1_sigma:      22.8945932 +/- 0.83504316 (3.65%) (init = 1.176199)
    g2_amplitude:  1369.37328 +/- 72.0015997 (5.26%) (init = 771.2478)
    g2_center:     6589.67474 +/- 0.12459700 (0.00%) (init = 6585.27)
    g2_sigma:      3.13974495 +/- 0.14699059 (4.68%) (init = 1.176199)
    g0_fwhm:       6.74250305 +/- 0.33413900 (4.96%) == '2.3548200*g0_sigma'
    g0_height:     170.246534 +/- 6.67422454 (3.92%) == '0.3989423*g0_amplitude/max(1e-15, g0_sigma)'
    g1_fwhm:       53.9126460 +/- 1.96637633 (3.65%) == '2.3548200*g1_sigma'
    g1_height:     115.497135 +/- 3.46528755 (3.00%) == '0.3989423*g1_amplitude/max(1e-15, g1_sigma)'
    g2_fwhm:       7.39353421 +/- 0.34613639 (4.68%) == '2.3548200*g2_sigma'
    g2_height:     173.995319 +/- 6.41400085 (3.69%) == '0.3989423*g2_amplitude/max(1e-15, g2_sigma)'
[[Correlations]] (unreported correlations are < 0.100)
    C(c, g1_amplitude)            = -0.8081
    C(g1_amplitude, g1_sigma)     = +0.7393
    C(g2_amplitude, g2_sigma)     = +0.7307
    C(g0_amplitude, g0_sigma)     = +0.7249
    C(c, g1_sigma)                = -0.7085
    C(g1_center, g2_amplitude)    = -0.6584
    C(g1_amplitude, g2_amplitude) = -0.5298
    C(g1_center, g2_sigma)        = -0.4739
    C(g1_amplitude, g2_sigma)     = -0.3737
    C(g1_amplitude, g1_center)    = +0.3618
    C(g0_amplitude, g1_center)    = -0.3582
    C(g1_sigma, g2_amplitude)     = -0.3349
    C(g0_amplitude, g2_amplitude) = +0.3081
    C(g0_amplitude, g1_sigma)     = +0.3043
    C(g0_sigma, g1_center)        = -0.2591
    C(g0_amplitude, g2_sigma)     = +0.2331
    C(g0_sigma, g2_amplitude)     = +0.2280
    C(g1_sigma, g2_sigma)         = -0.2236
    C(c, g2_amplitude)            = +0.2079
    C(g0_sigma, g1_sigma)         = +0.2008
    C(g0_amplitude, g1_amplitude) = -0.1944
    C(g0_sigma, g2_sigma)         = +0.1716
    C(g1_center, g1_sigma)        = +0.1587
    C(g0_center, g1_center)       = -0.1566
    C(g0_sigma, g1_amplitude)     = -0.1537
    C(c, g2_sigma)                = +0.1370
    C(g1_sigma, g2_center)        = -0.1170
    C(c, g1_center)               = -0.1152
    C(g0_center, g2_amplitude)    = +0.1151
    C(g0_amplitude, g2_center)    = -0.1149
    C(c, g0_amplitude)            = -0.1069
    C(g0_center, g1_sigma)        = -0.1018
Warning: non-constant dispersion
Warning: non-constant dispersion
[[Model]]
    ((Model(constant) + Model(gaussian, prefix='g0_')) + Model(gaussian, prefix='g1_'))
[[Fit Statistics]]
    # fitting method   = leastsq
    # function evals   = 81
    # data points      = 100
    # variables        = 7
    chi-square         = 28.4212046
    reduced chi-square = 0.30560435
    Akaike info crit   = -111.803468
    Bayesian info crit = -93.5672767
    R-squared          = 0.89774419
[[Variables]]
    c:             644.474739 +/- 2.59222326 (0.40%) (init = 652.3418)
    g0_amplitude:  2267.34591 +/- 127.785028 (5.64%) (init = 868.6438)
    g0_center:     6722.74562 +/- 0.19306436 (0.00%) (init = 6718.29)
    g0_sigma:      3.14644241 +/- 0.20119667 (6.39%) (init = 1.176199)
    g1_amplitude:  1981.94122 +/- 132.750673 (6.70%) (init = 868.6438)
    g1_center:     6736.67507 +/- 0.24434421 (0.00%) (init = 6732.67)
    g1_sigma:      3.36659373 +/- 0.25573503 (7.60%) (init = 1.176199)
    g0_fwhm:       7.40930552 +/- 0.47378195 (6.39%) == '2.3548200*g0_sigma'
    g0_height:     287.480295 +/- 15.2372469 (5.30%) == '0.3989423*g0_amplitude/max(1e-15, g0_sigma)'
    g1_fwhm:       7.92772226 +/- 0.60220997 (7.60%) == '2.3548200*g1_sigma'
    g1_height:     234.860589 +/- 14.7739246 (6.29%) == '0.3989423*g1_amplitude/max(1e-15, g1_sigma)'
[[Correlations]] (unreported correlations are < 0.100)
    C(g1_amplitude, g1_sigma)  = +0.6191
    C(g0_amplitude, g0_sigma)  = +0.6182
    C(c, g1_amplitude)         = -0.3117
    C(c, g0_amplitude)         = -0.2993
    C(g0_sigma, g1_sigma)      = -0.2348
    C(g0_center, g1_sigma)     = -0.1755
    C(g0_sigma, g1_center)     = +0.1672
    C(g0_amplitude, g1_sigma)  = -0.1573
    C(c, g1_sigma)             = -0.1544
    C(g0_sigma, g1_amplitude)  = -0.1509
    C(c, g0_sigma)             = -0.1470
    C(g0_center, g1_amplitude) = -0.1331
    C(g0_amplitude, g1_center) = +0.1296
Warning: non-constant dispersion
Matplotlib Version: 3.7.5
total 4424
-rw-rw-r-- 1 1000 1000  15507 Sep 28 16:44 docker.log
-rw-r--r-- 1 root root 520071 Sep 28 18:19 linefits.sdss.sdss.fiber1.001.Ha.Ha_broad.NII1.png
-rw-rw-r-- 1 1000 1000 506292 Sep 27 23:39 linefits.sdss.sdss.fiber1.001.Ha.NII1.png
-rw-r--r-- 1 root root 487526 Sep 28 18:18 linefits.sdss.sdss.fiber1.001.Hb.Hb_broad.png
-rw-rw-r-- 1 1000 1000 478798 Sep 27 23:39 linefits.sdss.sdss.fiber1.001.Hb.png
-rw-r--r-- 1 root root 486262 Sep 28 18:18 linefits.sdss.sdss.fiber1.001.OII.png
-rw-r--r-- 1 root root 465633 Sep 28 18:18 linefits.sdss.sdss.fiber1.001.OIII4.png
-rw-r--r-- 1 root root 477276 Sep 28 18:19 linefits.sdss.sdss.fiber1.001.OIII5.png
-rw-r--r-- 1 root root 493542 Sep 28 18:19 linefits.sdss.sdss.fiber1.001.SII1.SII2.png
-rw-r--r-- 1 root root  20160 Sep 28 18:19 linefits.sdss.sdss.fiber1.001.fits
-rw-r--r-- 1 root root 562780 Sep 28 18:19 linefits.sdss.sdss.fiber1.001.png
total 12K
-rw-r--r-- 1 root root 1.2K Sep 21 02:20 =5.2
drwxr-xr-x 1 root root 4.0K Sep 22 10:32 input
drwxrwxr-x 2 1000 1000 4.0K Sep 28 18:19 output
-rw-r--r-- 1 root root 1.2K Sep 21 02:20 /app/=5.2

/app/input:
total 124K
-rw-rw-r-- 1 1000 1000  12K Aug 28 20:16 Sky_bands.fits
-rw-rw-r-- 1 root root 1.6K Sep 22 04:00 gleam.sh
-rw-rw-r-- 1 1000 1000 2.4K Sep 28 12:33 gleamconfig.yaml
-rw-rw-r-- 1 1000 1000 8.5K Sep 27 12:39 line_table.fits
-rw-rw-r-- 1 1000 1000  115 Sep 28 18:16 meta.dat
-rw-rw-r-- 1 1000 1000  85K Sep 28 18:16 spec1d.sdss.sdss.fiber1.1.fits

/app/output:
total 4.4M
-rw-rw-r-- 1 1000 1000  16K Sep 28 16:44 docker.log
-rw-r--r-- 1 root root 508K Sep 28 18:19 linefits.sdss.sdss.fiber1.001.Ha.Ha_broad.NII1.png
-rw-rw-r-- 1 1000 1000 495K Sep 27 23:39 linefits.sdss.sdss.fiber1.001.Ha.NII1.png
-rw-r--r-- 1 root root 477K Sep 28 18:18 linefits.sdss.sdss.fiber1.001.Hb.Hb_broad.png
-rw-rw-r-- 1 1000 1000 468K Sep 27 23:39 linefits.sdss.sdss.fiber1.001.Hb.png
-rw-r--r-- 1 root root 475K Sep 28 18:18 linefits.sdss.sdss.fiber1.001.OII.png
-rw-r--r-- 1 root root 455K Sep 28 18:18 linefits.sdss.sdss.fiber1.001.OIII4.png
-rw-r--r-- 1 root root 467K Sep 28 18:19 linefits.sdss.sdss.fiber1.001.OIII5.png
-rw-r--r-- 1 root root 482K Sep 28 18:19 linefits.sdss.sdss.fiber1.001.SII1.SII2.png
-rw-r--r-- 1 root root  20K Sep 28 18:19 linefits.sdss.sdss.fiber1.001.fits
-rw-r--r-- 1 root root 550K Sep 28 18:19 linefits.sdss.sdss.fiber1.001.png
