my_sdss.fits
[0.63840896 0.63840896 0.63840896 ... 0.63840896 0.63840896 0.63840896]
Directory  my_sdss  Created 
global my_sdss/
Directory  output/  already exists
stati 750641.5853223903
1 iter stat:  263.85126552774454
2 iter stat:  74.48116891692553
3 iter stat:  31.151616457817
4 iter stat:  46.529827918824594
5 iter stat:  14.5497142719978
6 iter stat:  16.631689549598377
7 iter stat:  16.204657422083983
8 iter stat:  9.843228612364328
9 iter stat:  11.669581864251086
10 iter stat:  13.284309978731471
fit ok
./output/my_sdss_model.csv
brokenpowerlaw + OIIIb5007_br + OIIIa4959_br + OIIIb5007_na + OIIIa4959_na + NII6583_na + NII6548_na + HBeta4863_br + HAlpha6565_br + HBeta4863_na + HAlpha6565_na + feii
   Param        Type          Value          Min          Max      Units
   -----        ----          -----          ---          ---      -----
   brokenpowerlaw.refer thawed      5404.85         5400         7000  angstroms
   brokenpowerlaw.ampl thawed      21.2554      19.5936      21.6561  angstroms
   brokenpowerlaw.index1 thawed     -0.52023           -3            0           
   brokenpowerlaw.index2 thawed       0.1207           -1            1           
   OIIIb5007_br.ampl thawed           50            0           50           
   OIIIb5007_br.pos frozen       5006.8            0  3.40282e+38  angstroms
   OIIIb5007_br.offs_kms thawed     -211.205        -1500          500       km/s
   OIIIb5007_br.fwhm thawed          700          700         6000       km/s
   OIIIa4959_br.ampl linked      16.6667 expr: OIIIb5007_br.ampl / 3.0           
   OIIIa4959_br.pos frozen       4958.9            0  3.40282e+38  angstroms
   OIIIa4959_br.offs_kms linked     -211.205 expr: OIIIb5007_br.offs_kms       km/s
   OIIIa4959_br.fwhm linked          700  expr: OIIIb5007_br.fwhm       km/s
   OIIIb5007_na.ampl thawed     0.783878            0           50           
   OIIIb5007_na.pos frozen       5006.8            0  3.40282e+38  angstroms
   OIIIb5007_na.offs_kms thawed        -1500        -1500          500       km/s
   OIIIb5007_na.fwhm thawed          100          100         1500       km/s
   OIIIa4959_na.ampl linked     0.261293 expr: OIIIb5007_na.ampl / 3.0           
   OIIIa4959_na.pos frozen       4958.9            0  3.40282e+38  angstroms
   OIIIa4959_na.offs_kms linked        -1500 expr: OIIIb5007_na.offs_kms       km/s
   OIIIa4959_na.fwhm linked          100  expr: OIIIb5007_na.fwhm       km/s
   NII6583_na.ampl thawed            0            0           50           
   NII6583_na.pos frozen      6583.46            0  3.40282e+38  angstroms
   NII6583_na.offs_kms linked        -1500 expr: OIIIb5007_na.offs_kms       km/s
   NII6583_na.fwhm linked          100  expr: OIIIb5007_na.fwhm       km/s
   NII6548_na.ampl linked            0 expr: NII6583_na.ampl / 3.0           
   NII6548_na.pos frozen      6548.05            0  3.40282e+38  angstroms
   NII6548_na.offs_kms linked        -1500 expr: OIIIb5007_na.offs_kms       km/s
   NII6548_na.fwhm linked          100  expr: OIIIb5007_na.fwhm       km/s
   HBeta4863_br.ampl thawed      7.95353            0           50           
   HBeta4863_br.pos frozen      4862.68            0  3.40282e+38  angstroms
   HBeta4863_br.offs_kms thawed      303.427        -1500          500       km/s
   HBeta4863_br.fwhm thawed      5075.41          700         6000       km/s
   HAlpha6565_br.ampl thawed      29.4989            0           50           
   HAlpha6565_br.pos frozen       6564.6            0  3.40282e+38  angstroms
   HAlpha6565_br.offs_kms thawed      201.731        -1500          500       km/s
   HAlpha6565_br.fwhm thawed      3697.91          700         6000       km/s
   HBeta4863_na.ampl thawed      17.0176            0           50           
   HBeta4863_na.pos frozen      4862.68            0  3.40282e+38  angstroms
   HBeta4863_na.offs_kms thawed     -174.199        -1500          500       km/s
   HBeta4863_na.fwhm thawed      317.264          100         1500       km/s
   HAlpha6565_na.ampl thawed      31.7617            0           50           
   HAlpha6565_na.pos frozen       6564.6            0  3.40282e+38  angstroms
   HAlpha6565_na.offs_kms thawed     -174.115        -1500          500       km/s
   HAlpha6565_na.fwhm thawed         1500          100         1500       km/s
   feii.amp_a2D2 thawed            0            0         1000           
   feii.amp_a4G thawed    0.0321341            0         1000           
   feii.amp_a4H thawed     0.989085            0         1000           
   feii.amp_a6S thawed     0.484362            0         1000           
   feii.amp_b2H thawed            0            0         1000           
   feii.amp_b4D thawed            0            0         1000           
   feii.amp_b4F thawed     0.387754            0         1000           
   feii.amp_b4P thawed            0            0         1000           
   feii.amp_e4D thawed            0            0         1000           
   feii.amp_z4D thawed      0.39855            0         1000           
   feii.amp_z4F thawed      3.44145            0         1000           
   feii.amp_z4P thawed      1.74909            0         1000           
   feii.amp_y4G thawed            0            0         1000           
   feii.amp_b4G thawed            0            0         1000           
   feii.amp_x4D thawed     0.705038            0         1000           
   feii.amp_y4P thawed            0            0         1000           
   feii.offs_kms thawed          800         -800          800           
   feii.fwhm    thawed         6000          300         6000           
mcmc ok
