7.0.1
1.3.2
2.1.6
3.1.6
['/home/onur/Documents/AGNEmissionLines_ThirdPartyLibraries/pyqsofit/PyQSOFit/src/pyqsofit']
FWHM Resolution: 2.5 Å
[ 3566.97426784  3567.79484559  3568.6175712  ... 10394.41199851
 10396.80892696 10399.20640813] Angstrom [79.53003693 79.52258301 79.51514435 ... 22.3018322  22.30209541
 22.30235863] erg / (Angstrom s cm2) [1.59060074 1.59045166 1.59030289 ... 0.44603664 0.44604191 0.44604717] erg / (Angstrom s cm2) 0.17511339485645294
Name            Value      Min      Max   Stderr     Vary     Expr Brute_Step
Balmer_Tau        0.5      0.1        2     None    False     None     None
Balmer_Te     1.5e+04    1e+04    5e+04     None    False     None     None
Blamer_norm         0        0    1e+10     None    False     None     None
Fe_op_FWHM       3000     1200  1.8e+04     None    False     None     None
Fe_op_norm          0        0    1e+10     None    False     None     None
Fe_op_shift         0    -0.01     0.01     None    False     None     None
Fe_uv_FWHM       3000     1200  1.8e+04     None    False     None     None
Fe_uv_norm          0        0    1e+10     None    False     None     None
Fe_uv_shift         0    -0.01     0.01     None    False     None     None
PL_norm             1        0    1e+10     None     True     None     None
PL_slope         -1.5       -5        3     None     True     None     None
conti_a_0           0     -inf      inf     None     True     None     None
conti_a_1           0     -inf      inf     None     True     None     None
conti_a_2           0     -inf      inf     None     True     None     None
Fitting continuum
Fit report
[[Variables]]
    Fe_uv_norm:   0 (fixed)
    Fe_uv_FWHM:   3000 (fixed)
    Fe_uv_shift:  0 (fixed)
    Fe_op_norm:   0 (fixed)
    Fe_op_FWHM:   3000 (fixed)
    Fe_op_shift:  0 (fixed)
    PL_norm:      66.1580002 +/- 4.50093377 (6.80%) (init = 1)
    PL_slope:     0.45354663 +/- 151.421001 (33385.98%) (init = -1.5)
    Blamer_norm:  0 (fixed)
    Balmer_Te:    15000 (fixed)
    Balmer_Tau:   0.5 (fixed)
    conti_a_0:   -42894.3181 +/- 3352392.82 (7815.47%) (init = 0)
    conti_a_1:    8.96440850 +/- 65.1076859 (726.29%) (init = 0)
    conti_a_2:   -7.1845e-04 +/- 0.00162986 (226.86%) (init = 0)
[[Correlations]] (unreported correlations are < 0.100)
    C(PL_slope, conti_a_0)  = -1.0000
    C(conti_a_0, conti_a_1) = -1.0000
    C(PL_slope, conti_a_1)  = +1.0000
    C(conti_a_1, conti_a_2) = -0.9999
    C(conti_a_0, conti_a_2) = +0.9998
    C(PL_slope, conti_a_2)  = -0.9998
    C(PL_norm, conti_a_2)   = -0.9924
    C(PL_norm, conti_a_1)   = +0.9906
    C(PL_norm, conti_a_0)   = -0.9900
    C(PL_norm, PL_slope)    = +0.9899
Name                    Value      Min      Max   Stderr     Vary     Expr Brute_Step
Hb_br_1_dwave               0    -0.01     0.01     None     True     None     None
Hb_br_1_scale               0        0    1e+10     None     True     None     None
Hb_br_1_sigma           0.005    0.004     0.05     None     True     None     None
Hb_na_1_dwave               0    -0.01     0.01     None     True     None     None
Hb_na_1_scale               0        0    1e+10     None     True     None     None
Hb_na_1_sigma           0.001  0.00023  0.00169     None     True     None     None
HeII4687_br_1_dwave         0   -0.005    0.005     None     True     None     None
HeII4687_br_1_scale         0        0    1e+10     None     True     None     None
HeII4687_br_1_sigma     0.005    0.004     0.05     None     True     None     None
HeII4687_na_1_dwave         0   -0.005    0.005     None    False Hb_na_1_dwave     None
HeII4687_na_1_scale         0        0    1e+10     None     True     None     None
HeII4687_na_1_sigma     0.001  0.00023  0.00169     None    False Hb_na_1_sigma     None
OIII4959c_1_dwave           0    -0.01     0.01     None    False Hb_na_1_dwave     None
OIII4959c_1_scale           0        0    1e+10     None     True     None     None
OIII4959c_1_sigma       0.001  0.00023  0.00169     None    False Hb_na_1_sigma     None
OIII4959w_1_dwave           0    -0.01     0.01     None     True     None     None
OIII4959w_1_scale           0        0    1e+10     None     True     None     None
OIII4959w_1_sigma       0.003  0.00023    0.004     None     True     None     None
OIII5007c_1_dwave           0    -0.01     0.01     None    False Hb_na_1_dwave     None
OIII5007c_1_scale           0        0    1e+10     None    False 3.0303030014038086 * OIII4959c_1_scale     None
OIII5007c_1_sigma       0.001  0.00023  0.00169     None    False Hb_na_1_sigma     None
OIII5007w_1_dwave           0    -0.01     0.01     None    False OIII4959w_1_dwave     None
OIII5007w_1_scale           0        0    1e+10     None    False 3.0303030014038086 * OIII4959w_1_scale     None
OIII5007w_1_sigma       0.003  0.00023    0.004     None    False OIII4959w_1_sigma     None
Fitting complex Hb
Fit report
[[Variables]]
    Hb_br_1_scale:        26.8898165 +/- 0.60992189 (2.27%) (init = 0)
    Hb_br_1_dwave:        4.1480e-04 +/- 1.1143e-04 (26.86%) (init = 0)
    Hb_br_1_sigma:        0.00580355 +/- 1.1449e-04 (1.97%) (init = 0.005)
    Hb_na_1_scale:        13.8212691 +/- 1.57120497 (11.37%) (init = 0)
    Hb_na_1_dwave:       -6.3663e-04 +/- 2.6544e-05 (4.17%) (init = 0)
    Hb_na_1_sigma:        7.6344e-04 +/- 2.4899e-05 (3.26%) (init = 0.001)
    OIII4959c_1_scale:    13.0675026 +/- 0.48150908 (3.68%) (init = 0)
    OIII4959c_1_dwave:   -6.3663e-04 +/- 2.6544e-05 (4.17%) == 'Hb_na_1_dwave'
    OIII4959c_1_sigma:    7.6344e-04 +/- 2.4899e-05 (3.26%) == 'Hb_na_1_sigma'
    OIII5007c_1_scale:    39.5984925 +/- 1.45911841 (3.68%) == '3.0303030014038086 * OIII4959c_1_scale'
    OIII5007c_1_dwave:   -6.3663e-04 +/- 2.6544e-05 (4.17%) == 'Hb_na_1_dwave'
    OIII5007c_1_sigma:    7.6344e-04 +/- 2.4899e-05 (3.26%) == 'Hb_na_1_sigma'
    OIII4959w_1_scale:    1.51400392 +/- 0.50419309 (33.30%) (init = 0)
    OIII4959w_1_dwave:   -0.00980521 +/- 1.2591e-04 (1.28%) (init = 0)
    OIII4959w_1_sigma:    2.5646e-04 +/- 1.2435e-04 (48.49%) (init = 0.003)
    OIII5007w_1_scale:    4.58789063 +/- 1.52785785 (33.30%) == '3.0303030014038086 * OIII4959w_1_scale'
    OIII5007w_1_dwave:   -0.00980521 +/- 1.2591e-04 (1.28%) == 'OIII4959w_1_dwave'
    OIII5007w_1_sigma:    2.5646e-04 +/- 1.2435e-04 (48.49%) == 'OIII4959w_1_sigma'
    HeII4687_br_1_scale:  2.78643997 +/- 0.35612547 (12.78%) (init = 0)
    HeII4687_br_1_dwave: -0.00500000 +/- 0.00216863 (43.37%) (init = 0)
    HeII4687_br_1_sigma:  0.00464900 +/- 0.00110446 (23.76%) (init = 0.005)
    HeII4687_na_1_scale:  1.06752440 +/- 0.76462623 (71.63%) (init = 0)
    HeII4687_na_1_dwave: -6.3663e-04 +/- 2.6544e-05 (4.17%) == 'Hb_na_1_dwave'
    HeII4687_na_1_sigma:  7.6344e-04 +/- 2.4899e-05 (3.26%) == 'Hb_na_1_sigma'
[[Correlations]] (unreported correlations are < 0.100)
    C(Hb_br_1_scale, Hb_br_1_sigma)             = -0.6890
    C(Hb_na_1_sigma, OIII4959c_1_scale)         = -0.6302
    C(HeII4687_br_1_scale, HeII4687_br_1_sigma) = -0.5296
    C(OIII4959w_1_scale, OIII4959w_1_sigma)     = -0.5252
    C(Hb_br_1_scale, Hb_na_1_scale)             = -0.5218
    C(HeII4687_br_1_dwave, HeII4687_na_1_scale) = +0.4554
    C(HeII4687_br_1_dwave, HeII4687_br_1_sigma) = +0.3750
    C(Hb_br_1_sigma, Hb_na_1_scale)             = +0.3506
    C(HeII4687_br_1_scale, HeII4687_na_1_scale) = -0.2549
    C(HeII4687_br_1_scale, HeII4687_br_1_dwave) = -0.2518
    C(OIII4959c_1_scale, OIII4959w_1_sigma)     = -0.1568
    C(OIII4959c_1_scale, OIII4959w_1_scale)     = -0.1483
    C(Hb_na_1_sigma, OIII4959w_1_dwave)         = -0.1482
    C(OIII4959c_1_scale, OIII4959w_1_dwave)     = +0.1394
    C(Hb_br_1_dwave, Hb_na_1_scale)             = +0.1391
    C(Hb_na_1_dwave, OIII4959c_1_scale)         = +0.1307
    C(Hb_br_1_scale, Hb_br_1_dwave)             = -0.1202
    C(Hb_na_1_dwave, OIII4959w_1_scale)         = -0.1067
Name                Value      Min      Max   Stderr     Vary     Expr Brute_Step
Ha_br_1_dwave           0   -0.015    0.015     None     True     None     None
Ha_br_1_scale           0        0    1e+10     None     True     None     None
Ha_br_1_sigma       0.005    0.004     0.05     None     True     None     None
Ha_na_1_dwave           0    -0.01     0.01     None     True     None     None
Ha_na_1_scale           0        0    1e+10     None     True     None     None
Ha_na_1_sigma       0.001   0.0005  0.00169     None     True     None     None
NII6549_1_dwave         0   -0.005    0.005     None    False Ha_na_1_dwave     None
NII6549_1_scale         0        0    1e+10     None     True     None     None
NII6549_1_sigma     0.001  0.00023  0.00169     None    False Ha_na_1_sigma     None
NII6585_1_dwave         0   -0.005    0.005     None    False Ha_na_1_dwave     None
NII6585_1_scale         0        0    1e+10     None    False 3.0 * NII6549_1_scale     None
NII6585_1_sigma     0.001  0.00023  0.00169     None    False Ha_na_1_sigma     None
SII6718_1_dwave         0   -0.005    0.005     None    False Ha_na_1_dwave     None
SII6718_1_scale         0        0    1e+10     None     True     None     None
SII6718_1_sigma     0.001  0.00023  0.00169     None    False Ha_na_1_sigma     None
SII6732_1_dwave         0   -0.005    0.005     None    False Ha_na_1_dwave     None
SII6732_1_scale         0        0    1e+10     None     True     None     None
SII6732_1_sigma     0.001  0.00023  0.00169     None    False Ha_na_1_sigma     None
Fitting complex Ha
Fit report
[[Variables]]
    Ha_br_1_scale:    30.3601683 (init = 0)
    Ha_br_1_dwave:   -2.2089e-05 (init = 0)
    Ha_br_1_sigma:    0.00863434 (init = 0.005)
    Ha_na_1_scale:    51.5847548 (init = 0)
    Ha_na_1_dwave:   -0.00134559 (init = 0)
    Ha_na_1_sigma:    0.00169000 (init = 0.001)
    NII6549_1_scale:  19.3915706 (init = 0)
    NII6549_1_dwave: -0.00134559 == 'Ha_na_1_dwave'
    NII6549_1_sigma:  0.00169000 == 'Ha_na_1_sigma'
    NII6585_1_scale:  58.1747117 == '3.0 * NII6549_1_scale'
    NII6585_1_dwave: -0.00134559 == 'Ha_na_1_dwave'
    NII6585_1_sigma:  0.00169000 == 'Ha_na_1_sigma'
    SII6718_1_scale:  1.53388635 (init = 0)
    SII6718_1_dwave: -0.00134559 == 'Ha_na_1_dwave'
    SII6718_1_sigma:  0.00169000 == 'Ha_na_1_sigma'
    SII6732_1_scale:  3.88494736 (init = 0)
    SII6732_1_dwave: -0.00134559 == 'Ha_na_1_dwave'
    SII6732_1_sigma:  0.00169000 == 'Ha_na_1_sigma'
Saving figure as ./result.pdf
Fitting finished in 14.2s
wrote pyqsofit_model.csv
['ra' 'dec' 'plateid' 'MJD' 'fiberid' 'redshift' 'SN_ratio_conti'
 'Fe_uv_norm' 'Fe_uv_FWHM' 'Fe_uv_shift' 'Fe_op_norm' 'Fe_op_FWHM'
 'Fe_op_shift' 'PL_norm' 'PL_slope' 'Blamer_norm' 'Balmer_Te' 'Balmer_Tau'
 'conti_a_0' 'conti_a_1' 'conti_a_2' 'L1350' 'L1450' 'L3000' 'L4200'
 'L5100' 'Fe_flux_4435_4685' 'SN_host' 'rchi2_decomp' 'frac_host_4200'
 'frac_host_5100' 'Dn4000' 'sigma' 'sigma_err' 'v_off' 'v_off_err'
 'rchi2_ppxf' 'gal_par_0' 'gal_par_1' 'gal_par_2' 'gal_par_3' 'gal_par_4'
 'qso_par_0' 'qso_par_1' 'qso_par_2' 'qso_par_3' 'qso_par_4' 'qso_par_5'
 'qso_par_6' 'qso_par_7' 'qso_par_8' 'qso_par_9']

['-999' '-999' '0' '0' '0' '0.17511339485645294' '32.390285300713984'
 '0.0' '3000.0' '0.0' '0.0' '3000.0' '0.0' '66.15800018927587'
 '0.4535466277501632' '0.0' '15000.0' '0.5' '-42894.31811983309'
 '8.964408497173403' '-0.0007184494960160726' '-1.0' '-1.0' '-1.0'
 '44.12664657828839' '44.070463073752315' '0.0' '8.159324903537964'
 '5.3934795587180195' '0.1878595567775824' '0.2386451827415352'
 '1.6862748696955436' '133.4554345016049' '17.25278743376885'
 '-92.24371668088594' '13.562486085584714' '1.1079235069511286'
 '329.20317775295973' '-81.19976974498935' '150.61773498559893'
 '109.63033086941307' '10.396348336108925' '4126.055080228926'
 '337.38088776735054' '-263.4334784352563' '3288.0407523309364'
 '363.6013731817652' '-315.6124790507834' '142.1621968889855'
 '-56.1114876213566' '486.55901993583126' '127.41429904696281']
['Hb_br_1_scale' 'Hb_br_1_centerwave' 'Hb_br_1_sigma' 'Hb_na_1_scale'
 'Hb_na_1_centerwave' 'Hb_na_1_sigma' 'OIII4959c_1_scale'
 'OIII4959c_1_centerwave' 'OIII4959c_1_sigma' 'OIII5007c_1_scale'
 'OIII5007c_1_centerwave' 'OIII5007c_1_sigma' 'OIII4959w_1_scale'
 'OIII4959w_1_centerwave' 'OIII4959w_1_sigma' 'OIII5007w_1_scale'
 'OIII5007w_1_centerwave' 'OIII5007w_1_sigma' 'HeII4687_br_1_scale'
 'HeII4687_br_1_centerwave' 'HeII4687_br_1_sigma' 'HeII4687_na_1_scale'
 'HeII4687_na_1_centerwave' 'HeII4687_na_1_sigma' 'Ha_br_1_scale'
 'Ha_br_1_centerwave' 'Ha_br_1_sigma' 'Ha_na_1_scale' 'Ha_na_1_centerwave'
 'Ha_na_1_sigma' 'NII6549_1_scale' 'NII6549_1_centerwave'
 'NII6549_1_sigma' 'NII6585_1_scale' 'NII6585_1_centerwave'
 'NII6585_1_sigma' 'SII6718_1_scale' 'SII6718_1_centerwave'
 'SII6718_1_sigma' 'SII6732_1_scale' 'SII6732_1_centerwave'
 'SII6732_1_sigma']

[2.68898165e+01 8.48976035e+00 5.80354936e-03 1.38212691e+01
 8.48870892e+00 7.63444414e-04 1.30675026e+01 8.50858445e+00
 7.63444414e-04 3.95984925e+01 8.51820321e+00 7.63444414e-04
 1.51400392e+00 8.49941587e+00 2.56460639e-04 4.58789063e+00
 8.50903462e+00 2.56460639e-04 2.78643997e+00 8.44755185e+00
 4.64899607e-03 1.06752440e+00 8.45191521e+00 7.63444414e-04
 3.03601683e+01 8.78942665e+00 8.63434240e-03 5.15847548e+01
 8.78810315e+00 1.68999995e-03 1.93915706e+01 8.78585152e+00
 1.68999995e-03 5.81747117e+01 8.79124646e+00 1.68999995e-03
 1.53388635e+00 8.81124310e+00 1.68999995e-03 3.88494736e+00
 8.81338124e+00 1.68999995e-03]
['Hb_br_1_scale' 'Hb_br_1_sigma' 'Hb_na_1_centerwave' 'OIII4959c_1_scale'
 'OIII4959c_1_sigma' 'OIII5007c_1_centerwave' 'OIII4959w_1_scale'
 'OIII4959w_1_sigma' 'OIII5007w_1_centerwave' 'HeII4687_br_1_scale'
 'HeII4687_br_1_sigma' 'HeII4687_na_1_centerwave' 'Ha_br_1_scale'
 'Ha_br_1_sigma' 'Ha_na_1_centerwave' 'NII6549_1_scale' 'NII6549_1_sigma'
 'NII6585_1_centerwave' 'SII6718_1_scale' 'SII6718_1_sigma'
 'SII6732_1_centerwave']

[]
(0,)
['1_complex_name' '1_line_status' '1_line_min_chi2' '1_line_bic'
 '1_line_red_chi2' '1_niter' '1_ndof' '2_complex_name' '2_line_status'
 '2_line_min_chi2' '2_line_bic' '2_line_red_chi2' '2_niter' '2_ndof'
 'Hb_br_1_scale' 'Hb_br_1_centerwave' 'Hb_br_1_sigma' 'Hb_na_1_scale'
 'Hb_na_1_centerwave' 'Hb_na_1_sigma' 'OIII4959c_1_scale'
 'OIII4959c_1_centerwave' 'OIII4959c_1_sigma' 'OIII5007c_1_scale'
 'OIII5007c_1_centerwave' 'OIII5007c_1_sigma' 'OIII4959w_1_scale'
 'OIII4959w_1_centerwave' 'OIII4959w_1_sigma' 'OIII5007w_1_scale'
 'OIII5007w_1_centerwave' 'OIII5007w_1_sigma' 'HeII4687_br_1_scale'
 'HeII4687_br_1_centerwave' 'HeII4687_br_1_sigma' 'HeII4687_na_1_scale'
 'HeII4687_na_1_centerwave' 'HeII4687_na_1_sigma' 'Ha_br_1_scale'
 'Ha_br_1_centerwave' 'Ha_br_1_sigma' 'Ha_na_1_scale' 'Ha_na_1_centerwave'
 'Ha_na_1_sigma' 'NII6549_1_scale' 'NII6549_1_centerwave'
 'NII6549_1_sigma' 'NII6585_1_scale' 'NII6585_1_centerwave'
 'NII6585_1_sigma' 'SII6718_1_scale' 'SII6718_1_centerwave'
 'SII6718_1_sigma' 'SII6732_1_scale' 'SII6732_1_centerwave'
 'SII6732_1_sigma' 'Hb_whole_br_fwhm' 'Hb_whole_br_sigma' 'Hb_whole_br_ew'
 'Hb_whole_br_peak' 'Hb_whole_br_area' 'Hb_whole_br_snr'
 'Ha_whole_br_fwhm' 'Ha_whole_br_sigma' 'Ha_whole_br_ew'
 'Ha_whole_br_peak' 'Ha_whole_br_area' 'Ha_whole_br_snr']

['Hb' '1' '2198.4697492430337' '773.4759104819971' '5.537707176934593'
 '3289' '397' 'Ha' '1' '1533.26732719145' '513.8189683666981'
 '6.036485540123819' '188' '254' '26.889816484576556' '8.489760347867216'
 '0.005803549357311465' '13.821269129188352' '8.488708921747628'
 '0.0007634444139234421' '13.067502635522033' '8.508584448175851'
 '0.0007634444139234421' '39.598492457274595' '8.518203207331124'
 '0.0007634444139234421' '1.514003922231666' '8.499415865448013'
 '0.00025646063913672664' '4.587890629675756' '8.509034624603286'
 '0.00025646063913672664' '2.786439967650267' '8.447551845529281'
 '0.00464899606996306' '1.0675244022095853' '8.451915212946359'
 '0.0007634444139234421' '30.36016826829524' '8.789426649142914'
 '0.008634342404178085' '51.584754801048405' '8.788103147292436'
 '0.0016899999463930726' '19.391570571514194' '8.7858515222314'
 '0.0016899999463930726' '58.17471171454258' '8.79124645783931'
 '0.0016899999463930726' '1.5338863512681655' '8.811243100905717'
 '0.0016899999463930726' '3.8849473638080667' '8.8133812387231'
 '0.0016899999463930726' '4098.950560784737' '3657.316321048848'
 '70.63679386819369' '4864.992687558236' '2051.595190760271'
 '13.762275551102503' '6095.847521936023' '2553.9918588178493'
 '188.39154284420096' '6563.7048882767385' '4301.934942596512'
 '24.4398085594931']
Broad Hb:
FWHM (km/s) 4098.8
Sigma (km/s) 1717.3
EW (A) 65.7
Peak (A) 4864.7
Area (10^(-17) erg/s/cm^2) 1897.8
SNR 12.0

Narrow Hb:
FWHM (km/s) 538.7
Sigma (km/s) 225.5
EW (A) 4.4
Peak (A) 4859.6
Area (10^(-17) erg/s/cm^2) 128.2
SNR 5.5

Broad [OIII]5007:
FWHM (km/s) 0
Sigma (km/s) 0
EW (A) 0
Peak (A) 0
Area (10^(-17) erg/s/cm^2) 0
SNR 0

Narrow [OIII]5007:
FWHM (km/s) 538.7
Sigma (km/s) 225.5
EW (A) 13.7
Peak (A) 5005.1
Area (10^(-17) erg/s/cm^2) 378.2
SNR 15.3
