my_sdss.fits
Host contribution is negliglable
[0.8948797 0.8948797 0.8948797 ... 0.8948797 0.8948797 0.8948797]
Directory  my_sdss  Created 
global my_sdss/
Directory  output/  already exists
stati 396409.8876641104
1 iter stat:  483.7603312316678
2 iter stat:  102.82162977772168
3 iter stat:  58.27648669907285
4 iter stat:  31.68106875630474
5 iter stat:  23.106924582767533
6 iter stat:  18.90041615010705
7 iter stat:  16.358806718802953
8 iter stat:  14.599962855329068
9 iter stat:  13.225285597512993
10 iter stat:  12.148817539720767
11 iter stat:  11.195513889528229
12 iter stat:  10.31446420203065
13 iter stat:  9.60327230103212
14 iter stat:  8.923319029781851
15 iter stat:  8.300966568720469
16 iter stat:  6.050150942646724
17 iter stat:  5.058536418229778
18 iter stat:  4.456927469767834
19 iter stat:  4.076817504635983
20 iter stat:  3.896087368884764
21 iter stat:  3.614834445852466
22 iter stat:  3.5324232632374333
23 iter stat:  3.3749476203593076
24 iter stat:  3.1914810566704546
25 iter stat:  3.0807752915679885
26 iter stat:  2.9883190838372684
27 iter stat:  2.8647432081816078
28 iter stat:  2.7756685698950605
29 iter stat:  2.6590128237658064
30 iter stat:  2.611670886093634
fit ok
./output/my_sdss_model.csv
brokenpowerlaw + OIIIb5007_na + OIIIa4959_na + NII6583_na + NII6548_na + HBeta4863_br + HAlpha6565_br + HBeta4863_na + HAlpha6565_na + feii
   Param        Type          Value          Min          Max      Units
   -----        ----          -----          ---          ---      -----
   brokenpowerlaw.refer thawed      5416.51         5400         7000  angstroms
   brokenpowerlaw.ampl thawed      27.2433      24.7001      27.3001  angstroms
   brokenpowerlaw.index1 thawed     -1.52531           -3            0           
   brokenpowerlaw.index2 thawed     0.676354           -1            1           
   OIIIb5007_na.ampl thawed      79.6891            0          200           
   OIIIb5007_na.pos frozen      5006.84            0  3.40282e+38  angstroms
   OIIIb5007_na.offs_kms thawed     -29.9497        -1500          500       km/s
   OIIIb5007_na.fwhm thawed          600           70          600       km/s
   OIIIa4959_na.ampl linked       26.563 expr: OIIIb5007_na.ampl / 3.0           
   OIIIa4959_na.pos frozen       4958.9            0  3.40282e+38  angstroms
   OIIIa4959_na.offs_kms linked     -29.9497 expr: OIIIb5007_na.offs_kms       km/s
   OIIIa4959_na.fwhm linked          600  expr: OIIIb5007_na.fwhm       km/s
   NII6583_na.ampl thawed      25.6424            0          200           
   NII6583_na.pos frozen      6583.46            0  3.40282e+38  angstroms
   NII6583_na.offs_kms linked     -29.9497 expr: OIIIb5007_na.offs_kms       km/s
   NII6583_na.fwhm linked          600  expr: OIIIb5007_na.fwhm       km/s
   NII6548_na.ampl linked      8.54747 expr: NII6583_na.ampl / 3.0           
   NII6548_na.pos frozen      6548.05            0  3.40282e+38  angstroms
   NII6548_na.offs_kms linked     -29.9497 expr: OIIIb5007_na.offs_kms       km/s
   NII6548_na.fwhm linked          600  expr: OIIIb5007_na.fwhm       km/s
   HBeta4863_br.ampl thawed      22.6608            0          200           
   HBeta4863_br.pos frozen      4861.33            0  3.40282e+38  angstroms
   HBeta4863_br.offs_kms thawed      15.0984        -1500          500       km/s
   HBeta4863_br.fwhm thawed      5533.83         1200         8000       km/s
   HAlpha6565_br.ampl thawed      61.9444            0          200           
   HAlpha6565_br.pos frozen      6562.82            0  3.40282e+38  angstroms
   HAlpha6565_br.offs_kms linked      15.0984 expr: HBeta4863_br.offs_kms       km/s
   HAlpha6565_br.fwhm linked      5533.83  expr: HBeta4863_br.fwhm       km/s
   HBeta4863_na.ampl thawed      9.41018            0          200           
   HBeta4863_na.pos frozen      4861.33            0  3.40282e+38  angstroms
   HBeta4863_na.offs_kms linked     -29.9497 expr: OIIIb5007_na.offs_kms       km/s
   HBeta4863_na.fwhm linked          600  expr: OIIIb5007_na.fwhm       km/s
   HAlpha6565_na.ampl thawed      51.1064            0          200           
   HAlpha6565_na.pos frozen      6562.82            0  3.40282e+38  angstroms
   HAlpha6565_na.offs_kms linked     -29.9497 expr: OIIIb5007_na.offs_kms       km/s
   HAlpha6565_na.fwhm linked          600  expr: OIIIb5007_na.fwhm       km/s
   feii.amp_a2D2 thawed            0            0         1000           
   feii.amp_a4G thawed       1.6494            0         1000           
   feii.amp_a4H thawed      3.26066            0         1000           
   feii.amp_a6S thawed       3.0183            0         1000           
   feii.amp_b2H thawed            0            0         1000           
   feii.amp_b4D thawed            0            0         1000           
   feii.amp_b4F thawed      1.31516            0         1000           
   feii.amp_b4P thawed            0            0         1000           
   feii.amp_e4D thawed            0            0         1000           
   feii.amp_z4D thawed      1.81857            0         1000           
   feii.amp_z4F thawed      3.17138            0         1000           
   feii.amp_z4P thawed            0            0         1000           
   feii.amp_y4G thawed            0            0         1000           
   feii.amp_b4G thawed            0            0         1000           
   feii.amp_x4D thawed     0.562243            0         1000           
   feii.amp_y4P thawed            0            0         1000           
   feii.offs_kms thawed      289.567         -800          800           
   feii.fwhm    thawed         5519          300         6000           
skipping monte_carlo (FANTASY_MC=0)
