patched GLEAM label offsets
patched GLEAM non-fatal plotting
patched GLEAM doublet ties
WARNING: AstropyDeprecationWarning: The truth value of a Quantity is ambiguous. In the future this will raise a ValueError. [astropy.units.quantity]
Matplotlib is building the font cache; this may take a moment.
Now working in  on sdss in sdss + fiber1 on source 1 at z=0.083.
Warning: non-constant dispersion
[[Model]]
    (Model(constant) + Model(gaussian, prefix='g0_'))
[[Fit Statistics]]
    # fitting method   = leastsq
    # function evals   = 41
    # data points      = 93
    # variables        = 4
    chi-square         = 234.607606
    reduced chi-square = 2.63604052
    Akaike info crit   = 94.0542824
    Bayesian info crit = 104.184680
    R-squared          = 0.94719385
[[Variables]]
    c:             98.3161067 +/- 1.06138954 (1.08%) (init = 101.7752)
    g0_amplitude:  1089.12729 +/- 41.0011896 (3.76%) (init = 413.6293)
    g0_center:     3731.02308 +/- 0.10014779 (0.00%) (init = 3728.48)
    g0_sigma:      2.44215061 +/- 0.09790085 (4.01%) (init = 0.9801661)
    g0_fwhm:       5.75082511 +/- 0.23053888 (4.01%) == '2.3548200*g0_sigma'
    g0_height:     177.916523 +/- 6.98259803 (3.92%) == '0.3989423*g0_amplitude/max(1e-15, g0_sigma)'
[[Correlations]] (unreported correlations are < 0.100)
    C(g0_amplitude, g0_sigma) = +0.4917
    C(c, g0_amplitude)        = -0.3455
    C(c, g0_sigma)            = -0.2367
Warning: non-constant dispersion
Warning: non-constant dispersion
[[Model]]
    ((Model(constant) + Model(gaussian, prefix='g0_')) + Model(gaussian, prefix='g1_'))
[[Fit Statistics]]
    # fitting method   = leastsq
    # function evals   = 205
    # data points      = 72
    # variables        = 7
    chi-square         = 84.2304438
    reduced chi-square = 1.29585298
    Akaike info crit   = 25.2961018
    Bayesian info crit = 41.2327646
    R-squared          = 0.91856029
[[Variables]]
    c:             463.899150 +/- 2.71922489 (0.59%) (init = 479.1841)
    g0_amplitude:  777.487728 +/- 74.3644600 (9.56%) (init = 393.5066)
    g0_center:     4865.20903 +/- 0.15369918 (0.00%) (init = 4862.68)
    g0_sigma:      2.12417490 +/- 0.17566924 (8.27%) (init = 0.9801661)
    g1_amplitude:  1071.91152 +/- 198.532555 (18.52%) (init = 393.5066)
    g1_center:     4859.68000 +/- 2.57002993 (0.05%) (init = 4862.68)
    g1_sigma:      11.1499252 +/- 1.73405468 (15.55%) (init = 0.9801661)
    g0_fwhm:       5.00204954 +/- 0.41366945 (8.27%) == '2.3548200*g0_sigma'
    g0_height:     146.020341 +/- 9.89475163 (6.78%) == '0.3989423*g0_amplitude/max(1e-15, g0_sigma)'
    g1_fwhm:       26.2560670 +/- 4.08338664 (15.55%) == '2.3548200*g1_sigma'
    g1_height:     38.3527994 +/- 5.56294220 (14.50%) == '0.3989423*g1_amplitude/max(1e-15, g1_sigma)'
[[Correlations]] (unreported correlations are < 0.100)
    C(c, g1_amplitude)            = -0.7940
    C(g0_amplitude, g0_sigma)     = +0.7203
    C(c, g1_sigma)                = -0.6756
    C(g1_amplitude, g1_sigma)     = +0.6501
    C(g0_amplitude, g1_center)    = +0.5441
    C(g0_sigma, g1_center)        = +0.3869
    C(g0_amplitude, g1_amplitude) = -0.2946
    C(g0_amplitude, g1_sigma)     = +0.2688
    C(g0_center, g1_sigma)        = -0.2309
    C(g0_sigma, g1_amplitude)     = -0.2307
    C(g1_amplitude, g1_center)    = -0.1853
    C(g0_sigma, g1_sigma)         = +0.1787
    C(g1_center, g1_sigma)        = +0.1220
    C(c, g0_center)               = +0.1112
    C(g0_center, g1_amplitude)    = -0.1027
Warning: non-constant dispersion
Warning: non-constant dispersion
[[Model]]
    ((Model(constant) + Model(gaussian, prefix='g0_')) + Model(gaussian, prefix='g1_'))
[[Fit Statistics]]
    # fitting method   = leastsq
    # function evals   = 71
    # data points      = 112
    # variables        = 6
    chi-square         = 1140.75571
    reduced chi-square = 10.7618463
    Akaike info crit   = 271.946103
    Bayesian info crit = 288.257097
    R-squared          = 0.97150256
[[Variables]]
    c:             61.1785859 +/- 0.51709953 (0.85%) (init = 62.50485)
    g0_amplitude:  542.150056 +/- 12.1982143 (2.25%) == 'g1_amplitude / 3.0'
    g0_center:     4962.32526 +/- 0.21114794 (0.00%) (init = 4960.3)
    g0_sigma:      3.68993193 +/- 0.18919511 (5.13%) (init = 0.9801661)
    g1_amplitude:  1626.45017 +/- 36.5946431 (2.25%) (init = 477.2801)
    g1_center:     5010.21670 +/- 0.09034384 (0.00%) (init = 5008.24)
    g1_sigma:      3.55811830 +/- 0.08304638 (2.33%) (init = 0.9801661)
    g0_fwhm:       8.68912551 +/- 0.44552043 (5.13%) == '2.3548200*g0_sigma'
    g0_height:     58.6153334 +/- 2.97080371 (5.07%) == '0.3989423*g0_amplitude/max(1e-15, g0_sigma)'
    g1_fwhm:       8.37872814 +/- 0.19555927 (2.33%) == '2.3548200*g1_sigma'
    g1_height:     182.360370 +/- 5.11598352 (2.81%) == '0.3989423*g1_amplitude/max(1e-15, g1_sigma)'
[[Correlations]] (unreported correlations are < 0.100)
    C(c, g1_amplitude)        = -0.3749
    C(g1_amplitude, g1_sigma) = +0.2513
    C(g0_sigma, g1_amplitude) = +0.2455
    C(c, g1_sigma)            = -0.2384
    C(c, g0_sigma)            = -0.1683
Warning: non-constant dispersion
Warning: non-constant dispersion
[[Model]]
    ((((Model(constant) + Model(gaussian, prefix='g0_')) + Model(gaussian, prefix='g1_')) + Model(gaussian, prefix='g2_')) + Model(gaussian, prefix='g3_'))
[[Fit Statistics]]
    # fitting method   = leastsq
    # function evals   = 585
    # data points      = 76
    # variables        = 12
    chi-square         = 2445.50610
    reduced chi-square = 38.2110328
    Akaike info crit   = 287.816826
    Bayesian info crit = 315.785627
    R-squared          = 0.88208918
##  Warning: uncertainties could not be estimated:
    g0_center:     at boundary
    g3_center:     at boundary
[[Variables]]
    c:             88.1204117 (init = 104.9167)
    g0_amplitude:  355.898719 == 'g3_amplitude / 3.0'
    g0_center:     6546.86000 (init = 6549.86)
    g0_sigma:      6.72138165 (init = 0.9801661)
    g1_amplitude:  347.763860 (init = 326.631)
    g1_center:     6567.05417 (init = 6564.6)
    g1_sigma:      0.38533587 (init = 0.9801661)
    g2_amplitude:  1852.67296 (init = 326.631)
    g2_center:     6565.77499 (init = 6564.6)
    g2_sigma:      8.72504187 (init = 0.9801661)
    g3_amplitude:  1067.69616 (init = 326.631)
    g3_center:     6588.27000 (init = 6585.27)
    g3_sigma:      4.12653880 (init = 0.9801661)
    g0_fwhm:       15.8276439 == '2.3548200*g0_sigma'
    g0_height:     21.1240874 == '0.3989423*g0_amplitude/max(1e-15, g0_sigma)'
    g1_fwhm:       0.90739661 == '2.3548200*g1_sigma'
    g1_height:     360.043602 == '0.3989423*g1_amplitude/max(1e-15, g1_sigma)'
    g2_fwhm:       20.5459031 == '2.3548200*g2_sigma'
    g2_height:     84.7112967 == '0.3989423*g2_amplitude/max(1e-15, g2_sigma)'
    g3_fwhm:       9.71725609 == '2.3548200*g3_sigma'
    g3_height:     103.221896 == '0.3989423*g3_amplitude/max(1e-15, g3_sigma)'
NonDetection when fitting set of lines [6549.86 6564.6  6564.6  6585.27] Angstrom, try a simpler model
[[Model]]
    (((Model(constant) + Model(gaussian, prefix='g0_')) + Model(gaussian, prefix='g1_')) + Model(gaussian, prefix='g2_'))
[[Fit Statistics]]
    # fitting method   = leastsq
    # function evals   = 865
    # data points      = 76
    # variables        = 10
    chi-square         = 5323.26883
    reduced chi-square = 80.6555883
    Akaike info crit   = 342.932322
    Bayesian info crit = 366.239655
    R-squared          = 0.74651632
##  Warning: uncertainties could not be estimated:
    g0_center:     at boundary
    g1_center:     at boundary
    g2_center:     at boundary
[[Variables]]
    c:             74.8988607 (init = 104.9167)
    g0_amplitude:  83.2971745 (init = 326.631)
    g0_center:     6552.86000 (init = 6549.86)
    g0_sigma:      1.88112821 (init = 0.9801661)
    g1_amplitude:  4222.17942 (init = 326.631)
    g1_center:     6567.60000 (init = 6564.6)
    g1_sigma:      23.6168456 (init = 0.9801661)
    g2_amplitude:  497.031901 (init = 326.631)
    g2_center:     6567.60000 (init = 6564.6)
    g2_sigma:      2.25454246 (init = 0.9801661)
    g0_fwhm:       4.42971833 == '2.3548200*g0_sigma'
    g0_height:     17.6653384 == '0.3989423*g0_amplitude/max(1e-15, g0_sigma)'
    g1_fwhm:       55.6134202 == '2.3548200*g1_sigma'
    g1_height:     71.3222248 == '0.3989423*g1_amplitude/max(1e-15, g1_sigma)'
    g2_fwhm:       5.30904168 == '2.3548200*g2_sigma'
    g2_height:     87.9500178 == '0.3989423*g2_amplitude/max(1e-15, g2_sigma)'
NonDetection when fitting set of lines [6549.86 6564.6  6564.6 ] Angstrom, try a simpler model
[[Model]]
    (((Model(constant) + Model(gaussian, prefix='g0_')) + Model(gaussian, prefix='g1_')) + Model(gaussian, prefix='g2_'))
[[Fit Statistics]]
    # fitting method   = leastsq
    # function evals   = 228
    # data points      = 76
    # variables        = 9
    chi-square         = 2759.86823
    reduced chi-square = 41.1920632
    Akaike info crit   = 291.007571
    Bayesian info crit = 311.984171
    R-squared          = 0.90107580
[[Variables]]
    c:             89.2503973 +/- 1.39453786 (1.56%) (init = 104.9167)
    g0_amplitude:  399.348098 +/- 29.1016317 (7.29%) == 'g2_amplitude / 3.0'
    g0_center:     6549.58904 +/- 1.17888580 (0.02%) (init = 6549.86)
    g0_sigma:      5.01039167 +/- 0.89774615 (17.92%) (init = 0.9801661)
    g1_amplitude:  1682.77887 +/- 126.896108 (7.54%) (init = 326.631)
    g1_center:     6567.60000 +/- 47.2623547 (0.72%) (init = 6564.6)
    g1_sigma:      5.83316223 +/- 0.52011778 (8.92%) (init = 0.9801661)
    g2_amplitude:  1198.04429 +/- 87.3048948 (7.29%) (init = 326.631)
    g2_center:     6588.27000 +/- 0.30165311 (0.00%) (init = 6585.27)
    g2_sigma:      4.49728147 +/- 0.34279772 (7.62%) (init = 0.9801661)
    g0_fwhm:       11.7985705 +/- 2.11403060 (17.92%) == '2.3548200*g0_sigma'
    g0_height:     31.7972843 +/- 5.50412727 (17.31%) == '0.3989423*g0_amplitude/max(1e-15, g0_sigma)'
    g1_fwhm:       13.7360471 +/- 1.22478376 (8.92%) == '2.3548200*g1_sigma'
    g1_height:     115.088806 +/- 8.32780659 (7.24%) == '0.3989423*g1_amplitude/max(1e-15, g1_sigma)'
    g2_fwhm:       10.5902884 +/- 0.80722692 (7.62%) == '2.3548200*g2_sigma'
    g2_height:     106.275435 +/- 7.85521666 (7.39%) == '0.3989423*g2_amplitude/max(1e-15, g2_sigma)'
[[Correlations]] (unreported correlations are < 0.100)
    C(g1_amplitude, g1_sigma)     = +0.6247
    C(g2_amplitude, g2_sigma)     = +0.5092
    C(g1_sigma, g2_sigma)         = -0.4034
    C(c, g2_amplitude)            = -0.3917
    C(g0_center, g1_sigma)        = -0.3686
    C(g1_sigma, g2_amplitude)     = -0.3336
    C(g0_center, g1_amplitude)    = -0.3278
    C(g1_sigma, g2_center)        = +0.3270
    C(g1_amplitude, g2_sigma)     = -0.3035
    C(c, g1_amplitude)            = -0.2879
    C(g0_sigma, g2_amplitude)     = +0.2853
    C(g1_amplitude, g2_center)    = +0.2796
    C(g0_center, g1_center)       = -0.2265
    C(c, g2_sigma)                = -0.2179
    C(c, g0_center)               = +0.2171
    C(g1_center, g1_sigma)        = +0.1959
    C(g1_amplitude, g2_amplitude) = -0.1948
    C(g0_center, g2_amplitude)    = +0.1788
    C(g0_sigma, g1_amplitude)     = -0.1642
    C(g0_center, g0_sigma)        = +0.1623
    C(g2_center, g2_sigma)        = -0.1601
    C(g0_sigma, g1_sigma)         = -0.1517
    C(g1_center, g2_sigma)        = +0.1504
    C(g1_center, g2_center)       = -0.1479
    C(g0_sigma, g2_sigma)         = +0.1414
    C(c, g1_sigma)                = -0.1381
    C(g0_center, g2_sigma)        = +0.1242
    C(g0_sigma, g1_center)        = -0.1192
Warning: non-constant dispersion
Warning: non-constant dispersion
Warning: non-constant dispersion
Warning: non-constant dispersion
[[Model]]
    ((Model(constant) + Model(gaussian, prefix='g0_')) + Model(gaussian, prefix='g1_'))
[[Fit Statistics]]
    # fitting method   = leastsq
    # function evals   = 171
    # data points      = 61
    # variables        = 7
    chi-square         = 294.671421
    reduced chi-square = 5.45687817
    Akaike info crit   = 110.074210
    Bayesian info crit = 124.850327
    R-squared          = 0.88148775
[[Variables]]
    c:             305.963595 +/- 1.99972894 (0.65%) (init = 312.9853)
    g0_amplitude:  1064.49526 +/- 89.2551937 (8.38%) (init = 347.7871)
    g0_center:     6721.29000 +/- 0.77871971 (0.01%) (init = 6718.29)
    g0_sigma:      3.11063993 +/- 0.28846441 (9.27%) (init = 0.9801661)
    g1_amplitude:  1076.86645 +/- 95.3814405 (8.86%) (init = 347.7871)
    g1_center:     6735.67000 +/- 0.15110863 (0.00%) (init = 6732.67)
    g1_sigma:      4.30676855 +/- 0.42907133 (9.96%) (init = 0.9801661)
    g0_fwhm:       7.32499713 +/- 0.67928175 (9.27%) == '2.3548200*g0_sigma'
    g0_height:     136.522451 +/- 11.8518738 (8.68%) == '0.3989423*g0_amplitude/max(1e-15, g0_sigma)'
    g1_fwhm:       10.1416647 +/- 1.01038575 (9.96%) == '2.3548200*g1_sigma'
    g1_height:     99.7517220 +/- 8.22800218 (8.25%) == '0.3989423*g1_amplitude/max(1e-15, g1_sigma)'
[[Correlations]] (unreported correlations are < 0.100)
    C(g1_amplitude, g1_sigma)  = +0.6214
    C(g0_amplitude, g0_sigma)  = +0.5205
    C(c, g1_amplitude)         = -0.4282
    C(c, g0_amplitude)         = -0.3111
    C(g0_center, g1_sigma)     = +0.3064
    C(g0_sigma, g1_sigma)      = -0.2872
    C(g0_sigma, g1_center)     = +0.2556
    C(g0_center, g1_amplitude) = +0.2271
    C(c, g1_sigma)             = -0.2108
    C(g0_center, g0_sigma)     = -0.2037
    C(g0_amplitude, g1_sigma)  = -0.2016
    C(g0_amplitude, g1_center) = +0.1970
    C(g0_center, g1_center)    = -0.1900
    C(c, g0_sigma)             = -0.1646
    C(g0_sigma, g1_amplitude)  = -0.1599
    C(g1_center, g1_sigma)     = -0.1496
Warning: non-constant dispersion
multiprocessing.pool.RemoteTraceback: 
"""
Traceback (most recent call last):
  File "/usr/local/lib/python3.8/multiprocessing/pool.py", line 125, in worker
    result = (True, func(*args, **kwds))
  File "/usr/local/lib/python3.8/multiprocessing/pool.py", line 51, in starmapstar
    return list(itertools.starmap(args[0], args[1]))
  File "/usr/local/lib/python3.8/site-packages/gleam/main.py", line 147, in run_main
    print("WARNING: GLEAM plot_line failed:", _e)
  File "/usr/local/lib/python3.8/contextlib.py", line 120, in __exit__
    next(self.gen)
  File "/usr/local/lib/python3.8/site-packages/gleam/plot_gaussian.py", line 401, in overview_plot
    plt.savefig(f"{basename}.png", format="png", bbox_inches="tight")
  File "/usr/local/lib/python3.8/site-packages/matplotlib/pyplot.py", line 1023, in savefig
    res = fig.savefig(*args, **kwargs)
  File "/usr/local/lib/python3.8/site-packages/matplotlib/figure.py", line 3378, in savefig
    self.canvas.print_figure(fname, **kwargs)
  File "/usr/local/lib/python3.8/site-packages/matplotlib/backend_bases.py", line 2342, in print_figure
    self.figure.draw(renderer)
  File "/usr/local/lib/python3.8/site-packages/matplotlib/artist.py", line 95, in draw_wrapper
    result = draw(artist, renderer, *args, **kwargs)
  File "/usr/local/lib/python3.8/site-packages/matplotlib/artist.py", line 72, in draw_wrapper
    return draw(artist, renderer)
  File "/usr/local/lib/python3.8/site-packages/matplotlib/figure.py", line 3175, in draw
    mimage._draw_list_compositing_images(
  File "/usr/local/lib/python3.8/site-packages/matplotlib/image.py", line 131, in _draw_list_compositing_images
    a.draw(renderer)
  File "/usr/local/lib/python3.8/site-packages/matplotlib/artist.py", line 39, in draw_wrapper
    return draw(artist, renderer, *args, **kwargs)
  File "/usr/local/lib/python3.8/site-packages/mpl_toolkits/axes_grid1/parasite_axes.py", line 138, in draw
    super().draw(renderer)
  File "/usr/local/lib/python3.8/site-packages/matplotlib/artist.py", line 72, in draw_wrapper
    return draw(artist, renderer)
  File "/usr/local/lib/python3.8/site-packages/matplotlib/axes/_base.py", line 3064, in draw
    mimage._draw_list_compositing_images(
  File "/usr/local/lib/python3.8/site-packages/matplotlib/image.py", line 131, in _draw_list_compositing_images
    a.draw(renderer)
  File "/usr/local/lib/python3.8/site-packages/matplotlib/artist.py", line 72, in draw_wrapper
    return draw(artist, renderer)
  File "/usr/local/lib/python3.8/site-packages/matplotlib/text.py", line 757, in draw
    posx = float(self.convert_xunits(self._x))
TypeError: only size-1 arrays can be converted to Python scalars
"""

The above exception was the direct cause of the following exception:

Traceback (most recent call last):
  File "/usr/local/bin/gleam", line 8, in <module>
    sys.exit(pipeline())
  File "/usr/local/lib/python3.8/site-packages/click/core.py", line 829, in __call__
    return self.main(*args, **kwargs)
  File "/usr/local/lib/python3.8/site-packages/click/core.py", line 782, in main
    rv = self.invoke(ctx)
  File "/usr/local/lib/python3.8/site-packages/click/core.py", line 1066, in invoke
    return ctx.invoke(self.callback, **ctx.params)
  File "/usr/local/lib/python3.8/site-packages/click/core.py", line 610, in invoke
    return callback(*args, **kwargs)
  File "/usr/local/lib/python3.8/site-packages/gleam/__init__.py", line 136, in pipeline
    p.starmap(gleam.main.run_main, unique_sources)
  File "/usr/local/lib/python3.8/multiprocessing/pool.py", line 372, in starmap
    return self._map_async(func, iterable, starmapstar, chunksize).get()
  File "/usr/local/lib/python3.8/multiprocessing/pool.py", line 771, in get
    raise self._value
TypeError: only size-1 arrays can be converted to Python scalars
Matplotlib Version: 3.7.5
total 5424
-rw-rw-r-- 1 1000 1000  17792 Sep 29 16:32 docker.log
-rw-r--r-- 1 1000 1000 520071 Sep 29 10:41 linefits.sdss.sdss.fiber1.001.Ha.Ha_broad.NII1.png
-rw-rw-r-- 1 1000 1000 506292 Sep 27 23:39 linefits.sdss.sdss.fiber1.001.Ha.NII1.png
-rw-r--r-- 1 root root 498877 Sep 30 01:51 linefits.sdss.sdss.fiber1.001.Hb.Hb_broad.png
-rw-rw-r-- 1 1000 1000 478798 Sep 27 23:39 linefits.sdss.sdss.fiber1.001.Hb.png
-rw-r--r-- 1 root root 531135 Sep 30 01:51 linefits.sdss.sdss.fiber1.001.NII2.Ha.Ha_broad.NII1.png
-rw-r--r-- 1 root root 483222 Sep 30 01:50 linefits.sdss.sdss.fiber1.001.OII.png
-rw-r--r-- 1 root root 495960 Sep 30 01:51 linefits.sdss.sdss.fiber1.001.OIII4.OIII5.png
-rw-r--r-- 1 1000 1000 465633 Sep 29 09:15 linefits.sdss.sdss.fiber1.001.OIII4.png
-rw-r--r-- 1 1000 1000 477276 Sep 29 09:15 linefits.sdss.sdss.fiber1.001.OIII5.png
-rw-r--r-- 1 root root 502615 Sep 30 01:51 linefits.sdss.sdss.fiber1.001.SII1.SII2.png
-rw-r--r-- 1 root root  20160 Sep 30 01:51 linefits.sdss.sdss.fiber1.001.fits
-rw-r--r-- 1 1000 1000 537017 Sep 29 10:42 linefits.sdss.sdss.fiber1.001.png
total 12K
-rw-r--r-- 1 root root 1.2K Sep 21 02:20 =5.2
drwxr-xr-x 1 root root 4.0K Sep 30 01:49 input
drwxrwxr-x 2 1000 1000 4.0K Sep 30 01:51 output
-rw-r--r-- 1 root root 1.2K Sep 21 02:20 /app/=5.2

/app/input:
total 132K
-rw-rw-r-- 1 1000 1000  12K Aug 28 20:16 Sky_bands.fits
-rw-rw-r-- 1 1000 1000 1.3K Sep 29 07:43 gleam.sh
-rw-rw-r-- 1 1000 1000 5.4K Sep 29 15:08 gleam_doublet_patch.py
-rw-rw-r-- 1 1000 1000 2.6K Sep 30 00:15 gleamconfig.yaml
-rw-rw-r-- 1 1000 1000 8.5K Sep 29 14:37 line_table.fits
-rw-rw-r-- 1 1000 1000  115 Sep 30 01:49 meta.dat
-rw-rw-r-- 1 1000 1000  85K Sep 30 01:49 spec1d.sdss.sdss.fiber1.1.fits

/app/output:
total 5.3M
-rw-rw-r-- 1 1000 1000  18K Sep 29 16:32 docker.log
-rw-r--r-- 1 1000 1000 508K Sep 29 10:41 linefits.sdss.sdss.fiber1.001.Ha.Ha_broad.NII1.png
-rw-rw-r-- 1 1000 1000 495K Sep 27 23:39 linefits.sdss.sdss.fiber1.001.Ha.NII1.png
-rw-r--r-- 1 root root 488K Sep 30 01:51 linefits.sdss.sdss.fiber1.001.Hb.Hb_broad.png
-rw-rw-r-- 1 1000 1000 468K Sep 27 23:39 linefits.sdss.sdss.fiber1.001.Hb.png
-rw-r--r-- 1 root root 519K Sep 30 01:51 linefits.sdss.sdss.fiber1.001.NII2.Ha.Ha_broad.NII1.png
-rw-r--r-- 1 root root 472K Sep 30 01:50 linefits.sdss.sdss.fiber1.001.OII.png
-rw-r--r-- 1 root root 485K Sep 30 01:51 linefits.sdss.sdss.fiber1.001.OIII4.OIII5.png
-rw-r--r-- 1 1000 1000 455K Sep 29 09:15 linefits.sdss.sdss.fiber1.001.OIII4.png
-rw-r--r-- 1 1000 1000 467K Sep 29 09:15 linefits.sdss.sdss.fiber1.001.OIII5.png
-rw-r--r-- 1 root root 491K Sep 30 01:51 linefits.sdss.sdss.fiber1.001.SII1.SII2.png
-rw-r--r-- 1 root root  20K Sep 30 01:51 linefits.sdss.sdss.fiber1.001.fits
-rw-r--r-- 1 1000 1000 525K Sep 29 10:42 linefits.sdss.sdss.fiber1.001.png
