<IPython.core.display.HTML object>
/app/BADASS3/example_spectra/2-onur
/app/BADASS3/example_spectra/2-onur/my_sdss.fits
0.08313549309968948
Start process memory: 0.22362522                    
 Folder has not been created.  Creating MCMC_output folder...

 > Starting fit for 2-onur

 Input fitting region exceeds available wavelength range.  BADASS will adjust your fitting range automatically...
		- Input fitting range: (2900, 8000)
		- Available wavelength range: (3293, 9601)
		- New fitting region is (3293, 8000). 


 Input spectrum is not linearly binned. BADASS will linearly rebin and conserve flux...


-----------------------------------------------------------
 file:                        my_sdss.fits                  
 redshift:                    0.08314                       
 fitting region:              (3293,8000) [A]               
 velocity scale:              69.03 [km/s/pixel]            
 Galactic E(B-V):             0.000                         
 Flux Normalization:          1e-17                         
 Fit Normalization:           59.74588                      
-----------------------------------------------------------

 Initializing parameters...
----------------------------------------------------------------------------------------------------
	- Fitting additive legendre polynomial component.
	- Fitting Simple AGN power-law continuum.
	- Fitting broad and narrow optical FeII using Veron-Cetty et al. (2004) optical FeII templates
	 		* varying optical FeII amplitudes
	 		* varying optical FeII dispersion.
	 		* varying optical FeII voff

 Warning! Peak finding algorithm used for initial guesses of amplitude and velocity failed! Defaulting to user-defined locations...

 Warning! Peak finding algorithm used for initial guesses of amplitude and velocity failed! Defaulting to user-defined locations...

----------------------------------------------------------------------------------------------------------------------------------------

----------------------------------------------------------------------------------------------------------------------------------------

 Line List:

----------------------------------------------------------------------------------------------------------------------------------------
BR_H_ALPHA                                                                                
                              amp                           free                          
                              center                        6551                          
                              center_pix                    2987.167924391934             
                              disp                          free                          
                              disp_res_ang                  2.3524176859046313            
                              disp_res_kms                  107.65334762631984            
                              line_profile                  gaussian                      
                              line_type                     br                            
                              ncomp                         1                             
                              voff                          free                          
BR_H_BETA                                                                                 
                              amp                           free                          
                              center                        4834                          
                              center_pix                    1667.2163434174242            
                              disp                          free                          
                              disp_res_ang                  2.3524176859046313            
                              disp_res_kms                  145.89099716591255            
                              line_profile                  gaussian                      
                              line_type                     br                            
                              ncomp                         1                             
                              voff                          free                          
BR_OII                                                                                    
                              amp                           free                          
                              center                        3784                          
                              center_pix                    603.7078519408453             
                              disp                          free                          
                              disp_res_ang                  2.3524176859046313            
                              disp_res_kms                  186.37343559725724            
                              line_profile                  gaussian                      
                              line_type                     br                            
                              ncomp                         1                             
                              voff                          free                          
BR_OIII_a                                                                                 
                              amp                           free                          
                              center                        4931                          
                              center_pix                    1753.4961104031815            
                              disp                          free                          
                              disp_res_ang                  2.3524176859046313            
                              disp_res_kms                  143.0211073413144             
                              line_profile                  gaussian                      
                              line_type                     br                            
                              ncomp                         1                             
                              voff                          free                          
BR_OIII_b                                                                                 
                              amp                           free                          
                              center                        5007                          
                              center_pix                    1819.9191028216321            
                              disp                          free                          
                              disp_res_ang                  2.3524176859046313            
                              disp_res_kms                  140.8502257439627             
                              line_profile                  gaussian                      
                              line_type                     br                            
                              ncomp                         1                             
                              voff                          free                          
NA_H_ALPHA                                                                                
                              amp                           free                          
                              center                        6551                          
                              center_pix                    2987.167924391934             
                              disp                          free                          
                              disp_res_ang                  2.3524176859046313            
                              disp_res_kms                  107.65334762631984            
                              label                         [H$\alpha$]                   
                              line_profile                  gaussian                      
                              line_type                     na                            
                              ncomp                         1                             
                              voff                          free                          
NA_H_BETA                                                                                 
                              amp                           free                          
                              center                        4834                          
                              center_pix                    1667.2163434174242            
                              disp                          free                          
                              disp_res_ang                  2.3524176859046313            
                              disp_res_kms                  145.89099716591255            
                              label                         H$\beta$                      
                              line_profile                  gaussian                      
                              line_type                     na                            
                              ncomp                         1                             
                              voff                          free                          
NA_OII                                                                                    
                              amp                           free                          
                              center                        3784                          
                              center_pix                    603.7078519408453             
                              disp                          free                          
                              disp_res_ang                  2.3524176859046313            
                              disp_res_kms                  186.37343559725724            
                              label                         [OII]                         
                              line_profile                  gaussian                      
                              line_type                     na                            
                              ncomp                         1                             
                              voff                          free                          
NA_OIII_a                                                                                 
                              amp                           free                          
                              center                        4931                          
                              center_pix                    1753.4961104031815            
                              disp                          free                          
                              disp_res_ang                  2.3524176859046313            
                              disp_res_kms                  143.0211073413144             
                              label                         [OIIIa]                       
                              line_profile                  gaussian                      
                              line_type                     na                            
                              ncomp                         1                             
                              voff                          free                          
NA_OIII_b                                                                                 
                              amp                           free                          
                              center                        5007                          
                              center_pix                    1819.9191028216321            
                              disp                          free                          
                              disp_res_ang                  2.3524176859046313            
                              disp_res_kms                  140.8502257439627             
                              label                         [OIIIb]                       
                              line_profile                  gaussian                      
                              line_type                     na                            
                              ncomp                         1                             
                              voff                          free                          

----------------------------------------------------------------------------------------------------------------------------------------

 Number of Free Line Parameters: 30

----------------------------------------------------------------------------------------------------------------------------------------

 All Free Parameters:

----------------------------------------------------------------------------------------------------------------------------------------
APOLY_COEFF_1                                                                             
                              init                          0.0                           
                              plim                          (-100.0, 100.0)               
APOLY_COEFF_2                                                                             
                              init                          0.0                           
                              plim                          (-100.0, 100.0)               
APOLY_COEFF_3                                                                             
                              init                          0.0                           
                              plim                          (-100.0, 100.0)               
APOLY_COEFF_4                                                                             
                              init                          0.0                           
                              plim                          (-100.0, 100.0)               
APOLY_COEFF_5                                                                             
                              init                          0.0                           
                              plim                          (-100.0, 100.0)               
APOLY_COEFF_6                                                                             
                              init                          0.0                           
                              plim                          (-100.0, 100.0)               
APOLY_COEFF_7                                                                             
                              init                          0.0                           
                              plim                          (-100.0, 100.0)               
BR_H_ALPHA_AMP                                                                            
                              init                          0.5370013311224248            
                              plim                          (0, 50)                       
BR_H_ALPHA_DISP                                                                           
                              init                          3300.0                        
                              plim                          (600, 6000)                   
BR_H_ALPHA_VOFF                                                                           
                              init                          0.0                           
                              plim                          (-1500, 1500)                 
                              prior                         {'type': 'gaussian'}          
BR_H_BETA_AMP                                                                             
                              init                          0.2645078990296619            
                              plim                          (0, 50)                       
BR_H_BETA_DISP                                                                            
                              init                          3300.0                        
                              plim                          (600, 6000)                   
BR_H_BETA_VOFF                                                                            
                              init                          0.0                           
                              plim                          (-1500, 1500)                 
                              prior                         {'type': 'gaussian'}          
BR_OIII_a_AMP                                                                             
                              init                          0.24294419217542046           
                              plim                          (0, 50)                       
BR_OIII_a_DISP                                                                            
                              init                          3300.0                        
                              plim                          (600, 6000)                   
BR_OIII_a_VOFF                                                                            
                              init                          0.0                           
                              plim                          (-1500, 1500)                 
                              prior                         {'type': 'gaussian'}          
BR_OIII_b_AMP                                                                             
                              init                          0.6752623467500457            
                              plim                          (0, 50)                       
BR_OIII_b_DISP                                                                            
                              init                          3300.0                        
                              plim                          (600, 6000)                   
BR_OIII_b_VOFF                                                                            
                              init                          0.0                           
                              plim                          (-1500, 1500)                 
                              prior                         {'type': 'gaussian'}          
BR_OII_AMP                                                                                
                              init                          0.18537884120270373           
                              plim                          (0, 50)                       
BR_OII_DISP                                                                               
                              init                          3300.0                        
                              plim                          (600, 6000)                   
BR_OII_VOFF                                                                               
                              init                          0.0                           
                              plim                          (-1500, 1500)                 
                              prior                         {'type': 'gaussian'}          
BR_OPT_FEII_AMP                                                                           
                              init                          0.024108693383498248          
                              plim                          (0, 1.4999999932870236)       
BR_OPT_FEII_DISP                                                                          
                              init                          500.0                         
                              plim                          (500.0, 5000.0)               
BR_OPT_FEII_VOFF                                                                          
                              init                          0.0                           
                              plim                          (-500.0, 500.0)               
NA_H_ALPHA_AMP                                                                            
                              init                          0.5370013311224248            
                              plim                          (0, 50)                       
NA_H_ALPHA_DISP                                                                           
                              init                          1300.0                        
                              plim                          (100, 2500)                   
NA_H_ALPHA_VOFF                                                                           
                              init                          0.0                           
                              plim                          (-1000, 1000)                 
                              prior                         {'type': 'gaussian'}          
NA_H_BETA_AMP                                                                             
                              init                          0.2645078990296619            
                              plim                          (0, 50)                       
NA_H_BETA_DISP                                                                            
                              init                          1300.0                        
                              plim                          (100, 2500)                   
NA_H_BETA_VOFF                                                                            
                              init                          0.0                           
                              plim                          (-1000, 1000)                 
                              prior                         {'type': 'gaussian'}          
NA_OIII_a_AMP                                                                             
                              init                          0.24294419217542046           
                              plim                          (0, 50)                       
NA_OIII_a_DISP                                                                            
                              init                          1300.0                        
                              plim                          (100, 2500)                   
NA_OIII_a_VOFF                                                                            
                              init                          0.0                           
                              plim                          (-1000, 1000)                 
                              prior                         {'type': 'gaussian'}          
NA_OIII_b_AMP                                                                             
                              init                          0.6752623467500457            
                              plim                          (0, 50)                       
NA_OIII_b_DISP                                                                            
                              init                          1300.0                        
                              plim                          (100, 2500)                   
NA_OIII_b_VOFF                                                                            
                              init                          0.0                           
                              plim                          (-1000, 1000)                 
                              prior                         {'type': 'gaussian'}          
NA_OII_AMP                                                                                
                              init                          0.18537884120270373           
                              plim                          (0, 50)                       
NA_OII_DISP                                                                               
                              init                          1300.0                        
                              plim                          (100, 2500)                   
NA_OII_VOFF                                                                               
                              init                          0.0                           
                              plim                          (-1000, 1000)                 
                              prior                         {'type': 'gaussian'}          
NA_OPT_FEII_AMP                                                                           
                              init                          0.024108693383498248          
                              plim                          (0, 1.4999999932870236)       
NA_OPT_FEII_DISP                                                                          
                              init                          10.0                          
                              plim                          (0.1, 500.0)                  
NA_OPT_FEII_VOFF                                                                          
                              init                          0.0                           
                              plim                          (-500.0, 500.0)               
POWER_AMP                                                                                 
                              init                          0.12054346691749124           
                              plim                          (0, 1.4999999932870236)       
POWER_SLOPE                                                                               
                              init                          -1.0                          
                              plim                          (-6.0, 6.0)                   

----------------------------------------------------------------------------------------------------------------------------------------

 Total number of free parameters: 45

----------------------------------------------------------------------------------------------------------------------------------------

 Soft Constraints:

                 NA_OIII_b_AMP > NA_OIII_a_AMP

----------------------------------------------------------------------------------------------------------------------------------------

----------------------------------------------------------------------------------------------------------------------------------------

 Required Maximum Likelihood RMSE threshold: 0.2737 


 Performing max. likelihood fitting.

 Using Basin-hopping algorithm to estimate parameters. niter_success = 5
basinhopping step 0: f 4.96689
 Fit Status: False
 Force threshold: 0.2737
 Lowest RMSE: 0.1489
 Current RMSE: 0.1489
 Accepted count: 1
 Basinhop count: 0


adaptive stepsize: acceptance rate 0.000000 target 0.500000 new stepsize 0.9 old stepsize 1
basinhopping step 1: f 4.60811 trial_f 4.60811 accepted 1  lowest_f 4.60811
found new global minimum on step 1 with function value 4.60811
 Fit Status: False
 Force threshold: 0.2737
 Lowest RMSE: 0.1434
 Current RMSE: 0.1434
 Accepted count: 2
 Basinhop count: 0


adaptive stepsize: acceptance rate 0.500000 target 0.500000 new stepsize 0.81 old stepsize 0.9
basinhopping step 2: f 4.11082 trial_f 4.11082 accepted 1  lowest_f 4.11082
found new global minimum on step 2 with function value 4.11082
 Fit Status: False
 Force threshold: 0.2737
 Lowest RMSE: 0.1354
 Current RMSE: 0.1354
 Accepted count: 3
 Basinhop count: 0


adaptive stepsize: acceptance rate 0.666667 target 0.500000 new stepsize 0.9 old stepsize 0.81
basinhopping step 3: f 4.13059 trial_f 4.13059 accepted 1  lowest_f 4.11082
 Fit Status: False
 Force threshold: 0.2737
 Lowest RMSE: 0.1354
 Current RMSE: 0.1358
 Accepted count: 4
 Basinhop count: 1


adaptive stepsize: acceptance rate 0.750000 target 0.500000 new stepsize 1 old stepsize 0.9
basinhopping step 4: f 4.11904 trial_f 4.11904 accepted 1  lowest_f 4.11082
 Fit Status: False
 Force threshold: 0.2737
 Lowest RMSE: 0.1354
 Current RMSE: 0.1356
 Accepted count: 5
 Basinhop count: 2


adaptive stepsize: acceptance rate 0.800000 target 0.500000 new stepsize 1.11111 old stepsize 1
basinhopping step 5: f 4.12449 trial_f 4.12449 accepted 1  lowest_f 4.11082
 Fit Status: False
 Force threshold: 0.2737
 Lowest RMSE: 0.1354
 Current RMSE: 0.1357
 Accepted count: 6
 Basinhop count: 3


adaptive stepsize: acceptance rate 0.833333 target 0.500000 new stepsize 1.23457 old stepsize 1.11111
basinhopping step 6: f 5.58447 trial_f 5.58447 accepted 1  lowest_f 4.11082
 Fit Status: False
 Force threshold: 0.2737
 Lowest RMSE: 0.1354
 Current RMSE: 0.1579
 Accepted count: 7
 Basinhop count: 4


adaptive stepsize: acceptance rate 0.857143 target 0.500000 new stepsize 1.37174 old stepsize 1.23457
warning: basinhopping: local minimization failure
basinhopping step 7: f 2.0879 trial_f 2.0879 accepted 1  lowest_f 2.0879
found new global minimum on step 7 with function value 2.0879
 Fit Status: False
 Force threshold: 0.2737
 Lowest RMSE: 0.0965
 Current RMSE: 0.0965
 Accepted count: 8
 Basinhop count: 0


adaptive stepsize: acceptance rate 0.875000 target 0.500000 new stepsize 1.52416 old stepsize 1.37174
basinhopping step 8: f 2.10811 trial_f 2.10811 accepted 1  lowest_f 2.0879
 Fit Status: False
 Force threshold: 0.2737
 Lowest RMSE: 0.0965
 Current RMSE: 0.0970
 Accepted count: 9
 Basinhop count: 1


adaptive stepsize: acceptance rate 0.888889 target 0.500000 new stepsize 1.69351 old stepsize 1.52416
basinhopping step 9: f 2.10811 trial_f 2.13256 accepted 0  lowest_f 2.0879
 Fit Status: False
 Force threshold: 0.2737
 Lowest RMSE: 0.0965
 Current RMSE: 0.0975
 Accepted count: 9
 Basinhop count: 2


adaptive stepsize: acceptance rate 0.800000 target 0.500000 new stepsize 1.88168 old stepsize 1.69351
basinhopping step 10: f 2.105 trial_f 2.105 accepted 1  lowest_f 2.0879
 Fit Status: False
 Force threshold: 0.2737
 Lowest RMSE: 0.0965
 Current RMSE: 0.0969
 Accepted count: 10
 Basinhop count: 3


adaptive stepsize: acceptance rate 0.818182 target 0.500000 new stepsize 2.09075 old stepsize 1.88168
basinhopping step 11: f 2.04773 trial_f 2.04773 accepted 1  lowest_f 2.04773
found new global minimum on step 11 with function value 2.04773
 Fit Status: False
 Force threshold: 0.2737
 Lowest RMSE: 0.0956
 Current RMSE: 0.0956
 Accepted count: 11
 Basinhop count: 0


adaptive stepsize: acceptance rate 0.833333 target 0.500000 new stepsize 2.32306 old stepsize 2.09075
basinhopping step 12: f 2.04773 trial_f 5.95171 accepted 0  lowest_f 2.04773
 Fit Status: False
 Force threshold: 0.2737
 Lowest RMSE: 0.0956
 Current RMSE: 0.1630
 Accepted count: 11
 Basinhop count: 1


adaptive stepsize: acceptance rate 0.769231 target 0.500000 new stepsize 2.58117 old stepsize 2.32306
basinhopping step 13: f 2.04773 trial_f 6.02664 accepted 0  lowest_f 2.04773
 Fit Status: False
 Force threshold: 0.2737
 Lowest RMSE: 0.0956
 Current RMSE: 0.1640
 Accepted count: 11
 Basinhop count: 2


adaptive stepsize: acceptance rate 0.714286 target 0.500000 new stepsize 2.86797 old stepsize 2.58117
basinhopping step 14: f 2.04773 trial_f 6.00263 accepted 0  lowest_f 2.04773
 Fit Status: False
 Force threshold: 0.2737
 Lowest RMSE: 0.0956
 Current RMSE: 0.1637
 Accepted count: 11
 Basinhop count: 3


adaptive stepsize: acceptance rate 0.666667 target 0.500000 new stepsize 3.18664 old stepsize 2.86797
basinhopping step 15: f 2.07893 trial_f 2.07893 accepted 1  lowest_f 2.04773
 Fit Status: False
 Force threshold: 0.2737
 Lowest RMSE: 0.0956
 Current RMSE: 0.0963
 Accepted count: 12
 Basinhop count: 4


adaptive stepsize: acceptance rate 0.687500 target 0.500000 new stepsize 3.54071 old stepsize 3.18664
basinhopping step 16: f 2.06849 trial_f 2.06849 accepted 1  lowest_f 2.04773
 Fit Status: True
 Force threshold: 0.2737
 Lowest RMSE: 0.0956
 Current RMSE: 0.0961
 Accepted count: 13
 Basinhop count: 5



 Maximum Likelihood Best-fit Parameters:
--------------------------------------------------------------------------------------

Parameter                     Best-fit Value                +/- 1-sigma                   Flag                          
--------------------------------------------------------------------------------------
AGN_FRAC_4000                 1.000000                      0.000000                      1.0                           
AGN_FRAC_7000                 1.000000                      0.000000                      1.0                           
APOLY_COEFF_1                 -0.334097                     0.000000                      1.0                           
APOLY_COEFF_2                 -0.296545                     0.000000                      1.0                           
APOLY_COEFF_3                 -0.122843                     0.000000                      1.0                           
APOLY_COEFF_4                 -0.015827                     0.000000                      1.0                           
APOLY_COEFF_5                 -0.029399                     0.000000                      1.0                           
APOLY_COEFF_6                 0.009771                      0.000000                      1.0                           
APOLY_COEFF_7                 -0.001815                     0.000000                      1.0                           
BR_H_ALPHA_AMP                2.759746                      0.000000                      1.0                           
BR_H_ALPHA_DISP               3296.196203                   0.000000                      1.0                           
BR_H_ALPHA_DISP_CORR          3294.437761                   0.000000                      1.0                           
BR_H_ALPHA_DISP_RES           107.653348                    nan                           nan                           
BR_H_ALPHA_EW                 35.578133                     0.000000                      0.0                           
BR_H_ALPHA_FLUX               -14.267749                    0.000000                      0.0                           
BR_H_ALPHA_FWHM               7762.031881                   0.000000                      0.0                           
BR_H_ALPHA_FWHM_CORR          7757.891182                   0.000000                      0.0                           
BR_H_ALPHA_LUM                40.965966                     0.000000                      0.0                           
BR_H_ALPHA_NPIX               162.000000                    0.000000                      0.0                           
BR_H_ALPHA_SNR                5.122577                      0.000000                      0.0                           
BR_H_ALPHA_VOFF               58.100547                     0.000000                      1.0                           
BR_H_ALPHA_W80                8647.660050                   0.000000                      0.0                           
BR_H_ALPHA_W80_CORR           8643.243439                   0.000000                      0.0                           
BR_H_BETA_AMP                 1.150049                      0.000000                      1.0                           
BR_H_BETA_DISP                3304.837532                   0.000000                      1.0                           
BR_H_BETA_DISP_CORR           3301.615806                   0.000000                      1.0                           
BR_H_BETA_DISP_RES            145.890997                    nan                           nan                           
BR_H_BETA_EW                  11.841558                     0.000000                      0.0                           
BR_H_BETA_FLUX                -14.778848                    0.000000                      0.0                           
BR_H_BETA_FWHM                7782.458671                   0.000000                      0.0                           
BR_H_BETA_FWHM_CORR           7774.872372                   0.000000                      0.0                           
BR_H_BETA_LUM                 40.454867                     0.000000                      0.0                           
BR_H_BETA_NPIX                115.000000                    0.000000                      0.0                           
BR_H_BETA_SNR                 2.134664                      0.000000                      0.0                           
BR_H_BETA_VOFF                3.034666                      0.000000                      1.0                           
BR_H_BETA_W80                 8668.484950                   0.000000                      0.0                           
BR_H_BETA_W80_CORR            8660.391414                   0.000000                      0.0                           
BR_OIII_a_AMP                 1.985084                      0.000000                      1.0                           
BR_OIII_a_DISP                3292.113054                   0.000000                      1.0                           
BR_OIII_a_DISP_CORR           3289.004914                   0.000000                      1.0                           
BR_OIII_a_DISP_RES            143.021107                    nan                           nan                           
BR_OIII_a_EW                  20.565086                     0.000000                      0.0                           
BR_OIII_a_FLUX                -14.534856                    0.000000                      0.0                           
BR_OIII_a_FWHM                7752.526131                   0.000000                      0.0                           
BR_OIII_a_FWHM_CORR           7745.207327                   0.000000                      0.0                           
BR_OIII_a_LUM                 40.698860                     0.000000                      0.0                           
BR_OIII_a_NPIX                135.000000                    0.000000                      0.0                           
BR_OIII_a_SNR                 3.684599                      0.000000                      0.0                           
BR_OIII_a_VOFF                -14.046347                    0.000000                      1.0                           
BR_OIII_a_W80                 8634.790126                   0.000000                      0.0                           
BR_OIII_a_W80_CORR            8626.981643                   0.000000                      0.0                           
BR_OIII_b_AMP                 0.000000                      0.000000                      2.0                           
BR_OIII_b_DISP                3234.069362                   0.000000                      1.0                           
BR_OIII_b_DISP_CORR           3231.000751                   0.000000                      1.0                           
BR_OIII_b_DISP_RES            140.850226                    nan                           nan                           
BR_OIII_b_EW                  0.000000                      0.000000                      1.0                           
BR_OIII_b_FLUX                0.000000                      0.000000                      0.0                           
BR_OIII_b_FWHM                0.000000                      0.000000                      0.0                           
BR_OIII_b_FWHM_CORR           0.000000                      0.000000                      0.0                           
BR_OIII_b_LUM                 0.000000                      0.000000                      1.0                           
BR_OIII_b_NPIX                0.000000                      0.000000                      0.0                           
BR_OIII_b_SNR                 0.000000                      0.000000                      0.0                           
BR_OIII_b_VOFF                -47.905834                    0.000000                      1.0                           
BR_OIII_b_W80                 0.000000                      0.000000                      0.0                           
BR_OIII_b_W80_CORR            0.000000                      0.000000                      0.0                           
BR_OII_AMP                    0.000000                      0.000000                      2.0                           
BR_OII_DISP                   3302.292899                   0.000000                      1.0                           
BR_OII_DISP_CORR              3297.029471                   0.000000                      1.0                           
BR_OII_DISP_RES               186.373436                    nan                           nan                           
BR_OII_EW                     0.000000                      0.000000                      1.0                           
BR_OII_FLUX                   0.000000                      0.000000                      0.0                           
BR_OII_FWHM                   0.000000                      0.000000                      0.0                           
BR_OII_FWHM_CORR              0.000000                      0.000000                      0.0                           
BR_OII_LUM                    0.000000                      0.000000                      1.0                           
BR_OII_NPIX                   0.000000                      0.000000                      0.0                           
BR_OII_SNR                    0.000000                      0.000000                      0.0                           
BR_OII_VOFF                   -5.150824                     0.000000                      1.0                           
BR_OII_W80                    0.000000                      0.000000                      0.0                           
BR_OII_W80_CORR               0.000000                      0.000000                      0.0                           
BR_OPT_FEII_AMP               0.000000                      0.000000                      2.0                           
BR_OPT_FEII_DISP              501.633820                    0.000000                      1.0                           
BR_OPT_FEII_TEMPLATE_EW       0.000000                      0.000000                      1.0                           
BR_OPT_FEII_TEMPLATE_FLUX     0.000000                      0.000000                      1.0                           
BR_OPT_FEII_TEMPLATE_LUM      0.000000                      0.000000                      1.0                           
BR_OPT_FEII_VOFF              -50.690042                    0.000000                      1.0                           
HOST_FRAC_4000                0.847240                      0.000000                      1.0                           
HOST_FRAC_7000                -1.039801                     0.000000                      1.0                           
H_ALPHA_COMP_DISP             2028.592666                   0.000000                      0.0                           
H_ALPHA_COMP_DISP_CORR        2025.734178                   0.000000                      0.0                           
H_ALPHA_COMP_DISP_RES         107.653348                    nan                           nan                           
H_ALPHA_COMP_EW               115.462622                    0.000000                      1.0                           
H_ALPHA_COMP_FLUX             -13.756420                    0.000000                      1.0                           
H_ALPHA_COMP_FWHM             2353.402225                   0.000000                      0.0                           
H_ALPHA_COMP_FWHM_CORR        2339.709109                   0.000000                      0.0                           
H_ALPHA_COMP_LUM              41.477295                     0.000000                      1.0                           
H_ALPHA_COMP_NPIX             162.000000                    0.000000                      0.0                           
H_ALPHA_COMP_SNR              27.715176                     0.000000                      0.0                           
H_ALPHA_COMP_VOFF             672.568243                    0.000000                      0.0                           
H_ALPHA_COMP_W80              4175.958110                   0.000000                      0.0                           
H_ALPHA_COMP_W80_CORR         4166.804405                   0.000000                      0.0                           
H_BETA_COMP_DISP              3304.529277                   0.000000                      0.0                           
H_BETA_COMP_DISP_CORR         3301.307250                   0.000000                      0.0                           
H_BETA_COMP_DISP_RES          145.890997                    nan                           nan                           
H_BETA_COMP_EW                11.841558                     0.000000                      1.0                           
H_BETA_COMP_FLUX              -14.778848                    0.000000                      1.0                           
H_BETA_COMP_FWHM              7782.458671                   0.000000                      0.0                           
H_BETA_COMP_FWHM_CORR         7774.872372                   0.000000                      0.0                           
H_BETA_COMP_LUM               40.454867                     0.000000                      1.0                           
H_BETA_COMP_NPIX              115.000000                    0.000000                      0.0                           
H_BETA_COMP_SNR               1.921174                      0.000000                      0.0                           
H_BETA_COMP_VOFF              3.031314                      0.000000                      0.0                           
H_BETA_COMP_W80               8668.484950                   0.000000                      0.0                           
H_BETA_COMP_W80_CORR          8660.391414                   0.000000                      0.0                           
LOG_LIKE                      2.047726                      0.000000                      0.0                           
L_CONT_AGN_5100               43.099161                     0.000000                      1.0                           
L_CONT_HOST_5100              42.870145                     0.000000                      1.0                           
L_CONT_TOT_5100               43.099161                     0.000000                      1.0                           
NA_H_ALPHA_AMP                21.997864                     0.000000                      1.0                           
NA_H_ALPHA_DISP               926.015430                    0.000000                      1.0                           
NA_H_ALPHA_DISP_CORR          919.736556                    0.000000                      1.0                           
NA_H_ALPHA_DISP_RES           107.653348                    nan                           nan                           
NA_H_ALPHA_EW                 79.884490                     0.000000                      0.0                           
NA_H_ALPHA_FLUX               -13.916368                    0.000000                      0.0                           
NA_H_ALPHA_FWHM               2180.893914                   0.000000                      0.0                           
NA_H_ALPHA_FWHM_CORR          2166.110558                   0.000000                      0.0                           
NA_H_ALPHA_LUM                41.317347                     0.000000                      0.0                           
NA_H_ALPHA_NPIX               68.000000                     0.000000                      0.0                           
NA_H_ALPHA_SNR                40.830448                     0.000000                      0.0                           
NA_H_ALPHA_VOFF               946.966646                    0.000000                      1.0                           
NA_H_ALPHA_W80                2436.690081                   0.000000                      0.0                           
NA_H_ALPHA_W80_CORR           2420.969095                   0.000000                      0.0                           
NA_H_BETA_AMP                 0.000000                      0.000000                      2.0                           
NA_H_BETA_DISP                1345.264703                   0.000000                      1.0                           
NA_H_BETA_DISP_CORR           1337.330527                   0.000000                      1.0                           
NA_H_BETA_DISP_RES            145.890997                    nan                           nan                           
NA_H_BETA_EW                  0.000000                      0.000000                      1.0                           
NA_H_BETA_FLUX                0.000000                      0.000000                      0.0                           
NA_H_BETA_FWHM                0.000000                      0.000000                      0.0                           
NA_H_BETA_FWHM_CORR           0.000000                      0.000000                      0.0                           
NA_H_BETA_LUM                 0.000000                      0.000000                      1.0                           
NA_H_BETA_NPIX                0.000000                      0.000000                      0.0                           
NA_H_BETA_SNR                 0.000000                      0.000000                      0.0                           
NA_H_BETA_VOFF                43.329809                     0.000000                      1.0                           
NA_H_BETA_W80                 0.000000                      0.000000                      0.0                           
NA_H_BETA_W80_CORR            0.000000                      0.000000                      0.0                           
NA_OIII_a_AMP                 0.000013                      0.000000                      1.0                           
NA_OIII_a_DISP                1300.045442                   0.000000                      1.0                           
NA_OIII_a_DISP_CORR           1292.154447                   0.000000                      1.0                           
NA_OIII_a_DISP_RES            143.021107                    nan                           nan                           
NA_OIII_a_EW                  0.000000                      0.000000                      1.0                           
NA_OIII_a_FLUX                0.000000                      0.000000                      0.0                           
NA_OIII_a_FWHM                0.000000                      0.000000                      0.0                           
NA_OIII_a_FWHM_CORR           0.000000                      0.000000                      0.0                           
NA_OIII_a_LUM                 0.000000                      0.000000                      1.0                           
NA_OIII_a_NPIX                0.000000                      0.000000                      0.0                           
NA_OIII_a_SNR                 0.000000                      0.000000                      0.0                           
NA_OIII_a_VOFF                4.013205                      0.000000                      1.0                           
NA_OIII_a_W80                 0.000000                      0.000000                      0.0                           
NA_OIII_a_W80_CORR            0.000000                      0.000000                      0.0                           
NA_OIII_b_AMP                 42.519143                     0.000000                      1.0                           
NA_OIII_b_DISP                211.137801                    0.000000                      1.0                           
NA_OIII_b_DISP_CORR           157.290765                    0.000000                      1.0                           
NA_OIII_b_DISP_RES            140.850226                    nan                           nan                           
NA_OIII_b_EW                  28.507534                     0.000000                      0.0                           
NA_OIII_b_FLUX                -14.390001                    0.000000                      0.0                           
NA_OIII_b_FWHM                498.910091                    0.000000                      0.0                           
NA_OIII_b_FWHM_CORR           372.697683                    0.000000                      0.0                           
NA_OIII_b_LUM                 40.843714                     0.000000                      0.0                           
NA_OIII_b_NPIX                18.000000                     0.000000                      0.0                           
NA_OIII_b_SNR                 78.871305                     0.000000                      0.0                           
NA_OIII_b_VOFF                220.330927                    0.000000                      1.0                           
NA_OIII_b_W80                 557.760265                    0.000000                      0.0                           
NA_OIII_b_W80_CORR            424.698777                    0.000000                      0.0                           
NA_OII_AMP                    0.000000                      0.000000                      2.0                           
NA_OII_DISP                   1296.561064                   0.000000                      1.0                           
NA_OII_DISP_CORR              1283.096074                   0.000000                      1.0                           
NA_OII_DISP_RES               186.373436                    nan                           nan                           
NA_OII_EW                     0.000000                      0.000000                      1.0                           
NA_OII_FLUX                   0.000000                      0.000000                      0.0                           
NA_OII_FWHM                   0.000000                      0.000000                      0.0                           
NA_OII_FWHM_CORR              0.000000                      0.000000                      0.0                           
NA_OII_LUM                    0.000000                      0.000000                      1.0                           
NA_OII_NPIX                   0.000000                      0.000000                      0.0                           
NA_OII_SNR                    0.000000                      0.000000                      0.0                           
NA_OII_VOFF                   1.565595                      0.000000                      1.0                           
NA_OII_W80                    0.000000                      0.000000                      0.0                           
NA_OII_W80_CORR               0.000000                      0.000000                      0.0                           
NA_OPT_FEII_AMP               0.000000                      0.000000                      2.0                           
NA_OPT_FEII_DISP              11.975989                     0.000000                      1.0                           
NA_OPT_FEII_TEMPLATE_EW       0.000000                      0.000000                      1.0                           
NA_OPT_FEII_TEMPLATE_FLUX     0.000000                      0.000000                      1.0                           
NA_OPT_FEII_TEMPLATE_LUM      0.000000                      0.000000                      1.0                           
NA_OPT_FEII_VOFF              -0.819874                     0.000000                      1.0                           
OIII_a_COMP_DISP              3291.930829                   0.000000                      0.0                           
OIII_a_COMP_DISP_CORR         3288.822517                   0.000000                      0.0                           
OIII_a_COMP_DISP_RES          143.021107                    nan                           nan                           
OIII_a_COMP_EW                20.565086                     0.000000                      1.0                           
OIII_a_COMP_FLUX              -14.534856                    0.000000                      1.0                           
OIII_a_COMP_FWHM              7752.526131                   0.000000                      0.0                           
OIII_a_COMP_FWHM_CORR         7745.207327                   0.000000                      0.0                           
OIII_a_COMP_LUM               40.698860                     0.000000                      1.0                           
OIII_a_COMP_NPIX              135.000000                    0.000000                      0.0                           
OIII_a_COMP_SNR               3.144251                      0.000000                      0.0                           
OIII_a_COMP_VOFF              -14.048582                    0.000000                      0.0                           
OIII_a_COMP_W80               8634.790126                   0.000000                      0.0                           
OIII_a_COMP_W80_CORR          8626.981643                   0.000000                      0.0                           
OIII_b_COMP_DISP              211.136762                    0.000000                      0.0                           
OIII_b_COMP_DISP_CORR         157.289371                    0.000000                      0.0                           
OIII_b_COMP_DISP_RES          140.850226                    nan                           nan                           
OIII_b_COMP_EW                28.507534                     0.000000                      1.0                           
OIII_b_COMP_FLUX              -14.390001                    0.000000                      1.0                           
OIII_b_COMP_FWHM              498.910091                    0.000000                      0.0                           
OIII_b_COMP_FWHM_CORR         372.697683                    0.000000                      0.0                           
OIII_b_COMP_LUM               40.843714                     0.000000                      1.0                           
OIII_b_COMP_NPIX              18.000000                     0.000000                      0.0                           
OIII_b_COMP_SNR               33.251584                     0.000000                      0.0                           
OIII_b_COMP_VOFF              220.330853                    0.000000                      0.0                           
OIII_b_COMP_W80               557.760265                    0.000000                      0.0                           
OIII_b_COMP_W80_CORR          424.698777                    0.000000                      0.0                           
OII_COMP_DISP                 0.000000                      0.000000                      0.0                           
OII_COMP_DISP_CORR            0.000000                      0.000000                      0.0                           
OII_COMP_DISP_RES             186.373436                    nan                           nan                           
OII_COMP_EW                   0.000000                      0.000000                      1.0                           
OII_COMP_FLUX                 0.000000                      0.000000                      1.0                           
OII_COMP_FWHM                 0.000000                      0.000000                      0.0                           
OII_COMP_FWHM_CORR            0.000000                      0.000000                      0.0                           
OII_COMP_LUM                  0.000000                      0.000000                      1.0                           
OII_COMP_NPIX                 0.000000                      0.000000                      0.0                           
OII_COMP_SNR                  0.000000                      0.000000                      0.0                           
OII_COMP_VOFF                 0.000000                      0.000000                      0.0                           
OII_COMP_W80                  0.000000                      0.000000                      0.0                           
OII_COMP_W80_CORR             0.000000                      0.000000                      0.0                           
POWER_AMP                     10.031982                     0.000000                      1.0                           
POWER_SLOPE                   5.225249                      0.000000                      1.0                           
RCHI_SQUARED                  6.301174                      0.000000                      0.0                           
R_SQUARED                     0.990633                      0.000000                      0.0                           
NOISE_STD                     0.546503                                                                                  
RESID_STD                     1.376814                                                                                  
--------------------------------------------------------------------------------------
 - Done fitting 2-onur! 

End process memory: 0.25884262                    
