my_sdss.fits
[1.2286304 1.2286304 1.2286304 ... 1.2286304 1.2286304 1.2286304]
Directory  my_sdss  Created 
global my_sdss/
Directory  output/  already exists
stati 875132.2916642259
1 iter stat:  1390.0511596306605
2 iter stat:  417.5957741738712
3 iter stat:  234.72216758924696
4 iter stat:  190.66292032909405
5 iter stat:  185.58765394113288
6 iter stat:  187.99340538907563
7 iter stat:  201.16894239899557
8 iter stat:  187.93864200170356
9 iter stat:  167.41881130306865
10 iter stat:  178.74176214815816
fit ok
./output/my_sdss_model.csv
brokenpowerlaw + OIIIb5007_br + OIIIa4959_br + OIIIb5007_na + OIIIa4959_na + NII6583_na + NII6548_na + HBeta4863_br + HAlpha6565_br + HBeta4863_na + HAlpha6565_na + feii
   Param        Type          Value          Min          Max      Units
   -----        ----          -----          ---          ---      -----
   brokenpowerlaw.refer thawed      6454.03         5400         7000  angstroms
   brokenpowerlaw.ampl thawed      36.0571      36.0571      39.8526  angstroms
   brokenpowerlaw.index1 thawed     -0.77861           -3            0           
   brokenpowerlaw.index2 thawed    0.0541922           -1            1           
   OIIIb5007_br.ampl thawed      1.44425            0           50           
   OIIIb5007_br.pos frozen       5006.8            0  3.40282e+38  angstroms
   OIIIb5007_br.offs_kms thawed        -1500        -1500          500       km/s
   OIIIb5007_br.fwhm thawed      3110.05          700         6000       km/s
   OIIIa4959_br.ampl linked     0.481415 expr: OIIIb5007_br.ampl / 3.0           
   OIIIa4959_br.pos frozen       4958.9            0  3.40282e+38  angstroms
   OIIIa4959_br.offs_kms linked        -1500 expr: OIIIb5007_br.offs_kms       km/s
   OIIIa4959_br.fwhm linked      3110.05  expr: OIIIb5007_br.fwhm       km/s
   OIIIb5007_na.ampl thawed      9.16477            0           50           
   OIIIb5007_na.pos frozen       5006.8            0  3.40282e+38  angstroms
   OIIIb5007_na.offs_kms thawed     -282.143        -1500          500       km/s
   OIIIb5007_na.fwhm thawed         1500          100         1500       km/s
   OIIIa4959_na.ampl linked      3.05492 expr: OIIIb5007_na.ampl / 3.0           
   OIIIa4959_na.pos frozen       4958.9            0  3.40282e+38  angstroms
   OIIIa4959_na.offs_kms linked     -282.143 expr: OIIIb5007_na.offs_kms       km/s
   OIIIa4959_na.fwhm linked         1500  expr: OIIIb5007_na.fwhm       km/s
   NII6583_na.ampl thawed      22.2525            0           50           
   NII6583_na.pos frozen      6583.46            0  3.40282e+38  angstroms
   NII6583_na.offs_kms linked     -282.143 expr: OIIIb5007_na.offs_kms       km/s
   NII6583_na.fwhm linked         1500  expr: OIIIb5007_na.fwhm       km/s
   NII6548_na.ampl linked      7.41751 expr: NII6583_na.ampl / 3.0           
   NII6548_na.pos frozen      6548.05            0  3.40282e+38  angstroms
   NII6548_na.offs_kms linked     -282.143 expr: OIIIb5007_na.offs_kms       km/s
   NII6548_na.fwhm linked         1500  expr: OIIIb5007_na.fwhm       km/s
   HBeta4863_br.ampl thawed      23.9735            0           50           
   HBeta4863_br.pos frozen      4862.68            0  3.40282e+38  angstroms
   HBeta4863_br.offs_kms thawed     -414.462        -1500          500       km/s
   HBeta4863_br.fwhm thawed         6000          700         6000       km/s
   HAlpha6565_br.ampl thawed           50            0           50           
   HAlpha6565_br.pos frozen       6564.6            0  3.40282e+38  angstroms
   HAlpha6565_br.offs_kms thawed     -272.442        -1500          500       km/s
   HAlpha6565_br.fwhm thawed         6000          700         6000       km/s
   HBeta4863_na.ampl thawed     0.257525            0           50           
   HBeta4863_na.pos frozen      4862.68            0  3.40282e+38  angstroms
   HBeta4863_na.offs_kms thawed     -1307.65        -1500          500       km/s
   HBeta4863_na.fwhm thawed          100          100         1500       km/s
   HAlpha6565_na.ampl thawed      29.1901            0           50           
   HAlpha6565_na.pos frozen       6564.6            0  3.40282e+38  angstroms
   HAlpha6565_na.offs_kms thawed     -978.539        -1500          500       km/s
   HAlpha6565_na.fwhm thawed         1500          100         1500       km/s
   feii.amp_a2D2 thawed      2.86051            0         1000           
   feii.amp_a4G thawed      1.66555            0         1000           
   feii.amp_a4H thawed      4.34883            0         1000           
   feii.amp_a6S thawed      2.40724            0         1000           
   feii.amp_b2H thawed            0            0         1000           
   feii.amp_b4D thawed            0            0         1000           
   feii.amp_b4F thawed      1.87657            0         1000           
   feii.amp_b4P thawed            0            0         1000           
   feii.amp_e4D thawed            0            0         1000           
   feii.amp_z4D thawed      1.17229            0         1000           
   feii.amp_z4F thawed      24.9881            0         1000           
   feii.amp_z4P thawed            0            0         1000           
   feii.amp_y4G thawed            0            0         1000           
   feii.amp_b4G thawed            0            0         1000           
   feii.amp_x4D thawed     0.731274            0         1000           
   feii.amp_y4P thawed    0.0539046            0         1000           
   feii.offs_kms thawed      282.226         -800          800           
   feii.fwhm    thawed      5879.71          300         6000           
mcmc ok
