7.0.1
1.3.2
2.1.6
3.1.6
['/home/onur/Documents/AGNEmissionLines_ThirdPartyLibraries/pyqsofit/PyQSOFit/src/pyqsofit']
FWHM Resolution: 2.5 Å
[ 3566.97426784  3567.79484559  3568.6175712  ... 10394.41199851
 10396.80892696 10399.20640813] Angstrom [79.53003693 79.52258301 79.51514435 ... 22.3018322  22.30209541
 22.30235863] erg / (Angstrom s cm2) [1.59060074 1.59045166 1.59030289 ... 0.44603664 0.44604191 0.44604717] erg / (Angstrom s cm2) 0.17511339485645294
Name            Value      Min      Max   Stderr     Vary     Expr Brute_Step
Balmer_Tau        0.5      0.1        2     None    False     None     None
Balmer_Te     1.5e+04    1e+04    5e+04     None    False     None     None
Blamer_norm         0        0    1e+10     None    False     None     None
Fe_op_FWHM       3000     1200  1.8e+04     None     True     None     None
Fe_op_norm          0        0    1e+10     None     True     None     None
Fe_op_shift         0    -0.01     0.01     None     True     None     None
Fe_uv_FWHM       3000     1200  1.8e+04     None     True     None     None
Fe_uv_norm          0        0    1e+10     None     True     None     None
Fe_uv_shift         0    -0.01     0.01     None     True     None     None
PL_norm             1        0    1e+10     None     True     None     None
PL_slope         -1.5       -5        3     None     True     None     None
conti_a_0           0     -inf      inf     None     True     None     None
conti_a_1           0     -inf      inf     None     True     None     None
conti_a_2           0     -inf      inf     None     True     None     None
Fitting continuum
Fit report
[[Variables]]
    Fe_uv_norm:   2.83452095 (init = 0)
    Fe_uv_FWHM:   9058.45851 (init = 3000)
    Fe_uv_shift:  0.01000000 (init = 0)
    Fe_op_norm:   4.65881389 (init = 0)
    Fe_op_FWHM:   10575.9068 (init = 3000)
    Fe_op_shift:  0.01000000 (init = 0)
    PL_norm:      95.7133423 (init = 1)
    PL_slope:    -3.72846969 (init = -1.5)
    Blamer_norm:  0 (fixed)
    Balmer_Te:    15000 (fixed)
    Balmer_Tau:   0.5 (fixed)
    conti_a_0:    11327.0061 (init = 0)
    conti_a_1:   -1.62263981 (init = 0)
    conti_a_2:    4.0068e-05 (init = 0)
Name                    Value      Min      Max   Stderr     Vary     Expr Brute_Step
Hb_br_1_dwave               0    -0.01     0.01     None     True     None     None
Hb_br_1_scale               0        0    1e+10     None     True     None     None
Hb_br_1_sigma           0.005    0.004     0.05     None     True     None     None
Hb_br_2_dwave               0    -0.01     0.01     None     True     None     None
Hb_br_2_scale               0        0    1e+10     None     True     None     None
Hb_br_2_sigma           0.005    0.004     0.05     None     True     None     None
Hb_na_1_dwave               0    -0.01     0.01     None     True     None     None
Hb_na_1_scale               0        0    1e+10     None     True     None     None
Hb_na_1_sigma           0.001  0.00023  0.00169     None     True     None     None
HeII4687_br_1_dwave         0   -0.005    0.005     None     True     None     None
HeII4687_br_1_scale         0        0    1e+10     None     True     None     None
HeII4687_br_1_sigma     0.005    0.004     0.05     None     True     None     None
HeII4687_na_1_dwave         0   -0.005    0.005     None    False Hb_na_1_dwave     None
HeII4687_na_1_scale         0        0    1e+10     None     True     None     None
HeII4687_na_1_sigma     0.001  0.00023  0.00169     None    False Hb_na_1_sigma     None
OIII4959c_1_dwave           0    -0.01     0.01     None    False Hb_na_1_dwave     None
OIII4959c_1_scale           0        0    1e+10     None     True     None     None
OIII4959c_1_sigma       0.001  0.00023  0.00169     None    False Hb_na_1_sigma     None
OIII4959w_1_dwave           0    -0.01     0.01     None     True     None     None
OIII4959w_1_scale           0        0    1e+10     None     True     None     None
OIII4959w_1_sigma       0.003  0.00023    0.004     None     True     None     None
OIII5007c_1_dwave           0    -0.01     0.01     None    False Hb_na_1_dwave     None
OIII5007c_1_scale           0        0    1e+10     None    False 3.0303030014038086 * OIII4959c_1_scale     None
OIII5007c_1_sigma       0.001  0.00023  0.00169     None    False Hb_na_1_sigma     None
OIII5007w_1_dwave           0    -0.01     0.01     None    False OIII4959w_1_dwave     None
OIII5007w_1_scale           0        0    1e+10     None    False 3.0303030014038086 * OIII4959w_1_scale     None
OIII5007w_1_sigma       0.003  0.00023    0.004     None    False OIII4959w_1_sigma     None
Fitting complex Hb
Fit report
[[Variables]]
    Hb_br_1_scale:        15.4513241 +/- 1.3217e+09 (8554105918.16%) (init = 0)
    Hb_br_1_dwave:        0.00561214 +/- 114.171234 (2034360.88%) (init = 0)
    Hb_br_1_sigma:        0.00471398 +/- 214.334962 (4546797.15%) (init = 0.005)
    Hb_br_2_scale:        15.4513263 +/- 1.3217e+09 (8554104567.21%) (init = 0)
    Hb_br_2_dwave:        0.00561461 +/- 118.221763 (2105608.54%) (init = 0)
    Hb_br_2_sigma:        0.00471846 +/- 207.281516 (4392992.64%) (init = 0.005)
    Hb_na_1_scale:        0.11010748 +/- 9.96868507 (9053.59%) (init = 0)
    Hb_na_1_dwave:       -4.2963e-04 +/- 4.2118e-05 (9.80%) (init = 0)
    Hb_na_1_sigma:        5.3329e-04 +/- 6.1168e-05 (11.47%) (init = 0.001)
    OIII4959c_1_scale:    10.7077586 +/- 1.16820254 (10.91%) (init = 0)
    OIII4959c_1_dwave:   -4.2963e-04 +/- 4.2118e-05 (9.80%) == 'Hb_na_1_dwave'
    OIII4959c_1_sigma:    5.3329e-04 +/- 6.1168e-05 (11.47%) == 'Hb_na_1_sigma'
    OIII5007c_1_scale:    32.4477529 +/- 3.54000766 (10.91%) == '3.0303030014038086 * OIII4959c_1_scale'
    OIII5007c_1_dwave:   -4.2963e-04 +/- 4.2118e-05 (9.80%) == 'Hb_na_1_dwave'
    OIII5007c_1_sigma:    5.3329e-04 +/- 6.1168e-05 (11.47%) == 'Hb_na_1_sigma'
    OIII4959w_1_scale:    3.38894857 +/- 0.56764798 (16.75%) (init = 0)
    OIII4959w_1_dwave:   -0.00172123 +/- 4.3365e-04 (25.19%) (init = 0)
    OIII4959w_1_sigma:    0.00126195 +/- 2.2722e-04 (18.01%) (init = 0.003)
    OIII5007w_1_scale:    10.2695410 +/- 1.72014536 (16.75%) == '3.0303030014038086 * OIII4959w_1_scale'
    OIII5007w_1_dwave:   -0.00172123 +/- 4.3365e-04 (25.19%) == 'OIII4959w_1_dwave'
    OIII5007w_1_sigma:    0.00126195 +/- 2.2722e-04 (18.01%) == 'OIII4959w_1_sigma'
    HeII4687_br_1_scale:  4.78931617 +/- 0.20712454 (4.32%) (init = 0)
    HeII4687_br_1_dwave: -8.6041e-04 +/- 0.01122461 (1304.56%) (init = 0)
    HeII4687_br_1_sigma:  0.04587918 +/- 0.00744550 (16.23%) (init = 0.005)
    HeII4687_na_1_scale:  2.28955244 +/- 0.95354302 (41.65%) (init = 0)
    HeII4687_na_1_dwave: -4.2963e-04 +/- 4.2118e-05 (9.80%) == 'Hb_na_1_dwave'
    HeII4687_na_1_sigma:  5.3329e-04 +/- 6.1168e-05 (11.47%) == 'Hb_na_1_sigma'
[[Correlations]] (unreported correlations are < 0.100)
    C(Hb_br_1_scale, Hb_br_2_scale)             = -1.0000
    C(Hb_br_1_sigma, Hb_br_2_scale)             = -1.0000
    C(Hb_br_1_scale, Hb_br_1_sigma)             = +1.0000
    C(Hb_br_1_scale, Hb_br_2_sigma)             = +1.0000
    C(Hb_br_2_scale, Hb_br_2_sigma)             = -1.0000
    C(Hb_br_1_sigma, Hb_br_2_sigma)             = +1.0000
    C(Hb_br_1_sigma, Hb_br_2_dwave)             = +1.0000
    C(Hb_br_1_dwave, Hb_br_2_sigma)             = +1.0000
    C(Hb_br_1_scale, Hb_br_2_dwave)             = +1.0000
    C(Hb_br_2_scale, Hb_br_2_dwave)             = -1.0000
    C(Hb_br_1_dwave, Hb_br_2_scale)             = -1.0000
    C(Hb_br_1_scale, Hb_br_1_dwave)             = +1.0000
    C(Hb_br_2_dwave, Hb_br_2_sigma)             = +1.0000
    C(Hb_br_1_dwave, Hb_br_1_sigma)             = +1.0000
    C(Hb_br_1_dwave, Hb_br_2_dwave)             = +1.0000
    C(HeII4687_br_1_dwave, HeII4687_br_1_sigma) = -0.9179
    C(OIII4959c_1_scale, OIII4959w_1_dwave)     = -0.8195
    C(Hb_na_1_sigma, OIII4959w_1_dwave)         = -0.8129
    C(OIII4959w_1_scale, OIII4959w_1_dwave)     = +0.7834
    C(Hb_na_1_sigma, OIII4959w_1_scale)         = -0.7649
    C(OIII4959w_1_dwave, OIII4959w_1_sigma)     = +0.7142
    C(OIII4959c_1_scale, OIII4959w_1_scale)     = -0.6647
    C(OIII4959c_1_scale, OIII4959w_1_sigma)     = -0.6490
    C(Hb_na_1_sigma, OIII4959w_1_sigma)         = -0.5816
    C(HeII4687_br_1_scale, HeII4687_br_1_dwave) = -0.5464
    C(Hb_na_1_sigma, OIII4959c_1_scale)         = +0.5204
    C(HeII4687_br_1_scale, HeII4687_br_1_sigma) = +0.3846
    C(OIII4959w_1_scale, OIII4959w_1_sigma)     = +0.3510
    C(Hb_na_1_dwave, OIII4959w_1_scale)         = +0.3400
    C(Hb_na_1_dwave, OIII4959w_1_sigma)         = -0.2991
    C(HeII4687_br_1_scale, HeII4687_na_1_scale) = -0.2782
    C(Hb_br_2_dwave, Hb_na_1_scale)             = +0.2570
    C(Hb_br_1_sigma, Hb_na_1_scale)             = +0.2570
    C(Hb_br_2_scale, Hb_na_1_scale)             = -0.2568
    C(Hb_br_1_scale, Hb_na_1_scale)             = +0.2568
    C(Hb_br_2_sigma, Hb_na_1_scale)             = +0.2566
    C(Hb_br_1_dwave, Hb_na_1_scale)             = +0.2565
    C(Hb_br_1_dwave, HeII4687_br_1_dwave)       = -0.1792
    C(Hb_br_2_sigma, HeII4687_br_1_dwave)       = -0.1790
    C(Hb_br_1_scale, HeII4687_br_1_dwave)       = -0.1788
    C(Hb_br_2_scale, HeII4687_br_1_dwave)       = +0.1788
    C(Hb_br_1_sigma, HeII4687_br_1_dwave)       = -0.1786
    C(Hb_br_2_dwave, HeII4687_br_1_dwave)       = -0.1784
    C(Hb_na_1_dwave, Hb_na_1_sigma)             = -0.1457
    C(HeII4687_br_1_dwave, HeII4687_na_1_scale) = +0.1431
    C(HeII4687_br_1_sigma, HeII4687_na_1_scale) = -0.1026
Name                Value      Min      Max   Stderr     Vary     Expr Brute_Step
Ha_br_1_dwave           0   -0.015    0.015     None     True     None     None
Ha_br_1_scale           0        0    1e+10     None     True     None     None
Ha_br_1_sigma       0.005    0.004     0.05     None     True     None     None
Ha_br_2_dwave           0   -0.015    0.015     None     True     None     None
Ha_br_2_scale           0        0    1e+10     None     True     None     None
Ha_br_2_sigma       0.005    0.004     0.05     None     True     None     None
Ha_na_1_dwave           0    -0.01     0.01     None     True     None     None
Ha_na_1_scale           0        0    1e+10     None     True     None     None
Ha_na_1_sigma       0.001   0.0005  0.00169     None     True     None     None
NII6549_1_dwave         0   -0.005    0.005     None    False Ha_na_1_dwave     None
NII6549_1_scale         0        0    1e+10     None     True     None     None
NII6549_1_sigma     0.001  0.00023  0.00169     None    False Ha_na_1_sigma     None
NII6585_1_dwave         0   -0.005    0.005     None    False Ha_na_1_dwave     None
NII6585_1_scale         0        0    1e+10     None    False 3.0 * NII6549_1_scale     None
NII6585_1_sigma     0.001  0.00023  0.00169     None    False Ha_na_1_sigma     None
SII6718_1_dwave         0   -0.005    0.005     None    False Ha_na_1_dwave     None
SII6718_1_scale         0        0    1e+10     None     True     None     None
SII6718_1_sigma     0.001  0.00023  0.00169     None    False Ha_na_1_sigma     None
SII6732_1_dwave         0   -0.005    0.005     None    False Ha_na_1_dwave     None
SII6732_1_scale         0        0    1e+10     None    False 1.0 * SII6718_1_scale     None
SII6732_1_sigma     0.001  0.00023  0.00169     None    False Ha_na_1_sigma     None
Fitting complex Ha
Fit report
[[Variables]]
    Ha_br_1_scale:    12.6863109 (init = 0)
    Ha_br_1_dwave:    0.00276672 (init = 0)
    Ha_br_1_sigma:    0.01369922 (init = 0.005)
    Ha_br_2_scale:    66.4590444 (init = 0)
    Ha_br_2_dwave:    0.00184780 (init = 0)
    Ha_br_2_sigma:    0.00400000 (init = 0.005)
    Ha_na_1_scale:    0.15421386 (init = 0)
    Ha_na_1_dwave:   -0.00311775 (init = 0)
    Ha_na_1_sigma:    0.00169000 (init = 0.001)
    NII6549_1_scale:  8.92804775 (init = 0)
    NII6549_1_dwave: -0.00311775 == 'Ha_na_1_dwave'
    NII6549_1_sigma:  0.00169000 == 'Ha_na_1_sigma'
    NII6585_1_scale:  26.7841432 == '3.0 * NII6549_1_scale'
    NII6585_1_dwave: -0.00311775 == 'Ha_na_1_dwave'
    NII6585_1_sigma:  0.00169000 == 'Ha_na_1_sigma'
    SII6718_1_scale:  0.00241807 (init = 0)
    SII6718_1_dwave: -0.00311775 == 'Ha_na_1_dwave'
    SII6718_1_sigma:  0.00169000 == 'Ha_na_1_sigma'
    SII6732_1_scale:  0.00241807 == '1.0 * SII6718_1_scale'
    SII6732_1_dwave: -0.00311775 == 'Ha_na_1_dwave'
    SII6732_1_sigma:  0.00169000 == 'Ha_na_1_sigma'
Saving figure as ./result.pdf
Fitting finished in 539.4s
wrote pyqsofit_model.csv
['ra' 'dec' 'plateid' 'MJD' 'fiberid' 'redshift' 'SN_ratio_conti'
 'Fe_uv_norm' 'Fe_uv_norm_err' 'Fe_uv_FWHM' 'Fe_uv_FWHM_err' 'Fe_uv_shift'
 'Fe_uv_shift_err' 'Fe_op_norm' 'Fe_op_norm_err' 'Fe_op_FWHM'
 'Fe_op_FWHM_err' 'Fe_op_shift' 'Fe_op_shift_err' 'PL_norm' 'PL_norm_err'
 'PL_slope' 'PL_slope_err' 'Blamer_norm' 'Blamer_norm_err' 'Balmer_Te'
 'Balmer_Te_err' 'Balmer_Tau' 'Balmer_Tau_err' 'conti_a_0' 'conti_a_0_err'
 'conti_a_1' 'conti_a_1_err' 'conti_a_2' 'conti_a_2_err' 'L1350'
 'L1350_err' 'L1450' 'L1450_err' 'L3000' 'L3000_err' 'L4200' 'L4200_err'
 'L5100' 'L5100_err' 'Fe_flux_4435_4685' 'Fe_flux_4435_4685_err']

['-999' '-999' '0' '0' '0' '0.17511339485645294' '32.390285300713984'
 '2.834520951289221' '0.05620905962899769' '9058.458513418278'
 '207.34658522508016' '0.009999999776174263' '0.0' '4.658813890223712'
 '0.056816140681092975' '10575.906828030804' '95.46061777878276'
 '0.009999999773706705' '0.00015039805652901036' '95.71334225189077'
 '0.32482937450950544' '-3.7284696928897247' '0.026721843726899897' '0.0'
 '0.0' '15000.0' '0.0' '0.5' '0.0' '11327.006136182688' '297.259619327539'
 '-1.6226398086042102' '0.12332180813275667' '4.006846193566966e-05'
 '1.2468527962962875e-05' '-1.0' '-1.0' '-1.0' '-1.0' '-1.0' '-1.0'
 '44.14226418241905' '0.0010997862651436208' '44.12028272146993'
 '0.0013033906315449428' '1708.8691314539428' '23.71792890861275']
['Hb_br_1_scale' 'Hb_br_1_scale_err' 'Hb_br_1_centerwave'
 'Hb_br_1_centerwave_err' 'Hb_br_1_sigma' 'Hb_br_1_sigma_err'
 'Hb_br_2_scale' 'Hb_br_2_scale_err' 'Hb_br_2_centerwave'
 'Hb_br_2_centerwave_err' 'Hb_br_2_sigma' 'Hb_br_2_sigma_err'
 'Hb_na_1_scale' 'Hb_na_1_scale_err' 'Hb_na_1_centerwave'
 'Hb_na_1_centerwave_err' 'Hb_na_1_sigma' 'Hb_na_1_sigma_err'
 'OIII4959c_1_scale' 'OIII4959c_1_scale_err' 'OIII4959c_1_centerwave'
 'OIII4959c_1_centerwave_err' 'OIII4959c_1_sigma' 'OIII4959c_1_sigma_err'
 'OIII5007c_1_scale' 'OIII5007c_1_scale_err' 'OIII5007c_1_centerwave'
 'OIII5007c_1_centerwave_err' 'OIII5007c_1_sigma' 'OIII5007c_1_sigma_err'
 'OIII4959w_1_scale' 'OIII4959w_1_scale_err' 'OIII4959w_1_centerwave'
 'OIII4959w_1_centerwave_err' 'OIII4959w_1_sigma' 'OIII4959w_1_sigma_err'
 'OIII5007w_1_scale' 'OIII5007w_1_scale_err' 'OIII5007w_1_centerwave'
 'OIII5007w_1_centerwave_err' 'OIII5007w_1_sigma' 'OIII5007w_1_sigma_err'
 'HeII4687_br_1_scale' 'HeII4687_br_1_scale_err'
 'HeII4687_br_1_centerwave' 'HeII4687_br_1_centerwave_err'
 'HeII4687_br_1_sigma' 'HeII4687_br_1_sigma_err' 'HeII4687_na_1_scale'
 'HeII4687_na_1_scale_err' 'HeII4687_na_1_centerwave'
 'HeII4687_na_1_centerwave_err' 'HeII4687_na_1_sigma'
 'HeII4687_na_1_sigma_err' 'Ha_br_1_scale' 'Ha_br_1_scale_err'
 'Ha_br_1_centerwave' 'Ha_br_1_centerwave_err' 'Ha_br_1_sigma'
 'Ha_br_1_sigma_err' 'Ha_br_2_scale' 'Ha_br_2_scale_err'
 'Ha_br_2_centerwave' 'Ha_br_2_centerwave_err' 'Ha_br_2_sigma'
 'Ha_br_2_sigma_err' 'Ha_na_1_scale' 'Ha_na_1_scale_err'
 'Ha_na_1_centerwave' 'Ha_na_1_centerwave_err' 'Ha_na_1_sigma'
 'Ha_na_1_sigma_err' 'NII6549_1_scale' 'NII6549_1_scale_err'
 'NII6549_1_centerwave' 'NII6549_1_centerwave_err' 'NII6549_1_sigma'
 'NII6549_1_sigma_err' 'NII6585_1_scale' 'NII6585_1_scale_err'
 'NII6585_1_centerwave' 'NII6585_1_centerwave_err' 'NII6585_1_sigma'
 'NII6585_1_sigma_err' 'SII6718_1_scale' 'SII6718_1_scale_err'
 'SII6718_1_centerwave' 'SII6718_1_centerwave_err' 'SII6718_1_sigma'
 'SII6718_1_sigma_err' 'SII6732_1_scale' 'SII6732_1_scale_err'
 'SII6732_1_centerwave' 'SII6732_1_centerwave_err' 'SII6732_1_sigma'
 'SII6732_1_sigma_err']

[1.54513241e+01 1.06753318e+01 8.48918224e+00 6.53669344e-04
 4.71397678e-03 5.72983375e-03 1.54513263e+01 1.08132593e+01
 8.48918471e+00 9.82145642e-04 4.71845808e-03 5.63713520e-03
 1.10107479e-01 2.20111773e-01 8.48314047e+00 9.20612156e-05
 5.33294216e-04 5.51591392e-05 1.07077586e+01 3.77691800e-01
 8.50272513e+00 9.20612156e-05 5.33294216e-04 5.51591392e-05
 3.24477529e+01 1.14452060e+00 8.51841021e+00 9.20612156e-05
 5.33294216e-04 5.51591392e-05 3.38894857e+00 1.09538064e+00
 8.50143352e+00 6.63239964e-04 1.26195096e-03 1.48045691e-03
 1.02695410e+01 3.31933525e+00 8.51711861e+00 6.63239964e-04
 1.26195096e-03 1.48045691e-03 4.78931617e+00 4.66553307e-01
 8.45169143e+00 1.86313050e-03 4.58791844e-02 1.73375489e-02
 2.28955244e+00 6.28696872e-01 8.45212222e+00 9.20612156e-05
 5.33294216e-04 5.51591392e-05 1.26863109e+01 2.72062727e+01
 8.79023277e+00 4.80319432e-04 1.36992181e-02 4.85173208e-03
 6.64590444e+01 2.74528049e+01 8.78931385e+00 4.96891012e-04
 4.00000019e-03 4.88052574e-03 1.54213864e-01 1.33226763e-07
 8.78434830e+00 1.95236307e-04 1.68999995e-03 0.00000000e+00
 8.92804775e+00 5.52651536e-01 8.78407936e+00 1.95236307e-04
 1.68999995e-03 0.00000000e+00 2.67841432e+01 1.65795461e+00
 8.78947430e+00 1.95236307e-04 1.68999995e-03 0.00000000e+00
 2.41806575e-03 1.55946234e-01 8.80947094e+00 1.95236307e-04
 1.68999995e-03 0.00000000e+00 2.41806575e-03 1.55946234e-01
 8.81160908e+00 1.95236307e-04 1.68999995e-03 0.00000000e+00]
['Hb_br_1_scale' 'Hb_br_1_centerwave' 'Hb_br_1_sigma' 'Hb_br_2_scale'
 'Hb_br_2_centerwave' 'Hb_br_2_sigma' 'Hb_na_1_scale' 'Hb_na_1_centerwave'
 'Hb_na_1_sigma' 'OIII4959c_1_scale' 'OIII4959c_1_centerwave'
 'OIII4959c_1_sigma' 'OIII5007c_1_scale' 'OIII5007c_1_centerwave'
 'OIII5007c_1_sigma' 'OIII4959w_1_scale' 'OIII4959w_1_centerwave'
 'OIII4959w_1_sigma' 'OIII5007w_1_scale' 'OIII5007w_1_centerwave'
 'OIII5007w_1_sigma' 'HeII4687_br_1_scale' 'HeII4687_br_1_centerwave'
 'HeII4687_br_1_sigma' 'HeII4687_na_1_scale' 'HeII4687_na_1_centerwave'
 'HeII4687_na_1_sigma' 'Ha_br_1_scale' 'Ha_br_1_centerwave'
 'Ha_br_1_sigma' 'Ha_br_2_scale' 'Ha_br_2_centerwave' 'Ha_br_2_sigma'
 'Ha_na_1_scale' 'Ha_na_1_centerwave' 'Ha_na_1_sigma' 'NII6549_1_scale'
 'NII6549_1_centerwave' 'NII6549_1_sigma' 'NII6585_1_scale'
 'NII6585_1_centerwave' 'NII6585_1_sigma' 'SII6718_1_scale'
 'SII6718_1_centerwave' 'SII6718_1_sigma' 'SII6732_1_scale'
 'SII6732_1_centerwave' 'SII6732_1_sigma']

[[2.84561408e+01 8.48900591e+00 4.00000019e-03 ... 2.89102076e-03
  8.81147973e+00 1.68999995e-03]
 [2.85780921e+01 8.48905701e+00 4.04549104e-03 ... 7.00395297e-02
  8.81156835e+00 1.68999995e-03]
 [2.91067509e+01 8.48897222e+00 4.06998193e-03 ... 6.09101658e-02
  8.81175680e+00 1.68999995e-03]
 ...
 [7.50905615e+00 8.48964173e+00 1.42693606e-02 ... 3.08100212e-01
  8.81178705e+00 1.68999995e-03]
 [2.80690049e+01 8.48899014e+00 4.00388697e-03 ... 6.20448137e-03
  8.81162645e+00 1.68999995e-03]
 [2.83524221e+01 8.48895936e+00 4.00000019e-03 ... 6.16673379e-03
  8.81157773e+00 1.68999995e-03]]
(50, 48)
['1_complex_name' '1_line_status' '1_line_min_chi2' '1_line_bic'
 '1_line_red_chi2' '1_niter' '1_ndof' '2_complex_name' '2_line_status'
 '2_line_min_chi2' '2_line_bic' '2_line_red_chi2' '2_niter' '2_ndof'
 'Hb_br_1_scale' 'Hb_br_1_scale_err' 'Hb_br_1_centerwave'
 'Hb_br_1_centerwave_err' 'Hb_br_1_sigma' 'Hb_br_1_sigma_err'
 'Hb_br_2_scale' 'Hb_br_2_scale_err' 'Hb_br_2_centerwave'
 'Hb_br_2_centerwave_err' 'Hb_br_2_sigma' 'Hb_br_2_sigma_err'
 'Hb_na_1_scale' 'Hb_na_1_scale_err' 'Hb_na_1_centerwave'
 'Hb_na_1_centerwave_err' 'Hb_na_1_sigma' 'Hb_na_1_sigma_err'
 'OIII4959c_1_scale' 'OIII4959c_1_scale_err' 'OIII4959c_1_centerwave'
 'OIII4959c_1_centerwave_err' 'OIII4959c_1_sigma' 'OIII4959c_1_sigma_err'
 'OIII5007c_1_scale' 'OIII5007c_1_scale_err' 'OIII5007c_1_centerwave'
 'OIII5007c_1_centerwave_err' 'OIII5007c_1_sigma' 'OIII5007c_1_sigma_err'
 'OIII4959w_1_scale' 'OIII4959w_1_scale_err' 'OIII4959w_1_centerwave'
 'OIII4959w_1_centerwave_err' 'OIII4959w_1_sigma' 'OIII4959w_1_sigma_err'
 'OIII5007w_1_scale' 'OIII5007w_1_scale_err' 'OIII5007w_1_centerwave'
 'OIII5007w_1_centerwave_err' 'OIII5007w_1_sigma' 'OIII5007w_1_sigma_err'
 'HeII4687_br_1_scale' 'HeII4687_br_1_scale_err'
 'HeII4687_br_1_centerwave' 'HeII4687_br_1_centerwave_err'
 'HeII4687_br_1_sigma' 'HeII4687_br_1_sigma_err' 'HeII4687_na_1_scale'
 'HeII4687_na_1_scale_err' 'HeII4687_na_1_centerwave'
 'HeII4687_na_1_centerwave_err' 'HeII4687_na_1_sigma'
 'HeII4687_na_1_sigma_err' 'Ha_br_1_scale' 'Ha_br_1_scale_err'
 'Ha_br_1_centerwave' 'Ha_br_1_centerwave_err' 'Ha_br_1_sigma'
 'Ha_br_1_sigma_err' 'Ha_br_2_scale' 'Ha_br_2_scale_err'
 'Ha_br_2_centerwave' 'Ha_br_2_centerwave_err' 'Ha_br_2_sigma'
 'Ha_br_2_sigma_err' 'Ha_na_1_scale' 'Ha_na_1_scale_err'
 'Ha_na_1_centerwave' 'Ha_na_1_centerwave_err' 'Ha_na_1_sigma'
 'Ha_na_1_sigma_err' 'NII6549_1_scale' 'NII6549_1_scale_err'
 'NII6549_1_centerwave' 'NII6549_1_centerwave_err' 'NII6549_1_sigma'
 'NII6549_1_sigma_err' 'NII6585_1_scale' 'NII6585_1_scale_err'
 'NII6585_1_centerwave' 'NII6585_1_centerwave_err' 'NII6585_1_sigma'
 'NII6585_1_sigma_err' 'SII6718_1_scale' 'SII6718_1_scale_err'
 'SII6718_1_centerwave' 'SII6718_1_centerwave_err' 'SII6718_1_sigma'
 'SII6718_1_sigma_err' 'SII6732_1_scale' 'SII6732_1_scale_err'
 'SII6732_1_centerwave' 'SII6732_1_centerwave_err' 'SII6732_1_sigma'
 'SII6732_1_sigma_err' 'Hb_whole_br_fwhm' 'Hb_whole_br_fwhm_err'
 'Hb_whole_br_sigma' 'Hb_whole_br_sigma_err' 'Hb_whole_br_ew'
 'Hb_whole_br_ew_err' 'Hb_whole_br_peak' 'Hb_whole_br_peak_err'
 'Hb_whole_br_area' 'Hb_whole_br_area_err' 'Hb_whole_br_snr'
 'Hb_whole_br_snr_err' 'Ha_whole_br_fwhm' 'Ha_whole_br_fwhm_err'
 'Ha_whole_br_sigma' 'Ha_whole_br_sigma_err' 'Ha_whole_br_ew'
 'Ha_whole_br_ew_err' 'Ha_whole_br_peak' 'Ha_whole_br_peak_err'
 'Ha_whole_br_area' 'Ha_whole_br_area_err' 'Ha_whole_br_snr'
 'Ha_whole_br_snr_err']

['Hb' '1' '2928.4665983833625' '909.3725378084182' '7.432656341074524'
 '326' '394' 'Ha' '1' '1225.565827224313' '466.05171582837346'
 '4.863356457239337' '2010' '252' '15.451324109072573' '10.67533179632818'
 '8.489182241513886' '0.0006536693436078878' '0.0047139767813929'
 '0.00572983374916383' '15.451326329518622' '10.813259287978383'
 '8.489184711500384' '0.0009821456418714902' '0.004718458080411279'
 '0.005637135200314581' '0.11010747869022453' '0.22011177325254014'
 '8.483140472234428' '9.206121558325009e-05' '0.0005332942162085735'
 '5.5159139184099296e-05' '10.707758568706538' '0.37769180005753356'
 '8.502725127996147' '9.206121558325009e-05' '0.0005332942162085735'
 '5.5159139184099296e-05' '32.44775292905877' '1.1445205953199498'
 '8.51841020947808' '9.206121558325009e-05' '0.0005332942162085735'
 '5.5159139184099296e-05' '3.3889485662186303' '1.095380641746857'
 '8.501433523811812' '0.0006632399639627806' '0.001261950964549284'
 '0.0014804569086015141' '10.269541011815448' '3.3193352463651307'
 '8.517118605293746' '0.0006632399639627806' '0.001261950964549284'
 '0.0014804569086015141' '4.789316165876301' '0.4665533070991046'
 '8.451691430371456' '0.0018631304954084271' '0.04587918437617601'
 '0.01733754890959964' '2.2895524365296183' '0.6286968723401287'
 '8.452122215093315' '9.206121558325009e-05' '0.0005332942162085735'
 '5.5159139184099296e-05' '12.686310890686059' '27.206272701363332'
 '8.790232770533436' '0.0004803194322366977' '0.013699218100088156'
 '0.004851732083573956' '66.45904437885264' '27.452804940431008'
 '8.789313852909187' '0.0004968910121680992' '0.004000000190691786'
 '0.004880525739370671' '0.15421386390102043' '1.3322676295501878e-07'
 '8.784348297758882' '0.00019523630682183324' '0.0016899999463930726'
 '0.0' '8.928047745548895' '0.5526515356457651' '8.784079361601655'
 '0.00019523630682183324' '0.0016899999463930726' '0.0'
 '26.784143236646685' '1.6579546069372952' '8.789474297209566'
 '0.00019523630682183324' '0.0016899999463930726' '0.0'
 '0.002418065747633591' '0.15594623370418498' '8.809470940275972'
 '0.00019523630682183324' '0.0016899999463930726' '0.0'
 '0.002418065747633591' '0.15594623370418498' '8.811609078093355'
 '0.00019523630682183324' '0.0016899999463930726' '0.0'
 '3620.967092266971' '147.06960877618872' '11353.759668033277'
 '2438.1235789587868' '134.57858407836477' '12.151819897832404'
 '4861.198610369456' '0.40352347300176916' '4351.16574342033'
 '414.8246777814213' '19.416215716832934' '1.8902166941274707'
 '3172.9302559154403' '9.041919713758489' '2725.040743879415'
 '35.45116754923606' '270.3967358934186' '2.2010857752103448'
 '6564.439422268001' '0.6194578965501023' '7228.329769915856'
 '59.09437172559956' '78.4088697674791' '1.7874138037577794']
Broad Hb:
FWHM (km/s) 3348.9
Sigma (km/s) 1402.9
EW (A) 56.2
Peak (A) 4861.3
Area (10^(-17) erg/s/cm^2) 1771.4
SNR 9.1

Narrow Hb:
FWHM (km/s) 376.5
Sigma (km/s) 157.4
EW (A) 0.0
Peak (A) 4832.6
Area (10^(-17) erg/s/cm^2) 0.7
SNR 0.0

Broad [OIII]5007:
FWHM (km/s) 0
Sigma (km/s) 0
EW (A) 0
Peak (A) 0
Area (10^(-17) erg/s/cm^2) 0
SNR 0

Narrow [OIII]5007:
FWHM (km/s) 376.5
Sigma (km/s) 157.4
EW (A) 7.0
Peak (A) 5006.1
Area (10^(-17) erg/s/cm^2) 216.4
SNR 6.8
