my_sdss.fits
[0.60939574 0.60939574 0.60939574 ... 0.60939574 0.60939574 0.60939574]
Directory  my_sdss  Created 
global my_sdss/
Directory  output/  already exists
stati 639104.6785660404
1 iter stat:  787.819979868611
2 iter stat:  352.990240642961
3 iter stat:  227.69326255843043
4 iter stat:  168.73412075915257
5 iter stat:  157.78816877490317
6 iter stat:  424.70179342747724
7 iter stat:  603.2410973897349
8 iter stat:  922.005956124427
9 iter stat:  1953.361525087792
10 iter stat:  2830.970179800046
fit ok
./output/my_sdss_model.csv
brokenpowerlaw + OIIIb5007_br + OIIIa4959_br + OIIIb5007_na + OIIIa4959_na + NII6583_na + NII6548_na + HBeta4863_br + HAlpha6565_br + HBeta4863_na + HAlpha6565_na + feii
   Param        Type          Value          Min          Max      Units
   -----        ----          -----          ---          ---      -----
   brokenpowerlaw.refer thawed         5400         5400         7000  angstroms
   brokenpowerlaw.ampl thawed      23.2023      21.5319      23.7985  angstroms
   brokenpowerlaw.index1 thawed    -0.757624           -3            0           
   brokenpowerlaw.index2 thawed      0.31702           -1            1           
   OIIIb5007_br.ampl thawed           50            0           50           
   OIIIb5007_br.pos frozen       5006.8            0  3.40282e+38  angstroms
   OIIIb5007_br.offs_kms thawed     -11.2341        -1500          500       km/s
   OIIIb5007_br.fwhm thawed          700          700         6000       km/s
   OIIIa4959_br.ampl linked      16.6667 expr: OIIIb5007_br.ampl / 3.0           
   OIIIa4959_br.pos frozen       4958.9            0  3.40282e+38  angstroms
   OIIIa4959_br.offs_kms linked     -11.2341 expr: OIIIb5007_br.offs_kms       km/s
   OIIIa4959_br.fwhm linked          700  expr: OIIIb5007_br.fwhm       km/s
   OIIIb5007_na.ampl thawed            0            0           50           
   OIIIb5007_na.pos frozen       5006.8            0  3.40282e+38  angstroms
   OIIIb5007_na.offs_kms thawed      496.507        -1500          500       km/s
   OIIIb5007_na.fwhm thawed          100          100         1500       km/s
   OIIIa4959_na.ampl linked            0 expr: OIIIb5007_na.ampl / 3.0           
   OIIIa4959_na.pos frozen       4958.9            0  3.40282e+38  angstroms
   OIIIa4959_na.offs_kms linked      496.507 expr: OIIIb5007_na.offs_kms       km/s
   OIIIa4959_na.fwhm linked          100  expr: OIIIb5007_na.fwhm       km/s
   NII6583_na.ampl thawed            0            0           50           
   NII6583_na.pos frozen      6583.46            0  3.40282e+38  angstroms
   NII6583_na.offs_kms linked      496.507 expr: OIIIb5007_na.offs_kms       km/s
   NII6583_na.fwhm linked          100  expr: OIIIb5007_na.fwhm       km/s
   NII6548_na.ampl linked            0 expr: NII6583_na.ampl / 3.0           
   NII6548_na.pos frozen      6548.05            0  3.40282e+38  angstroms
   NII6548_na.offs_kms linked      496.507 expr: OIIIb5007_na.offs_kms       km/s
   NII6548_na.fwhm linked          100  expr: OIIIb5007_na.fwhm       km/s
   HBeta4863_br.ampl thawed      13.7613            0           50           
   HBeta4863_br.pos frozen      4862.68            0  3.40282e+38  angstroms
   HBeta4863_br.offs_kms thawed     -303.348        -1500          500       km/s
   HBeta4863_br.fwhm thawed      4885.13          700         6000       km/s
   HAlpha6565_br.ampl thawed      47.3753            0           50           
   HAlpha6565_br.pos frozen       6564.6            0  3.40282e+38  angstroms
   HAlpha6565_br.offs_kms thawed     -104.085        -1500          500       km/s
   HAlpha6565_br.fwhm thawed      4305.05          700         6000       km/s
   HBeta4863_na.ampl thawed      23.4171            0           50           
   HBeta4863_na.pos frozen      4862.68            0  3.40282e+38  angstroms
   HBeta4863_na.offs_kms thawed     -78.5366        -1500          500       km/s
   HBeta4863_na.fwhm thawed       375.13          100         1500       km/s
   HAlpha6565_na.ampl thawed            0            0           50           
   HAlpha6565_na.pos frozen       6564.6            0  3.40282e+38  angstroms
   HAlpha6565_na.offs_kms thawed        -1500        -1500          500       km/s
   HAlpha6565_na.fwhm thawed          100          100         1500       km/s
   feii.amp_a2D2 thawed            0            0         1000           
   feii.amp_a4G thawed     0.394824            0         1000           
   feii.amp_a4H thawed            0            0         1000           
   feii.amp_a6S thawed      13.7129            0         1000           
   feii.amp_b2H thawed     0.173897            0         1000           
   feii.amp_b4D thawed     0.179309            0         1000           
   feii.amp_b4F thawed     0.829428            0         1000           
   feii.amp_b4P thawed            0            0         1000           
   feii.amp_e4D thawed            0            0         1000           
   feii.amp_z4D thawed      5.54284            0         1000           
   feii.amp_z4F thawed      6.02303            0         1000           
   feii.amp_z4P thawed            0            0         1000           
   feii.amp_y4G thawed            0            0         1000           
   feii.amp_b4G thawed   0.00901905            0         1000           
   feii.amp_x4D thawed      2.69843            0         1000           
   feii.amp_y4P thawed            0            0         1000           
   feii.offs_kms thawed      -735.49         -800          800           
   feii.fwhm    thawed      391.213          300         6000           
mcmc ok
